[0.011s][info][gc,heap] Heap region size: 1M
[0.011s][debug][gc,heap] Minimum heap 8388608  Initial heap 134217728  Maximum heap 2147483648
[0.012s][debug][gc     ] ConcGCThreads: 1 offset 8
[0.012s][debug][gc     ] ParallelGCThreads: 4
[0.012s][debug][gc     ] Initialize mark stack with 4096 chunks, maximum 16384
[0.012s][debug][gc,ergo,heap] Expand the heap. requested expansion amount: 134217728B expansion amount: 134217728B
[0.014s][debug][gc,ihop     ] Target occupancy update: old: 0B, new: 134217728B
[0.014s][debug][gc,ergo,refine] Initial Refinement Zones: green: 4, yellow: 12, red: 20, min yellow size: 8
[0.014s][info ][gc            ] Using G1
[0.014s][info ][gc,heap,coops ] Heap address: 0x0000000780000000, size: 2048 MB, Compressed Oops mode: Zero based, Oop shift amount: 3
[10.437s][debug][gc,heap       ] GC(0) Heap before GC invocations=0 (full 0): garbage-first heap   total 131072K, used 14336K [0x0000000780000000, 0x0000000800000000)
[10.437s][debug][gc,heap       ] GC(0)   region size 1024K, 14 young (14336K), 0 survivors (0K)
[10.437s][debug][gc,heap       ] GC(0)  Metaspace       used 13033K, capacity 13469K, committed 13568K, reserved 1060864K
[10.437s][debug][gc,heap       ] GC(0)   class space    used 1345K, capacity 1504K, committed 1536K, reserved 1048576K
[10.437s][info ][gc,start      ] GC(0) Pause Young (Normal) (G1 Evacuation Pause)
[10.438s][info ][gc,task       ] GC(0) Using 3 workers of 4 for evacuation
[10.438s][debug][gc,tlab       ] GC(0) TLAB totals: thrds: 11  refills: 69 max: 26 slow allocs: 1 max 1 waste: 12.9% gc: 1845600B max: 293512B slow: 40424B max: 18144B fast: 0B max: 0B
[10.438s][debug][gc,alloc,region] GC(0) Mutator Allocation stats, regions: 14, wasted size: 0B ( 0.0%)
[10.438s][debug][gc,age         ] GC(0) Desired survivor size 1048576 bytes, new threshold 15 (max threshold 15)
[10.438s][debug][gc,ergo,cset   ] GC(0) Finish choosing CSet. old: 0 regions, predicted old region time: 0.00ms, time remaining: 0.00
[10.438s][debug][gc,task,stats  ] GC(0) GC Termination Stats
[10.438s][debug][gc,task,stats  ] GC(0)      elapsed  --strong roots-- -------termination------- ------waste (KiB)------
[10.438s][debug][gc,task,stats  ] GC(0) thr     ms        ms      %        ms      %    attempts  total   alloc    undo
[10.438s][debug][gc,task,stats  ] GC(0) --- --------- --------- ------ --------- ------ -------- ------- ------- -------
[10.450s][debug][gc,task,stats  ] GC(0)   0     11.29      4.41  39.05      0.01   0.05        4      11      11       0
[10.450s][debug][gc,task,stats  ] GC(0)   2     11.49     10.47  91.08      0.01   0.13       11      16      16       0
[10.450s][debug][gc,task,stats  ] GC(0)   1     11.64      4.08  35.04      0.02   0.19       14      11      11       0
[10.450s][debug][gc,ergo        ] GC(0) Running G1 Clear Card Table Task using 1 workers for 1 units of work for 14 regions.
[10.450s][debug][gc,ref         ] GC(0) Skipped phase1 of Reference Processing due to unavailable references
[10.450s][debug][gc,ref         ] GC(0) Skipped phase3 of Reference Processing due to unavailable references
[10.451s][debug][gc,ergo        ] GC(0) Running G1 Free Collection Set using 1 workers for collection set length 14
[10.451s][debug][gc,plab        ] GC(0) Young PLAB allocation: allocated: 1860656B, wasted: 8720B, unused: 0B, used: 1851936B, undo waste: 0B, 
[10.451s][debug][gc,plab        ] GC(0) Young other allocation: region end waste: 0B, regions filled: 2, direct allocated: 236496B, failure used: 0B, failure wasted: 0B
[10.451s][debug][gc,plab        ] GC(0) Young sizing: calculated: 370384B, actual: 370384B
[10.451s][debug][gc,plab        ] GC(0) Old PLAB allocation: allocated: 2758504B, wasted: 31392B, unused: 5080B, used: 2722032B, undo waste: 0B, 
[10.451s][debug][gc,plab        ] GC(0) Old other allocation: region end waste: 0B, regions filled: 3, direct allocated: 85976B, failure used: 0B, failure wasted: 0B
[10.451s][debug][gc,plab        ] GC(0) Old sizing: calculated: 544400B, actual: 544400B
[10.451s][debug][gc,alloc,stats ] Old generation allocation in the last mutator period, old gen allocated: 2758504B, humongous allocated: 0B,old gen growth: 2758504B.
[10.451s][debug][gc,ihop        ] GC(0) Basic information (value update), threshold: 60397977B (45.00), target occupancy: 134217728B, current occupancy: 4941824B, recent allocation size: 2758504B, recent allocation duration: 10426.52ms, recent old gen allocation rate: 264566.03B/s, recent marking phase length: 0.00ms
[10.451s][debug][gc,ihop        ] GC(0) Adaptive IHOP information (value update), threshold: 60397977B (47.37), internal target occupancy: 127506841B, occupancy: 4941824B, additional buffer size: 79691776B, predicted old gen allocation rate: 529132.06B/s, predicted marking phase length: 0.00ms, prediction active: false
[10.451s][debug][gc,ergo,refine ] GC(0) Updated Refinement Zones: green: 4, yellow: 12, red: 20
[10.451s][info ][gc,phases      ] GC(0)   Pre Evacuate Collection Set: 0.0ms
[10.451s][debug][gc,phases      ] GC(0)     Prepare TLABs: 0.1ms
[10.451s][debug][gc,phases      ] GC(0)     Choose Collection Set: 0.0ms
[10.451s][debug][gc,phases      ] GC(0)     Humongous Register: 0.0ms
[10.451s][info ][gc,phases      ] GC(0)   Evacuate Collection Set: 11.9ms
[10.451s][debug][gc,refine      ] Activated worker 0, on threshold: 6, current: 7
[10.451s][debug][gc,phases      ] GC(0)     Ext Root Scanning (ms):   Min:  0.9, Avg:  1.5, Max:  1.8, Diff:  0.9, Sum:  4.4, Workers: 3
[10.451s][debug][gc,phases      ] GC(0)     Update RS (ms):           Min:  0.0, Avg:  0.0, Max:  0.0, Diff:  0.0, Sum:  0.0, Workers: 3
[10.451s][debug][gc,phases      ] GC(0)       Processed Buffers:        Min: 0, Avg:  0.0, Max: 0, Diff: 0, Sum: 0, Workers: 3
[10.451s][debug][gc,phases      ] GC(0)       Scanned Cards:            Min: 0, Avg:  0.0, Max: 0, Diff: 0, Sum: 0, Workers: 3
[10.451s][debug][gc,phases      ] GC(0)       Skipped Cards:            Min: 0, Avg:  0.0, Max: 0, Diff: 0, Sum: 0, Workers: 3
[10.451s][debug][gc,phases      ] GC(0)     Scan RS (ms):             Min:  0.0, Avg:  0.0, Max:  0.0, Diff:  0.0, Sum:  0.0, Workers: 3
[10.451s][debug][gc,phases      ] GC(0)       Scanned Cards:            Min: 0, Avg:  0.0, Max: 0, Diff: 0, Sum: 0, Workers: 3
[10.451s][debug][gc,phases      ] GC(0)       Claimed Cards:            Min: 0, Avg:  0.0, Max: 0, Diff: 0, Sum: 0, Workers: 3
[10.451s][debug][gc,phases      ] GC(0)       Skipped Cards:            Min: 0, Avg:  0.0, Max: 0, Diff: 0, Sum: 0, Workers: 3
[10.451s][debug][gc,phases      ] GC(0)     Code Root Scanning (ms):  Min:  0.0, Avg:  0.2, Max:  0.6, Diff:  0.6, Sum:  0.7, Workers: 3
[10.451s][debug][gc,phases      ] GC(0)     JVMCI Root Scan (ms):     skipped
[10.451s][debug][gc,phases      ] GC(0)     Object Copy (ms):         Min:  9.4, Avg:  9.5, Max:  9.8, Diff:  0.4, Sum: 28.6, Workers: 3
[10.451s][debug][gc,phases      ] GC(0)     Termination (ms):         Min:  0.0, Avg:  0.0, Max:  0.0, Diff:  0.0, Sum:  0.0, Workers: 3
[10.452s][debug][gc,phases      ] GC(0)       Termination Attempts:     Min: 4, Avg:  9.7, Max: 14, Diff: 10, Sum: 29, Workers: 3
[10.452s][debug][gc,phases      ] GC(0)     GC Worker Other (ms):     Min:  0.2, Avg:  0.3, Max:  0.5, Diff:  0.3, Sum:  1.0, Workers: 3
[10.452s][debug][gc,phases      ] GC(0)     GC Worker Total (ms):     Min: 11.5, Avg: 11.6, Max: 11.8, Diff:  0.3, Sum: 34.9, Workers: 3
[10.452s][info ][gc,phases      ] GC(0)   Post Evacuate Collection Set: 0.9ms
[10.452s][debug][gc,phases      ] GC(0)     Code Roots Fixup: 0.1ms
[10.452s][debug][gc,phases      ] GC(0)     Clear Card Table: 0.1ms
[10.452s][debug][gc,phases      ] GC(0)     Reference Processing: 0.3ms
[10.452s][debug][gc,phases,ref  ] GC(0)       Reconsider SoftReferences: 0.0ms
[10.452s][debug][gc,phases,ref  ] GC(0)         SoftRef (ms):             skipped
[10.452s][debug][gc,phases,ref  ] GC(0)       Notify Soft/WeakReferences: 0.2ms
[10.452s][debug][gc,phases,ref  ] GC(0)         SoftRef (ms):             Min:  0.0, Avg:  0.0, Max:  0.0, Diff:  0.0, Sum:  0.0, Workers: 1
[10.452s][debug][gc,phases,ref  ] GC(0)         WeakRef (ms):             Min:  0.2, Avg:  0.2, Max:  0.2, Diff:  0.0, Sum:  0.2, Workers: 1
[10.452s][debug][gc,phases,ref  ] GC(0)         FinalRef (ms):            Min:  0.0, Avg:  0.0, Max:  0.0, Diff:  0.0, Sum:  0.0, Workers: 1
[10.452s][debug][gc,phases,ref  ] GC(0)         Total (ms):               Min:  0.2, Avg:  0.2, Max:  0.2, Diff:  0.0, Sum:  0.2, Workers: 1
[10.452s][debug][gc,phases,ref  ] GC(0)       Notify and keep alive finalizable: 0.0ms
[10.452s][debug][gc,phases,ref  ] GC(0)         FinalRef (ms):            skipped
[10.452s][debug][gc,phases,ref  ] GC(0)       Notify PhantomReferences: 0.0ms
[10.452s][debug][gc,phases,ref  ] GC(0)         PhantomRef (ms):          Min:  0.0, Avg:  0.0, Max:  0.0, Diff:  0.0, Sum:  0.0, Workers: 1
[10.452s][debug][gc,phases,ref  ] GC(0)       SoftReference:
[10.452s][debug][gc,phases,ref  ] GC(0)         Discovered: 0
[10.452s][debug][gc,phases,ref  ] GC(0)         Cleared: 0
[10.452s][debug][gc,phases,ref  ] GC(0)       WeakReference:
[10.452s][debug][gc,phases,ref  ] GC(0)         Discovered: 806
[10.452s][debug][gc,phases,ref  ] GC(0)         Cleared: 586
[10.452s][debug][gc,phases,ref  ] GC(0)       FinalReference:
[10.452s][debug][gc,phases,ref  ] GC(0)         Discovered: 0
[10.452s][debug][gc,phases,ref  ] GC(0)         Cleared: 0
[10.452s][debug][gc,phases,ref  ] GC(0)       PhantomReference:
[10.452s][debug][gc,phases,ref  ] GC(0)         Discovered: 130
[10.452s][debug][gc,phases,ref  ] GC(0)         Cleared: 6
[10.452s][debug][gc,phases      ] GC(0)     Weak Processing: 0.2ms
[10.452s][debug][gc,phases      ] GC(0)     Merge Per-Thread State: 0.0ms
[10.452s][debug][gc,phases      ] GC(0)     Code Roots Purge: 0.0ms
[10.452s][debug][gc,phases      ] GC(0)     Redirty Cards: 0.0ms
[10.452s][debug][gc,phases      ] GC(0)     DerivedPointerTable Update: 0.0ms
[10.452s][debug][gc,phases      ] GC(0)     Free Collection Set: 0.1ms
[10.452s][debug][gc,phases      ] GC(0)     Humongous Reclaim: 0.0ms
[10.452s][debug][gc,phases      ] GC(0)     Start New Collection Set: 0.0ms
[10.452s][debug][gc,phases      ] GC(0)     Resize TLABs: 0.0ms
[10.452s][debug][gc,phases      ] GC(0)     Expand Heap After Collection: 0.0ms
[10.452s][info ][gc,phases      ] GC(0)   Other: 1.3ms
[10.452s][info ][gc,heap        ] GC(0) Eden regions: 14->0(74)
[10.452s][info ][gc,heap        ] GC(0) Survivor regions: 0->2(2)
[10.452s][info ][gc,heap        ] GC(0) Old regions: 0->3
[10.452s][info ][gc,heap        ] GC(0) Humongous regions: 0->0
[10.452s][info ][gc,metaspace   ] GC(0) Metaspace: 13033K->13033K(1060864K)
[10.452s][debug][gc,heap        ] GC(0) Heap after GC invocations=1 (full 0): garbage-first heap   total 131072K, used 4826K [0x0000000780000000, 0x0000000800000000)
[10.452s][debug][gc,heap        ] GC(0)   region size 1024K, 2 young (2048K), 2 survivors (2048K)
[10.452s][debug][gc,heap        ] GC(0)  Metaspace       used 13033K, capacity 13469K, committed 13568K, reserved 1060864K
[10.452s][debug][gc,heap        ] GC(0)   class space    used 1345K, capacity 1504K, committed 1536K, reserved 1048576K
[10.452s][info ][gc             ] GC(0) Pause Young (Normal) (G1 Evacuation Pause) 14M->4M(128M) 14.982ms
[10.452s][info ][gc,cpu         ] GC(0) User=0.03s Sys=0.00s Real=0.01s
[10.454s][debug][gc,refine      ] Deactivated worker 0, off threshold: 4, current: 4, processed: 3
[10.470s][debug][gc,refine      ] Activated worker 0, on threshold: 6, current: 8
[10.471s][debug][gc,refine      ] Deactivated worker 0, off threshold: 4, current: 4, processed: 4
[10.480s][debug][gc,refine      ] Activated worker 0, on threshold: 6, current: 6
[10.480s][debug][gc,refine      ] Deactivated worker 0, off threshold: 4, current: 4, processed: 2
[10.582s][debug][gc,refine      ] Activated worker 0, on threshold: 6, current: 10
[10.583s][debug][gc,refine      ] Activated worker 1, on threshold: 8, current: 9
[10.584s][debug][gc,refine      ] Deactivated worker 1, off threshold: 6, current: 5, processed: 2
[10.584s][debug][gc,refine      ] Deactivated worker 0, off threshold: 4, current: 4, processed: 4
[10.595s][debug][gc,refine      ] Activated worker 0, on threshold: 6, current: 8
[10.595s][debug][gc,refine      ] Deactivated worker 0, off threshold: 4, current: 4, processed: 4
[10.608s][debug][gc,refine      ] Activated worker 0, on threshold: 6, current: 6
[10.608s][debug][gc,refine      ] Deactivated worker 0, off threshold: 4, current: 4, processed: 2
[10.609s][debug][gc,refine      ] Activated worker 0, on threshold: 6, current: 10
[10.609s][debug][gc,refine      ] Activated worker 1, on threshold: 8, current: 9
[10.610s][debug][gc,refine      ] Deactivated worker 1, off threshold: 6, current: 5, processed: 2
[10.611s][debug][gc,refine      ] Deactivated worker 0, off threshold: 4, current: 4, processed: 4
[10.718s][debug][gc,heap        ] GC(1) Heap before GC invocations=1 (full 0): garbage-first heap   total 131072K, used 32474K [0x0000000780000000, 0x0000000800000000)
[10.718s][debug][gc,heap        ] GC(1)   region size 1024K, 23 young (23552K), 2 survivors (2048K)
[10.718s][debug][gc,heap        ] GC(1)  Metaspace       used 13052K, capacity 13479K, committed 13568K, reserved 1060864K
[10.718s][debug][gc,heap        ] GC(1)   class space    used 1346K, capacity 1505K, committed 1536K, reserved 1048576K
[10.718s][info ][gc,start       ] GC(1) Pause Young (Normal) (G1 Evacuation Pause)
[10.718s][info ][gc,task        ] GC(1) Using 3 workers of 4 for evacuation
[10.718s][debug][gc,tlab        ] GC(1) TLAB totals: thrds: 5  refills: 63 max: 59 slow allocs: 6 max 6 waste:  6.9% gc: 1451872B max: 522032B slow: 34760B max: 34760B fast: 0B max: 0B
[10.718s][debug][gc,alloc,region] GC(1) Mutator Allocation stats, regions: 21, wasted size: 0B ( 0.0%)
[10.718s][debug][gc,age         ] GC(1) Desired survivor size 1572864 bytes, new threshold 1 (max threshold 15)
[10.718s][debug][gc,ergo,cset   ] GC(1) Finish choosing CSet. old: 0 regions, predicted old region time: 0.00ms, time remaining: 0.00
[10.718s][debug][gc,task,stats  ] GC(1) GC Termination Stats
[10.718s][debug][gc,task,stats  ] GC(1)      elapsed  --strong roots-- -------termination------- ------waste (KiB)------
[10.718s][debug][gc,task,stats  ] GC(1) thr     ms        ms      %        ms      %    attempts  total   alloc    undo
[10.718s][debug][gc,task,stats  ] GC(1) --- --------- --------- ------ --------- ------ -------- ------- ------- -------
[10.718s][debug][gc,refine      ] Activated worker 0, on threshold: 6, current: 6
[10.763s][debug][gc,task,stats  ] GC(1)   0     44.97     44.00  97.85      0.00   0.00        1       1       1       0
[10.763s][debug][gc,task,stats  ] GC(1)   2     45.06     43.10  95.64      0.01   0.01        3       1       1       0
[10.763s][debug][gc,task,stats  ] GC(1)   1     45.09     43.34  96.12      0.00   0.01        1       0       0       0
[10.764s][debug][gc,ergo        ] GC(1) Running G1 Clear Card Table Task using 1 workers for 1 units of work for 29 regions.
[10.764s][debug][gc,ref         ] GC(1) Skipped phase1 of Reference Processing due to unavailable references
[10.764s][debug][gc,ref         ] GC(1) Skipped phase2 of Reference Processing due to unavailable references
[10.764s][debug][gc,ref         ] GC(1) Skipped phase3 of Reference Processing due to unavailable references
[10.764s][debug][gc,ref         ] GC(1) Skipped phase4 of Reference Processing due to unavailable references
[10.764s][debug][gc,ergo        ] GC(1) Running G1 Free Collection Set using 1 workers for collection set length 23
[10.764s][debug][gc,humongous   ] GC(1) Live humongous region 3 object size 524304 start 0x0000000780300000  with remset 0 code roots 0 is marked 0 reclaim candidate 0 type array 0
[10.764s][debug][gc,humongous   ] GC(1) Live humongous region 4 object size 1048592 start 0x0000000780400000  with remset 0 code roots 0 is marked 0 reclaim candidate 0 type array 0
[10.764s][debug][gc,humongous   ] GC(1) Live humongous region 6 object size 524304 start 0x0000000780600000  with remset 0 code roots 0 is marked 0 reclaim candidate 0 type array 0
[10.764s][debug][gc,humongous   ] GC(1) Live humongous region 7 object size 1048592 start 0x0000000780700000  with remset 0 code roots 0 is marked 0 reclaim candidate 0 type array 0
[10.764s][debug][gc,plab        ] GC(1) Young PLAB allocation: allocated: 3145728B, wasted: 832B, unused: 0B, used: 3144896B, undo waste: 0B, 
[10.764s][debug][gc,plab        ] GC(1) Young other allocation: region end waste: 0B, regions filled: 3, direct allocated: 0B, failure used: 0B, failure wasted: 0B
[10.764s][debug][gc,plab        ] GC(1) Young sizing: calculated: 628976B, actual: 564328B
[10.764s][debug][gc,plab        ] GC(1) Old PLAB allocation: allocated: 18671240B, wasted: 2448B, unused: 301488B, used: 18367304B, undo waste: 0B, 
[10.764s][debug][gc,plab        ] GC(1) Old other allocation: region end waste: 0B, regions filled: 19, direct allocated: 0B, failure used: 0B, failure wasted: 0B
[10.764s][debug][gc,plab        ] GC(1) Old sizing: calculated: 3673456B, actual: 2891184B
[10.764s][debug][gc,alloc,stats ] Old generation allocation in the last mutator period, old gen allocated: 18671240B, humongous allocated: 6291456B,old gen growth: 24962696B.
[10.764s][debug][gc,ihop        ] GC(1) Basic information (value update), threshold: 60397977B (45.00), target occupancy: 134217728B, current occupancy: 30953472B, recent allocation size: 24962696B, recent allocation duration: 267.13ms, recent old gen allocation rate: 93448874.83B/s, recent marking phase length: 0.00ms
[10.764s][debug][gc,ihop        ] GC(1) Adaptive IHOP information (value update), threshold: 60397977B (47.37), internal target occupancy: 127506841B, occupancy: 30953472B, additional buffer size: 18874368B, predicted old gen allocation rate: 14821187.80B/s, predicted marking phase length: 0.00ms, prediction active: false
[10.764s][debug][gc,ergo,refine ] GC(1) Updated Refinement Zones: green: 5, yellow: 15, red: 25
[10.764s][info ][gc,phases      ] GC(1)   Pre Evacuate Collection Set: 0.0ms
[10.764s][debug][gc,phases      ] GC(1)     Prepare TLABs: 0.0ms
[10.764s][debug][gc,phases      ] GC(1)     Choose Collection Set: 0.0ms
[10.764s][debug][gc,phases      ] GC(1)     Humongous Register: 0.0ms
[10.764s][info ][gc,phases      ] GC(1)   Evacuate Collection Set: 45.2ms
[10.764s][debug][gc,phases      ] GC(1)     Ext Root Scanning (ms):   Min:  0.4, Avg:  0.7, Max:  1.1, Diff:  0.7, Sum:  2.1, Workers: 3
[10.764s][debug][gc,phases      ] GC(1)     Update RS (ms):           Min:  0.3, Avg:  0.4, Max:  0.4, Diff:  0.1, Sum:  1.1, Workers: 3
[10.764s][debug][gc,phases      ] GC(1)       Processed Buffers:        Min: 1, Avg:  2.0, Max: 3, Diff: 2, Sum: 6, Workers: 3
[10.764s][debug][gc,phases      ] GC(1)       Scanned Cards:            Min: 256, Avg: 343.0, Max: 512, Diff: 256, Sum: 1029, Workers: 3
[10.764s][debug][gc,phases      ] GC(1)       Skipped Cards:            Min: 0, Avg:  0.0, Max: 0, Diff: 0, Sum: 0, Workers: 3
[10.764s][debug][gc,phases      ] GC(1)     Scan RS (ms):             Min:  1.4, Avg:  2.5, Max:  4.6, Diff:  3.2, Sum:  7.5, Workers: 3
[10.764s][debug][gc,phases      ] GC(1)       Scanned Cards:            Min: 466, Avg: 949.7, Max: 1846, Diff: 1380, Sum: 2849, Workers: 3
[10.764s][debug][gc,phases      ] GC(1)       Claimed Cards:            Min: 472, Avg: 1158.7, Max: 2462, Diff: 1990, Sum: 3476, Workers: 3
[10.764s][debug][gc,phases      ] GC(1)       Skipped Cards:            Min: 16, Avg: 99.7, Max: 155, Diff: 139, Sum: 299, Workers: 3
[10.764s][debug][gc,phases      ] GC(1)     Code Root Scanning (ms):  Min:  0.0, Avg:  0.6, Max:  1.9, Diff:  1.9, Sum:  1.9, Workers: 3
[10.764s][debug][gc,phases      ] GC(1)     JVMCI Root Scan (ms):     skipped
[10.764s][debug][gc,phases      ] GC(1)     Object Copy (ms):         Min: 37.0, Avg: 40.7, Max: 42.7, Diff:  5.7, Sum: 122.2, Workers: 3
[10.764s][debug][gc,phases      ] GC(1)     Termination (ms):         Min:  0.0, Avg:  0.0, Max:  0.0, Diff:  0.0, Sum:  0.0, Workers: 3
[10.764s][debug][gc,phases      ] GC(1)       Termination Attempts:     Min: 1, Avg:  1.7, Max: 3, Diff: 2, Sum: 5, Workers: 3
[10.764s][debug][gc,phases      ] GC(1)     GC Worker Other (ms):     Min:  0.1, Avg:  0.1, Max:  0.2, Diff:  0.1, Sum:  0.4, Workers: 3
[10.764s][debug][gc,phases      ] GC(1)     GC Worker Total (ms):     Min: 45.1, Avg: 45.1, Max: 45.1, Diff:  0.0, Sum: 135.3, Workers: 3
[10.764s][info ][gc,phases      ] GC(1)   Post Evacuate Collection Set: 0.5ms
[10.765s][debug][gc,phases      ] GC(1)     Code Roots Fixup: 0.0ms
[10.765s][debug][gc,phases      ] GC(1)     Clear Card Table: 0.0ms
[10.765s][debug][gc,phases      ] GC(1)     Reference Processing: 0.0ms
[10.765s][debug][gc,phases,ref  ] GC(1)       Reconsider SoftReferences: 0.0ms
[10.765s][debug][gc,phases,ref  ] GC(1)         SoftRef (ms):             skipped
[10.765s][debug][gc,phases,ref  ] GC(1)       Notify Soft/WeakReferences: 0.0ms
[10.765s][debug][gc,phases,ref  ] GC(1)         SoftRef (ms):             skipped
[10.765s][debug][gc,phases,ref  ] GC(1)         WeakRef (ms):             skipped
[10.765s][debug][gc,phases,ref  ] GC(1)         FinalRef (ms):            skipped
[10.765s][debug][gc,phases,ref  ] GC(1)         Total (ms):               skipped
[10.765s][debug][gc,phases,ref  ] GC(1)       Notify and keep alive finalizable: 0.0ms
[10.765s][debug][gc,phases,ref  ] GC(1)         FinalRef (ms):            skipped
[10.765s][debug][gc,phases,ref  ] GC(1)       Notify PhantomReferences: 0.0ms
[10.765s][debug][gc,phases,ref  ] GC(1)         PhantomRef (ms):          skipped
[10.765s][debug][gc,phases,ref  ] GC(1)       SoftReference:
[10.765s][debug][gc,phases,ref  ] GC(1)         Discovered: 0
[10.765s][debug][gc,phases,ref  ] GC(1)         Cleared: 0
[10.765s][debug][gc,phases,ref  ] GC(1)       WeakReference:
[10.765s][debug][gc,phases,ref  ] GC(1)         Discovered: 0
[10.765s][debug][gc,phases,ref  ] GC(1)         Cleared: 0
[10.765s][debug][gc,phases,ref  ] GC(1)       FinalReference:
[10.765s][debug][gc,phases,ref  ] GC(1)         Discovered: 0
[10.765s][debug][gc,phases,ref  ] GC(1)         Cleared: 0
[10.765s][debug][gc,phases,ref  ] GC(1)       PhantomReference:
[10.765s][debug][gc,phases,ref  ] GC(1)         Discovered: 0
[10.765s][debug][gc,phases,ref  ] GC(1)         Cleared: 0
[10.765s][debug][gc,phases      ] GC(1)     Weak Processing: 0.1ms
[10.765s][debug][gc,phases      ] GC(1)     Merge Per-Thread State: 0.0ms
[10.765s][debug][gc,phases      ] GC(1)     Code Roots Purge: 0.0ms
[10.765s][debug][gc,phases      ] GC(1)     Redirty Cards: 0.0ms
[10.765s][debug][gc,phases      ] GC(1)     DerivedPointerTable Update: 0.0ms
[10.765s][debug][gc,phases      ] GC(1)     Free Collection Set: 0.1ms
[10.765s][debug][gc,phases      ] GC(1)     Humongous Reclaim: 0.1ms
[10.765s][debug][gc,phases      ] GC(1)     Start New Collection Set: 0.0ms
[10.765s][debug][gc,phases      ] GC(1)     Resize TLABs: 0.0ms
[10.765s][debug][gc,phases      ] GC(1)     Expand Heap After Collection: 0.0ms
[10.765s][info ][gc,phases      ] GC(1)   Other: 0.5ms
[10.765s][info ][gc,heap        ] GC(1) Eden regions: 21->0(15)
[10.765s][info ][gc,heap        ] GC(1) Survivor regions: 2->3(3)
[10.765s][info ][gc,heap        ] GC(1) Old regions: 3->21
[10.765s][info ][gc,heap        ] GC(1) Humongous regions: 6->6
[10.765s][info ][gc,metaspace   ] GC(1) Metaspace: 13052K->13052K(1060864K)
[10.765s][debug][gc,heap        ] GC(1) Heap after GC invocations=2 (full 0): garbage-first heap   total 131072K, used 30228K [0x0000000780000000, 0x0000000800000000)
[10.765s][debug][gc,heap        ] GC(1)   region size 1024K, 3 young (3072K), 3 survivors (3072K)
[10.765s][debug][gc,heap        ] GC(1)  Metaspace       used 13052K, capacity 13479K, committed 13568K, reserved 1060864K
[10.765s][debug][gc,heap        ] GC(1)   class space    used 1346K, capacity 1505K, committed 1536K, reserved 1048576K
[10.765s][info ][gc             ] GC(1) Pause Young (Normal) (G1 Evacuation Pause) 31M->29M(128M) 46.847ms
[10.765s][info ][gc,cpu         ] GC(1) User=0.10s Sys=0.02s Real=0.05s
[10.765s][debug][gc,refine      ] Deactivated worker 0, off threshold: 5, current: 3, processed: 0
[10.769s][debug][gc,refine      ] Activated worker 0, on threshold: 7, current: 7
[10.770s][debug][gc,refine      ] Deactivated worker 0, off threshold: 5, current: 5, processed: 2
[10.774s][debug][gc,refine      ] Activated worker 0, on threshold: 7, current: 7
[10.774s][debug][gc,refine      ] Activated worker 1, on threshold: 10, current: 10
[10.774s][debug][gc,refine      ] Deactivated worker 1, off threshold: 7, current: 7, processed: 1
[10.776s][debug][gc,refine      ] Deactivated worker 0, off threshold: 5, current: 5, processed: 7
[10.882s][debug][gc,refine      ] Activated worker 0, on threshold: 7, current: 9
[10.882s][debug][gc,heap        ] GC(2) Heap before GC invocations=2 (full 0): garbage-first heap   total 131072K, used 48660K [0x0000000780000000, 0x0000000800000000)
[10.883s][debug][gc,heap        ] GC(2)   region size 1024K, 18 young (18432K), 3 survivors (3072K)
[10.883s][debug][gc,heap        ] GC(2)  Metaspace       used 13052K, capacity 13479K, committed 13568K, reserved 1060864K
[10.883s][debug][gc,heap        ] GC(2)   class space    used 1346K, capacity 1505K, committed 1536K, reserved 1048576K
[10.883s][info ][gc,start       ] GC(2) Pause Young (Normal) (G1 Evacuation Pause)
[10.883s][info ][gc,task        ] GC(2) Using 3 workers of 4 for evacuation
[10.883s][debug][gc,tlab        ] GC(2) TLAB totals: thrds: 1  refills: 84 max: 84 slow allocs: 8 max 8 waste:  0.3% gc: 0B max: 0B slow: 48936B max: 48936B fast: 0B max: 0B
[10.883s][debug][gc,alloc,region] GC(2) Mutator Allocation stats, regions: 15, wasted size: 0B ( 0.0%)
[10.883s][debug][gc,age         ] GC(2) Desired survivor size 1572864 bytes, new threshold 1 (max threshold 15)
[10.883s][debug][gc,ergo,cset   ] GC(2) Finish choosing CSet. old: 0 regions, predicted old region time: 0.00ms, time remaining: 0.00
[10.883s][debug][gc,task,stats  ] GC(2) GC Termination Stats
[10.883s][debug][gc,task,stats  ] GC(2)      elapsed  --strong roots-- -------termination------- ------waste (KiB)------
[10.883s][debug][gc,task,stats  ] GC(2) thr     ms        ms      %        ms      %    attempts  total   alloc    undo
[10.883s][debug][gc,task,stats  ] GC(2) --- --------- --------- ------ --------- ------ -------- ------- ------- -------
[10.913s][debug][gc,task,stats  ] GC(2)   0     29.64     27.79  93.78      0.00   0.00        1       0       0       0
[10.913s][debug][gc,task,stats  ] GC(2)   2     29.79     27.66  92.84      0.00   0.01        1       0       0       0
[10.913s][debug][gc,task,stats  ] GC(2)   1     29.86     29.61  99.17      0.00   0.01        1       0       0       0
[10.913s][debug][gc,ergo        ] GC(2) Running G1 Clear Card Table Task using 1 workers for 1 units of work for 27 regions.
[10.913s][debug][gc,ref         ] GC(2) Skipped phase1 of Reference Processing due to unavailable references
[10.913s][debug][gc,ref         ] GC(2) Skipped phase2 of Reference Processing due to unavailable references
[10.913s][debug][gc,ref         ] GC(2) Skipped phase3 of Reference Processing due to unavailable references
[10.913s][debug][gc,ref         ] GC(2) Skipped phase4 of Reference Processing due to unavailable references
[10.913s][debug][gc,ergo        ] GC(2) Running G1 Free Collection Set using 1 workers for collection set length 18
[10.913s][debug][gc,humongous   ] GC(2) Live humongous region 3 object size 524304 start 0x0000000780300000  with remset 0 code roots 0 is marked 0 reclaim candidate 0 type array 0
[10.913s][debug][gc,humongous   ] GC(2) Live humongous region 4 object size 1048592 start 0x0000000780400000  with remset 0 code roots 0 is marked 0 reclaim candidate 0 type array 0
[10.913s][debug][gc,humongous   ] GC(2) Live humongous region 6 object size 524304 start 0x0000000780600000  with remset 0 code roots 0 is marked 0 reclaim candidate 0 type array 0
[10.913s][debug][gc,humongous   ] GC(2) Live humongous region 7 object size 1048592 start 0x0000000780700000  with remset 0 code roots 0 is marked 0 reclaim candidate 0 type array 0
[10.913s][debug][gc,humongous   ] GC(2) Live humongous region 27 object size 524304 start 0x0000000781b00000  with remset 0 code roots 0 is marked 0 reclaim candidate 0 type array 0
[10.913s][debug][gc,humongous   ] GC(2) Live humongous region 28 object size 1048592 start 0x0000000781c00000  with remset 0 code roots 0 is marked 0 reclaim candidate 0 type array 0
[10.913s][debug][gc,humongous   ] GC(2) Live humongous region 30 object size 524304 start 0x0000000781e00000  with remset 0 code roots 0 is marked 0 reclaim candidate 0 type array 0
[10.913s][debug][gc,plab        ] GC(2) Young PLAB allocation: allocated: 3145728B, wasted: 480B, unused: 0B, used: 3145248B, undo waste: 0B, 
[10.913s][debug][gc,plab        ] GC(2) Young other allocation: region end waste: 0B, regions filled: 3, direct allocated: 0B, failure used: 0B, failure wasted: 0B
[10.913s][debug][gc,plab        ] GC(2) Young sizing: calculated: 629048B, actual: 612864B
[10.913s][debug][gc,plab        ] GC(2) Old PLAB allocation: allocated: 15183872B, wasted: 672B, unused: 487128B, used: 14696072B, undo waste: 0B, 
[10.913s][debug][gc,plab        ] GC(2) Old other allocation: region end waste: 0B, regions filled: 15, direct allocated: 0B, failure used: 0B, failure wasted: 0B
[10.913s][debug][gc,plab        ] GC(2) Old sizing: calculated: 2939208B, actual: 2927200B
[10.913s][debug][gc,alloc,stats ] Old generation allocation in the last mutator period, old gen allocated: 15183872B, humongous allocated: 4194304B,old gen growth: 19378176B.
[10.913s][debug][gc,ihop        ] GC(2) Basic information (value update), threshold: 60397977B (45.00), target occupancy: 134217728B, current occupancy: 50331648B, recent allocation size: 19378176B, recent allocation duration: 118.64ms, recent old gen allocation rate: 163335965.44B/s, recent marking phase length: 0.00ms
[10.913s][debug][gc,ihop        ] GC(2) Adaptive IHOP information (value update), threshold: 60397977B (47.37), internal target occupancy: 127506841B, occupancy: 50331648B, additional buffer size: 23068672B, predicted old gen allocation rate: 32239161.75B/s, predicted marking phase length: 0.00ms, prediction active: false
[10.913s][debug][gc,ergo,refine ] GC(2) Updated Refinement Zones: green: 6, yellow: 18, red: 30
[10.913s][info ][gc,phases      ] GC(2)   Pre Evacuate Collection Set: 0.0ms
[10.913s][debug][gc,phases      ] GC(2)     Prepare TLABs: 0.0ms
[10.913s][debug][gc,phases      ] GC(2)     Choose Collection Set: 0.0ms
[10.913s][debug][gc,phases      ] GC(2)     Humongous Register: 0.0ms
[10.913s][info ][gc,phases      ] GC(2)   Evacuate Collection Set: 30.0ms
[10.913s][debug][gc,phases      ] GC(2)     Ext Root Scanning (ms):   Min:  0.1, Avg:  0.1, Max:  0.2, Diff:  0.1, Sum:  0.4, Workers: 3
[10.913s][debug][gc,phases      ] GC(2)     Update RS (ms):           Min:  0.6, Avg:  0.9, Max:  1.0, Diff:  0.4, Sum:  2.6, Workers: 3
[10.913s][debug][gc,phases      ] GC(2)       Processed Buffers:        Min: 2, Avg:  3.3, Max: 4, Diff: 2, Sum: 10, Workers: 3
[10.913s][debug][gc,phases      ] GC(2)       Scanned Cards:            Min: 512, Avg: 769.0, Max: 1024, Diff: 512, Sum: 2307, Workers: 3
[10.913s][debug][gc,phases      ] GC(2)       Skipped Cards:            Min: 0, Avg:  0.0, Max: 0, Diff: 0, Sum: 0, Workers: 3
[10.914s][debug][gc,phases      ] GC(2)     Scan RS (ms):             Min:  0.6, Avg:  0.8, Max:  1.4, Diff:  0.8, Sum:  2.5, Workers: 3
[10.914s][debug][gc,phases      ] GC(2)       Scanned Cards:            Min: 220, Avg: 316.3, Max: 424, Diff: 204, Sum: 949, Workers: 3
[10.914s][debug][gc,phases      ] GC(2)       Claimed Cards:            Min: 223, Avg: 321.0, Max: 432, Diff: 209, Sum: 963, Workers: 3
[10.914s][debug][gc,phases      ] GC(2)       Skipped Cards:            Min: 140, Avg: 185.7, Max: 222, Diff: 82, Sum: 557, Workers: 3
[10.914s][debug][gc,phases      ] GC(2)     Code Root Scanning (ms):  Min:  0.0, Avg:  0.0, Max:  0.0, Diff:  0.0, Sum:  0.0, Workers: 3
[10.914s][debug][gc,phases      ] GC(2)     JVMCI Root Scan (ms):     skipped
[10.914s][debug][gc,phases      ] GC(2)     Object Copy (ms):         Min: 27.4, Avg: 27.7, Max: 27.9, Diff:  0.5, Sum: 83.2, Workers: 3
[10.914s][debug][gc,phases      ] GC(2)     Termination (ms):         Min:  0.0, Avg:  0.0, Max:  0.0, Diff:  0.0, Sum:  0.0, Workers: 3
[10.914s][debug][gc,phases      ] GC(2)       Termination Attempts:     Min: 1, Avg:  1.0, Max: 1, Diff: 0, Sum: 3, Workers: 3
[10.914s][debug][gc,phases      ] GC(2)     GC Worker Other (ms):     Min:  0.2, Avg:  0.2, Max:  0.3, Diff:  0.0, Sum:  0.7, Workers: 3
[10.914s][debug][gc,phases      ] GC(2)     GC Worker Total (ms):     Min: 29.8, Avg: 29.8, Max: 29.9, Diff:  0.1, Sum: 89.5, Workers: 3
[10.914s][info ][gc,phases      ] GC(2)   Post Evacuate Collection Set: 0.3ms
[10.914s][debug][gc,phases      ] GC(2)     Code Roots Fixup: 0.0ms
[10.914s][debug][gc,phases      ] GC(2)     Clear Card Table: 0.0ms
[10.914s][debug][gc,phases      ] GC(2)     Reference Processing: 0.0ms
[10.914s][debug][gc,phases,ref  ] GC(2)       Reconsider SoftReferences: 0.0ms
[10.914s][debug][gc,phases,ref  ] GC(2)         SoftRef (ms):             skipped
[10.914s][debug][gc,phases,ref  ] GC(2)       Notify Soft/WeakReferences: 0.0ms
[10.914s][debug][gc,phases,ref  ] GC(2)         SoftRef (ms):             skipped
[10.914s][debug][gc,phases,ref  ] GC(2)         WeakRef (ms):             skipped
[10.914s][debug][gc,phases,ref  ] GC(2)         FinalRef (ms):            skipped
[10.914s][debug][gc,phases,ref  ] GC(2)         Total (ms):               skipped
[10.914s][debug][gc,phases,ref  ] GC(2)       Notify and keep alive finalizable: 0.0ms
[10.914s][debug][gc,phases,ref  ] GC(2)         FinalRef (ms):            skipped
[10.914s][debug][gc,phases,ref  ] GC(2)       Notify PhantomReferences: 0.0ms
[10.914s][debug][gc,phases,ref  ] GC(2)         PhantomRef (ms):          skipped
[10.914s][debug][gc,phases,ref  ] GC(2)       SoftReference:
[10.914s][debug][gc,phases,ref  ] GC(2)         Discovered: 0
[10.914s][debug][gc,phases,ref  ] GC(2)         Cleared: 0
[10.914s][debug][gc,phases,ref  ] GC(2)       WeakReference:
[10.914s][debug][gc,phases,ref  ] GC(2)         Discovered: 0
[10.914s][debug][gc,phases,ref  ] GC(2)         Cleared: 0
[10.914s][debug][gc,phases,ref  ] GC(2)       FinalReference:
[10.914s][debug][gc,phases,ref  ] GC(2)         Discovered: 0
[10.914s][debug][gc,phases,ref  ] GC(2)         Cleared: 0
[10.914s][debug][gc,phases,ref  ] GC(2)       PhantomReference:
[10.914s][debug][gc,phases,ref  ] GC(2)         Discovered: 0
[10.914s][debug][gc,phases,ref  ] GC(2)         Cleared: 0
[10.914s][debug][gc,phases      ] GC(2)     Weak Processing: 0.0ms
[10.914s][debug][gc,phases      ] GC(2)     Merge Per-Thread State: 0.0ms
[10.914s][debug][gc,phases      ] GC(2)     Code Roots Purge: 0.0ms
[10.914s][debug][gc,phases      ] GC(2)     Redirty Cards: 0.0ms
[10.914s][debug][gc,phases      ] GC(2)     DerivedPointerTable Update: 0.0ms
[10.914s][debug][gc,phases      ] GC(2)     Free Collection Set: 0.0ms
[10.914s][debug][gc,phases      ] GC(2)     Humongous Reclaim: 0.1ms
[10.914s][debug][gc,phases      ] GC(2)     Start New Collection Set: 0.0ms
[10.914s][debug][gc,phases      ] GC(2)     Resize TLABs: 0.0ms
[10.914s][debug][gc,phases      ] GC(2)     Expand Heap After Collection: 0.0ms
[10.914s][info ][gc,phases      ] GC(2)   Other: 0.4ms
[10.914s][info ][gc,heap        ] GC(2) Eden regions: 15->0(19)
[10.914s][info ][gc,heap        ] GC(2) Survivor regions: 3->3(3)
[10.914s][info ][gc,heap        ] GC(2) Old regions: 21->35
[10.914s][info ][gc,heap        ] GC(2) Humongous regions: 10->10
[10.914s][info ][gc,metaspace   ] GC(2) Metaspace: 13052K->13052K(1060864K)
[10.914s][debug][gc,heap        ] GC(2) Heap after GC invocations=3 (full 0): garbage-first heap   total 131072K, used 49152K [0x0000000780000000, 0x0000000800000000)
[10.914s][debug][gc,heap        ] GC(2)   region size 1024K, 3 young (3072K), 3 survivors (3072K)
[10.914s][debug][gc,heap        ] GC(2)  Metaspace       used 13052K, capacity 13479K, committed 13568K, reserved 1060864K
[10.914s][debug][gc,heap        ] GC(2)   class space    used 1346K, capacity 1505K, committed 1536K, reserved 1048576K
[10.914s][info ][gc             ] GC(2) Pause Young (Normal) (G1 Evacuation Pause) 48M->48M(128M) 31.576ms
[10.914s][info ][gc,cpu         ] GC(2) User=0.08s Sys=0.01s Real=0.04s
[10.914s][debug][gc,refine      ] Deactivated worker 0, off threshold: 6, current: 3, processed: 0
[10.920s][debug][gc,refine      ] Activated worker 0, on threshold: 8, current: 12
[10.921s][debug][gc,refine      ] Deactivated worker 0, off threshold: 6, current: 6, processed: 6
[11.028s][debug][gc,refine      ] Activated worker 0, on threshold: 8, current: 8
[11.030s][debug][gc,refine      ] Deactivated worker 0, off threshold: 6, current: 6, processed: 4
[11.034s][debug][gc,refine      ] Activated worker 0, on threshold: 8, current: 8
[11.035s][debug][gc,refine      ] Deactivated worker 0, off threshold: 6, current: 6, processed: 2
[11.036s][debug][gc,refine      ] Activated worker 0, on threshold: 8, current: 12
[11.038s][debug][gc,refine      ] Deactivated worker 0, off threshold: 6, current: 6, processed: 6
[11.145s][debug][gc,heap        ] GC(3) Heap before GC invocations=3 (full 0): garbage-first heap   total 131072K, used 73728K [0x0000000780000000, 0x0000000800000000)
[11.145s][debug][gc,heap        ] GC(3)   region size 1024K, 22 young (22528K), 3 survivors (3072K)
[11.145s][debug][gc,heap        ] GC(3)  Metaspace       used 13052K, capacity 13479K, committed 13568K, reserved 1060864K
[11.145s][debug][gc,heap        ] GC(3)   class space    used 1346K, capacity 1505K, committed 1536K, reserved 1048576K
[11.145s][info ][gc,start       ] GC(3) Pause Young (Normal) (G1 Evacuation Pause)
[11.145s][info ][gc,task        ] GC(3) Using 3 workers of 4 for evacuation
[11.145s][debug][gc,tlab        ] GC(3) TLAB totals: thrds: 1  refills: 93 max: 93 slow allocs: 5 max 5 waste:  0.3% gc: 0B max: 0B slow: 59056B max: 59056B fast: 0B max: 0B
[11.145s][debug][gc,alloc,region] GC(3) Mutator Allocation stats, regions: 19, wasted size: 0B ( 0.0%)
[11.145s][debug][gc,age         ] GC(3) Desired survivor size 1572864 bytes, new threshold 1 (max threshold 15)
[11.145s][debug][gc,ergo,cset   ] GC(3) Finish choosing CSet. old: 0 regions, predicted old region time: 0.00ms, time remaining: 0.00
[11.145s][debug][gc,task,stats  ] GC(3) GC Termination Stats
[11.145s][debug][gc,task,stats  ] GC(3)      elapsed  --strong roots-- -------termination------- ------waste (KiB)------
[11.145s][debug][gc,task,stats  ] GC(3) thr     ms        ms      %        ms      %    attempts  total   alloc    undo
[11.145s][debug][gc,task,stats  ] GC(3) --- --------- --------- ------ --------- ------ -------- ------- ------- -------
[11.185s][debug][gc,task,stats  ] GC(3)   2     39.62     33.56  84.70      0.02   0.04        5       0       0       0
[11.185s][debug][gc,task,stats  ] GC(3)   0     39.73     33.70  84.83      0.06   0.15        7       0       0       0
[11.185s][debug][gc,task,stats  ] GC(3)   1     39.75     35.86  90.20      0.01   0.03        4       0       0       0
[11.185s][debug][gc,ergo        ] GC(3) Running G1 Clear Card Table Task using 1 workers for 1 units of work for 26 regions.
[11.185s][debug][gc,ref         ] GC(3) Skipped phase1 of Reference Processing due to unavailable references
[11.185s][debug][gc,ref         ] GC(3) Skipped phase2 of Reference Processing due to unavailable references
[11.185s][debug][gc,ref         ] GC(3) Skipped phase3 of Reference Processing due to unavailable references
[11.185s][debug][gc,ref         ] GC(3) Skipped phase4 of Reference Processing due to unavailable references
[11.185s][debug][gc,ergo        ] GC(3) Running G1 Free Collection Set using 1 workers for collection set length 22
[11.185s][debug][gc,humongous   ] GC(3) Live humongous region 3 object size 524304 start 0x0000000780300000  with remset 0 code roots 0 is marked 0 reclaim candidate 0 type array 0
[11.185s][debug][gc,humongous   ] GC(3) Live humongous region 4 object size 1048592 start 0x0000000780400000  with remset 0 code roots 0 is marked 0 reclaim candidate 0 type array 0
[11.186s][debug][gc,humongous   ] GC(3) Live humongous region 6 object size 524304 start 0x0000000780600000  with remset 0 code roots 0 is marked 0 reclaim candidate 0 type array 0
[11.186s][debug][gc,humongous   ] GC(3) Live humongous region 7 object size 1048592 start 0x0000000780700000  with remset 0 code roots 0 is marked 0 reclaim candidate 0 type array 0
[11.186s][debug][gc,humongous   ] GC(3) Live humongous region 27 object size 524304 start 0x0000000781b00000  with remset 0 code roots 0 is marked 0 reclaim candidate 0 type array 0
[11.186s][debug][gc,humongous   ] GC(3) Live humongous region 28 object size 1048592 start 0x0000000781c00000  with remset 0 code roots 0 is marked 0 reclaim candidate 0 type array 0
[11.186s][debug][gc,humongous   ] GC(3) Live humongous region 30 object size 524304 start 0x0000000781e00000  with remset 0 code roots 0 is marked 0 reclaim candidate 0 type array 0
[11.186s][debug][gc,humongous   ] GC(3) Live humongous region 45 object size 1048592 start 0x0000000782d00000  with remset 0 code roots 0 is marked 0 reclaim candidate 0 type array 0
[11.186s][debug][gc,humongous   ] GC(3) Live humongous region 47 object size 524304 start 0x0000000782f00000  with remset 0 code roots 0 is marked 0 reclaim candidate 0 type array 0
[11.186s][debug][gc,humongous   ] GC(3) Live humongous region 48 object size 1048592 start 0x0000000783000000  with remset 0 code roots 0 is marked 0 reclaim candidate 0 type array 0
[11.186s][debug][gc,plab        ] GC(3) Young PLAB allocation: allocated: 2883568B, wasted: 496B, unused: 0B, used: 2883072B, undo waste: 0B, 
[11.186s][debug][gc,plab        ] GC(3) Young other allocation: region end waste: 0B, regions filled: 3, direct allocated: 262160B, failure used: 0B, failure wasted: 0B
[11.186s][debug][gc,plab        ] GC(3) Young sizing: calculated: 576608B, actual: 585672B
[11.186s][debug][gc,plab        ] GC(3) Old PLAB allocation: allocated: 19922944B, wasted: 872B, unused: 844968B, used: 19077104B, undo waste: 0B, 
[11.186s][debug][gc,plab        ] GC(3) Old other allocation: region end waste: 0B, regions filled: 19, direct allocated: 0B, failure used: 0B, failure wasted: 0B
[11.186s][debug][gc,plab        ] GC(3) Old sizing: calculated: 3815416B, actual: 3593360B
[11.186s][debug][gc,ergo,ihop   ] GC(3) Request concurrent cycle initiation (occupancy higher than threshold) occupancy: 72351744B allocation request: 0B threshold: 60397977B (45.00) source: end of GC
[11.186s][debug][gc,alloc,stats ] Old generation allocation in the last mutator period, old gen allocated: 19922944B, humongous allocated: 5242880B,old gen growth: 25165824B.
[11.186s][debug][gc,ihop        ] GC(3) Basic information (value update), threshold: 60397977B (45.00), target occupancy: 134217728B, current occupancy: 75497472B, recent allocation size: 25165824B, recent allocation duration: 232.20ms, recent old gen allocation rate: 108378059.87B/s, recent marking phase length: 0.00ms
[11.186s][debug][gc,ihop        ] GC(3) Adaptive IHOP information (value update), threshold: 60397977B (47.37), internal target occupancy: 127506841B, occupancy: 75497472B, additional buffer size: 17825792B, predicted old gen allocation rate: 39075902.70B/s, predicted marking phase length: 0.00ms, prediction active: false
[11.186s][debug][gc,ergo,refine ] GC(3) Updated Refinement Zones: green: 7, yellow: 21, red: 35
[11.186s][info ][gc,phases      ] GC(3)   Pre Evacuate Collection Set: 0.0ms
[11.186s][debug][gc,phases      ] GC(3)     Prepare TLABs: 0.0ms
[11.186s][debug][gc,phases      ] GC(3)     Choose Collection Set: 0.0ms
[11.186s][debug][gc,phases      ] GC(3)     Humongous Register: 0.0ms
[11.186s][info ][gc,phases      ] GC(3)   Evacuate Collection Set: 39.9ms
[11.186s][debug][gc,phases      ] GC(3)     Ext Root Scanning (ms):   Min:  0.2, Avg:  0.2, Max:  0.2, Diff:  0.0, Sum:  0.7, Workers: 3
[11.186s][debug][gc,phases      ] GC(3)     Update RS (ms):           Min:  0.8, Avg:  1.2, Max:  1.7, Diff:  0.9, Sum:  3.5, Workers: 3
[11.186s][debug][gc,phases      ] GC(3)       Processed Buffers:        Min: 1, Avg:  2.3, Max: 5, Diff: 4, Sum: 7, Workers: 3
[11.186s][debug][gc,phases      ] GC(3)       Scanned Cards:            Min: 256, Avg: 554.3, Max: 1151, Diff: 895, Sum: 1663, Workers: 3
[11.186s][debug][gc,phases      ] GC(3)       Skipped Cards:            Min: 0, Avg:  0.0, Max: 0, Diff: 0, Sum: 0, Workers: 3
[11.186s][debug][gc,phases      ] GC(3)     Scan RS (ms):             Min:  0.5, Avg:  0.9, Max:  1.3, Diff:  0.9, Sum:  2.6, Workers: 3
[11.186s][debug][gc,phases      ] GC(3)       Scanned Cards:            Min: 210, Avg: 339.3, Max: 476, Diff: 266, Sum: 1018, Workers: 3
[11.186s][debug][gc,phases      ] GC(3)       Claimed Cards:            Min: 213, Avg: 344.0, Max: 481, Diff: 268, Sum: 1032, Workers: 3
[11.186s][debug][gc,phases      ] GC(3)       Skipped Cards:            Min: 143, Avg: 225.7, Max: 305, Diff: 162, Sum: 677, Workers: 3
[11.186s][debug][gc,phases      ] GC(3)     Code Root Scanning (ms):  Min:  0.0, Avg:  0.0, Max:  0.0, Diff:  0.0, Sum:  0.0, Workers: 3
[11.186s][debug][gc,phases      ] GC(3)     JVMCI Root Scan (ms):     skipped
[11.186s][debug][gc,phases      ] GC(3)     Object Copy (ms):         Min: 36.3, Avg: 37.3, Max: 38.1, Diff:  1.8, Sum: 112.0, Workers: 3
[11.186s][debug][gc,phases      ] GC(3)     Termination (ms):         Min:  0.0, Avg:  0.0, Max:  0.1, Diff:  0.1, Sum:  0.1, Workers: 3
[11.186s][debug][gc,phases      ] GC(3)       Termination Attempts:     Min: 4, Avg:  5.3, Max: 7, Diff: 3, Sum: 16, Workers: 3
[11.186s][debug][gc,phases      ] GC(3)     GC Worker Other (ms):     Min:  0.1, Avg:  0.1, Max:  0.2, Diff:  0.1, Sum:  0.4, Workers: 3
[11.186s][debug][gc,phases      ] GC(3)     GC Worker Total (ms):     Min: 39.7, Avg: 39.7, Max: 39.8, Diff:  0.0, Sum: 119.2, Workers: 3
[11.186s][info ][gc,phases      ] GC(3)   Post Evacuate Collection Set: 0.3ms
[11.186s][debug][gc,phases      ] GC(3)     Code Roots Fixup: 0.0ms
[11.186s][debug][gc,phases      ] GC(3)     Clear Card Table: 0.0ms
[11.186s][debug][gc,phases      ] GC(3)     Reference Processing: 0.0ms
[11.186s][debug][gc,phases,ref  ] GC(3)       Reconsider SoftReferences: 0.0ms
[11.186s][debug][gc,phases,ref  ] GC(3)         SoftRef (ms):             skipped
[11.186s][debug][gc,phases,ref  ] GC(3)       Notify Soft/WeakReferences: 0.0ms
[11.186s][debug][gc,phases,ref  ] GC(3)         SoftRef (ms):             skipped
[11.186s][debug][gc,phases,ref  ] GC(3)         WeakRef (ms):             skipped
[11.186s][debug][gc,phases,ref  ] GC(3)         FinalRef (ms):            skipped
[11.186s][debug][gc,phases,ref  ] GC(3)         Total (ms):               skipped
[11.186s][debug][gc,phases,ref  ] GC(3)       Notify and keep alive finalizable: 0.0ms
[11.186s][debug][gc,phases,ref  ] GC(3)         FinalRef (ms):            skipped
[11.186s][debug][gc,phases,ref  ] GC(3)       Notify PhantomReferences: 0.0ms
[11.186s][debug][gc,phases,ref  ] GC(3)         PhantomRef (ms):          skipped
[11.186s][debug][gc,phases,ref  ] GC(3)       SoftReference:
[11.186s][debug][gc,phases,ref  ] GC(3)         Discovered: 0
[11.186s][debug][gc,phases,ref  ] GC(3)         Cleared: 0
[11.186s][debug][gc,phases,ref  ] GC(3)       WeakReference:
[11.186s][debug][gc,phases,ref  ] GC(3)         Discovered: 0
[11.186s][debug][gc,phases,ref  ] GC(3)         Cleared: 0
[11.186s][debug][gc,phases,ref  ] GC(3)       FinalReference:
[11.186s][debug][gc,phases,ref  ] GC(3)         Discovered: 0
[11.186s][debug][gc,phases,ref  ] GC(3)         Cleared: 0
[11.186s][debug][gc,phases,ref  ] GC(3)       PhantomReference:
[11.186s][debug][gc,phases,ref  ] GC(3)         Discovered: 0
[11.186s][debug][gc,phases,ref  ] GC(3)         Cleared: 0
[11.186s][debug][gc,phases      ] GC(3)     Weak Processing: 0.0ms
[11.186s][debug][gc,phases      ] GC(3)     Merge Per-Thread State: 0.0ms
[11.186s][debug][gc,phases      ] GC(3)     Code Roots Purge: 0.0ms
[11.186s][debug][gc,phases      ] GC(3)     Redirty Cards: 0.0ms
[11.186s][debug][gc,phases      ] GC(3)     DerivedPointerTable Update: 0.0ms
[11.186s][debug][gc,phases      ] GC(3)     Free Collection Set: 0.1ms
[11.186s][debug][gc,phases      ] GC(3)     Humongous Reclaim: 0.2ms
[11.186s][debug][gc,phases      ] GC(3)     Start New Collection Set: 0.0ms
[11.186s][debug][gc,phases      ] GC(3)     Resize TLABs: 0.0ms
[11.186s][debug][gc,phases      ] GC(3)     Expand Heap After Collection: 0.0ms
[11.186s][info ][gc,phases      ] GC(3)   Other: 0.5ms
[11.186s][info ][gc,heap        ] GC(3) Eden regions: 19->0(14)
[11.186s][info ][gc,heap        ] GC(3) Survivor regions: 3->3(3)
[11.186s][info ][gc,heap        ] GC(3) Old regions: 35->54
[11.186s][info ][gc,heap        ] GC(3) Humongous regions: 15->15
[11.186s][info ][gc,metaspace   ] GC(3) Metaspace: 13052K->13052K(1060864K)
[11.187s][debug][gc,heap        ] GC(3) Heap after GC invocations=4 (full 0): garbage-first heap   total 131072K, used 73728K [0x0000000780000000, 0x0000000800000000)
[11.187s][debug][gc,heap        ] GC(3)   region size 1024K, 3 young (3072K), 3 survivors (3072K)
[11.187s][debug][gc,heap        ] GC(3)  Metaspace       used 13052K, capacity 13479K, committed 13568K, reserved 1060864K
[11.187s][debug][gc,heap        ] GC(3)   class space    used 1346K, capacity 1505K, committed 1536K, reserved 1048576K
[11.187s][info ][gc             ] GC(3) Pause Young (Normal) (G1 Evacuation Pause) 72M->72M(128M) 41.329ms
[11.187s][info ][gc,cpu         ] GC(3) User=0.10s Sys=0.02s Real=0.04s
[11.187s][debug][gc,ergo,ihop   ] Request concurrent cycle initiation (occupancy higher than threshold) occupancy: 72351744B allocation request: 524304B threshold: 60397977B (45.00) source: concurrent humongous allocation
[11.188s][debug][gc,ergo        ] Request concurrent cycle initiation (requested by GC cause). GC cause: G1 Humongous Allocation
[11.188s][debug][gc,heap        ] GC(4) Heap before GC invocations=4 (full 0): garbage-first heap   total 131072K, used 74752K [0x0000000780000000, 0x0000000800000000)
[11.188s][debug][gc,heap        ] GC(4)   region size 1024K, 5 young (5120K), 3 survivors (3072K)
[11.188s][debug][gc,heap        ] GC(4)  Metaspace       used 13052K, capacity 13479K, committed 13568K, reserved 1060864K
[11.188s][debug][gc,heap        ] GC(4)   class space    used 1346K, capacity 1505K, committed 1536K, reserved 1048576K
[11.188s][debug][gc,ergo        ] GC(4) Initiate concurrent cycle (concurrent cycle initiation requested)
[11.188s][info ][gc,start       ] GC(4) Pause Young (Concurrent Start) (G1 Humongous Allocation)
[11.188s][info ][gc,task        ] GC(4) Using 3 workers of 4 for evacuation
[11.188s][debug][gc,tlab        ] GC(4) TLAB totals: thrds: 1  refills: 10 max: 10 slow allocs: 1 max 1 waste:  9.7% gc: 197504B max: 197504B slow: 5256B max: 5256B fast: 0B max: 0B
[11.188s][debug][gc,alloc,region] GC(4) Mutator Allocation stats, regions: 2, wasted size: 0B ( 0.0%)
[11.188s][debug][gc,age         ] GC(4) Desired survivor size 1572864 bytes, new threshold 1 (max threshold 15)
[11.188s][debug][gc,ergo,cset   ] GC(4) Finish choosing CSet. old: 0 regions, predicted old region time: 0.00ms, time remaining: 141.71
[11.188s][debug][gc,task,stats  ] GC(4) GC Termination Stats
[11.188s][debug][gc,task,stats  ] GC(4)      elapsed  --strong roots-- -------termination------- ------waste (KiB)------
[11.188s][debug][gc,task,stats  ] GC(4) thr     ms        ms      %        ms      %    attempts  total   alloc    undo
[11.188s][debug][gc,task,stats  ] GC(4) --- --------- --------- ------ --------- ------ -------- ------- ------- -------
[11.195s][debug][gc,task,stats  ] GC(4)   2      7.20      5.64  78.24      0.01   0.18        6       0       0       0
[11.195s][debug][gc,task,stats  ] GC(4)   0      7.36      5.21  70.79      0.00   0.05        4       0       0       0
[11.195s][debug][gc,task,stats  ] GC(4)   1      7.38      3.92  53.11      0.00   0.05        3       0       0       0
[11.195s][debug][gc,ergo        ] GC(4) Running G1 Clear Card Table Task using 1 workers for 1 units of work for 6 regions.
[11.195s][debug][gc,ref         ] GC(4) Skipped phase1 of Reference Processing due to unavailable references
[11.195s][debug][gc,ref         ] GC(4) Skipped phase2 of Reference Processing due to unavailable references
[11.195s][debug][gc,ref         ] GC(4) Skipped phase3 of Reference Processing due to unavailable references
[11.195s][debug][gc,ref         ] GC(4) Skipped phase4 of Reference Processing due to unavailable references
[11.196s][debug][gc,ergo        ] GC(4) Running G1 Free Collection Set using 1 workers for collection set length 5
[11.196s][debug][gc,humongous   ] GC(4) Live humongous region 3 object size 524304 start 0x0000000780300000  with remset 0 code roots 0 is marked 0 reclaim candidate 0 type array 0
[11.196s][debug][gc,humongous   ] GC(4) Live humongous region 4 object size 1048592 start 0x0000000780400000  with remset 0 code roots 0 is marked 0 reclaim candidate 0 type array 0
[11.196s][debug][gc,humongous   ] GC(4) Live humongous region 6 object size 524304 start 0x0000000780600000  with remset 0 code roots 0 is marked 0 reclaim candidate 0 type array 0
[11.196s][debug][gc,humongous   ] GC(4) Live humongous region 7 object size 1048592 start 0x0000000780700000  with remset 0 code roots 0 is marked 0 reclaim candidate 0 type array 0
[11.196s][debug][gc,humongous   ] GC(4) Live humongous region 27 object size 524304 start 0x0000000781b00000  with remset 0 code roots 0 is marked 0 reclaim candidate 0 type array 0
[11.196s][debug][gc,humongous   ] GC(4) Live humongous region 28 object size 1048592 start 0x0000000781c00000  with remset 0 code roots 0 is marked 0 reclaim candidate 0 type array 0
[11.196s][debug][gc,humongous   ] GC(4) Live humongous region 30 object size 524304 start 0x0000000781e00000  with remset 0 code roots 0 is marked 0 reclaim candidate 0 type array 0
[11.196s][debug][gc,humongous   ] GC(4) Live humongous region 45 object size 1048592 start 0x0000000782d00000  with remset 0 code roots 0 is marked 0 reclaim candidate 0 type array 0
[11.196s][debug][gc,humongous   ] GC(4) Live humongous region 47 object size 524304 start 0x0000000782f00000  with remset 0 code roots 0 is marked 0 reclaim candidate 0 type array 0
[11.196s][debug][gc,humongous   ] GC(4) Live humongous region 48 object size 1048592 start 0x0000000783000000  with remset 0 code roots 0 is marked 0 reclaim candidate 0 type array 0
[11.196s][debug][gc,plab        ] GC(4) Young PLAB allocation: allocated: 2097152B, wasted: 152B, unused: 202608B, used: 1894392B, undo waste: 0B, 
[11.196s][debug][gc,plab        ] GC(4) Young other allocation: region end waste: 0B, regions filled: 2, direct allocated: 0B, failure used: 0B, failure wasted: 0B
[11.196s][debug][gc,plab        ] GC(4) Young sizing: calculated: 378872B, actual: 430568B
[11.196s][debug][gc,plab        ] GC(4) Old PLAB allocation: allocated: 3670016B, wasted: 104B, unused: 524680B, used: 3145232B, undo waste: 0B, 
[11.196s][debug][gc,plab        ] GC(4) Old other allocation: region end waste: 0B, regions filled: 4, direct allocated: 0B, failure used: 0B, failure wasted: 0B
[11.196s][debug][gc,plab        ] GC(4) Old sizing: calculated: 629040B, actual: 1370120B
[11.196s][debug][gc,alloc,stats ] Old generation allocation in the last mutator period, old gen allocated: 3670016B, humongous allocated: 0B,old gen growth: 3670016B.
[11.196s][debug][gc,ihop        ] GC(4) Basic information (value update), threshold: 60397977B (45.00), target occupancy: 134217728B, current occupancy: 78118912B, recent allocation size: 3670016B, recent allocation duration: 2.02ms, recent old gen allocation rate: 1818067249.37B/s, recent marking phase length: 0.00ms
[11.196s][debug][gc,ihop        ] GC(4) Adaptive IHOP information (value update), threshold: 60397977B (47.37), internal target occupancy: 127506841B, occupancy: 78118912B, additional buffer size: 15728640B, predicted old gen allocation rate: 300014552.05B/s, predicted marking phase length: 0.00ms, prediction active: false
[11.196s][debug][gc,ergo,refine ] GC(4) Updated Refinement Zones: green: 7, yellow: 21, red: 35
[11.196s][info ][gc,phases      ] GC(4)   Pre Evacuate Collection Set: 0.1ms
[11.196s][debug][gc,phases      ] GC(4)     Prepare TLABs: 0.0ms
[11.196s][debug][gc,phases      ] GC(4)     Choose Collection Set: 0.0ms
[11.196s][debug][gc,phases      ] GC(4)     Humongous Register: 0.0ms
[11.196s][debug][gc,phases      ] GC(4)     Clear Claimed Marks: 0.0ms
[11.196s][info ][gc,phases      ] GC(4)   Evacuate Collection Set: 7.5ms
[11.196s][debug][gc,phases      ] GC(4)     Ext Root Scanning (ms):   Min:  0.4, Avg:  0.4, Max:  0.4, Diff:  0.0, Sum:  1.2, Workers: 3
[11.196s][debug][gc,phases      ] GC(4)     Update RS (ms):           Min:  0.2, Avg:  0.2, Max:  0.2, Diff:  0.1, Sum:  0.5, Workers: 3
[11.196s][debug][gc,phases      ] GC(4)       Processed Buffers:        Min: 1, Avg:  1.0, Max: 1, Diff: 0, Sum: 3, Workers: 3
[11.196s][debug][gc,phases      ] GC(4)       Scanned Cards:            Min: 62, Avg: 72.7, Max: 79, Diff: 17, Sum: 218, Workers: 3
[11.196s][debug][gc,phases      ] GC(4)       Skipped Cards:            Min: 0, Avg:  0.0, Max: 0, Diff: 0, Sum: 0, Workers: 3
[11.196s][debug][gc,phases      ] GC(4)     Scan RS (ms):             Min:  0.0, Avg:  0.0, Max:  0.0, Diff:  0.0, Sum:  0.0, Workers: 3
[11.196s][debug][gc,phases      ] GC(4)       Scanned Cards:            Min: 0, Avg:  0.0, Max: 0, Diff: 0, Sum: 0, Workers: 3
[11.196s][debug][gc,phases      ] GC(4)       Claimed Cards:            Min: 0, Avg:  0.0, Max: 0, Diff: 0, Sum: 0, Workers: 3
[11.196s][debug][gc,phases      ] GC(4)       Skipped Cards:            Min: 0, Avg:  0.0, Max: 0, Diff: 0, Sum: 0, Workers: 3
[11.196s][debug][gc,phases      ] GC(4)     Code Root Scanning (ms):  Min:  0.0, Avg:  0.0, Max:  0.0, Diff:  0.0, Sum:  0.0, Workers: 3
[11.196s][debug][gc,phases      ] GC(4)     JVMCI Root Scan (ms):     skipped
[11.196s][debug][gc,phases      ] GC(4)     Object Copy (ms):         Min:  6.6, Avg:  6.6, Max:  6.6, Diff:  0.1, Sum: 19.9, Workers: 3
[11.196s][debug][gc,phases      ] GC(4)     Termination (ms):         Min:  0.0, Avg:  0.0, Max:  0.0, Diff:  0.0, Sum:  0.0, Workers: 3
[11.196s][debug][gc,phases      ] GC(4)       Termination Attempts:     Min: 3, Avg:  4.3, Max: 6, Diff: 3, Sum: 13, Workers: 3
[11.196s][debug][gc,phases      ] GC(4)     GC Worker Other (ms):     Min:  0.1, Avg:  0.1, Max:  0.2, Diff:  0.0, Sum:  0.4, Workers: 3
[11.196s][debug][gc,phases      ] GC(4)     GC Worker Total (ms):     Min:  7.3, Avg:  7.4, Max:  7.4, Diff:  0.1, Sum: 22.1, Workers: 3
[11.196s][info ][gc,phases      ] GC(4)   Post Evacuate Collection Set: 0.3ms
[11.196s][debug][gc,phases      ] GC(4)     Code Roots Fixup: 0.0ms
[11.196s][debug][gc,phases      ] GC(4)     Clear Card Table: 0.0ms
[11.196s][debug][gc,phases      ] GC(4)     Reference Processing: 0.1ms
[11.196s][debug][gc,phases,ref  ] GC(4)       Reconsider SoftReferences: 0.0ms
[11.196s][debug][gc,phases,ref  ] GC(4)         SoftRef (ms):             skipped
[11.196s][debug][gc,phases,ref  ] GC(4)       Notify Soft/WeakReferences: 0.0ms
[11.196s][debug][gc,phases,ref  ] GC(4)         SoftRef (ms):             skipped
[11.196s][debug][gc,phases,ref  ] GC(4)         WeakRef (ms):             skipped
[11.196s][debug][gc,phases,ref  ] GC(4)         FinalRef (ms):            skipped
[11.197s][debug][gc,phases,ref  ] GC(4)         Total (ms):               skipped
[11.197s][debug][gc,phases,ref  ] GC(4)       Notify and keep alive finalizable: 0.0ms
[11.197s][debug][gc,phases,ref  ] GC(4)         FinalRef (ms):            skipped
[11.197s][debug][gc,phases,ref  ] GC(4)       Notify PhantomReferences: 0.0ms
[11.197s][debug][gc,phases,ref  ] GC(4)         PhantomRef (ms):          skipped
[11.197s][debug][gc,phases,ref  ] GC(4)       SoftReference:
[11.197s][debug][gc,phases,ref  ] GC(4)         Discovered: 0
[11.197s][debug][gc,phases,ref  ] GC(4)         Cleared: 0
[11.197s][debug][gc,phases,ref  ] GC(4)       WeakReference:
[11.197s][debug][gc,phases,ref  ] GC(4)         Discovered: 0
[11.197s][debug][gc,phases,ref  ] GC(4)         Cleared: 0
[11.197s][debug][gc,phases,ref  ] GC(4)       FinalReference:
[11.197s][debug][gc,phases,ref  ] GC(4)         Discovered: 0
[11.197s][debug][gc,phases,ref  ] GC(4)         Cleared: 0
[11.197s][debug][gc,phases,ref  ] GC(4)       PhantomReference:
[11.197s][debug][gc,phases,ref  ] GC(4)         Discovered: 0
[11.197s][debug][gc,phases,ref  ] GC(4)         Cleared: 0
[11.197s][debug][gc,phases      ] GC(4)     Weak Processing: 0.0ms
[11.197s][debug][gc,phases      ] GC(4)     Merge Per-Thread State: 0.0ms
[11.197s][debug][gc,phases      ] GC(4)     Code Roots Purge: 0.0ms
[11.197s][debug][gc,phases      ] GC(4)     Redirty Cards: 0.0ms
[11.197s][debug][gc,phases      ] GC(4)     DerivedPointerTable Update: 0.0ms
[11.197s][debug][gc,phases      ] GC(4)     Free Collection Set: 0.0ms
[11.197s][debug][gc,phases      ] GC(4)     Humongous Reclaim: 0.1ms
[11.197s][debug][gc,phases      ] GC(4)     Start New Collection Set: 0.0ms
[11.197s][debug][gc,phases      ] GC(4)     Resize TLABs: 0.0ms
[11.197s][debug][gc,phases      ] GC(4)     Expand Heap After Collection: 0.0ms
[11.197s][info ][gc,phases      ] GC(4)   Other: 0.4ms
[11.197s][info ][gc,heap        ] GC(4) Eden regions: 2->0(13)
[11.197s][info ][gc,heap        ] GC(4) Survivor regions: 3->2(3)
[11.197s][info ][gc,heap        ] GC(4) Old regions: 54->58
[11.197s][info ][gc,heap        ] GC(4) Humongous regions: 15->15
[11.197s][info ][gc,metaspace   ] GC(4) Metaspace: 13052K->13052K(1060864K)
[11.197s][debug][gc,heap        ] GC(4) Heap after GC invocations=5 (full 0): garbage-first heap   total 131072K, used 76288K [0x0000000780000000, 0x0000000800000000)
[11.197s][debug][gc,heap        ] GC(4)   region size 1024K, 2 young (2048K), 2 survivors (2048K)
[11.197s][debug][gc,heap        ] GC(4)  Metaspace       used 13052K, capacity 13479K, committed 13568K, reserved 1060864K
[11.197s][debug][gc,heap        ] GC(4)   class space    used 1346K, capacity 1505K, committed 1536K, reserved 1048576K
[11.197s][info ][gc             ] GC(4) Pause Young (Concurrent Start) (G1 Humongous Allocation) 74M->74M(128M) 9.254ms
[11.197s][info ][gc,cpu         ] GC(4) User=0.02s Sys=0.00s Real=0.01s
[11.197s][info ][gc             ] GC(5) Concurrent Cycle
[11.197s][info ][gc,marking     ] GC(5) Concurrent Clear Claimed Marks
[11.197s][info ][gc,marking     ] GC(5) Concurrent Clear Claimed Marks 0.067ms
[11.197s][info ][gc,marking     ] GC(5) Concurrent Scan Root Regions
[11.197s][debug][gc,ergo        ] GC(5) Running G1 Root Region Scan using 1 workers for 2 work units.
[11.198s][info ][gc,marking     ] GC(5) Concurrent Scan Root Regions 1.144ms
[11.198s][info ][gc,marking     ] GC(5) Concurrent Mark (11.198s)
[11.198s][info ][gc,marking     ] GC(5) Concurrent Mark From Roots
[11.198s][info ][gc,task        ] GC(5) Using 1 workers of 1 for marking
[11.204s][debug][gc,refine      ] Activated worker 0, on threshold: 9, current: 9
[11.204s][debug][gc,refine      ] Deactivated worker 0, off threshold: 7, current: 7, processed: 2
[11.205s][debug][gc,refine      ] Activated worker 0, on threshold: 9, current: 12
[11.205s][debug][gc,refine      ] Deactivated worker 0, off threshold: 7, current: 7, processed: 6
[11.214s][debug][gc,stats       ] ---------------------------------------------------------------------
[11.214s][debug][gc,stats       ] Marking Stats, task = 0, calls = 2
[11.214s][debug][gc,stats       ]   Elapsed time = 15.29ms, Termination time = 0.00ms
[11.214s][debug][gc,stats       ]   Step Times (cum): num = 2, avg = 7.64ms, sd = 1.36ms max = 9.00ms, total = 15.29ms
[11.214s][debug][gc,stats       ]   Mark Stats Cache: hits 182580 misses 16 ratio 99.991
[11.214s][debug][gc,stats       ] ---------------------------------------------------------------------
[11.214s][info ][gc,marking     ] GC(5) Concurrent Mark From Roots 15.434ms
[11.214s][info ][gc,marking     ] GC(5) Concurrent Preclean
[11.214s][debug][gc,ref,start   ] GC(5) Preclean SoftReferences
[11.214s][debug][gc,ref         ] GC(5) Preclean SoftReferences 0.019ms
[11.214s][debug][gc,ref,start   ] GC(5) Preclean WeakReferences
[11.214s][debug][gc,ref         ] GC(5) Preclean WeakReferences 0.018ms
[11.214s][debug][gc,ref,start   ] GC(5) Preclean FinalReferences
[11.214s][debug][gc,ref         ] GC(5) Preclean FinalReferences 0.011ms
[11.214s][debug][gc,ref,start   ] GC(5) Preclean PhantomReferences
[11.214s][debug][gc,ref         ] GC(5) Preclean PhantomReferences 0.011ms
[11.214s][info ][gc,marking     ] GC(5) Concurrent Preclean 0.107ms
[11.214s][info ][gc,marking     ] GC(5) Concurrent Mark (11.198s, 11.214s) 15.572ms
[11.214s][info ][gc,start       ] GC(5) Pause Remark
[11.214s][debug][gc,phases,start] GC(5) Finalize Marking
[11.214s][debug][gc,stats       ] ---------------------------------------------------------------------
[11.214s][debug][gc,stats       ] Marking Stats, task = 0, calls = 19
[11.214s][debug][gc,stats       ]   Elapsed time = 0.07ms, Termination time = 0.01ms
[11.214s][debug][gc,stats       ]   Step Times (cum): num = 19, avg = 0.81ms, sd = 2.39ms max = 9.00ms, total = 15.35ms
[11.214s][debug][gc,stats       ]   Mark Stats Cache: hits 183284 misses 16 ratio 99.991
[11.214s][debug][gc,stats       ] ---------------------------------------------------------------------
[11.214s][debug][gc,stats       ] Marking Stats, task = 1, calls = 1
[11.214s][debug][gc,stats       ]   Elapsed time = 0.08ms, Termination time = 0.02ms
[11.214s][debug][gc,stats       ]   Step Times (cum): num = 1, avg = 0.07ms, sd = 0.00ms max = 0.07ms, total = 0.07ms
[11.214s][debug][gc,stats       ]   Mark Stats Cache: hits 175 misses 4 ratio 97.765
[11.214s][debug][gc,stats       ] ---------------------------------------------------------------------
[11.214s][debug][gc,stats       ] Marking Stats, task = 2, calls = 1
[11.214s][debug][gc,stats       ]   Elapsed time = 0.02ms, Termination time = 0.00ms
[11.214s][debug][gc,stats       ]   Step Times (cum): num = 1, avg = 0.01ms, sd = 0.00ms max = 0.01ms, total = 0.01ms
[11.214s][debug][gc,stats       ]   Mark Stats Cache: hits 190 misses 4 ratio 97.938
[11.214s][debug][gc,stats       ] ---------------------------------------------------------------------
[11.214s][debug][gc,phases      ] GC(5) Finalize Marking 0.247ms
[11.214s][debug][gc,phases,start] GC(5) Reference Processing
[11.214s][debug][gc,ref         ] GC(5) Skipped phase1 of Reference Processing due to unavailable references
[11.214s][debug][gc,ref         ] GC(5) Skipped phase2 of Reference Processing due to unavailable references
[11.214s][debug][gc,ref         ] GC(5) Skipped phase3 of Reference Processing due to unavailable references
[11.214s][debug][gc,ref         ] GC(5) Skipped phase4 of Reference Processing due to unavailable references
[11.214s][debug][gc,phases,ref  ] GC(5) Reference Processing: 0.0ms
[11.214s][debug][gc,phases,ref  ] GC(5)   Reconsider SoftReferences: 0.0ms
[11.214s][debug][gc,phases,ref  ] GC(5)     SoftRef (ms):             skipped
[11.214s][debug][gc,phases,ref  ] GC(5)   Notify Soft/WeakReferences: 0.0ms
[11.214s][debug][gc,phases,ref  ] GC(5)     SoftRef (ms):             skipped
[11.214s][debug][gc,phases,ref  ] GC(5)     WeakRef (ms):             skipped
[11.214s][debug][gc,phases,ref  ] GC(5)     FinalRef (ms):            skipped
[11.214s][debug][gc,phases,ref  ] GC(5)     Total (ms):               skipped
[11.214s][debug][gc,phases,ref  ] GC(5)   Notify and keep alive finalizable: 0.0ms
[11.214s][debug][gc,phases,ref  ] GC(5)     FinalRef (ms):            skipped
[11.214s][debug][gc,phases,ref  ] GC(5)   Notify PhantomReferences: 0.0ms
[11.214s][debug][gc,phases,ref  ] GC(5)     PhantomRef (ms):          skipped
[11.214s][debug][gc,phases,ref  ] GC(5)   SoftReference:
[11.214s][debug][gc,phases,ref  ] GC(5)     Discovered: 0
[11.214s][debug][gc,phases,ref  ] GC(5)     Cleared: 0
[11.214s][debug][gc,phases,ref  ] GC(5)   WeakReference:
[11.214s][debug][gc,phases,ref  ] GC(5)     Discovered: 0
[11.214s][debug][gc,phases,ref  ] GC(5)     Cleared: 0
[11.214s][debug][gc,phases,ref  ] GC(5)   FinalReference:
[11.214s][debug][gc,phases,ref  ] GC(5)     Discovered: 0
[11.214s][debug][gc,phases,ref  ] GC(5)     Cleared: 0
[11.214s][debug][gc,phases,ref  ] GC(5)   PhantomReference:
[11.215s][debug][gc,phases,ref  ] GC(5)     Discovered: 0
[11.215s][debug][gc,phases,ref  ] GC(5)     Cleared: 0
[11.215s][debug][gc,phases      ] GC(5) Reference Processing 0.232ms
[11.215s][debug][gc,phases,start] GC(5) Weak Processing
[11.215s][debug][gc,phases      ] GC(5) Weak Processing 0.021ms
[11.215s][debug][gc,phases,start] GC(5) Class Unloading
[11.215s][debug][gc,phases,start] GC(5) ClassLoaderData
[11.215s][debug][gc,phases      ] GC(5) ClassLoaderData 0.117ms
[11.215s][debug][gc,phases,start] GC(5) ProtectionDomainCacheTable
[11.215s][debug][gc,phases      ] GC(5) ProtectionDomainCacheTable 0.010ms
[11.216s][info ][gc,stringtable ] GC(5) Cleaned string and symbol table, strings: 6093 processed, 17 removed, symbols: 45218 processed, 5 removed
[11.216s][debug][gc,phases      ] GC(5) Class Unloading 1.335ms
[11.216s][debug][gc,phases,start] GC(5) Flush Task Caches
[11.216s][debug][gc,stats       ] Mark stats cache hits 183649 misses 24 ratio 99.987
[11.216s][debug][gc,phases      ] GC(5) Flush Task Caches 0.024ms
[11.216s][debug][gc,phases,start] GC(5) Update Remembered Set Tracking Before Rebuild
[11.216s][debug][gc,ergo        ] GC(5) Running G1 Update RemSet Tracking Before Rebuild using 1 workers for 128 regions in heap
[11.216s][debug][gc,remset,tracking] GC(5) Remembered Set Tracking update regions total 128, selected 18
[11.216s][debug][gc,phases         ] GC(5) Update Remembered Set Tracking Before Rebuild 0.059ms
[11.216s][debug][gc,phases,start   ] GC(5) Reclaim Empty Regions
[11.216s][debug][gc                ] GC(5) Reclaimed 55 empty regions
[11.216s][debug][gc,phases         ] GC(5) Reclaim Empty Regions 0.093ms
[11.216s][debug][gc,phases,start   ] GC(5) Purge Metaspace
[11.216s][debug][gc,phases         ] GC(5) Purge Metaspace 0.008ms
[11.216s][debug][gc,phases,start   ] GC(5) Report Object Count
[11.216s][debug][gc,phases         ] GC(5) Report Object Count 0.009ms
[11.216s][info ][gc                ] GC(5) Pause Remark 82M->27M(128M) 2.141ms
[11.216s][info ][gc,cpu            ] GC(5) User=0.01s Sys=0.00s Real=0.00s
[11.216s][info ][gc,marking        ] GC(5) Concurrent Rebuild Remembered Sets
[11.226s][info ][gc,marking        ] GC(5) Concurrent Rebuild Remembered Sets 9.344ms
[11.226s][info ][gc,start          ] GC(5) Pause Cleanup
[11.226s][debug][gc,phases,start   ] GC(5) Update Remembered Set Tracking After Rebuild
[11.226s][debug][gc,phases         ] GC(5) Update Remembered Set Tracking After Rebuild 0.016ms
[11.226s][debug][gc,phases,start   ] GC(5) Finalize Concurrent Mark Cleanup
[11.226s][debug][gc,ergo           ] GC(5) request mixed gcs (candidate old regions available). candidate old regions: 14 reclaimable: 11643688 (8.68) threshold: 5
[11.226s][debug][gc,phases         ] GC(5) Finalize Concurrent Mark Cleanup 0.061ms
[11.226s][info ][gc                ] GC(5) Pause Cleanup 27M->27M(128M) 0.127ms
[11.226s][info ][gc,cpu            ] GC(5) User=0.00s Sys=0.00s Real=0.00s
[11.226s][info ][gc,marking        ] GC(5) Concurrent Cleanup for Next Mark
[11.226s][debug][gc,ergo           ] GC(5) Running G1 Clear Bitmap with 1 workers for 2 work units.
[11.227s][info ][gc,marking        ] GC(5) Concurrent Cleanup for Next Mark 1.142ms
[11.227s][info ][gc                ] GC(5) Concurrent Cycle 30.065ms
[11.319s][debug][gc,refine         ] Activated worker 0, on threshold: 9, current: 11
[11.321s][debug][gc,heap           ] GC(6) Heap before GC invocations=6 (full 0): garbage-first heap   total 131072K, used 36352K [0x0000000780000000, 0x0000000800000000)
[11.321s][debug][gc,heap           ] GC(6)   region size 1024K, 15 young (15360K), 2 survivors (2048K)
[11.321s][debug][gc,heap           ] GC(6)  Metaspace       used 13052K, capacity 13479K, committed 13568K, reserved 1060864K
[11.321s][debug][gc,heap           ] GC(6)   class space    used 1346K, capacity 1505K, committed 1536K, reserved 1048576K
[11.321s][info ][gc,start          ] GC(6) Pause Young (Prepare Mixed) (G1 Evacuation Pause)
[11.321s][info ][gc,task           ] GC(6) Using 3 workers of 4 for evacuation
[11.321s][debug][gc,tlab           ] GC(6) TLAB totals: thrds: 1  refills: 74 max: 74 slow allocs: 4 max 4 waste:  0.3% gc: 0B max: 0B slow: 43432B max: 43432B fast: 0B max: 0B
[11.321s][debug][gc,alloc,region   ] GC(6) Mutator Allocation stats, regions: 13, wasted size: 0B ( 0.0%)
[11.321s][debug][gc,age            ] GC(6) Desired survivor size 1048576 bytes, new threshold 1 (max threshold 15)
[11.321s][debug][gc,ergo,cset      ] GC(6) Finish choosing CSet. old: 0 regions, predicted old region time: 0.00ms, time remaining: 72.81
[11.321s][debug][gc,task,stats     ] GC(6) GC Termination Stats
[11.321s][debug][gc,task,stats     ] GC(6)      elapsed  --strong roots-- -------termination------- ------waste (KiB)------
[11.321s][debug][gc,task,stats     ] GC(6) thr     ms        ms      %        ms      %    attempts  total   alloc    undo
[11.321s][debug][gc,task,stats     ] GC(6) --- --------- --------- ------ --------- ------ -------- ------- ------- -------
[11.343s][debug][gc,task,stats     ] GC(6)   1     21.21     21.18  99.88      0.00   0.00        1       0       0       0
[11.343s][debug][gc,task,stats     ] GC(6)   0     21.30     20.64  96.93      0.00   0.01        1       0       0       0
[11.343s][debug][gc,task,stats     ] GC(6)   2     21.27     20.47  96.26      0.00   0.01        1       0       0       0
[11.343s][debug][gc,ergo           ] GC(6) Running G1 Clear Card Table Task using 1 workers for 1 units of work for 22 regions.
[11.343s][debug][gc,ref            ] GC(6) Skipped phase1 of Reference Processing due to unavailable references
[11.343s][debug][gc,ref            ] GC(6) Skipped phase2 of Reference Processing due to unavailable references
[11.343s][debug][gc,ref            ] GC(6) Skipped phase3 of Reference Processing due to unavailable references
[11.343s][debug][gc,ref            ] GC(6) Skipped phase4 of Reference Processing due to unavailable references
[11.343s][debug][gc,ergo           ] GC(6) Running G1 Free Collection Set using 1 workers for collection set length 15
[11.343s][debug][gc,humongous      ] GC(6) Live humongous region 3 object size 524304 start 0x0000000780300000  with remset 0 code roots 0 is marked 0 reclaim candidate 0 type array 0
[11.343s][debug][gc,humongous      ] GC(6) Live humongous region 73 object size 524304 start 0x0000000784900000  with remset 0 code roots 0 is marked 0 reclaim candidate 0 type array 0
[11.343s][debug][gc,humongous      ] GC(6) Live humongous region 74 object size 1048592 start 0x0000000784a00000  with remset 1 code roots 0 is marked 0 reclaim candidate 0 type array 0
[11.343s][debug][gc,plab           ] GC(6) Young PLAB allocation: allocated: 2097152B, wasted: 392B, unused: 0B, used: 2096760B, undo waste: 0B, 
[11.343s][debug][gc,plab           ] GC(6) Young other allocation: region end waste: 0B, regions filled: 2, direct allocated: 0B, failure used: 0B, failure wasted: 0B
[11.343s][debug][gc,plab           ] GC(6) Young sizing: calculated: 419352B, actual: 422152B
[11.343s][debug][gc,plab           ] GC(6) Old PLAB allocation: allocated: 13563904B, wasted: 1152B, unused: 701496B, used: 12861256B, undo waste: 0B, 
[11.343s][debug][gc,plab           ] GC(6) Old other allocation: region end waste: 0B, regions filled: 14, direct allocated: 0B, failure used: 0B, failure wasted: 0B
[11.343s][debug][gc,plab           ] GC(6) Old sizing: calculated: 2572248B, actual: 2271712B
[11.343s][debug][gc,alloc,stats    ] Old generation allocation in the last mutator period, old gen allocated: 13563904B, humongous allocated: 4194304B,old gen growth: 13563904B.
[11.343s][debug][gc,ihop           ] GC(6) Basic information (value update), threshold: 60397977B (45.00), target occupancy: 134217728B, current occupancy: 38205440B, recent allocation size: 17758208B, recent allocation duration: 123.28ms, recent old gen allocation rate: 144050022.20B/s, recent marking phase length: 0.00ms
[11.343s][debug][gc,ihop           ] GC(6) Adaptive IHOP information (value update), threshold: 60397977B (47.37), internal target occupancy: 127506841B, occupancy: 38205440B, additional buffer size: 0B, predicted old gen allocation rate: 295262952.29B/s, predicted marking phase length: 0.00ms, prediction active: false
[11.343s][debug][gc,ergo,refine    ] GC(6) Updated Refinement Zones: green: 8, yellow: 24, red: 40
[11.343s][info ][gc,phases         ] GC(6)   Pre Evacuate Collection Set: 0.0ms
[11.343s][debug][gc,phases         ] GC(6)     Prepare TLABs: 0.0ms
[11.343s][debug][gc,phases         ] GC(6)     Choose Collection Set: 0.0ms
[11.343s][debug][gc,phases         ] GC(6)     Humongous Register: 0.0ms
[11.343s][info ][gc,phases         ] GC(6)   Evacuate Collection Set: 21.4ms
[11.343s][debug][gc,phases         ] GC(6)     Ext Root Scanning (ms):   Min:  0.1, Avg:  0.1, Max:  0.2, Diff:  0.1, Sum:  0.4, Workers: 3
[11.343s][debug][gc,phases         ] GC(6)     Update RS (ms):           Min:  1.4, Avg:  1.4, Max:  1.5, Diff:  0.1, Sum:  4.2, Workers: 3
[11.343s][debug][gc,phases         ] GC(6)       Processed Buffers:        Min: 3, Avg:  4.0, Max: 6, Diff: 3, Sum: 12, Workers: 3
[11.343s][debug][gc,phases         ] GC(6)       Scanned Cards:            Min: 768, Avg: 788.7, Max: 830, Diff: 62, Sum: 2366, Workers: 3
[11.343s][debug][gc,phases         ] GC(6)       Skipped Cards:            Min: 0, Avg:  0.3, Max: 1, Diff: 1, Sum: 1, Workers: 3
[11.343s][debug][gc,phases         ] GC(6)     Scan RS (ms):             Min:  0.2, Avg:  0.3, Max:  0.6, Diff:  0.4, Sum:  1.0, Workers: 3
[11.343s][debug][gc,phases         ] GC(6)       Scanned Cards:            Min: 77, Avg: 180.3, Max: 379, Diff: 302, Sum: 541, Workers: 3
[11.343s][debug][gc,phases         ] GC(6)       Claimed Cards:            Min: 79, Avg: 185.7, Max: 392, Diff: 313, Sum: 557, Workers: 3
[11.343s][debug][gc,phases         ] GC(6)       Skipped Cards:            Min: 79, Avg: 79.7, Max: 80, Diff: 1, Sum: 239, Workers: 3
[11.343s][debug][gc,phases         ] GC(6)     Code Root Scanning (ms):  Min:  0.0, Avg:  0.0, Max:  0.0, Diff:  0.0, Sum:  0.0, Workers: 3
[11.343s][debug][gc,phases         ] GC(6)     JVMCI Root Scan (ms):     skipped
[11.343s][debug][gc,phases         ] GC(6)     Object Copy (ms):         Min: 19.1, Avg: 19.3, Max: 19.5, Diff:  0.4, Sum: 58.0, Workers: 3
[11.343s][debug][gc,phases         ] GC(6)     Termination (ms):         Min:  0.0, Avg:  0.0, Max:  0.0, Diff:  0.0, Sum:  0.0, Workers: 3
[11.343s][debug][gc,phases         ] GC(6)       Termination Attempts:     Min: 1, Avg:  1.0, Max: 1, Diff: 0, Sum: 3, Workers: 3
[11.343s][debug][gc,phases         ] GC(6)     GC Worker Other (ms):     Min:  0.1, Avg:  0.1, Max:  0.1, Diff:  0.1, Sum:  0.4, Workers: 3
[11.343s][debug][gc,phases         ] GC(6)     GC Worker Total (ms):     Min: 21.3, Avg: 21.3, Max: 21.3, Diff:  0.0, Sum: 63.9, Workers: 3
[11.343s][info ][gc,phases         ] GC(6)   Post Evacuate Collection Set: 0.2ms
[11.343s][debug][gc,phases         ] GC(6)     Code Roots Fixup: 0.0ms
[11.343s][debug][gc,phases         ] GC(6)     Clear Card Table: 0.0ms
[11.343s][debug][gc,phases         ] GC(6)     Reference Processing: 0.0ms
[11.343s][debug][gc,phases,ref     ] GC(6)       Reconsider SoftReferences: 0.0ms
[11.343s][debug][gc,phases,ref     ] GC(6)         SoftRef (ms):             skipped
[11.343s][debug][gc,phases,ref     ] GC(6)       Notify Soft/WeakReferences: 0.0ms
[11.343s][debug][gc,phases,ref     ] GC(6)         SoftRef (ms):             skipped
[11.343s][debug][gc,phases,ref     ] GC(6)         WeakRef (ms):             skipped
[11.343s][debug][gc,phases,ref     ] GC(6)         FinalRef (ms):            skipped
[11.343s][debug][gc,phases,ref     ] GC(6)         Total (ms):               skipped
[11.343s][debug][gc,phases,ref     ] GC(6)       Notify and keep alive finalizable: 0.0ms
[11.343s][debug][gc,phases,ref     ] GC(6)         FinalRef (ms):            skipped
[11.343s][debug][gc,phases,ref     ] GC(6)       Notify PhantomReferences: 0.0ms
[11.343s][debug][gc,phases,ref     ] GC(6)         PhantomRef (ms):          skipped
[11.343s][debug][gc,phases,ref     ] GC(6)       SoftReference:
[11.343s][debug][gc,phases,ref     ] GC(6)         Discovered: 0
[11.343s][debug][gc,phases,ref     ] GC(6)         Cleared: 0
[11.344s][debug][gc,phases,ref     ] GC(6)       WeakReference:
[11.344s][debug][gc,phases,ref     ] GC(6)         Discovered: 0
[11.344s][debug][gc,phases,ref     ] GC(6)         Cleared: 0
[11.344s][debug][gc,phases,ref     ] GC(6)       FinalReference:
[11.344s][debug][gc,phases,ref     ] GC(6)         Discovered: 0
[11.344s][debug][gc,phases,ref     ] GC(6)         Cleared: 0
[11.344s][debug][gc,phases,ref     ] GC(6)       PhantomReference:
[11.344s][debug][gc,phases,ref     ] GC(6)         Discovered: 0
[11.344s][debug][gc,phases,ref     ] GC(6)         Cleared: 0
[11.344s][debug][gc,phases         ] GC(6)     Weak Processing: 0.0ms
[11.344s][debug][gc,phases         ] GC(6)     Merge Per-Thread State: 0.0ms
[11.344s][debug][gc,phases         ] GC(6)     Code Roots Purge: 0.0ms
[11.344s][debug][gc,phases         ] GC(6)     Redirty Cards: 0.0ms
[11.344s][debug][gc,phases         ] GC(6)     DerivedPointerTable Update: 0.0ms
[11.344s][debug][gc,phases         ] GC(6)     Free Collection Set: 0.0ms
[11.344s][debug][gc,phases         ] GC(6)     Humongous Reclaim: 0.0ms
[11.344s][debug][gc,phases         ] GC(6)     Start New Collection Set: 0.0ms
[11.344s][debug][gc,phases         ] GC(6)     Resize TLABs: 0.0ms
[11.344s][debug][gc,phases         ] GC(6)     Expand Heap After Collection: 0.0ms
[11.344s][info ][gc,phases         ] GC(6)   Other: 0.4ms
[11.344s][info ][gc,heap           ] GC(6) Eden regions: 13->0(4)
[11.344s][info ][gc,heap           ] GC(6) Survivor regions: 2->2(2)
[11.344s][info ][gc,heap           ] GC(6) Old regions: 18->31
[11.344s][info ][gc,heap           ] GC(6) Humongous regions: 4->4
[11.344s][info ][gc,metaspace      ] GC(6) Metaspace: 13052K->13052K(1060864K)
[11.344s][debug][gc,heap           ] GC(6) Heap after GC invocations=7 (full 0): garbage-first heap   total 131072K, used 37310K [0x0000000780000000, 0x0000000800000000)
[11.344s][debug][gc,heap           ] GC(6)   region size 1024K, 2 young (2048K), 2 survivors (2048K)
[11.344s][debug][gc,heap           ] GC(6)  Metaspace       used 13052K, capacity 13479K, committed 13568K, reserved 1060864K
[11.344s][debug][gc,heap           ] GC(6)   class space    used 1346K, capacity 1505K, committed 1536K, reserved 1048576K
[11.344s][info ][gc                ] GC(6) Pause Young (Prepare Mixed) (G1 Evacuation Pause) 36M->36M(128M) 22.693ms
[11.344s][info ][gc,cpu            ] GC(6) User=0.06s Sys=0.01s Real=0.02s
[11.344s][debug][gc,refine         ] Deactivated worker 0, off threshold: 8, current: 3, processed: 2
[11.347s][debug][gc,refine         ] Activated worker 0, on threshold: 10, current: 11
[11.347s][debug][gc,refine         ] Deactivated worker 0, off threshold: 8, current: 8, processed: 3
[11.456s][debug][gc,heap           ] GC(7) Heap before GC invocations=7 (full 0): garbage-first heap   total 131072K, used 42430K [0x0000000780000000, 0x0000000800000000)
[11.456s][debug][gc,heap           ] GC(7)   region size 1024K, 6 young (6144K), 2 survivors (2048K)
[11.457s][debug][gc,heap           ] GC(7)  Metaspace       used 13052K, capacity 13479K, committed 13568K, reserved 1060864K
[11.457s][debug][gc,heap           ] GC(7)   class space    used 1346K, capacity 1505K, committed 1536K, reserved 1048576K
[11.457s][info ][gc,start          ] GC(7) Pause Young (Mixed) (G1 Evacuation Pause)
[11.457s][info ][gc,task           ] GC(7) Using 3 workers of 4 for evacuation
[11.457s][debug][gc,tlab           ] GC(7) TLAB totals: thrds: 1  refills: 57 max: 57 slow allocs: 3 max 3 waste:  1.5% gc: 28424B max: 28424B slow: 32968B max: 32968B fast: 0B max: 0B
[11.457s][debug][gc,alloc,region   ] GC(7) Mutator Allocation stats, regions: 4, wasted size: 0B ( 0.0%)
[11.457s][debug][gc,age            ] GC(7) Desired survivor size 524288 bytes, new threshold 1 (max threshold 15)
[11.457s][debug][gc,ergo,cset      ] GC(7) Finish adding old regions to CSet (reclaimable percentage not over threshold). old 5 regions, max 13 regions, reclaimable: 6409456B (4.78%) threshold: 5%
[11.457s][debug][gc,ergo,cset      ] GC(7) Finish choosing CSet. old: 5 regions, predicted old region time: 5.13ms, time remaining: 145.81
[11.457s][debug][gc,task,stats     ] GC(7) GC Termination Stats
[11.457s][debug][gc,task,stats     ] GC(7)      elapsed  --strong roots-- -------termination------- ------waste (KiB)------
[11.457s][debug][gc,task,stats     ] GC(7) thr     ms        ms      %        ms      %    attempts  total   alloc    undo
[11.457s][debug][gc,task,stats     ] GC(7) --- --------- --------- ------ --------- ------ -------- ------- ------- -------
[11.473s][debug][gc,task,stats     ] GC(7)   0     15.51      8.16  52.60      0.00   0.00        1       0       0       0
[11.473s][debug][gc,task,stats     ] GC(7)   2     15.57      8.90  57.14      0.01   0.03        2       0       0       0
[11.473s][debug][gc,task,stats     ] GC(7)   1     15.66     15.48  98.86      0.00   0.01        1       0       0       0
[11.473s][debug][gc,ergo           ] GC(7) Running G1 Clear Card Table Task using 1 workers for 1 units of work for 18 regions.
[11.473s][debug][gc,ref            ] GC(7) Skipped phase1 of Reference Processing due to unavailable references
[11.473s][debug][gc,ref            ] GC(7) Skipped phase2 of Reference Processing due to unavailable references
[11.473s][debug][gc,ref            ] GC(7) Skipped phase3 of Reference Processing due to unavailable references
[11.473s][debug][gc,ref            ] GC(7) Skipped phase4 of Reference Processing due to unavailable references
[11.473s][debug][gc,ergo           ] GC(7) Running G1 Free Collection Set using 1 workers for collection set length 11
[11.473s][debug][gc,humongous      ] GC(7) Live humongous region 3 object size 524304 start 0x0000000780300000  with remset 0 code roots 0 is marked 0 reclaim candidate 0 type array 0
[11.473s][debug][gc,humongous      ] GC(7) Live humongous region 19 object size 1048592 start 0x0000000781300000  with remset 0 code roots 0 is marked 0 reclaim candidate 0 type array 0
[11.473s][debug][gc,humongous      ] GC(7) Live humongous region 73 object size 524304 start 0x0000000784900000  with remset 0 code roots 0 is marked 0 reclaim candidate 0 type array 0
[11.473s][debug][gc,humongous      ] GC(7) Live humongous region 74 object size 1048592 start 0x0000000784a00000  with remset 1 code roots 0 is marked 0 reclaim candidate 0 type array 0
[11.473s][debug][gc,plab           ] GC(7) Young PLAB allocation: allocated: 1048576B, wasted: 208B, unused: 0B, used: 1048368B, undo waste: 0B, 
[11.473s][debug][gc,plab           ] GC(7) Young other allocation: region end waste: 0B, regions filled: 1, direct allocated: 0B, failure used: 0B, failure wasted: 0B
[11.473s][debug][gc,plab           ] GC(7) Young sizing: calculated: 209672B, actual: 262792B
[11.473s][debug][gc,plab           ] GC(7) Old PLAB allocation: allocated: 6359040B, wasted: 240B, unused: 1353896B, used: 5004904B, undo waste: 0B, 
[11.473s][debug][gc,plab           ] GC(7) Old other allocation: region end waste: 0B, regions filled: 7, direct allocated: 0B, failure used: 0B, failure wasted: 0B
[11.473s][debug][gc,plab           ] GC(7) Old sizing: calculated: 1000976B, actual: 1318656B
[11.473s][debug][gc,ergo,heap      ] GC(7) Attempt heap expansion (recent GC overhead higher than threshold after GC) recent GC overhead: 1.41 % threshold: 1.00 % uncommitted: 2013265920B base expansion amount and scale: 134217728B (20.00%)
[11.473s][debug][gc,ergo,heap      ] GC(7) Expand the heap. requested expansion amount: 26843545B expansion amount: 27262976B
[11.474s][debug][gc,ihop           ] GC(7) Target occupancy update: old: 134217728B, new: 161480704B
[11.474s][debug][gc,ergo           ] GC(7) do not continue mixed GCs (reclaimable percentage not over threshold). candidate old regions: 9 reclaimable: 6409456 (3.97) threshold: 5
[11.474s][debug][gc,alloc,stats    ] Old generation allocation in the last mutator period, old gen allocated: 6359040B, humongous allocated: 2097152B,old gen growth: 8456192B.
[11.474s][debug][gc,ihop           ] GC(7) Basic information (value update), threshold: 72666316B (45.00), target occupancy: 161480704B, current occupancy: 40370176B, recent allocation size: 8456192B, recent allocation duration: 123.28ms, recent old gen allocation rate: 68594457.58B/s, recent marking phase length: 237.03ms
[11.474s][debug][gc,ihop           ] GC(7) Adaptive IHOP information (value update), threshold: 72666316B (47.37), internal target occupancy: 153406668B, occupancy: 40370176B, additional buffer size: 0B, predicted old gen allocation rate: 295262952.29B/s, predicted marking phase length: 474.07ms, prediction active: false
[11.474s][debug][gc,ergo,refine    ] GC(7) Updated Refinement Zones: green: 9, yellow: 27, red: 45
[11.474s][info ][gc,phases         ] GC(7)   Pre Evacuate Collection Set: 0.1ms
[11.474s][debug][gc,phases         ] GC(7)     Prepare TLABs: 0.0ms
[11.474s][debug][gc,phases         ] GC(7)     Choose Collection Set: 0.1ms
[11.474s][debug][gc,phases         ] GC(7)     Humongous Register: 0.0ms
[11.474s][info ][gc,phases         ] GC(7)   Evacuate Collection Set: 16.0ms
[11.474s][debug][gc,phases         ] GC(7)     Ext Root Scanning (ms):   Min:  0.2, Avg:  0.3, Max:  0.3, Diff:  0.0, Sum:  0.8, Workers: 3
[11.474s][debug][gc,phases         ] GC(7)     Update RS (ms):           Min:  0.8, Avg:  1.8, Max:  2.9, Diff:  2.1, Sum:  5.4, Workers: 3
[11.474s][debug][gc,phases         ] GC(7)       Processed Buffers:        Min: 1, Avg:  3.0, Max: 6, Diff: 5, Sum: 9, Workers: 3
[11.474s][debug][gc,phases         ] GC(7)       Scanned Cards:            Min: 256, Avg: 744.3, Max: 1465, Diff: 1209, Sum: 2233, Workers: 3
[11.474s][debug][gc,phases         ] GC(7)       Skipped Cards:            Min: 0, Avg:  0.0, Max: 0, Diff: 0, Sum: 0, Workers: 3
[11.474s][debug][gc,phases         ] GC(7)     Scan RS (ms):             Min:  0.0, Avg:  0.1, Max:  0.4, Diff:  0.4, Sum:  0.4, Workers: 3
[11.474s][debug][gc,phases         ] GC(7)       Scanned Cards:            Min: 0, Avg: 11.3, Max: 34, Diff: 34, Sum: 34, Workers: 3
[11.474s][debug][gc,phases         ] GC(7)       Claimed Cards:            Min: 0, Avg: 13.3, Max: 40, Diff: 40, Sum: 40, Workers: 3
[11.474s][debug][gc,phases         ] GC(7)       Skipped Cards:            Min: 0, Avg:  0.0, Max: 0, Diff: 0, Sum: 0, Workers: 3
[11.474s][debug][gc,phases         ] GC(7)     Code Root Scanning (ms):  Min:  0.0, Avg:  0.0, Max:  0.0, Diff:  0.0, Sum:  0.0, Workers: 3
[11.474s][debug][gc,phases         ] GC(7)     JVMCI Root Scan (ms):     skipped
[11.474s][debug][gc,phases         ] GC(7)     Object Copy (ms):         Min: 11.9, Avg: 13.3, Max: 14.4, Diff:  2.5, Sum: 39.8, Workers: 3
[11.474s][debug][gc,phases         ] GC(7)     Termination (ms):         Min:  0.0, Avg:  0.0, Max:  0.0, Diff:  0.0, Sum:  0.0, Workers: 3
[11.474s][debug][gc,phases         ] GC(7)       Termination Attempts:     Min: 1, Avg:  1.3, Max: 2, Diff: 1, Sum: 4, Workers: 3
[11.474s][debug][gc,phases         ] GC(7)     GC Worker Other (ms):     Min:  0.1, Avg:  0.2, Max:  0.3, Diff:  0.2, Sum:  0.6, Workers: 3
[11.474s][debug][gc,phases         ] GC(7)     GC Worker Total (ms):     Min: 15.6, Avg: 15.7, Max: 15.8, Diff:  0.2, Sum: 47.0, Workers: 3
[11.474s][info ][gc,phases         ] GC(7)   Post Evacuate Collection Set: 0.7ms
[11.474s][debug][gc,phases         ] GC(7)     Code Roots Fixup: 0.0ms
[11.474s][debug][gc,phases         ] GC(7)     Clear Card Table: 0.1ms
[11.474s][debug][gc,phases         ] GC(7)     Reference Processing: 0.1ms
[11.474s][debug][gc,phases,ref     ] GC(7)       Reconsider SoftReferences: 0.0ms
[11.474s][debug][gc,phases,ref     ] GC(7)         SoftRef (ms):             skipped
[11.474s][debug][gc,phases,ref     ] GC(7)       Notify Soft/WeakReferences: 0.0ms
[11.474s][debug][gc,phases,ref     ] GC(7)         SoftRef (ms):             skipped
[11.474s][debug][gc,phases,ref     ] GC(7)         WeakRef (ms):             skipped
[11.474s][debug][gc,phases,ref     ] GC(7)         FinalRef (ms):            skipped
[11.474s][debug][gc,phases,ref     ] GC(7)         Total (ms):               skipped
[11.474s][debug][gc,phases,ref     ] GC(7)       Notify and keep alive finalizable: 0.0ms
[11.474s][debug][gc,phases,ref     ] GC(7)         FinalRef (ms):            skipped
[11.474s][debug][gc,phases,ref     ] GC(7)       Notify PhantomReferences: 0.0ms
[11.474s][debug][gc,phases,ref     ] GC(7)         PhantomRef (ms):          skipped
[11.474s][debug][gc,phases,ref     ] GC(7)       SoftReference:
[11.474s][debug][gc,phases,ref     ] GC(7)         Discovered: 0
[11.474s][debug][gc,phases,ref     ] GC(7)         Cleared: 0
[11.474s][debug][gc,phases,ref     ] GC(7)       WeakReference:
[11.474s][debug][gc,phases,ref     ] GC(7)         Discovered: 0
[11.474s][debug][gc,phases,ref     ] GC(7)         Cleared: 0
[11.474s][debug][gc,phases,ref     ] GC(7)       FinalReference:
[11.474s][debug][gc,phases,ref     ] GC(7)         Discovered: 0
[11.474s][debug][gc,phases,ref     ] GC(7)         Cleared: 0
[11.474s][debug][gc,phases,ref     ] GC(7)       PhantomReference:
[11.474s][debug][gc,phases,ref     ] GC(7)         Discovered: 0
[11.474s][debug][gc,phases,ref     ] GC(7)         Cleared: 0
[11.474s][debug][gc,phases         ] GC(7)     Weak Processing: 0.0ms
[11.474s][debug][gc,phases         ] GC(7)     Merge Per-Thread State: 0.0ms
[11.474s][debug][gc,phases         ] GC(7)     Code Roots Purge: 0.0ms
[11.474s][debug][gc,phases         ] GC(7)     Redirty Cards: 0.0ms
[11.474s][debug][gc,phases         ] GC(7)     DerivedPointerTable Update: 0.0ms
[11.474s][debug][gc,phases         ] GC(7)     Free Collection Set: 0.0ms
[11.474s][debug][gc,phases         ] GC(7)     Humongous Reclaim: 0.1ms
[11.474s][debug][gc,phases         ] GC(7)     Start New Collection Set: 0.0ms
[11.474s][debug][gc,phases         ] GC(7)     Resize TLABs: 0.0ms
[11.474s][debug][gc,phases         ] GC(7)     Expand Heap After Collection: 0.3ms
[11.474s][info ][gc,phases         ] GC(7)   Other: 0.7ms
[11.475s][info ][gc,heap           ] GC(7) Eden regions: 4->0(31)
[11.475s][info ][gc,heap           ] GC(7) Survivor regions: 2->1(1)
[11.475s][info ][gc,heap           ] GC(7) Old regions: 31->32
[11.475s][info ][gc,heap           ] GC(7) Humongous regions: 6->6
[11.475s][info ][gc,metaspace      ] GC(7) Metaspace: 13052K->13052K(1060864K)
[11.475s][debug][gc,heap           ] GC(7) Heap after GC invocations=8 (full 0): garbage-first heap   total 157696K, used 39424K [0x0000000780000000, 0x0000000800000000)
[11.475s][debug][gc,heap           ] GC(7)   region size 1024K, 1 young (1024K), 1 survivors (1024K)
[11.475s][debug][gc,heap           ] GC(7)  Metaspace       used 13052K, capacity 13479K, committed 13568K, reserved 1060864K
[11.475s][debug][gc,heap           ] GC(7)   class space    used 1346K, capacity 1505K, committed 1536K, reserved 1048576K
[11.475s][info ][gc                ] GC(7) Pause Young (Mixed) (G1 Evacuation Pause) 42M->38M(154M) 17.989ms
[11.475s][info ][gc,cpu            ] GC(7) User=0.04s Sys=0.00s Real=0.02s
[11.490s][debug][gc,refine         ] Activated worker 0, on threshold: 11, current: 15
[11.491s][debug][gc,refine         ] Deactivated worker 0, off threshold: 9, current: 9, processed: 6
[11.604s][debug][gc,refine         ] Activated worker 0, on threshold: 11, current: 13
[11.606s][debug][gc,refine         ] Deactivated worker 0, off threshold: 9, current: 9, processed: 4
[11.611s][debug][gc,refine         ] Activated worker 0, on threshold: 11, current: 11
[11.612s][debug][gc,refine         ] Deactivated worker 0, off threshold: 9, current: 9, processed: 2
[11.612s][debug][gc,refine         ] Activated worker 0, on threshold: 11, current: 15
[11.613s][debug][gc,refine         ] Deactivated worker 0, off threshold: 9, current: 9, processed: 6
[11.728s][debug][gc,refine         ] Activated worker 0, on threshold: 11, current: 13
[11.730s][debug][gc,refine         ] Deactivated worker 0, off threshold: 9, current: 9, processed: 4
[11.733s][debug][gc,refine         ] Activated worker 0, on threshold: 11, current: 11
[11.733s][debug][gc,refine         ] Deactivated worker 0, off threshold: 9, current: 9, processed: 2
[11.839s][debug][gc,refine         ] Activated worker 0, on threshold: 11, current: 15
[11.841s][debug][gc,heap           ] GC(8) Heap before GC invocations=8 (full 0): garbage-first heap   total 157696K, used 80384K [0x0000000780000000, 0x0000000800000000)
[11.841s][debug][gc,heap           ] GC(8)   region size 1024K, 32 young (32768K), 1 survivors (1024K)
[11.841s][debug][gc,heap           ] GC(8)  Metaspace       used 13053K, capacity 13479K, committed 13568K, reserved 1060864K
[11.841s][debug][gc,heap           ] GC(8)   class space    used 1346K, capacity 1505K, committed 1536K, reserved 1048576K
[11.841s][info ][gc,start          ] GC(8) Pause Young (Normal) (G1 Evacuation Pause)
[11.841s][info ][gc,task           ] GC(8) Using 3 workers of 4 for evacuation
[11.841s][debug][gc,tlab           ] GC(8) TLAB totals: thrds: 5  refills: 93 max: 89 slow allocs: 9 max 9 waste:  1.5% gc: 415080B max: 214352B slow: 52400B max: 52400B fast: 0B max: 0B
[11.841s][debug][gc,alloc,region   ] GC(8) Mutator Allocation stats, regions: 31, wasted size: 0B ( 0.0%)
[11.841s][debug][gc,age            ] GC(8) Desired survivor size 2097152 bytes, new threshold 15 (max threshold 15)
[11.841s][debug][gc,ergo,cset      ] GC(8) Finish choosing CSet. old: 0 regions, predicted old region time: 0.00ms, time remaining: 24.07
[11.841s][debug][gc,task,stats     ] GC(8) GC Termination Stats
[11.842s][debug][gc,task,stats     ] GC(8)      elapsed  --strong roots-- -------termination------- ------waste (KiB)------
[11.842s][debug][gc,task,stats     ] GC(8) thr     ms        ms      %        ms      %    attempts  total   alloc    undo
[11.842s][debug][gc,task,stats     ] GC(8) --- --------- --------- ------ --------- ------ -------- ------- ------- -------
[11.890s][debug][gc,task,stats     ] GC(8)   0     48.24     47.25  97.94      0.00   0.00        1       1       1       0
[11.890s][debug][gc,task,stats     ] GC(8)   2     48.30     46.20  95.64      0.01   0.01        2       0       0       0
[11.890s][debug][gc,task,stats     ] GC(8)   1     48.39     48.20  99.61      0.00   0.01        1       0       0       0
[11.890s][debug][gc,ergo           ] GC(8) Running G1 Clear Card Table Task using 1 workers for 1 units of work for 42 regions.
[11.890s][debug][gc,ref            ] GC(8) Skipped phase1 of Reference Processing due to unavailable references
[11.890s][debug][gc,ref            ] GC(8) Skipped phase2 of Reference Processing due to unavailable references
[11.890s][debug][gc,ref            ] GC(8) Skipped phase3 of Reference Processing due to unavailable references
[11.890s][debug][gc,ref            ] GC(8) Skipped phase4 of Reference Processing due to unavailable references
[11.890s][debug][gc,ergo           ] GC(8) Running G1 Free Collection Set using 1 workers for collection set length 32
[11.890s][debug][gc,humongous      ] GC(8) Live humongous region 3 object size 524304 start 0x0000000780300000  with remset 0 code roots 0 is marked 0 reclaim candidate 0 type array 0
[11.890s][debug][gc,humongous      ] GC(8) Live humongous region 19 object size 1048592 start 0x0000000781300000  with remset 0 code roots 0 is marked 0 reclaim candidate 0 type array 0
[11.890s][debug][gc,humongous      ] GC(8) Live humongous region 25 object size 524304 start 0x0000000781900000  with remset 0 code roots 0 is marked 0 reclaim candidate 0 type array 0
[11.890s][debug][gc,humongous      ] GC(8) Live humongous region 26 object size 524304 start 0x0000000781a00000  with remset 0 code roots 0 is marked 0 reclaim candidate 0 type array 0
[11.890s][debug][gc,humongous      ] GC(8) Live humongous region 29 object size 1048592 start 0x0000000781d00000  with remset 0 code roots 0 is marked 0 reclaim candidate 0 type array 0
[11.890s][debug][gc,humongous      ] GC(8) Live humongous region 31 object size 1048592 start 0x0000000781f00000  with remset 0 code roots 0 is marked 0 reclaim candidate 0 type array 0
[11.890s][debug][gc,humongous      ] GC(8) Live humongous region 33 object size 524304 start 0x0000000782100000  with remset 0 code roots 0 is marked 0 reclaim candidate 0 type array 0
[11.890s][debug][gc,humongous      ] GC(8) Live humongous region 34 object size 1048592 start 0x0000000782200000  with remset 0 code roots 0 is marked 0 reclaim candidate 0 type array 0
[11.890s][debug][gc,humongous      ] GC(8) Live humongous region 73 object size 524304 start 0x0000000784900000  with remset 0 code roots 0 is marked 0 reclaim candidate 0 type array 0
[11.890s][debug][gc,humongous      ] GC(8) Live humongous region 74 object size 1048592 start 0x0000000784a00000  with remset 1 code roots 0 is marked 0 reclaim candidate 0 type array 0
[11.890s][debug][gc,plab           ] GC(8) Young PLAB allocation: allocated: 4194304B, wasted: 1160B, unused: 0B, used: 4193144B, undo waste: 0B, 
[11.890s][debug][gc,plab           ] GC(8) Young other allocation: region end waste: 0B, regions filled: 4, direct allocated: 0B, failure used: 0B, failure wasted: 0B
[11.890s][debug][gc,plab           ] GC(8) Young sizing: calculated: 838624B, actual: 694664B
[11.890s][debug][gc,plab           ] GC(8) Old PLAB allocation: allocated: 27787264B, wasted: 1752B, unused: 541152B, used: 27244360B, undo waste: 0B, 
[11.890s][debug][gc,plab           ] GC(8) Old other allocation: region end waste: 0B, regions filled: 27, direct allocated: 0B, failure used: 0B, failure wasted: 0B
[11.890s][debug][gc,plab           ] GC(8) Old sizing: calculated: 5448872B, actual: 4416312B
[11.890s][debug][gc,ergo,ihop      ] GC(8) Request concurrent cycle initiation (occupancy higher than threshold) occupancy: 76546048B allocation request: 0B threshold: 72666316B (45.00) source: end of GC
[11.890s][debug][gc,alloc,stats    ] Old generation allocation in the last mutator period, old gen allocated: 27787264B, humongous allocated: 9437184B,old gen growth: 37224448B.
[11.891s][debug][gc,ihop           ] GC(8) Basic information (value update), threshold: 72666316B (45.00), target occupancy: 161480704B, current occupancy: 80740352B, recent allocation size: 37224448B, recent allocation duration: 367.55ms, recent old gen allocation rate: 101277593.14B/s, recent marking phase length: 237.03ms
[11.891s][debug][gc,ihop           ] GC(8) Adaptive IHOP information (value update), threshold: 72666316B (47.37), internal target occupancy: 153406668B, occupancy: 80740352B, additional buffer size: 24117248B, predicted old gen allocation rate: 290192386.01B/s, predicted marking phase length: 474.07ms, prediction active: false
[11.891s][debug][gc,ergo,refine    ] GC(8) Updated Refinement Zones: green: 10, yellow: 30, red: 50
[11.891s][info ][gc,phases         ] GC(8)   Pre Evacuate Collection Set: 0.0ms
[11.891s][debug][gc,phases         ] GC(8)     Prepare TLABs: 0.0ms
[11.891s][debug][gc,phases         ] GC(8)     Choose Collection Set: 0.0ms
[11.891s][debug][gc,phases         ] GC(8)     Humongous Register: 0.0ms
[11.891s][info ][gc,phases         ] GC(8)   Evacuate Collection Set: 48.6ms
[11.891s][debug][gc,phases         ] GC(8)     Ext Root Scanning (ms):   Min:  0.2, Avg:  0.2, Max:  0.2, Diff:  0.1, Sum:  0.6, Workers: 3
[11.891s][debug][gc,phases         ] GC(8)     Update RS (ms):           Min:  0.8, Avg:  1.2, Max:  1.6, Diff:  0.8, Sum:  3.7, Workers: 3
[11.891s][debug][gc,phases         ] GC(8)       Processed Buffers:        Min: 1, Avg:  4.7, Max: 11, Diff: 10, Sum: 14, Workers: 3
[11.891s][debug][gc,phases         ] GC(8)       Scanned Cards:            Min: 256, Avg: 813.0, Max: 1671, Diff: 1415, Sum: 2439, Workers: 3
[11.891s][debug][gc,phases         ] GC(8)       Skipped Cards:            Min: 0, Avg:  0.3, Max: 1, Diff: 1, Sum: 1, Workers: 3
[11.891s][debug][gc,phases         ] GC(8)     Scan RS (ms):             Min:  1.4, Avg:  1.6, Max:  1.7, Diff:  0.2, Sum:  4.7, Workers: 3
[11.891s][debug][gc,phases         ] GC(8)       Scanned Cards:            Min: 463, Avg: 514.3, Max: 593, Diff: 130, Sum: 1543, Workers: 3
[11.891s][debug][gc,phases         ] GC(8)       Claimed Cards:            Min: 467, Avg: 520.7, Max: 599, Diff: 132, Sum: 1562, Workers: 3
[11.891s][debug][gc,phases         ] GC(8)       Skipped Cards:            Min: 191, Avg: 435.0, Max: 650, Diff: 459, Sum: 1305, Workers: 3
[11.891s][debug][gc,phases         ] GC(8)     Code Root Scanning (ms):  Min:  0.0, Avg:  0.0, Max:  0.0, Diff:  0.0, Sum:  0.0, Workers: 3
[11.891s][debug][gc,phases         ] GC(8)     JVMCI Root Scan (ms):     skipped
[11.891s][debug][gc,phases         ] GC(8)     Object Copy (ms):         Min: 44.8, Avg: 45.2, Max: 45.7, Diff:  0.9, Sum: 135.5, Workers: 3
[11.891s][debug][gc,phases         ] GC(8)     Termination (ms):         Min:  0.0, Avg:  0.0, Max:  0.0, Diff:  0.0, Sum:  0.0, Workers: 3
[11.891s][debug][gc,phases         ] GC(8)       Termination Attempts:     Min: 1, Avg:  1.3, Max: 2, Diff: 1, Sum: 4, Workers: 3
[11.891s][debug][gc,phases         ] GC(8)     GC Worker Other (ms):     Min:  0.1, Avg:  0.2, Max:  0.2, Diff:  0.1, Sum:  0.5, Workers: 3
[11.891s][debug][gc,phases         ] GC(8)     GC Worker Total (ms):     Min: 48.3, Avg: 48.4, Max: 48.4, Diff:  0.1, Sum: 145.1, Workers: 3
[11.891s][info ][gc,phases         ] GC(8)   Post Evacuate Collection Set: 0.4ms
[11.891s][debug][gc,phases         ] GC(8)     Code Roots Fixup: 0.0ms
[11.891s][debug][gc,phases         ] GC(8)     Clear Card Table: 0.0ms
[11.891s][debug][gc,phases         ] GC(8)     Reference Processing: 0.1ms
[11.891s][debug][gc,phases,ref     ] GC(8)       Reconsider SoftReferences: 0.0ms
[11.891s][debug][gc,phases,ref     ] GC(8)         SoftRef (ms):             skipped
[11.891s][debug][gc,phases,ref     ] GC(8)       Notify Soft/WeakReferences: 0.0ms
[11.891s][debug][gc,phases,ref     ] GC(8)         SoftRef (ms):             skipped
[11.891s][debug][gc,phases,ref     ] GC(8)         WeakRef (ms):             skipped
[11.891s][debug][gc,phases,ref     ] GC(8)         FinalRef (ms):            skipped
[11.891s][debug][gc,phases,ref     ] GC(8)         Total (ms):               skipped
[11.891s][debug][gc,phases,ref     ] GC(8)       Notify and keep alive finalizable: 0.0ms
[11.891s][debug][gc,phases,ref     ] GC(8)         FinalRef (ms):            skipped
[11.891s][debug][gc,phases,ref     ] GC(8)       Notify PhantomReferences: 0.0ms
[11.891s][debug][gc,phases,ref     ] GC(8)         PhantomRef (ms):          skipped
[11.891s][debug][gc,phases,ref     ] GC(8)       SoftReference:
[11.891s][debug][gc,phases,ref     ] GC(8)         Discovered: 0
[11.891s][debug][gc,phases,ref     ] GC(8)         Cleared: 0
[11.891s][debug][gc,phases,ref     ] GC(8)       WeakReference:
[11.891s][debug][gc,phases,ref     ] GC(8)         Discovered: 0
[11.891s][debug][gc,phases,ref     ] GC(8)         Cleared: 0
[11.891s][debug][gc,phases,ref     ] GC(8)       FinalReference:
[11.891s][debug][gc,phases,ref     ] GC(8)         Discovered: 0
[11.891s][debug][gc,phases,ref     ] GC(8)         Cleared: 0
[11.891s][debug][gc,phases,ref     ] GC(8)       PhantomReference:
[11.891s][debug][gc,phases,ref     ] GC(8)         Discovered: 0
[11.891s][debug][gc,phases,ref     ] GC(8)         Cleared: 0
[11.891s][debug][gc,phases         ] GC(8)     Weak Processing: 0.0ms
[11.891s][debug][gc,phases         ] GC(8)     Merge Per-Thread State: 0.0ms
[11.891s][debug][gc,phases         ] GC(8)     Code Roots Purge: 0.0ms
[11.891s][debug][gc,phases         ] GC(8)     Redirty Cards: 0.0ms
[11.891s][debug][gc,phases         ] GC(8)     DerivedPointerTable Update: 0.0ms
[11.891s][debug][gc,phases         ] GC(8)     Free Collection Set: 0.1ms
[11.891s][debug][gc,phases         ] GC(8)     Humongous Reclaim: 0.1ms
[11.891s][debug][gc,phases         ] GC(8)     Start New Collection Set: 0.0ms
[11.891s][debug][gc,phases         ] GC(8)     Resize TLABs: 0.0ms
[11.891s][debug][gc,phases         ] GC(8)     Expand Heap After Collection: 0.0ms
[11.891s][info ][gc,phases         ] GC(8)   Other: 0.7ms
[11.891s][info ][gc,heap           ] GC(8) Eden regions: 31->0(19)
[11.891s][info ][gc,heap           ] GC(8) Survivor regions: 1->4(4)
[11.891s][info ][gc,heap           ] GC(8) Old regions: 32->58
[11.891s][info ][gc,heap           ] GC(8) Humongous regions: 15->15
[11.891s][info ][gc,metaspace      ] GC(8) Metaspace: 13053K->13053K(1060864K)
[11.891s][debug][gc,heap           ] GC(8) Heap after GC invocations=9 (full 0): garbage-first heap   total 157696K, used 78848K [0x0000000780000000, 0x0000000800000000)
[11.891s][debug][gc,heap           ] GC(8)   region size 1024K, 4 young (4096K), 4 survivors (4096K)
[11.891s][debug][gc,heap           ] GC(8)  Metaspace       used 13053K, capacity 13479K, committed 13568K, reserved 1060864K
[11.892s][debug][gc,heap           ] GC(8)   class space    used 1346K, capacity 1505K, committed 1536K, reserved 1048576K
[11.892s][info ][gc                ] GC(8) Pause Young (Normal) (G1 Evacuation Pause) 78M->77M(154M) 50.336ms
[11.892s][info ][gc,cpu            ] GC(8) User=0.14s Sys=0.00s Real=0.05s
[11.892s][debug][gc,refine         ] Deactivated worker 0, off threshold: 10, current: 3, processed: 6
[11.895s][debug][gc,ergo,ihop      ] Request concurrent cycle initiation (occupancy higher than threshold) occupancy: 76546048B allocation request: 524304B threshold: 72666316B (45.00) source: concurrent humongous allocation
[11.895s][debug][gc,ergo           ] Request concurrent cycle initiation (requested by GC cause). GC cause: G1 Humongous Allocation
[11.895s][debug][gc,heap           ] GC(9) Heap before GC invocations=9 (full 0): garbage-first heap   total 157696K, used 82944K [0x0000000780000000, 0x0000000800000000)
[11.896s][debug][gc,heap           ] GC(9)   region size 1024K, 9 young (9216K), 4 survivors (4096K)
[11.896s][debug][gc,heap           ] GC(9)  Metaspace       used 13053K, capacity 13479K, committed 13568K, reserved 1060864K
[11.896s][debug][gc,heap           ] GC(9)   class space    used 1346K, capacity 1505K, committed 1536K, reserved 1048576K
[11.896s][debug][gc,ergo           ] GC(9) Initiate concurrent cycle (concurrent cycle initiation requested)
[11.896s][info ][gc,start          ] GC(9) Pause Young (Concurrent Start) (G1 Humongous Allocation)
[11.896s][info ][gc,task           ] GC(9) Using 3 workers of 4 for evacuation
[11.896s][debug][gc,tlab           ] GC(9) TLAB totals: thrds: 1  refills: 20 max: 20 slow allocs: 2 max 2 waste:  4.1% gc: 190624B max: 190624B slow: 11264B max: 11264B fast: 0B max: 0B
[11.896s][debug][gc,alloc,region   ] GC(9) Mutator Allocation stats, regions: 5, wasted size: 0B ( 0.0%)
[11.896s][debug][gc,age            ] GC(9) Desired survivor size 1572864 bytes, new threshold 1 (max threshold 15)
[11.896s][debug][gc,ergo,cset      ] GC(9) Finish choosing CSet. old: 0 regions, predicted old region time: 0.00ms, time remaining: 163.54
[11.896s][debug][gc,task,stats     ] GC(9) GC Termination Stats
[11.896s][debug][gc,task,stats     ] GC(9)      elapsed  --strong roots-- -------termination------- ------waste (KiB)------
[11.896s][debug][gc,task,stats     ] GC(9) thr     ms        ms      %        ms      %    attempts  total   alloc    undo
[11.896s][debug][gc,task,stats     ] GC(9) --- --------- --------- ------ --------- ------ -------- ------- ------- -------
[11.908s][debug][gc,task,stats     ] GC(9)   1     11.80      5.15  43.59      0.00   0.04        5       0       0       0
[11.908s][debug][gc,task,stats     ] GC(9)   0     11.89      7.76  65.26      0.01   0.08        4       0       0       0
[11.908s][debug][gc,task,stats     ] GC(9)   2     11.88      3.87  32.59      0.00   0.03        2       0       0       0
[11.908s][debug][gc,ergo           ] GC(9) Running G1 Clear Card Table Task using 1 workers for 1 units of work for 13 regions.
[11.908s][debug][gc,ref            ] GC(9) Skipped phase1 of Reference Processing due to unavailable references
[11.908s][debug][gc,ref            ] GC(9) Skipped phase2 of Reference Processing due to unavailable references
[11.908s][debug][gc,ref            ] GC(9) Skipped phase3 of Reference Processing due to unavailable references
[11.908s][debug][gc,ref            ] GC(9) Skipped phase4 of Reference Processing due to unavailable references
[11.908s][debug][gc,ergo           ] GC(9) Running G1 Free Collection Set using 1 workers for collection set length 9
[11.908s][debug][gc,humongous      ] GC(9) Live humongous region 3 object size 524304 start 0x0000000780300000  with remset 0 code roots 0 is marked 0 reclaim candidate 0 type array 0
[11.908s][debug][gc,humongous      ] GC(9) Live humongous region 19 object size 1048592 start 0x0000000781300000  with remset 0 code roots 0 is marked 0 reclaim candidate 0 type array 0
[11.908s][debug][gc,humongous      ] GC(9) Live humongous region 25 object size 524304 start 0x0000000781900000  with remset 0 code roots 0 is marked 0 reclaim candidate 0 type array 0
[11.908s][debug][gc,humongous      ] GC(9) Live humongous region 26 object size 524304 start 0x0000000781a00000  with remset 0 code roots 0 is marked 0 reclaim candidate 0 type array 0
[11.908s][debug][gc,humongous      ] GC(9) Live humongous region 29 object size 1048592 start 0x0000000781d00000  with remset 0 code roots 0 is marked 0 reclaim candidate 0 type array 0
[11.908s][debug][gc,humongous      ] GC(9) Live humongous region 31 object size 1048592 start 0x0000000781f00000  with remset 0 code roots 0 is marked 0 reclaim candidate 0 type array 0
[11.908s][debug][gc,humongous      ] GC(9) Live humongous region 33 object size 524304 start 0x0000000782100000  with remset 0 code roots 0 is marked 0 reclaim candidate 0 type array 0
[11.908s][debug][gc,humongous      ] GC(9) Live humongous region 34 object size 1048592 start 0x0000000782200000  with remset 0 code roots 0 is marked 0 reclaim candidate 0 type array 0
[11.908s][debug][gc,humongous      ] GC(9) Live humongous region 73 object size 524304 start 0x0000000784900000  with remset 0 code roots 0 is marked 0 reclaim candidate 0 type array 0
[11.908s][debug][gc,humongous      ] GC(9) Live humongous region 74 object size 1048592 start 0x0000000784a00000  with remset 1 code roots 0 is marked 0 reclaim candidate 0 type array 0
[11.908s][debug][gc,plab           ] GC(9) Young PLAB allocation: allocated: 2883568B, wasted: 336B, unused: 0B, used: 2883232B, undo waste: 0B, 
[11.908s][debug][gc,plab           ] GC(9) Young other allocation: region end waste: 0B, regions filled: 3, direct allocated: 262160B, failure used: 0B, failure wasted: 0B
[11.908s][debug][gc,plab           ] GC(9) Young sizing: calculated: 576640B, actual: 606144B
[11.908s][debug][gc,plab           ] GC(9) Old PLAB allocation: allocated: 6815744B, wasted: 224B, unused: 923416B, used: 5892104B, undo waste: 0B, 
[11.908s][debug][gc,plab           ] GC(9) Old other allocation: region end waste: 0B, regions filled: 7, direct allocated: 0B, failure used: 0B, failure wasted: 0B
[11.908s][debug][gc,plab           ] GC(9) Old sizing: calculated: 1178416B, actual: 1987888B
[11.908s][debug][gc,alloc,stats    ] Old generation allocation in the last mutator period, old gen allocated: 6815744B, humongous allocated: 0B,old gen growth: 6815744B.
[11.908s][debug][gc,ihop           ] GC(9) Basic information (value update), threshold: 72666316B (45.00), target occupancy: 161480704B, current occupancy: 86507520B, recent allocation size: 6815744B, recent allocation duration: 5.17ms, recent old gen allocation rate: 1317991001.51B/s, recent marking phase length: 237.03ms
[11.908s][debug][gc,ihop           ] GC(9) Adaptive IHOP information (value update), threshold: 72666316B (47.37), internal target occupancy: 153406668B, occupancy: 86507520B, additional buffer size: 20971520B, predicted old gen allocation rate: 387649967.91B/s, predicted marking phase length: 474.07ms, prediction active: false
[11.908s][debug][gc,ergo,refine    ] GC(9) Updated Refinement Zones: green: 10, yellow: 30, red: 50
[11.908s][info ][gc,phases         ] GC(9)   Pre Evacuate Collection Set: 0.1ms
[11.908s][debug][gc,phases         ] GC(9)     Prepare TLABs: 0.0ms
[11.908s][debug][gc,phases         ] GC(9)     Choose Collection Set: 0.0ms
[11.908s][debug][gc,phases         ] GC(9)     Humongous Register: 0.0ms
[11.908s][debug][gc,phases         ] GC(9)     Clear Claimed Marks: 0.0ms
[11.908s][info ][gc,phases         ] GC(9)   Evacuate Collection Set: 12.0ms
[11.908s][debug][gc,phases         ] GC(9)     Ext Root Scanning (ms):   Min:  0.3, Avg:  0.3, Max:  0.3, Diff:  0.0, Sum:  0.9, Workers: 3
[11.908s][debug][gc,phases         ] GC(9)     Update RS (ms):           Min:  0.2, Avg:  0.2, Max:  0.3, Diff:  0.1, Sum:  0.7, Workers: 3
[11.908s][debug][gc,phases         ] GC(9)       Processed Buffers:        Min: 1, Avg:  1.3, Max: 2, Diff: 1, Sum: 4, Workers: 3
[11.908s][debug][gc,phases         ] GC(9)       Scanned Cards:            Min: 86, Avg: 109.7, Max: 128, Diff: 42, Sum: 329, Workers: 3
[11.908s][debug][gc,phases         ] GC(9)       Skipped Cards:            Min: 0, Avg:  0.0, Max: 0, Diff: 0, Sum: 0, Workers: 3
[11.908s][debug][gc,phases         ] GC(9)     Scan RS (ms):             Min:  0.0, Avg:  0.0, Max:  0.0, Diff:  0.0, Sum:  0.0, Workers: 3
[11.908s][debug][gc,phases         ] GC(9)       Scanned Cards:            Min: 0, Avg:  0.0, Max: 0, Diff: 0, Sum: 0, Workers: 3
[11.908s][debug][gc,phases         ] GC(9)       Claimed Cards:            Min: 0, Avg:  0.0, Max: 0, Diff: 0, Sum: 0, Workers: 3
[11.908s][debug][gc,phases         ] GC(9)       Skipped Cards:            Min: 0, Avg:  0.0, Max: 0, Diff: 0, Sum: 0, Workers: 3
[11.908s][debug][gc,phases         ] GC(9)     Code Root Scanning (ms):  Min:  0.0, Avg:  0.0, Max:  0.0, Diff:  0.0, Sum:  0.0, Workers: 3
[11.908s][debug][gc,phases         ] GC(9)     JVMCI Root Scan (ms):     skipped
[11.908s][debug][gc,phases         ] GC(9)     Object Copy (ms):         Min: 11.2, Avg: 11.2, Max: 11.3, Diff:  0.1, Sum: 33.7, Workers: 3
[11.908s][debug][gc,phases         ] GC(9)     Termination (ms):         Min:  0.0, Avg:  0.0, Max:  0.0, Diff:  0.0, Sum:  0.0, Workers: 3
[11.908s][debug][gc,phases         ] GC(9)       Termination Attempts:     Min: 2, Avg:  3.7, Max: 5, Diff: 3, Sum: 11, Workers: 3
[11.908s][debug][gc,phases         ] GC(9)     GC Worker Other (ms):     Min:  0.1, Avg:  0.1, Max:  0.1, Diff:  0.1, Sum:  0.3, Workers: 3
[11.908s][debug][gc,phases         ] GC(9)     GC Worker Total (ms):     Min: 11.9, Avg: 11.9, Max: 11.9, Diff:  0.0, Sum: 35.7, Workers: 3
[11.908s][info ][gc,phases         ] GC(9)   Post Evacuate Collection Set: 0.3ms
[11.908s][debug][gc,phases         ] GC(9)     Code Roots Fixup: 0.0ms
[11.908s][debug][gc,phases         ] GC(9)     Clear Card Table: 0.0ms
[11.908s][debug][gc,phases         ] GC(9)     Reference Processing: 0.0ms
[11.908s][debug][gc,phases,ref     ] GC(9)       Reconsider SoftReferences: 0.0ms
[11.908s][debug][gc,phases,ref     ] GC(9)         SoftRef (ms):             skipped
[11.908s][debug][gc,phases,ref     ] GC(9)       Notify Soft/WeakReferences: 0.0ms
[11.908s][debug][gc,phases,ref     ] GC(9)         SoftRef (ms):             skipped
[11.908s][debug][gc,phases,ref     ] GC(9)         WeakRef (ms):             skipped
[11.908s][debug][gc,phases,ref     ] GC(9)         FinalRef (ms):            skipped
[11.908s][debug][gc,phases,ref     ] GC(9)         Total (ms):               skipped
[11.908s][debug][gc,phases,ref     ] GC(9)       Notify and keep alive finalizable: 0.0ms
[11.908s][debug][gc,phases,ref     ] GC(9)         FinalRef (ms):            skipped
[11.908s][debug][gc,phases,ref     ] GC(9)       Notify PhantomReferences: 0.0ms
[11.908s][debug][gc,phases,ref     ] GC(9)         PhantomRef (ms):          skipped
[11.908s][debug][gc,phases,ref     ] GC(9)       SoftReference:
[11.908s][debug][gc,phases,ref     ] GC(9)         Discovered: 0
[11.908s][debug][gc,phases,ref     ] GC(9)         Cleared: 0
[11.909s][debug][gc,phases,ref     ] GC(9)       WeakReference:
[11.909s][debug][gc,phases,ref     ] GC(9)         Discovered: 0
[11.909s][debug][gc,phases,ref     ] GC(9)         Cleared: 0
[11.909s][debug][gc,phases,ref     ] GC(9)       FinalReference:
[11.909s][debug][gc,phases,ref     ] GC(9)         Discovered: 0
[11.909s][debug][gc,phases,ref     ] GC(9)         Cleared: 0
[11.909s][debug][gc,phases,ref     ] GC(9)       PhantomReference:
[11.909s][debug][gc,phases,ref     ] GC(9)         Discovered: 0
[11.909s][debug][gc,phases,ref     ] GC(9)         Cleared: 0
[11.909s][debug][gc,phases         ] GC(9)     Weak Processing: 0.0ms
[11.909s][debug][gc,phases         ] GC(9)     Merge Per-Thread State: 0.0ms
[11.909s][debug][gc,phases         ] GC(9)     Code Roots Purge: 0.0ms
[11.909s][debug][gc,phases         ] GC(9)     Redirty Cards: 0.0ms
[11.909s][debug][gc,phases         ] GC(9)     DerivedPointerTable Update: 0.0ms
[11.909s][debug][gc,phases         ] GC(9)     Free Collection Set: 0.0ms
[11.909s][debug][gc,phases         ] GC(9)     Humongous Reclaim: 0.1ms
[11.909s][debug][gc,phases         ] GC(9)     Start New Collection Set: 0.0ms
[11.909s][debug][gc,phases         ] GC(9)     Resize TLABs: 0.0ms
[11.909s][debug][gc,phases         ] GC(9)     Expand Heap After Collection: 0.0ms
[11.909s][info ][gc,phases         ] GC(9)   Other: 0.3ms
[11.909s][info ][gc,heap           ] GC(9) Eden regions: 5->0(17)
[11.909s][info ][gc,heap           ] GC(9) Survivor regions: 4->3(3)
[11.909s][info ][gc,heap           ] GC(9) Old regions: 58->65
[11.909s][info ][gc,heap           ] GC(9) Humongous regions: 15->15
[11.909s][info ][gc,metaspace      ] GC(9) Metaspace: 13053K->13053K(1060864K)
[11.909s][debug][gc,heap           ] GC(9) Heap after GC invocations=10 (full 0): garbage-first heap   total 157696K, used 84480K [0x0000000780000000, 0x0000000800000000)
[11.909s][debug][gc,heap           ] GC(9)   region size 1024K, 3 young (3072K), 3 survivors (3072K)
[11.909s][debug][gc,heap           ] GC(9)  Metaspace       used 13053K, capacity 13479K, committed 13568K, reserved 1060864K
[11.909s][debug][gc,heap           ] GC(9)   class space    used 1346K, capacity 1505K, committed 1536K, reserved 1048576K
[11.909s][info ][gc                ] GC(9) Pause Young (Concurrent Start) (G1 Humongous Allocation) 82M->82M(154M) 13.184ms
[11.909s][info ][gc,cpu            ] GC(9) User=0.03s Sys=0.00s Real=0.01s
[11.909s][info ][gc                ] GC(10) Concurrent Cycle
[11.909s][info ][gc,marking        ] GC(10) Concurrent Clear Claimed Marks
[11.909s][info ][gc,marking        ] GC(10) Concurrent Clear Claimed Marks 0.105ms
[11.909s][info ][gc,marking        ] GC(10) Concurrent Scan Root Regions
[11.909s][debug][gc,ergo           ] GC(10) Running G1 Root Region Scan using 1 workers for 3 work units.
[11.911s][info ][gc,marking        ] GC(10) Concurrent Scan Root Regions 2.432ms
[11.911s][info ][gc,marking        ] GC(10) Concurrent Mark (11.911s)
[11.911s][info ][gc,marking        ] GC(10) Concurrent Mark From Roots
[11.911s][info ][gc,task           ] GC(10) Using 1 workers of 1 for marking
[11.915s][debug][gc,refine         ] Activated worker 0, on threshold: 12, current: 13
[11.916s][debug][gc,refine         ] Deactivated worker 0, off threshold: 10, current: 10, processed: 3
[11.921s][debug][gc,stats          ] ---------------------------------------------------------------------
[11.921s][debug][gc,stats          ] Marking Stats, task = 0, calls = 1
[11.921s][debug][gc,stats          ]   Elapsed time = 9.34ms, Termination time = 0.00ms
[11.921s][debug][gc,stats          ]   Step Times (cum): num = 20, avg = 1.23ms, sd = 2.98ms max = 9.34ms, total = 24.68ms
[11.921s][debug][gc,stats          ]   Mark Stats Cache: hits 145430 misses 13 ratio 99.991
[11.921s][debug][gc,stats          ] ---------------------------------------------------------------------
[11.921s][info ][gc,marking        ] GC(10) Concurrent Mark From Roots 9.462ms
[11.921s][info ][gc,marking        ] GC(10) Concurrent Preclean
[11.921s][debug][gc,ref,start      ] GC(10) Preclean SoftReferences
[11.921s][debug][gc,ref            ] GC(10) Preclean SoftReferences 0.012ms
[11.921s][debug][gc,ref,start      ] GC(10) Preclean WeakReferences
[11.921s][debug][gc,ref            ] GC(10) Preclean WeakReferences 0.014ms
[11.921s][debug][gc,ref,start      ] GC(10) Preclean FinalReferences
[11.921s][debug][gc,ref            ] GC(10) Preclean FinalReferences 0.008ms
[11.921s][debug][gc,ref,start      ] GC(10) Preclean PhantomReferences
[11.921s][debug][gc,ref            ] GC(10) Preclean PhantomReferences 0.009ms
[11.921s][info ][gc,marking        ] GC(10) Concurrent Preclean 0.080ms
[11.921s][info ][gc,marking        ] GC(10) Concurrent Mark (11.911s, 11.921s) 9.568ms
[11.921s][info ][gc,start          ] GC(10) Pause Remark
[11.921s][debug][gc,phases,start   ] GC(10) Finalize Marking
[11.921s][debug][gc,stats          ] ---------------------------------------------------------------------
[11.921s][debug][gc,stats          ] Marking Stats, task = 0, calls = 18
[11.921s][debug][gc,stats          ]   Elapsed time = 0.04ms, Termination time = 0.03ms
[11.921s][debug][gc,stats          ]   Step Times (cum): num = 37, avg = 0.67ms, sd = 2.27ms max = 9.34ms, total = 24.72ms
[11.921s][debug][gc,stats          ]   Mark Stats Cache: hits 145430 misses 13 ratio 99.991
[11.921s][debug][gc,stats          ] ---------------------------------------------------------------------
[11.921s][debug][gc,stats          ] Marking Stats, task = 1, calls = 1
[11.921s][debug][gc,stats          ]   Elapsed time = 0.07ms, Termination time = 0.06ms
[11.921s][debug][gc,stats          ]   Step Times (cum): num = 2, avg = 0.07ms, sd = 0.00ms max = 0.07ms, total = 0.13ms
[11.921s][debug][gc,stats          ]   Mark Stats Cache: hits 108 misses 3 ratio 97.297
[11.921s][debug][gc,stats          ] ---------------------------------------------------------------------
[11.921s][debug][gc,stats          ] Marking Stats, task = 2, calls = 1
[11.921s][debug][gc,stats          ]   Elapsed time = 0.01ms, Termination time = 0.00ms
[11.921s][debug][gc,stats          ]   Step Times (cum): num = 2, avg = 0.01ms, sd = 0.01ms max = 0.01ms, total = 0.02ms
[11.921s][debug][gc,stats          ]   Mark Stats Cache: hits 101 misses 4 ratio 96.190
[11.921s][debug][gc,stats          ] ---------------------------------------------------------------------
[11.921s][debug][gc,phases         ] GC(10) Finalize Marking 0.201ms
[11.921s][debug][gc,phases,start   ] GC(10) Reference Processing
[11.921s][debug][gc,ref            ] GC(10) Skipped phase1 of Reference Processing due to unavailable references
[11.921s][debug][gc,ref            ] GC(10) Skipped phase2 of Reference Processing due to unavailable references
[11.921s][debug][gc,ref            ] GC(10) Skipped phase3 of Reference Processing due to unavailable references
[11.921s][debug][gc,ref            ] GC(10) Skipped phase4 of Reference Processing due to unavailable references
[11.921s][debug][gc,phases,ref     ] GC(10) Reference Processing: 0.0ms
[11.921s][debug][gc,phases,ref     ] GC(10)   Reconsider SoftReferences: 0.0ms
[11.921s][debug][gc,phases,ref     ] GC(10)     SoftRef (ms):             skipped
[11.921s][debug][gc,phases,ref     ] GC(10)   Notify Soft/WeakReferences: 0.0ms
[11.921s][debug][gc,phases,ref     ] GC(10)     SoftRef (ms):             skipped
[11.921s][debug][gc,phases,ref     ] GC(10)     WeakRef (ms):             skipped
[11.921s][debug][gc,phases,ref     ] GC(10)     FinalRef (ms):            skipped
[11.921s][debug][gc,phases,ref     ] GC(10)     Total (ms):               skipped
[11.921s][debug][gc,phases,ref     ] GC(10)   Notify and keep alive finalizable: 0.0ms
[11.921s][debug][gc,phases,ref     ] GC(10)     FinalRef (ms):            skipped
[11.921s][debug][gc,phases,ref     ] GC(10)   Notify PhantomReferences: 0.0ms
[11.921s][debug][gc,phases,ref     ] GC(10)     PhantomRef (ms):          skipped
[11.921s][debug][gc,phases,ref     ] GC(10)   SoftReference:
[11.921s][debug][gc,phases,ref     ] GC(10)     Discovered: 0
[11.921s][debug][gc,phases,ref     ] GC(10)     Cleared: 0
[11.921s][debug][gc,phases,ref     ] GC(10)   WeakReference:
[11.921s][debug][gc,phases,ref     ] GC(10)     Discovered: 0
[11.921s][debug][gc,phases,ref     ] GC(10)     Cleared: 0
[11.921s][debug][gc,phases,ref     ] GC(10)   FinalReference:
[11.922s][debug][gc,phases,ref     ] GC(10)     Discovered: 0
[11.922s][debug][gc,phases,ref     ] GC(10)     Cleared: 0
[11.922s][debug][gc,phases,ref     ] GC(10)   PhantomReference:
[11.922s][debug][gc,phases,ref     ] GC(10)     Discovered: 0
[11.922s][debug][gc,phases,ref     ] GC(10)     Cleared: 0
[11.922s][debug][gc,phases         ] GC(10) Reference Processing 0.208ms
[11.922s][debug][gc,phases,start   ] GC(10) Weak Processing
[11.922s][debug][gc,phases         ] GC(10) Weak Processing 0.019ms
[11.922s][debug][gc,phases,start   ] GC(10) Class Unloading
[11.922s][debug][gc,phases,start   ] GC(10) ClassLoaderData
[11.922s][debug][gc,phases         ] GC(10) ClassLoaderData 0.049ms
[11.922s][debug][gc,phases,start   ] GC(10) ProtectionDomainCacheTable
[11.922s][debug][gc,phases         ] GC(10) ProtectionDomainCacheTable 0.008ms
[11.923s][info ][gc,stringtable    ] GC(10) Cleaned string and symbol table, strings: 6086 processed, 0 removed, symbols: 45213 processed, 0 removed
[11.923s][debug][gc,phases         ] GC(10) Class Unloading 1.205ms
[11.923s][debug][gc,phases,start   ] GC(10) Flush Task Caches
[11.923s][debug][gc,stats          ] Mark stats cache hits 145639 misses 20 ratio 99.986
[11.923s][debug][gc,phases         ] GC(10) Flush Task Caches 0.023ms
[11.923s][debug][gc,phases,start   ] GC(10) Update Remembered Set Tracking Before Rebuild
[11.923s][debug][gc,ergo           ] GC(10) Running G1 Update RemSet Tracking Before Rebuild using 1 workers for 154 regions in heap
[11.923s][debug][gc,remset,tracking] GC(10) Remembered Set Tracking update regions total 154, selected 15
[11.923s][debug][gc,phases         ] GC(10) Update Remembered Set Tracking Before Rebuild 0.052ms
[11.923s][debug][gc,phases,start   ] GC(10) Reclaim Empty Regions
[11.923s][debug][gc                ] GC(10) Reclaimed 65 empty regions
[11.923s][debug][gc,phases         ] GC(10) Reclaim Empty Regions 0.083ms
[11.923s][debug][gc,phases,start   ] GC(10) Purge Metaspace
[11.923s][debug][gc,phases         ] GC(10) Purge Metaspace 0.007ms
[11.923s][debug][gc,phases,start   ] GC(10) Report Object Count
[11.923s][debug][gc,phases         ] GC(10) Report Object Count 0.007ms
[11.923s][info ][gc                ] GC(10) Pause Remark 90M->25M(154M) 1.904ms
[11.923s][info ][gc,cpu            ] GC(10) User=0.00s Sys=0.00s Real=0.00s
[11.923s][info ][gc,marking        ] GC(10) Concurrent Rebuild Remembered Sets
[11.931s][info ][gc,marking        ] GC(10) Concurrent Rebuild Remembered Sets 7.415ms
[11.931s][info ][gc,start          ] GC(10) Pause Cleanup
[11.931s][debug][gc,phases,start   ] GC(10) Update Remembered Set Tracking After Rebuild
[11.931s][debug][gc,phases         ] GC(10) Update Remembered Set Tracking After Rebuild 0.025ms
[11.931s][debug][gc,phases,start   ] GC(10) Finalize Concurrent Mark Cleanup
[11.931s][debug][gc,ergo           ] GC(10) request mixed gcs (candidate old regions available). candidate old regions: 13 reclaimable: 9834976 (6.09) threshold: 5
[11.931s][debug][gc,phases         ] GC(10) Finalize Concurrent Mark Cleanup 0.055ms
[11.931s][info ][gc                ] GC(10) Pause Cleanup 25M->25M(154M) 0.169ms
[11.931s][info ][gc,cpu            ] GC(10) User=0.00s Sys=0.00s Real=0.00s
[11.931s][info ][gc,marking        ] GC(10) Concurrent Cleanup for Next Mark
[11.931s][debug][gc,ergo           ] GC(10) Running G1 Clear Bitmap with 1 workers for 3 work units.
[11.932s][info ][gc,marking        ] GC(10) Concurrent Cleanup for Next Mark 0.977ms
[11.932s][info ][gc                ] GC(10) Concurrent Cycle 23.060ms
[12.025s][debug][gc,refine         ] Activated worker 0, on threshold: 12, current: 14
[12.027s][debug][gc,refine         ] Deactivated worker 0, off threshold: 10, current: 10, processed: 4
[12.030s][debug][gc,refine         ] Activated worker 0, on threshold: 12, current: 12
[12.031s][debug][gc,refine         ] Deactivated worker 0, off threshold: 10, current: 10, processed: 8
[12.138s][debug][gc,heap           ] GC(11) Heap before GC invocations=11 (full 0): garbage-first heap   total 157696K, used 41472K [0x0000000780000000, 0x0000000800000000)
[12.138s][debug][gc,heap           ] GC(11)   region size 1024K, 20 young (20480K), 3 survivors (3072K)
[12.139s][debug][gc,heap           ] GC(11)  Metaspace       used 13053K, capacity 13479K, committed 13568K, reserved 1060864K
[12.139s][debug][gc,heap           ] GC(11)   class space    used 1346K, capacity 1505K, committed 1536K, reserved 1048576K
[12.139s][info ][gc,start          ] GC(11) Pause Young (Prepare Mixed) (G1 Evacuation Pause)
[12.139s][info ][gc,task           ] GC(11) Using 3 workers of 4 for evacuation
[12.139s][debug][gc,tlab           ] GC(11) TLAB totals: thrds: 1  refills: 83 max: 83 slow allocs: 4 max 4 waste:  0.3% gc: 0B max: 0B slow: 49040B max: 49040B fast: 0B max: 0B
[12.139s][debug][gc,alloc,region   ] GC(11) Mutator Allocation stats, regions: 17, wasted size: 0B ( 0.0%)
[12.139s][debug][gc,age            ] GC(11) Desired survivor size 1572864 bytes, new threshold 1 (max threshold 15)
[12.139s][debug][gc,ergo,cset      ] GC(11) Finish choosing CSet. old: 0 regions, predicted old region time: 0.00ms, time remaining: 101.69
[12.139s][debug][gc,task,stats     ] GC(11) GC Termination Stats
[12.139s][debug][gc,refine         ] Activated worker 0, on threshold: 12, current: 12
[12.139s][debug][gc,task,stats     ] GC(11)      elapsed  --strong roots-- -------termination------- ------waste (KiB)------
[12.139s][debug][gc,task,stats     ] GC(11) thr     ms        ms      %        ms      %    attempts  total   alloc    undo
[12.139s][debug][gc,task,stats     ] GC(11) --- --------- --------- ------ --------- ------ -------- ------- ------- -------
[12.168s][debug][gc,task,stats     ] GC(11)   2     28.73     27.45  95.54      0.04   0.13        4       0       0       0
[12.168s][debug][gc,task,stats     ] GC(11)   0     28.92     25.99  89.88      0.00   0.00        1       0       0       0
[12.168s][debug][gc,task,stats     ] GC(11)   1     28.93     28.61  98.88      0.00   0.01        3       0       0       0
[12.168s][debug][gc,ergo           ] GC(11) Running G1 Clear Card Table Task using 1 workers for 1 units of work for 28 regions.
[12.168s][debug][gc,ref            ] GC(11) Skipped phase1 of Reference Processing due to unavailable references
[12.168s][debug][gc,ref            ] GC(11) Skipped phase2 of Reference Processing due to unavailable references
[12.168s][debug][gc,ref            ] GC(11) Skipped phase3 of Reference Processing due to unavailable references
[12.168s][debug][gc,ref            ] GC(11) Skipped phase4 of Reference Processing due to unavailable references
[12.169s][debug][gc,ergo           ] GC(11) Running G1 Free Collection Set using 1 workers for collection set length 20
[12.169s][debug][gc,humongous      ] GC(11) Live humongous region 3 object size 524304 start 0x0000000780300000  with remset 0 code roots 0 is marked 0 reclaim candidate 0 type array 0
[12.169s][debug][gc,humongous      ] GC(11) Live humongous region 4 object size 1048592 start 0x0000000780400000  with remset 0 code roots 0 is marked 0 reclaim candidate 0 type array 0
[12.169s][debug][gc,humongous      ] GC(11) Live humongous region 80 object size 524304 start 0x0000000785000000  with remset 0 code roots 0 is marked 0 reclaim candidate 0 type array 0
[12.169s][debug][gc,humongous      ] GC(11) Live humongous region 81 object size 1048592 start 0x0000000785100000  with remset 1 code roots 0 is marked 0 reclaim candidate 0 type array 0
[12.169s][debug][gc,plab           ] GC(11) Young PLAB allocation: allocated: 3145728B, wasted: 496B, unused: 0B, used: 3145232B, undo waste: 0B, 
[12.169s][debug][gc,plab           ] GC(11) Young other allocation: region end waste: 0B, regions filled: 3, direct allocated: 0B, failure used: 0B, failure wasted: 0B
[12.169s][debug][gc,plab           ] GC(11) Young sizing: calculated: 629040B, actual: 623312B
[12.169s][debug][gc,plab           ] GC(11) Old PLAB allocation: allocated: 17301504B, wasted: 760B, unused: 441656B, used: 16859088B, undo waste: 0B, 
[12.169s][debug][gc,plab           ] GC(11) Old other allocation: region end waste: 0B, regions filled: 17, direct allocated: 0B, failure used: 0B, failure wasted: 0B
[12.169s][debug][gc,plab           ] GC(11) Old sizing: calculated: 3371816B, actual: 3025832B
[12.169s][debug][gc,alloc,stats    ] Old generation allocation in the last mutator period, old gen allocated: 17301504B, humongous allocated: 6291456B,old gen growth: 17301504B.
[12.169s][debug][gc,ihop           ] GC(11) Basic information (value update), threshold: 72666316B (45.00), target occupancy: 161480704B, current occupancy: 41943040B, recent allocation size: 23592960B, recent allocation duration: 228.76ms, recent old gen allocation rate: 103134024.64B/s, recent marking phase length: 237.03ms
[12.169s][debug][gc,ihop           ] GC(11) Adaptive IHOP information (value update), threshold: 72666316B (47.37), internal target occupancy: 153406668B, occupancy: 41943040B, additional buffer size: 0B, predicted old gen allocation rate: 377695201.71B/s, predicted marking phase length: 474.07ms, prediction active: false
[12.169s][debug][gc,ergo,refine    ] GC(11) Updated Refinement Zones: green: 11, yellow: 33, red: 55
[12.169s][info ][gc,phases         ] GC(11)   Pre Evacuate Collection Set: 0.1ms
[12.169s][debug][gc,phases         ] GC(11)     Prepare TLABs: 0.0ms
[12.169s][debug][gc,phases         ] GC(11)     Choose Collection Set: 0.1ms
[12.169s][debug][gc,phases         ] GC(11)     Humongous Register: 0.0ms
[12.169s][info ][gc,phases         ] GC(11)   Evacuate Collection Set: 29.2ms
[12.169s][debug][gc,phases         ] GC(11)     Ext Root Scanning (ms):   Min:  0.2, Avg:  0.2, Max:  0.2, Diff:  0.0, Sum:  0.6, Workers: 3
[12.169s][debug][gc,phases         ] GC(11)     Update RS (ms):           Min:  0.8, Avg:  1.4, Max:  1.8, Diff:  1.0, Sum:  4.1, Workers: 3
[12.169s][debug][gc,phases         ] GC(11)       Processed Buffers:        Min: 1, Avg:  4.0, Max: 6, Diff: 5, Sum: 12, Workers: 3
[12.169s][debug][gc,phases         ] GC(11)       Scanned Cards:            Min: 256, Avg: 864.0, Max: 1280, Diff: 1024, Sum: 2592, Workers: 3
[12.169s][debug][gc,phases         ] GC(11)       Skipped Cards:            Min: 0, Avg:  0.0, Max: 0, Diff: 0, Sum: 0, Workers: 3
[12.169s][debug][gc,phases         ] GC(11)     Scan RS (ms):             Min:  0.4, Avg:  0.4, Max:  0.5, Diff:  0.1, Sum:  1.3, Workers: 3
[12.169s][debug][gc,phases         ] GC(11)       Scanned Cards:            Min: 197, Avg: 208.0, Max: 221, Diff: 24, Sum: 624, Workers: 3
[12.169s][debug][gc,phases         ] GC(11)       Claimed Cards:            Min: 207, Avg: 215.0, Max: 223, Diff: 16, Sum: 645, Workers: 3
[12.169s][debug][gc,phases         ] GC(11)       Skipped Cards:            Min: 181, Avg: 215.0, Max: 271, Diff: 90, Sum: 645, Workers: 3
[12.169s][debug][gc,phases         ] GC(11)     Code Root Scanning (ms):  Min:  0.0, Avg:  0.0, Max:  0.0, Diff:  0.0, Sum:  0.0, Workers: 3
[12.169s][debug][gc,phases         ] GC(11)     JVMCI Root Scan (ms):     skipped
[12.169s][debug][gc,phases         ] GC(11)     Object Copy (ms):         Min: 26.3, Avg: 26.7, Max: 27.2, Diff:  0.9, Sum: 80.0, Workers: 3
[12.169s][debug][gc,phases         ] GC(11)     Termination (ms):         Min:  0.0, Avg:  0.0, Max:  0.0, Diff:  0.0, Sum:  0.0, Workers: 3
[12.169s][debug][gc,phases         ] GC(11)       Termination Attempts:     Min: 1, Avg:  2.7, Max: 4, Diff: 3, Sum: 8, Workers: 3
[12.169s][debug][gc,phases         ] GC(11)     GC Worker Other (ms):     Min:  0.2, Avg:  0.2, Max:  0.2, Diff:  0.0, Sum:  0.7, Workers: 3
[12.169s][debug][gc,phases         ] GC(11)     GC Worker Total (ms):     Min: 28.9, Avg: 28.9, Max: 28.9, Diff:  0.0, Sum: 86.8, Workers: 3
[12.169s][info ][gc,phases         ] GC(11)   Post Evacuate Collection Set: 0.4ms
[12.169s][debug][gc,phases         ] GC(11)     Code Roots Fixup: 0.1ms
[12.169s][debug][gc,phases         ] GC(11)     Clear Card Table: 0.1ms
[12.169s][debug][gc,phases         ] GC(11)     Reference Processing: 0.1ms
[12.169s][debug][gc,phases,ref     ] GC(11)       Reconsider SoftReferences: 0.0ms
[12.169s][debug][gc,phases,ref     ] GC(11)         SoftRef (ms):             skipped
[12.169s][debug][gc,phases,ref     ] GC(11)       Notify Soft/WeakReferences: 0.0ms
[12.169s][debug][gc,phases,ref     ] GC(11)         SoftRef (ms):             skipped
[12.169s][debug][gc,phases,ref     ] GC(11)         WeakRef (ms):             skipped
[12.169s][debug][gc,phases,ref     ] GC(11)         FinalRef (ms):            skipped
[12.169s][debug][gc,phases,ref     ] GC(11)         Total (ms):               skipped
[12.169s][debug][gc,phases,ref     ] GC(11)       Notify and keep alive finalizable: 0.0ms
[12.169s][debug][gc,phases,ref     ] GC(11)         FinalRef (ms):            skipped
[12.169s][debug][gc,phases,ref     ] GC(11)       Notify PhantomReferences: 0.0ms
[12.169s][debug][gc,phases,ref     ] GC(11)         PhantomRef (ms):          skipped
[12.169s][debug][gc,phases,ref     ] GC(11)       SoftReference:
[12.170s][debug][gc,phases,ref     ] GC(11)         Discovered: 0
[12.170s][debug][gc,phases,ref     ] GC(11)         Cleared: 0
[12.170s][debug][gc,phases,ref     ] GC(11)       WeakReference:
[12.170s][debug][gc,phases,ref     ] GC(11)         Discovered: 0
[12.170s][debug][gc,phases,ref     ] GC(11)         Cleared: 0
[12.170s][debug][gc,phases,ref     ] GC(11)       FinalReference:
[12.170s][debug][gc,phases,ref     ] GC(11)         Discovered: 0
[12.170s][debug][gc,phases,ref     ] GC(11)         Cleared: 0
[12.170s][debug][gc,phases,ref     ] GC(11)       PhantomReference:
[12.170s][debug][gc,phases,ref     ] GC(11)         Discovered: 0
[12.170s][debug][gc,phases,ref     ] GC(11)         Cleared: 0
[12.170s][debug][gc,phases         ] GC(11)     Weak Processing: 0.0ms
[12.170s][debug][gc,phases         ] GC(11)     Merge Per-Thread State: 0.0ms
[12.170s][debug][gc,phases         ] GC(11)     Code Roots Purge: 0.0ms
[12.170s][debug][gc,phases         ] GC(11)     Redirty Cards: 0.1ms
[12.170s][debug][gc,phases         ] GC(11)     DerivedPointerTable Update: 0.0ms
[12.170s][debug][gc,phases         ] GC(11)     Free Collection Set: 0.1ms
[12.170s][debug][gc,phases         ] GC(11)     Humongous Reclaim: 0.1ms
[12.170s][debug][gc,phases         ] GC(11)     Start New Collection Set: 0.0ms
[12.170s][debug][gc,phases         ] GC(11)     Resize TLABs: 0.0ms
[12.170s][debug][gc,phases         ] GC(11)     Expand Heap After Collection: 0.0ms
[12.170s][info ][gc,phases         ] GC(11)   Other: 1.0ms
[12.170s][info ][gc,heap           ] GC(11) Eden regions: 17->0(4)
[12.170s][info ][gc,heap           ] GC(11) Survivor regions: 3->3(3)
[12.170s][info ][gc,heap           ] GC(11) Old regions: 15->31
[12.170s][info ][gc,heap           ] GC(11) Humongous regions: 6->6
[12.170s][info ][gc,metaspace      ] GC(11) Metaspace: 13053K->13053K(1060864K)
[12.170s][debug][gc,heap           ] GC(11) Heap after GC invocations=12 (full 0): garbage-first heap   total 157696K, used 40960K [0x0000000780000000, 0x0000000800000000)
[12.170s][debug][gc,heap           ] GC(11)   region size 1024K, 3 young (3072K), 3 survivors (3072K)
[12.170s][debug][gc,heap           ] GC(11)  Metaspace       used 13053K, capacity 13479K, committed 13568K, reserved 1060864K
[12.170s][debug][gc,heap           ] GC(11)   class space    used 1346K, capacity 1505K, committed 1536K, reserved 1048576K
[12.170s][info ][gc                ] GC(11) Pause Young (Prepare Mixed) (G1 Evacuation Pause) 40M->40M(154M) 31.256ms
[12.170s][info ][gc,cpu            ] GC(11) User=0.08s Sys=0.00s Real=0.03s
[12.170s][debug][gc,refine         ] Deactivated worker 0, off threshold: 11, current: 3, processed: 0
[12.174s][debug][gc,heap           ] GC(12) Heap before GC invocations=12 (full 0): garbage-first heap   total 157696K, used 46080K [0x0000000780000000, 0x0000000800000000)
[12.174s][debug][gc,heap           ] GC(12)   region size 1024K, 7 young (7168K), 3 survivors (3072K)
[12.174s][debug][gc,heap           ] GC(12)  Metaspace       used 13053K, capacity 13479K, committed 13568K, reserved 1060864K
[12.174s][debug][gc,heap           ] GC(12)   class space    used 1346K, capacity 1505K, committed 1536K, reserved 1048576K
[12.174s][info ][gc,start          ] GC(12) Pause Young (Mixed) (G1 Evacuation Pause)
[12.174s][info ][gc,task           ] GC(12) Using 3 workers of 4 for evacuation
[12.174s][debug][gc,tlab           ] GC(12) TLAB totals: thrds: 1  refills: 53 max: 53 slow allocs: 2 max 2 waste:  0.8% gc: 0B max: 0B slow: 30816B max: 30816B fast: 0B max: 0B
[12.174s][debug][gc,alloc,region   ] GC(12) Mutator Allocation stats, regions: 4, wasted size: 0B ( 0.0%)
[12.174s][debug][gc,age            ] GC(12) Desired survivor size 524288 bytes, new threshold 1 (max threshold 15)
[12.174s][debug][gc,ergo,cset      ] GC(12) Finish adding old regions to CSet (reclaimable percentage not over threshold). old 2 regions, max 16 regions, reclaimable: 7738248B (4.79%) threshold: 5%
[12.174s][debug][gc,ergo,cset      ] GC(12) Finish choosing CSet. old: 2 regions, predicted old region time: 1.25ms, time remaining: 164.09
[12.174s][debug][gc,task,stats     ] GC(12) GC Termination Stats
[12.174s][debug][gc,task,stats     ] GC(12)      elapsed  --strong roots-- -------termination------- ------waste (KiB)------
[12.174s][debug][gc,task,stats     ] GC(12) thr     ms        ms      %        ms      %    attempts  total   alloc    undo
[12.174s][debug][gc,task,stats     ] GC(12) --- --------- --------- ------ --------- ------ -------- ------- ------- -------
[12.186s][debug][gc,task,stats     ] GC(12)   0     11.32     11.29  99.81      0.00   0.00        1       0       0       0
[12.186s][debug][gc,task,stats     ] GC(12)   2     11.39      9.82  86.21      0.11   0.95        3       0       0       0
[12.186s][debug][gc,task,stats     ] GC(12)   1     11.41      7.94  69.57      0.08   0.74        3       0       0       0
[12.186s][debug][gc,ergo           ] GC(12) Running G1 Clear Card Table Task using 1 workers for 1 units of work for 18 regions.
[12.186s][debug][gc,ref            ] GC(12) Skipped phase1 of Reference Processing due to unavailable references
[12.186s][debug][gc,ref            ] GC(12) Skipped phase2 of Reference Processing due to unavailable references
[12.186s][debug][gc,ref            ] GC(12) Skipped phase3 of Reference Processing due to unavailable references
[12.186s][debug][gc,ref            ] GC(12) Skipped phase4 of Reference Processing due to unavailable references
[12.186s][debug][gc,ergo           ] GC(12) Running G1 Free Collection Set using 1 workers for collection set length 9
[12.186s][debug][gc,humongous      ] GC(12) Live humongous region 3 object size 524304 start 0x0000000780300000  with remset 0 code roots 0 is marked 0 reclaim candidate 0 type array 0
[12.186s][debug][gc,humongous      ] GC(12) Live humongous region 4 object size 1048592 start 0x0000000780400000  with remset 0 code roots 0 is marked 0 reclaim candidate 0 type array 0
[12.186s][debug][gc,humongous      ] GC(12) Live humongous region 27 object size 524304 start 0x0000000781b00000  with remset 0 code roots 0 is marked 0 reclaim candidate 0 type array 0
[12.186s][debug][gc,humongous      ] GC(12) Live humongous region 80 object size 524304 start 0x0000000785000000  with remset 0 code roots 0 is marked 0 reclaim candidate 0 type array 0
[12.186s][debug][gc,humongous      ] GC(12) Live humongous region 81 object size 1048592 start 0x0000000785100000  with remset 1 code roots 0 is marked 0 reclaim candidate 0 type array 0
[12.186s][debug][gc,plab           ] GC(12) Young PLAB allocation: allocated: 1048576B, wasted: 192B, unused: 0B, used: 1048384B, undo waste: 0B, 
[12.186s][debug][gc,plab           ] GC(12) Young other allocation: region end waste: 0B, regions filled: 1, direct allocated: 0B, failure used: 0B, failure wasted: 0B
[12.186s][debug][gc,plab           ] GC(12) Young sizing: calculated: 209672B, actual: 313080B
[12.186s][debug][gc,plab           ] GC(12) Old PLAB allocation: allocated: 6815744B, wasted: 288B, unused: 947992B, used: 5867464B, undo waste: 0B, 
[12.186s][debug][gc,plab           ] GC(12) Old other allocation: region end waste: 0B, regions filled: 7, direct allocated: 0B, failure used: 0B, failure wasted: 0B
[12.186s][debug][gc,plab           ] GC(12) Old sizing: calculated: 1173488B, actual: 1636568B
[12.186s][debug][gc,ergo           ] GC(12) do not continue mixed GCs (reclaimable percentage not over threshold). candidate old regions: 11 reclaimable: 7738248 (4.79) threshold: 5
[12.186s][debug][gc,alloc,stats    ] Old generation allocation in the last mutator period, old gen allocated: 6815744B, humongous allocated: 1048576B,old gen growth: 7864320B.
[12.186s][debug][gc,ihop           ] GC(12) Basic information (value update), threshold: 72666316B (45.00), target occupancy: 161480704B, current occupancy: 45613056B, recent allocation size: 7864320B, recent allocation duration: 228.76ms, recent old gen allocation rate: 34378008.21B/s, recent marking phase length: 234.11ms
[12.186s][debug][gc,ihop           ] GC(12) Adaptive IHOP information (value update), threshold: 72666316B (47.37), internal target occupancy: 153406668B, occupancy: 45613056B, additional buffer size: 0B, predicted old gen allocation rate: 377695201.71B/s, predicted marking phase length: 414.55ms, prediction active: false
[12.186s][debug][gc,ergo,refine    ] GC(12) Updated Refinement Zones: green: 11, yellow: 33, red: 55
[12.186s][info ][gc,phases         ] GC(12)   Pre Evacuate Collection Set: 0.0ms
[12.186s][debug][gc,phases         ] GC(12)     Prepare TLABs: 0.0ms
[12.186s][debug][gc,phases         ] GC(12)     Choose Collection Set: 0.0ms
[12.186s][debug][gc,phases         ] GC(12)     Humongous Register: 0.0ms
[12.186s][info ][gc,phases         ] GC(12)   Evacuate Collection Set: 11.5ms
[12.186s][debug][gc,phases         ] GC(12)     Ext Root Scanning (ms):   Min:  0.1, Avg:  0.1, Max:  0.1, Diff:  0.0, Sum:  0.4, Workers: 3
[12.186s][debug][gc,phases         ] GC(12)     Update RS (ms):           Min:  1.2, Avg:  1.4, Max:  1.6, Diff:  0.4, Sum:  4.1, Workers: 3
[12.186s][debug][gc,phases         ] GC(12)       Processed Buffers:        Min: 2, Avg:  2.7, Max: 4, Diff: 2, Sum: 8, Workers: 3
[12.186s][debug][gc,phases         ] GC(12)       Scanned Cards:            Min: 331, Avg: 434.0, Max: 629, Diff: 298, Sum: 1302, Workers: 3
[12.186s][debug][gc,phases         ] GC(12)       Skipped Cards:            Min: 0, Avg:  0.0, Max: 0, Diff: 0, Sum: 0, Workers: 3
[12.186s][debug][gc,phases         ] GC(12)     Scan RS (ms):             Min:  0.0, Avg:  0.0, Max:  0.0, Diff:  0.0, Sum:  0.0, Workers: 3
[12.186s][debug][gc,phases         ] GC(12)       Scanned Cards:            Min: 0, Avg:  1.0, Max: 3, Diff: 3, Sum: 3, Workers: 3
[12.186s][debug][gc,phases         ] GC(12)       Claimed Cards:            Min: 0, Avg:  1.0, Max: 3, Diff: 3, Sum: 3, Workers: 3
[12.186s][debug][gc,phases         ] GC(12)       Skipped Cards:            Min: 0, Avg:  0.0, Max: 0, Diff: 0, Sum: 0, Workers: 3
[12.186s][debug][gc,phases         ] GC(12)     Code Root Scanning (ms):  Min:  0.0, Avg:  0.0, Max:  0.0, Diff:  0.0, Sum:  0.0, Workers: 3
[12.186s][debug][gc,phases         ] GC(12)     JVMCI Root Scan (ms):     skipped
[12.186s][debug][gc,phases         ] GC(12)     Object Copy (ms):         Min:  9.5, Avg:  9.7, Max:  9.9, Diff:  0.4, Sum: 29.1, Workers: 3
[12.186s][debug][gc,phases         ] GC(12)     Termination (ms):         Min:  0.0, Avg:  0.1, Max:  0.1, Diff:  0.1, Sum:  0.2, Workers: 3
[12.186s][debug][gc,phases         ] GC(12)       Termination Attempts:     Min: 1, Avg:  2.3, Max: 3, Diff: 2, Sum: 7, Workers: 3
[12.186s][debug][gc,phases         ] GC(12)     GC Worker Other (ms):     Min:  0.1, Avg:  0.1, Max:  0.1, Diff:  0.1, Sum:  0.3, Workers: 3
[12.186s][debug][gc,phases         ] GC(12)     GC Worker Total (ms):     Min: 11.4, Avg: 11.4, Max: 11.4, Diff:  0.0, Sum: 34.2, Workers: 3
[12.186s][info ][gc,phases         ] GC(12)   Post Evacuate Collection Set: 0.4ms
[12.187s][debug][gc,phases         ] GC(12)     Code Roots Fixup: 0.1ms
[12.187s][debug][gc,phases         ] GC(12)     Clear Card Table: 0.1ms
[12.187s][debug][gc,phases         ] GC(12)     Reference Processing: 0.0ms
[12.187s][debug][gc,phases,ref     ] GC(12)       Reconsider SoftReferences: 0.0ms
[12.187s][debug][gc,phases,ref     ] GC(12)         SoftRef (ms):             skipped
[12.187s][debug][gc,phases,ref     ] GC(12)       Notify Soft/WeakReferences: 0.0ms
[12.187s][debug][gc,phases,ref     ] GC(12)         SoftRef (ms):             skipped
[12.187s][debug][gc,phases,ref     ] GC(12)         WeakRef (ms):             skipped
[12.187s][debug][gc,phases,ref     ] GC(12)         FinalRef (ms):            skipped
[12.187s][debug][gc,phases,ref     ] GC(12)         Total (ms):               skipped
[12.187s][debug][gc,phases,ref     ] GC(12)       Notify and keep alive finalizable: 0.0ms
[12.187s][debug][gc,phases,ref     ] GC(12)         FinalRef (ms):            skipped
[12.187s][debug][gc,phases,ref     ] GC(12)       Notify PhantomReferences: 0.0ms
[12.187s][debug][gc,phases,ref     ] GC(12)         PhantomRef (ms):          skipped
[12.187s][debug][gc,phases,ref     ] GC(12)       SoftReference:
[12.187s][debug][gc,phases,ref     ] GC(12)         Discovered: 0
[12.187s][debug][gc,phases,ref     ] GC(12)         Cleared: 0
[12.187s][debug][gc,phases,ref     ] GC(12)       WeakReference:
[12.187s][debug][gc,phases,ref     ] GC(12)         Discovered: 0
[12.187s][debug][gc,phases,ref     ] GC(12)         Cleared: 0
[12.187s][debug][gc,phases,ref     ] GC(12)       FinalReference:
[12.187s][debug][gc,phases,ref     ] GC(12)         Discovered: 0
[12.187s][debug][gc,phases,ref     ] GC(12)         Cleared: 0
[12.187s][debug][gc,phases,ref     ] GC(12)       PhantomReference:
[12.187s][debug][gc,phases,ref     ] GC(12)         Discovered: 0
[12.187s][debug][gc,phases,ref     ] GC(12)         Cleared: 0
[12.187s][debug][gc,phases         ] GC(12)     Weak Processing: 0.0ms
[12.187s][debug][gc,phases         ] GC(12)     Merge Per-Thread State: 0.0ms
[12.187s][debug][gc,phases         ] GC(12)     Code Roots Purge: 0.0ms
[12.187s][debug][gc,phases         ] GC(12)     Redirty Cards: 0.0ms
[12.187s][debug][gc,phases         ] GC(12)     DerivedPointerTable Update: 0.0ms
[12.187s][debug][gc,phases         ] GC(12)     Free Collection Set: 0.0ms
[12.187s][debug][gc,phases         ] GC(12)     Humongous Reclaim: 0.1ms
[12.187s][debug][gc,phases         ] GC(12)     Start New Collection Set: 0.0ms
[12.187s][debug][gc,phases         ] GC(12)     Resize TLABs: 0.0ms
[12.187s][debug][gc,phases         ] GC(12)     Expand Heap After Collection: 0.0ms
[12.187s][info ][gc,phases         ] GC(12)   Other: 0.4ms
[12.187s][info ][gc,heap           ] GC(12) Eden regions: 4->0(29)
[12.187s][info ][gc,heap           ] GC(12) Survivor regions: 3->1(1)
[12.187s][info ][gc,heap           ] GC(12) Old regions: 31->36
[12.187s][info ][gc,heap           ] GC(12) Humongous regions: 7->7
[12.187s][info ][gc,metaspace      ] GC(12) Metaspace: 13053K->13053K(1060864K)
[12.187s][debug][gc,heap           ] GC(12) Heap after GC invocations=13 (full 0): garbage-first heap   total 157696K, used 44544K [0x0000000780000000, 0x0000000800000000)
[12.187s][debug][gc,heap           ] GC(12)   region size 1024K, 1 young (1024K), 1 survivors (1024K)
[12.187s][debug][gc,heap           ] GC(12)  Metaspace       used 13053K, capacity 13479K, committed 13568K, reserved 1060864K
[12.187s][debug][gc,heap           ] GC(12)   class space    used 1346K, capacity 1505K, committed 1536K, reserved 1048576K
[12.187s][info ][gc                ] GC(12) Pause Young (Mixed) (G1 Evacuation Pause) 45M->43M(154M) 12.905ms
[12.187s][info ][gc,cpu            ] GC(12) User=0.03s Sys=0.00s Real=0.01s
[12.301s][debug][gc,refine         ] Activated worker 0, on threshold: 13, current: 13
[12.301s][debug][gc,refine         ] Deactivated worker 0, off threshold: 11, current: 11, processed: 2
[12.302s][debug][gc,refine         ] Activated worker 0, on threshold: 13, current: 14
[12.302s][debug][gc,refine         ] Deactivated worker 0, off threshold: 11, current: 11, processed: 3
[12.306s][debug][gc,refine         ] Activated worker 0, on threshold: 13, current: 13
[12.308s][debug][gc,refine         ] Deactivated worker 0, off threshold: 11, current: 11, processed: 3
[12.408s][debug][gc,refine         ] Activated worker 0, on threshold: 13, current: 16
[12.409s][debug][gc,refine         ] Deactivated worker 0, off threshold: 11, current: 11, processed: 5
[12.414s][debug][gc,refine         ] Activated worker 0, on threshold: 13, current: 13
[12.414s][debug][gc,refine         ] Deactivated worker 0, off threshold: 11, current: 11, processed: 4
[12.419s][debug][gc,refine         ] Activated worker 0, on threshold: 13, current: 13
[12.421s][debug][gc,refine         ] Deactivated worker 0, off threshold: 11, current: 11, processed: 3
[12.520s][debug][gc,refine         ] Activated worker 0, on threshold: 13, current: 16
[12.521s][debug][gc,refine         ] Deactivated worker 0, off threshold: 11, current: 11, processed: 5
[12.523s][debug][gc,heap           ] GC(13) Heap before GC invocations=13 (full 0): garbage-first heap   total 157696K, used 82432K [0x0000000780000000, 0x0000000800000000)
[12.523s][debug][gc,heap           ] GC(13)   region size 1024K, 30 young (30720K), 1 survivors (1024K)
[12.523s][debug][gc,heap           ] GC(13)  Metaspace       used 13053K, capacity 13479K, committed 13568K, reserved 1060864K
[12.523s][debug][gc,heap           ] GC(13)   class space    used 1346K, capacity 1505K, committed 1536K, reserved 1048576K
[12.523s][info ][gc,start          ] GC(13) Pause Young (Normal) (G1 Evacuation Pause)
[12.523s][info ][gc,task           ] GC(13) Using 3 workers of 4 for evacuation
[12.523s][debug][gc,tlab           ] GC(13) TLAB totals: thrds: 1  refills: 87 max: 87 slow allocs: 7 max 7 waste:  0.2% gc: 0B max: 0B slow: 51176B max: 51176B fast: 0B max: 0B
[12.523s][debug][gc,alloc,region   ] GC(13) Mutator Allocation stats, regions: 29, wasted size: 0B ( 0.0%)
[12.523s][debug][gc,age            ] GC(13) Desired survivor size 2097152 bytes, new threshold 15 (max threshold 15)
[12.523s][debug][gc,ergo,cset      ] GC(13) Finish choosing CSet. old: 0 regions, predicted old region time: 0.00ms, time remaining: 93.55
[12.523s][debug][gc,task,stats     ] GC(13) GC Termination Stats
[12.523s][debug][gc,task,stats     ] GC(13)      elapsed  --strong roots-- -------termination------- ------waste (KiB)------
[12.523s][debug][gc,task,stats     ] GC(13) thr     ms        ms      %        ms      %    attempts  total   alloc    undo
[12.523s][debug][gc,task,stats     ] GC(13) --- --------- --------- ------ --------- ------ -------- ------- ------- -------
[12.563s][debug][gc,task,stats     ] GC(13)   2     39.64     37.28  94.05      0.03   0.08       11       0       0       0
[12.563s][debug][gc,task,stats     ] GC(13)   0     39.77     36.68  92.22      0.02   0.05        6       0       0       0
[12.563s][debug][gc,task,stats     ] GC(13)   1     39.79     34.86  87.60      0.01   0.02        5       0       0       0
[12.563s][debug][gc,ergo           ] GC(13) Running G1 Clear Card Table Task using 1 workers for 1 units of work for 35 regions.
[12.563s][debug][gc,ref            ] GC(13) Skipped phase1 of Reference Processing due to unavailable references
[12.563s][debug][gc,ref            ] GC(13) Skipped phase2 of Reference Processing due to unavailable references
[12.563s][debug][gc,ref            ] GC(13) Skipped phase3 of Reference Processing due to unavailable references
[12.563s][debug][gc,ref            ] GC(13) Skipped phase4 of Reference Processing due to unavailable references
[12.563s][debug][gc,ergo           ] GC(13) Running G1 Free Collection Set using 1 workers for collection set length 30
[12.563s][debug][gc,humongous      ] GC(13) Live humongous region 3 object size 524304 start 0x0000000780300000  with remset 0 code roots 0 is marked 0 reclaim candidate 0 type array 0
[12.564s][debug][gc,humongous      ] GC(13) Live humongous region 4 object size 1048592 start 0x0000000780400000  with remset 0 code roots 0 is marked 0 reclaim candidate 0 type array 0
[12.564s][debug][gc,humongous      ] GC(13) Live humongous region 22 object size 524304 start 0x0000000781600000  with remset 0 code roots 0 is marked 0 reclaim candidate 0 type array 0
[12.564s][debug][gc,humongous      ] GC(13) Live humongous region 27 object size 524304 start 0x0000000781b00000  with remset 0 code roots 0 is marked 0 reclaim candidate 0 type array 0
[12.564s][debug][gc,humongous      ] GC(13) Live humongous region 35 object size 1048592 start 0x0000000782300000  with remset 1 code roots 0 is marked 0 reclaim candidate 0 type array 0
[12.564s][debug][gc,humongous      ] GC(13) Live humongous region 37 object size 1048592 start 0x0000000782500000  with remset 0 code roots 0 is marked 0 reclaim candidate 0 type array 0
[12.564s][debug][gc,humongous      ] GC(13) Live humongous region 39 object size 524304 start 0x0000000782700000  with remset 0 code roots 0 is marked 0 reclaim candidate 0 type array 0
[12.564s][debug][gc,humongous      ] GC(13) Live humongous region 40 object size 1048592 start 0x0000000782800000  with remset 0 code roots 0 is marked 0 reclaim candidate 0 type array 0
[12.564s][debug][gc,humongous      ] GC(13) Live humongous region 80 object size 524304 start 0x0000000785000000  with remset 0 code roots 0 is marked 0 reclaim candidate 0 type array 0
[12.564s][debug][gc,humongous      ] GC(13) Live humongous region 81 object size 1048592 start 0x0000000785100000  with remset 1 code roots 0 is marked 0 reclaim candidate 0 type array 0
[12.564s][debug][gc,plab           ] GC(13) Young PLAB allocation: allocated: 3932144B, wasted: 888B, unused: 0B, used: 3931256B, undo waste: 0B, 
[12.564s][debug][gc,plab           ] GC(13) Young other allocation: region end waste: 0B, regions filled: 4, direct allocated: 262160B, failure used: 0B, failure wasted: 0B
[12.564s][debug][gc,plab           ] GC(13) Young sizing: calculated: 786248B, actual: 667952B
[12.564s][debug][gc,plab           ] GC(13) Old PLAB allocation: allocated: 26738688B, wasted: 1144B, unused: 836280B, used: 25901264B, undo waste: 0B, 
[12.564s][debug][gc,plab           ] GC(13) Old other allocation: region end waste: 0B, regions filled: 26, direct allocated: 0B, failure used: 0B, failure wasted: 0B
[12.564s][debug][gc,plab           ] GC(13) Old sizing: calculated: 5180248B, actual: 4294328B
[12.564s][debug][gc,ergo,heap      ] GC(13) Attempt heap expansion (recent GC overhead higher than threshold after GC) recent GC overhead: 15.39 % threshold: 1.16 % uncommitted: 1986002944B base expansion amount and scale: 161480704B (31.46%)
[12.564s][debug][gc,ergo,heap      ] GC(13) Expand the heap. requested expansion amount: 50809422B expansion amount: 51380224B
[12.564s][debug][gc,ihop           ] GC(13) Target occupancy update: old: 161480704B, new: 212860928B
[12.565s][debug][gc,alloc,stats    ] Old generation allocation in the last mutator period, old gen allocated: 26738688B, humongous allocated: 8388608B,old gen growth: 35127296B.
[12.565s][debug][gc,ihop           ] GC(13) Basic information (value update), threshold: 95787417B (45.00), target occupancy: 212860928B, current occupancy: 83886080B, recent allocation size: 35127296B, recent allocation duration: 337.00ms, recent old gen allocation rate: 104234237.26B/s, recent marking phase length: 234.11ms
[12.565s][debug][gc,ihop           ] GC(13) Adaptive IHOP information (value update), threshold: 95787417B (47.37), internal target occupancy: 202217881B, occupancy: 83886080B, additional buffer size: 37748736B, predicted old gen allocation rate: 369406420.34B/s, predicted marking phase length: 414.55ms, prediction active: false
[12.565s][debug][gc,ergo,refine    ] GC(13) Updated Refinement Zones: green: 12, yellow: 36, red: 60
[12.565s][info ][gc,phases         ] GC(13)   Pre Evacuate Collection Set: 0.0ms
[12.565s][debug][gc,phases         ] GC(13)     Prepare TLABs: 0.0ms
[12.565s][debug][gc,phases         ] GC(13)     Choose Collection Set: 0.0ms
[12.565s][debug][gc,phases         ] GC(13)     Humongous Register: 0.0ms
[12.565s][info ][gc,phases         ] GC(13)   Evacuate Collection Set: 39.9ms
[12.565s][debug][gc,phases         ] GC(13)     Ext Root Scanning (ms):   Min:  0.1, Avg:  0.1, Max:  0.1, Diff:  0.0, Sum:  0.4, Workers: 3
[12.565s][debug][gc,phases         ] GC(13)     Update RS (ms):           Min:  0.9, Avg:  1.2, Max:  1.6, Diff:  0.7, Sum:  3.5, Workers: 3
[12.565s][debug][gc,phases         ] GC(13)       Processed Buffers:        Min: 2, Avg:  4.0, Max: 8, Diff: 6, Sum: 12, Workers: 3
[12.565s][debug][gc,phases         ] GC(13)       Scanned Cards:            Min: 512, Avg: 980.3, Max: 1917, Diff: 1405, Sum: 2941, Workers: 3
[12.565s][debug][gc,phases         ] GC(13)       Skipped Cards:            Min: 0, Avg:  0.0, Max: 0, Diff: 0, Sum: 0, Workers: 3
[12.565s][debug][gc,phases         ] GC(13)     Scan RS (ms):             Min:  1.0, Avg:  1.0, Max:  1.0, Diff:  0.0, Sum:  3.0, Workers: 3
[12.565s][debug][gc,phases         ] GC(13)       Scanned Cards:            Min: 361, Avg: 417.0, Max: 461, Diff: 100, Sum: 1251, Workers: 3
[12.565s][debug][gc,phases         ] GC(13)       Claimed Cards:            Min: 368, Avg: 422.3, Max: 466, Diff: 98, Sum: 1267, Workers: 3
[12.565s][debug][gc,phases         ] GC(13)       Skipped Cards:            Min: 245, Avg: 432.0, Max: 540, Diff: 295, Sum: 1296, Workers: 3
[12.565s][debug][gc,phases         ] GC(13)     Code Root Scanning (ms):  Min:  0.0, Avg:  0.0, Max:  0.0, Diff:  0.0, Sum:  0.0, Workers: 3
[12.565s][debug][gc,phases         ] GC(13)     JVMCI Root Scan (ms):     skipped
[12.565s][debug][gc,phases         ] GC(13)     Object Copy (ms):         Min: 36.9, Avg: 37.3, Max: 37.6, Diff:  0.7, Sum: 112.0, Workers: 3
[12.565s][debug][gc,phases         ] GC(13)     Termination (ms):         Min:  0.0, Avg:  0.0, Max:  0.0, Diff:  0.0, Sum:  0.1, Workers: 3
[12.565s][debug][gc,phases         ] GC(13)       Termination Attempts:     Min: 5, Avg:  7.3, Max: 11, Diff: 6, Sum: 22, Workers: 3
[12.565s][debug][gc,phases         ] GC(13)     GC Worker Other (ms):     Min:  0.1, Avg:  0.1, Max:  0.2, Diff:  0.0, Sum:  0.4, Workers: 3
[12.565s][debug][gc,phases         ] GC(13)     GC Worker Total (ms):     Min: 39.7, Avg: 39.8, Max: 39.8, Diff:  0.1, Sum: 119.3, Workers: 3
[12.565s][info ][gc,phases         ] GC(13)   Post Evacuate Collection Set: 1.2ms
[12.565s][debug][gc,phases         ] GC(13)     Code Roots Fixup: 0.0ms
[12.565s][debug][gc,phases         ] GC(13)     Clear Card Table: 0.0ms
[12.565s][debug][gc,phases         ] GC(13)     Reference Processing: 0.1ms
[12.565s][debug][gc,phases,ref     ] GC(13)       Reconsider SoftReferences: 0.1ms
[12.565s][debug][gc,phases,ref     ] GC(13)         SoftRef (ms):             skipped
[12.565s][debug][gc,phases,ref     ] GC(13)       Notify Soft/WeakReferences: 0.0ms
[12.565s][debug][gc,phases,ref     ] GC(13)         SoftRef (ms):             skipped
[12.565s][debug][gc,phases,ref     ] GC(13)         WeakRef (ms):             skipped
[12.565s][debug][gc,phases,ref     ] GC(13)         FinalRef (ms):            skipped
[12.565s][debug][gc,phases,ref     ] GC(13)         Total (ms):               skipped
[12.565s][debug][gc,phases,ref     ] GC(13)       Notify and keep alive finalizable: 0.0ms
[12.565s][debug][gc,phases,ref     ] GC(13)         FinalRef (ms):            skipped
[12.565s][debug][gc,phases,ref     ] GC(13)       Notify PhantomReferences: 0.0ms
[12.565s][debug][gc,phases,ref     ] GC(13)         PhantomRef (ms):          skipped
[12.565s][debug][gc,phases,ref     ] GC(13)       SoftReference:
[12.565s][debug][gc,phases,ref     ] GC(13)         Discovered: 0
[12.565s][debug][gc,phases,ref     ] GC(13)         Cleared: 0
[12.565s][debug][gc,phases,ref     ] GC(13)       WeakReference:
[12.565s][debug][gc,phases,ref     ] GC(13)         Discovered: 0
[12.565s][debug][gc,phases,ref     ] GC(13)         Cleared: 0
[12.565s][debug][gc,phases,ref     ] GC(13)       FinalReference:
[12.565s][debug][gc,phases,ref     ] GC(13)         Discovered: 0
[12.565s][debug][gc,phases,ref     ] GC(13)         Cleared: 0
[12.565s][debug][gc,phases,ref     ] GC(13)       PhantomReference:
[12.565s][debug][gc,phases,ref     ] GC(13)         Discovered: 0
[12.565s][debug][gc,phases,ref     ] GC(13)         Cleared: 0
[12.565s][debug][gc,phases         ] GC(13)     Weak Processing: 0.0ms
[12.565s][debug][gc,phases         ] GC(13)     Merge Per-Thread State: 0.0ms
[12.565s][debug][gc,phases         ] GC(13)     Code Roots Purge: 0.0ms
[12.565s][debug][gc,phases         ] GC(13)     Redirty Cards: 0.0ms
[12.565s][debug][gc,phases         ] GC(13)     DerivedPointerTable Update: 0.0ms
[12.565s][debug][gc,phases         ] GC(13)     Free Collection Set: 0.1ms
[12.565s][debug][gc,phases         ] GC(13)     Humongous Reclaim: 0.2ms
[12.565s][debug][gc,phases         ] GC(13)     Start New Collection Set: 0.0ms
[12.565s][debug][gc,phases         ] GC(13)     Resize TLABs: 0.0ms
[12.565s][debug][gc,phases         ] GC(13)     Expand Heap After Collection: 0.7ms
[12.565s][info ][gc,phases         ] GC(13)   Other: 0.5ms
[12.565s][info ][gc,heap           ] GC(13) Eden regions: 29->0(32)
[12.565s][info ][gc,heap           ] GC(13) Survivor regions: 1->4(4)
[12.565s][info ][gc,heap           ] GC(13) Old regions: 36->61
[12.565s][info ][gc,heap           ] GC(13) Humongous regions: 15->15
[12.565s][info ][gc,metaspace      ] GC(13) Metaspace: 13053K->13053K(1060864K)
[12.565s][debug][gc,heap           ] GC(13) Heap after GC invocations=14 (full 0): garbage-first heap   total 207872K, used 81920K [0x0000000780000000, 0x0000000800000000)
[12.565s][debug][gc,heap           ] GC(13)   region size 1024K, 4 young (4096K), 4 survivors (4096K)
[12.565s][debug][gc,heap           ] GC(13)  Metaspace       used 13053K, capacity 13479K, committed 13568K, reserved 1060864K
[12.565s][debug][gc,heap           ] GC(13)   class space    used 1346K, capacity 1505K, committed 1536K, reserved 1048576K
[12.565s][info ][gc                ] GC(13) Pause Young (Normal) (G1 Evacuation Pause) 80M->80M(203M) 42.346ms
[12.565s][info ][gc,cpu            ] GC(13) User=0.11s Sys=0.01s Real=0.05s
[12.683s][debug][gc,refine         ] Activated worker 0, on threshold: 14, current: 15
[12.685s][debug][gc,refine         ] Deactivated worker 0, off threshold: 12, current: 12, processed: 3
[12.697s][debug][gc,refine         ] Activated worker 0, on threshold: 14, current: 16
[12.698s][debug][gc,refine         ] Deactivated worker 0, off threshold: 12, current: 12, processed: 4
[12.707s][debug][gc,refine         ] Activated worker 0, on threshold: 14, current: 14
[12.708s][debug][gc,refine         ] Deactivated worker 0, off threshold: 12, current: 12, processed: 3
[12.809s][debug][gc,refine         ] Activated worker 0, on threshold: 14, current: 17
[12.809s][debug][gc,refine         ] Deactivated worker 0, off threshold: 12, current: 12, processed: 5
[12.821s][debug][gc,refine         ] Activated worker 0, on threshold: 14, current: 16
[12.822s][debug][gc,refine         ] Deactivated worker 0, off threshold: 12, current: 12, processed: 4
[12.829s][debug][gc,refine         ] Activated worker 0, on threshold: 14, current: 14
[12.832s][debug][gc,refine         ] Deactivated worker 0, off threshold: 12, current: 12, processed: 8
[12.941s][debug][gc,heap           ] GC(14) Heap before GC invocations=14 (full 0): garbage-first heap   total 207872K, used 123904K [0x0000000780000000, 0x0000000800000000)
[12.941s][debug][gc,heap           ] GC(14)   region size 1024K, 36 young (36864K), 4 survivors (4096K)
[12.941s][debug][gc,heap           ] GC(14)  Metaspace       used 13057K, capacity 13479K, committed 13568K, reserved 1060864K
[12.941s][debug][gc,heap           ] GC(14)   class space    used 1346K, capacity 1505K, committed 1536K, reserved 1048576K
[12.941s][info ][gc,start          ] GC(14) Pause Young (Normal) (G1 Evacuation Pause)
[12.941s][info ][gc,task           ] GC(14) Using 4 workers of 4 for evacuation
[12.941s][debug][gc,tlab           ] GC(14) TLAB totals: thrds: 5  refills: 97 max: 91 slow allocs: 12 max 12 waste:  1.7% gc: 494720B max: 166592B slow: 54992B max: 53536B fast: 0B max: 0B
[12.941s][debug][gc,alloc,region   ] GC(14) Mutator Allocation stats, regions: 32, wasted size: 0B ( 0.0%)
[12.941s][debug][gc,age            ] GC(14) Desired survivor size 2621440 bytes, new threshold 1 (max threshold 15)
[12.941s][debug][gc,ergo,cset      ] GC(14) Finish choosing CSet. old: 0 regions, predicted old region time: 0.00ms, time remaining: 98.33
[12.942s][debug][gc,task,stats     ] GC(14) GC Termination Stats
[12.942s][debug][gc,refine         ] Activated worker 0, on threshold: 14, current: 15
[12.942s][debug][gc,task,stats     ] GC(14)      elapsed  --strong roots-- -------termination------- ------waste (KiB)------
[12.942s][debug][gc,task,stats     ] GC(14) thr     ms        ms      %        ms      %    attempts  total   alloc    undo
[12.942s][debug][gc,task,stats     ] GC(14) --- --------- --------- ------ --------- ------ -------- ------- ------- -------
[12.995s][debug][gc,task,stats     ] GC(14)   0     53.55     49.69  92.80      0.07   0.14       14       0       0       0
[12.995s][debug][gc,task,stats     ] GC(14)   3     53.52     50.92  95.13      0.11   0.20       10       0       0       0
[12.995s][debug][gc,task,stats     ] GC(14)   1     53.72     48.98  91.17      0.10   0.18       12       0       0       0
[12.995s][debug][gc,task,stats     ] GC(14)   2     53.76     49.69  92.42      0.11   0.21       12       0       0       0
[12.996s][debug][gc,ergo           ] GC(14) Running G1 Clear Card Table Task using 1 workers for 1 units of work for 46 regions.
[12.996s][debug][gc,ref            ] GC(14) Skipped phase1 of Reference Processing due to unavailable references
[12.996s][debug][gc,ref            ] GC(14) Skipped phase2 of Reference Processing due to unavailable references
[12.996s][debug][gc,ref            ] GC(14) Skipped phase3 of Reference Processing due to unavailable references
[12.996s][debug][gc,ref            ] GC(14) Skipped phase4 of Reference Processing due to unavailable references
[12.996s][debug][gc,ergo           ] GC(14) Running G1 Free Collection Set using 1 workers for collection set length 36
[12.996s][debug][gc,humongous      ] GC(14) Live humongous region 3 object size 524304 start 0x0000000780300000  with remset 0 code roots 0 is marked 0 reclaim candidate 0 type array 0
[12.996s][debug][gc,humongous      ] GC(14) Live humongous region 4 object size 1048592 start 0x0000000780400000  with remset 0 code roots 0 is marked 0 reclaim candidate 0 type array 0
[12.996s][debug][gc,humongous      ] GC(14) Live humongous region 22 object size 524304 start 0x0000000781600000  with remset 0 code roots 0 is marked 0 reclaim candidate 0 type array 0
[12.996s][debug][gc,humongous      ] GC(14) Live humongous region 27 object size 524304 start 0x0000000781b00000  with remset 0 code roots 0 is marked 0 reclaim candidate 0 type array 0
[12.996s][debug][gc,humongous      ] GC(14) Live humongous region 35 object size 1048592 start 0x0000000782300000  with remset 1 code roots 0 is marked 0 reclaim candidate 0 type array 0
[12.996s][debug][gc,humongous      ] GC(14) Live humongous region 37 object size 1048592 start 0x0000000782500000  with remset 0 code roots 0 is marked 0 reclaim candidate 0 type array 0
[12.996s][debug][gc,humongous      ] GC(14) Live humongous region 39 object size 524304 start 0x0000000782700000  with remset 0 code roots 0 is marked 0 reclaim candidate 0 type array 0
[12.996s][debug][gc,humongous      ] GC(14) Live humongous region 40 object size 1048592 start 0x0000000782800000  with remset 0 code roots 0 is marked 0 reclaim candidate 0 type array 0
[12.996s][debug][gc,humongous      ] GC(14) Live humongous region 69 object size 524304 start 0x0000000784500000  with remset 0 code roots 0 is marked 0 reclaim candidate 0 type array 0
[12.996s][debug][gc,humongous      ] GC(14) Live humongous region 70 object size 1048592 start 0x0000000784600000  with remset 0 code roots 0 is marked 0 reclaim candidate 0 type array 0
[12.996s][debug][gc,humongous      ] GC(14) Live humongous region 72 object size 524304 start 0x0000000784800000  with remset 0 code roots 0 is marked 0 reclaim candidate 0 type array 0
[12.996s][debug][gc,humongous      ] GC(14) Live humongous region 73 object size 1048592 start 0x0000000784900000  with remset 0 code roots 0 is marked 0 reclaim candidate 0 type array 0
[12.996s][debug][gc,humongous      ] GC(14) Live humongous region 75 object size 524304 start 0x0000000784b00000  with remset 0 code roots 0 is marked 0 reclaim candidate 0 type array 0
[12.996s][debug][gc,humongous      ] GC(14) Live humongous region 80 object size 524304 start 0x0000000785000000  with remset 0 code roots 0 is marked 0 reclaim candidate 0 type array 0
[12.996s][debug][gc,humongous      ] GC(14) Live humongous region 81 object size 1048592 start 0x0000000785100000  with remset 1 code roots 0 is marked 0 reclaim candidate 0 type array 0
[12.996s][debug][gc,humongous      ] GC(14) Live humongous region 83 object size 1048592 start 0x0000000785300000  with remset 0 code roots 0 is marked 0 reclaim candidate 0 type array 0
[12.996s][debug][gc,plab           ] GC(14) Young PLAB allocation: allocated: 4980720B, wasted: 944B, unused: 0B, used: 4979776B, undo waste: 0B, 
[12.996s][debug][gc,plab           ] GC(14) Young other allocation: region end waste: 0B, regions filled: 5, direct allocated: 262160B, failure used: 0B, failure wasted: 0B
[12.996s][debug][gc,plab           ] GC(14) Young sizing: calculated: 995952B, actual: 913952B
[12.996s][debug][gc,plab           ] GC(14) Old PLAB allocation: allocated: 30932992B, wasted: 1336B, unused: 657584B, used: 30274072B, undo waste: 0B, 
[12.996s][debug][gc,plab           ] GC(14) Old other allocation: region end waste: 0B, regions filled: 30, direct allocated: 0B, failure used: 0B, failure wasted: 0B
[12.996s][debug][gc,plab           ] GC(14) Old sizing: calculated: 6054808B, actual: 5614688B
[12.996s][debug][gc,ergo,ihop      ] GC(14) Request concurrent cycle initiation (occupancy higher than threshold) occupancy: 120586240B allocation request: 0B threshold: 95787417B (45.00) source: end of GC
[12.996s][debug][gc,alloc,stats    ] Old generation allocation in the last mutator period, old gen allocated: 30932992B, humongous allocated: 9437184B,old gen growth: 40370176B.
[12.996s][debug][gc,ihop           ] GC(14) Basic information (value update), threshold: 95787417B (45.00), target occupancy: 212860928B, current occupancy: 125304832B, recent allocation size: 40370176B, recent allocation duration: 376.91ms, recent old gen allocation rate: 107107283.89B/s, recent marking phase length: 234.11ms
[12.996s][debug][gc,ihop           ] GC(14) Adaptive IHOP information (value update), threshold: 95787417B (47.37), internal target occupancy: 202217881B, occupancy: 125304832B, additional buffer size: 25165824B, predicted old gen allocation rate: 361528387.48B/s, predicted marking phase length: 414.55ms, prediction active: false
[12.996s][debug][gc,ergo,refine    ] GC(14) Updated Refinement Zones: green: 13, yellow: 39, red: 65
[12.996s][info ][gc,phases         ] GC(14)   Pre Evacuate Collection Set: 0.0ms
[12.996s][debug][gc,phases         ] GC(14)     Prepare TLABs: 0.0ms
[12.996s][debug][gc,phases         ] GC(14)     Choose Collection Set: 0.0ms
[12.996s][debug][gc,phases         ] GC(14)     Humongous Register: 0.0ms
[12.996s][info ][gc,phases         ] GC(14)   Evacuate Collection Set: 54.0ms
[12.996s][debug][gc,phases         ] GC(14)     Ext Root Scanning (ms):   Min:  0.0, Avg:  0.2, Max:  0.4, Diff:  0.4, Sum:  0.9, Workers: 4
[12.996s][debug][gc,phases         ] GC(14)     Update RS (ms):           Min:  1.0, Avg:  1.2, Max:  1.7, Diff:  0.6, Sum:  4.8, Workers: 4
[12.996s][debug][gc,phases         ] GC(14)       Processed Buffers:        Min: 2, Avg:  3.8, Max: 9, Diff: 7, Sum: 15, Workers: 4
[12.996s][debug][gc,phases         ] GC(14)       Scanned Cards:            Min: 512, Avg: 770.8, Max: 1547, Diff: 1035, Sum: 3083, Workers: 4
[12.996s][debug][gc,phases         ] GC(14)       Skipped Cards:            Min: 0, Avg:  0.0, Max: 0, Diff: 0, Sum: 0, Workers: 4
[12.996s][debug][gc,phases         ] GC(14)     Scan RS (ms):             Min:  0.9, Avg:  1.4, Max:  2.2, Diff:  1.3, Sum:  5.6, Workers: 4
[12.996s][debug][gc,phases         ] GC(14)       Scanned Cards:            Min: 321, Avg: 412.2, Max: 531, Diff: 210, Sum: 1649, Workers: 4
[12.996s][debug][gc,phases         ] GC(14)       Claimed Cards:            Min: 327, Avg: 419.0, Max: 537, Diff: 210, Sum: 1676, Workers: 4
[12.996s][debug][gc,phases         ] GC(14)       Skipped Cards:            Min: 79, Avg: 225.8, Max: 378, Diff: 299, Sum: 903, Workers: 4
[12.996s][debug][gc,phases         ] GC(14)     Code Root Scanning (ms):  Min:  0.0, Avg:  0.0, Max:  0.0, Diff:  0.0, Sum:  0.0, Workers: 4
[12.996s][debug][gc,phases         ] GC(14)     JVMCI Root Scan (ms):     skipped
[12.997s][debug][gc,phases         ] GC(14)     Object Copy (ms):         Min: 49.9, Avg: 50.6, Max: 51.2, Diff:  1.3, Sum: 202.2, Workers: 4
[12.997s][debug][gc,phases         ] GC(14)     Termination (ms):         Min:  0.1, Avg:  0.1, Max:  0.1, Diff:  0.0, Sum:  0.4, Workers: 4
[12.997s][debug][gc,phases         ] GC(14)       Termination Attempts:     Min: 10, Avg: 12.0, Max: 14, Diff: 4, Sum: 48, Workers: 4
[12.997s][debug][gc,phases         ] GC(14)     GC Worker Other (ms):     Min:  0.1, Avg:  0.2, Max:  0.3, Diff:  0.1, Sum:  0.9, Workers: 4
[12.997s][debug][gc,phases         ] GC(14)     GC Worker Total (ms):     Min: 53.6, Avg: 53.7, Max: 53.8, Diff:  0.2, Sum: 214.8, Workers: 4
[12.997s][info ][gc,phases         ] GC(14)   Post Evacuate Collection Set: 0.6ms
[12.997s][debug][gc,phases         ] GC(14)     Code Roots Fixup: 0.0ms
[12.997s][debug][gc,phases         ] GC(14)     Clear Card Table: 0.1ms
[12.997s][debug][gc,phases         ] GC(14)     Reference Processing: 0.2ms
[12.997s][debug][gc,phases,ref     ] GC(14)       Reconsider SoftReferences: 0.0ms
[12.997s][debug][gc,phases,ref     ] GC(14)         SoftRef (ms):             skipped
[12.997s][debug][gc,phases,ref     ] GC(14)       Notify Soft/WeakReferences: 0.0ms
[12.997s][debug][gc,phases,ref     ] GC(14)         SoftRef (ms):             skipped
[12.997s][debug][gc,phases,ref     ] GC(14)         WeakRef (ms):             skipped
[12.997s][debug][gc,phases,ref     ] GC(14)         FinalRef (ms):            skipped
[12.997s][debug][gc,phases,ref     ] GC(14)         Total (ms):               skipped
[12.997s][debug][gc,phases,ref     ] GC(14)       Notify and keep alive finalizable: 0.0ms
[12.997s][debug][gc,phases,ref     ] GC(14)         FinalRef (ms):            skipped
[12.997s][debug][gc,phases,ref     ] GC(14)       Notify PhantomReferences: 0.1ms
[12.997s][debug][gc,phases,ref     ] GC(14)         PhantomRef (ms):          skipped
[12.997s][debug][gc,phases,ref     ] GC(14)       SoftReference:
[12.997s][debug][gc,phases,ref     ] GC(14)         Discovered: 0
[12.997s][debug][gc,phases,ref     ] GC(14)         Cleared: 0
[12.997s][debug][gc,phases,ref     ] GC(14)       WeakReference:
[12.997s][debug][gc,phases,ref     ] GC(14)         Discovered: 0
[12.997s][debug][gc,phases,ref     ] GC(14)         Cleared: 0
[12.997s][debug][gc,phases,ref     ] GC(14)       FinalReference:
[12.997s][debug][gc,phases,ref     ] GC(14)         Discovered: 0
[12.997s][debug][gc,phases,ref     ] GC(14)         Cleared: 0
[12.997s][debug][gc,phases,ref     ] GC(14)       PhantomReference:
[12.997s][debug][gc,phases,ref     ] GC(14)         Discovered: 0
[12.997s][debug][gc,phases,ref     ] GC(14)         Cleared: 0
[12.997s][debug][gc,phases         ] GC(14)     Weak Processing: 0.0ms
[12.997s][debug][gc,phases         ] GC(14)     Merge Per-Thread State: 0.0ms
[12.997s][debug][gc,phases         ] GC(14)     Code Roots Purge: 0.0ms
[12.997s][debug][gc,phases         ] GC(14)     Redirty Cards: 0.0ms
[12.997s][debug][gc,phases         ] GC(14)     DerivedPointerTable Update: 0.0ms
[12.997s][debug][gc,phases         ] GC(14)     Free Collection Set: 0.1ms
[12.997s][debug][gc,phases         ] GC(14)     Humongous Reclaim: 0.2ms
[12.997s][debug][gc,phases         ] GC(14)     Start New Collection Set: 0.0ms
[12.997s][debug][gc,phases         ] GC(14)     Resize TLABs: 0.0ms
[12.997s][debug][gc,phases         ] GC(14)     Expand Heap After Collection: 0.0ms
[12.997s][info ][gc,phases         ] GC(14)   Other: 0.7ms
[12.997s][info ][gc,heap           ] GC(14) Eden regions: 32->0(19)
[12.997s][info ][gc,heap           ] GC(14) Survivor regions: 4->5(5)
[12.997s][info ][gc,heap           ] GC(14) Old regions: 61->91
[12.997s][info ][gc,heap           ] GC(14) Humongous regions: 24->24
[12.997s][info ][gc,metaspace      ] GC(14) Metaspace: 13057K->13057K(1060864K)
[12.997s][debug][gc,heap           ] GC(14) Heap after GC invocations=15 (full 0): garbage-first heap   total 207872K, used 122368K [0x0000000780000000, 0x0000000800000000)
[12.997s][debug][gc,heap           ] GC(14)   region size 1024K, 5 young (5120K), 5 survivors (5120K)
[12.997s][debug][gc,heap           ] GC(14)  Metaspace       used 13057K, capacity 13479K, committed 13568K, reserved 1060864K
[12.997s][debug][gc,heap           ] GC(14)   class space    used 1346K, capacity 1505K, committed 1536K, reserved 1048576K
[12.997s][info ][gc                ] GC(14) Pause Young (Normal) (G1 Evacuation Pause) 121M->119M(203M) 56.172ms
[12.997s][info ][gc,cpu            ] GC(14) User=0.16s Sys=0.02s Real=0.06s
[12.997s][debug][gc,refine         ] Deactivated worker 0, off threshold: 13, current: 4, processed: 0
[12.998s][debug][gc,ergo,ihop      ] Request concurrent cycle initiation (occupancy higher than threshold) occupancy: 120586240B allocation request: 524304B threshold: 95787417B (45.00) source: concurrent humongous allocation
[12.998s][debug][gc,ergo           ] Request concurrent cycle initiation (requested by GC cause). GC cause: G1 Humongous Allocation
[12.998s][debug][gc,heap           ] GC(15) Heap before GC invocations=15 (full 0): garbage-first heap   total 207872K, used 124416K [0x0000000780000000, 0x0000000800000000)
[12.998s][debug][gc,heap           ] GC(15)   region size 1024K, 8 young (8192K), 5 survivors (5120K)
[12.998s][debug][gc,heap           ] GC(15)  Metaspace       used 13057K, capacity 13479K, committed 13568K, reserved 1060864K
[12.998s][debug][gc,heap           ] GC(15)   class space    used 1346K, capacity 1505K, committed 1536K, reserved 1048576K
[12.998s][debug][gc,ergo           ] GC(15) Initiate concurrent cycle (concurrent cycle initiation requested)
[12.999s][info ][gc,start          ] GC(15) Pause Young (Concurrent Start) (G1 Humongous Allocation)
[12.999s][info ][gc,task           ] GC(15) Using 4 workers of 4 for evacuation
[12.999s][debug][gc,tlab           ] GC(15) TLAB totals: thrds: 1  refills: 10 max: 10 slow allocs: 1 max 1 waste: 15.0% gc: 368376B max: 368376B slow: 5264B max: 5264B fast: 0B max: 0B
[12.999s][debug][gc,alloc,region   ] GC(15) Mutator Allocation stats, regions: 3, wasted size: 0B ( 0.0%)
[12.999s][debug][gc,age            ] GC(15) Desired survivor size 1572864 bytes, new threshold 1 (max threshold 15)
[12.999s][debug][gc,ergo,cset      ] GC(15) Finish choosing CSet. old: 0 regions, predicted old region time: 0.00ms, time remaining: 175.94
[12.999s][debug][gc,task,stats     ] GC(15) GC Termination Stats
[12.999s][debug][gc,task,stats     ] GC(15)      elapsed  --strong roots-- -------termination------- ------waste (KiB)------
[12.999s][debug][gc,task,stats     ] GC(15) thr     ms        ms      %        ms      %    attempts  total   alloc    undo
[12.999s][debug][gc,task,stats     ] GC(15) --- --------- --------- ------ --------- ------ -------- ------- ------- -------
[13.006s][debug][gc,task,stats     ] GC(15)   3      7.35      5.19  70.54      0.00   0.04        3       0       0       0
[13.006s][debug][gc,task,stats     ] GC(15)   0      7.46      5.48  73.53      0.01   0.11        4       0       0       0
[13.006s][debug][gc,task,stats     ] GC(15)   2      7.48      5.06  67.61      0.01   0.16        8       0       0       0
[13.006s][debug][gc,task,stats     ] GC(15)   1      7.53      5.32  70.73      0.00   0.03        3       0       0       0
[13.006s][debug][gc,ergo           ] GC(15) Running G1 Clear Card Table Task using 1 workers for 1 units of work for 12 regions.
[13.006s][debug][gc,ref            ] GC(15) Skipped phase1 of Reference Processing due to unavailable references
[13.006s][debug][gc,ref            ] GC(15) Skipped phase2 of Reference Processing due to unavailable references
[13.006s][debug][gc,ref            ] GC(15) Skipped phase3 of Reference Processing due to unavailable references
[13.006s][debug][gc,ref            ] GC(15) Skipped phase4 of Reference Processing due to unavailable references
[13.006s][debug][gc,ergo           ] GC(15) Running G1 Free Collection Set using 1 workers for collection set length 8
[13.006s][debug][gc,humongous      ] GC(15) Live humongous region 3 object size 524304 start 0x0000000780300000  with remset 0 code roots 0 is marked 0 reclaim candidate 0 type array 0
[13.006s][debug][gc,humongous      ] GC(15) Live humongous region 4 object size 1048592 start 0x0000000780400000  with remset 0 code roots 0 is marked 0 reclaim candidate 0 type array 0
[13.006s][debug][gc,humongous      ] GC(15) Live humongous region 22 object size 524304 start 0x0000000781600000  with remset 0 code roots 0 is marked 0 reclaim candidate 0 type array 0
[13.006s][debug][gc,humongous      ] GC(15) Live humongous region 27 object size 524304 start 0x0000000781b00000  with remset 0 code roots 0 is marked 0 reclaim candidate 0 type array 0
[13.006s][debug][gc,humongous      ] GC(15) Live humongous region 35 object size 1048592 start 0x0000000782300000  with remset 1 code roots 0 is marked 0 reclaim candidate 0 type array 0
[13.006s][debug][gc,humongous      ] GC(15) Live humongous region 37 object size 1048592 start 0x0000000782500000  with remset 0 code roots 0 is marked 0 reclaim candidate 0 type array 0
[13.006s][debug][gc,humongous      ] GC(15) Live humongous region 39 object size 524304 start 0x0000000782700000  with remset 0 code roots 0 is marked 0 reclaim candidate 0 type array 0
[13.006s][debug][gc,humongous      ] GC(15) Live humongous region 40 object size 1048592 start 0x0000000782800000  with remset 0 code roots 0 is marked 0 reclaim candidate 0 type array 0
[13.006s][debug][gc,humongous      ] GC(15) Live humongous region 69 object size 524304 start 0x0000000784500000  with remset 0 code roots 0 is marked 0 reclaim candidate 0 type array 0
[13.007s][debug][gc,humongous      ] GC(15) Live humongous region 70 object size 1048592 start 0x0000000784600000  with remset 0 code roots 0 is marked 0 reclaim candidate 0 type array 0
[13.007s][debug][gc,humongous      ] GC(15) Live humongous region 72 object size 524304 start 0x0000000784800000  with remset 0 code roots 0 is marked 0 reclaim candidate 0 type array 0
[13.007s][debug][gc,humongous      ] GC(15) Live humongous region 73 object size 1048592 start 0x0000000784900000  with remset 0 code roots 0 is marked 0 reclaim candidate 0 type array 0
[13.007s][debug][gc,humongous      ] GC(15) Live humongous region 75 object size 524304 start 0x0000000784b00000  with remset 0 code roots 0 is marked 0 reclaim candidate 0 type array 0
[13.007s][debug][gc,humongous      ] GC(15) Live humongous region 80 object size 524304 start 0x0000000785000000  with remset 0 code roots 0 is marked 0 reclaim candidate 0 type array 0
[13.007s][debug][gc,humongous      ] GC(15) Live humongous region 81 object size 1048592 start 0x0000000785100000  with remset 1 code roots 0 is marked 0 reclaim candidate 0 type array 0
[13.007s][debug][gc,humongous      ] GC(15) Live humongous region 83 object size 1048592 start 0x0000000785300000  with remset 0 code roots 0 is marked 0 reclaim candidate 0 type array 0
[13.007s][debug][gc,plab           ] GC(15) Young PLAB allocation: allocated: 2554128B, wasted: 216B, unused: 431864B, used: 2122048B, undo waste: 0B, 
[13.007s][debug][gc,plab           ] GC(15) Young other allocation: region end waste: 0B, regions filled: 3, direct allocated: 0B, failure used: 0B, failure wasted: 0B
[13.007s][debug][gc,plab           ] GC(15) Young sizing: calculated: 424408B, actual: 546792B
[13.007s][debug][gc,plab           ] GC(15) Old PLAB allocation: allocated: 6291456B, wasted: 208B, unused: 1049312B, used: 5241936B, undo waste: 0B, 
[13.007s][debug][gc,plab           ] GC(15) Old other allocation: region end waste: 0B, regions filled: 7, direct allocated: 0B, failure used: 0B, failure wasted: 0B
[13.007s][debug][gc,plab           ] GC(15) Old sizing: calculated: 1048384B, actual: 2189960B
[13.007s][debug][gc,alloc,stats    ] Old generation allocation in the last mutator period, old gen allocated: 6291456B, humongous allocated: 0B,old gen growth: 6291456B.
[13.007s][debug][gc,ihop           ] GC(15) Basic information (value update), threshold: 95787417B (45.00), target occupancy: 212860928B, current occupancy: 128907536B, recent allocation size: 6291456B, recent allocation duration: 2.36ms, recent old gen allocation rate: 2668552176.78B/s, recent marking phase length: 234.11ms
[13.007s][debug][gc,ihop           ] GC(15) Adaptive IHOP information (value update), threshold: 95787417B (47.37), internal target occupancy: 202217881B, occupancy: 128907536B, additional buffer size: 22020096B, predicted old gen allocation rate: 615801573.14B/s, predicted marking phase length: 414.55ms, prediction active: false
[13.007s][debug][gc,ergo,refine    ] GC(15) Updated Refinement Zones: green: 13, yellow: 39, red: 65
[13.007s][info ][gc,phases         ] GC(15)   Pre Evacuate Collection Set: 0.1ms
[13.007s][debug][gc,phases         ] GC(15)     Prepare TLABs: 0.0ms
[13.007s][debug][gc,phases         ] GC(15)     Choose Collection Set: 0.0ms
[13.007s][debug][gc,phases         ] GC(15)     Humongous Register: 0.0ms
[13.007s][debug][gc,phases         ] GC(15)     Clear Claimed Marks: 0.0ms
[13.007s][info ][gc,phases         ] GC(15)   Evacuate Collection Set: 7.6ms
[13.007s][debug][gc,phases         ] GC(15)     Ext Root Scanning (ms):   Min:  0.2, Avg:  0.2, Max:  0.3, Diff:  0.0, Sum:  1.0, Workers: 4
[13.007s][debug][gc,phases         ] GC(15)     Update RS (ms):           Min:  0.2, Avg:  0.2, Max:  0.3, Diff:  0.1, Sum:  0.8, Workers: 4
[13.007s][debug][gc,phases         ] GC(15)       Processed Buffers:        Min: 1, Avg:  1.0, Max: 1, Diff: 0, Sum: 4, Workers: 4
[13.007s][debug][gc,phases         ] GC(15)       Scanned Cards:            Min: 74, Avg: 95.2, Max: 105, Diff: 31, Sum: 381, Workers: 4
[13.007s][debug][gc,phases         ] GC(15)       Skipped Cards:            Min: 0, Avg:  0.0, Max: 0, Diff: 0, Sum: 0, Workers: 4
[13.007s][debug][gc,phases         ] GC(15)     Scan RS (ms):             Min:  0.0, Avg:  0.0, Max:  0.0, Diff:  0.0, Sum:  0.0, Workers: 4
[13.007s][debug][gc,phases         ] GC(15)       Scanned Cards:            Min: 0, Avg:  0.0, Max: 0, Diff: 0, Sum: 0, Workers: 4
[13.007s][debug][gc,phases         ] GC(15)       Claimed Cards:            Min: 0, Avg:  0.0, Max: 0, Diff: 0, Sum: 0, Workers: 4
[13.007s][debug][gc,phases         ] GC(15)       Skipped Cards:            Min: 0, Avg:  0.0, Max: 0, Diff: 0, Sum: 0, Workers: 4
[13.007s][debug][gc,phases         ] GC(15)     Code Root Scanning (ms):  Min:  0.0, Avg:  0.0, Max:  0.0, Diff:  0.0, Sum:  0.0, Workers: 4
[13.007s][debug][gc,phases         ] GC(15)     JVMCI Root Scan (ms):     skipped
[13.007s][debug][gc,phases         ] GC(15)     Object Copy (ms):         Min:  6.8, Avg:  6.9, Max:  6.9, Diff:  0.1, Sum: 27.6, Workers: 4
[13.007s][debug][gc,phases         ] GC(15)     Termination (ms):         Min:  0.0, Avg:  0.0, Max:  0.0, Diff:  0.0, Sum:  0.0, Workers: 4
[13.007s][debug][gc,phases         ] GC(15)       Termination Attempts:     Min: 3, Avg:  4.5, Max: 8, Diff: 5, Sum: 18, Workers: 4
[13.007s][debug][gc,phases         ] GC(15)     GC Worker Other (ms):     Min:  0.1, Avg:  0.1, Max:  0.2, Diff:  0.1, Sum:  0.6, Workers: 4
[13.007s][debug][gc,phases         ] GC(15)     GC Worker Total (ms):     Min:  7.4, Avg:  7.5, Max:  7.5, Diff:  0.1, Sum: 30.0, Workers: 4
[13.007s][info ][gc,phases         ] GC(15)   Post Evacuate Collection Set: 0.3ms
[13.007s][debug][gc,phases         ] GC(15)     Code Roots Fixup: 0.0ms
[13.007s][debug][gc,phases         ] GC(15)     Clear Card Table: 0.0ms
[13.007s][debug][gc,phases         ] GC(15)     Reference Processing: 0.0ms
[13.007s][debug][gc,phases,ref     ] GC(15)       Reconsider SoftReferences: 0.0ms
[13.007s][debug][gc,phases,ref     ] GC(15)         SoftRef (ms):             skipped
[13.007s][debug][gc,phases,ref     ] GC(15)       Notify Soft/WeakReferences: 0.0ms
[13.007s][debug][gc,phases,ref     ] GC(15)         SoftRef (ms):             skipped
[13.007s][debug][gc,phases,ref     ] GC(15)         WeakRef (ms):             skipped
[13.007s][debug][gc,phases,ref     ] GC(15)         FinalRef (ms):            skipped
[13.007s][debug][gc,phases,ref     ] GC(15)         Total (ms):               skipped
[13.007s][debug][gc,phases,ref     ] GC(15)       Notify and keep alive finalizable: 0.0ms
[13.007s][debug][gc,phases,ref     ] GC(15)         FinalRef (ms):            skipped
[13.007s][debug][gc,phases,ref     ] GC(15)       Notify PhantomReferences: 0.0ms
[13.007s][debug][gc,phases,ref     ] GC(15)         PhantomRef (ms):          skipped
[13.007s][debug][gc,phases,ref     ] GC(15)       SoftReference:
[13.007s][debug][gc,phases,ref     ] GC(15)         Discovered: 0
[13.007s][debug][gc,phases,ref     ] GC(15)         Cleared: 0
[13.007s][debug][gc,phases,ref     ] GC(15)       WeakReference:
[13.007s][debug][gc,phases,ref     ] GC(15)         Discovered: 0
[13.007s][debug][gc,phases,ref     ] GC(15)         Cleared: 0
[13.007s][debug][gc,phases,ref     ] GC(15)       FinalReference:
[13.007s][debug][gc,phases,ref     ] GC(15)         Discovered: 0
[13.007s][debug][gc,phases,ref     ] GC(15)         Cleared: 0
[13.007s][debug][gc,phases,ref     ] GC(15)       PhantomReference:
[13.007s][debug][gc,phases,ref     ] GC(15)         Discovered: 0
[13.007s][debug][gc,phases,ref     ] GC(15)         Cleared: 0
[13.007s][debug][gc,phases         ] GC(15)     Weak Processing: 0.0ms
[13.007s][debug][gc,phases         ] GC(15)     Merge Per-Thread State: 0.0ms
[13.007s][debug][gc,phases         ] GC(15)     Code Roots Purge: 0.0ms
[13.007s][debug][gc,phases         ] GC(15)     Redirty Cards: 0.0ms
[13.007s][debug][gc,phases         ] GC(15)     DerivedPointerTable Update: 0.0ms
[13.007s][debug][gc,phases         ] GC(15)     Free Collection Set: 0.0ms
[13.007s][debug][gc,phases         ] GC(15)     Humongous Reclaim: 0.1ms
[13.007s][debug][gc,phases         ] GC(15)     Start New Collection Set: 0.0ms
[13.007s][debug][gc,phases         ] GC(15)     Resize TLABs: 0.0ms
[13.007s][debug][gc,phases         ] GC(15)     Expand Heap After Collection: 0.0ms
[13.007s][info ][gc,phases         ] GC(15)   Other: 0.3ms
[13.007s][info ][gc,heap           ] GC(15) Eden regions: 3->0(18)
[13.007s][info ][gc,heap           ] GC(15) Survivor regions: 5->3(3)
[13.007s][info ][gc,heap           ] GC(15) Old regions: 91->97
[13.007s][info ][gc,heap           ] GC(15) Humongous regions: 24->24
[13.007s][info ][gc,metaspace      ] GC(15) Metaspace: 13057K->13057K(1060864K)
[13.007s][debug][gc,heap           ] GC(15) Heap after GC invocations=16 (full 0): garbage-first heap   total 207872K, used 125886K [0x0000000780000000, 0x0000000800000000)
[13.007s][debug][gc,heap           ] GC(15)   region size 1024K, 3 young (3072K), 3 survivors (3072K)
[13.007s][debug][gc,heap           ] GC(15)  Metaspace       used 13057K, capacity 13479K, committed 13568K, reserved 1060864K
[13.007s][debug][gc,heap           ] GC(15)   class space    used 1346K, capacity 1505K, committed 1536K, reserved 1048576K
[13.007s][info ][gc                ] GC(15) Pause Young (Concurrent Start) (G1 Humongous Allocation) 121M->122M(203M) 8.772ms
[13.007s][info ][gc,cpu            ] GC(15) User=0.03s Sys=0.00s Real=0.01s
[13.007s][info ][gc                ] GC(16) Concurrent Cycle
[13.007s][info ][gc,marking        ] GC(16) Concurrent Clear Claimed Marks
[13.007s][info ][gc,marking        ] GC(16) Concurrent Clear Claimed Marks 0.047ms
[13.007s][info ][gc,marking        ] GC(16) Concurrent Scan Root Regions
[13.007s][debug][gc,ergo           ] GC(16) Running G1 Root Region Scan using 1 workers for 3 work units.
[13.008s][info ][gc,marking        ] GC(16) Concurrent Scan Root Regions 0.949ms
[13.008s][info ][gc,marking        ] GC(16) Concurrent Mark (13.008s)
[13.008s][info ][gc,marking        ] GC(16) Concurrent Mark From Roots
[13.008s][info ][gc,task           ] GC(16) Using 1 workers of 1 for marking
[13.014s][debug][gc,refine         ] Activated worker 0, on threshold: 15, current: 16
[13.015s][debug][gc,refine         ] Deactivated worker 0, off threshold: 13, current: 13, processed: 3
[13.022s][debug][gc,stats          ] ---------------------------------------------------------------------
[13.022s][debug][gc,stats          ] Marking Stats, task = 0, calls = 2
[13.022s][debug][gc,stats          ]   Elapsed time = 13.91ms, Termination time = 0.00ms
[13.022s][debug][gc,stats          ]   Step Times (cum): num = 39, avg = 0.99ms, sd = 2.67ms max = 9.40ms, total = 38.61ms
[13.022s][debug][gc,stats          ]   Mark Stats Cache: hits 174408 misses 15 ratio 99.991
[13.022s][debug][gc,stats          ] ---------------------------------------------------------------------
[13.023s][info ][gc,marking        ] GC(16) Concurrent Mark From Roots 14.115ms
[13.023s][info ][gc,marking        ] GC(16) Concurrent Preclean
[13.023s][debug][gc,ref,start      ] GC(16) Preclean SoftReferences
[13.023s][debug][gc,ref            ] GC(16) Preclean SoftReferences 0.047ms
[13.023s][debug][gc,ref,start      ] GC(16) Preclean WeakReferences
[13.023s][debug][gc,ref            ] GC(16) Preclean WeakReferences 0.018ms
[13.023s][debug][gc,ref,start      ] GC(16) Preclean FinalReferences
[13.023s][debug][gc,ref            ] GC(16) Preclean FinalReferences 0.008ms
[13.023s][debug][gc,ref,start      ] GC(16) Preclean PhantomReferences
[13.023s][debug][gc,ref            ] GC(16) Preclean PhantomReferences 0.008ms
[13.023s][info ][gc,marking        ] GC(16) Concurrent Preclean 0.120ms
[13.023s][info ][gc,marking        ] GC(16) Concurrent Mark (13.008s, 13.023s) 14.259ms
[13.023s][info ][gc,start          ] GC(16) Pause Remark
[13.023s][debug][gc,phases,start   ] GC(16) Finalize Marking
[13.024s][debug][gc,stats          ] ---------------------------------------------------------------------
[13.024s][debug][gc,stats          ] Marking Stats, task = 0, calls = 19
[13.024s][debug][gc,stats          ]   Elapsed time = 0.49ms, Termination time = 0.44ms
[13.024s][debug][gc,stats          ]   Step Times (cum): num = 56, avg = 0.70ms, sd = 2.27ms max = 9.40ms, total = 39.07ms
[13.024s][debug][gc,stats          ]   Mark Stats Cache: hits 174665 misses 15 ratio 99.991
[13.024s][debug][gc,stats          ] ---------------------------------------------------------------------
[13.024s][debug][gc,stats          ] Marking Stats, task = 1, calls = 1
[13.024s][debug][gc,stats          ]   Elapsed time = 0.57ms, Termination time = 0.53ms
[13.024s][debug][gc,stats          ]   Step Times (cum): num = 3, avg = 0.22ms, sd = 0.22ms max = 0.54ms, total = 0.67ms
[13.024s][debug][gc,stats          ]   Mark Stats Cache: hits 36 misses 3 ratio 92.308
[13.024s][debug][gc,stats          ] ---------------------------------------------------------------------
[13.024s][debug][gc,stats          ] Marking Stats, task = 2, calls = 1
[13.024s][debug][gc,stats          ]   Elapsed time = 0.46ms, Termination time = 0.42ms
[13.024s][debug][gc,stats          ]   Step Times (cum): num = 3, avg = 0.15ms, sd = 0.20ms max = 0.44ms, total = 0.46ms
[13.024s][debug][gc,stats          ]   Mark Stats Cache: hits 112 misses 4 ratio 96.552
[13.024s][debug][gc,stats          ] ---------------------------------------------------------------------
[13.024s][debug][gc,stats          ] Marking Stats, task = 3, calls = 1
[13.024s][debug][gc,stats          ]   Elapsed time = 0.00ms, Termination time = 0.00ms
[13.024s][debug][gc,stats          ]   Step Times (cum): num = 1, avg = 0.00ms, sd = 0.00ms max = 0.00ms, total = 0.00ms
[13.024s][debug][gc,stats          ]   Mark Stats Cache: hits 114 misses 4 ratio 96.610
[13.024s][debug][gc,stats          ] ---------------------------------------------------------------------
[13.024s][debug][gc,phases         ] GC(16) Finalize Marking 0.923ms
[13.024s][debug][gc,phases,start   ] GC(16) Reference Processing
[13.024s][debug][gc,ref            ] GC(16) Skipped phase1 of Reference Processing due to unavailable references
[13.024s][debug][gc,ref            ] GC(16) Skipped phase2 of Reference Processing due to unavailable references
[13.024s][debug][gc,ref            ] GC(16) Skipped phase3 of Reference Processing due to unavailable references
[13.024s][debug][gc,ref            ] GC(16) Skipped phase4 of Reference Processing due to unavailable references
[13.024s][debug][gc,phases,ref     ] GC(16) Reference Processing: 0.0ms
[13.024s][debug][gc,phases,ref     ] GC(16)   Reconsider SoftReferences: 0.0ms
[13.024s][debug][gc,phases,ref     ] GC(16)     SoftRef (ms):             skipped
[13.024s][debug][gc,phases,ref     ] GC(16)   Notify Soft/WeakReferences: 0.0ms
[13.024s][debug][gc,phases,ref     ] GC(16)     SoftRef (ms):             skipped
[13.024s][debug][gc,phases,ref     ] GC(16)     WeakRef (ms):             skipped
[13.024s][debug][gc,phases,ref     ] GC(16)     FinalRef (ms):            skipped
[13.024s][debug][gc,phases,ref     ] GC(16)     Total (ms):               skipped
[13.024s][debug][gc,phases,ref     ] GC(16)   Notify and keep alive finalizable: 0.0ms
[13.024s][debug][gc,phases,ref     ] GC(16)     FinalRef (ms):            skipped
[13.024s][debug][gc,phases,ref     ] GC(16)   Notify PhantomReferences: 0.0ms
[13.024s][debug][gc,phases,ref     ] GC(16)     PhantomRef (ms):          skipped
[13.024s][debug][gc,phases,ref     ] GC(16)   SoftReference:
[13.024s][debug][gc,phases,ref     ] GC(16)     Discovered: 0
[13.024s][debug][gc,phases,ref     ] GC(16)     Cleared: 0
[13.024s][debug][gc,phases,ref     ] GC(16)   WeakReference:
[13.024s][debug][gc,phases,ref     ] GC(16)     Discovered: 0
[13.024s][debug][gc,phases,ref     ] GC(16)     Cleared: 0
[13.024s][debug][gc,phases,ref     ] GC(16)   FinalReference:
[13.024s][debug][gc,phases,ref     ] GC(16)     Discovered: 0
[13.024s][debug][gc,phases,ref     ] GC(16)     Cleared: 0
[13.024s][debug][gc,phases,ref     ] GC(16)   PhantomReference:
[13.024s][debug][gc,phases,ref     ] GC(16)     Discovered: 0
[13.024s][debug][gc,phases,ref     ] GC(16)     Cleared: 0
[13.024s][debug][gc,phases         ] GC(16) Reference Processing 0.186ms
[13.024s][debug][gc,phases,start   ] GC(16) Weak Processing
[13.024s][debug][gc,phases         ] GC(16) Weak Processing 0.018ms
[13.024s][debug][gc,phases,start   ] GC(16) Class Unloading
[13.024s][debug][gc,phases,start   ] GC(16) ClassLoaderData
[13.024s][debug][gc,phases         ] GC(16) ClassLoaderData 0.046ms
[13.024s][debug][gc,phases,start   ] GC(16) ProtectionDomainCacheTable
[13.024s][debug][gc,phases         ] GC(16) ProtectionDomainCacheTable 0.007ms
[13.025s][info ][gc,stringtable    ] GC(16) Cleaned string and symbol table, strings: 6100 processed, 6 removed, symbols: 45213 processed, 0 removed
[13.025s][debug][gc,phases         ] GC(16) Class Unloading 1.397ms
[13.025s][debug][gc,phases,start   ] GC(16) Flush Task Caches
[13.025s][debug][gc,stats          ] Mark stats cache hits 174927 misses 26 ratio 99.985
[13.025s][debug][gc,phases         ] GC(16) Flush Task Caches 0.026ms
[13.025s][debug][gc,phases,start   ] GC(16) Update Remembered Set Tracking Before Rebuild
[13.025s][debug][gc,ergo           ] GC(16) Running G1 Update RemSet Tracking Before Rebuild using 1 workers for 203 regions in heap
[13.026s][debug][gc,remset,tracking] GC(16) Remembered Set Tracking update regions total 203, selected 17
[13.026s][debug][gc,phases         ] GC(16) Update Remembered Set Tracking Before Rebuild 0.168ms
[13.026s][debug][gc,phases,start   ] GC(16) Reclaim Empty Regions
[13.026s][debug][gc                ] GC(16) Reclaimed 104 empty regions
[13.026s][debug][gc,phases         ] GC(16) Reclaim Empty Regions 0.345ms
[13.026s][debug][gc,phases,start   ] GC(16) Purge Metaspace
[13.026s][debug][gc,phases         ] GC(16) Purge Metaspace 0.007ms
[13.026s][debug][gc,phases,start   ] GC(16) Report Object Count
[13.026s][debug][gc,phases         ] GC(16) Report Object Count 0.006ms
[13.026s][info ][gc                ] GC(16) Pause Remark 131M->27M(203M) 3.229ms
[13.026s][info ][gc,cpu            ] GC(16) User=0.01s Sys=0.00s Real=0.01s
[13.026s][info ][gc,marking        ] GC(16) Concurrent Rebuild Remembered Sets
[13.035s][info ][gc,marking        ] GC(16) Concurrent Rebuild Remembered Sets 8.855ms
[13.035s][info ][gc,start          ] GC(16) Pause Cleanup
[13.035s][debug][gc,phases,start   ] GC(16) Update Remembered Set Tracking After Rebuild
[13.035s][debug][gc,phases         ] GC(16) Update Remembered Set Tracking After Rebuild 0.024ms
[13.035s][debug][gc,phases,start   ] GC(16) Finalize Concurrent Mark Cleanup
[13.035s][debug][gc,ergo           ] GC(16) request mixed gcs (candidate old regions available). candidate old regions: 16 reclaimable: 11908376 (5.59) threshold: 5
[13.035s][debug][gc,phases         ] GC(16) Finalize Concurrent Mark Cleanup 0.154ms
[13.035s][info ][gc                ] GC(16) Pause Cleanup 27M->27M(203M) 0.279ms
[13.035s][info ][gc,cpu            ] GC(16) User=0.00s Sys=0.00s Real=0.00s
[13.036s][info ][gc,marking        ] GC(16) Concurrent Cleanup for Next Mark
[13.036s][debug][gc,ergo           ] GC(16) Running G1 Clear Bitmap with 1 workers for 4 work units.
[13.036s][info ][gc,marking        ] GC(16) Concurrent Cleanup for Next Mark 0.877ms
[13.036s][info ][gc                ] GC(16) Concurrent Cycle 29.093ms
[13.123s][debug][gc,refine         ] Activated worker 0, on threshold: 15, current: 17
[13.123s][debug][gc,refine         ] Deactivated worker 0, off threshold: 13, current: 13, processed: 4
[13.129s][debug][gc,refine         ] Activated worker 0, on threshold: 15, current: 15
[13.132s][debug][gc,refine         ] Deactivated worker 0, off threshold: 13, current: 13, processed: 8
[13.235s][debug][gc,heap           ] GC(17) Heap before GC invocations=17 (full 0): garbage-first heap   total 207872K, used 44478K [0x0000000780000000, 0x0000000800000000)
[13.235s][debug][gc,heap           ] GC(17)   region size 1024K, 21 young (21504K), 3 survivors (3072K)
[13.235s][debug][gc,heap           ] GC(17)  Metaspace       used 13057K, capacity 13479K, committed 13568K, reserved 1060864K
[13.235s][debug][gc,heap           ] GC(17)   class space    used 1346K, capacity 1505K, committed 1536K, reserved 1048576K
[13.235s][info ][gc,start          ] GC(17) Pause Young (Prepare Mixed) (G1 Evacuation Pause)
[13.235s][info ][gc,task           ] GC(17) Using 4 workers of 4 for evacuation
[13.235s][debug][gc,tlab           ] GC(17) TLAB totals: thrds: 1  refills: 71 max: 71 slow allocs: 3 max 3 waste:  0.2% gc: 0B max: 0B slow: 42144B max: 42144B fast: 0B max: 0B
[13.235s][debug][gc,alloc,region   ] GC(17) Mutator Allocation stats, regions: 18, wasted size: 0B ( 0.0%)
[13.235s][debug][gc,age            ] GC(17) Desired survivor size 1572864 bytes, new threshold 1 (max threshold 15)
[13.235s][debug][gc,ergo,cset      ] GC(17) Finish choosing CSet. old: 0 regions, predicted old region time: 0.00ms, time remaining: 143.11
[13.235s][debug][gc,refine         ] Activated worker 0, on threshold: 15, current: 15
[13.235s][debug][gc,task,stats     ] GC(17) GC Termination Stats
[13.235s][debug][gc,task,stats     ] GC(17)      elapsed  --strong roots-- -------termination------- ------waste (KiB)------
[13.235s][debug][gc,task,stats     ] GC(17) thr     ms        ms      %        ms      %    attempts  total   alloc    undo
[13.235s][debug][gc,task,stats     ] GC(17) --- --------- --------- ------ --------- ------ -------- ------- ------- -------
[13.260s][debug][gc,task,stats     ] GC(17)   0     24.70     20.78  84.16      0.00   0.01        2       0       0       0
[13.260s][debug][gc,task,stats     ] GC(17)   3     24.82     23.36  94.11      0.01   0.04        3       0       0       0
[13.260s][debug][gc,task,stats     ] GC(17)   1     24.88     21.53  86.50      0.01   0.03        2       0       0       0
[13.260s][debug][gc,task,stats     ] GC(17)   2     24.94     21.98  88.14      0.03   0.12        4       0       0       0
[13.260s][debug][gc,ergo           ] GC(17) Running G1 Clear Card Table Task using 1 workers for 1 units of work for 30 regions.
[13.260s][debug][gc,ref            ] GC(17) Skipped phase1 of Reference Processing due to unavailable references
[13.260s][debug][gc,ref            ] GC(17) Skipped phase2 of Reference Processing due to unavailable references
[13.260s][debug][gc,ref            ] GC(17) Skipped phase3 of Reference Processing due to unavailable references
[13.260s][debug][gc,ref            ] GC(17) Skipped phase4 of Reference Processing due to unavailable references
[13.260s][debug][gc,ergo           ] GC(17) Running G1 Free Collection Set using 1 workers for collection set length 21
[13.260s][debug][gc,humongous      ] GC(17) Live humongous region 3 object size 524304 start 0x0000000780300000  with remset 0 code roots 0 is marked 0 reclaim candidate 0 type array 0
[13.260s][debug][gc,humongous      ] GC(17) Live humongous region 4 object size 1048592 start 0x0000000780400000  with remset 0 code roots 0 is marked 0 reclaim candidate 0 type array 0
[13.260s][debug][gc,humongous      ] GC(17) Live humongous region 121 object size 524304 start 0x0000000787900000  with remset 0 code roots 0 is marked 0 reclaim candidate 0 type array 0
[13.260s][debug][gc,humongous      ] GC(17) Live humongous region 122 object size 1048592 start 0x0000000787a00000  with remset 1 code roots 0 is marked 0 reclaim candidate 0 type array 0
[13.260s][debug][gc,plab           ] GC(17) Young PLAB allocation: allocated: 3145728B, wasted: 792B, unused: 0B, used: 3144936B, undo waste: 0B, 
[13.260s][debug][gc,plab           ] GC(17) Young other allocation: region end waste: 0B, regions filled: 3, direct allocated: 0B, failure used: 0B, failure wasted: 0B
[13.260s][debug][gc,plab           ] GC(17) Young sizing: calculated: 628984B, actual: 608432B
[13.260s][debug][gc,plab           ] GC(17) Old PLAB allocation: allocated: 17825792B, wasted: 720B, unused: 671400B, used: 17153672B, undo waste: 0B, 
[13.260s][debug][gc,plab           ] GC(17) Old other allocation: region end waste: 0B, regions filled: 17, direct allocated: 0B, failure used: 0B, failure wasted: 0B
[13.260s][debug][gc,plab           ] GC(17) Old sizing: calculated: 3430728B, actual: 3120536B
[13.260s][debug][gc,alloc,stats    ] Old generation allocation in the last mutator period, old gen allocated: 17825792B, humongous allocated: 6291456B,old gen growth: 17825792B.
[13.260s][debug][gc,ihop           ] GC(17) Basic information (value update), threshold: 95787417B (45.00), target occupancy: 212860928B, current occupancy: 45088768B, recent allocation size: 24117248B, recent allocation duration: 224.86ms, recent old gen allocation rate: 107254903.79B/s, recent marking phase length: 234.11ms
[13.260s][debug][gc,ihop           ] GC(17) Adaptive IHOP information (value update), threshold: 95787417B (47.37), internal target occupancy: 202217881B, occupancy: 45088768B, additional buffer size: 0B, predicted old gen allocation rate: 597905360.79B/s, predicted marking phase length: 414.55ms, prediction active: false
[13.260s][debug][gc,ergo,refine    ] GC(17) Updated Refinement Zones: green: 14, yellow: 42, red: 70
[13.260s][info ][gc,phases         ] GC(17)   Pre Evacuate Collection Set: 0.0ms
[13.260s][debug][gc,phases         ] GC(17)     Prepare TLABs: 0.0ms
[13.261s][debug][gc,phases         ] GC(17)     Choose Collection Set: 0.0ms
[13.261s][debug][gc,phases         ] GC(17)     Humongous Register: 0.0ms
[13.261s][info ][gc,phases         ] GC(17)   Evacuate Collection Set: 25.1ms
[13.261s][debug][gc,phases         ] GC(17)     Ext Root Scanning (ms):   Min:  0.1, Avg:  0.1, Max:  0.1, Diff:  0.0, Sum:  0.3, Workers: 4
[13.261s][debug][gc,phases         ] GC(17)     Update RS (ms):           Min:  0.9, Avg:  1.1, Max:  1.9, Diff:  1.0, Sum:  4.6, Workers: 4
[13.261s][debug][gc,phases         ] GC(17)       Processed Buffers:        Min: 2, Avg:  3.8, Max: 9, Diff: 7, Sum: 15, Workers: 4
[13.261s][debug][gc,phases         ] GC(17)       Scanned Cards:            Min: 512, Avg: 840.2, Max: 1825, Diff: 1313, Sum: 3361, Workers: 4
[13.261s][debug][gc,phases         ] GC(17)       Skipped Cards:            Min: 0, Avg:  0.0, Max: 0, Diff: 0, Sum: 0, Workers: 4
[13.261s][debug][gc,phases         ] GC(17)     Scan RS (ms):             Min:  0.0, Avg:  0.4, Max:  0.8, Diff:  0.8, Sum:  1.4, Workers: 4
[13.261s][debug][gc,phases         ] GC(17)       Scanned Cards:            Min: 14, Avg: 139.5, Max: 330, Diff: 316, Sum: 558, Workers: 4
[13.261s][debug][gc,phases         ] GC(17)       Claimed Cards:            Min: 15, Avg: 156.8, Max: 333, Diff: 318, Sum: 627, Workers: 4
[13.261s][debug][gc,phases         ] GC(17)       Skipped Cards:            Min: 64, Avg: 109.2, Max: 183, Diff: 119, Sum: 437, Workers: 4
[13.261s][debug][gc,phases         ] GC(17)     Code Root Scanning (ms):  Min:  0.0, Avg:  0.0, Max:  0.0, Diff:  0.0, Sum:  0.0, Workers: 4
[13.261s][debug][gc,phases         ] GC(17)     JVMCI Root Scan (ms):     skipped
[13.261s][debug][gc,phases         ] GC(17)     Object Copy (ms):         Min: 21.8, Avg: 23.1, Max: 23.7, Diff:  1.8, Sum: 92.3, Workers: 4
[13.261s][debug][gc,phases         ] GC(17)     Termination (ms):         Min:  0.0, Avg:  0.0, Max:  0.0, Diff:  0.0, Sum:  0.1, Workers: 4
[13.261s][debug][gc,phases         ] GC(17)       Termination Attempts:     Min: 2, Avg:  2.8, Max: 4, Diff: 2, Sum: 11, Workers: 4
[13.261s][debug][gc,phases         ] GC(17)     GC Worker Other (ms):     Min:  0.1, Avg:  0.2, Max:  0.3, Diff:  0.2, Sum:  0.9, Workers: 4
[13.261s][debug][gc,phases         ] GC(17)     GC Worker Total (ms):     Min: 24.8, Avg: 24.9, Max: 25.0, Diff:  0.1, Sum: 99.6, Workers: 4
[13.261s][info ][gc,phases         ] GC(17)   Post Evacuate Collection Set: 0.3ms
[13.261s][debug][gc,phases         ] GC(17)     Code Roots Fixup: 0.0ms
[13.261s][debug][gc,phases         ] GC(17)     Clear Card Table: 0.0ms
[13.261s][debug][gc,phases         ] GC(17)     Reference Processing: 0.1ms
[13.261s][debug][gc,phases,ref     ] GC(17)       Reconsider SoftReferences: 0.0ms
[13.261s][debug][gc,phases,ref     ] GC(17)         SoftRef (ms):             skipped
[13.261s][debug][gc,phases,ref     ] GC(17)       Notify Soft/WeakReferences: 0.0ms
[13.261s][debug][gc,phases,ref     ] GC(17)         SoftRef (ms):             skipped
[13.261s][debug][gc,phases,ref     ] GC(17)         WeakRef (ms):             skipped
[13.261s][debug][gc,phases,ref     ] GC(17)         FinalRef (ms):            skipped
[13.261s][debug][gc,phases,ref     ] GC(17)         Total (ms):               skipped
[13.261s][debug][gc,phases,ref     ] GC(17)       Notify and keep alive finalizable: 0.0ms
[13.261s][debug][gc,phases,ref     ] GC(17)         FinalRef (ms):            skipped
[13.261s][debug][gc,phases,ref     ] GC(17)       Notify PhantomReferences: 0.0ms
[13.261s][debug][gc,phases,ref     ] GC(17)         PhantomRef (ms):          skipped
[13.261s][debug][gc,phases,ref     ] GC(17)       SoftReference:
[13.261s][debug][gc,phases,ref     ] GC(17)         Discovered: 0
[13.261s][debug][gc,phases,ref     ] GC(17)         Cleared: 0
[13.261s][debug][gc,phases,ref     ] GC(17)       WeakReference:
[13.261s][debug][gc,phases,ref     ] GC(17)         Discovered: 0
[13.261s][debug][gc,phases,ref     ] GC(17)         Cleared: 0
[13.261s][debug][gc,phases,ref     ] GC(17)       FinalReference:
[13.261s][debug][gc,phases,ref     ] GC(17)         Discovered: 0
[13.261s][debug][gc,phases,ref     ] GC(17)         Cleared: 0
[13.261s][debug][gc,phases,ref     ] GC(17)       PhantomReference:
[13.261s][debug][gc,phases,ref     ] GC(17)         Discovered: 0
[13.261s][debug][gc,phases,ref     ] GC(17)         Cleared: 0
[13.261s][debug][gc,phases         ] GC(17)     Weak Processing: 0.0ms
[13.261s][debug][gc,phases         ] GC(17)     Merge Per-Thread State: 0.0ms
[13.261s][debug][gc,phases         ] GC(17)     Code Roots Purge: 0.0ms
[13.261s][debug][gc,phases         ] GC(17)     Redirty Cards: 0.0ms
[13.261s][debug][gc,phases         ] GC(17)     DerivedPointerTable Update: 0.0ms
[13.261s][debug][gc,phases         ] GC(17)     Free Collection Set: 0.1ms
[13.261s][debug][gc,phases         ] GC(17)     Humongous Reclaim: 0.1ms
[13.261s][debug][gc,phases         ] GC(17)     Start New Collection Set: 0.0ms
[13.261s][debug][gc,phases         ] GC(17)     Resize TLABs: 0.0ms
[13.261s][debug][gc,phases         ] GC(17)     Expand Heap After Collection: 0.0ms
[13.261s][info ][gc,phases         ] GC(17)   Other: 0.4ms
[13.261s][info ][gc,heap           ] GC(17) Eden regions: 18->0(7)
[13.261s][info ][gc,heap           ] GC(17) Survivor regions: 3->3(3)
[13.261s][info ][gc,heap           ] GC(17) Old regions: 17->34
[13.261s][info ][gc,heap           ] GC(17) Humongous regions: 6->6
[13.261s][info ][gc,metaspace      ] GC(17) Metaspace: 13057K->13057K(1060864K)
[13.261s][debug][gc,heap           ] GC(17) Heap after GC invocations=18 (full 0): garbage-first heap   total 207872K, used 44032K [0x0000000780000000, 0x0000000800000000)
[13.261s][debug][gc,heap           ] GC(17)   region size 1024K, 3 young (3072K), 3 survivors (3072K)
[13.261s][debug][gc,heap           ] GC(17)  Metaspace       used 13057K, capacity 13479K, committed 13568K, reserved 1060864K
[13.261s][debug][gc,heap           ] GC(17)   class space    used 1346K, capacity 1505K, committed 1536K, reserved 1048576K
[13.261s][info ][gc                ] GC(17) Pause Young (Prepare Mixed) (G1 Evacuation Pause) 43M->43M(203M) 26.513ms
[13.261s][info ][gc,cpu            ] GC(17) User=0.09s Sys=0.01s Real=0.02s
[13.262s][debug][gc,refine         ] Deactivated worker 0, off threshold: 14, current: 4, processed: 0
[13.268s][debug][gc,heap           ] GC(18) Heap before GC invocations=18 (full 0): garbage-first heap   total 207872K, used 52224K [0x0000000780000000, 0x0000000800000000)
[13.268s][debug][gc,heap           ] GC(18)   region size 1024K, 10 young (10240K), 3 survivors (3072K)
[13.268s][debug][gc,heap           ] GC(18)  Metaspace       used 13057K, capacity 13479K, committed 13568K, reserved 1060864K
[13.268s][debug][gc,heap           ] GC(18)   class space    used 1346K, capacity 1505K, committed 1536K, reserved 1048576K
[13.268s][info ][gc,start          ] GC(18) Pause Young (Mixed) (G1 Evacuation Pause)
[13.268s][info ][gc,task           ] GC(18) Using 4 workers of 4 for evacuation
[13.268s][debug][gc,tlab           ] GC(18) TLAB totals: thrds: 1  refills: 61 max: 61 slow allocs: 2 max 2 waste:  0.5% gc: 0B max: 0B slow: 36216B max: 36216B fast: 0B max: 0B
[13.268s][debug][gc,alloc,region   ] GC(18) Mutator Allocation stats, regions: 7, wasted size: 0B ( 0.0%)
[13.268s][debug][gc,age            ] GC(18) Desired survivor size 1048576 bytes, new threshold 1 (max threshold 15)
[13.268s][debug][gc,ergo,cset      ] GC(18) Finish adding old regions to CSet (reclaimable percentage not over threshold). old 2 regions, max 21 regions, reclaimable: 9811400B (4.61%) threshold: 5%
[13.268s][debug][gc,ergo,cset      ] GC(18) Finish choosing CSet. old: 2 regions, predicted old region time: 0.77ms, time remaining: 171.31
[13.268s][debug][gc,task,stats     ] GC(18) GC Termination Stats
[13.268s][debug][gc,task,stats     ] GC(18)      elapsed  --strong roots-- -------termination------- ------waste (KiB)------
[13.268s][debug][gc,task,stats     ] GC(18) thr     ms        ms      %        ms      %    attempts  total   alloc    undo
[13.268s][debug][gc,task,stats     ] GC(18) --- --------- --------- ------ --------- ------ -------- ------- ------- -------
[13.284s][debug][gc,task,stats     ] GC(18)   1     15.95     15.93  99.89      0.00   0.00        1       0       0       0
[13.284s][debug][gc,task,stats     ] GC(18)   2     16.12     14.05  87.17      0.00   0.01        1       0       0       0
[13.284s][debug][gc,task,stats     ] GC(18)   0     16.18      4.81  29.72      0.00   0.01        1       0       0       0
[13.284s][debug][gc,task,stats     ] GC(18)   3     16.23      6.04  37.22      0.00   0.01        1       0       0       0
[13.284s][debug][gc,ergo           ] GC(18) Running G1 Clear Card Table Task using 1 workers for 1 units of work for 18 regions.
[13.284s][debug][gc,ref            ] GC(18) Skipped phase1 of Reference Processing due to unavailable references
[13.284s][debug][gc,ref            ] GC(18) Skipped phase2 of Reference Processing due to unavailable references
[13.284s][debug][gc,ref            ] GC(18) Skipped phase3 of Reference Processing due to unavailable references
[13.284s][debug][gc,ref            ] GC(18) Skipped phase4 of Reference Processing due to unavailable references
[13.284s][debug][gc,ergo           ] GC(18) Running G1 Free Collection Set using 1 workers for collection set length 12
[13.284s][debug][gc,humongous      ] GC(18) Live humongous region 3 object size 524304 start 0x0000000780300000  with remset 0 code roots 0 is marked 0 reclaim candidate 0 type array 0
[13.284s][debug][gc,humongous      ] GC(18) Live humongous region 4 object size 1048592 start 0x0000000780400000  with remset 0 code roots 0 is marked 0 reclaim candidate 0 type array 0
[13.284s][debug][gc,humongous      ] GC(18) Live humongous region 27 object size 524304 start 0x0000000781b00000  with remset 0 code roots 0 is marked 0 reclaim candidate 0 type array 0
[13.284s][debug][gc,humongous      ] GC(18) Live humongous region 121 object size 524304 start 0x0000000787900000  with remset 0 code roots 0 is marked 0 reclaim candidate 0 type array 0
[13.284s][debug][gc,humongous      ] GC(18) Live humongous region 122 object size 1048592 start 0x0000000787a00000  with remset 1 code roots 0 is marked 0 reclaim candidate 0 type array 0
[13.284s][debug][gc,plab           ] GC(18) Young PLAB allocation: allocated: 2097152B, wasted: 288B, unused: 0B, used: 2096864B, undo waste: 0B, 
[13.284s][debug][gc,plab           ] GC(18) Young other allocation: region end waste: 0B, regions filled: 2, direct allocated: 0B, failure used: 0B, failure wasted: 0B
[13.284s][debug][gc,plab           ] GC(18) Young sizing: calculated: 419368B, actual: 466632B
[13.284s][debug][gc,plab           ] GC(18) Old PLAB allocation: allocated: 9437184B, wasted: 392B, unused: 1346888B, used: 8089904B, undo waste: 0B, 
[13.284s][debug][gc,plab           ] GC(18) Old other allocation: region end waste: 0B, regions filled: 9, direct allocated: 0B, failure used: 0B, failure wasted: 0B
[13.285s][debug][gc,plab           ] GC(18) Old sizing: calculated: 1617976B, actual: 1993616B
[13.285s][debug][gc,ergo,heap      ] GC(18) Attempt heap expansion (recent GC overhead higher than threshold after GC) recent GC overhead: 13.18 % threshold: 1.52 % uncommitted: 1934622720B base expansion amount and scale: 212860928B (122.44%)
[13.285s][debug][gc,ergo,heap      ] GC(18) Expand the heap. requested expansion amount: 260623838B expansion amount: 261095424B
[13.288s][debug][gc,ihop           ] GC(18) Target occupancy update: old: 212860928B, new: 473956352B
[13.288s][debug][gc,ergo           ] GC(18) do not continue mixed GCs (reclaimable percentage not over threshold). candidate old regions: 14 reclaimable: 9811400 (2.07) threshold: 5
[13.288s][debug][gc,alloc,stats    ] Old generation allocation in the last mutator period, old gen allocated: 9437184B, humongous allocated: 1048576B,old gen growth: 10485760B.
[13.288s][debug][gc,ihop           ] GC(18) Basic information (value update), threshold: 238016688B (50.22), target occupancy: 473956352B, current occupancy: 52428800B, recent allocation size: 10485760B, recent allocation duration: 224.86ms, recent old gen allocation rate: 46632566.86B/s, recent marking phase length: 232.15ms
[13.288s][debug][gc,ihop           ] GC(18) Adaptive IHOP information (value update), threshold: 238016688B (52.86), internal target occupancy: 450258534B, occupancy: 52428800B, additional buffer size: 0B, predicted old gen allocation rate: 597905360.79B/s, predicted marking phase length: 354.98ms, prediction active: true
[13.288s][debug][gc,ergo,refine    ] GC(18) Updated Refinement Zones: green: 14, yellow: 42, red: 70
[13.288s][info ][gc,phases         ] GC(18)   Pre Evacuate Collection Set: 0.0ms
[13.288s][debug][gc,phases         ] GC(18)     Prepare TLABs: 0.0ms
[13.288s][debug][gc,phases         ] GC(18)     Choose Collection Set: 0.0ms
[13.288s][debug][gc,phases         ] GC(18)     Humongous Register: 0.0ms
[13.288s][info ][gc,phases         ] GC(18)   Evacuate Collection Set: 16.3ms
[13.288s][debug][gc,phases         ] GC(18)     Ext Root Scanning (ms):   Min:  0.1, Avg:  0.1, Max:  0.1, Diff:  0.0, Sum:  0.4, Workers: 4
[13.288s][debug][gc,phases         ] GC(18)     Update RS (ms):           Min:  0.5, Avg:  0.9, Max:  1.2, Diff:  0.7, Sum:  3.6, Workers: 4
[13.288s][debug][gc,phases         ] GC(18)       Processed Buffers:        Min: 2, Avg:  2.2, Max: 3, Diff: 1, Sum: 9, Workers: 4
[13.288s][debug][gc,phases         ] GC(18)       Scanned Cards:            Min: 295, Avg: 330.5, Max: 361, Diff: 66, Sum: 1322, Workers: 4
[13.288s][debug][gc,phases         ] GC(18)       Skipped Cards:            Min: 0, Avg:  0.0, Max: 0, Diff: 0, Sum: 0, Workers: 4
[13.288s][debug][gc,phases         ] GC(18)     Scan RS (ms):             Min:  0.0, Avg:  0.0, Max:  0.0, Diff:  0.0, Sum:  0.0, Workers: 4
[13.288s][debug][gc,phases         ] GC(18)       Scanned Cards:            Min: 0, Avg:  0.2, Max: 1, Diff: 1, Sum: 1, Workers: 4
[13.288s][debug][gc,phases         ] GC(18)       Claimed Cards:            Min: 0, Avg:  0.2, Max: 1, Diff: 1, Sum: 1, Workers: 4
[13.288s][debug][gc,phases         ] GC(18)       Skipped Cards:            Min: 0, Avg:  0.0, Max: 0, Diff: 0, Sum: 0, Workers: 4
[13.288s][debug][gc,phases         ] GC(18)     Code Root Scanning (ms):  Min:  0.0, Avg:  0.0, Max:  0.0, Diff:  0.0, Sum:  0.0, Workers: 4
[13.288s][debug][gc,phases         ] GC(18)     JVMCI Root Scan (ms):     skipped
[13.288s][debug][gc,phases         ] GC(18)     Object Copy (ms):         Min: 14.6, Avg: 14.9, Max: 15.3, Diff:  0.7, Sum: 59.7, Workers: 4
[13.288s][debug][gc,phases         ] GC(18)     Termination (ms):         Min:  0.0, Avg:  0.0, Max:  0.0, Diff:  0.0, Sum:  0.0, Workers: 4
[13.288s][debug][gc,phases         ] GC(18)       Termination Attempts:     Min: 1, Avg:  1.0, Max: 1, Diff: 0, Sum: 4, Workers: 4
[13.288s][debug][gc,phases         ] GC(18)     GC Worker Other (ms):     Min:  0.1, Avg:  0.2, Max:  0.3, Diff:  0.2, Sum:  0.9, Workers: 4
[13.288s][debug][gc,phases         ] GC(18)     GC Worker Total (ms):     Min: 16.0, Avg: 16.2, Max: 16.3, Diff:  0.2, Sum: 64.7, Workers: 4
[13.288s][info ][gc,phases         ] GC(18)   Post Evacuate Collection Set: 3.5ms
[13.288s][debug][gc,phases         ] GC(18)     Code Roots Fixup: 0.0ms
[13.288s][debug][gc,phases         ] GC(18)     Clear Card Table: 0.1ms
[13.288s][debug][gc,phases         ] GC(18)     Reference Processing: 0.1ms
[13.288s][debug][gc,phases,ref     ] GC(18)       Reconsider SoftReferences: 0.0ms
[13.288s][debug][gc,phases,ref     ] GC(18)         SoftRef (ms):             skipped
[13.288s][debug][gc,phases,ref     ] GC(18)       Notify Soft/WeakReferences: 0.0ms
[13.288s][debug][gc,phases,ref     ] GC(18)         SoftRef (ms):             skipped
[13.288s][debug][gc,phases,ref     ] GC(18)         WeakRef (ms):             skipped
[13.288s][debug][gc,phases,ref     ] GC(18)         FinalRef (ms):            skipped
[13.288s][debug][gc,phases,ref     ] GC(18)         Total (ms):               skipped
[13.288s][debug][gc,phases,ref     ] GC(18)       Notify and keep alive finalizable: 0.0ms
[13.288s][debug][gc,phases,ref     ] GC(18)         FinalRef (ms):            skipped
[13.288s][debug][gc,phases,ref     ] GC(18)       Notify PhantomReferences: 0.0ms
[13.288s][debug][gc,phases,ref     ] GC(18)         PhantomRef (ms):          skipped
[13.288s][debug][gc,phases,ref     ] GC(18)       SoftReference:
[13.288s][debug][gc,phases,ref     ] GC(18)         Discovered: 0
[13.288s][debug][gc,phases,ref     ] GC(18)         Cleared: 0
[13.288s][debug][gc,phases,ref     ] GC(18)       WeakReference:
[13.288s][debug][gc,phases,ref     ] GC(18)         Discovered: 0
[13.289s][debug][gc,phases,ref     ] GC(18)         Cleared: 0
[13.289s][debug][gc,phases,ref     ] GC(18)       FinalReference:
[13.289s][debug][gc,phases,ref     ] GC(18)         Discovered: 0
[13.289s][debug][gc,phases,ref     ] GC(18)         Cleared: 0
[13.289s][debug][gc,phases,ref     ] GC(18)       PhantomReference:
[13.289s][debug][gc,phases,ref     ] GC(18)         Discovered: 0
[13.289s][debug][gc,phases,ref     ] GC(18)         Cleared: 0
[13.289s][debug][gc,phases         ] GC(18)     Weak Processing: 0.0ms
[13.289s][debug][gc,phases         ] GC(18)     Merge Per-Thread State: 0.0ms
[13.289s][debug][gc,phases         ] GC(18)     Code Roots Purge: 0.0ms
[13.289s][debug][gc,phases         ] GC(18)     Redirty Cards: 0.0ms
[13.289s][debug][gc,phases         ] GC(18)     DerivedPointerTable Update: 0.0ms
[13.289s][debug][gc,phases         ] GC(18)     Free Collection Set: 0.1ms
[13.289s][debug][gc,phases         ] GC(18)     Humongous Reclaim: 0.1ms
[13.289s][debug][gc,phases         ] GC(18)     Start New Collection Set: 0.0ms
[13.289s][debug][gc,phases         ] GC(18)     Resize TLABs: 0.0ms
[13.289s][debug][gc,phases         ] GC(18)     Expand Heap After Collection: 3.2ms
[13.289s][info ][gc,phases         ] GC(18)   Other: 0.5ms
[13.289s][info ][gc,heap           ] GC(18) Eden regions: 7->0(93)
[13.289s][info ][gc,heap           ] GC(18) Survivor regions: 3->2(2)
[13.289s][info ][gc,heap           ] GC(18) Old regions: 34->41
[13.289s][info ][gc,heap           ] GC(18) Humongous regions: 7->7
[13.289s][info ][gc,metaspace      ] GC(18) Metaspace: 13057K->13057K(1060864K)
[13.289s][debug][gc,heap           ] GC(18) Heap after GC invocations=19 (full 0): garbage-first heap   total 462848K, used 51200K [0x0000000780000000, 0x0000000800000000)
[13.289s][debug][gc,heap           ] GC(18)   region size 1024K, 2 young (2048K), 2 survivors (2048K)
[13.289s][debug][gc,heap           ] GC(18)  Metaspace       used 13057K, capacity 13479K, committed 13568K, reserved 1060864K
[13.289s][debug][gc,heap           ] GC(18)   class space    used 1346K, capacity 1505K, committed 1536K, reserved 1048576K
[13.289s][info ][gc                ] GC(18) Pause Young (Mixed) (G1 Evacuation Pause) 51M->50M(452M) 21.174ms
[13.289s][info ][gc,cpu            ] GC(18) User=0.06s Sys=0.00s Real=0.02s
[13.407s][debug][gc,refine         ] Activated worker 0, on threshold: 16, current: 16
[13.408s][debug][gc,refine         ] Deactivated worker 0, off threshold: 14, current: 14, processed: 2
[13.416s][debug][gc,refine         ] Activated worker 0, on threshold: 16, current: 16
[13.416s][debug][gc,refine         ] Deactivated worker 0, off threshold: 14, current: 14, processed: 2
[13.518s][debug][gc,refine         ] Activated worker 0, on threshold: 16, current: 19
[13.521s][debug][gc,refine         ] Deactivated worker 0, off threshold: 14, current: 14, processed: 6
[13.536s][debug][gc,refine         ] Activated worker 0, on threshold: 16, current: 16
[13.536s][debug][gc,refine         ] Deactivated worker 0, off threshold: 14, current: 14, processed: 4
[13.544s][debug][gc,refine         ] Activated worker 0, on threshold: 16, current: 16
[13.545s][debug][gc,refine         ] Deactivated worker 0, off threshold: 14, current: 14, processed: 2
[13.646s][debug][gc,refine         ] Activated worker 0, on threshold: 16, current: 20
[13.649s][debug][gc,refine         ] Deactivated worker 0, off threshold: 14, current: 14, processed: 6
[13.655s][debug][gc,refine         ] Activated worker 0, on threshold: 16, current: 18
[13.656s][debug][gc,refine         ] Deactivated worker 0, off threshold: 14, current: 14, processed: 4
[13.663s][debug][gc,refine         ] Activated worker 0, on threshold: 16, current: 16
[13.663s][debug][gc,refine         ] Deactivated worker 0, off threshold: 14, current: 14, processed: 2
[13.766s][debug][gc,refine         ] Activated worker 0, on threshold: 16, current: 20
[13.770s][debug][gc,refine         ] Deactivated worker 0, off threshold: 14, current: 14, processed: 6
[13.779s][debug][gc,refine         ] Activated worker 0, on threshold: 16, current: 18
[13.779s][debug][gc,refine         ] Deactivated worker 0, off threshold: 14, current: 14, processed: 4
[13.787s][debug][gc,refine         ] Activated worker 0, on threshold: 16, current: 16
[13.788s][debug][gc,refine         ] Deactivated worker 0, off threshold: 14, current: 14, processed: 2
[13.788s][debug][gc,refine         ] Activated worker 0, on threshold: 16, current: 19
[13.791s][debug][gc,refine         ] Deactivated worker 0, off threshold: 14, current: 14, processed: 6
[13.903s][debug][gc,refine         ] Activated worker 0, on threshold: 16, current: 18
[13.904s][debug][gc,refine         ] Deactivated worker 0, off threshold: 14, current: 14, processed: 4
[13.911s][debug][gc,refine         ] Activated worker 0, on threshold: 16, current: 16
[13.911s][debug][gc,refine         ] Deactivated worker 0, off threshold: 14, current: 14, processed: 2
[13.912s][debug][gc,refine         ] Activated worker 0, on threshold: 16, current: 20
[13.914s][debug][gc,refine         ] Deactivated worker 0, off threshold: 14, current: 14, processed: 6
[14.029s][debug][gc,refine         ] Activated worker 0, on threshold: 16, current: 18
[14.030s][debug][gc,refine         ] Deactivated worker 0, off threshold: 14, current: 14, processed: 4
[14.042s][debug][gc,refine         ] Activated worker 0, on threshold: 16, current: 16
[14.042s][debug][gc,refine         ] Deactivated worker 0, off threshold: 14, current: 14, processed: 2
[14.146s][debug][gc,refine         ] Activated worker 0, on threshold: 16, current: 20
[14.149s][debug][gc,refine         ] Deactivated worker 0, off threshold: 14, current: 14, processed: 6
[14.157s][debug][gc,refine         ] Activated worker 0, on threshold: 16, current: 18
[14.158s][debug][gc,refine         ] Deactivated worker 0, off threshold: 14, current: 14, processed: 4
[14.165s][debug][gc,refine         ] Activated worker 0, on threshold: 16, current: 16
[14.165s][debug][gc,refine         ] Deactivated worker 0, off threshold: 14, current: 14, processed: 2
[14.269s][debug][gc,refine         ] Activated worker 0, on threshold: 16, current: 20
[14.272s][debug][gc,refine         ] Deactivated worker 0, off threshold: 14, current: 14, processed: 6
[14.280s][debug][gc,refine         ] Activated worker 0, on threshold: 16, current: 18
[14.280s][debug][gc,refine         ] Deactivated worker 0, off threshold: 14, current: 14, processed: 4
[14.288s][debug][gc,refine         ] Activated worker 0, on threshold: 16, current: 16
[14.288s][debug][gc,refine         ] Deactivated worker 0, off threshold: 14, current: 14, processed: 2
[14.394s][debug][gc,refine         ] Activated worker 0, on threshold: 16, current: 20
[14.397s][debug][gc,refine         ] Deactivated worker 0, off threshold: 14, current: 14, processed: 6
[14.401s][debug][gc,heap           ] GC(19) Heap before GC invocations=19 (full 0): garbage-first heap   total 462848K, used 168960K [0x0000000780000000, 0x0000000800000000)
[14.401s][debug][gc,heap           ] GC(19)   region size 1024K, 91 young (93184K), 2 survivors (2048K)
[14.401s][debug][gc,heap           ] GC(19)  Metaspace       used 13062K, capacity 13480K, committed 13568K, reserved 1060864K
[14.401s][debug][gc,heap           ] GC(19)   class space    used 1347K, capacity 1505K, committed 1536K, reserved 1048576K
[14.401s][info ][gc,start          ] GC(19) Pause Young (Normal) (G1 Evacuation Pause)
[14.401s][info ][gc,task           ] GC(19) Using 4 workers of 4 for evacuation
[14.401s][debug][gc,tlab           ] GC(19) TLAB totals: thrds: 5  refills: 265 max: 260 slow allocs: 24 max 24 waste:  1.2% gc: 938672B max: 271984B slow: 158248B max: 157520B fast: 0B max: 0B
[14.401s][debug][gc,alloc,region   ] GC(19) Mutator Allocation stats, regions: 89, wasted size: 0B ( 0.0%)
[14.401s][debug][gc,age            ] GC(19) Desired survivor size 6291456 bytes, new threshold 15 (max threshold 15)
[14.401s][debug][gc,ergo,cset      ] GC(19) Finish choosing CSet. old: 0 regions, predicted old region time: 0.00ms, time remaining: 0.72
[14.401s][debug][gc,task,stats     ] GC(19) GC Termination Stats
[14.401s][debug][gc,refine         ] Activated worker 0, on threshold: 16, current: 17
[14.401s][debug][gc,task,stats     ] GC(19)      elapsed  --strong roots-- -------termination------- ------waste (KiB)------
[14.401s][debug][gc,task,stats     ] GC(19) thr     ms        ms      %        ms      %    attempts  total   alloc    undo
[14.401s][debug][gc,task,stats     ] GC(19) --- --------- --------- ------ --------- ------ -------- ------- ------- -------
[14.498s][debug][gc,task,stats     ] GC(19)   0     96.29     92.33  95.88      0.03   0.03       10       2       2       0
[14.498s][debug][gc,task,stats     ] GC(19)   1     96.40     92.40  95.85      0.07   0.08       10       1       1       0
[14.498s][debug][gc,task,stats     ] GC(19)   2     96.43     94.66  98.17      0.02   0.02       12       2       2       0
[14.498s][debug][gc,task,stats     ] GC(19)   3     96.44     93.53  96.98      0.01   0.01        8       2       2       0
[14.498s][debug][gc,ergo           ] GC(19) Running G1 Clear Card Table Task using 1 workers for 1 units of work for 107 regions.
[14.498s][debug][gc,ref            ] GC(19) Skipped phase1 of Reference Processing due to unavailable references
[14.498s][debug][gc,ref            ] GC(19) Skipped phase2 of Reference Processing due to unavailable references
[14.498s][debug][gc,ref            ] GC(19) Skipped phase3 of Reference Processing due to unavailable references
[14.498s][debug][gc,ref            ] GC(19) Skipped phase4 of Reference Processing due to unavailable references
[14.498s][debug][gc,ergo           ] GC(19) Running G1 Free Collection Set using 2 workers for collection set length 91
[14.498s][debug][gc,humongous      ] GC(19) Live humongous region 3 object size 524304 start 0x0000000780300000  with remset 0 code roots 0 is marked 0 reclaim candidate 0 type array 0
[14.498s][debug][gc,humongous      ] GC(19) Live humongous region 4 object size 1048592 start 0x0000000780400000  with remset 0 code roots 0 is marked 0 reclaim candidate 0 type array 0
[14.498s][debug][gc,humongous      ] GC(19) Live humongous region 27 object size 524304 start 0x0000000781b00000  with remset 0 code roots 0 is marked 0 reclaim candidate 0 type array 0
[14.498s][debug][gc,humongous      ] GC(19) Live humongous region 32 object size 524304 start 0x0000000782000000  with remset 0 code roots 0 is marked 0 reclaim candidate 0 type array 0
[14.498s][debug][gc,humongous      ] GC(19) Live humongous region 39 object size 1048592 start 0x0000000782700000  with remset 1 code roots 0 is marked 0 reclaim candidate 0 type array 0
[14.498s][debug][gc,humongous      ] GC(19) Live humongous region 41 object size 1048592 start 0x0000000782900000  with remset 0 code roots 0 is marked 0 reclaim candidate 0 type array 0
[14.498s][debug][gc,humongous      ] GC(19) Live humongous region 43 object size 524304 start 0x0000000782b00000  with remset 0 code roots 0 is marked 0 reclaim candidate 0 type array 0
[14.498s][debug][gc,humongous      ] GC(19) Live humongous region 44 object size 1048592 start 0x0000000782c00000  with remset 0 code roots 0 is marked 0 reclaim candidate 0 type array 0
[14.498s][debug][gc,humongous      ] GC(19) Live humongous region 46 object size 524304 start 0x0000000782e00000  with remset 0 code roots 0 is marked 0 reclaim candidate 0 type array 0
[14.498s][debug][gc,humongous      ] GC(19) Live humongous region 47 object size 1048592 start 0x0000000782f00000  with remset 0 code roots 0 is marked 0 reclaim candidate 0 type array 0
[14.498s][debug][gc,humongous      ] GC(19) Live humongous region 49 object size 524304 start 0x0000000783100000  with remset 0 code roots 0 is marked 0 reclaim candidate 0 type array 0
[14.498s][debug][gc,humongous      ] GC(19) Live humongous region 50 object size 1048592 start 0x0000000783200000  with remset 0 code roots 0 is marked 0 reclaim candidate 0 type array 0
[14.498s][debug][gc,humongous      ] GC(19) Live humongous region 52 object size 524304 start 0x0000000783400000  with remset 0 code roots 0 is marked 0 reclaim candidate 0 type array 0
[14.498s][debug][gc,humongous      ] GC(19) Live humongous region 53 object size 1048592 start 0x0000000783500000  with remset 0 code roots 0 is marked 0 reclaim candidate 0 type array 0
[14.498s][debug][gc,humongous      ] GC(19) Live humongous region 55 object size 524304 start 0x0000000783700000  with remset 0 code roots 0 is marked 0 reclaim candidate 0 type array 0
[14.498s][debug][gc,humongous      ] GC(19) Live humongous region 56 object size 1048592 start 0x0000000783800000  with remset 0 code roots 0 is marked 0 reclaim candidate 0 type array 0
[14.498s][debug][gc,humongous      ] GC(19) Live humongous region 58 object size 524304 start 0x0000000783a00000  with remset 0 code roots 0 is marked 0 reclaim candidate 0 type array 0
[14.498s][debug][gc,humongous      ] GC(19) Live humongous region 59 object size 524304 start 0x0000000783b00000  with remset 0 code roots 0 is marked 0 reclaim candidate 0 type array 0
[14.498s][debug][gc,humongous      ] GC(19) Live humongous region 61 object size 1048592 start 0x0000000783d00000  with remset 0 code roots 0 is marked 0 reclaim candidate 0 type array 0
[14.498s][debug][gc,humongous      ] GC(19) Live humongous region 63 object size 1048592 start 0x0000000783f00000  with remset 0 code roots 0 is marked 0 reclaim candidate 0 type array 0
[14.498s][debug][gc,humongous      ] GC(19) Live humongous region 121 object size 524304 start 0x0000000787900000  with remset 0 code roots 0 is marked 0 reclaim candidate 0 type array 0
[14.498s][debug][gc,humongous      ] GC(19) Live humongous region 122 object size 1048592 start 0x0000000787a00000  with remset 1 code roots 0 is marked 0 reclaim candidate 0 type array 0
[14.498s][debug][gc,plab           ] GC(19) Young PLAB allocation: allocated: 12582912B, wasted: 2528B, unused: 0B, used: 12580384B, undo waste: 0B, 
[14.498s][debug][gc,plab           ] GC(19) Young other allocation: region end waste: 0B, regions filled: 12, direct allocated: 0B, failure used: 0B, failure wasted: 0B
[14.498s][debug][gc,plab           ] GC(19) Young sizing: calculated: 2516072B, actual: 2003712B
[14.498s][debug][gc,plab           ] GC(19) Old PLAB allocation: allocated: 77779088B, wasted: 5920B, unused: 859080B, used: 76914088B, undo waste: 0B, 
[14.498s][debug][gc,plab           ] GC(19) Old other allocation: region end waste: 51776B, regions filled: 75, direct allocated: 262160B, failure used: 0B, failure wasted: 0B
[14.498s][debug][gc,plab           ] GC(19) Old sizing: calculated: 15372456B, actual: 12027744B
[14.498s][debug][gc,alloc,stats    ] Old generation allocation in the last mutator period, old gen allocated: 77779088B, humongous allocated: 27262976B,old gen growth: 105042064B.
[14.498s][debug][gc,ihop           ] GC(19) Basic information (value update), threshold: 149534803B (31.55), target occupancy: 473956352B, current occupancy: 168270848B, recent allocation size: 105042064B, recent allocation duration: 1113.34ms, recent old gen allocation rate: 94348319.67B/s, recent marking phase length: 232.15ms
[14.498s][debug][gc,ihop           ] GC(19) Adaptive IHOP information (value update), threshold: 149534803B (33.21), internal target occupancy: 450258534B, occupancy: 168270848B, additional buffer size: 94371840B, predicted old gen allocation rate: 581312799.86B/s, predicted marking phase length: 354.98ms, prediction active: true
[14.498s][debug][gc,ergo,refine    ] GC(19) Updated Refinement Zones: green: 15, yellow: 45, red: 75
[14.498s][info ][gc,phases         ] GC(19)   Pre Evacuate Collection Set: 0.0ms
[14.498s][debug][gc,phases         ] GC(19)     Prepare TLABs: 0.0ms
[14.498s][debug][gc,phases         ] GC(19)     Choose Collection Set: 0.0ms
[14.498s][debug][gc,phases         ] GC(19)     Humongous Register: 0.0ms
[14.499s][info ][gc,phases         ] GC(19)   Evacuate Collection Set: 96.6ms
[14.499s][debug][gc,phases         ] GC(19)     Ext Root Scanning (ms):   Min:  0.1, Avg:  0.1, Max:  0.1, Diff:  0.0, Sum:  0.5, Workers: 4
[14.499s][debug][gc,phases         ] GC(19)     Update RS (ms):           Min:  0.8, Avg:  1.4, Max:  2.2, Diff:  1.4, Sum:  5.7, Workers: 4
[14.499s][debug][gc,phases         ] GC(19)       Processed Buffers:        Min: 2, Avg:  4.2, Max: 10, Diff: 8, Sum: 17, Workers: 4
[14.499s][debug][gc,phases         ] GC(19)       Scanned Cards:            Min: 512, Avg: 916.5, Max: 1874, Diff: 1362, Sum: 3666, Workers: 4
[14.499s][debug][gc,phases         ] GC(19)       Skipped Cards:            Min: 0, Avg:  0.0, Max: 0, Diff: 0, Sum: 0, Workers: 4
[14.499s][debug][gc,phases         ] GC(19)     Scan RS (ms):             Min:  2.6, Avg:  3.3, Max:  3.9, Diff:  1.3, Sum: 13.2, Workers: 4
[14.499s][debug][gc,phases         ] GC(19)       Scanned Cards:            Min: 1337, Avg: 1431.8, Max: 1502, Diff: 165, Sum: 5727, Workers: 4
[14.499s][debug][gc,phases         ] GC(19)       Claimed Cards:            Min: 1354, Avg: 1454.5, Max: 1521, Diff: 167, Sum: 5818, Workers: 4
[14.499s][debug][gc,phases         ] GC(19)       Skipped Cards:            Min: 191, Avg: 624.2, Max: 981, Diff: 790, Sum: 2497, Workers: 4
[14.499s][debug][gc,phases         ] GC(19)     Code Root Scanning (ms):  Min:  0.0, Avg:  0.0, Max:  0.0, Diff:  0.0, Sum:  0.0, Workers: 4
[14.499s][debug][gc,phases         ] GC(19)     JVMCI Root Scan (ms):     skipped
[14.499s][debug][gc,phases         ] GC(19)     Object Copy (ms):         Min: 90.5, Avg: 91.3, Max: 91.9, Diff:  1.4, Sum: 365.3, Workers: 4
[14.499s][debug][gc,phases         ] GC(19)     Termination (ms):         Min:  0.0, Avg:  0.0, Max:  0.1, Diff:  0.1, Sum:  0.1, Workers: 4
[14.499s][debug][gc,phases         ] GC(19)       Termination Attempts:     Min: 8, Avg: 10.0, Max: 12, Diff: 4, Sum: 40, Workers: 4
[14.499s][debug][gc,phases         ] GC(19)     GC Worker Other (ms):     Min:  0.1, Avg:  0.2, Max:  0.2, Diff:  0.1, Sum:  0.8, Workers: 4
[14.499s][debug][gc,phases         ] GC(19)     GC Worker Total (ms):     Min: 96.4, Avg: 96.4, Max: 96.5, Diff:  0.1, Sum: 385.7, Workers: 4
[14.499s][info ][gc,phases         ] GC(19)   Post Evacuate Collection Set: 0.5ms
[14.499s][debug][gc,phases         ] GC(19)     Code Roots Fixup: 0.0ms
[14.499s][debug][gc,phases         ] GC(19)     Clear Card Table: 0.1ms
[14.499s][debug][gc,phases         ] GC(19)     Reference Processing: 0.1ms
[14.499s][debug][gc,phases,ref     ] GC(19)       Reconsider SoftReferences: 0.0ms
[14.499s][debug][gc,phases,ref     ] GC(19)         SoftRef (ms):             skipped
[14.499s][debug][gc,phases,ref     ] GC(19)       Notify Soft/WeakReferences: 0.0ms
[14.499s][debug][gc,phases,ref     ] GC(19)         SoftRef (ms):             skipped
[14.499s][debug][gc,phases,ref     ] GC(19)         WeakRef (ms):             skipped
[14.499s][debug][gc,phases,ref     ] GC(19)         FinalRef (ms):            skipped
[14.499s][debug][gc,phases,ref     ] GC(19)         Total (ms):               skipped
[14.499s][debug][gc,phases,ref     ] GC(19)       Notify and keep alive finalizable: 0.0ms
[14.499s][debug][gc,phases,ref     ] GC(19)         FinalRef (ms):            skipped
[14.499s][debug][gc,phases,ref     ] GC(19)       Notify PhantomReferences: 0.0ms
[14.499s][debug][gc,phases,ref     ] GC(19)         PhantomRef (ms):          skipped
[14.499s][debug][gc,phases,ref     ] GC(19)       SoftReference:
[14.499s][debug][gc,phases,ref     ] GC(19)         Discovered: 0
[14.499s][debug][gc,phases,ref     ] GC(19)         Cleared: 0
[14.499s][debug][gc,phases,ref     ] GC(19)       WeakReference:
[14.499s][debug][gc,phases,ref     ] GC(19)         Discovered: 0
[14.499s][debug][gc,phases,ref     ] GC(19)         Cleared: 0
[14.499s][debug][gc,phases,ref     ] GC(19)       FinalReference:
[14.499s][debug][gc,phases,ref     ] GC(19)         Discovered: 0
[14.499s][debug][gc,phases,ref     ] GC(19)         Cleared: 0
[14.499s][debug][gc,phases,ref     ] GC(19)       PhantomReference:
[14.499s][debug][gc,phases,ref     ] GC(19)         Discovered: 0
[14.499s][debug][gc,phases,ref     ] GC(19)         Cleared: 0
[14.499s][debug][gc,phases         ] GC(19)     Weak Processing: 0.0ms
[14.499s][debug][gc,phases         ] GC(19)     Merge Per-Thread State: 0.0ms
[14.499s][debug][gc,phases         ] GC(19)     Code Roots Purge: 0.0ms
[14.499s][debug][gc,phases         ] GC(19)     Redirty Cards: 0.0ms
[14.499s][debug][gc,phases         ] GC(19)     DerivedPointerTable Update: 0.0ms
[14.499s][debug][gc,phases         ] GC(19)     Free Collection Set: 0.1ms
[14.499s][debug][gc,phases         ] GC(19)     Humongous Reclaim: 0.2ms
[14.499s][debug][gc,phases         ] GC(19)     Start New Collection Set: 0.0ms
[14.499s][debug][gc,phases         ] GC(19)     Resize TLABs: 0.0ms
[14.499s][debug][gc,phases         ] GC(19)     Expand Heap After Collection: 0.0ms
[14.499s][info ][gc,phases         ] GC(19)   Other: 0.5ms
[14.499s][info ][gc,heap           ] GC(19) Eden regions: 89->0(78)
[14.499s][info ][gc,heap           ] GC(19) Survivor regions: 2->12(12)
[14.499s][info ][gc,heap           ] GC(19) Old regions: 41->116
[14.499s][info ][gc,heap           ] GC(19) Humongous regions: 33->33
[14.499s][info ][gc,metaspace      ] GC(19) Metaspace: 13062K->13062K(1060864K)
[14.499s][debug][gc,heap           ] GC(19) Heap after GC invocations=20 (full 0): garbage-first heap   total 462848K, used 164327K [0x0000000780000000, 0x0000000800000000)
[14.499s][debug][gc,heap           ] GC(19)   region size 1024K, 12 young (12288K), 12 survivors (12288K)
[14.499s][debug][gc,heap           ] GC(19)  Metaspace       used 13062K, capacity 13480K, committed 13568K, reserved 1060864K
[14.499s][debug][gc,heap           ] GC(19)   class space    used 1347K, capacity 1505K, committed 1536K, reserved 1048576K
[14.499s][info ][gc                ] GC(19) Pause Young (Normal) (G1 Evacuation Pause) 165M->160M(452M) 97.859ms
[14.499s][info ][gc,cpu            ] GC(19) User=0.30s Sys=0.01s Real=0.10s
[14.499s][debug][gc,refine         ] Deactivated worker 0, off threshold: 15, current: 4, processed: 0
[14.500s][debug][gc,ergo,ihop      ] Request concurrent cycle initiation (occupancy higher than threshold) occupancy: 156237824B allocation request: 524304B threshold: 149534803B (31.55) source: concurrent humongous allocation
[14.500s][debug][gc,ergo           ] Request concurrent cycle initiation (requested by GC cause). GC cause: G1 Humongous Allocation
[14.500s][debug][gc,heap           ] GC(20) Heap before GC invocations=20 (full 0): garbage-first heap   total 462848K, used 165351K [0x0000000780000000, 0x0000000800000000)
[14.500s][debug][gc,heap           ] GC(20)   region size 1024K, 14 young (14336K), 12 survivors (12288K)
[14.500s][debug][gc,heap           ] GC(20)  Metaspace       used 13062K, capacity 13480K, committed 13568K, reserved 1060864K
[14.500s][debug][gc,heap           ] GC(20)   class space    used 1347K, capacity 1505K, committed 1536K, reserved 1048576K
[14.500s][debug][gc,ergo           ] GC(20) Initiate concurrent cycle (concurrent cycle initiation requested)
[14.500s][info ][gc,start          ] GC(20) Pause Young (Concurrent Start) (G1 Humongous Allocation)
[14.500s][info ][gc,task           ] GC(20) Using 4 workers of 4 for evacuation
[14.500s][debug][gc,tlab           ] GC(20) TLAB totals: thrds: 1  refills: 6 max: 6 slow allocs: 1 max 1 waste: 13.9% gc: 289560B max: 289560B slow: 2928B max: 2928B fast: 0B max: 0B
[14.500s][debug][gc,alloc,region   ] GC(20) Mutator Allocation stats, regions: 2, wasted size: 0B ( 0.0%)
[14.500s][debug][gc,age            ] GC(20) Desired survivor size 6291456 bytes, new threshold 1 (max threshold 15)
[14.500s][debug][gc,ergo,cset      ] GC(20) Finish choosing CSet. old: 0 regions, predicted old region time: 0.00ms, time remaining: 163.76
[14.500s][debug][gc,task,stats     ] GC(20) GC Termination Stats
[14.500s][debug][gc,task,stats     ] GC(20)      elapsed  --strong roots-- -------termination------- ------waste (KiB)------
[14.500s][debug][gc,task,stats     ] GC(20) thr     ms        ms      %        ms      %    attempts  total   alloc    undo
[14.500s][debug][gc,task,stats     ] GC(20) --- --------- --------- ------ --------- ------ -------- ------- ------- -------
[14.513s][debug][gc,task,stats     ] GC(20)   0     12.57     11.86  94.34      0.00   0.00        1       0       0       0
[14.513s][debug][gc,task,stats     ] GC(20)   1     12.66     11.49  90.75      0.00   0.01        2       0       0       0
[14.513s][debug][gc,task,stats     ] GC(20)   3     12.63     12.49  98.89      0.00   0.01        1       0       0       0
[14.513s][debug][gc,task,stats     ] GC(20)   2     12.67      9.66  76.28      0.00   0.01        1       0       0       0
[14.513s][debug][gc,ergo           ] GC(20) Running G1 Clear Card Table Task using 1 workers for 1 units of work for 20 regions.
[14.513s][debug][gc,ref            ] GC(20) Skipped phase1 of Reference Processing due to unavailable references
[14.513s][debug][gc,ref            ] GC(20) Skipped phase2 of Reference Processing due to unavailable references
[14.513s][debug][gc,ref            ] GC(20) Skipped phase3 of Reference Processing due to unavailable references
[14.513s][debug][gc,ref            ] GC(20) Skipped phase4 of Reference Processing due to unavailable references
[14.513s][debug][gc,ergo           ] GC(20) Running G1 Free Collection Set using 1 workers for collection set length 14
[14.513s][debug][gc,humongous      ] GC(20) Live humongous region 3 object size 524304 start 0x0000000780300000  with remset 0 code roots 0 is marked 0 reclaim candidate 0 type array 0
[14.513s][debug][gc,humongous      ] GC(20) Live humongous region 4 object size 1048592 start 0x0000000780400000  with remset 0 code roots 0 is marked 0 reclaim candidate 0 type array 0
[14.513s][debug][gc,humongous      ] GC(20) Live humongous region 27 object size 524304 start 0x0000000781b00000  with remset 0 code roots 0 is marked 0 reclaim candidate 0 type array 0
[14.513s][debug][gc,humongous      ] GC(20) Live humongous region 32 object size 524304 start 0x0000000782000000  with remset 0 code roots 0 is marked 0 reclaim candidate 0 type array 0
[14.513s][debug][gc,humongous      ] GC(20) Live humongous region 39 object size 1048592 start 0x0000000782700000  with remset 1 code roots 0 is marked 0 reclaim candidate 0 type array 0
[14.513s][debug][gc,humongous      ] GC(20) Live humongous region 41 object size 1048592 start 0x0000000782900000  with remset 0 code roots 0 is marked 0 reclaim candidate 0 type array 0
[14.513s][debug][gc,humongous      ] GC(20) Live humongous region 43 object size 524304 start 0x0000000782b00000  with remset 0 code roots 0 is marked 0 reclaim candidate 0 type array 0
[14.513s][debug][gc,humongous      ] GC(20) Live humongous region 44 object size 1048592 start 0x0000000782c00000  with remset 0 code roots 0 is marked 0 reclaim candidate 0 type array 0
[14.513s][debug][gc,humongous      ] GC(20) Live humongous region 46 object size 524304 start 0x0000000782e00000  with remset 0 code roots 0 is marked 0 reclaim candidate 0 type array 0
[14.513s][debug][gc,humongous      ] GC(20) Live humongous region 47 object size 1048592 start 0x0000000782f00000  with remset 0 code roots 0 is marked 0 reclaim candidate 0 type array 0
[14.513s][debug][gc,humongous      ] GC(20) Live humongous region 49 object size 524304 start 0x0000000783100000  with remset 0 code roots 0 is marked 0 reclaim candidate 0 type array 0
[14.513s][debug][gc,humongous      ] GC(20) Live humongous region 50 object size 1048592 start 0x0000000783200000  with remset 0 code roots 0 is marked 0 reclaim candidate 0 type array 0
[14.513s][debug][gc,humongous      ] GC(20) Live humongous region 52 object size 524304 start 0x0000000783400000  with remset 0 code roots 0 is marked 0 reclaim candidate 0 type array 0
[14.513s][debug][gc,humongous      ] GC(20) Live humongous region 53 object size 1048592 start 0x0000000783500000  with remset 0 code roots 0 is marked 0 reclaim candidate 0 type array 0
[14.513s][debug][gc,humongous      ] GC(20) Live humongous region 55 object size 524304 start 0x0000000783700000  with remset 0 code roots 0 is marked 0 reclaim candidate 0 type array 0
[14.513s][debug][gc,humongous      ] GC(20) Live humongous region 56 object size 1048592 start 0x0000000783800000  with remset 0 code roots 0 is marked 0 reclaim candidate 0 type array 0
[14.513s][debug][gc,humongous      ] GC(20) Live humongous region 58 object size 524304 start 0x0000000783a00000  with remset 0 code roots 0 is marked 0 reclaim candidate 0 type array 0
[14.513s][debug][gc,humongous      ] GC(20) Live humongous region 59 object size 524304 start 0x0000000783b00000  with remset 0 code roots 0 is marked 0 reclaim candidate 0 type array 0
[14.513s][debug][gc,humongous      ] GC(20) Live humongous region 61 object size 1048592 start 0x0000000783d00000  with remset 0 code roots 0 is marked 0 reclaim candidate 0 type array 0
[14.513s][debug][gc,humongous      ] GC(20) Live humongous region 63 object size 1048592 start 0x0000000783f00000  with remset 0 code roots 0 is marked 0 reclaim candidate 0 type array 0
[14.513s][debug][gc,humongous      ] GC(20) Live humongous region 121 object size 524304 start 0x0000000787900000  with remset 0 code roots 0 is marked 0 reclaim candidate 0 type array 0
[14.513s][debug][gc,humongous      ] GC(20) Live humongous region 122 object size 1048592 start 0x0000000787a00000  with remset 1 code roots 0 is marked 0 reclaim candidate 0 type array 0
[14.513s][debug][gc,plab           ] GC(20) Young PLAB allocation: allocated: 3099008B, wasted: 104B, unused: 1294240B, used: 1804664B, undo waste: 0B, 
[14.513s][debug][gc,plab           ] GC(20) Young other allocation: region end waste: 0B, regions filled: 3, direct allocated: 0B, failure used: 0B, failure wasted: 0B
[14.513s][debug][gc,plab           ] GC(20) Young sizing: calculated: 360928B, actual: 771624B
[14.513s][debug][gc,plab           ] GC(20) Old PLAB allocation: allocated: 13657088B, wasted: 600B, unused: 1076104B, used: 12580384B, undo waste: 0B, 
[14.513s][debug][gc,plab           ] GC(20) Old other allocation: region end waste: 0B, regions filled: 14, direct allocated: 0B, failure used: 0B, failure wasted: 0B
[14.513s][debug][gc,plab           ] GC(20) Old sizing: calculated: 2516072B, actual: 4893984B
[14.513s][debug][gc,alloc,stats    ] Old generation allocation in the last mutator period, old gen allocated: 13657088B, humongous allocated: 0B,old gen growth: 13657088B.
[14.513s][debug][gc,ihop           ] GC(20) Basic information (value update), threshold: 0B (0.00), target occupancy: 473956352B, current occupancy: 172444032B, recent allocation size: 13657088B, recent allocation duration: 1.40ms, recent old gen allocation rate: 9738181024.75B/s, recent marking phase length: 232.15ms
[14.513s][debug][gc,ihop           ] GC(20) Adaptive IHOP information (value update), threshold: 0B (0.00), internal target occupancy: 450258534B, occupancy: 172444032B, additional buffer size: 81788928B, predicted old gen allocation rate: 1790523564.25B/s, predicted marking phase length: 354.98ms, prediction active: true
[14.513s][debug][gc,ergo,refine    ] GC(20) Updated Refinement Zones: green: 15, yellow: 45, red: 75
[14.513s][info ][gc,phases         ] GC(20)   Pre Evacuate Collection Set: 0.1ms
[14.513s][debug][gc,phases         ] GC(20)     Prepare TLABs: 0.0ms
[14.513s][debug][gc,phases         ] GC(20)     Choose Collection Set: 0.0ms
[14.513s][debug][gc,phases         ] GC(20)     Humongous Register: 0.0ms
[14.513s][debug][gc,phases         ] GC(20)     Clear Claimed Marks: 0.1ms
[14.513s][info ][gc,phases         ] GC(20)   Evacuate Collection Set: 12.8ms
[14.513s][debug][gc,phases         ] GC(20)     Ext Root Scanning (ms):   Min:  0.3, Avg:  0.3, Max:  0.4, Diff:  0.1, Sum:  1.3, Workers: 4
[14.513s][debug][gc,phases         ] GC(20)     Update RS (ms):           Min:  0.4, Avg:  0.5, Max:  0.7, Diff:  0.3, Sum:  2.1, Workers: 4
[14.513s][debug][gc,phases         ] GC(20)       Processed Buffers:        Min: 1, Avg:  1.2, Max: 2, Diff: 1, Sum: 5, Workers: 4
[14.513s][debug][gc,phases         ] GC(20)       Scanned Cards:            Min: 230, Avg: 272.2, Max: 357, Diff: 127, Sum: 1089, Workers: 4
[14.513s][debug][gc,phases         ] GC(20)       Skipped Cards:            Min: 0, Avg:  0.0, Max: 0, Diff: 0, Sum: 0, Workers: 4
[14.513s][debug][gc,phases         ] GC(20)     Scan RS (ms):             Min:  0.0, Avg:  0.0, Max:  0.0, Diff:  0.0, Sum:  0.0, Workers: 4
[14.513s][debug][gc,phases         ] GC(20)       Scanned Cards:            Min: 0, Avg:  0.0, Max: 0, Diff: 0, Sum: 0, Workers: 4
[14.513s][debug][gc,phases         ] GC(20)       Claimed Cards:            Min: 0, Avg:  0.0, Max: 0, Diff: 0, Sum: 0, Workers: 4
[14.513s][debug][gc,phases         ] GC(20)       Skipped Cards:            Min: 0, Avg:  0.0, Max: 0, Diff: 0, Sum: 0, Workers: 4
[14.513s][debug][gc,phases         ] GC(20)     Code Root Scanning (ms):  Min:  0.0, Avg:  0.0, Max:  0.0, Diff:  0.0, Sum:  0.0, Workers: 4
[14.513s][debug][gc,phases         ] GC(20)     JVMCI Root Scan (ms):     skipped
[14.513s][debug][gc,phases         ] GC(20)     Object Copy (ms):         Min: 11.5, Avg: 11.7, Max: 11.8, Diff:  0.4, Sum: 46.7, Workers: 4
[14.513s][debug][gc,phases         ] GC(20)     Termination (ms):         Min:  0.0, Avg:  0.0, Max:  0.0, Diff:  0.0, Sum:  0.0, Workers: 4
[14.513s][debug][gc,phases         ] GC(20)       Termination Attempts:     Min: 1, Avg:  1.2, Max: 2, Diff: 1, Sum: 5, Workers: 4
[14.513s][debug][gc,phases         ] GC(20)     GC Worker Other (ms):     Min:  0.1, Avg:  0.1, Max:  0.2, Diff:  0.1, Sum:  0.6, Workers: 4
[14.513s][debug][gc,phases         ] GC(20)     GC Worker Total (ms):     Min: 12.7, Avg: 12.7, Max: 12.7, Diff:  0.1, Sum: 50.7, Workers: 4
[14.513s][info ][gc,phases         ] GC(20)   Post Evacuate Collection Set: 0.3ms
[14.513s][debug][gc,phases         ] GC(20)     Code Roots Fixup: 0.0ms
[14.513s][debug][gc,phases         ] GC(20)     Clear Card Table: 0.0ms
[14.513s][debug][gc,phases         ] GC(20)     Reference Processing: 0.0ms
[14.513s][debug][gc,phases,ref     ] GC(20)       Reconsider SoftReferences: 0.0ms
[14.513s][debug][gc,phases,ref     ] GC(20)         SoftRef (ms):             skipped
[14.513s][debug][gc,phases,ref     ] GC(20)       Notify Soft/WeakReferences: 0.0ms
[14.513s][debug][gc,phases,ref     ] GC(20)         SoftRef (ms):             skipped
[14.513s][debug][gc,phases,ref     ] GC(20)         WeakRef (ms):             skipped
[14.513s][debug][gc,phases,ref     ] GC(20)         FinalRef (ms):            skipped
[14.513s][debug][gc,phases,ref     ] GC(20)         Total (ms):               skipped
[14.513s][debug][gc,phases,ref     ] GC(20)       Notify and keep alive finalizable: 0.0ms
[14.513s][debug][gc,phases,ref     ] GC(20)         FinalRef (ms):            skipped
[14.513s][debug][gc,phases,ref     ] GC(20)       Notify PhantomReferences: 0.0ms
[14.514s][debug][gc,phases,ref     ] GC(20)         PhantomRef (ms):          skipped
[14.514s][debug][gc,phases,ref     ] GC(20)       SoftReference:
[14.514s][debug][gc,phases,ref     ] GC(20)         Discovered: 0
[14.514s][debug][gc,phases,ref     ] GC(20)         Cleared: 0
[14.514s][debug][gc,phases,ref     ] GC(20)       WeakReference:
[14.514s][debug][gc,phases,ref     ] GC(20)         Discovered: 0
[14.514s][debug][gc,phases,ref     ] GC(20)         Cleared: 0
[14.514s][debug][gc,phases,ref     ] GC(20)       FinalReference:
[14.514s][debug][gc,phases,ref     ] GC(20)         Discovered: 0
[14.514s][debug][gc,phases,ref     ] GC(20)         Cleared: 0
[14.514s][debug][gc,phases,ref     ] GC(20)       PhantomReference:
[14.514s][debug][gc,phases,ref     ] GC(20)         Discovered: 0
[14.514s][debug][gc,phases,ref     ] GC(20)         Cleared: 0
[14.514s][debug][gc,phases         ] GC(20)     Weak Processing: 0.0ms
[14.514s][debug][gc,phases         ] GC(20)     Merge Per-Thread State: 0.0ms
[14.514s][debug][gc,phases         ] GC(20)     Code Roots Purge: 0.0ms
[14.514s][debug][gc,phases         ] GC(20)     Redirty Cards: 0.0ms
[14.514s][debug][gc,phases         ] GC(20)     DerivedPointerTable Update: 0.0ms
[14.514s][debug][gc,phases         ] GC(20)     Free Collection Set: 0.0ms
[14.514s][debug][gc,phases         ] GC(20)     Humongous Reclaim: 0.1ms
[14.514s][debug][gc,phases         ] GC(20)     Start New Collection Set: 0.0ms
[14.514s][debug][gc,phases         ] GC(20)     Resize TLABs: 0.0ms
[14.514s][debug][gc,phases         ] GC(20)     Expand Heap After Collection: 0.0ms
[14.514s][info ][gc,phases         ] GC(20)   Other: 0.3ms
[14.514s][info ][gc,heap           ] GC(20) Eden regions: 2->0(75)
[14.514s][info ][gc,heap           ] GC(20) Survivor regions: 12->3(12)
[14.514s][info ][gc,heap           ] GC(20) Old regions: 116->129
[14.514s][info ][gc,heap           ] GC(20) Humongous regions: 33->33
[14.514s][info ][gc,metaspace      ] GC(20) Metaspace: 13062K->13062K(1060864K)
[14.514s][debug][gc,heap           ] GC(20) Heap after GC invocations=21 (full 0): garbage-first heap   total 462848K, used 168402K [0x0000000780000000, 0x0000000800000000)
[14.514s][debug][gc,heap           ] GC(20)   region size 1024K, 3 young (3072K), 3 survivors (3072K)
[14.514s][debug][gc,heap           ] GC(20)  Metaspace       used 13062K, capacity 13480K, committed 13568K, reserved 1060864K
[14.514s][debug][gc,heap           ] GC(20)   class space    used 1347K, capacity 1505K, committed 1536K, reserved 1048576K
[14.514s][info ][gc                ] GC(20) Pause Young (Concurrent Start) (G1 Humongous Allocation) 162M->164M(452M) 13.989ms
[14.514s][info ][gc,cpu            ] GC(20) User=0.04s Sys=0.01s Real=0.01s
[14.514s][info ][gc                ] GC(21) Concurrent Cycle
[14.514s][info ][gc,marking        ] GC(21) Concurrent Clear Claimed Marks
[14.514s][info ][gc,marking        ] GC(21) Concurrent Clear Claimed Marks 0.067ms
[14.514s][info ][gc,marking        ] GC(21) Concurrent Scan Root Regions
[14.514s][debug][gc,ergo           ] GC(21) Running G1 Root Region Scan using 1 workers for 3 work units.
[14.515s][info ][gc,marking        ] GC(21) Concurrent Scan Root Regions 0.661ms
[14.515s][info ][gc,marking        ] GC(21) Concurrent Mark (14.515s)
[14.515s][info ][gc,marking        ] GC(21) Concurrent Mark From Roots
[14.515s][info ][gc,task           ] GC(21) Using 1 workers of 1 for marking
[14.526s][debug][gc,stats          ] ---------------------------------------------------------------------
[14.526s][debug][gc,stats          ] Marking Stats, task = 0, calls = 2
[14.526s][debug][gc,stats          ]   Elapsed time = 11.22ms, Termination time = 0.00ms
[14.526s][debug][gc,stats          ]   Step Times (cum): num = 58, avg = 0.87ms, sd = 2.52ms max = 9.65ms, total = 50.29ms
[14.526s][debug][gc,stats          ]   Mark Stats Cache: hits 186713 misses 20 ratio 99.989
[14.526s][debug][gc,stats          ] ---------------------------------------------------------------------
[14.526s][info ][gc,marking        ] GC(21) Concurrent Mark From Roots 11.327ms
[14.526s][info ][gc,marking        ] GC(21) Concurrent Preclean
[14.526s][debug][gc,ref,start      ] GC(21) Preclean SoftReferences
[14.526s][debug][gc,ref            ] GC(21) Preclean SoftReferences 0.010ms
[14.526s][debug][gc,ref,start      ] GC(21) Preclean WeakReferences
[14.526s][debug][gc,ref            ] GC(21) Preclean WeakReferences 0.013ms
[14.526s][debug][gc,ref,start      ] GC(21) Preclean FinalReferences
[14.526s][debug][gc,ref            ] GC(21) Preclean FinalReferences 0.007ms
[14.526s][debug][gc,ref,start      ] GC(21) Preclean PhantomReferences
[14.526s][debug][gc,ref            ] GC(21) Preclean PhantomReferences 0.007ms
[14.526s][info ][gc,marking        ] GC(21) Concurrent Preclean 0.070ms
[14.526s][info ][gc,marking        ] GC(21) Concurrent Mark (14.515s, 14.526s) 11.434ms
[14.526s][info ][gc,start          ] GC(21) Pause Remark
[14.526s][debug][gc,phases,start   ] GC(21) Finalize Marking
[14.527s][debug][gc,stats          ] ---------------------------------------------------------------------
[14.527s][debug][gc,stats          ] Marking Stats, task = 0, calls = 19
[14.527s][debug][gc,stats          ]   Elapsed time = 0.50ms, Termination time = 0.47ms
[14.527s][debug][gc,stats          ]   Step Times (cum): num = 75, avg = 0.68ms, sd = 2.24ms max = 9.65ms, total = 50.78ms
[14.527s][debug][gc,stats          ]   Mark Stats Cache: hits 186869 misses 20 ratio 99.989
[14.527s][debug][gc,stats          ] ---------------------------------------------------------------------
[14.527s][debug][gc,stats          ] Marking Stats, task = 1, calls = 1
[14.527s][debug][gc,stats          ]   Elapsed time = 0.58ms, Termination time = 0.56ms
[14.527s][debug][gc,stats          ]   Step Times (cum): num = 4, avg = 0.31ms, sd = 0.25ms max = 0.57ms, total = 1.24ms
[14.527s][debug][gc,stats          ]   Mark Stats Cache: hits 144 misses 7 ratio 95.364
[14.527s][debug][gc,stats          ] ---------------------------------------------------------------------
[14.527s][debug][gc,stats          ] Marking Stats, task = 2, calls = 1
[14.527s][debug][gc,stats          ]   Elapsed time = 0.52ms, Termination time = 0.51ms
[14.527s][debug][gc,stats          ]   Step Times (cum): num = 4, avg = 0.24ms, sd = 0.24ms max = 0.52ms, total = 0.98ms
[14.527s][debug][gc,stats          ]   Mark Stats Cache: hits 87 misses 6 ratio 93.548
[14.527s][debug][gc,stats          ] ---------------------------------------------------------------------
[14.527s][debug][gc,stats          ] Marking Stats, task = 3, calls = 1
[14.527s][debug][gc,stats          ]   Elapsed time = 0.00ms, Termination time = 0.00ms
[14.527s][debug][gc,stats          ]   Step Times (cum): num = 2, avg = 0.00ms, sd = 0.00ms max = 0.00ms, total = 0.00ms
[14.527s][debug][gc,stats          ]   Mark Stats Cache: hits 41 misses 3 ratio 93.182
[14.527s][debug][gc,stats          ] ---------------------------------------------------------------------
[14.527s][debug][gc,phases         ] GC(21) Finalize Marking 0.818ms
[14.527s][debug][gc,phases,start   ] GC(21) Reference Processing
[14.527s][debug][gc,ref            ] GC(21) Skipped phase1 of Reference Processing due to unavailable references
[14.527s][debug][gc,ref            ] GC(21) Skipped phase2 of Reference Processing due to unavailable references
[14.527s][debug][gc,ref            ] GC(21) Skipped phase3 of Reference Processing due to unavailable references
[14.527s][debug][gc,ref            ] GC(21) Skipped phase4 of Reference Processing due to unavailable references
[14.527s][debug][gc,phases,ref     ] GC(21) Reference Processing: 0.0ms
[14.527s][debug][gc,phases,ref     ] GC(21)   Reconsider SoftReferences: 0.0ms
[14.527s][debug][gc,phases,ref     ] GC(21)     SoftRef (ms):             skipped
[14.527s][debug][gc,phases,ref     ] GC(21)   Notify Soft/WeakReferences: 0.0ms
[14.527s][debug][gc,phases,ref     ] GC(21)     SoftRef (ms):             skipped
[14.527s][debug][gc,phases,ref     ] GC(21)     WeakRef (ms):             skipped
[14.527s][debug][gc,phases,ref     ] GC(21)     FinalRef (ms):            skipped
[14.527s][debug][gc,phases,ref     ] GC(21)     Total (ms):               skipped
[14.527s][debug][gc,phases,ref     ] GC(21)   Notify and keep alive finalizable: 0.0ms
[14.527s][debug][gc,phases,ref     ] GC(21)     FinalRef (ms):            skipped
[14.527s][debug][gc,phases,ref     ] GC(21)   Notify PhantomReferences: 0.0ms
[14.527s][debug][gc,phases,ref     ] GC(21)     PhantomRef (ms):          skipped
[14.527s][debug][gc,phases,ref     ] GC(21)   SoftReference:
[14.527s][debug][gc,phases,ref     ] GC(21)     Discovered: 0
[14.527s][debug][gc,phases,ref     ] GC(21)     Cleared: 0
[14.527s][debug][gc,phases,ref     ] GC(21)   WeakReference:
[14.527s][debug][gc,phases,ref     ] GC(21)     Discovered: 0
[14.527s][debug][gc,phases,ref     ] GC(21)     Cleared: 0
[14.527s][debug][gc,phases,ref     ] GC(21)   FinalReference:
[14.527s][debug][gc,phases,ref     ] GC(21)     Discovered: 0
[14.527s][debug][gc,phases,ref     ] GC(21)     Cleared: 0
[14.527s][debug][gc,phases,ref     ] GC(21)   PhantomReference:
[14.527s][debug][gc,phases,ref     ] GC(21)     Discovered: 0
[14.527s][debug][gc,phases,ref     ] GC(21)     Cleared: 0
[14.527s][debug][gc,phases         ] GC(21) Reference Processing 0.282ms
[14.527s][debug][gc,phases,start   ] GC(21) Weak Processing
[14.527s][debug][gc,phases         ] GC(21) Weak Processing 0.029ms
[14.527s][debug][gc,phases,start   ] GC(21) Class Unloading
[14.527s][debug][gc,phases,start   ] GC(21) ClassLoaderData
[14.527s][debug][gc,phases         ] GC(21) ClassLoaderData 0.064ms
[14.528s][debug][gc,phases,start   ] GC(21) ProtectionDomainCacheTable
[14.528s][debug][gc,phases         ] GC(21) ProtectionDomainCacheTable 0.010ms
[14.529s][info ][gc,stringtable    ] GC(21) Cleaned string and symbol table, strings: 6102 processed, 1 removed, symbols: 45213 processed, 0 removed
[14.529s][debug][gc,phases         ] GC(21) Class Unloading 1.200ms
[14.529s][debug][gc,phases,start   ] GC(21) Flush Task Caches
[14.529s][debug][gc,stats          ] Mark stats cache hits 187141 misses 36 ratio 99.981
[14.529s][debug][gc,phases         ] GC(21) Flush Task Caches 0.021ms
[14.529s][debug][gc,phases,start   ] GC(21) Update Remembered Set Tracking Before Rebuild
[14.529s][debug][gc,ergo           ] GC(21) Running G1 Update RemSet Tracking Before Rebuild using 2 workers for 452 regions in heap
[14.529s][debug][gc,remset,tracking] GC(21) Remembered Set Tracking update regions total 452, selected 22
[14.529s][debug][gc,phases         ] GC(21) Update Remembered Set Tracking Before Rebuild 0.098ms
[14.529s][debug][gc,phases,start   ] GC(21) Reclaim Empty Regions
[14.529s][debug][gc                ] GC(21) Reclaimed 140 empty regions
[14.529s][debug][gc,phases         ] GC(21) Reclaim Empty Regions 0.112ms
[14.529s][debug][gc,phases,start   ] GC(21) Purge Metaspace
[14.529s][debug][gc,phases         ] GC(21) Purge Metaspace 0.006ms
[14.529s][debug][gc,phases,start   ] GC(21) Report Object Count
[14.529s][debug][gc,phases         ] GC(21) Report Object Count 0.007ms
[14.529s][info ][gc                ] GC(21) Pause Remark 172M->33M(452M) 2.696ms
[14.529s][info ][gc,cpu            ] GC(21) User=0.00s Sys=0.00s Real=0.00s
[14.529s][info ][gc,marking        ] GC(21) Concurrent Rebuild Remembered Sets
[14.538s][info ][gc,marking        ] GC(21) Concurrent Rebuild Remembered Sets 8.790ms
[14.538s][info ][gc,start          ] GC(21) Pause Cleanup
[14.538s][debug][gc,phases,start   ] GC(21) Update Remembered Set Tracking After Rebuild
[14.538s][debug][gc,phases         ] GC(21) Update Remembered Set Tracking After Rebuild 0.024ms
[14.538s][debug][gc,phases,start   ] GC(21) Finalize Concurrent Mark Cleanup
[14.538s][debug][gc,ergo           ] GC(21) request young-only gcs (reclaimable percentage not over threshold). candidate old regions: 21 reclaimable: 16833208 (3.55) threshold: 5
[14.538s][debug][gc,phases         ] GC(21) Finalize Concurrent Mark Cleanup 0.094ms
[14.538s][info ][gc                ] GC(21) Pause Cleanup 33M->33M(452M) 0.170ms
[14.538s][info ][gc,cpu            ] GC(21) User=0.00s Sys=0.00s Real=0.00s
[14.538s][info ][gc,marking        ] GC(21) Concurrent Cleanup for Next Mark
[14.538s][debug][gc,ergo           ] GC(21) Running G1 Clear Bitmap with 1 workers for 8 work units.
[14.541s][info ][gc,marking        ] GC(21) Concurrent Cleanup for Next Mark 2.614ms
[14.541s][info ][gc                ] GC(21) Concurrent Cycle 26.890ms
[14.623s][debug][gc,ergo,ihop      ] Request concurrent cycle initiation (occupancy higher than threshold) occupancy: 26214400B allocation request: 524304B threshold: 0B (0.00) source: concurrent humongous allocation
[14.623s][debug][gc,ergo           ] Request concurrent cycle initiation (requested by GC cause). GC cause: G1 Humongous Allocation
[14.623s][debug][gc,heap           ] GC(22) Heap before GC invocations=22 (full 0): garbage-first heap   total 462848K, used 38866K [0x0000000780000000, 0x0000000800000000)
[14.624s][debug][gc,heap           ] GC(22)   region size 1024K, 14 young (14336K), 3 survivors (3072K)
[14.624s][debug][gc,heap           ] GC(22)  Metaspace       used 13074K, capacity 13480K, committed 13568K, reserved 1060864K
[14.624s][debug][gc,heap           ] GC(22)   class space    used 1347K, capacity 1505K, committed 1536K, reserved 1048576K
[14.624s][debug][gc,ergo           ] GC(22) Initiate concurrent cycle (concurrent cycle initiation requested)
[14.624s][info ][gc,start          ] GC(22) Pause Young (Concurrent Start) (G1 Humongous Allocation)
[14.624s][info ][gc,task           ] GC(22) Using 4 workers of 4 for evacuation
[14.624s][debug][gc,tlab           ] GC(22) TLAB totals: thrds: 4  refills: 35 max: 32 slow allocs: 2 max 2 waste:  4.3% gc: 479536B max: 150096B slow: 18176B max: 18176B fast: 0B max: 0B
[14.624s][debug][gc,alloc,region   ] GC(22) Mutator Allocation stats, regions: 11, wasted size: 0B ( 0.0%)
[14.624s][debug][gc,age            ] GC(22) Desired survivor size 5242880 bytes, new threshold 15 (max threshold 15)
[14.624s][debug][gc,ergo,cset      ] GC(22) Finish choosing CSet. old: 0 regions, predicted old region time: 0.00ms, time remaining: 166.89
[14.624s][debug][gc,refine         ] Activated worker 0, on threshold: 17, current: 17
[14.624s][debug][gc,task,stats     ] GC(22) GC Termination Stats
[14.624s][debug][gc,task,stats     ] GC(22)      elapsed  --strong roots-- -------termination------- ------waste (KiB)------
[14.624s][debug][gc,task,stats     ] GC(22) thr     ms        ms      %        ms      %    attempts  total   alloc    undo
[14.624s][debug][gc,task,stats     ] GC(22) --- --------- --------- ------ --------- ------ -------- ------- ------- -------
[14.634s][debug][gc,task,stats     ] GC(22)   2      9.66      9.02  93.39      0.00   0.03        4       0       0       0
[14.634s][debug][gc,task,stats     ] GC(22)   3      9.70      7.17  73.93      0.00   0.04        3       0       0       0
[14.634s][debug][gc,task,stats     ] GC(22)   1      9.79      1.38  14.11      0.00   0.02        3       0       0       0
[14.634s][debug][gc,task,stats     ] GC(22)   0      9.84      1.48  15.07      0.02   0.18        5       0       0       0
[14.634s][debug][gc,ergo           ] GC(22) Running G1 Clear Card Table Task using 1 workers for 1 units of work for 23 regions.
[14.634s][debug][gc,ref            ] GC(22) Skipped phase1 of Reference Processing due to unavailable references
[14.634s][debug][gc,ref            ] GC(22) Skipped phase2 of Reference Processing due to unavailable references
[14.634s][debug][gc,ref            ] GC(22) Skipped phase3 of Reference Processing due to unavailable references
[14.634s][debug][gc,ref            ] GC(22) Skipped phase4 of Reference Processing due to unavailable references
[14.634s][debug][gc,ergo           ] GC(22) Running G1 Free Collection Set using 1 workers for collection set length 14
[14.634s][debug][gc,humongous      ] GC(22) Live humongous region 162 object size 524304 start 0x000000078a200000  with remset 0 code roots 0 is marked 0 reclaim candidate 0 type array 0
[14.634s][debug][gc,humongous      ] GC(22) Live humongous region 163 object size 1048592 start 0x000000078a300000  with remset 1 code roots 0 is marked 0 reclaim candidate 0 type array 0
[14.634s][debug][gc,plab           ] GC(22) Young PLAB allocation: allocated: 10223600B, wasted: 1352B, unused: 0B, used: 10222248B, undo waste: 0B, 
[14.634s][debug][gc,plab           ] GC(22) Young other allocation: region end waste: 0B, regions filled: 10, direct allocated: 262160B, failure used: 0B, failure wasted: 0B
[14.634s][debug][gc,plab           ] GC(22) Young sizing: calculated: 2044448B, actual: 1726240B
[14.634s][debug][gc,plab           ] GC(22) Old PLAB allocation: allocated: 3145728B, wasted: 72B, unused: 1173120B, used: 1972536B, undo waste: 0B, 
[14.634s][debug][gc,plab           ] GC(22) Old other allocation: region end waste: 0B, regions filled: 3, direct allocated: 0B, failure used: 0B, failure wasted: 0B
[14.634s][debug][gc,plab           ] GC(22) Old sizing: calculated: 394504B, actual: 1519368B
[14.634s][debug][gc,alloc,stats    ] Old generation allocation in the last mutator period, old gen allocated: 3145728B, humongous allocated: 3145728B,old gen growth: 3145728B.
[14.634s][debug][gc,ihop           ] GC(22) Basic information (value update), threshold: 0B (0.00), target occupancy: 473956352B, current occupancy: 39845888B, recent allocation size: 6291456B, recent allocation duration: 107.62ms, recent old gen allocation rate: 58460715.21B/s, recent marking phase length: 232.15ms
[14.634s][debug][gc,ihop           ] GC(22) Adaptive IHOP information (value update), threshold: 0B (0.00), internal target occupancy: 450258534B, occupancy: 39845888B, additional buffer size: 121634816B, predicted old gen allocation rate: 1731195342.96B/s, predicted marking phase length: 354.98ms, prediction active: true
[14.634s][debug][gc,ergo,refine    ] GC(22) Updated Refinement Zones: green: 16, yellow: 48, red: 80
[14.634s][info ][gc,phases         ] GC(22)   Pre Evacuate Collection Set: 0.1ms
[14.634s][debug][gc,phases         ] GC(22)     Prepare TLABs: 0.0ms
[14.634s][debug][gc,phases         ] GC(22)     Choose Collection Set: 0.0ms
[14.634s][debug][gc,phases         ] GC(22)     Humongous Register: 0.0ms
[14.634s][debug][gc,phases         ] GC(22)     Clear Claimed Marks: 0.0ms
[14.634s][info ][gc,phases         ] GC(22)   Evacuate Collection Set: 9.9ms
[14.634s][debug][gc,phases         ] GC(22)     Ext Root Scanning (ms):   Min:  0.3, Avg:  0.3, Max:  0.3, Diff:  0.1, Sum:  1.2, Workers: 4
[14.634s][debug][gc,phases         ] GC(22)     Update RS (ms):           Min:  0.6, Avg:  0.7, Max:  0.8, Diff:  0.2, Sum:  2.7, Workers: 4
[14.634s][debug][gc,phases         ] GC(22)       Processed Buffers:        Min: 2, Avg:  4.2, Max: 8, Diff: 6, Sum: 17, Workers: 4
[14.634s][debug][gc,phases         ] GC(22)       Scanned Cards:            Min: 512, Avg: 811.2, Max: 1288, Diff: 776, Sum: 3245, Workers: 4
[14.634s][debug][gc,phases         ] GC(22)       Skipped Cards:            Min: 0, Avg:  0.0, Max: 0, Diff: 0, Sum: 0, Workers: 4
[14.634s][debug][gc,phases         ] GC(22)     Scan RS (ms):             Min:  0.0, Avg:  0.0, Max:  0.1, Diff:  0.1, Sum:  0.1, Workers: 4
[14.634s][debug][gc,phases         ] GC(22)       Scanned Cards:            Min: 0, Avg: 19.8, Max: 79, Diff: 79, Sum: 79, Workers: 4
[14.634s][debug][gc,phases         ] GC(22)       Claimed Cards:            Min: 0, Avg: 167.5, Max: 670, Diff: 670, Sum: 670, Workers: 4
[14.634s][debug][gc,phases         ] GC(22)       Skipped Cards:            Min: 0, Avg:  0.0, Max: 0, Diff: 0, Sum: 0, Workers: 4
[14.634s][debug][gc,phases         ] GC(22)     Code Root Scanning (ms):  Min:  0.0, Avg:  0.0, Max:  0.0, Diff:  0.0, Sum:  0.0, Workers: 4
[14.634s][debug][gc,phases         ] GC(22)     JVMCI Root Scan (ms):     skipped
[14.634s][debug][gc,phases         ] GC(22)     Object Copy (ms):         Min:  8.5, Avg:  8.6, Max:  8.8, Diff:  0.3, Sum: 34.5, Workers: 4
[14.634s][debug][gc,phases         ] GC(22)     Termination (ms):         Min:  0.0, Avg:  0.0, Max:  0.0, Diff:  0.0, Sum:  0.0, Workers: 4
[14.634s][debug][gc,phases         ] GC(22)       Termination Attempts:     Min: 3, Avg:  3.8, Max: 5, Diff: 2, Sum: 15, Workers: 4
[14.634s][debug][gc,phases         ] GC(22)     GC Worker Other (ms):     Min:  0.1, Avg:  0.2, Max:  0.2, Diff:  0.1, Sum:  0.6, Workers: 4
[14.634s][debug][gc,phases         ] GC(22)     GC Worker Total (ms):     Min:  9.7, Avg:  9.8, Max:  9.9, Diff:  0.1, Sum: 39.2, Workers: 4
[14.634s][info ][gc,phases         ] GC(22)   Post Evacuate Collection Set: 0.2ms
[14.634s][debug][gc,phases         ] GC(22)     Code Roots Fixup: 0.0ms
[14.634s][debug][gc,phases         ] GC(22)     Clear Card Table: 0.0ms
[14.634s][debug][gc,phases         ] GC(22)     Reference Processing: 0.0ms
[14.634s][debug][gc,phases,ref     ] GC(22)       Reconsider SoftReferences: 0.0ms
[14.634s][debug][gc,phases,ref     ] GC(22)         SoftRef (ms):             skipped
[14.634s][debug][gc,phases,ref     ] GC(22)       Notify Soft/WeakReferences: 0.0ms
[14.634s][debug][gc,phases,ref     ] GC(22)         SoftRef (ms):             skipped
[14.634s][debug][gc,phases,ref     ] GC(22)         WeakRef (ms):             skipped
[14.634s][debug][gc,phases,ref     ] GC(22)         FinalRef (ms):            skipped
[14.634s][debug][gc,phases,ref     ] GC(22)         Total (ms):               skipped
[14.634s][debug][gc,phases,ref     ] GC(22)       Notify and keep alive finalizable: 0.0ms
[14.634s][debug][gc,phases,ref     ] GC(22)         FinalRef (ms):            skipped
[14.634s][debug][gc,phases,ref     ] GC(22)       Notify PhantomReferences: 0.0ms
[14.634s][debug][gc,phases,ref     ] GC(22)         PhantomRef (ms):          skipped
[14.634s][debug][gc,phases,ref     ] GC(22)       SoftReference:
[14.634s][debug][gc,phases,ref     ] GC(22)         Discovered: 0
[14.634s][debug][gc,phases,ref     ] GC(22)         Cleared: 0
[14.634s][debug][gc,phases,ref     ] GC(22)       WeakReference:
[14.634s][debug][gc,phases,ref     ] GC(22)         Discovered: 0
[14.635s][debug][gc,phases,ref     ] GC(22)         Cleared: 0
[14.635s][debug][gc,phases,ref     ] GC(22)       FinalReference:
[14.635s][debug][gc,phases,ref     ] GC(22)         Discovered: 0
[14.635s][debug][gc,phases,ref     ] GC(22)         Cleared: 0
[14.635s][debug][gc,phases,ref     ] GC(22)       PhantomReference:
[14.635s][debug][gc,phases,ref     ] GC(22)         Discovered: 0
[14.635s][debug][gc,phases,ref     ] GC(22)         Cleared: 0
[14.635s][debug][gc,phases         ] GC(22)     Weak Processing: 0.0ms
[14.635s][debug][gc,phases         ] GC(22)     Merge Per-Thread State: 0.0ms
[14.635s][debug][gc,phases         ] GC(22)     Code Roots Purge: 0.0ms
[14.635s][debug][gc,phases         ] GC(22)     Redirty Cards: 0.0ms
[14.635s][debug][gc,phases         ] GC(22)     DerivedPointerTable Update: 0.0ms
[14.635s][debug][gc,phases         ] GC(22)     Free Collection Set: 0.1ms
[14.635s][debug][gc,phases         ] GC(22)     Humongous Reclaim: 0.0ms
[14.635s][debug][gc,phases         ] GC(22)     Start New Collection Set: 0.0ms
[14.635s][debug][gc,phases         ] GC(22)     Resize TLABs: 0.0ms
[14.635s][debug][gc,phases         ] GC(22)     Expand Heap After Collection: 0.0ms
[14.635s][info ][gc,phases         ] GC(22)   Other: 0.4ms
[14.635s][info ][gc,heap           ] GC(22) Eden regions: 11->0(106)
[14.635s][info ][gc,heap           ] GC(22) Survivor regions: 3->10(10)
[14.635s][info ][gc,heap           ] GC(22) Old regions: 22->25
[14.635s][info ][gc,heap           ] GC(22) Humongous regions: 3->3
[14.635s][info ][gc,metaspace      ] GC(22) Metaspace: 13074K->13074K(1060864K)
[14.635s][debug][gc,heap           ] GC(22) Heap after GC invocations=23 (full 0): garbage-first heap   total 462848K, used 38912K [0x0000000780000000, 0x0000000800000000)
[14.635s][debug][gc,heap           ] GC(22)   region size 1024K, 10 young (10240K), 10 survivors (10240K)
[14.635s][debug][gc,heap           ] GC(22)  Metaspace       used 13074K, capacity 13480K, committed 13568K, reserved 1060864K
[14.635s][debug][gc,heap           ] GC(22)   class space    used 1347K, capacity 1505K, committed 1536K, reserved 1048576K
[14.635s][info ][gc                ] GC(22) Pause Young (Concurrent Start) (G1 Humongous Allocation) 38M->38M(452M) 11.237ms
[14.635s][info ][gc,cpu            ] GC(22) User=0.04s Sys=0.00s Real=0.02s
[14.635s][info ][gc                ] GC(23) Concurrent Cycle
[14.635s][debug][gc,refine         ] Deactivated worker 0, off threshold: 16, current: 4, processed: 0
[14.635s][info ][gc,marking        ] GC(23) Concurrent Clear Claimed Marks
[14.635s][info ][gc,marking        ] GC(23) Concurrent Clear Claimed Marks 0.077ms
[14.635s][info ][gc,marking        ] GC(23) Concurrent Scan Root Regions
[14.635s][debug][gc,ergo           ] GC(23) Running G1 Root Region Scan using 1 workers for 10 work units.
[14.641s][info ][gc,marking        ] GC(23) Concurrent Scan Root Regions 6.352ms
[14.641s][info ][gc,marking        ] GC(23) Concurrent Mark (14.641s)
[14.641s][info ][gc,marking        ] GC(23) Concurrent Mark From Roots
[14.641s][info ][gc,task           ] GC(23) Using 1 workers of 1 for marking
[14.649s][debug][gc,stats          ] ---------------------------------------------------------------------
[14.649s][debug][gc,stats          ] Marking Stats, task = 0, calls = 1
[14.649s][debug][gc,stats          ]   Elapsed time = 7.23ms, Termination time = 0.00ms
[14.649s][debug][gc,stats          ]   Step Times (cum): num = 76, avg = 0.76ms, sd = 2.35ms max = 9.65ms, total = 58.00ms
[14.649s][debug][gc,stats          ]   Mark Stats Cache: hits 133145 misses 19 ratio 99.986
[14.649s][debug][gc,stats          ] ---------------------------------------------------------------------
[14.649s][info ][gc,marking        ] GC(23) Concurrent Mark From Roots 7.352ms
[14.649s][info ][gc,marking        ] GC(23) Concurrent Preclean
[14.649s][debug][gc,ref,start      ] GC(23) Preclean SoftReferences
[14.649s][debug][gc,ref            ] GC(23) Preclean SoftReferences 0.010ms
[14.649s][debug][gc,ref,start      ] GC(23) Preclean WeakReferences
[14.649s][debug][gc,ref            ] GC(23) Preclean WeakReferences 0.013ms
[14.649s][debug][gc,ref,start      ] GC(23) Preclean FinalReferences
[14.649s][debug][gc,ref            ] GC(23) Preclean FinalReferences 0.007ms
[14.649s][debug][gc,ref,start      ] GC(23) Preclean PhantomReferences
[14.649s][debug][gc,ref            ] GC(23) Preclean PhantomReferences 0.008ms
[14.649s][info ][gc,marking        ] GC(23) Concurrent Preclean 0.070ms
[14.649s][info ][gc,marking        ] GC(23) Concurrent Mark (14.641s, 14.649s) 7.448ms
[14.649s][info ][gc,start          ] GC(23) Pause Remark
[14.649s][debug][gc,phases,start   ] GC(23) Finalize Marking
[14.649s][debug][gc,stats          ] ---------------------------------------------------------------------
[14.649s][debug][gc,stats          ] Marking Stats, task = 0, calls = 18
[14.649s][debug][gc,stats          ]   Elapsed time = 0.42ms, Termination time = 0.41ms
[14.649s][debug][gc,stats          ]   Step Times (cum): num = 93, avg = 0.63ms, sd = 2.15ms max = 9.65ms, total = 58.42ms
[14.649s][debug][gc,stats          ]   Mark Stats Cache: hits 133145 misses 19 ratio 99.986
[14.650s][debug][gc,stats          ] ---------------------------------------------------------------------
[14.650s][debug][gc,stats          ] Marking Stats, task = 1, calls = 1
[14.650s][debug][gc,stats          ]   Elapsed time = 0.42ms, Termination time = 0.41ms
[14.650s][debug][gc,stats          ]   Step Times (cum): num = 5, avg = 0.33ms, sd = 0.22ms max = 0.57ms, total = 1.66ms
[14.650s][debug][gc,stats          ]   Mark Stats Cache: hits 100 misses 3 ratio 97.087
[14.650s][debug][gc,stats          ] ---------------------------------------------------------------------
[14.650s][debug][gc,stats          ] Marking Stats, task = 2, calls = 1
[14.650s][debug][gc,stats          ]   Elapsed time = 0.46ms, Termination time = 0.45ms
[14.650s][debug][gc,stats          ]   Step Times (cum): num = 5, avg = 0.29ms, sd = 0.23ms max = 0.52ms, total = 1.43ms
[14.650s][debug][gc,stats          ]   Mark Stats Cache: hits 35 misses 2 ratio 94.595
[14.650s][debug][gc,stats          ] ---------------------------------------------------------------------
[14.650s][debug][gc,stats          ] Marking Stats, task = 3, calls = 1
[14.650s][debug][gc,stats          ]   Elapsed time = 0.00ms, Termination time = 0.00ms
[14.650s][debug][gc,stats          ]   Step Times (cum): num = 3, avg = 0.00ms, sd = 0.00ms max = 0.00ms, total = 0.01ms
[14.650s][debug][gc,stats          ]   Mark Stats Cache: hits 67 misses 2 ratio 97.101
[14.650s][debug][gc,stats          ] ---------------------------------------------------------------------
[14.650s][debug][gc,phases         ] GC(23) Finalize Marking 0.709ms
[14.650s][debug][gc,phases,start   ] GC(23) Reference Processing
[14.650s][debug][gc,ref            ] GC(23) Skipped phase1 of Reference Processing due to unavailable references
[14.650s][debug][gc,ref            ] GC(23) Skipped phase2 of Reference Processing due to unavailable references
[14.650s][debug][gc,ref            ] GC(23) Skipped phase3 of Reference Processing due to unavailable references
[14.650s][debug][gc,ref            ] GC(23) Skipped phase4 of Reference Processing due to unavailable references
[14.650s][debug][gc,phases,ref     ] GC(23) Reference Processing: 0.0ms
[14.650s][debug][gc,phases,ref     ] GC(23)   Reconsider SoftReferences: 0.0ms
[14.650s][debug][gc,phases,ref     ] GC(23)     SoftRef (ms):             skipped
[14.650s][debug][gc,phases,ref     ] GC(23)   Notify Soft/WeakReferences: 0.0ms
[14.650s][debug][gc,phases,ref     ] GC(23)     SoftRef (ms):             skipped
[14.650s][debug][gc,phases,ref     ] GC(23)     WeakRef (ms):             skipped
[14.650s][debug][gc,phases,ref     ] GC(23)     FinalRef (ms):            skipped
[14.650s][debug][gc,phases,ref     ] GC(23)     Total (ms):               skipped
[14.650s][debug][gc,phases,ref     ] GC(23)   Notify and keep alive finalizable: 0.0ms
[14.650s][debug][gc,phases,ref     ] GC(23)     FinalRef (ms):            skipped
[14.650s][debug][gc,phases,ref     ] GC(23)   Notify PhantomReferences: 0.0ms
[14.650s][debug][gc,phases,ref     ] GC(23)     PhantomRef (ms):          skipped
[14.650s][debug][gc,phases,ref     ] GC(23)   SoftReference:
[14.650s][debug][gc,phases,ref     ] GC(23)     Discovered: 0
[14.650s][debug][gc,phases,ref     ] GC(23)     Cleared: 0
[14.650s][debug][gc,phases,ref     ] GC(23)   WeakReference:
[14.650s][debug][gc,phases,ref     ] GC(23)     Discovered: 0
[14.650s][debug][gc,phases,ref     ] GC(23)     Cleared: 0
[14.650s][debug][gc,phases,ref     ] GC(23)   FinalReference:
[14.650s][debug][gc,phases,ref     ] GC(23)     Discovered: 0
[14.650s][debug][gc,phases,ref     ] GC(23)     Cleared: 0
[14.650s][debug][gc,phases,ref     ] GC(23)   PhantomReference:
[14.650s][debug][gc,phases,ref     ] GC(23)     Discovered: 0
[14.650s][debug][gc,phases,ref     ] GC(23)     Cleared: 0
[14.650s][debug][gc,phases         ] GC(23) Reference Processing 0.204ms
[14.650s][debug][gc,phases,start   ] GC(23) Weak Processing
[14.650s][debug][gc,phases         ] GC(23) Weak Processing 0.021ms
[14.650s][debug][gc,phases,start   ] GC(23) Class Unloading
[14.650s][debug][gc,phases,start   ] GC(23) ClassLoaderData
[14.650s][debug][gc,phases         ] GC(23) ClassLoaderData 0.057ms
[14.650s][debug][gc,phases,start   ] GC(23) ProtectionDomainCacheTable
[14.650s][debug][gc,phases         ] GC(23) ProtectionDomainCacheTable 0.010ms
[14.651s][info ][gc,stringtable    ] GC(23) Cleaned string and symbol table, strings: 6104 processed, 6 removed, symbols: 45213 processed, 0 removed
[14.651s][debug][gc,phases         ] GC(23) Class Unloading 1.228ms
[14.651s][debug][gc,phases,start   ] GC(23) Flush Task Caches
[14.651s][debug][gc,stats          ] Mark stats cache hits 133347 misses 26 ratio 99.981
[14.651s][debug][gc,phases         ] GC(23) Flush Task Caches 0.030ms
[14.651s][debug][gc,phases,start   ] GC(23) Update Remembered Set Tracking Before Rebuild
[14.651s][debug][gc,ergo           ] GC(23) Running G1 Update RemSet Tracking Before Rebuild using 2 workers for 452 regions in heap
[14.651s][debug][gc,remset,tracking] GC(23) Remembered Set Tracking update regions total 452, selected 20
[14.651s][debug][gc,phases         ] GC(23) Update Remembered Set Tracking Before Rebuild 0.128ms
[14.651s][debug][gc,phases,start   ] GC(23) Reclaim Empty Regions
[14.651s][debug][gc                ] GC(23) Reclaimed 8 empty regions
[14.651s][debug][gc,phases         ] GC(23) Reclaim Empty Regions 0.081ms
[14.651s][debug][gc,phases,start   ] GC(23) Purge Metaspace
[14.651s][debug][gc,phases         ] GC(23) Purge Metaspace 0.010ms
[14.651s][debug][gc,phases,start   ] GC(23) Report Object Count
[14.651s][debug][gc,phases         ] GC(23) Report Object Count 0.017ms
[14.651s][info ][gc                ] GC(23) Pause Remark 46M->38M(452M) 2.565ms
[14.652s][info ][gc,cpu            ] GC(23) User=0.01s Sys=0.00s Real=0.00s
[14.652s][info ][gc,marking        ] GC(23) Concurrent Rebuild Remembered Sets
[14.660s][info ][gc,marking        ] GC(23) Concurrent Rebuild Remembered Sets 8.865ms
[14.661s][info ][gc,start          ] GC(23) Pause Cleanup
[14.661s][debug][gc,phases,start   ] GC(23) Update Remembered Set Tracking After Rebuild
[14.661s][debug][gc,phases         ] GC(23) Update Remembered Set Tracking After Rebuild 0.022ms
[14.661s][debug][gc,phases,start   ] GC(23) Finalize Concurrent Mark Cleanup
[14.661s][debug][gc,ergo           ] GC(23) request young-only gcs (reclaimable percentage not over threshold). candidate old regions: 17 reclaimable: 15511048 (3.27) threshold: 5
[14.661s][debug][gc,phases         ] GC(23) Finalize Concurrent Mark Cleanup 0.076ms
[14.661s][info ][gc                ] GC(23) Pause Cleanup 38M->38M(452M) 0.135ms
[14.661s][info ][gc,cpu            ] GC(23) User=0.00s Sys=0.00s Real=0.00s
[14.661s][info ][gc,marking        ] GC(23) Concurrent Cleanup for Next Mark
[14.661s][debug][gc,ergo           ] GC(23) Running G1 Clear Bitmap with 1 workers for 8 work units.
[14.663s][info ][gc,marking        ] GC(23) Concurrent Cleanup for Next Mark 2.665ms
[14.664s][info ][gc                ] GC(23) Concurrent Cycle 28.635ms
[14.747s][debug][gc,ergo,ihop      ] Request concurrent cycle initiation (occupancy higher than threshold) occupancy: 24117248B allocation request: 524304B threshold: 0B (0.00) source: concurrent humongous allocation
[14.747s][debug][gc,ergo           ] Request concurrent cycle initiation (requested by GC cause). GC cause: G1 Humongous Allocation
[14.747s][debug][gc,heap           ] GC(24) Heap before GC invocations=24 (full 0): garbage-first heap   total 462848K, used 44032K [0x0000000780000000, 0x0000000800000000)
[14.747s][debug][gc,heap           ] GC(24)   region size 1024K, 21 young (21504K), 10 survivors (10240K)
[14.747s][debug][gc,heap           ] GC(24)  Metaspace       used 13074K, capacity 13480K, committed 13568K, reserved 1060864K
[14.747s][debug][gc,heap           ] GC(24)   class space    used 1347K, capacity 1505K, committed 1536K, reserved 1048576K
[14.747s][debug][gc,ergo           ] GC(24) Initiate concurrent cycle (concurrent cycle initiation requested)
[14.747s][info ][gc,start          ] GC(24) Pause Young (Concurrent Start) (G1 Humongous Allocation)
[14.747s][info ][gc,task           ] GC(24) Using 4 workers of 4 for evacuation
[14.747s][debug][gc,tlab           ] GC(24) TLAB totals: thrds: 1  refills: 31 max: 31 slow allocs: 3 max 3 waste:  0.9% gc: 80072B max: 80072B slow: 17672B max: 17672B fast: 0B max: 0B
[14.747s][debug][gc,alloc,region   ] GC(24) Mutator Allocation stats, regions: 11, wasted size: 0B ( 0.0%)
[14.747s][debug][gc,age            ] GC(24) Desired survivor size 7864320 bytes, new threshold 1 (max threshold 15)
[14.747s][debug][gc,ergo,cset      ] GC(24) Finish choosing CSet. old: 0 regions, predicted old region time: 0.00ms, time remaining: 159.37
[14.747s][debug][gc,refine         ] Activated worker 0, on threshold: 18, current: 18
[14.747s][debug][gc,task,stats     ] GC(24) GC Termination Stats
[14.747s][debug][gc,task,stats     ] GC(24)      elapsed  --strong roots-- -------termination------- ------waste (KiB)------
[14.747s][debug][gc,task,stats     ] GC(24) thr     ms        ms      %        ms      %    attempts  total   alloc    undo
[14.747s][debug][gc,task,stats     ] GC(24) --- --------- --------- ------ --------- ------ -------- ------- ------- -------
[14.766s][debug][gc,task,stats     ] GC(24)   0     18.35     14.58  79.44      0.01   0.03        4       0       0       0
[14.766s][debug][gc,task,stats     ] GC(24)   1     18.46      3.24  17.55      0.04   0.21        8       0       0       0
[14.766s][debug][gc,task,stats     ] GC(24)   3     18.61     14.64  78.64      0.01   0.08        3       0       0       0
[14.766s][debug][gc,task,stats     ] GC(24)   2     18.67      8.48  45.44      0.03   0.16        5       0       0       0
[14.766s][debug][gc,ergo           ] GC(24) Running G1 Clear Card Table Task using 1 workers for 1 units of work for 28 regions.
[14.766s][debug][gc,ref            ] GC(24) Skipped phase1 of Reference Processing due to unavailable references
[14.766s][debug][gc,ref            ] GC(24) Skipped phase2 of Reference Processing due to unavailable references
[14.766s][debug][gc,ref            ] GC(24) Skipped phase3 of Reference Processing due to unavailable references
[14.766s][debug][gc,ref            ] GC(24) Skipped phase4 of Reference Processing due to unavailable references
[14.766s][debug][gc,ergo           ] GC(24) Running G1 Free Collection Set using 1 workers for collection set length 21
[14.766s][debug][gc,humongous      ] GC(24) Live humongous region 6 object size 524304 start 0x0000000780600000  with remset 0 code roots 0 is marked 0 reclaim candidate 0 type array 0
[14.766s][debug][gc,humongous      ] GC(24) Live humongous region 7 object size 1048592 start 0x0000000780700000  with remset 0 code roots 0 is marked 0 reclaim candidate 0 type array 0
[14.766s][debug][gc,plab           ] GC(24) Young PLAB allocation: allocated: 11534336B, wasted: 752B, unused: 881504B, used: 10652080B, undo waste: 0B, 
[14.766s][debug][gc,plab           ] GC(24) Young other allocation: region end waste: 0B, regions filled: 11, direct allocated: 0B, failure used: 0B, failure wasted: 0B
[14.766s][debug][gc,plab           ] GC(24) Young sizing: calculated: 2130416B, actual: 2029368B
[14.766s][debug][gc,plab           ] GC(24) Old PLAB allocation: allocated: 4194304B, wasted: 176B, unused: 997392B, used: 3196736B, undo waste: 0B, 
[14.766s][debug][gc,plab           ] GC(24) Old other allocation: region end waste: 0B, regions filled: 4, direct allocated: 0B, failure used: 0B, failure wasted: 0B
[14.766s][debug][gc,plab           ] GC(24) Old sizing: calculated: 639344B, actual: 859344B
[14.767s][debug][gc,ergo,heap      ] GC(24) Attempt heap expansion (recent GC overhead higher than threshold after GC) recent GC overhead: 11.48 % threshold: 3.40 % uncommitted: 1673527296B base expansion amount and scale: 334705459B (100.00%)
[14.767s][debug][gc,ergo,heap      ] GC(24) Expand the heap. requested expansion amount: 334705459B expansion amount: 335544320B
[14.774s][debug][gc,ihop           ] GC(24) Target occupancy update: old: 473956352B, new: 809500672B
[14.774s][debug][gc,alloc,stats    ] Old generation allocation in the last mutator period, old gen allocated: 4194304B, humongous allocated: 3145728B,old gen growth: 4194304B.
[14.774s][debug][gc,ihop           ] GC(24) Basic information (value update), threshold: 44628962B (5.51), target occupancy: 809500672B, current occupancy: 39845888B, recent allocation size: 7340032B, recent allocation duration: 110.37ms, recent old gen allocation rate: 66503199.98B/s, recent marking phase length: 232.15ms
[14.774s][debug][gc,ihop           ] GC(24) Adaptive IHOP information (value update), threshold: 44628962B (5.80), internal target occupancy: 769025638B, occupancy: 39845888B, additional buffer size: 130023424B, predicted old gen allocation rate: 1674405686.59B/s, predicted marking phase length: 354.98ms, prediction active: true
[14.774s][debug][gc,ergo,refine    ] GC(24) Updated Refinement Zones: green: 17, yellow: 51, red: 85
[14.774s][info ][gc,phases         ] GC(24)   Pre Evacuate Collection Set: 0.1ms
[14.774s][debug][gc,phases         ] GC(24)     Prepare TLABs: 0.0ms
[14.774s][debug][gc,phases         ] GC(24)     Choose Collection Set: 0.0ms
[14.774s][debug][gc,phases         ] GC(24)     Humongous Register: 0.0ms
[14.774s][debug][gc,phases         ] GC(24)     Clear Claimed Marks: 0.0ms
[14.774s][info ][gc,phases         ] GC(24)   Evacuate Collection Set: 18.8ms
[14.774s][debug][gc,phases         ] GC(24)     Ext Root Scanning (ms):   Min:  0.3, Avg:  0.3, Max:  0.3, Diff:  0.0, Sum:  1.2, Workers: 4
[14.774s][debug][gc,phases         ] GC(24)     Update RS (ms):           Min:  1.0, Avg:  1.4, Max:  1.8, Diff:  0.8, Sum:  5.4, Workers: 4
[14.774s][debug][gc,phases         ] GC(24)       Processed Buffers:        Min: 3, Avg:  4.5, Max: 9, Diff: 6, Sum: 18, Workers: 4
[14.774s][debug][gc,phases         ] GC(24)       Scanned Cards:            Min: 512, Avg: 776.2, Max: 1569, Diff: 1057, Sum: 3105, Workers: 4
[14.774s][debug][gc,phases         ] GC(24)       Skipped Cards:            Min: 8, Avg: 132.8, Max: 256, Diff: 248, Sum: 531, Workers: 4
[14.774s][debug][gc,phases         ] GC(24)     Scan RS (ms):             Min:  0.0, Avg:  0.1, Max:  0.3, Diff:  0.3, Sum:  0.3, Workers: 4
[14.774s][debug][gc,phases         ] GC(24)       Scanned Cards:            Min: 0, Avg: 41.8, Max: 167, Diff: 167, Sum: 167, Workers: 4
[14.774s][debug][gc,phases         ] GC(24)       Claimed Cards:            Min: 0, Avg: 170.2, Max: 681, Diff: 681, Sum: 681, Workers: 4
[14.774s][debug][gc,phases         ] GC(24)       Skipped Cards:            Min: 0, Avg:  0.0, Max: 0, Diff: 0, Sum: 0, Workers: 4
[14.774s][debug][gc,phases         ] GC(24)     Code Root Scanning (ms):  Min:  0.0, Avg:  0.0, Max:  0.0, Diff:  0.0, Sum:  0.0, Workers: 4
[14.774s][debug][gc,phases         ] GC(24)     JVMCI Root Scan (ms):     skipped
[14.774s][debug][gc,phases         ] GC(24)     Object Copy (ms):         Min: 16.0, Avg: 16.6, Max: 17.0, Diff:  1.1, Sum: 66.4, Workers: 4
[14.774s][debug][gc,phases         ] GC(24)     Termination (ms):         Min:  0.0, Avg:  0.0, Max:  0.0, Diff:  0.0, Sum:  0.1, Workers: 4
[14.774s][debug][gc,phases         ] GC(24)       Termination Attempts:     Min: 3, Avg:  5.0, Max: 8, Diff: 5, Sum: 20, Workers: 4
[14.774s][debug][gc,phases         ] GC(24)     GC Worker Other (ms):     Min:  0.1, Avg:  0.3, Max:  0.4, Diff:  0.3, Sum:  1.0, Workers: 4
[14.774s][debug][gc,phases         ] GC(24)     GC Worker Total (ms):     Min: 18.5, Avg: 18.6, Max: 18.7, Diff:  0.3, Sum: 74.4, Workers: 4
[14.774s][info ][gc,phases         ] GC(24)   Post Evacuate Collection Set: 7.5ms
[14.774s][debug][gc,phases         ] GC(24)     Code Roots Fixup: 0.0ms
[14.774s][debug][gc,phases         ] GC(24)     Clear Card Table: 0.1ms
[14.774s][debug][gc,phases         ] GC(24)     Reference Processing: 0.1ms
[14.774s][debug][gc,phases,ref     ] GC(24)       Reconsider SoftReferences: 0.0ms
[14.774s][debug][gc,phases,ref     ] GC(24)         SoftRef (ms):             skipped
[14.774s][debug][gc,phases,ref     ] GC(24)       Notify Soft/WeakReferences: 0.0ms
[14.775s][debug][gc,phases,ref     ] GC(24)         SoftRef (ms):             skipped
[14.775s][debug][gc,phases,ref     ] GC(24)         WeakRef (ms):             skipped
[14.775s][debug][gc,phases,ref     ] GC(24)         FinalRef (ms):            skipped
[14.775s][debug][gc,phases,ref     ] GC(24)         Total (ms):               skipped
[14.775s][debug][gc,phases,ref     ] GC(24)       Notify and keep alive finalizable: 0.0ms
[14.775s][debug][gc,phases,ref     ] GC(24)         FinalRef (ms):            skipped
[14.775s][debug][gc,phases,ref     ] GC(24)       Notify PhantomReferences: 0.0ms
[14.775s][debug][gc,phases,ref     ] GC(24)         PhantomRef (ms):          skipped
[14.775s][debug][gc,phases,ref     ] GC(24)       SoftReference:
[14.775s][debug][gc,phases,ref     ] GC(24)         Discovered: 0
[14.775s][debug][gc,phases,ref     ] GC(24)         Cleared: 0
[14.775s][debug][gc,phases,ref     ] GC(24)       WeakReference:
[14.775s][debug][gc,phases,ref     ] GC(24)         Discovered: 0
[14.775s][debug][gc,phases,ref     ] GC(24)         Cleared: 0
[14.775s][debug][gc,phases,ref     ] GC(24)       FinalReference:
[14.775s][debug][gc,phases,ref     ] GC(24)         Discovered: 0
[14.775s][debug][gc,phases,ref     ] GC(24)         Cleared: 0
[14.775s][debug][gc,phases,ref     ] GC(24)       PhantomReference:
[14.775s][debug][gc,phases,ref     ] GC(24)         Discovered: 0
[14.775s][debug][gc,phases,ref     ] GC(24)         Cleared: 0
[14.775s][debug][gc,phases         ] GC(24)     Weak Processing: 0.0ms
[14.775s][debug][gc,phases         ] GC(24)     Merge Per-Thread State: 0.0ms
[14.775s][debug][gc,phases         ] GC(24)     Code Roots Purge: 0.0ms
[14.775s][debug][gc,phases         ] GC(24)     Redirty Cards: 0.0ms
[14.775s][debug][gc,phases         ] GC(24)     DerivedPointerTable Update: 0.0ms
[14.775s][debug][gc,phases         ] GC(24)     Free Collection Set: 0.1ms
[14.775s][debug][gc,phases         ] GC(24)     Humongous Reclaim: 0.1ms
[14.775s][debug][gc,phases         ] GC(24)     Start New Collection Set: 0.0ms
[14.775s][debug][gc,phases         ] GC(24)     Resize TLABs: 0.0ms
[14.775s][debug][gc,phases         ] GC(24)     Expand Heap After Collection: 7.1ms
[14.775s][info ][gc,phases         ] GC(24)   Other: 0.7ms
[14.775s][info ][gc,heap           ] GC(24) Eden regions: 11->0(113)
[14.775s][info ][gc,heap           ] GC(24) Survivor regions: 10->11(15)
[14.775s][info ][gc,heap           ] GC(24) Old regions: 20->24
[14.775s][info ][gc,heap           ] GC(24) Humongous regions: 3->3
[14.775s][info ][gc,metaspace      ] GC(24) Metaspace: 13074K->13074K(1060864K)
[14.775s][debug][gc,heap           ] GC(24) Heap after GC invocations=25 (full 0): garbage-first heap   total 790528K, used 38912K [0x0000000780000000, 0x0000000800000000)
[14.775s][debug][gc,heap           ] GC(24)   region size 1024K, 11 young (11264K), 11 survivors (11264K)
[14.775s][debug][gc,heap           ] GC(24)  Metaspace       used 13074K, capacity 13480K, committed 13568K, reserved 1060864K
[14.775s][debug][gc,heap           ] GC(24)   class space    used 1347K, capacity 1505K, committed 1536K, reserved 1048576K
[14.775s][info ][gc                ] GC(24) Pause Young (Concurrent Start) (G1 Humongous Allocation) 43M->38M(772M) 28.526ms
[14.776s][info ][gc,cpu            ] GC(24) User=0.07s Sys=0.01s Real=0.03s
[14.776s][debug][gc,refine         ] Deactivated worker 0, off threshold: 17, current: 3, processed: 0
[14.776s][info ][gc                ] GC(25) Concurrent Cycle
[14.776s][info ][gc,marking        ] GC(25) Concurrent Clear Claimed Marks
[14.776s][info ][gc,marking        ] GC(25) Concurrent Clear Claimed Marks 0.072ms
[14.776s][info ][gc,marking        ] GC(25) Concurrent Scan Root Regions
[14.776s][debug][gc,ergo           ] GC(25) Running G1 Root Region Scan using 1 workers for 11 work units.
[14.786s][info ][gc,marking        ] GC(25) Concurrent Scan Root Regions 9.896ms
[14.786s][info ][gc,marking        ] GC(25) Concurrent Mark (14.786s)
[14.786s][info ][gc,marking        ] GC(25) Concurrent Mark From Roots
[14.786s][info ][gc,task           ] GC(25) Using 1 workers of 1 for marking
[14.795s][debug][gc,stats          ] ---------------------------------------------------------------------
[14.795s][debug][gc,stats          ] Marking Stats, task = 0, calls = 1
[14.795s][debug][gc,stats          ]   Elapsed time = 9.36ms, Termination time = 0.00ms
[14.795s][debug][gc,stats          ]   Step Times (cum): num = 94, avg = 0.72ms, sd = 2.31ms max = 9.65ms, total = 67.78ms
[14.795s][debug][gc,stats          ]   Mark Stats Cache: hits 59866 misses 17 ratio 99.972
[14.795s][debug][gc,stats          ] ---------------------------------------------------------------------
[14.795s][info ][gc,marking        ] GC(25) Concurrent Mark From Roots 9.652ms
[14.795s][info ][gc,marking        ] GC(25) Concurrent Preclean
[14.795s][debug][gc,ref,start      ] GC(25) Preclean SoftReferences
[14.795s][debug][gc,ref            ] GC(25) Preclean SoftReferences 0.015ms
[14.795s][debug][gc,ref,start      ] GC(25) Preclean WeakReferences
[14.795s][debug][gc,ref            ] GC(25) Preclean WeakReferences 0.017ms
[14.795s][debug][gc,ref,start      ] GC(25) Preclean FinalReferences
[14.795s][debug][gc,ref            ] GC(25) Preclean FinalReferences 0.011ms
[14.795s][debug][gc,ref,start      ] GC(25) Preclean PhantomReferences
[14.795s][debug][gc,ref            ] GC(25) Preclean PhantomReferences 0.011ms
[14.795s][info ][gc,marking        ] GC(25) Concurrent Preclean 0.100ms
[14.795s][info ][gc,marking        ] GC(25) Concurrent Mark (14.786s, 14.795s) 9.792ms
[14.796s][info ][gc,start          ] GC(25) Pause Remark
[14.796s][debug][gc,phases,start   ] GC(25) Finalize Marking
[14.796s][debug][gc,stats          ] ---------------------------------------------------------------------
[14.796s][debug][gc,stats          ] Marking Stats, task = 0, calls = 18
[14.796s][debug][gc,stats          ]   Elapsed time = 0.17ms, Termination time = 0.16ms
[14.796s][debug][gc,stats          ]   Step Times (cum): num = 111, avg = 0.61ms, sd = 2.15ms max = 9.65ms, total = 67.95ms
[14.796s][debug][gc,stats          ]   Mark Stats Cache: hits 59866 misses 17 ratio 99.972
[14.796s][debug][gc,stats          ] ---------------------------------------------------------------------
[14.796s][debug][gc,stats          ] Marking Stats, task = 1, calls = 1
[14.796s][debug][gc,stats          ]   Elapsed time = 0.17ms, Termination time = 0.15ms
[14.796s][debug][gc,stats          ]   Step Times (cum): num = 6, avg = 0.30ms, sd = 0.21ms max = 0.57ms, total = 1.81ms
[14.796s][debug][gc,stats          ]   Mark Stats Cache: hits 56 misses 3 ratio 94.915
[14.796s][debug][gc,stats          ] ---------------------------------------------------------------------
[14.796s][debug][gc,stats          ] Marking Stats, task = 2, calls = 1
[14.796s][debug][gc,stats          ]   Elapsed time = 0.17ms, Termination time = 0.16ms
[14.796s][debug][gc,stats          ]   Step Times (cum): num = 6, avg = 0.26ms, sd = 0.21ms max = 0.52ms, total = 1.59ms
[14.796s][debug][gc,stats          ]   Mark Stats Cache: hits 26 misses 3 ratio 89.655
[14.796s][debug][gc,stats          ] ---------------------------------------------------------------------
[14.796s][debug][gc,stats          ] Marking Stats, task = 3, calls = 1
[14.796s][debug][gc,stats          ]   Elapsed time = 0.01ms, Termination time = 0.00ms
[14.796s][debug][gc,stats          ]   Step Times (cum): num = 4, avg = 0.00ms, sd = 0.00ms max = 0.00ms, total = 0.01ms
[14.796s][debug][gc,stats          ]   Mark Stats Cache: hits 120 misses 3 ratio 97.561
[14.796s][debug][gc,stats          ] ---------------------------------------------------------------------
[14.796s][debug][gc,phases         ] GC(25) Finalize Marking 0.399ms
[14.796s][debug][gc,phases,start   ] GC(25) Reference Processing
[14.796s][debug][gc,ref            ] GC(25) Skipped phase1 of Reference Processing due to unavailable references
[14.796s][debug][gc,ref            ] GC(25) Skipped phase2 of Reference Processing due to unavailable references
[14.796s][debug][gc,ref            ] GC(25) Skipped phase3 of Reference Processing due to unavailable references
[14.796s][debug][gc,ref            ] GC(25) Skipped phase4 of Reference Processing due to unavailable references
[14.796s][debug][gc,phases,ref     ] GC(25) Reference Processing: 0.0ms
[14.796s][debug][gc,phases,ref     ] GC(25)   Reconsider SoftReferences: 0.0ms
[14.796s][debug][gc,phases,ref     ] GC(25)     SoftRef (ms):             skipped
[14.796s][debug][gc,phases,ref     ] GC(25)   Notify Soft/WeakReferences: 0.0ms
[14.796s][debug][gc,phases,ref     ] GC(25)     SoftRef (ms):             skipped
[14.796s][debug][gc,phases,ref     ] GC(25)     WeakRef (ms):             skipped
[14.796s][debug][gc,phases,ref     ] GC(25)     FinalRef (ms):            skipped
[14.796s][debug][gc,phases,ref     ] GC(25)     Total (ms):               skipped
[14.796s][debug][gc,phases,ref     ] GC(25)   Notify and keep alive finalizable: 0.0ms
[14.796s][debug][gc,phases,ref     ] GC(25)     FinalRef (ms):            skipped
[14.796s][debug][gc,phases,ref     ] GC(25)   Notify PhantomReferences: 0.0ms
[14.796s][debug][gc,phases,ref     ] GC(25)     PhantomRef (ms):          skipped
[14.796s][debug][gc,phases,ref     ] GC(25)   SoftReference:
[14.796s][debug][gc,phases,ref     ] GC(25)     Discovered: 0
[14.796s][debug][gc,phases,ref     ] GC(25)     Cleared: 0
[14.796s][debug][gc,phases,ref     ] GC(25)   WeakReference:
[14.796s][debug][gc,phases,ref     ] GC(25)     Discovered: 0
[14.796s][debug][gc,phases,ref     ] GC(25)     Cleared: 0
[14.796s][debug][gc,phases,ref     ] GC(25)   FinalReference:
[14.796s][debug][gc,phases,ref     ] GC(25)     Discovered: 0
[14.796s][debug][gc,phases,ref     ] GC(25)     Cleared: 0
[14.796s][debug][gc,phases,ref     ] GC(25)   PhantomReference:
[14.796s][debug][gc,phases,ref     ] GC(25)     Discovered: 0
[14.796s][debug][gc,phases,ref     ] GC(25)     Cleared: 0
[14.796s][debug][gc,phases         ] GC(25) Reference Processing 0.263ms
[14.796s][debug][gc,phases,start   ] GC(25) Weak Processing
[14.796s][debug][gc,phases         ] GC(25) Weak Processing 0.022ms
[14.796s][debug][gc,phases,start   ] GC(25) Class Unloading
[14.796s][debug][gc,phases,start   ] GC(25) ClassLoaderData
[14.796s][debug][gc,phases         ] GC(25) ClassLoaderData 0.053ms
[14.796s][debug][gc,phases,start   ] GC(25) ProtectionDomainCacheTable
[14.796s][debug][gc,phases         ] GC(25) ProtectionDomainCacheTable 0.010ms
[14.798s][info ][gc,stringtable    ] GC(25) Cleaned string and symbol table, strings: 6098 processed, 0 removed, symbols: 45213 processed, 0 removed
[14.798s][debug][gc,phases         ] GC(25) Class Unloading 1.346ms
[14.798s][debug][gc,phases,start   ] GC(25) Flush Task Caches
[14.798s][debug][gc,stats          ] Mark stats cache hits 60068 misses 26 ratio 99.957
[14.798s][debug][gc,phases         ] GC(25) Flush Task Caches 0.027ms
[14.798s][debug][gc,phases,start   ] GC(25) Update Remembered Set Tracking Before Rebuild
[14.798s][debug][gc,ergo           ] GC(25) Running G1 Update RemSet Tracking Before Rebuild using 3 workers for 772 regions in heap
[14.798s][debug][gc,remset,tracking] GC(25) Remembered Set Tracking update regions total 772, selected 18
[14.798s][debug][gc,phases         ] GC(25) Update Remembered Set Tracking Before Rebuild 0.155ms
[14.798s][debug][gc,phases,start   ] GC(25) Reclaim Empty Regions
[14.798s][debug][gc                ] GC(25) Reclaimed 9 empty regions
[14.798s][debug][gc,phases         ] GC(25) Reclaim Empty Regions 0.125ms
[14.798s][debug][gc,phases,start   ] GC(25) Purge Metaspace
[14.798s][debug][gc,phases         ] GC(25) Purge Metaspace 0.010ms
[14.798s][debug][gc,phases,start   ] GC(25) Report Object Count
[14.798s][debug][gc,phases         ] GC(25) Report Object Count 0.009ms
[14.798s][info ][gc                ] GC(25) Pause Remark 46M->37M(772M) 2.504ms
[14.798s][info ][gc,cpu            ] GC(25) User=0.01s Sys=0.00s Real=0.00s
[14.798s][info ][gc,marking        ] GC(25) Concurrent Rebuild Remembered Sets
[14.804s][info ][gc,marking        ] GC(25) Concurrent Rebuild Remembered Sets 6.180ms
[14.805s][info ][gc,start          ] GC(25) Pause Cleanup
[14.805s][debug][gc,phases,start   ] GC(25) Update Remembered Set Tracking After Rebuild
[14.805s][debug][gc,phases         ] GC(25) Update Remembered Set Tracking After Rebuild 0.032ms
[14.805s][debug][gc,phases,start   ] GC(25) Finalize Concurrent Mark Cleanup
[14.805s][debug][gc,ergo           ] GC(25) request young-only gcs (reclaimable percentage not over threshold). candidate old regions: 17 reclaimable: 16198472 (2.00) threshold: 5
[14.805s][debug][gc,phases         ] GC(25) Finalize Concurrent Mark Cleanup 0.130ms
[14.805s][info ][gc                ] GC(25) Pause Cleanup 37M->37M(772M) 0.218ms
[14.805s][info ][gc,cpu            ] GC(25) User=0.00s Sys=0.00s Real=0.00s
[14.805s][info ][gc,marking        ] GC(25) Concurrent Cleanup for Next Mark
[14.805s][debug][gc,ergo           ] GC(25) Running G1 Clear Bitmap with 1 workers for 13 work units.
[14.809s][info ][gc,marking        ] GC(25) Concurrent Cleanup for Next Mark 3.968ms
[14.809s][info ][gc                ] GC(25) Concurrent Cycle 33.266ms
[14.909s][debug][gc,refine         ] Activated worker 0, on threshold: 19, current: 19
[14.909s][debug][gc,refine         ] Deactivated worker 0, off threshold: 17, current: 17, processed: 2
[14.917s][debug][gc,refine         ] Activated worker 0, on threshold: 19, current: 19
[14.917s][debug][gc,refine         ] Deactivated worker 0, off threshold: 17, current: 17, processed: 2
[15.020s][debug][gc,refine         ] Activated worker 0, on threshold: 19, current: 23
[15.023s][debug][gc,refine         ] Deactivated worker 0, off threshold: 17, current: 17, processed: 6
[15.033s][debug][gc,refine         ] Activated worker 0, on threshold: 19, current: 21
[15.033s][debug][gc,refine         ] Deactivated worker 0, off threshold: 17, current: 17, processed: 4
[15.040s][debug][gc,refine         ] Activated worker 0, on threshold: 19, current: 19
[15.041s][debug][gc,refine         ] Deactivated worker 0, off threshold: 17, current: 17, processed: 2
[15.144s][debug][gc,refine         ] Activated worker 0, on threshold: 19, current: 23
[15.148s][debug][gc,refine         ] Deactivated worker 0, off threshold: 17, current: 17, processed: 6
[15.157s][debug][gc,refine         ] Activated worker 0, on threshold: 19, current: 21
[15.157s][debug][gc,refine         ] Deactivated worker 0, off threshold: 17, current: 17, processed: 4
[15.169s][debug][gc,refine         ] Activated worker 0, on threshold: 19, current: 19
[15.170s][debug][gc,refine         ] Deactivated worker 0, off threshold: 17, current: 17, processed: 2
[15.271s][debug][gc,refine         ] Activated worker 0, on threshold: 19, current: 20
[15.275s][debug][gc,refine         ] Deactivated worker 0, off threshold: 17, current: 17, processed: 6
[15.284s][debug][gc,refine         ] Activated worker 0, on threshold: 19, current: 21
[15.285s][debug][gc,refine         ] Deactivated worker 0, off threshold: 17, current: 17, processed: 4
[15.292s][debug][gc,refine         ] Activated worker 0, on threshold: 19, current: 19
[15.292s][debug][gc,refine         ] Deactivated worker 0, off threshold: 17, current: 17, processed: 2
[15.395s][debug][gc,refine         ] Activated worker 0, on threshold: 19, current: 23
[15.398s][debug][gc,refine         ] Deactivated worker 0, off threshold: 17, current: 17, processed: 6
[15.407s][debug][gc,refine         ] Activated worker 0, on threshold: 19, current: 21
[15.407s][debug][gc,refine         ] Deactivated worker 0, off threshold: 17, current: 17, processed: 4
[15.415s][debug][gc,refine         ] Activated worker 0, on threshold: 19, current: 19
[15.415s][debug][gc,refine         ] Deactivated worker 0, off threshold: 17, current: 17, processed: 2
[15.518s][debug][gc,refine         ] Activated worker 0, on threshold: 19, current: 23
[15.522s][debug][gc,refine         ] Deactivated worker 0, off threshold: 17, current: 17, processed: 6
[15.531s][debug][gc,refine         ] Activated worker 0, on threshold: 19, current: 21
[15.532s][debug][gc,refine         ] Deactivated worker 0, off threshold: 17, current: 17, processed: 4
[15.539s][debug][gc,refine         ] Activated worker 0, on threshold: 19, current: 19
[15.540s][debug][gc,refine         ] Deactivated worker 0, off threshold: 17, current: 17, processed: 2
[15.540s][debug][gc,refine         ] Activated worker 0, on threshold: 19, current: 23
[15.542s][debug][gc,refine         ] Deactivated worker 0, off threshold: 17, current: 17, processed: 6
[15.657s][debug][gc,refine         ] Activated worker 0, on threshold: 19, current: 21
[15.658s][debug][gc,refine         ] Deactivated worker 0, off threshold: 17, current: 17, processed: 4
[15.665s][debug][gc,refine         ] Activated worker 0, on threshold: 19, current: 19
[15.665s][debug][gc,refine         ] Deactivated worker 0, off threshold: 17, current: 17, processed: 2
[15.768s][debug][gc,refine         ] Activated worker 0, on threshold: 19, current: 22
[15.773s][debug][gc,refine         ] Deactivated worker 0, off threshold: 17, current: 17, processed: 6
[15.785s][debug][gc,refine         ] Activated worker 0, on threshold: 19, current: 21
[15.786s][debug][gc,refine         ] Deactivated worker 0, off threshold: 17, current: 17, processed: 4
[15.791s][debug][gc,ergo,ihop      ] Request concurrent cycle initiation (occupancy higher than threshold) occupancy: 45088768B allocation request: 1048592B threshold: 44628962B (5.51) source: concurrent humongous allocation
[15.792s][debug][gc,ergo           ] Request concurrent cycle initiation (requested by GC cause). GC cause: G1 Humongous Allocation
[15.792s][debug][gc,heap           ] GC(26) Heap before GC invocations=26 (full 0): garbage-first heap   total 790528K, used 145408K [0x0000000780000000, 0x0000000800000000)
[15.792s][debug][gc,heap           ] GC(26)   region size 1024K, 100 young (102400K), 11 survivors (11264K)
[15.792s][debug][gc,heap           ] GC(26)  Metaspace       used 13087K, capacity 13486K, committed 13568K, reserved 1060864K
[15.792s][debug][gc,heap           ] GC(26)   class space    used 1347K, capacity 1506K, committed 1536K, reserved 1048576K
[15.792s][debug][gc,ergo           ] GC(26) Initiate concurrent cycle (concurrent cycle initiation requested)
[15.792s][info ][gc,start          ] GC(26) Pause Young (Concurrent Start) (G1 Humongous Allocation)
[15.792s][info ][gc,task           ] GC(26) Using 4 workers of 4 for evacuation
[15.792s][debug][gc,tlab           ] GC(26) TLAB totals: thrds: 4  refills: 265 max: 261 slow allocs: 23 max 23 waste:  0.8% gc: 616680B max: 214400B slow: 160456B max: 159728B fast: 0B max: 0B
[15.792s][debug][gc,alloc,region   ] GC(26) Mutator Allocation stats, regions: 89, wasted size: 0B ( 0.0%)
[15.792s][debug][gc,age            ] GC(26) Desired survivor size 8912896 bytes, new threshold 1 (max threshold 15)
[15.792s][debug][gc,ergo,cset      ] GC(26) Finish choosing CSet. old: 0 regions, predicted old region time: 0.00ms, time remaining: 50.18
[15.792s][debug][gc,refine         ] Activated worker 0, on threshold: 19, current: 21
[15.792s][debug][gc,task,stats     ] GC(26) GC Termination Stats
[15.792s][debug][gc,task,stats     ] GC(26)      elapsed  --strong roots-- -------termination------- ------waste (KiB)------
[15.792s][debug][gc,task,stats     ] GC(26) thr     ms        ms      %        ms      %    attempts  total   alloc    undo
[15.792s][debug][gc,task,stats     ] GC(26) --- --------- --------- ------ --------- ------ -------- ------- ------- -------
[15.877s][debug][gc,task,stats     ] GC(26)   2     84.66     83.33  98.43      0.00   0.00        1       2       2       0
[15.877s][debug][gc,task,stats     ] GC(26)   1     84.80     84.45  99.59      0.00   0.00        1       2       2       0
[15.877s][debug][gc,task,stats     ] GC(26)   3     84.76     83.57  98.60      0.00   0.00        1       2       2       0
[15.877s][debug][gc,task,stats     ] GC(26)   0     84.84     84.70  99.83      0.00   0.00        1       2       2       0
[15.877s][debug][gc,ergo           ] GC(26) Running G1 Clear Card Table Task using 1 workers for 1 units of work for 116 regions.
[15.877s][debug][gc,ref            ] GC(26) Skipped phase1 of Reference Processing due to unavailable references
[15.877s][debug][gc,ref            ] GC(26) Skipped phase2 of Reference Processing due to unavailable references
[15.877s][debug][gc,ref            ] GC(26) Skipped phase3 of Reference Processing due to unavailable references
[15.877s][debug][gc,ref            ] GC(26) Skipped phase4 of Reference Processing due to unavailable references
[15.877s][debug][gc,ergo           ] GC(26) Running G1 Free Collection Set using 3 workers for collection set length 100
[15.877s][debug][gc,humongous      ] GC(26) Live humongous region 3 object size 524304 start 0x0000000780300000  with remset 0 code roots 0 is marked 0 reclaim candidate 0 type array 0
[15.877s][debug][gc,humongous      ] GC(26) Live humongous region 4 object size 1048592 start 0x0000000780400000  with remset 0 code roots 0 is marked 0 reclaim candidate 0 type array 0
[15.877s][debug][gc,humongous      ] GC(26) Live humongous region 6 object size 524304 start 0x0000000780600000  with remset 0 code roots 0 is marked 0 reclaim candidate 0 type array 0
[15.877s][debug][gc,humongous      ] GC(26) Live humongous region 7 object size 1048592 start 0x0000000780700000  with remset 0 code roots 0 is marked 0 reclaim candidate 0 type array 0
[15.877s][debug][gc,humongous      ] GC(26) Live humongous region 13 object size 524304 start 0x0000000780d00000  with remset 0 code roots 0 is marked 0 reclaim candidate 0 type array 0
[15.877s][debug][gc,humongous      ] GC(26) Live humongous region 14 object size 524304 start 0x0000000780e00000  with remset 0 code roots 0 is marked 0 reclaim candidate 0 type array 0
[15.877s][debug][gc,humongous      ] GC(26) Live humongous region 15 object size 524304 start 0x0000000780f00000  with remset 0 code roots 0 is marked 0 reclaim candidate 0 type array 0
[15.877s][debug][gc,humongous      ] GC(26) Live humongous region 16 object size 1048592 start 0x0000000781000000  with remset 0 code roots 0 is marked 0 reclaim candidate 0 type array 0
[15.877s][debug][gc,humongous      ] GC(26) Live humongous region 19 object size 1048592 start 0x0000000781300000  with remset 0 code roots 0 is marked 0 reclaim candidate 0 type array 0
[15.877s][debug][gc,humongous      ] GC(26) Live humongous region 22 object size 1048592 start 0x0000000781600000  with remset 0 code roots 0 is marked 0 reclaim candidate 0 type array 0
[15.877s][debug][gc,humongous      ] GC(26) Live humongous region 24 object size 524304 start 0x0000000781800000  with remset 0 code roots 0 is marked 0 reclaim candidate 0 type array 0
[15.877s][debug][gc,humongous      ] GC(26) Live humongous region 25 object size 1048592 start 0x0000000781900000  with remset 0 code roots 0 is marked 0 reclaim candidate 0 type array 0
[15.877s][debug][gc,humongous      ] GC(26) Live humongous region 27 object size 524304 start 0x0000000781b00000  with remset 0 code roots 0 is marked 0 reclaim candidate 0 type array 0
[15.877s][debug][gc,humongous      ] GC(26) Live humongous region 29 object size 1048592 start 0x0000000781d00000  with remset 0 code roots 0 is marked 0 reclaim candidate 0 type array 0
[15.877s][debug][gc,humongous      ] GC(26) Live humongous region 31 object size 524304 start 0x0000000781f00000  with remset 0 code roots 0 is marked 0 reclaim candidate 0 type array 0
[15.877s][debug][gc,humongous      ] GC(26) Live humongous region 32 object size 524304 start 0x0000000782000000  with remset 0 code roots 0 is marked 1 reclaim candidate 0 type array 0
[15.877s][debug][gc,humongous      ] GC(26) Live humongous region 34 object size 1048592 start 0x0000000782200000  with remset 0 code roots 0 is marked 0 reclaim candidate 0 type array 0
[15.877s][debug][gc,plab           ] GC(26) Young PLAB allocation: allocated: 17825792B, wasted: 1304B, unused: 0B, used: 17824488B, undo waste: 0B, 
[15.877s][debug][gc,plab           ] GC(26) Young other allocation: region end waste: 0B, regions filled: 17, direct allocated: 0B, failure used: 0B, failure wasted: 0B
[15.877s][debug][gc,plab           ] GC(26) Young sizing: calculated: 3564896B, actual: 3181008B
[15.877s][debug][gc,plab           ] GC(26) Old PLAB allocation: allocated: 75927136B, wasted: 7528B, unused: 409784B, used: 75509824B, undo waste: 0B, 
[15.877s][debug][gc,plab           ] GC(26) Old other allocation: region end waste: 0B, regions filled: 73, direct allocated: 0B, failure used: 0B, failure wasted: 0B
[15.877s][debug][gc,plab           ] GC(26) Old sizing: calculated: 15101960B, actual: 11541304B
[15.877s][debug][gc,alloc,stats    ] Old generation allocation in the last mutator period, old gen allocated: 75927136B, humongous allocated: 26214400B,old gen growth: 98995808B.
[15.877s][debug][gc,ihop           ] GC(26) Basic information (value update), threshold: 31686194B (3.91), target occupancy: 809500672B, current occupancy: 138842112B, recent allocation size: 102141536B, recent allocation duration: 1015.31ms, recent old gen allocation rate: 100601484.81B/s, recent marking phase length: 232.15ms
[15.877s][debug][gc,ihop           ] GC(26) Adaptive IHOP information (value update), threshold: 31686194B (4.12), internal target occupancy: 769025638B, occupancy: 138842112B, additional buffer size: 161480704B, predicted old gen allocation rate: 1622248553.44B/s, predicted marking phase length: 354.98ms, prediction active: true
[15.877s][debug][gc,ergo,refine    ] GC(26) Updated Refinement Zones: green: 18, yellow: 54, red: 90
[15.877s][info ][gc,phases         ] GC(26)   Pre Evacuate Collection Set: 0.1ms
[15.877s][debug][gc,phases         ] GC(26)     Prepare TLABs: 0.0ms
[15.877s][debug][gc,phases         ] GC(26)     Choose Collection Set: 0.0ms
[15.877s][debug][gc,phases         ] GC(26)     Humongous Register: 0.0ms
[15.877s][debug][gc,phases         ] GC(26)     Clear Claimed Marks: 0.0ms
[15.877s][info ][gc,phases         ] GC(26)   Evacuate Collection Set: 85.0ms
[15.878s][debug][gc,phases         ] GC(26)     Ext Root Scanning (ms):   Min:  0.3, Avg:  0.3, Max:  0.3, Diff:  0.1, Sum:  1.1, Workers: 4
[15.878s][debug][gc,phases         ] GC(26)     Update RS (ms):           Min:  1.5, Avg:  1.8, Max:  2.1, Diff:  0.6, Sum:  7.1, Workers: 4
[15.878s][debug][gc,phases         ] GC(26)       Processed Buffers:        Min: 3, Avg:  5.2, Max: 8, Diff: 5, Sum: 21, Workers: 4
[15.878s][debug][gc,phases         ] GC(26)       Scanned Cards:            Min: 768, Avg: 1100.2, Max: 2048, Diff: 1280, Sum: 4401, Workers: 4
[15.878s][debug][gc,phases         ] GC(26)       Skipped Cards:            Min: 0, Avg:  0.0, Max: 0, Diff: 0, Sum: 0, Workers: 4
[15.878s][debug][gc,phases         ] GC(26)     Scan RS (ms):             Min:  2.0, Avg:  2.7, Max:  3.4, Diff:  1.4, Sum: 10.8, Workers: 4
[15.878s][debug][gc,phases         ] GC(26)       Scanned Cards:            Min: 1243, Avg: 1368.5, Max: 1489, Diff: 246, Sum: 5474, Workers: 4
[15.878s][debug][gc,phases         ] GC(26)       Claimed Cards:            Min: 1255, Avg: 1448.8, Max: 1762, Diff: 507, Sum: 5795, Workers: 4
[15.878s][debug][gc,phases         ] GC(26)       Skipped Cards:            Min: 165, Avg: 817.5, Max: 1377, Diff: 1212, Sum: 3270, Workers: 4
[15.878s][debug][gc,phases         ] GC(26)     Code Root Scanning (ms):  Min:  0.0, Avg:  0.0, Max:  0.0, Diff:  0.0, Sum:  0.0, Workers: 4
[15.878s][debug][gc,phases         ] GC(26)     JVMCI Root Scan (ms):     skipped
[15.878s][debug][gc,phases         ] GC(26)     Object Copy (ms):         Min: 78.9, Avg: 79.9, Max: 80.9, Diff:  2.0, Sum: 319.5, Workers: 4
[15.878s][debug][gc,phases         ] GC(26)     Termination (ms):         Min:  0.0, Avg:  0.0, Max:  0.0, Diff:  0.0, Sum:  0.0, Workers: 4
[15.878s][debug][gc,phases         ] GC(26)       Termination Attempts:     Min: 1, Avg:  1.0, Max: 1, Diff: 0, Sum: 4, Workers: 4
[15.878s][debug][gc,phases         ] GC(26)     GC Worker Other (ms):     Min:  0.1, Avg:  0.1, Max:  0.2, Diff:  0.1, Sum:  0.5, Workers: 4
[15.878s][debug][gc,phases         ] GC(26)     GC Worker Total (ms):     Min: 84.7, Avg: 84.8, Max: 84.9, Diff:  0.1, Sum: 339.2, Workers: 4
[15.878s][info ][gc,phases         ] GC(26)   Post Evacuate Collection Set: 0.5ms
[15.878s][debug][gc,phases         ] GC(26)     Code Roots Fixup: 0.0ms
[15.878s][debug][gc,phases         ] GC(26)     Clear Card Table: 0.1ms
[15.878s][debug][gc,phases         ] GC(26)     Reference Processing: 0.0ms
[15.878s][debug][gc,phases,ref     ] GC(26)       Reconsider SoftReferences: 0.0ms
[15.878s][debug][gc,phases,ref     ] GC(26)         SoftRef (ms):             skipped
[15.878s][debug][gc,phases,ref     ] GC(26)       Notify Soft/WeakReferences: 0.0ms
[15.878s][debug][gc,phases,ref     ] GC(26)         SoftRef (ms):             skipped
[15.878s][debug][gc,phases,ref     ] GC(26)         WeakRef (ms):             skipped
[15.878s][debug][gc,phases,ref     ] GC(26)         FinalRef (ms):            skipped
[15.878s][debug][gc,phases,ref     ] GC(26)         Total (ms):               skipped
[15.878s][debug][gc,phases,ref     ] GC(26)       Notify and keep alive finalizable: 0.0ms
[15.878s][debug][gc,phases,ref     ] GC(26)         FinalRef (ms):            skipped
[15.878s][debug][gc,phases,ref     ] GC(26)       Notify PhantomReferences: 0.0ms
[15.878s][debug][gc,phases,ref     ] GC(26)         PhantomRef (ms):          skipped
[15.878s][debug][gc,phases,ref     ] GC(26)       SoftReference:
[15.878s][debug][gc,phases,ref     ] GC(26)         Discovered: 0
[15.878s][debug][gc,phases,ref     ] GC(26)         Cleared: 0
[15.878s][debug][gc,phases,ref     ] GC(26)       WeakReference:
[15.878s][debug][gc,phases,ref     ] GC(26)         Discovered: 0
[15.878s][debug][gc,phases,ref     ] GC(26)         Cleared: 0
[15.878s][debug][gc,phases,ref     ] GC(26)       FinalReference:
[15.878s][debug][gc,phases,ref     ] GC(26)         Discovered: 0
[15.878s][debug][gc,phases,ref     ] GC(26)         Cleared: 0
[15.878s][debug][gc,phases,ref     ] GC(26)       PhantomReference:
[15.878s][debug][gc,phases,ref     ] GC(26)         Discovered: 0
[15.878s][debug][gc,phases,ref     ] GC(26)         Cleared: 0
[15.878s][debug][gc,phases         ] GC(26)     Weak Processing: 0.0ms
[15.878s][debug][gc,phases         ] GC(26)     Merge Per-Thread State: 0.0ms
[15.878s][debug][gc,phases         ] GC(26)     Code Roots Purge: 0.0ms
[15.878s][debug][gc,phases         ] GC(26)     Redirty Cards: 0.1ms
[15.878s][debug][gc,phases         ] GC(26)     DerivedPointerTable Update: 0.0ms
[15.878s][debug][gc,phases         ] GC(26)     Free Collection Set: 0.2ms
[15.878s][debug][gc,phases         ] GC(26)     Humongous Reclaim: 0.2ms
[15.878s][debug][gc,phases         ] GC(26)     Start New Collection Set: 0.0ms
[15.878s][debug][gc,phases         ] GC(26)     Resize TLABs: 0.0ms
[15.878s][debug][gc,phases         ] GC(26)     Expand Heap After Collection: 0.0ms
[15.878s][info ][gc,phases         ] GC(26)   Other: 0.3ms
[15.878s][info ][gc,heap           ] GC(26) Eden regions: 89->0(137)
[15.878s][info ][gc,heap           ] GC(26) Survivor regions: 11->17(17)
[15.878s][info ][gc,heap           ] GC(26) Old regions: 18->91
[15.878s][info ][gc,heap           ] GC(26) Humongous regions: 25->25
[15.878s][info ][gc,metaspace      ] GC(26) Metaspace: 13087K->13087K(1060864K)
[15.878s][debug][gc,heap           ] GC(26) Heap after GC invocations=27 (full 0): garbage-first heap   total 790528K, used 135588K [0x0000000780000000, 0x0000000800000000)
[15.878s][debug][gc,heap           ] GC(26)   region size 1024K, 17 young (17408K), 17 survivors (17408K)
[15.878s][debug][gc,heap           ] GC(26)  Metaspace       used 13087K, capacity 13486K, committed 13568K, reserved 1060864K
[15.878s][debug][gc,heap           ] GC(26)   class space    used 1347K, capacity 1506K, committed 1536K, reserved 1048576K
[15.878s][info ][gc                ] GC(26) Pause Young (Concurrent Start) (G1 Humongous Allocation) 143M->132M(772M) 86.333ms
[15.878s][info ][gc,cpu            ] GC(26) User=0.32s Sys=0.01s Real=0.09s
[15.878s][info ][gc                ] GC(27) Concurrent Cycle
[15.878s][debug][gc,refine         ] Deactivated worker 0, off threshold: 18, current: 8, processed: 0
[15.878s][info ][gc,marking        ] GC(27) Concurrent Clear Claimed Marks
[15.878s][info ][gc,marking        ] GC(27) Concurrent Clear Claimed Marks 0.132ms
[15.878s][info ][gc,marking        ] GC(27) Concurrent Scan Root Regions
[15.878s][debug][gc,ergo           ] GC(27) Running G1 Root Region Scan using 1 workers for 17 work units.
[15.886s][info ][gc,marking        ] GC(27) Concurrent Scan Root Regions 8.070ms
[15.886s][info ][gc,marking        ] GC(27) Concurrent Mark (15.886s)
[15.886s][info ][gc,marking        ] GC(27) Concurrent Mark From Roots
[15.886s][info ][gc,task           ] GC(27) Using 1 workers of 1 for marking
[15.898s][debug][gc,stats          ] ---------------------------------------------------------------------
[15.898s][debug][gc,stats          ] Marking Stats, task = 0, calls = 2
[15.898s][debug][gc,stats          ]   Elapsed time = 11.42ms, Termination time = 0.00ms
[15.898s][debug][gc,stats          ]   Step Times (cum): num = 113, avg = 0.70ms, sd = 2.29ms max = 9.74ms, total = 79.37ms
[15.898s][debug][gc,stats          ]   Mark Stats Cache: hits 206582 misses 27 ratio 99.987
[15.898s][debug][gc,stats          ] ---------------------------------------------------------------------
[15.898s][info ][gc,marking        ] GC(27) Concurrent Mark From Roots 11.555ms
[15.898s][info ][gc,marking        ] GC(27) Concurrent Preclean
[15.898s][debug][gc,ref,start      ] GC(27) Preclean SoftReferences
[15.898s][debug][gc,ref            ] GC(27) Preclean SoftReferences 0.011ms
[15.898s][debug][gc,ref,start      ] GC(27) Preclean WeakReferences
[15.898s][debug][gc,ref            ] GC(27) Preclean WeakReferences 0.013ms
[15.898s][debug][gc,ref,start      ] GC(27) Preclean FinalReferences
[15.898s][debug][gc,ref            ] GC(27) Preclean FinalReferences 0.007ms
[15.898s][debug][gc,ref,start      ] GC(27) Preclean PhantomReferences
[15.898s][debug][gc,ref            ] GC(27) Preclean PhantomReferences 0.007ms
[15.898s][info ][gc,marking        ] GC(27) Concurrent Preclean 0.071ms
[15.898s][info ][gc,marking        ] GC(27) Concurrent Mark (15.886s, 15.898s) 11.659ms
[15.898s][info ][gc,start          ] GC(27) Pause Remark
[15.898s][debug][gc,phases,start   ] GC(27) Finalize Marking
[15.898s][debug][gc,stats          ] ---------------------------------------------------------------------
[15.898s][debug][gc,stats          ] Marking Stats, task = 0, calls = 19
[15.898s][debug][gc,stats          ]   Elapsed time = 0.06ms, Termination time = 0.01ms
[15.898s][debug][gc,stats          ]   Step Times (cum): num = 130, avg = 0.61ms, sd = 2.15ms max = 9.74ms, total = 79.41ms
[15.898s][debug][gc,stats          ]   Mark Stats Cache: hits 207264 misses 27 ratio 99.987
[15.898s][debug][gc,stats          ] ---------------------------------------------------------------------
[15.898s][debug][gc,stats          ] Marking Stats, task = 1, calls = 2
[15.898s][debug][gc,stats          ]   Elapsed time = 0.05ms, Termination time = 0.01ms
[15.898s][debug][gc,stats          ]   Step Times (cum): num = 8, avg = 0.23ms, sd = 0.22ms max = 0.57ms, total = 1.85ms
[15.898s][debug][gc,stats          ]   Mark Stats Cache: hits 267 misses 4 ratio 98.524
[15.898s][debug][gc,stats          ] ---------------------------------------------------------------------
[15.898s][debug][gc,stats          ] Marking Stats, task = 2, calls = 1
[15.898s][debug][gc,stats          ]   Elapsed time = 0.02ms, Termination time = 0.01ms
[15.898s][debug][gc,stats          ]   Step Times (cum): num = 7, avg = 0.23ms, sd = 0.21ms max = 0.52ms, total = 1.61ms
[15.898s][debug][gc,stats          ]   Mark Stats Cache: hits 89 misses 4 ratio 95.699
[15.898s][debug][gc,stats          ] ---------------------------------------------------------------------
[15.898s][debug][gc,stats          ] Marking Stats, task = 3, calls = 1
[15.898s][debug][gc,stats          ]   Elapsed time = 0.02ms, Termination time = 0.00ms
[15.898s][debug][gc,stats          ]   Step Times (cum): num = 5, avg = 0.00ms, sd = 0.01ms max = 0.02ms, total = 0.02ms
[15.898s][debug][gc,stats          ]   Mark Stats Cache: hits 38 misses 3 ratio 92.683
[15.898s][debug][gc,stats          ] ---------------------------------------------------------------------
[15.898s][debug][gc,phases         ] GC(27) Finalize Marking 0.213ms
[15.898s][debug][gc,phases,start   ] GC(27) Reference Processing
[15.898s][debug][gc,ref            ] GC(27) Skipped phase1 of Reference Processing due to unavailable references
[15.898s][debug][gc,ref            ] GC(27) Skipped phase2 of Reference Processing due to unavailable references
[15.898s][debug][gc,ref            ] GC(27) Skipped phase3 of Reference Processing due to unavailable references
[15.898s][debug][gc,ref            ] GC(27) Skipped phase4 of Reference Processing due to unavailable references
[15.898s][debug][gc,phases,ref     ] GC(27) Reference Processing: 0.0ms
[15.898s][debug][gc,phases,ref     ] GC(27)   Reconsider SoftReferences: 0.0ms
[15.898s][debug][gc,phases,ref     ] GC(27)     SoftRef (ms):             skipped
[15.898s][debug][gc,phases,ref     ] GC(27)   Notify Soft/WeakReferences: 0.0ms
[15.898s][debug][gc,phases,ref     ] GC(27)     SoftRef (ms):             skipped
[15.898s][debug][gc,phases,ref     ] GC(27)     WeakRef (ms):             skipped
[15.898s][debug][gc,phases,ref     ] GC(27)     FinalRef (ms):            skipped
[15.898s][debug][gc,phases,ref     ] GC(27)     Total (ms):               skipped
[15.898s][debug][gc,phases,ref     ] GC(27)   Notify and keep alive finalizable: 0.0ms
[15.898s][debug][gc,phases,ref     ] GC(27)     FinalRef (ms):            skipped
[15.898s][debug][gc,phases,ref     ] GC(27)   Notify PhantomReferences: 0.0ms
[15.898s][debug][gc,phases,ref     ] GC(27)     PhantomRef (ms):          skipped
[15.898s][debug][gc,phases,ref     ] GC(27)   SoftReference:
[15.898s][debug][gc,phases,ref     ] GC(27)     Discovered: 0
[15.899s][debug][gc,phases,ref     ] GC(27)     Cleared: 0
[15.899s][debug][gc,phases,ref     ] GC(27)   WeakReference:
[15.899s][debug][gc,phases,ref     ] GC(27)     Discovered: 0
[15.899s][debug][gc,phases,ref     ] GC(27)     Cleared: 0
[15.899s][debug][gc,phases,ref     ] GC(27)   FinalReference:
[15.899s][debug][gc,phases,ref     ] GC(27)     Discovered: 0
[15.899s][debug][gc,phases,ref     ] GC(27)     Cleared: 0
[15.899s][debug][gc,phases,ref     ] GC(27)   PhantomReference:
[15.899s][debug][gc,phases,ref     ] GC(27)     Discovered: 0
[15.899s][debug][gc,phases,ref     ] GC(27)     Cleared: 0
[15.899s][debug][gc,phases         ] GC(27) Reference Processing 0.172ms
[15.899s][debug][gc,phases,start   ] GC(27) Weak Processing
[15.899s][debug][gc,phases         ] GC(27) Weak Processing 0.019ms
[15.899s][debug][gc,phases,start   ] GC(27) Class Unloading
[15.899s][debug][gc,phases,start   ] GC(27) ClassLoaderData
[15.899s][debug][gc,phases         ] GC(27) ClassLoaderData 0.048ms
[15.899s][debug][gc,phases,start   ] GC(27) ProtectionDomainCacheTable
[15.899s][debug][gc,phases         ] GC(27) ProtectionDomainCacheTable 0.007ms
[15.899s][info ][gc,stringtable    ] GC(27) Cleaned string and symbol table, strings: 6106 processed, 0 removed, symbols: 45215 processed, 0 removed
[15.900s][debug][gc,phases         ] GC(27) Class Unloading 0.944ms
[15.900s][debug][gc,phases,start   ] GC(27) Flush Task Caches
[15.900s][debug][gc,stats          ] Mark stats cache hits 207658 misses 38 ratio 99.982
[15.900s][debug][gc,phases         ] GC(27) Flush Task Caches 0.021ms
[15.900s][debug][gc,phases,start   ] GC(27) Update Remembered Set Tracking Before Rebuild
[15.900s][debug][gc,ergo           ] GC(27) Running G1 Update RemSet Tracking Before Rebuild using 3 workers for 772 regions in heap
[15.900s][debug][gc,remset,tracking] GC(27) Remembered Set Tracking update regions total 772, selected 28
[15.900s][debug][gc,phases         ] GC(27) Update Remembered Set Tracking Before Rebuild 0.113ms
[15.900s][debug][gc,phases,start   ] GC(27) Reclaim Empty Regions
[15.900s][debug][gc                ] GC(27) Reclaimed 87 empty regions
[15.900s][debug][gc,phases         ] GC(27) Reclaim Empty Regions 0.090ms
[15.900s][debug][gc,phases,start   ] GC(27) Purge Metaspace
[15.900s][debug][gc,phases         ] GC(27) Purge Metaspace 0.007ms
[15.900s][debug][gc,phases,start   ] GC(27) Report Object Count
[15.900s][debug][gc,phases         ] GC(27) Report Object Count 0.011ms
[15.900s][info ][gc                ] GC(27) Pause Remark 134M->48M(772M) 1.691ms
[15.900s][info ][gc,cpu            ] GC(27) User=0.00s Sys=0.00s Real=0.00s
[15.900s][info ][gc,marking        ] GC(27) Concurrent Rebuild Remembered Sets
[15.908s][info ][gc,marking        ] GC(27) Concurrent Rebuild Remembered Sets 7.652ms
[15.908s][info ][gc,start          ] GC(27) Pause Cleanup
[15.908s][debug][gc,phases,start   ] GC(27) Update Remembered Set Tracking After Rebuild
[15.908s][debug][gc,phases         ] GC(27) Update Remembered Set Tracking After Rebuild 0.023ms
[15.908s][debug][gc,phases,start   ] GC(27) Finalize Concurrent Mark Cleanup
[15.908s][debug][gc,ergo           ] GC(27) request young-only gcs (reclaimable percentage not over threshold). candidate old regions: 27 reclaimable: 22846144 (2.82) threshold: 5
[15.908s][debug][gc,phases         ] GC(27) Finalize Concurrent Mark Cleanup 0.085ms
[15.908s][info ][gc                ] GC(27) Pause Cleanup 48M->48M(772M) 0.141ms
[15.908s][info ][gc,cpu            ] GC(27) User=0.00s Sys=0.00s Real=0.00s
[15.908s][info ][gc,marking        ] GC(27) Concurrent Cleanup for Next Mark
[15.908s][debug][gc,ergo           ] GC(27) Running G1 Clear Bitmap with 1 workers for 13 work units.
[15.911s][info ][gc,marking        ] GC(27) Concurrent Cleanup for Next Mark 3.325ms
[15.911s][info ][gc                ] GC(27) Concurrent Cycle 33.128ms
[15.988s][debug][gc,ergo,ihop      ] Request concurrent cycle initiation (occupancy higher than threshold) occupancy: 32505856B allocation request: 524304B threshold: 31686194B (3.91) source: concurrent humongous allocation
[15.989s][debug][gc,ergo           ] Request concurrent cycle initiation (requested by GC cause). GC cause: G1 Humongous Allocation
[15.989s][debug][gc,heap           ] GC(28) Heap before GC invocations=28 (full 0): garbage-first heap   total 790528K, used 54272K [0x0000000780000000, 0x0000000800000000)
[15.989s][debug][gc,heap           ] GC(28)   region size 1024K, 23 young (23552K), 17 survivors (17408K)
[15.989s][debug][gc,heap           ] GC(28)  Metaspace       used 13087K, capacity 13486K, committed 13568K, reserved 1060864K
[15.989s][debug][gc,heap           ] GC(28)   class space    used 1347K, capacity 1506K, committed 1536K, reserved 1048576K
[15.989s][debug][gc,ergo           ] GC(28) Initiate concurrent cycle (concurrent cycle initiation requested)
[15.989s][info ][gc,start          ] GC(28) Pause Young (Concurrent Start) (G1 Humongous Allocation)
[15.989s][info ][gc,task           ] GC(28) Using 4 workers of 4 for evacuation
[15.989s][debug][gc,tlab           ] GC(28) TLAB totals: thrds: 1  refills: 16 max: 16 slow allocs: 2 max 2 waste:  8.1% gc: 475040B max: 475040B slow: 13872B max: 13872B fast: 0B max: 0B
[15.989s][debug][gc,alloc,region   ] GC(28) Mutator Allocation stats, regions: 6, wasted size: 0B ( 0.0%)
[15.989s][debug][gc,age            ] GC(28) Desired survivor size 10485760 bytes, new threshold 1 (max threshold 15)
[15.989s][debug][gc,ergo,cset      ] GC(28) Finish choosing CSet. old: 0 regions, predicted old region time: 0.00ms, time remaining: 172.43
[15.989s][debug][gc,task,stats     ] GC(28) GC Termination Stats
[15.989s][debug][gc,task,stats     ] GC(28)      elapsed  --strong roots-- -------termination------- ------waste (KiB)------
[15.989s][debug][gc,task,stats     ] GC(28) thr     ms        ms      %        ms      %    attempts  total   alloc    undo
[15.989s][debug][gc,task,stats     ] GC(28) --- --------- --------- ------ --------- ------ -------- ------- ------- -------
[16.007s][debug][gc,task,stats     ] GC(28)   2     17.30      9.26  53.56      0.01   0.06        4       0       0       0
[16.007s][debug][gc,task,stats     ] GC(28)   1     17.41      4.80  27.55      0.02   0.13        6       0       0       0
[16.007s][debug][gc,task,stats     ] GC(28)   0     17.45     16.16  92.62      0.01   0.07        7       0       0       0
[16.007s][debug][gc,task,stats     ] GC(28)   3     17.47     11.27  64.51      0.02   0.09        5       0       0       0
[16.007s][debug][gc,ergo           ] GC(28) Running G1 Clear Card Table Task using 1 workers for 1 units of work for 31 regions.
[16.007s][debug][gc,ref            ] GC(28) Skipped phase1 of Reference Processing due to unavailable references
[16.007s][debug][gc,ref            ] GC(28) Skipped phase2 of Reference Processing due to unavailable references
[16.007s][debug][gc,ref            ] GC(28) Skipped phase3 of Reference Processing due to unavailable references
[16.007s][debug][gc,ref            ] GC(28) Skipped phase4 of Reference Processing due to unavailable references
[16.007s][debug][gc,ergo           ] GC(28) Running G1 Free Collection Set using 1 workers for collection set length 23
[16.008s][debug][gc,humongous      ] GC(28) Live humongous region 32 object size 524304 start 0x0000000782000000  with remset 0 code roots 0 is marked 0 reclaim candidate 0 type array 0
[16.008s][debug][gc,humongous      ] GC(28) Live humongous region 111 object size 1048592 start 0x0000000786f00000  with remset 0 code roots 0 is marked 0 reclaim candidate 0 type array 0
[16.008s][debug][gc,plab           ] GC(28) Young PLAB allocation: allocated: 6815744B, wasted: 224B, unused: 1275248B, used: 5540272B, undo waste: 0B, 
[16.008s][debug][gc,plab           ] GC(28) Young other allocation: region end waste: 0B, regions filled: 7, direct allocated: 0B, failure used: 0B, failure wasted: 0B
[16.008s][debug][gc,plab           ] GC(28) Young sizing: calculated: 1108048B, actual: 1626288B
[16.008s][debug][gc,plab           ] GC(28) Old PLAB allocation: allocated: 7340032B, wasted: 272B, unused: 962472B, used: 6377288B, undo waste: 0B, 
[16.008s][debug][gc,plab           ] GC(28) Old other allocation: region end waste: 0B, regions filled: 7, direct allocated: 0B, failure used: 0B, failure wasted: 0B
[16.008s][debug][gc,plab           ] GC(28) Old sizing: calculated: 1275456B, actual: 3841912B
[16.008s][debug][gc,alloc,stats    ] Old generation allocation in the last mutator period, old gen allocated: 7340032B, humongous allocated: 2097152B,old gen growth: 7340032B.
[16.008s][debug][gc,ihop           ] GC(28) Basic information (value update), threshold: 36373006B (4.49), target occupancy: 809500672B, current occupancy: 46661632B, recent allocation size: 9437184B, recent allocation duration: 109.79ms, recent old gen allocation rate: 85959718.77B/s, recent marking phase length: 232.15ms
[16.008s][debug][gc,ihop           ] GC(28) Adaptive IHOP information (value update), threshold: 36373006B (4.73), internal target occupancy: 769025638B, occupancy: 46661632B, additional buffer size: 175112192B, predicted old gen allocation rate: 1570644170.28B/s, predicted marking phase length: 354.98ms, prediction active: true
[16.008s][debug][gc,ergo,refine    ] GC(28) Updated Refinement Zones: green: 18, yellow: 54, red: 90
[16.008s][info ][gc,phases         ] GC(28)   Pre Evacuate Collection Set: 0.1ms
[16.008s][debug][gc,phases         ] GC(28)     Prepare TLABs: 0.0ms
[16.008s][debug][gc,phases         ] GC(28)     Choose Collection Set: 0.1ms
[16.008s][debug][gc,phases         ] GC(28)     Humongous Register: 0.0ms
[16.008s][debug][gc,phases         ] GC(28)     Clear Claimed Marks: 0.0ms
[16.008s][info ][gc,phases         ] GC(28)   Evacuate Collection Set: 17.7ms
[16.008s][debug][gc,phases         ] GC(28)     Ext Root Scanning (ms):   Min:  0.5, Avg:  0.6, Max:  0.9, Diff:  0.4, Sum:  2.3, Workers: 4
[16.008s][debug][gc,phases         ] GC(28)     Update RS (ms):           Min:  0.8, Avg:  1.2, Max:  2.5, Diff:  1.7, Sum:  4.9, Workers: 4
[16.008s][debug][gc,phases         ] GC(28)       Processed Buffers:        Min: 3, Avg:  4.5, Max: 7, Diff: 4, Sum: 18, Workers: 4
[16.008s][debug][gc,phases         ] GC(28)       Scanned Cards:            Min: 380, Avg: 641.0, Max: 1309, Diff: 929, Sum: 2564, Workers: 4
[16.008s][debug][gc,phases         ] GC(28)       Skipped Cards:            Min: 0, Avg: 216.0, Max: 339, Diff: 339, Sum: 864, Workers: 4
[16.008s][debug][gc,phases         ] GC(28)     Scan RS (ms):             Min:  0.0, Avg:  0.1, Max:  0.3, Diff:  0.3, Sum:  0.3, Workers: 4
[16.008s][debug][gc,phases         ] GC(28)       Scanned Cards:            Min: 0, Avg: 37.5, Max: 150, Diff: 150, Sum: 150, Workers: 4
[16.008s][debug][gc,phases         ] GC(28)       Claimed Cards:            Min: 0, Avg: 129.0, Max: 516, Diff: 516, Sum: 516, Workers: 4
[16.008s][debug][gc,phases         ] GC(28)       Skipped Cards:            Min: 0, Avg:  0.0, Max: 0, Diff: 0, Sum: 0, Workers: 4
[16.008s][debug][gc,phases         ] GC(28)     Code Root Scanning (ms):  Min:  0.0, Avg:  0.0, Max:  0.0, Diff:  0.0, Sum:  0.0, Workers: 4
[16.008s][debug][gc,phases         ] GC(28)     JVMCI Root Scan (ms):     skipped
[16.008s][debug][gc,phases         ] GC(28)     Object Copy (ms):         Min: 13.5, Avg: 15.4, Max: 16.0, Diff:  2.5, Sum: 61.4, Workers: 4
[16.008s][debug][gc,phases         ] GC(28)     Termination (ms):         Min:  0.0, Avg:  0.0, Max:  0.0, Diff:  0.0, Sum:  0.1, Workers: 4
[16.008s][debug][gc,phases         ] GC(28)       Termination Attempts:     Min: 4, Avg:  5.5, Max: 7, Diff: 3, Sum: 22, Workers: 4
[16.008s][debug][gc,phases         ] GC(28)     GC Worker Other (ms):     Min:  0.1, Avg:  0.2, Max:  0.2, Diff:  0.1, Sum:  0.7, Workers: 4
[16.008s][debug][gc,phases         ] GC(28)     GC Worker Total (ms):     Min: 17.4, Avg: 17.5, Max: 17.5, Diff:  0.1, Sum: 69.8, Workers: 4
[16.008s][info ][gc,phases         ] GC(28)   Post Evacuate Collection Set: 0.6ms
[16.008s][debug][gc,phases         ] GC(28)     Code Roots Fixup: 0.0ms
[16.008s][debug][gc,phases         ] GC(28)     Clear Card Table: 0.0ms
[16.008s][debug][gc,phases         ] GC(28)     Reference Processing: 0.1ms
[16.008s][debug][gc,phases,ref     ] GC(28)       Reconsider SoftReferences: 0.0ms
[16.008s][debug][gc,phases,ref     ] GC(28)         SoftRef (ms):             skipped
[16.008s][debug][gc,phases,ref     ] GC(28)       Notify Soft/WeakReferences: 0.0ms
[16.008s][debug][gc,phases,ref     ] GC(28)         SoftRef (ms):             skipped
[16.008s][debug][gc,phases,ref     ] GC(28)         WeakRef (ms):             skipped
[16.008s][debug][gc,phases,ref     ] GC(28)         FinalRef (ms):            skipped
[16.008s][debug][gc,phases,ref     ] GC(28)         Total (ms):               skipped
[16.008s][debug][gc,phases,ref     ] GC(28)       Notify and keep alive finalizable: 0.0ms
[16.008s][debug][gc,phases,ref     ] GC(28)         FinalRef (ms):            skipped
[16.008s][debug][gc,phases,ref     ] GC(28)       Notify PhantomReferences: 0.0ms
[16.008s][debug][gc,phases,ref     ] GC(28)         PhantomRef (ms):          skipped
[16.008s][debug][gc,phases,ref     ] GC(28)       SoftReference:
[16.008s][debug][gc,phases,ref     ] GC(28)         Discovered: 0
[16.008s][debug][gc,phases,ref     ] GC(28)         Cleared: 0
[16.008s][debug][gc,phases,ref     ] GC(28)       WeakReference:
[16.008s][debug][gc,phases,ref     ] GC(28)         Discovered: 0
[16.008s][debug][gc,phases,ref     ] GC(28)         Cleared: 0
[16.008s][debug][gc,phases,ref     ] GC(28)       FinalReference:
[16.008s][debug][gc,phases,ref     ] GC(28)         Discovered: 0
[16.008s][debug][gc,phases,ref     ] GC(28)         Cleared: 0
[16.008s][debug][gc,phases,ref     ] GC(28)       PhantomReference:
[16.008s][debug][gc,phases,ref     ] GC(28)         Discovered: 0
[16.008s][debug][gc,phases,ref     ] GC(28)         Cleared: 0
[16.008s][debug][gc,phases         ] GC(28)     Weak Processing: 0.0ms
[16.008s][debug][gc,phases         ] GC(28)     Merge Per-Thread State: 0.0ms
[16.008s][debug][gc,phases         ] GC(28)     Code Roots Purge: 0.0ms
[16.008s][debug][gc,phases         ] GC(28)     Redirty Cards: 0.1ms
[16.009s][debug][gc,phases         ] GC(28)     DerivedPointerTable Update: 0.0ms
[16.009s][debug][gc,phases         ] GC(28)     Free Collection Set: 0.2ms
[16.009s][debug][gc,phases         ] GC(28)     Humongous Reclaim: 0.1ms
[16.009s][debug][gc,phases         ] GC(28)     Start New Collection Set: 0.0ms
[16.009s][debug][gc,phases         ] GC(28)     Resize TLABs: 0.0ms
[16.009s][debug][gc,phases         ] GC(28)     Expand Heap After Collection: 0.0ms
[16.009s][info ][gc,phases         ] GC(28)   Other: 0.7ms
[16.009s][info ][gc,heap           ] GC(28) Eden regions: 6->0(160)
[16.009s][info ][gc,heap           ] GC(28) Survivor regions: 17->7(20)
[16.009s][info ][gc,heap           ] GC(28) Old regions: 28->35
[16.009s][info ][gc,heap           ] GC(28) Humongous regions: 3->3
[16.009s][info ][gc,metaspace      ] GC(28) Metaspace: 13087K->13087K(1060864K)
[16.009s][debug][gc,heap           ] GC(28) Heap after GC invocations=29 (full 0): garbage-first heap   total 790528K, used 45568K [0x0000000780000000, 0x0000000800000000)
[16.009s][debug][gc,heap           ] GC(28)   region size 1024K, 7 young (7168K), 7 survivors (7168K)
[16.009s][debug][gc,heap           ] GC(28)  Metaspace       used 13087K, capacity 13486K, committed 13568K, reserved 1060864K
[16.009s][debug][gc,heap           ] GC(28)   class space    used 1347K, capacity 1506K, committed 1536K, reserved 1048576K
[16.009s][info ][gc                ] GC(28) Pause Young (Concurrent Start) (G1 Humongous Allocation) 54M->44M(772M) 20.179ms
[16.009s][info ][gc,cpu            ] GC(28) User=0.06s Sys=0.01s Real=0.02s
[16.009s][info ][gc                ] GC(29) Concurrent Cycle
[16.009s][info ][gc,marking        ] GC(29) Concurrent Clear Claimed Marks
[16.009s][info ][gc,marking        ] GC(29) Concurrent Clear Claimed Marks 0.096ms
[16.009s][info ][gc,marking        ] GC(29) Concurrent Scan Root Regions
[16.009s][debug][gc,ergo           ] GC(29) Running G1 Root Region Scan using 1 workers for 7 work units.
[16.013s][info ][gc,marking        ] GC(29) Concurrent Scan Root Regions 3.300ms
[16.013s][info ][gc,marking        ] GC(29) Concurrent Mark (16.013s)
[16.013s][info ][gc,marking        ] GC(29) Concurrent Mark From Roots
[16.013s][info ][gc,task           ] GC(29) Using 1 workers of 1 for marking
[16.021s][debug][gc,stats          ] ---------------------------------------------------------------------
[16.021s][debug][gc,stats          ] Marking Stats, task = 0, calls = 1
[16.021s][debug][gc,stats          ]   Elapsed time = 8.49ms, Termination time = 0.00ms
[16.021s][debug][gc,stats          ]   Step Times (cum): num = 131, avg = 0.67ms, sd = 2.25ms max = 9.74ms, total = 87.91ms
[16.021s][debug][gc,stats          ]   Mark Stats Cache: hits 57171 misses 18 ratio 99.969
[16.021s][debug][gc,stats          ] ---------------------------------------------------------------------
[16.021s][info ][gc,marking        ] GC(29) Concurrent Mark From Roots 8.672ms
[16.021s][info ][gc,marking        ] GC(29) Concurrent Preclean
[16.021s][debug][gc,ref,start      ] GC(29) Preclean SoftReferences
[16.021s][debug][gc,ref            ] GC(29) Preclean SoftReferences 0.017ms
[16.021s][debug][gc,ref,start      ] GC(29) Preclean WeakReferences
[16.021s][debug][gc,ref            ] GC(29) Preclean WeakReferences 0.019ms
[16.021s][debug][gc,ref,start      ] GC(29) Preclean FinalReferences
[16.021s][debug][gc,ref            ] GC(29) Preclean FinalReferences 0.013ms
[16.021s][debug][gc,ref,start      ] GC(29) Preclean PhantomReferences
[16.021s][debug][gc,ref            ] GC(29) Preclean PhantomReferences 0.013ms
[16.021s][info ][gc,marking        ] GC(29) Concurrent Preclean 0.118ms
[16.021s][info ][gc,marking        ] GC(29) Concurrent Mark (16.013s, 16.021s) 8.825ms
[16.022s][info ][gc,start          ] GC(29) Pause Remark
[16.022s][debug][gc,phases,start   ] GC(29) Finalize Marking
[16.022s][debug][gc,stats          ] ---------------------------------------------------------------------
[16.022s][debug][gc,stats          ] Marking Stats, task = 0, calls = 18
[16.022s][debug][gc,stats          ]   Elapsed time = 0.02ms, Termination time = 0.00ms
[16.022s][debug][gc,stats          ]   Step Times (cum): num = 148, avg = 0.59ms, sd = 2.13ms max = 9.74ms, total = 87.92ms
[16.022s][debug][gc,stats          ]   Mark Stats Cache: hits 57171 misses 18 ratio 99.969
[16.022s][debug][gc,stats          ] ---------------------------------------------------------------------
[16.022s][debug][gc,stats          ] Marking Stats, task = 1, calls = 1
[16.022s][debug][gc,stats          ]   Elapsed time = 0.02ms, Termination time = 0.00ms
[16.022s][debug][gc,stats          ]   Step Times (cum): num = 9, avg = 0.21ms, sd = 0.22ms max = 0.57ms, total = 1.85ms
[16.022s][debug][gc,stats          ]   Mark Stats Cache: hits 70 misses 3 ratio 95.890
[16.022s][debug][gc,stats          ] ---------------------------------------------------------------------
[16.022s][debug][gc,stats          ] Marking Stats, task = 2, calls = 1
[16.022s][debug][gc,stats          ]   Elapsed time = 0.02ms, Termination time = 0.00ms
[16.022s][debug][gc,stats          ]   Step Times (cum): num = 8, avg = 0.20ms, sd = 0.21ms max = 0.52ms, total = 1.61ms
[16.022s][debug][gc,stats          ]   Mark Stats Cache: hits 2770 misses 6 ratio 99.784
[16.022s][debug][gc,stats          ] ---------------------------------------------------------------------
[16.022s][debug][gc,stats          ] Marking Stats, task = 3, calls = 1
[16.022s][debug][gc,stats          ]   Elapsed time = 0.02ms, Termination time = 0.00ms
[16.022s][debug][gc,stats          ]   Step Times (cum): num = 6, avg = 0.00ms, sd = 0.01ms max = 0.02ms, total = 0.03ms
[16.022s][debug][gc,stats          ]   Mark Stats Cache: hits 90 misses 4 ratio 95.745
[16.022s][debug][gc,stats          ] ---------------------------------------------------------------------
[16.022s][debug][gc,phases         ] GC(29) Finalize Marking 0.338ms
[16.022s][debug][gc,phases,start   ] GC(29) Reference Processing
[16.022s][debug][gc,ref            ] GC(29) Skipped phase1 of Reference Processing due to unavailable references
[16.022s][debug][gc,ref            ] GC(29) Skipped phase2 of Reference Processing due to unavailable references
[16.022s][debug][gc,ref            ] GC(29) Skipped phase3 of Reference Processing due to unavailable references
[16.022s][debug][gc,ref            ] GC(29) Skipped phase4 of Reference Processing due to unavailable references
[16.022s][debug][gc,phases,ref     ] GC(29) Reference Processing: 0.1ms
[16.022s][debug][gc,phases,ref     ] GC(29)   Reconsider SoftReferences: 0.0ms
[16.022s][debug][gc,phases,ref     ] GC(29)     SoftRef (ms):             skipped
[16.022s][debug][gc,phases,ref     ] GC(29)   Notify Soft/WeakReferences: 0.0ms
[16.022s][debug][gc,phases,ref     ] GC(29)     SoftRef (ms):             skipped
[16.022s][debug][gc,phases,ref     ] GC(29)     WeakRef (ms):             skipped
[16.022s][debug][gc,phases,ref     ] GC(29)     FinalRef (ms):            skipped
[16.022s][debug][gc,phases,ref     ] GC(29)     Total (ms):               skipped
[16.022s][debug][gc,phases,ref     ] GC(29)   Notify and keep alive finalizable: 0.0ms
[16.022s][debug][gc,phases,ref     ] GC(29)     FinalRef (ms):            skipped
[16.022s][debug][gc,phases,ref     ] GC(29)   Notify PhantomReferences: 0.0ms
[16.022s][debug][gc,phases,ref     ] GC(29)     PhantomRef (ms):          skipped
[16.022s][debug][gc,phases,ref     ] GC(29)   SoftReference:
[16.022s][debug][gc,phases,ref     ] GC(29)     Discovered: 0
[16.022s][debug][gc,phases,ref     ] GC(29)     Cleared: 0
[16.022s][debug][gc,phases,ref     ] GC(29)   WeakReference:
[16.022s][debug][gc,phases,ref     ] GC(29)     Discovered: 0
[16.022s][debug][gc,phases,ref     ] GC(29)     Cleared: 0
[16.022s][debug][gc,phases,ref     ] GC(29)   FinalReference:
[16.022s][debug][gc,phases,ref     ] GC(29)     Discovered: 0
[16.022s][debug][gc,phases,ref     ] GC(29)     Cleared: 0
[16.022s][debug][gc,phases,ref     ] GC(29)   PhantomReference:
[16.022s][debug][gc,phases,ref     ] GC(29)     Discovered: 0
[16.022s][debug][gc,phases,ref     ] GC(29)     Cleared: 0
[16.022s][debug][gc,phases         ] GC(29) Reference Processing 0.382ms
[16.022s][debug][gc,phases,start   ] GC(29) Weak Processing
[16.022s][debug][gc,phases         ] GC(29) Weak Processing 0.032ms
[16.022s][debug][gc,phases,start   ] GC(29) Class Unloading
[16.022s][debug][gc,phases,start   ] GC(29) ClassLoaderData
[16.023s][debug][gc,phases         ] GC(29) ClassLoaderData 0.092ms
[16.023s][debug][gc,phases,start   ] GC(29) ProtectionDomainCacheTable
[16.023s][debug][gc,phases         ] GC(29) ProtectionDomainCacheTable 0.016ms
[16.024s][info ][gc,stringtable    ] GC(29) Cleaned string and symbol table, strings: 6106 processed, 0 removed, symbols: 45215 processed, 0 removed
[16.024s][debug][gc,phases         ] GC(29) Class Unloading 1.756ms
[16.024s][debug][gc,phases,start   ] GC(29) Flush Task Caches
[16.024s][debug][gc,stats          ] Mark stats cache hits 60101 misses 31 ratio 99.948
[16.024s][debug][gc,phases         ] GC(29) Flush Task Caches 0.092ms
[16.024s][debug][gc,phases,start   ] GC(29) Update Remembered Set Tracking Before Rebuild
[16.024s][debug][gc,ergo           ] GC(29) Running G1 Update RemSet Tracking Before Rebuild using 3 workers for 772 regions in heap
[16.025s][debug][gc,remset,tracking] GC(29) Remembered Set Tracking update regions total 772, selected 21
[16.025s][debug][gc,phases         ] GC(29) Update Remembered Set Tracking Before Rebuild 0.206ms
[16.025s][debug][gc,phases,start   ] GC(29) Reclaim Empty Regions
[16.025s][debug][gc                ] GC(29) Reclaimed 17 empty regions
[16.025s][debug][gc,phases         ] GC(29) Reclaim Empty Regions 0.117ms
[16.025s][debug][gc,phases,start   ] GC(29) Purge Metaspace
[16.025s][debug][gc,phases         ] GC(29) Purge Metaspace 0.011ms
[16.025s][debug][gc,phases,start   ] GC(29) Report Object Count
[16.025s][debug][gc,phases         ] GC(29) Report Object Count 0.011ms
[16.025s][info ][gc                ] GC(29) Pause Remark 53M->36M(772M) 3.129ms
[16.025s][info ][gc,cpu            ] GC(29) User=0.00s Sys=0.00s Real=0.01s
[16.025s][info ][gc,marking        ] GC(29) Concurrent Rebuild Remembered Sets
[16.033s][info ][gc,marking        ] GC(29) Concurrent Rebuild Remembered Sets 7.707ms
[16.033s][info ][gc,start          ] GC(29) Pause Cleanup
[16.033s][debug][gc,phases,start   ] GC(29) Update Remembered Set Tracking After Rebuild
[16.033s][debug][gc,phases         ] GC(29) Update Remembered Set Tracking After Rebuild 0.043ms
[16.033s][debug][gc,phases,start   ] GC(29) Finalize Concurrent Mark Cleanup
[16.033s][debug][gc,ergo           ] GC(29) request young-only gcs (reclaimable percentage not over threshold). candidate old regions: 20 reclaimable: 19342608 (2.39) threshold: 5
[16.033s][debug][gc,phases         ] GC(29) Finalize Concurrent Mark Cleanup 0.145ms
[16.033s][info ][gc                ] GC(29) Pause Cleanup 36M->36M(772M) 0.266ms
[16.033s][info ][gc,cpu            ] GC(29) User=0.00s Sys=0.00s Real=0.00s
[16.033s][info ][gc,marking        ] GC(29) Concurrent Cleanup for Next Mark
[16.033s][debug][gc,ergo           ] GC(29) Running G1 Clear Bitmap with 1 workers for 13 work units.
[16.035s][info ][gc,marking        ] GC(29) Concurrent Cleanup for Next Mark 1.546ms
[16.035s][info ][gc                ] GC(29) Concurrent Cycle 25.593ms
[16.127s][debug][gc,refine         ] Activated worker 0, on threshold: 20, current: 20
[16.127s][debug][gc,refine         ] Deactivated worker 0, off threshold: 18, current: 18, processed: 2
[16.230s][debug][gc,refine         ] Activated worker 0, on threshold: 20, current: 23
[16.234s][debug][gc,refine         ] Deactivated worker 0, off threshold: 18, current: 18, processed: 5
[16.238s][debug][gc,refine         ] Activated worker 0, on threshold: 20, current: 22
[16.239s][debug][gc,refine         ] Deactivated worker 0, off threshold: 18, current: 18, processed: 4
[16.244s][debug][gc,refine         ] Activated worker 0, on threshold: 20, current: 20
[16.244s][debug][gc,refine         ] Deactivated worker 0, off threshold: 18, current: 18, processed: 2
[16.346s][debug][gc,refine         ] Activated worker 0, on threshold: 20, current: 24
[16.350s][debug][gc,refine         ] Deactivated worker 0, off threshold: 18, current: 18, processed: 6
[16.353s][debug][gc,refine         ] Activated worker 0, on threshold: 20, current: 22
[16.354s][debug][gc,refine         ] Deactivated worker 0, off threshold: 18, current: 18, processed: 4
[16.358s][debug][gc,refine         ] Activated worker 0, on threshold: 20, current: 20
[16.358s][debug][gc,refine         ] Deactivated worker 0, off threshold: 18, current: 18, processed: 2
[16.462s][debug][gc,refine         ] Activated worker 0, on threshold: 20, current: 24
[16.466s][debug][gc,refine         ] Deactivated worker 0, off threshold: 18, current: 18, processed: 6
[16.469s][debug][gc,refine         ] Activated worker 0, on threshold: 20, current: 22
[16.471s][debug][gc,refine         ] Deactivated worker 0, off threshold: 18, current: 18, processed: 4
[16.473s][debug][gc,ergo,ihop      ] Request concurrent cycle initiation (occupancy higher than threshold) occupancy: 35651584B allocation request: 1048592B threshold: 36373006B (4.49) source: concurrent humongous allocation
[16.473s][debug][gc,ergo           ] Request concurrent cycle initiation (requested by GC cause). GC cause: G1 Humongous Allocation
[16.473s][debug][gc,heap           ] GC(30) Heap before GC invocations=30 (full 0): garbage-first heap   total 790528K, used 88576K [0x0000000780000000, 0x0000000800000000)
[16.473s][debug][gc,heap           ] GC(30)   region size 1024K, 54 young (55296K), 7 survivors (7168K)
[16.473s][debug][gc,heap           ] GC(30)  Metaspace       used 13087K, capacity 13486K, committed 13568K, reserved 1060864K
[16.473s][debug][gc,heap           ] GC(30)   class space    used 1347K, capacity 1506K, committed 1536K, reserved 1048576K
[16.473s][debug][gc,ergo           ] GC(30) Initiate concurrent cycle (concurrent cycle initiation requested)
[16.473s][info ][gc,start          ] GC(30) Pause Young (Concurrent Start) (G1 Humongous Allocation)
[16.473s][info ][gc,task           ] GC(30) Using 4 workers of 4 for evacuation
[16.473s][debug][gc,tlab           ] GC(30) TLAB totals: thrds: 1  refills: 139 max: 139 slow allocs: 11 max 11 waste:  1.0% gc: 425904B max: 425904B slow: 87952B max: 87952B fast: 0B max: 0B
[16.473s][debug][gc,alloc,region   ] GC(30) Mutator Allocation stats, regions: 47, wasted size: 0B ( 0.0%)
[16.473s][debug][gc,age            ] GC(30) Desired survivor size 11010048 bytes, new threshold 15 (max threshold 15)
[16.473s][debug][gc,ergo,cset      ] GC(30) Finish choosing CSet. old: 0 regions, predicted old region time: 0.00ms, time remaining: 125.14
[16.473s][debug][gc,refine         ] Activated worker 0, on threshold: 20, current: 20
[16.473s][debug][gc,task,stats     ] GC(30) GC Termination Stats
[16.473s][debug][gc,task,stats     ] GC(30)      elapsed  --strong roots-- -------termination------- ------waste (KiB)------
[16.473s][debug][gc,task,stats     ] GC(30) thr     ms        ms      %        ms      %    attempts  total   alloc    undo
[16.473s][debug][gc,task,stats     ] GC(30) --- --------- --------- ------ --------- ------ -------- ------- ------- -------
[16.534s][debug][gc,task,stats     ] GC(30)   3     60.37     60.26  99.82      0.00   0.00        1       0       0       0
[16.534s][debug][gc,task,stats     ] GC(30)   1     60.55     59.15  97.69      0.00   0.00        1       0       0       0
[16.534s][debug][gc,task,stats     ] GC(30)   2     60.59     59.23  97.76      0.00   0.00        1       0       0       0
[16.534s][debug][gc,task,stats     ] GC(30)   0     60.69     60.40  99.53      0.00   0.00        1       0       0       0
[16.534s][debug][gc,ergo           ] GC(30) Running G1 Clear Card Table Task using 1 workers for 1 units of work for 66 regions.
[16.534s][debug][gc,ref            ] GC(30) Skipped phase1 of Reference Processing due to unavailable references
[16.534s][debug][gc,ref            ] GC(30) Skipped phase2 of Reference Processing due to unavailable references
[16.534s][debug][gc,ref            ] GC(30) Skipped phase3 of Reference Processing due to unavailable references
[16.534s][debug][gc,ref            ] GC(30) Skipped phase4 of Reference Processing due to unavailable references
[16.534s][debug][gc,ergo           ] GC(30) Running G1 Free Collection Set using 1 workers for collection set length 54
[16.535s][debug][gc,humongous      ] GC(30) Live humongous region 5 object size 524304 start 0x0000000780500000  with remset 0 code roots 0 is marked 0 reclaim candidate 0 type array 0
[16.535s][debug][gc,humongous      ] GC(30) Live humongous region 6 object size 1048592 start 0x0000000780600000  with remset 0 code roots 0 is marked 0 reclaim candidate 0 type array 0
[16.535s][debug][gc,humongous      ] GC(30) Live humongous region 8 object size 524304 start 0x0000000780800000  with remset 0 code roots 0 is marked 0 reclaim candidate 0 type array 0
[16.535s][debug][gc,humongous      ] GC(30) Live humongous region 13 object size 524304 start 0x0000000780d00000  with remset 0 code roots 0 is marked 0 reclaim candidate 0 type array 0
[16.535s][debug][gc,humongous      ] GC(30) Live humongous region 14 object size 524304 start 0x0000000780e00000  with remset 0 code roots 0 is marked 0 reclaim candidate 0 type array 0
[16.535s][debug][gc,humongous      ] GC(30) Live humongous region 15 object size 1048592 start 0x0000000780f00000  with remset 0 code roots 0 is marked 0 reclaim candidate 0 type array 0
[16.535s][debug][gc,humongous      ] GC(30) Live humongous region 17 object size 524304 start 0x0000000781100000  with remset 0 code roots 0 is marked 1 reclaim candidate 0 type array 0
[16.535s][debug][gc,humongous      ] GC(30) Live humongous region 19 object size 1048592 start 0x0000000781300000  with remset 0 code roots 0 is marked 0 reclaim candidate 0 type array 0
[16.535s][debug][gc,humongous      ] GC(30) Live humongous region 22 object size 1048592 start 0x0000000781600000  with remset 0 code roots 0 is marked 0 reclaim candidate 0 type array 0
[16.535s][debug][gc,plab           ] GC(30) Young PLAB allocation: allocated: 22020096B, wasted: 1696B, unused: 0B, used: 22018400B, undo waste: 0B, 
[16.535s][debug][gc,plab           ] GC(30) Young other allocation: region end waste: 0B, regions filled: 21, direct allocated: 0B, failure used: 0B, failure wasted: 0B
[16.536s][debug][gc,plab           ] GC(30) Young sizing: calculated: 4403680B, actual: 3709328B
[16.536s][debug][gc,plab           ] GC(30) Old PLAB allocation: allocated: 30932992B, wasted: 1368B, unused: 1176792B, used: 29754832B, undo waste: 0B, 
[16.536s][debug][gc,plab           ] GC(30) Old other allocation: region end waste: 0B, regions filled: 30, direct allocated: 0B, failure used: 0B, failure wasted: 0B
[16.536s][debug][gc,plab           ] GC(30) Old sizing: calculated: 5950960B, actual: 5423696B
[16.536s][debug][gc,alloc,stats    ] Old generation allocation in the last mutator period, old gen allocated: 30932992B, humongous allocated: 13631488B,old gen growth: 41418752B.
[16.536s][debug][gc,ihop           ] GC(30) Basic information (value update), threshold: 14879077B (1.84), target occupancy: 809500672B, current occupancy: 88604672B, recent allocation size: 44564480B, recent allocation duration: 462.18ms, recent old gen allocation rate: 96422694.47B/s, recent marking phase length: 232.15ms
[16.536s][debug][gc,ihop           ] GC(30) Adaptive IHOP information (value update), threshold: 14879077B (1.93), internal target occupancy: 769025638B, occupancy: 88604672B, additional buffer size: 213909504B, predicted old gen allocation rate: 1521898901.42B/s, predicted marking phase length: 354.98ms, prediction active: true
[16.536s][debug][gc,ergo,refine    ] GC(30) Updated Refinement Zones: green: 19, yellow: 57, red: 95
[16.536s][info ][gc,phases         ] GC(30)   Pre Evacuate Collection Set: 0.1ms
[16.536s][debug][gc,phases         ] GC(30)     Prepare TLABs: 0.0ms
[16.536s][debug][gc,phases         ] GC(30)     Choose Collection Set: 0.0ms
[16.536s][debug][gc,phases         ] GC(30)     Humongous Register: 0.0ms
[16.536s][debug][gc,phases         ] GC(30)     Clear Claimed Marks: 0.0ms
[16.536s][info ][gc,phases         ] GC(30)   Evacuate Collection Set: 60.8ms
[16.536s][debug][gc,phases         ] GC(30)     Ext Root Scanning (ms):   Min:  0.3, Avg:  0.3, Max:  0.4, Diff:  0.1, Sum:  1.4, Workers: 4
[16.536s][debug][gc,phases         ] GC(30)     Update RS (ms):           Min:  1.6, Avg:  2.0, Max:  2.5, Diff:  0.9, Sum:  7.9, Workers: 4
[16.536s][debug][gc,phases         ] GC(30)       Processed Buffers:        Min: 3, Avg:  5.0, Max: 8, Diff: 5, Sum: 20, Workers: 4
[16.536s][debug][gc,phases         ] GC(30)       Scanned Cards:            Min: 768, Avg: 1161.2, Max: 2048, Diff: 1280, Sum: 4645, Workers: 4
[16.536s][debug][gc,phases         ] GC(30)       Skipped Cards:            Min: 0, Avg:  0.0, Max: 0, Diff: 0, Sum: 0, Workers: 4
[16.536s][debug][gc,phases         ] GC(30)     Scan RS (ms):             Min:  1.0, Avg:  1.6, Max:  1.9, Diff:  0.9, Sum:  6.2, Workers: 4
[16.536s][debug][gc,phases         ] GC(30)       Scanned Cards:            Min: 432, Avg: 586.5, Max: 732, Diff: 300, Sum: 2346, Workers: 4
[16.536s][debug][gc,phases         ] GC(30)       Claimed Cards:            Min: 442, Avg: 674.8, Max: 1062, Diff: 620, Sum: 2699, Workers: 4
[16.536s][debug][gc,phases         ] GC(30)       Skipped Cards:            Min: 110, Avg: 502.0, Max: 680, Diff: 570, Sum: 2008, Workers: 4
[16.536s][debug][gc,phases         ] GC(30)     Code Root Scanning (ms):  Min:  0.0, Avg:  0.0, Max:  0.0, Diff:  0.0, Sum:  0.0, Workers: 4
[16.536s][debug][gc,phases         ] GC(30)     JVMCI Root Scan (ms):     skipped
[16.536s][debug][gc,phases         ] GC(30)     Object Copy (ms):         Min: 55.5, Avg: 56.5, Max: 57.0, Diff:  1.5, Sum: 225.9, Workers: 4
[16.536s][debug][gc,phases         ] GC(30)     Termination (ms):         Min:  0.0, Avg:  0.0, Max:  0.0, Diff:  0.0, Sum:  0.0, Workers: 4
[16.536s][debug][gc,phases         ] GC(30)       Termination Attempts:     Min: 1, Avg:  1.0, Max: 1, Diff: 0, Sum: 4, Workers: 4
[16.536s][debug][gc,phases         ] GC(30)     GC Worker Other (ms):     Min:  0.2, Avg:  0.3, Max:  0.3, Diff:  0.2, Sum:  1.0, Workers: 4
[16.536s][debug][gc,phases         ] GC(30)     GC Worker Total (ms):     Min: 60.5, Avg: 60.6, Max: 60.7, Diff:  0.2, Sum: 242.4, Workers: 4
[16.536s][info ][gc,phases         ] GC(30)   Post Evacuate Collection Set: 0.9ms
[16.536s][debug][gc,phases         ] GC(30)     Code Roots Fixup: 0.0ms
[16.536s][debug][gc,phases         ] GC(30)     Clear Card Table: 0.0ms
[16.536s][debug][gc,phases         ] GC(30)     Reference Processing: 0.1ms
[16.536s][debug][gc,phases,ref     ] GC(30)       Reconsider SoftReferences: 0.0ms
[16.536s][debug][gc,phases,ref     ] GC(30)         SoftRef (ms):             skipped
[16.536s][debug][gc,phases,ref     ] GC(30)       Notify Soft/WeakReferences: 0.0ms
[16.536s][debug][gc,phases,ref     ] GC(30)         SoftRef (ms):             skipped
[16.536s][debug][gc,phases,ref     ] GC(30)         WeakRef (ms):             skipped
[16.536s][debug][gc,phases,ref     ] GC(30)         FinalRef (ms):            skipped
[16.536s][debug][gc,phases,ref     ] GC(30)         Total (ms):               skipped
[16.536s][debug][gc,phases,ref     ] GC(30)       Notify and keep alive finalizable: 0.0ms
[16.536s][debug][gc,phases,ref     ] GC(30)         FinalRef (ms):            skipped
[16.536s][debug][gc,phases,ref     ] GC(30)       Notify PhantomReferences: 0.0ms
[16.536s][debug][gc,phases,ref     ] GC(30)         PhantomRef (ms):          skipped
[16.536s][debug][gc,phases,ref     ] GC(30)       SoftReference:
[16.536s][debug][gc,phases,ref     ] GC(30)         Discovered: 0
[16.536s][debug][gc,phases,ref     ] GC(30)         Cleared: 0
[16.536s][debug][gc,phases,ref     ] GC(30)       WeakReference:
[16.536s][debug][gc,phases,ref     ] GC(30)         Discovered: 0
[16.536s][debug][gc,phases,ref     ] GC(30)         Cleared: 0
[16.536s][debug][gc,phases,ref     ] GC(30)       FinalReference:
[16.536s][debug][gc,phases,ref     ] GC(30)         Discovered: 0
[16.536s][debug][gc,phases,ref     ] GC(30)         Cleared: 0
[16.536s][debug][gc,phases,ref     ] GC(30)       PhantomReference:
[16.536s][debug][gc,phases,ref     ] GC(30)         Discovered: 0
[16.536s][debug][gc,phases,ref     ] GC(30)         Cleared: 0
[16.536s][debug][gc,phases         ] GC(30)     Weak Processing: 0.0ms
[16.536s][debug][gc,phases         ] GC(30)     Merge Per-Thread State: 0.0ms
[16.536s][debug][gc,phases         ] GC(30)     Code Roots Purge: 0.0ms
[16.536s][debug][gc,phases         ] GC(30)     Redirty Cards: 0.0ms
[16.536s][debug][gc,phases         ] GC(30)     DerivedPointerTable Update: 0.0ms
[16.536s][debug][gc,phases         ] GC(30)     Free Collection Set: 0.2ms
[16.536s][debug][gc,phases         ] GC(30)     Humongous Reclaim: 0.6ms
[16.536s][debug][gc,phases         ] GC(30)     Start New Collection Set: 0.0ms
[16.536s][debug][gc,phases         ] GC(30)     Resize TLABs: 0.0ms
[16.536s][debug][gc,phases         ] GC(30)     Expand Heap After Collection: 0.0ms
[16.536s][info ][gc,phases         ] GC(30)   Other: 0.9ms
[16.536s][info ][gc,heap           ] GC(30) Eden regions: 47->0(183)
[16.536s][info ][gc,heap           ] GC(30) Survivor regions: 7->21(21)
[16.536s][info ][gc,heap           ] GC(30) Old regions: 21->51
[16.536s][info ][gc,heap           ] GC(30) Humongous regions: 13->13
[16.536s][info ][gc,metaspace      ] GC(30) Metaspace: 13087K->13087K(1060864K)
[16.536s][debug][gc,heap           ] GC(30) Heap after GC invocations=31 (full 0): garbage-first heap   total 790528K, used 86528K [0x0000000780000000, 0x0000000800000000)
[16.536s][debug][gc,heap           ] GC(30)   region size 1024K, 21 young (21504K), 21 survivors (21504K)
[16.536s][debug][gc,heap           ] GC(30)  Metaspace       used 13087K, capacity 13486K, committed 13568K, reserved 1060864K
[16.536s][debug][gc,heap           ] GC(30)   class space    used 1347K, capacity 1506K, committed 1536K, reserved 1048576K
[16.537s][info ][gc                ] GC(30) Pause Young (Concurrent Start) (G1 Humongous Allocation) 87M->84M(772M) 63.438ms
[16.537s][info ][gc,cpu            ] GC(30) User=0.22s Sys=0.00s Real=0.07s
[16.537s][info ][gc                ] GC(31) Concurrent Cycle
[16.537s][debug][gc,refine         ] Deactivated worker 0, off threshold: 19, current: 8, processed: 0
[16.537s][info ][gc,marking        ] GC(31) Concurrent Clear Claimed Marks
[16.537s][info ][gc,marking        ] GC(31) Concurrent Clear Claimed Marks 0.200ms
[16.537s][info ][gc,marking        ] GC(31) Concurrent Scan Root Regions
[16.537s][debug][gc,ergo           ] GC(31) Running G1 Root Region Scan using 1 workers for 21 work units.
[16.547s][info ][gc,marking        ] GC(31) Concurrent Scan Root Regions 10.427ms
[16.547s][info ][gc,marking        ] GC(31) Concurrent Mark (16.547s)
[16.547s][info ][gc,marking        ] GC(31) Concurrent Mark From Roots
[16.547s][info ][gc,task           ] GC(31) Using 1 workers of 1 for marking
[16.556s][debug][gc,stats          ] ---------------------------------------------------------------------
[16.556s][debug][gc,stats          ] Marking Stats, task = 0, calls = 1
[16.556s][debug][gc,stats          ]   Elapsed time = 8.19ms, Termination time = 0.00ms
[16.556s][debug][gc,stats          ]   Step Times (cum): num = 149, avg = 0.65ms, sd = 2.21ms max = 9.74ms, total = 96.11ms
[16.556s][debug][gc,stats          ]   Mark Stats Cache: hits 136087 misses 24 ratio 99.982
[16.556s][debug][gc,stats          ] ---------------------------------------------------------------------
[16.556s][info ][gc,marking        ] GC(31) Concurrent Mark From Roots 8.311ms
[16.556s][info ][gc,marking        ] GC(31) Concurrent Preclean
[16.556s][debug][gc,ref,start      ] GC(31) Preclean SoftReferences
[16.556s][debug][gc,ref            ] GC(31) Preclean SoftReferences 0.010ms
[16.556s][debug][gc,ref,start      ] GC(31) Preclean WeakReferences
[16.556s][debug][gc,ref            ] GC(31) Preclean WeakReferences 0.012ms
[16.556s][debug][gc,ref,start      ] GC(31) Preclean FinalReferences
[16.556s][debug][gc,ref            ] GC(31) Preclean FinalReferences 0.007ms
[16.556s][debug][gc,ref,start      ] GC(31) Preclean PhantomReferences
[16.556s][debug][gc,ref            ] GC(31) Preclean PhantomReferences 0.008ms
[16.556s][info ][gc,marking        ] GC(31) Concurrent Preclean 0.067ms
[16.556s][info ][gc,marking        ] GC(31) Concurrent Mark (16.547s, 16.556s) 8.400ms
[16.556s][info ][gc,start          ] GC(31) Pause Remark
[16.556s][debug][gc,phases,start   ] GC(31) Finalize Marking
[16.556s][debug][gc,stats          ] ---------------------------------------------------------------------
[16.556s][debug][gc,stats          ] Marking Stats, task = 0, calls = 18
[16.556s][debug][gc,stats          ]   Elapsed time = 0.06ms, Termination time = 0.05ms
[16.556s][debug][gc,stats          ]   Step Times (cum): num = 166, avg = 0.58ms, sd = 2.10ms max = 9.74ms, total = 96.17ms
[16.556s][debug][gc,stats          ]   Mark Stats Cache: hits 136087 misses 24 ratio 99.982
[16.556s][debug][gc,stats          ] ---------------------------------------------------------------------
[16.556s][debug][gc,stats          ] Marking Stats, task = 1, calls = 1
[16.556s][debug][gc,stats          ]   Elapsed time = 0.07ms, Termination time = 0.06ms
[16.556s][debug][gc,stats          ]   Step Times (cum): num = 10, avg = 0.19ms, sd = 0.21ms max = 0.57ms, total = 1.91ms
[16.556s][debug][gc,stats          ]   Mark Stats Cache: hits 112 misses 3 ratio 97.391
[16.556s][debug][gc,stats          ] ---------------------------------------------------------------------
[16.556s][debug][gc,stats          ] Marking Stats, task = 2, calls = 1
[16.556s][debug][gc,stats          ]   Elapsed time = 0.01ms, Termination time = 0.00ms
[16.556s][debug][gc,stats          ]   Step Times (cum): num = 9, avg = 0.18ms, sd = 0.21ms max = 0.52ms, total = 1.62ms
[16.556s][debug][gc,stats          ]   Mark Stats Cache: hits 52 misses 2 ratio 96.296
[16.556s][debug][gc,stats          ] ---------------------------------------------------------------------
[16.556s][debug][gc,stats          ] Marking Stats, task = 3, calls = 1
[16.556s][debug][gc,stats          ]   Elapsed time = 0.01ms, Termination time = 0.00ms
[16.556s][debug][gc,stats          ]   Step Times (cum): num = 7, avg = 0.00ms, sd = 0.01ms max = 0.02ms, total = 0.03ms
[16.556s][debug][gc,stats          ]   Mark Stats Cache: hits 35 misses 3 ratio 92.105
[16.556s][debug][gc,stats          ] ---------------------------------------------------------------------
[16.556s][debug][gc,phases         ] GC(31) Finalize Marking 0.244ms
[16.556s][debug][gc,phases,start   ] GC(31) Reference Processing
[16.556s][debug][gc,ref            ] GC(31) Skipped phase1 of Reference Processing due to unavailable references
[16.556s][debug][gc,ref            ] GC(31) Skipped phase2 of Reference Processing due to unavailable references
[16.556s][debug][gc,ref            ] GC(31) Skipped phase3 of Reference Processing due to unavailable references
[16.556s][debug][gc,ref            ] GC(31) Skipped phase4 of Reference Processing due to unavailable references
[16.556s][debug][gc,phases,ref     ] GC(31) Reference Processing: 0.0ms
[16.556s][debug][gc,phases,ref     ] GC(31)   Reconsider SoftReferences: 0.0ms
[16.556s][debug][gc,phases,ref     ] GC(31)     SoftRef (ms):             skipped
[16.556s][debug][gc,phases,ref     ] GC(31)   Notify Soft/WeakReferences: 0.0ms
[16.556s][debug][gc,phases,ref     ] GC(31)     SoftRef (ms):             skipped
[16.556s][debug][gc,phases,ref     ] GC(31)     WeakRef (ms):             skipped
[16.556s][debug][gc,phases,ref     ] GC(31)     FinalRef (ms):            skipped
[16.556s][debug][gc,phases,ref     ] GC(31)     Total (ms):               skipped
[16.556s][debug][gc,phases,ref     ] GC(31)   Notify and keep alive finalizable: 0.0ms
[16.556s][debug][gc,phases,ref     ] GC(31)     FinalRef (ms):            skipped
[16.556s][debug][gc,phases,ref     ] GC(31)   Notify PhantomReferences: 0.0ms
[16.556s][debug][gc,phases,ref     ] GC(31)     PhantomRef (ms):          skipped
[16.556s][debug][gc,phases,ref     ] GC(31)   SoftReference:
[16.556s][debug][gc,phases,ref     ] GC(31)     Discovered: 0
[16.556s][debug][gc,phases,ref     ] GC(31)     Cleared: 0
[16.556s][debug][gc,phases,ref     ] GC(31)   WeakReference:
[16.556s][debug][gc,phases,ref     ] GC(31)     Discovered: 0
[16.556s][debug][gc,phases,ref     ] GC(31)     Cleared: 0
[16.556s][debug][gc,phases,ref     ] GC(31)   FinalReference:
[16.556s][debug][gc,phases,ref     ] GC(31)     Discovered: 0
[16.556s][debug][gc,phases,ref     ] GC(31)     Cleared: 0
[16.556s][debug][gc,phases,ref     ] GC(31)   PhantomReference:
[16.556s][debug][gc,phases,ref     ] GC(31)     Discovered: 0
[16.556s][debug][gc,phases,ref     ] GC(31)     Cleared: 0
[16.556s][debug][gc,phases         ] GC(31) Reference Processing 0.174ms
[16.556s][debug][gc,phases,start   ] GC(31) Weak Processing
[16.556s][debug][gc,phases         ] GC(31) Weak Processing 0.015ms
[16.556s][debug][gc,phases,start   ] GC(31) Class Unloading
[16.556s][debug][gc,phases,start   ] GC(31) ClassLoaderData
[16.556s][debug][gc,phases         ] GC(31) ClassLoaderData 0.038ms
[16.556s][debug][gc,phases,start   ] GC(31) ProtectionDomainCacheTable
[16.556s][debug][gc,phases         ] GC(31) ProtectionDomainCacheTable 0.007ms
[16.557s][info ][gc,stringtable    ] GC(31) Cleaned string and symbol table, strings: 6106 processed, 6 removed, symbols: 45215 processed, 0 removed
[16.557s][debug][gc,phases         ] GC(31) Class Unloading 0.901ms
[16.557s][debug][gc,phases,start   ] GC(31) Flush Task Caches
[16.557s][debug][gc,stats          ] Mark stats cache hits 136286 misses 32 ratio 99.977
[16.557s][debug][gc,phases         ] GC(31) Flush Task Caches 0.020ms
[16.557s][debug][gc,phases,start   ] GC(31) Update Remembered Set Tracking Before Rebuild
[16.557s][debug][gc,ergo           ] GC(31) Running G1 Update RemSet Tracking Before Rebuild using 3 workers for 772 regions in heap
[16.557s][debug][gc,remset,tracking] GC(31) Remembered Set Tracking update regions total 772, selected 25
[16.557s][debug][gc,phases         ] GC(31) Update Remembered Set Tracking Before Rebuild 0.097ms
[16.557s][debug][gc,phases,start   ] GC(31) Reclaim Empty Regions
[16.557s][debug][gc                ] GC(31) Reclaimed 38 empty regions
[16.557s][debug][gc,phases         ] GC(31) Reclaim Empty Regions 0.089ms
[16.557s][debug][gc,phases,start   ] GC(31) Purge Metaspace
[16.557s][debug][gc,phases         ] GC(31) Purge Metaspace 0.007ms
[16.557s][debug][gc,phases,start   ] GC(31) Report Object Count
[16.557s][debug][gc,phases         ] GC(31) Report Object Count 0.006ms
[16.558s][info ][gc                ] GC(31) Pause Remark 87M->49M(772M) 1.657ms
[16.558s][info ][gc,cpu            ] GC(31) User=0.00s Sys=0.00s Real=0.00s
[16.558s][info ][gc,marking        ] GC(31) Concurrent Rebuild Remembered Sets
[16.564s][info ][gc,marking        ] GC(31) Concurrent Rebuild Remembered Sets 6.339ms
[16.564s][info ][gc,start          ] GC(31) Pause Cleanup
[16.564s][debug][gc,phases,start   ] GC(31) Update Remembered Set Tracking After Rebuild
[16.564s][debug][gc,phases         ] GC(31) Update Remembered Set Tracking After Rebuild 0.025ms
[16.564s][debug][gc,phases,start   ] GC(31) Finalize Concurrent Mark Cleanup
[16.564s][debug][gc,ergo           ] GC(31) request young-only gcs (reclaimable percentage not over threshold). candidate old regions: 24 reclaimable: 21556120 (2.66) threshold: 5
[16.564s][debug][gc,phases         ] GC(31) Finalize Concurrent Mark Cleanup 0.069ms
[16.564s][info ][gc                ] GC(31) Pause Cleanup 49M->49M(772M) 0.137ms
[16.564s][info ][gc,cpu            ] GC(31) User=0.00s Sys=0.00s Real=0.01s
[16.564s][info ][gc,marking        ] GC(31) Concurrent Cleanup for Next Mark
[16.564s][debug][gc,ergo           ] GC(31) Running G1 Clear Bitmap with 1 workers for 13 work units.
[16.566s][info ][gc,marking        ] GC(31) Concurrent Cleanup for Next Mark 1.588ms
[16.566s][info ][gc                ] GC(31) Concurrent Cycle 29.203ms
[16.649s][debug][gc,ergo,ihop      ] Request concurrent cycle initiation (occupancy higher than threshold) occupancy: 29360128B allocation request: 524304B threshold: 14879077B (1.84) source: concurrent humongous allocation
[16.650s][debug][gc,ergo           ] Request concurrent cycle initiation (requested by GC cause). GC cause: G1 Humongous Allocation
[16.650s][debug][gc,heap           ] GC(32) Heap before GC invocations=32 (full 0): garbage-first heap   total 790528K, used 56320K [0x0000000780000000, 0x0000000800000000)
[16.650s][debug][gc,heap           ] GC(32)   region size 1024K, 28 young (28672K), 21 survivors (21504K)
[16.650s][debug][gc,heap           ] GC(32)  Metaspace       used 13099K, capacity 13489K, committed 13568K, reserved 1060864K
[16.650s][debug][gc,heap           ] GC(32)   class space    used 1348K, capacity 1507K, committed 1536K, reserved 1048576K
[16.650s][debug][gc,ergo           ] GC(32) Initiate concurrent cycle (concurrent cycle initiation requested)
[16.650s][info ][gc,start          ] GC(32) Pause Young (Concurrent Start) (G1 Humongous Allocation)
[16.650s][info ][gc,task           ] GC(32) Using 4 workers of 4 for evacuation
[16.650s][debug][gc,tlab           ] GC(32) TLAB totals: thrds: 4  refills: 20 max: 17 slow allocs: 2 max 2 waste: 13.7% gc: 879928B max: 476464B slow: 14496B max: 14496B fast: 0B max: 0B
[16.650s][debug][gc,alloc,region   ] GC(32) Mutator Allocation stats, regions: 7, wasted size: 0B ( 0.0%)
[16.650s][debug][gc,age            ] GC(32) Desired survivor size 13631488 bytes, new threshold 1 (max threshold 15)
[16.650s][debug][gc,ergo,cset      ] GC(32) Finish choosing CSet. old: 0 regions, predicted old region time: 0.00ms, time remaining: 173.69
[16.650s][debug][gc,task,stats     ] GC(32) GC Termination Stats
[16.650s][debug][gc,task,stats     ] GC(32)      elapsed  --strong roots-- -------termination------- ------waste (KiB)------
[16.650s][debug][gc,task,stats     ] GC(32) thr     ms        ms      %        ms      %    attempts  total   alloc    undo
[16.650s][debug][gc,task,stats     ] GC(32) --- --------- --------- ------ --------- ------ -------- ------- ------- -------
[16.669s][debug][gc,task,stats     ] GC(32)   2     18.89     14.81  78.37      0.01   0.03        3       0       0       0
[16.669s][debug][gc,task,stats     ] GC(32)   0     19.06     14.51  76.16      0.02   0.09        4       0       0       0
[16.669s][debug][gc,task,stats     ] GC(32)   3     19.07     17.36  91.03      0.01   0.07        7       0       0       0
[16.669s][debug][gc,task,stats     ] GC(32)   1     19.20      4.50  23.45      0.00   0.02        3       0       0       0
[16.669s][debug][gc,ergo           ] GC(32) Running G1 Clear Card Table Task using 1 workers for 1 units of work for 35 regions.
[16.670s][debug][gc,ref            ] GC(32) Skipped phase1 of Reference Processing due to unavailable references
[16.670s][debug][gc,ref            ] GC(32) Skipped phase2 of Reference Processing due to unavailable references
[16.670s][debug][gc,ref            ] GC(32) Skipped phase3 of Reference Processing due to unavailable references
[16.670s][debug][gc,ref            ] GC(32) Skipped phase4 of Reference Processing due to unavailable references
[16.670s][debug][gc,ergo           ] GC(32) Running G1 Free Collection Set using 1 workers for collection set length 28
[16.670s][debug][gc,humongous      ] GC(32) Live humongous region 17 object size 524304 start 0x0000000781100000  with remset 0 code roots 0 is marked 0 reclaim candidate 0 type array 0
[16.670s][debug][gc,humongous      ] GC(32) Live humongous region 56 object size 1048592 start 0x0000000783800000  with remset 0 code roots 0 is marked 0 reclaim candidate 0 type array 0
[16.670s][debug][gc,plab           ] GC(32) Young PLAB allocation: allocated: 6291456B, wasted: 216B, unused: 749344B, used: 5541896B, undo waste: 0B, 
[16.670s][debug][gc,plab           ] GC(32) Young other allocation: region end waste: 0B, regions filled: 6, direct allocated: 0B, failure used: 0B, failure wasted: 0B
[16.670s][debug][gc,plab           ] GC(32) Young sizing: calculated: 1108376B, actual: 1758608B
[16.670s][debug][gc,plab           ] GC(32) Old PLAB allocation: allocated: 9961472B, wasted: 392B, unused: 1728400B, used: 8232680B, undo waste: 0B, 
[16.670s][debug][gc,plab           ] GC(32) Old other allocation: region end waste: 0B, regions filled: 10, direct allocated: 0B, failure used: 0B, failure wasted: 0B
[16.670s][debug][gc,plab           ] GC(32) Old sizing: calculated: 1646536B, actual: 2590824B
[16.670s][debug][gc,alloc,stats    ] Old generation allocation in the last mutator period, old gen allocated: 9961472B, humongous allocated: 2097152B,old gen growth: 9961472B.
[16.670s][debug][gc,ihop           ] GC(32) Basic information (value update), threshold: 35771371B (4.42), target occupancy: 809500672B, current occupancy: 45613056B, recent allocation size: 12058624B, recent allocation duration: 112.56ms, recent old gen allocation rate: 107134589.18B/s, recent marking phase length: 232.15ms
[16.670s][debug][gc,ihop           ] GC(32) Adaptive IHOP information (value update), threshold: 35771371B (4.65), internal target occupancy: 769025638B, occupancy: 45613056B, additional buffer size: 209715200B, predicted old gen allocation rate: 1474859084.60B/s, predicted marking phase length: 354.98ms, prediction active: true
[16.670s][debug][gc,ergo,refine    ] GC(32) Updated Refinement Zones: green: 19, yellow: 57, red: 95
[16.670s][info ][gc,phases         ] GC(32)   Pre Evacuate Collection Set: 0.1ms
[16.670s][debug][gc,phases         ] GC(32)     Prepare TLABs: 0.0ms
[16.670s][debug][gc,phases         ] GC(32)     Choose Collection Set: 0.0ms
[16.670s][debug][gc,phases         ] GC(32)     Humongous Register: 0.0ms
[16.670s][debug][gc,phases         ] GC(32)     Clear Claimed Marks: 0.1ms
[16.670s][info ][gc,phases         ] GC(32)   Evacuate Collection Set: 19.3ms
[16.670s][debug][gc,phases         ] GC(32)     Ext Root Scanning (ms):   Min:  0.4, Avg:  0.4, Max:  0.4, Diff:  0.0, Sum:  1.6, Workers: 4
[16.670s][debug][gc,phases         ] GC(32)     Update RS (ms):           Min:  0.7, Avg:  1.3, Max:  2.5, Diff:  1.8, Sum:  5.1, Workers: 4
[16.670s][debug][gc,phases         ] GC(32)       Processed Buffers:        Min: 2, Avg:  4.8, Max: 11, Diff: 9, Sum: 19, Workers: 4
[16.670s][debug][gc,phases         ] GC(32)       Scanned Cards:            Min: 277, Avg: 675.5, Max: 1549, Diff: 1272, Sum: 2702, Workers: 4
[16.670s][debug][gc,phases         ] GC(32)       Skipped Cards:            Min: 0, Avg: 259.8, Max: 532, Diff: 532, Sum: 1039, Workers: 4
[16.670s][debug][gc,phases         ] GC(32)     Scan RS (ms):             Min:  0.0, Avg:  0.1, Max:  0.3, Diff:  0.3, Sum:  0.3, Workers: 4
[16.670s][debug][gc,phases         ] GC(32)       Scanned Cards:            Min: 0, Avg: 38.8, Max: 155, Diff: 155, Sum: 155, Workers: 4
[16.670s][debug][gc,phases         ] GC(32)       Claimed Cards:            Min: 0, Avg: 165.0, Max: 660, Diff: 660, Sum: 660, Workers: 4
[16.670s][debug][gc,phases         ] GC(32)       Skipped Cards:            Min: 0, Avg:  0.0, Max: 0, Diff: 0, Sum: 0, Workers: 4
[16.670s][debug][gc,phases         ] GC(32)     Code Root Scanning (ms):  Min:  0.0, Avg:  0.0, Max:  0.0, Diff:  0.0, Sum:  0.0, Workers: 4
[16.670s][debug][gc,phases         ] GC(32)     JVMCI Root Scan (ms):     skipped
[16.670s][debug][gc,phases         ] GC(32)     Object Copy (ms):         Min: 15.6, Avg: 17.1, Max: 17.7, Diff:  2.1, Sum: 68.5, Workers: 4
[16.670s][debug][gc,phases         ] GC(32)     Termination (ms):         Min:  0.0, Avg:  0.0, Max:  0.0, Diff:  0.0, Sum:  0.0, Workers: 4
[16.670s][debug][gc,phases         ] GC(32)       Termination Attempts:     Min: 3, Avg:  4.2, Max: 7, Diff: 4, Sum: 17, Workers: 4
[16.670s][debug][gc,phases         ] GC(32)     GC Worker Other (ms):     Min:  0.1, Avg:  0.2, Max:  0.3, Diff:  0.2, Sum:  0.9, Workers: 4
[16.670s][debug][gc,phases         ] GC(32)     GC Worker Total (ms):     Min: 19.0, Avg: 19.1, Max: 19.2, Diff:  0.2, Sum: 76.5, Workers: 4
[16.670s][info ][gc,phases         ] GC(32)   Post Evacuate Collection Set: 0.3ms
[16.670s][debug][gc,phases         ] GC(32)     Code Roots Fixup: 0.0ms
[16.670s][debug][gc,phases         ] GC(32)     Clear Card Table: 0.0ms
[16.670s][debug][gc,phases         ] GC(32)     Reference Processing: 0.1ms
[16.670s][debug][gc,phases,ref     ] GC(32)       Reconsider SoftReferences: 0.0ms
[16.670s][debug][gc,phases,ref     ] GC(32)         SoftRef (ms):             skipped
[16.670s][debug][gc,phases,ref     ] GC(32)       Notify Soft/WeakReferences: 0.0ms
[16.670s][debug][gc,phases,ref     ] GC(32)         SoftRef (ms):             skipped
[16.670s][debug][gc,phases,ref     ] GC(32)         WeakRef (ms):             skipped
[16.670s][debug][gc,phases,ref     ] GC(32)         FinalRef (ms):            skipped
[16.670s][debug][gc,phases,ref     ] GC(32)         Total (ms):               skipped
[16.670s][debug][gc,phases,ref     ] GC(32)       Notify and keep alive finalizable: 0.0ms
[16.670s][debug][gc,phases,ref     ] GC(32)         FinalRef (ms):            skipped
[16.670s][debug][gc,phases,ref     ] GC(32)       Notify PhantomReferences: 0.0ms
[16.670s][debug][gc,phases,ref     ] GC(32)         PhantomRef (ms):          skipped
[16.670s][debug][gc,phases,ref     ] GC(32)       SoftReference:
[16.670s][debug][gc,phases,ref     ] GC(32)         Discovered: 0
[16.670s][debug][gc,phases,ref     ] GC(32)         Cleared: 0
[16.670s][debug][gc,phases,ref     ] GC(32)       WeakReference:
[16.670s][debug][gc,phases,ref     ] GC(32)         Discovered: 0
[16.670s][debug][gc,phases,ref     ] GC(32)         Cleared: 0
[16.670s][debug][gc,phases,ref     ] GC(32)       FinalReference:
[16.670s][debug][gc,phases,ref     ] GC(32)         Discovered: 0
[16.670s][debug][gc,phases,ref     ] GC(32)         Cleared: 0
[16.670s][debug][gc,phases,ref     ] GC(32)       PhantomReference:
[16.670s][debug][gc,phases,ref     ] GC(32)         Discovered: 0
[16.670s][debug][gc,phases,ref     ] GC(32)         Cleared: 0
[16.670s][debug][gc,phases         ] GC(32)     Weak Processing: 0.0ms
[16.670s][debug][gc,phases         ] GC(32)     Merge Per-Thread State: 0.0ms
[16.671s][debug][gc,phases         ] GC(32)     Code Roots Purge: 0.0ms
[16.671s][debug][gc,phases         ] GC(32)     Redirty Cards: 0.0ms
[16.671s][debug][gc,phases         ] GC(32)     DerivedPointerTable Update: 0.0ms
[16.671s][debug][gc,phases         ] GC(32)     Free Collection Set: 0.1ms
[16.671s][debug][gc,phases         ] GC(32)     Humongous Reclaim: 0.0ms
[16.671s][debug][gc,phases         ] GC(32)     Start New Collection Set: 0.0ms
[16.671s][debug][gc,phases         ] GC(32)     Resize TLABs: 0.0ms
[16.671s][debug][gc,phases         ] GC(32)     Expand Heap After Collection: 0.0ms
[16.671s][info ][gc,phases         ] GC(32)   Other: 0.5ms
[16.671s][info ][gc,heap           ] GC(32) Eden regions: 7->0(194)
[16.671s][info ][gc,heap           ] GC(32) Survivor regions: 21->6(26)
[16.671s][info ][gc,heap           ] GC(32) Old regions: 25->35
[16.671s][info ][gc,heap           ] GC(32) Humongous regions: 3->3
[16.671s][info ][gc,metaspace      ] GC(32) Metaspace: 13099K->13099K(1060864K)
[16.671s][debug][gc,heap           ] GC(32) Heap after GC invocations=33 (full 0): garbage-first heap   total 790528K, used 44544K [0x0000000780000000, 0x0000000800000000)
[16.671s][debug][gc,heap           ] GC(32)   region size 1024K, 6 young (6144K), 6 survivors (6144K)
[16.671s][debug][gc,heap           ] GC(32)  Metaspace       used 13099K, capacity 13489K, committed 13568K, reserved 1060864K
[16.671s][debug][gc,heap           ] GC(32)   class space    used 1348K, capacity 1507K, committed 1536K, reserved 1048576K
[16.671s][info ][gc                ] GC(32) Pause Young (Concurrent Start) (G1 Humongous Allocation) 55M->43M(772M) 20.873ms
[16.671s][info ][gc,cpu            ] GC(32) User=0.07s Sys=0.00s Real=0.02s
[16.671s][info ][gc                ] GC(33) Concurrent Cycle
[16.671s][info ][gc,marking        ] GC(33) Concurrent Clear Claimed Marks
[16.671s][info ][gc,marking        ] GC(33) Concurrent Clear Claimed Marks 0.091ms
[16.671s][info ][gc,marking        ] GC(33) Concurrent Scan Root Regions
[16.671s][debug][gc,ergo           ] GC(33) Running G1 Root Region Scan using 1 workers for 6 work units.
[16.675s][info ][gc,marking        ] GC(33) Concurrent Scan Root Regions 3.520ms
[16.675s][info ][gc,marking        ] GC(33) Concurrent Mark (16.675s)
[16.675s][info ][gc,marking        ] GC(33) Concurrent Mark From Roots
[16.675s][info ][gc,task           ] GC(33) Using 1 workers of 1 for marking
[16.682s][debug][gc,stats          ] ---------------------------------------------------------------------
[16.682s][debug][gc,stats          ] Marking Stats, task = 0, calls = 1
[16.682s][debug][gc,stats          ]   Elapsed time = 7.20ms, Termination time = 0.00ms
[16.682s][debug][gc,stats          ]   Step Times (cum): num = 167, avg = 0.62ms, sd = 2.16ms max = 9.74ms, total = 103.37ms
[16.682s][debug][gc,stats          ]   Mark Stats Cache: hits 59894 misses 20 ratio 99.967
[16.682s][debug][gc,stats          ] ---------------------------------------------------------------------
[16.682s][info ][gc,marking        ] GC(33) Concurrent Mark From Roots 7.375ms
[16.682s][info ][gc,marking        ] GC(33) Concurrent Preclean
[16.682s][debug][gc,ref,start      ] GC(33) Preclean SoftReferences
[16.682s][debug][gc,ref            ] GC(33) Preclean SoftReferences 0.017ms
[16.682s][debug][gc,ref,start      ] GC(33) Preclean WeakReferences
[16.682s][debug][gc,ref            ] GC(33) Preclean WeakReferences 0.018ms
[16.682s][debug][gc,ref,start      ] GC(33) Preclean FinalReferences
[16.682s][debug][gc,ref            ] GC(33) Preclean FinalReferences 0.012ms
[16.682s][debug][gc,ref,start      ] GC(33) Preclean PhantomReferences
[16.682s][debug][gc,ref            ] GC(33) Preclean PhantomReferences 0.013ms
[16.682s][info ][gc,marking        ] GC(33) Concurrent Preclean 0.115ms
[16.682s][info ][gc,marking        ] GC(33) Concurrent Mark (16.675s, 16.682s) 7.524ms
[16.682s][info ][gc,start          ] GC(33) Pause Remark
[16.682s][debug][gc,phases,start   ] GC(33) Finalize Marking
[16.682s][debug][gc,stats          ] ---------------------------------------------------------------------
[16.682s][debug][gc,stats          ] Marking Stats, task = 0, calls = 18
[16.682s][debug][gc,stats          ]   Elapsed time = 0.06ms, Termination time = 0.05ms
[16.682s][debug][gc,stats          ]   Step Times (cum): num = 184, avg = 0.56ms, sd = 2.06ms max = 9.74ms, total = 103.43ms
[16.682s][debug][gc,stats          ]   Mark Stats Cache: hits 59894 misses 20 ratio 99.967
[16.682s][debug][gc,stats          ] ---------------------------------------------------------------------
[16.682s][debug][gc,stats          ] Marking Stats, task = 1, calls = 1
[16.682s][debug][gc,stats          ]   Elapsed time = 0.07ms, Termination time = 0.06ms
[16.682s][debug][gc,stats          ]   Step Times (cum): num = 11, avg = 0.18ms, sd = 0.21ms max = 0.57ms, total = 1.98ms
[16.682s][debug][gc,stats          ]   Mark Stats Cache: hits 66 misses 2 ratio 97.059
[16.682s][debug][gc,stats          ] ---------------------------------------------------------------------
[16.682s][debug][gc,stats          ] Marking Stats, task = 2, calls = 1
[16.682s][debug][gc,stats          ]   Elapsed time = 0.01ms, Termination time = 0.00ms
[16.683s][debug][gc,stats          ]   Step Times (cum): num = 10, avg = 0.16ms, sd = 0.21ms max = 0.52ms, total = 1.62ms
[16.683s][debug][gc,stats          ]   Mark Stats Cache: hits 51 misses 3 ratio 94.444
[16.683s][debug][gc,stats          ] ---------------------------------------------------------------------
[16.683s][debug][gc,stats          ] Marking Stats, task = 3, calls = 1
[16.683s][debug][gc,stats          ]   Elapsed time = 0.01ms, Termination time = 0.00ms
[16.683s][debug][gc,stats          ]   Step Times (cum): num = 8, avg = 0.00ms, sd = 0.00ms max = 0.02ms, total = 0.04ms
[16.683s][debug][gc,stats          ]   Mark Stats Cache: hits 81 misses 2 ratio 97.590
[16.683s][debug][gc,stats          ] ---------------------------------------------------------------------
[16.683s][debug][gc,phases         ] GC(33) Finalize Marking 0.310ms
[16.683s][debug][gc,phases,start   ] GC(33) Reference Processing
[16.683s][debug][gc,ref            ] GC(33) Skipped phase1 of Reference Processing due to unavailable references
[16.683s][debug][gc,ref            ] GC(33) Skipped phase2 of Reference Processing due to unavailable references
[16.683s][debug][gc,ref            ] GC(33) Skipped phase3 of Reference Processing due to unavailable references
[16.683s][debug][gc,ref            ] GC(33) Skipped phase4 of Reference Processing due to unavailable references
[16.683s][debug][gc,phases,ref     ] GC(33) Reference Processing: 0.0ms
[16.683s][debug][gc,phases,ref     ] GC(33)   Reconsider SoftReferences: 0.0ms
[16.683s][debug][gc,phases,ref     ] GC(33)     SoftRef (ms):             skipped
[16.683s][debug][gc,phases,ref     ] GC(33)   Notify Soft/WeakReferences: 0.0ms
[16.683s][debug][gc,phases,ref     ] GC(33)     SoftRef (ms):             skipped
[16.683s][debug][gc,phases,ref     ] GC(33)     WeakRef (ms):             skipped
[16.683s][debug][gc,phases,ref     ] GC(33)     FinalRef (ms):            skipped
[16.683s][debug][gc,phases,ref     ] GC(33)     Total (ms):               skipped
[16.683s][debug][gc,phases,ref     ] GC(33)   Notify and keep alive finalizable: 0.0ms
[16.683s][debug][gc,phases,ref     ] GC(33)     FinalRef (ms):            skipped
[16.683s][debug][gc,phases,ref     ] GC(33)   Notify PhantomReferences: 0.0ms
[16.683s][debug][gc,phases,ref     ] GC(33)     PhantomRef (ms):          skipped
[16.683s][debug][gc,phases,ref     ] GC(33)   SoftReference:
[16.683s][debug][gc,phases,ref     ] GC(33)     Discovered: 0
[16.683s][debug][gc,phases,ref     ] GC(33)     Cleared: 0
[16.683s][debug][gc,phases,ref     ] GC(33)   WeakReference:
[16.683s][debug][gc,phases,ref     ] GC(33)     Discovered: 0
[16.683s][debug][gc,phases,ref     ] GC(33)     Cleared: 0
[16.683s][debug][gc,phases,ref     ] GC(33)   FinalReference:
[16.683s][debug][gc,phases,ref     ] GC(33)     Discovered: 0
[16.683s][debug][gc,phases,ref     ] GC(33)     Cleared: 0
[16.683s][debug][gc,phases,ref     ] GC(33)   PhantomReference:
[16.683s][debug][gc,phases,ref     ] GC(33)     Discovered: 0
[16.683s][debug][gc,phases,ref     ] GC(33)     Cleared: 0
[16.683s][debug][gc,phases         ] GC(33) Reference Processing 0.305ms
[16.683s][debug][gc,phases,start   ] GC(33) Weak Processing
[16.683s][debug][gc,phases         ] GC(33) Weak Processing 0.023ms
[16.683s][debug][gc,phases,start   ] GC(33) Class Unloading
[16.683s][debug][gc,phases,start   ] GC(33) ClassLoaderData
[16.683s][debug][gc,phases         ] GC(33) ClassLoaderData 0.052ms
[16.683s][debug][gc,phases,start   ] GC(33) ProtectionDomainCacheTable
[16.683s][debug][gc,phases         ] GC(33) ProtectionDomainCacheTable 0.012ms
[16.684s][info ][gc,stringtable    ] GC(33) Cleaned string and symbol table, strings: 6109 processed, 0 removed, symbols: 45217 processed, 0 removed
[16.684s][debug][gc,phases         ] GC(33) Class Unloading 1.412ms
[16.684s][debug][gc,phases,start   ] GC(33) Flush Task Caches
[16.684s][debug][gc,stats          ] Mark stats cache hits 60092 misses 27 ratio 99.955
[16.684s][debug][gc,phases         ] GC(33) Flush Task Caches 0.030ms
[16.684s][debug][gc,phases,start   ] GC(33) Update Remembered Set Tracking Before Rebuild
[16.684s][debug][gc,ergo           ] GC(33) Running G1 Update RemSet Tracking Before Rebuild using 3 workers for 772 regions in heap
[16.685s][debug][gc,remset,tracking] GC(33) Remembered Set Tracking update regions total 772, selected 21
[16.685s][debug][gc,phases         ] GC(33) Update Remembered Set Tracking Before Rebuild 0.159ms
[16.685s][debug][gc,phases,start   ] GC(33) Reclaim Empty Regions
[16.685s][debug][gc                ] GC(33) Reclaimed 17 empty regions
[16.685s][debug][gc,phases         ] GC(33) Reclaim Empty Regions 0.137ms
[16.685s][debug][gc,phases,start   ] GC(33) Purge Metaspace
[16.685s][debug][gc,phases         ] GC(33) Purge Metaspace 0.015ms
[16.685s][debug][gc,phases,start   ] GC(33) Report Object Count
[16.685s][debug][gc,phases         ] GC(33) Report Object Count 0.027ms
[16.685s][info ][gc                ] GC(33) Pause Remark 52M->35M(772M) 2.584ms
[16.685s][info ][gc,cpu            ] GC(33) User=0.01s Sys=0.00s Real=0.01s
[16.685s][info ][gc,marking        ] GC(33) Concurrent Rebuild Remembered Sets
[16.693s][info ][gc,marking        ] GC(33) Concurrent Rebuild Remembered Sets 7.825ms
[16.693s][info ][gc,start          ] GC(33) Pause Cleanup
[16.693s][debug][gc,phases,start   ] GC(33) Update Remembered Set Tracking After Rebuild
[16.693s][debug][gc,phases         ] GC(33) Update Remembered Set Tracking After Rebuild 0.095ms
[16.693s][debug][gc,phases,start   ] GC(33) Finalize Concurrent Mark Cleanup
[16.693s][debug][gc,ergo           ] GC(33) request young-only gcs (reclaimable percentage not over threshold). candidate old regions: 20 reclaimable: 19342944 (2.39) threshold: 5
[16.693s][debug][gc,phases         ] GC(33) Finalize Concurrent Mark Cleanup 0.359ms
[16.693s][info ][gc                ] GC(33) Pause Cleanup 35M->35M(772M) 0.559ms
[16.694s][info ][gc,cpu            ] GC(33) User=0.00s Sys=0.00s Real=0.00s
[16.694s][info ][gc,marking        ] GC(33) Concurrent Cleanup for Next Mark
[16.694s][debug][gc,ergo           ] GC(33) Running G1 Clear Bitmap with 1 workers for 13 work units.
[16.696s][info ][gc,marking        ] GC(33) Concurrent Cleanup for Next Mark 2.385ms
[16.696s][info ][gc                ] GC(33) Concurrent Cycle 25.309ms
[16.901s][debug][gc,refine         ] Activated worker 0, on threshold: 21, current: 21
[16.904s][debug][gc,refine         ] Deactivated worker 0, off threshold: 19, current: 19, processed: 6
[16.909s][debug][gc,refine         ] Activated worker 0, on threshold: 21, current: 23
[16.912s][debug][gc,refine         ] Deactivated worker 0, off threshold: 19, current: 19, processed: 4
[16.916s][debug][gc,refine         ] Activated worker 0, on threshold: 21, current: 21
[16.917s][debug][gc,refine         ] Deactivated worker 0, off threshold: 19, current: 19, processed: 2
[17.017s][debug][gc,refine         ] Activated worker 0, on threshold: 21, current: 25
[17.019s][debug][gc,refine         ] Deactivated worker 0, off threshold: 19, current: 19, processed: 6
[17.024s][debug][gc,refine         ] Activated worker 0, on threshold: 21, current: 23
[17.026s][debug][gc,refine         ] Deactivated worker 0, off threshold: 19, current: 19, processed: 4
[17.029s][debug][gc,refine         ] Activated worker 0, on threshold: 21, current: 21
[17.029s][debug][gc,refine         ] Deactivated worker 0, off threshold: 19, current: 19, processed: 2
[17.135s][debug][gc,refine         ] Activated worker 0, on threshold: 21, current: 25
[17.138s][debug][gc,refine         ] Deactivated worker 0, off threshold: 19, current: 19, processed: 6
[17.144s][debug][gc,refine         ] Activated worker 0, on threshold: 21, current: 23
[17.146s][debug][gc,refine         ] Deactivated worker 0, off threshold: 19, current: 19, processed: 4
[17.147s][debug][gc,ergo,ihop      ] Request concurrent cycle initiation (occupancy higher than threshold) occupancy: 35651584B allocation request: 1048592B threshold: 35771371B (4.42) source: concurrent humongous allocation
[17.147s][debug][gc,ergo           ] Request concurrent cycle initiation (requested by GC cause). GC cause: G1 Humongous Allocation
[17.147s][debug][gc,heap           ] GC(34) Heap before GC invocations=34 (full 0): garbage-first heap   total 790528K, used 88064K [0x0000000780000000, 0x0000000800000000)
[17.147s][debug][gc,heap           ] GC(34)   region size 1024K, 53 young (54272K), 6 survivors (6144K)
[17.147s][debug][gc,heap           ] GC(34)  Metaspace       used 13099K, capacity 13489K, committed 13568K, reserved 1060864K
[17.147s][debug][gc,heap           ] GC(34)   class space    used 1348K, capacity 1507K, committed 1536K, reserved 1048576K
[17.147s][debug][gc,ergo           ] GC(34) Initiate concurrent cycle (concurrent cycle initiation requested)
[17.147s][info ][gc,start          ] GC(34) Pause Young (Concurrent Start) (G1 Humongous Allocation)
[17.147s][info ][gc,task           ] GC(34) Using 4 workers of 4 for evacuation
[17.147s][debug][gc,tlab           ] GC(34) TLAB totals: thrds: 1  refills: 139 max: 139 slow allocs: 11 max 11 waste:  1.0% gc: 425904B max: 425904B slow: 87952B max: 87952B fast: 0B max: 0B
[17.147s][debug][gc,alloc,region   ] GC(34) Mutator Allocation stats, regions: 47, wasted size: 0B ( 0.0%)
[17.147s][debug][gc,age            ] GC(34) Desired survivor size 13107200 bytes, new threshold 15 (max threshold 15)
[17.147s][debug][gc,ergo,cset      ] GC(34) Finish choosing CSet. old: 0 regions, predicted old region time: 0.00ms, time remaining: 135.56
[17.147s][debug][gc,refine         ] Activated worker 0, on threshold: 21, current: 21
[17.147s][debug][gc,task,stats     ] GC(34) GC Termination Stats
[17.147s][debug][gc,task,stats     ] GC(34)      elapsed  --strong roots-- -------termination------- ------waste (KiB)------
[17.147s][debug][gc,task,stats     ] GC(34) thr     ms        ms      %        ms      %    attempts  total   alloc    undo
[17.147s][debug][gc,task,stats     ] GC(34) --- --------- --------- ------ --------- ------ -------- ------- ------- -------
[17.205s][debug][gc,task,stats     ] GC(34)   3     57.64     56.24  97.58      0.00   0.00        1       0       0       0
[17.205s][debug][gc,task,stats     ] GC(34)   2     57.78     56.20  97.26      0.00   0.00        1       0       0       0
[17.205s][debug][gc,task,stats     ] GC(34)   0     57.84     56.84  98.26      0.00   0.00        1       0       0       0
[17.205s][debug][gc,task,stats     ] GC(34)   1     57.86     57.65  99.64      0.00   0.00        1       0       0       0
[17.205s][debug][gc,ergo           ] GC(34) Running G1 Clear Card Table Task using 1 workers for 1 units of work for 65 regions.
[17.205s][debug][gc,ref            ] GC(34) Skipped phase1 of Reference Processing due to unavailable references
[17.205s][debug][gc,ref            ] GC(34) Skipped phase2 of Reference Processing due to unavailable references
[17.205s][debug][gc,ref            ] GC(34) Skipped phase3 of Reference Processing due to unavailable references
[17.205s][debug][gc,ref            ] GC(34) Skipped phase4 of Reference Processing due to unavailable references
[17.205s][debug][gc,ergo           ] GC(34) Running G1 Free Collection Set using 1 workers for collection set length 53
[17.206s][debug][gc,humongous      ] GC(34) Live humongous region 5 object size 524304 start 0x0000000780500000  with remset 0 code roots 0 is marked 0 reclaim candidate 0 type array 0
[17.206s][debug][gc,humongous      ] GC(34) Live humongous region 6 object size 1048592 start 0x0000000780600000  with remset 0 code roots 0 is marked 0 reclaim candidate 0 type array 0
[17.206s][debug][gc,humongous      ] GC(34) Live humongous region 8 object size 524304 start 0x0000000780800000  with remset 0 code roots 0 is marked 0 reclaim candidate 0 type array 0
[17.206s][debug][gc,humongous      ] GC(34) Live humongous region 13 object size 1048592 start 0x0000000780d00000  with remset 0 code roots 0 is marked 0 reclaim candidate 0 type array 0
[17.206s][debug][gc,humongous      ] GC(34) Live humongous region 15 object size 524304 start 0x0000000780f00000  with remset 0 code roots 0 is marked 0 reclaim candidate 0 type array 0
[17.206s][debug][gc,humongous      ] GC(34) Live humongous region 16 object size 1048592 start 0x0000000781000000  with remset 0 code roots 0 is marked 0 reclaim candidate 0 type array 0
[17.206s][debug][gc,humongous      ] GC(34) Live humongous region 19 object size 524304 start 0x0000000781300000  with remset 0 code roots 0 is marked 1 reclaim candidate 0 type array 0
[17.206s][debug][gc,humongous      ] GC(34) Live humongous region 22 object size 524304 start 0x0000000781600000  with remset 0 code roots 0 is marked 0 reclaim candidate 0 type array 0
[17.206s][debug][gc,humongous      ] GC(34) Live humongous region 31 object size 1048592 start 0x0000000781f00000  with remset 0 code roots 0 is marked 0 reclaim candidate 0 type array 0
[17.206s][debug][gc,plab           ] GC(34) Young PLAB allocation: allocated: 26214400B, wasted: 2440B, unused: 0B, used: 26211960B, undo waste: 0B, 
[17.206s][debug][gc,plab           ] GC(34) Young other allocation: region end waste: 0B, regions filled: 25, direct allocated: 0B, failure used: 0B, failure wasted: 0B
[17.206s][debug][gc,plab           ] GC(34) Young sizing: calculated: 5242392B, actual: 4371448B
[17.206s][debug][gc,plab           ] GC(34) Old PLAB allocation: allocated: 26214400B, wasted: 1120B, unused: 650384B, used: 25562896B, undo waste: 0B, 
[17.206s][debug][gc,plab           ] GC(34) Old other allocation: region end waste: 0B, regions filled: 25, direct allocated: 0B, failure used: 0B, failure wasted: 0B
[17.206s][debug][gc,plab           ] GC(34) Old sizing: calculated: 5112576B, actual: 4482136B
[17.206s][debug][gc,alloc,stats    ] Old generation allocation in the last mutator period, old gen allocated: 26214400B, humongous allocated: 13631488B,old gen growth: 36700160B.
[17.206s][debug][gc,ihop           ] GC(34) Basic information (value update), threshold: 35265729B (4.36), target occupancy: 809500672B, current occupancy: 88080384B, recent allocation size: 39845888B, recent allocation duration: 474.16ms, recent old gen allocation rate: 84033836.61B/s, recent marking phase length: 232.15ms
[17.206s][debug][gc,ihop           ] GC(34) Adaptive IHOP information (value update), threshold: 35265729B (4.59), internal target occupancy: 769025638B, occupancy: 88080384B, additional buffer size: 226492416B, predicted old gen allocation rate: 1429020521.75B/s, predicted marking phase length: 354.98ms, prediction active: true
[17.206s][debug][gc,ergo,refine    ] GC(34) Updated Refinement Zones: green: 20, yellow: 60, red: 100
[17.206s][info ][gc,phases         ] GC(34)   Pre Evacuate Collection Set: 0.1ms
[17.206s][debug][gc,phases         ] GC(34)     Prepare TLABs: 0.0ms
[17.206s][debug][gc,phases         ] GC(34)     Choose Collection Set: 0.0ms
[17.206s][debug][gc,phases         ] GC(34)     Humongous Register: 0.0ms
[17.206s][debug][gc,phases         ] GC(34)     Clear Claimed Marks: 0.0ms
[17.206s][info ][gc,phases         ] GC(34)   Evacuate Collection Set: 58.0ms
[17.206s][debug][gc,phases         ] GC(34)     Ext Root Scanning (ms):   Min:  0.3, Avg:  0.4, Max:  0.4, Diff:  0.0, Sum:  1.4, Workers: 4
[17.206s][debug][gc,phases         ] GC(34)     Update RS (ms):           Min:  1.5, Avg:  2.0, Max:  2.5, Diff:  1.0, Sum:  7.9, Workers: 4
[17.206s][debug][gc,phases         ] GC(34)       Processed Buffers:        Min: 3, Avg:  5.2, Max: 8, Diff: 5, Sum: 21, Workers: 4
[17.206s][debug][gc,phases         ] GC(34)       Scanned Cards:            Min: 768, Avg: 1225.2, Max: 2048, Diff: 1280, Sum: 4901, Workers: 4
[17.206s][debug][gc,phases         ] GC(34)       Skipped Cards:            Min: 0, Avg:  0.0, Max: 0, Diff: 0, Sum: 0, Workers: 4
[17.206s][debug][gc,phases         ] GC(34)     Scan RS (ms):             Min:  1.2, Avg:  1.4, Max:  1.6, Diff:  0.4, Sum:  5.7, Workers: 4
[17.206s][debug][gc,phases         ] GC(34)       Scanned Cards:            Min: 456, Avg: 587.0, Max: 720, Diff: 264, Sum: 2348, Workers: 4
[17.206s][debug][gc,phases         ] GC(34)       Claimed Cards:            Min: 464, Avg: 700.8, Max: 1106, Diff: 642, Sum: 2803, Workers: 4
[17.206s][debug][gc,phases         ] GC(34)       Skipped Cards:            Min: 151, Avg: 545.5, Max: 825, Diff: 674, Sum: 2182, Workers: 4
[17.206s][debug][gc,phases         ] GC(34)     Code Root Scanning (ms):  Min:  0.0, Avg:  0.0, Max:  0.0, Diff:  0.0, Sum:  0.0, Workers: 4
[17.206s][debug][gc,phases         ] GC(34)     JVMCI Root Scan (ms):     skipped
[17.206s][debug][gc,phases         ] GC(34)     Object Copy (ms):         Min: 53.2, Avg: 53.9, Max: 54.4, Diff:  1.2, Sum: 215.5, Workers: 4
[17.206s][debug][gc,phases         ] GC(34)     Termination (ms):         Min:  0.0, Avg:  0.0, Max:  0.0, Diff:  0.0, Sum:  0.0, Workers: 4
[17.206s][debug][gc,phases         ] GC(34)       Termination Attempts:     Min: 1, Avg:  1.0, Max: 1, Diff: 0, Sum: 4, Workers: 4
[17.206s][debug][gc,phases         ] GC(34)     GC Worker Other (ms):     Min:  0.2, Avg:  0.2, Max:  0.2, Diff:  0.1, Sum:  0.8, Workers: 4
[17.206s][debug][gc,phases         ] GC(34)     GC Worker Total (ms):     Min: 57.8, Avg: 57.8, Max: 57.9, Diff:  0.1, Sum: 231.3, Workers: 4
[17.206s][info ][gc,phases         ] GC(34)   Post Evacuate Collection Set: 0.4ms
[17.206s][debug][gc,phases         ] GC(34)     Code Roots Fixup: 0.0ms
[17.206s][debug][gc,phases         ] GC(34)     Clear Card Table: 0.0ms
[17.206s][debug][gc,phases         ] GC(34)     Reference Processing: 0.0ms
[17.206s][debug][gc,phases,ref     ] GC(34)       Reconsider SoftReferences: 0.0ms
[17.206s][debug][gc,phases,ref     ] GC(34)         SoftRef (ms):             skipped
[17.206s][debug][gc,phases,ref     ] GC(34)       Notify Soft/WeakReferences: 0.0ms
[17.206s][debug][gc,phases,ref     ] GC(34)         SoftRef (ms):             skipped
[17.206s][debug][gc,phases,ref     ] GC(34)         WeakRef (ms):             skipped
[17.206s][debug][gc,phases,ref     ] GC(34)         FinalRef (ms):            skipped
[17.206s][debug][gc,phases,ref     ] GC(34)         Total (ms):               skipped
[17.206s][debug][gc,phases,ref     ] GC(34)       Notify and keep alive finalizable: 0.0ms
[17.206s][debug][gc,phases,ref     ] GC(34)         FinalRef (ms):            skipped
[17.206s][debug][gc,phases,ref     ] GC(34)       Notify PhantomReferences: 0.0ms
[17.206s][debug][gc,phases,ref     ] GC(34)         PhantomRef (ms):          skipped
[17.206s][debug][gc,phases,ref     ] GC(34)       SoftReference:
[17.206s][debug][gc,phases,ref     ] GC(34)         Discovered: 0
[17.206s][debug][gc,phases,ref     ] GC(34)         Cleared: 0
[17.206s][debug][gc,phases,ref     ] GC(34)       WeakReference:
[17.206s][debug][gc,phases,ref     ] GC(34)         Discovered: 0
[17.206s][debug][gc,phases,ref     ] GC(34)         Cleared: 0
[17.206s][debug][gc,phases,ref     ] GC(34)       FinalReference:
[17.207s][debug][gc,phases,ref     ] GC(34)         Discovered: 0
[17.207s][debug][gc,phases,ref     ] GC(34)         Cleared: 0
[17.207s][debug][gc,phases,ref     ] GC(34)       PhantomReference:
[17.207s][debug][gc,phases,ref     ] GC(34)         Discovered: 0
[17.207s][debug][gc,phases,ref     ] GC(34)         Cleared: 0
[17.207s][debug][gc,phases         ] GC(34)     Weak Processing: 0.0ms
[17.207s][debug][gc,phases         ] GC(34)     Merge Per-Thread State: 0.0ms
[17.207s][debug][gc,phases         ] GC(34)     Code Roots Purge: 0.0ms
[17.207s][debug][gc,phases         ] GC(34)     Redirty Cards: 0.0ms
[17.207s][debug][gc,phases         ] GC(34)     DerivedPointerTable Update: 0.0ms
[17.207s][debug][gc,phases         ] GC(34)     Free Collection Set: 0.1ms
[17.207s][debug][gc,phases         ] GC(34)     Humongous Reclaim: 0.1ms
[17.207s][debug][gc,phases         ] GC(34)     Start New Collection Set: 0.0ms
[17.207s][debug][gc,phases         ] GC(34)     Resize TLABs: 0.0ms
[17.207s][debug][gc,phases         ] GC(34)     Expand Heap After Collection: 0.0ms
[17.207s][info ][gc,phases         ] GC(34)   Other: 0.5ms
[17.207s][info ][gc,heap           ] GC(34) Eden regions: 47->0(191)
[17.207s][info ][gc,heap           ] GC(34) Survivor regions: 6->25(25)
[17.207s][info ][gc,heap           ] GC(34) Old regions: 21->46
[17.207s][info ][gc,heap           ] GC(34) Humongous regions: 13->13
[17.207s][info ][gc,metaspace      ] GC(34) Metaspace: 13099K->13099K(1060864K)
[17.207s][debug][gc,heap           ] GC(34) Heap after GC invocations=35 (full 0): garbage-first heap   total 790528K, used 86016K [0x0000000780000000, 0x0000000800000000)
[17.207s][debug][gc,heap           ] GC(34)   region size 1024K, 25 young (25600K), 25 survivors (25600K)
[17.207s][debug][gc,heap           ] GC(34)  Metaspace       used 13099K, capacity 13489K, committed 13568K, reserved 1060864K
[17.207s][debug][gc,heap           ] GC(34)   class space    used 1348K, capacity 1507K, committed 1536K, reserved 1048576K
[17.207s][info ][gc                ] GC(34) Pause Young (Concurrent Start) (G1 Humongous Allocation) 87M->84M(772M) 59.742ms
[17.207s][info ][gc,cpu            ] GC(34) User=0.22s Sys=0.01s Real=0.06s
[17.207s][info ][gc                ] GC(35) Concurrent Cycle
[17.207s][debug][gc,refine         ] Deactivated worker 0, off threshold: 20, current: 9, processed: 0
[17.207s][info ][gc,marking        ] GC(35) Concurrent Clear Claimed Marks
[17.207s][info ][gc,marking        ] GC(35) Concurrent Clear Claimed Marks 0.125ms
[17.207s][info ][gc,marking        ] GC(35) Concurrent Scan Root Regions
[17.207s][debug][gc,ergo           ] GC(35) Running G1 Root Region Scan using 1 workers for 25 work units.
[17.218s][info ][gc,marking        ] GC(35) Concurrent Scan Root Regions 11.296ms
[17.218s][info ][gc,marking        ] GC(35) Concurrent Mark (17.218s)
[17.218s][info ][gc,marking        ] GC(35) Concurrent Mark From Roots
[17.219s][info ][gc,task           ] GC(35) Using 1 workers of 1 for marking
[17.226s][debug][gc,stats          ] ---------------------------------------------------------------------
[17.226s][debug][gc,stats          ] Marking Stats, task = 0, calls = 1
[17.226s][debug][gc,stats          ]   Elapsed time = 7.24ms, Termination time = 0.00ms
[17.226s][debug][gc,stats          ]   Step Times (cum): num = 185, avg = 0.60ms, sd = 2.11ms max = 9.74ms, total = 110.67ms
[17.226s][debug][gc,stats          ]   Mark Stats Cache: hits 62867 misses 24 ratio 99.962
[17.226s][debug][gc,stats          ] ---------------------------------------------------------------------
[17.226s][info ][gc,marking        ] GC(35) Concurrent Mark From Roots 7.492ms
[17.226s][info ][gc,marking        ] GC(35) Concurrent Preclean
[17.226s][debug][gc,ref,start      ] GC(35) Preclean SoftReferences
[17.226s][debug][gc,ref            ] GC(35) Preclean SoftReferences 0.013ms
[17.226s][debug][gc,ref,start      ] GC(35) Preclean WeakReferences
[17.226s][debug][gc,ref            ] GC(35) Preclean WeakReferences 0.016ms
[17.226s][debug][gc,ref,start      ] GC(35) Preclean FinalReferences
[17.226s][debug][gc,ref            ] GC(35) Preclean FinalReferences 0.008ms
[17.226s][debug][gc,ref,start      ] GC(35) Preclean PhantomReferences
[17.226s][debug][gc,ref            ] GC(35) Preclean PhantomReferences 0.009ms
[17.226s][info ][gc,marking        ] GC(35) Concurrent Preclean 0.084ms
[17.226s][info ][gc,marking        ] GC(35) Concurrent Mark (17.218s, 17.226s) 7.646ms
[17.226s][info ][gc,start          ] GC(35) Pause Remark
[17.226s][debug][gc,phases,start   ] GC(35) Finalize Marking
[17.227s][debug][gc,stats          ] ---------------------------------------------------------------------
[17.227s][debug][gc,stats          ] Marking Stats, task = 0, calls = 18
[17.227s][debug][gc,stats          ]   Elapsed time = 0.50ms, Termination time = 0.48ms
[17.227s][debug][gc,stats          ]   Step Times (cum): num = 202, avg = 0.55ms, sd = 2.03ms max = 9.74ms, total = 111.16ms
[17.227s][debug][gc,stats          ]   Mark Stats Cache: hits 62867 misses 24 ratio 99.962
[17.227s][debug][gc,stats          ] ---------------------------------------------------------------------
[17.227s][debug][gc,stats          ] Marking Stats, task = 1, calls = 1
[17.227s][debug][gc,stats          ]   Elapsed time = 0.52ms, Termination time = 0.49ms
[17.227s][debug][gc,stats          ]   Step Times (cum): num = 12, avg = 0.21ms, sd = 0.22ms max = 0.57ms, total = 2.47ms
[17.227s][debug][gc,stats          ]   Mark Stats Cache: hits 69 misses 3 ratio 95.833
[17.227s][debug][gc,stats          ] ---------------------------------------------------------------------
[17.227s][debug][gc,stats          ] Marking Stats, task = 2, calls = 1
[17.227s][debug][gc,stats          ]   Elapsed time = 0.52ms, Termination time = 0.51ms
[17.227s][debug][gc,stats          ]   Step Times (cum): num = 11, avg = 0.19ms, sd = 0.22ms max = 0.52ms, total = 2.14ms
[17.227s][debug][gc,stats          ]   Mark Stats Cache: hits 38 misses 2 ratio 95.000
[17.227s][debug][gc,stats          ] ---------------------------------------------------------------------
[17.227s][debug][gc,stats          ] Marking Stats, task = 3, calls = 1
[17.227s][debug][gc,stats          ]   Elapsed time = 0.00ms, Termination time = 0.00ms
[17.227s][debug][gc,stats          ]   Step Times (cum): num = 9, avg = 0.00ms, sd = 0.00ms max = 0.02ms, total = 0.04ms
[17.227s][debug][gc,stats          ]   Mark Stats Cache: hits 91 misses 3 ratio 96.809
[17.227s][debug][gc,stats          ] ---------------------------------------------------------------------
[17.227s][debug][gc,phases         ] GC(35) Finalize Marking 0.779ms
[17.227s][debug][gc,phases,start   ] GC(35) Reference Processing
[17.227s][debug][gc,ref            ] GC(35) Skipped phase1 of Reference Processing due to unavailable references
[17.227s][debug][gc,ref            ] GC(35) Skipped phase2 of Reference Processing due to unavailable references
[17.227s][debug][gc,ref            ] GC(35) Skipped phase3 of Reference Processing due to unavailable references
[17.227s][debug][gc,ref            ] GC(35) Skipped phase4 of Reference Processing due to unavailable references
[17.227s][debug][gc,phases,ref     ] GC(35) Reference Processing: 0.0ms
[17.227s][debug][gc,phases,ref     ] GC(35)   Reconsider SoftReferences: 0.0ms
[17.227s][debug][gc,phases,ref     ] GC(35)     SoftRef (ms):             skipped
[17.227s][debug][gc,phases,ref     ] GC(35)   Notify Soft/WeakReferences: 0.0ms
[17.227s][debug][gc,phases,ref     ] GC(35)     SoftRef (ms):             skipped
[17.227s][debug][gc,phases,ref     ] GC(35)     WeakRef (ms):             skipped
[17.227s][debug][gc,phases,ref     ] GC(35)     FinalRef (ms):            skipped
[17.227s][debug][gc,phases,ref     ] GC(35)     Total (ms):               skipped
[17.227s][debug][gc,phases,ref     ] GC(35)   Notify and keep alive finalizable: 0.0ms
[17.227s][debug][gc,phases,ref     ] GC(35)     FinalRef (ms):            skipped
[17.227s][debug][gc,phases,ref     ] GC(35)   Notify PhantomReferences: 0.0ms
[17.227s][debug][gc,phases,ref     ] GC(35)     PhantomRef (ms):          skipped
[17.227s][debug][gc,phases,ref     ] GC(35)   SoftReference:
[17.227s][debug][gc,phases,ref     ] GC(35)     Discovered: 0
[17.227s][debug][gc,phases,ref     ] GC(35)     Cleared: 0
[17.227s][debug][gc,phases,ref     ] GC(35)   WeakReference:
[17.227s][debug][gc,phases,ref     ] GC(35)     Discovered: 0
[17.227s][debug][gc,phases,ref     ] GC(35)     Cleared: 0
[17.227s][debug][gc,phases,ref     ] GC(35)   FinalReference:
[17.227s][debug][gc,phases,ref     ] GC(35)     Discovered: 0
[17.227s][debug][gc,phases,ref     ] GC(35)     Cleared: 0
[17.227s][debug][gc,phases,ref     ] GC(35)   PhantomReference:
[17.227s][debug][gc,phases,ref     ] GC(35)     Discovered: 0
[17.227s][debug][gc,phases,ref     ] GC(35)     Cleared: 0
[17.227s][debug][gc,phases         ] GC(35) Reference Processing 0.192ms
[17.227s][debug][gc,phases,start   ] GC(35) Weak Processing
[17.227s][debug][gc,phases         ] GC(35) Weak Processing 0.031ms
[17.227s][debug][gc,phases,start   ] GC(35) Class Unloading
[17.227s][debug][gc,phases,start   ] GC(35) ClassLoaderData
[17.227s][debug][gc,phases         ] GC(35) ClassLoaderData 0.081ms
[17.227s][debug][gc,phases,start   ] GC(35) ProtectionDomainCacheTable
[17.227s][debug][gc,phases         ] GC(35) ProtectionDomainCacheTable 0.010ms
[17.228s][info ][gc,stringtable    ] GC(35) Cleaned string and symbol table, strings: 6109 processed, 0 removed, symbols: 45217 processed, 0 removed
[17.228s][debug][gc,phases         ] GC(35) Class Unloading 1.153ms
[17.228s][debug][gc,phases,start   ] GC(35) Flush Task Caches
[17.228s][debug][gc,stats          ] Mark stats cache hits 63065 misses 32 ratio 99.949
[17.228s][debug][gc,phases         ] GC(35) Flush Task Caches 0.020ms
[17.228s][debug][gc,phases,start   ] GC(35) Update Remembered Set Tracking Before Rebuild
[17.228s][debug][gc,ergo           ] GC(35) Running G1 Update RemSet Tracking Before Rebuild using 3 workers for 772 regions in heap
[17.229s][debug][gc,remset,tracking] GC(35) Remembered Set Tracking update regions total 772, selected 25
[17.229s][debug][gc,phases         ] GC(35) Update Remembered Set Tracking Before Rebuild 0.108ms
[17.229s][debug][gc,phases,start   ] GC(35) Reclaim Empty Regions
[17.229s][debug][gc                ] GC(35) Reclaimed 33 empty regions
[17.229s][debug][gc,phases         ] GC(35) Reclaim Empty Regions 0.069ms
[17.229s][debug][gc,phases,start   ] GC(35) Purge Metaspace
[17.229s][debug][gc,phases         ] GC(35) Purge Metaspace 0.006ms
[17.229s][debug][gc,phases,start   ] GC(35) Report Object Count
[17.229s][debug][gc,phases         ] GC(35) Report Object Count 0.006ms
[17.229s][info ][gc                ] GC(35) Pause Remark 86M->53M(772M) 2.471ms
[17.229s][info ][gc,cpu            ] GC(35) User=0.01s Sys=0.00s Real=0.00s
[17.229s][info ][gc,marking        ] GC(35) Concurrent Rebuild Remembered Sets
[17.233s][info ][gc,marking        ] GC(35) Concurrent Rebuild Remembered Sets 4.721ms
[17.234s][info ][gc,start          ] GC(35) Pause Cleanup
[17.234s][debug][gc,phases,start   ] GC(35) Update Remembered Set Tracking After Rebuild
[17.234s][debug][gc,phases         ] GC(35) Update Remembered Set Tracking After Rebuild 0.021ms
[17.234s][debug][gc,phases,start   ] GC(35) Finalize Concurrent Mark Cleanup
[17.234s][debug][gc,ergo           ] GC(35) request young-only gcs (reclaimable percentage not over threshold). candidate old regions: 24 reclaimable: 23459432 (2.90) threshold: 5
[17.234s][debug][gc,phases         ] GC(35) Finalize Concurrent Mark Cleanup 0.104ms
[17.234s][info ][gc                ] GC(35) Pause Cleanup 53M->53M(772M) 0.156ms
[17.234s][info ][gc,cpu            ] GC(35) User=0.00s Sys=0.00s Real=0.00s
[17.234s][info ][gc,marking        ] GC(35) Concurrent Cleanup for Next Mark
[17.234s][debug][gc,ergo           ] GC(35) Running G1 Clear Bitmap with 1 workers for 13 work units.
[17.235s][info ][gc,marking        ] GC(35) Concurrent Cleanup for Next Mark 1.006ms
[17.235s][info ][gc                ] GC(35) Concurrent Cycle 27.982ms
[17.327s][debug][gc,refine         ] Activated worker 0, on threshold: 22, current: 22
[17.327s][debug][gc,refine         ] Deactivated worker 0, off threshold: 20, current: 20, processed: 2
[17.329s][debug][gc,refine         ] Activated worker 0, on threshold: 22, current: 22
[17.329s][debug][gc,refine         ] Deactivated worker 0, off threshold: 20, current: 20, processed: 7
[17.435s][debug][gc,refine         ] Activated worker 0, on threshold: 22, current: 24
[17.438s][debug][gc,refine         ] Deactivated worker 0, off threshold: 20, current: 20, processed: 4
[17.439s][debug][gc,refine         ] Activated worker 0, on threshold: 22, current: 22
[17.440s][debug][gc,refine         ] Deactivated worker 0, off threshold: 20, current: 20, processed: 2
[17.440s][debug][gc,refine         ] Activated worker 0, on threshold: 22, current: 25
[17.441s][debug][gc,refine         ] Deactivated worker 0, off threshold: 20, current: 20, processed: 6
[17.551s][debug][gc,ergo,ihop      ] Request concurrent cycle initiation (occupancy higher than threshold) occupancy: 35651584B allocation request: 524304B threshold: 35265729B (4.36) source: concurrent humongous allocation
[17.551s][debug][gc,ergo           ] Request concurrent cycle initiation (requested by GC cause). GC cause: G1 Humongous Allocation
[17.551s][debug][gc,heap           ] GC(36) Heap before GC invocations=36 (full 0): garbage-first heap   total 790528K, used 87040K [0x0000000780000000, 0x0000000800000000)
[17.551s][debug][gc,heap           ] GC(36)   region size 1024K, 52 young (53248K), 25 survivors (25600K)
[17.551s][debug][gc,heap           ] GC(36)  Metaspace       used 13099K, capacity 13489K, committed 13568K, reserved 1060864K
[17.551s][debug][gc,heap           ] GC(36)   class space    used 1348K, capacity 1507K, committed 1536K, reserved 1048576K
[17.551s][debug][gc,ergo           ] GC(36) Initiate concurrent cycle (concurrent cycle initiation requested)
[17.551s][info ][gc,start          ] GC(36) Pause Young (Concurrent Start) (G1 Humongous Allocation)
[17.551s][info ][gc,task           ] GC(36) Using 4 workers of 4 for evacuation
[17.552s][debug][gc,tlab           ] GC(36) TLAB totals: thrds: 1  refills: 77 max: 77 slow allocs: 8 max 8 waste:  0.6% gc: 108256B max: 108256B slow: 49808B max: 49808B fast: 0B max: 0B
[17.552s][debug][gc,alloc,region   ] GC(36) Mutator Allocation stats, regions: 27, wasted size: 0B ( 0.0%)
[17.552s][debug][gc,age            ] GC(36) Desired survivor size 14155776 bytes, new threshold 1 (max threshold 15)
[17.552s][debug][gc,ergo,cset      ] GC(36) Finish choosing CSet. old: 0 regions, predicted old region time: 0.00ms, time remaining: 153.90
[17.552s][debug][gc,refine         ] Activated worker 0, on threshold: 22, current: 22
[17.552s][debug][gc,task,stats     ] GC(36) GC Termination Stats
[17.552s][debug][gc,task,stats     ] GC(36)      elapsed  --strong roots-- -------termination------- ------waste (KiB)------
[17.552s][debug][gc,task,stats     ] GC(36) thr     ms        ms      %        ms      %    attempts  total   alloc    undo
[17.552s][debug][gc,task,stats     ] GC(36) --- --------- --------- ------ --------- ------ -------- ------- ------- -------
[17.596s][debug][gc,task,stats     ] GC(36)   2     43.68     36.03  82.48      0.02   0.04        6       0       0       0
[17.596s][debug][gc,task,stats     ] GC(36)   3     43.89     38.37  87.42      0.10   0.22        2       0       0       0
[17.596s][debug][gc,task,stats     ] GC(36)   0     43.99     38.21  86.87      0.01   0.02        3       0       0       0
[17.596s][debug][gc,task,stats     ] GC(36)   1     44.02     36.59  83.12      0.00   0.01        1       0       0       0
[17.596s][debug][gc,ergo           ] GC(36) Running G1 Clear Card Table Task using 1 workers for 1 units of work for 64 regions.
[17.596s][debug][gc,ref            ] GC(36) Skipped phase1 of Reference Processing due to unavailable references
[17.596s][debug][gc,ref            ] GC(36) Skipped phase2 of Reference Processing due to unavailable references
[17.596s][debug][gc,ref            ] GC(36) Skipped phase3 of Reference Processing due to unavailable references
[17.596s][debug][gc,ref            ] GC(36) Skipped phase4 of Reference Processing due to unavailable references
[17.596s][debug][gc,ergo           ] GC(36) Running G1 Free Collection Set using 1 workers for collection set length 52
[17.596s][debug][gc,humongous      ] GC(36) Live humongous region 5 object size 524304 start 0x0000000780500000  with remset 0 code roots 0 is marked 0 reclaim candidate 0 type array 0
[17.596s][debug][gc,humongous      ] GC(36) Live humongous region 6 object size 1048592 start 0x0000000780600000  with remset 0 code roots 0 is marked 0 reclaim candidate 0 type array 0
[17.596s][debug][gc,humongous      ] GC(36) Live humongous region 8 object size 524304 start 0x0000000780800000  with remset 0 code roots 0 is marked 0 reclaim candidate 0 type array 0
[17.596s][debug][gc,humongous      ] GC(36) Live humongous region 13 object size 1048592 start 0x0000000780d00000  with remset 0 code roots 0 is marked 0 reclaim candidate 0 type array 0
[17.596s][debug][gc,humongous      ] GC(36) Live humongous region 19 object size 524304 start 0x0000000781300000  with remset 0 code roots 0 is marked 0 reclaim candidate 0 type array 0
[17.596s][debug][gc,humongous      ] GC(36) Live humongous region 51 object size 1048592 start 0x0000000783300000  with remset 0 code roots 0 is marked 0 reclaim candidate 0 type array 0
[17.596s][debug][gc,plab           ] GC(36) Young PLAB allocation: allocated: 26738688B, wasted: 1128B, unused: 417544B, used: 26320016B, undo waste: 0B, 
[17.596s][debug][gc,plab           ] GC(36) Young other allocation: region end waste: 0B, regions filled: 26, direct allocated: 0B, failure used: 0B, failure wasted: 0B
[17.596s][debug][gc,plab           ] GC(36) Young sizing: calculated: 5264000B, actual: 5040856B
[17.596s][debug][gc,plab           ] GC(36) Old PLAB allocation: allocated: 11010048B, wasted: 448B, unused: 872032B, used: 10137568B, undo waste: 0B, 
[17.596s][debug][gc,plab           ] GC(36) Old other allocation: region end waste: 0B, regions filled: 11, direct allocated: 0B, failure used: 0B, failure wasted: 0B
[17.596s][debug][gc,plab           ] GC(36) Old sizing: calculated: 2027512B, actual: 2641168B
[17.597s][debug][gc,ergo,heap      ] GC(36) Attempt heap expansion (recent GC overhead higher than threshold after GC) recent GC overhead: 10.48 % threshold: 5.80 % uncommitted: 1337982976B base expansion amount and scale: 267596595B (100.00%)
[17.597s][debug][gc,ergo,heap      ] GC(36) Expand the heap. requested expansion amount: 267596595B expansion amount: 268435456B
[17.599s][debug][gc,ihop           ] GC(36) Target occupancy update: old: 809500672B, new: 1077936128B
[17.600s][debug][gc,alloc,stats    ] Old generation allocation in the last mutator period, old gen allocated: 11010048B, humongous allocated: 8388608B,old gen growth: 11010048B.
[17.600s][debug][gc,ihop           ] GC(36) Basic information (value update), threshold: 297233727B (27.57), target occupancy: 1077936128B, current occupancy: 73400320B, recent allocation size: 19398656B, recent allocation duration: 343.28ms, recent old gen allocation rate: 56509416.93B/s, recent marking phase length: 232.15ms
[17.600s][debug][gc,ihop           ] GC(36) Adaptive IHOP information (value update), threshold: 297233727B (29.03), internal target occupancy: 1024039321B, occupancy: 73400320B, additional buffer size: 235929600B, predicted old gen allocation rate: 1382844118.94B/s, predicted marking phase length: 354.98ms, prediction active: true
[17.600s][debug][gc,ergo,refine    ] GC(36) Updated Refinement Zones: green: 22, yellow: 66, red: 110
[17.600s][info ][gc,phases         ] GC(36)   Pre Evacuate Collection Set: 0.1ms
[17.600s][debug][gc,phases         ] GC(36)     Prepare TLABs: 0.1ms
[17.600s][debug][gc,phases         ] GC(36)     Choose Collection Set: 0.0ms
[17.600s][debug][gc,phases         ] GC(36)     Humongous Register: 0.0ms
[17.600s][debug][gc,phases         ] GC(36)     Clear Claimed Marks: 0.0ms
[17.600s][info ][gc,phases         ] GC(36)   Evacuate Collection Set: 44.2ms
[17.600s][debug][gc,phases         ] GC(36)     Ext Root Scanning (ms):   Min:  0.4, Avg:  0.4, Max:  0.5, Diff:  0.0, Sum:  1.8, Workers: 4
[17.600s][debug][gc,phases         ] GC(36)     Update RS (ms):           Min:  1.2, Avg:  2.0, Max:  3.5, Diff:  2.4, Sum:  7.8, Workers: 4
[17.600s][debug][gc,phases         ] GC(36)       Processed Buffers:        Min: 2, Avg:  5.5, Max: 12, Diff: 10, Sum: 22, Workers: 4
[17.600s][debug][gc,phases         ] GC(36)       Scanned Cards:            Min: 452, Avg: 1273.2, Max: 3072, Diff: 2620, Sum: 5093, Workers: 4
[17.600s][debug][gc,phases         ] GC(36)       Skipped Cards:            Min: 0, Avg: 15.0, Max: 60, Diff: 60, Sum: 60, Workers: 4
[17.600s][debug][gc,phases         ] GC(36)     Scan RS (ms):             Min:  0.2, Avg:  0.5, Max:  0.8, Diff:  0.7, Sum:  2.1, Workers: 4
[17.600s][debug][gc,phases         ] GC(36)       Scanned Cards:            Min: 67, Avg: 210.0, Max: 339, Diff: 272, Sum: 840, Workers: 4
[17.600s][debug][gc,phases         ] GC(36)       Claimed Cards:            Min: 69, Avg: 217.5, Max: 353, Diff: 284, Sum: 870, Workers: 4
[17.600s][debug][gc,phases         ] GC(36)       Skipped Cards:            Min: 35, Avg: 123.0, Max: 176, Diff: 141, Sum: 492, Workers: 4
[17.600s][debug][gc,phases         ] GC(36)     Code Root Scanning (ms):  Min:  0.0, Avg:  0.0, Max:  0.0, Diff:  0.0, Sum:  0.0, Workers: 4
[17.600s][debug][gc,phases         ] GC(36)     JVMCI Root Scan (ms):     skipped
[17.600s][debug][gc,phases         ] GC(36)     Object Copy (ms):         Min: 38.7, Avg: 40.7, Max: 41.7, Diff:  2.9, Sum: 162.9, Workers: 4
[17.600s][debug][gc,phases         ] GC(36)     Termination (ms):         Min:  0.0, Avg:  0.0, Max:  0.1, Diff:  0.1, Sum:  0.1, Workers: 4
[17.600s][debug][gc,phases         ] GC(36)       Termination Attempts:     Min: 1, Avg:  3.0, Max: 6, Diff: 5, Sum: 12, Workers: 4
[17.600s][debug][gc,phases         ] GC(36)     GC Worker Other (ms):     Min:  0.1, Avg:  0.3, Max:  0.4, Diff:  0.3, Sum:  1.1, Workers: 4
[17.600s][debug][gc,phases         ] GC(36)     GC Worker Total (ms):     Min: 43.8, Avg: 44.0, Max: 44.1, Diff:  0.3, Sum: 175.8, Workers: 4
[17.600s][info ][gc,phases         ] GC(36)   Post Evacuate Collection Set: 3.3ms
[17.600s][debug][gc,phases         ] GC(36)     Code Roots Fixup: 0.0ms
[17.600s][debug][gc,phases         ] GC(36)     Clear Card Table: 0.0ms
[17.600s][debug][gc,phases         ] GC(36)     Reference Processing: 0.1ms
[17.600s][debug][gc,phases,ref     ] GC(36)       Reconsider SoftReferences: 0.0ms
[17.600s][debug][gc,phases,ref     ] GC(36)         SoftRef (ms):             skipped
[17.600s][debug][gc,phases,ref     ] GC(36)       Notify Soft/WeakReferences: 0.0ms
[17.600s][debug][gc,phases,ref     ] GC(36)         SoftRef (ms):             skipped
[17.600s][debug][gc,phases,ref     ] GC(36)         WeakRef (ms):             skipped
[17.600s][debug][gc,phases,ref     ] GC(36)         FinalRef (ms):            skipped
[17.600s][debug][gc,phases,ref     ] GC(36)         Total (ms):               skipped
[17.600s][debug][gc,phases,ref     ] GC(36)       Notify and keep alive finalizable: 0.0ms
[17.600s][debug][gc,phases,ref     ] GC(36)         FinalRef (ms):            skipped
[17.600s][debug][gc,phases,ref     ] GC(36)       Notify PhantomReferences: 0.0ms
[17.600s][debug][gc,phases,ref     ] GC(36)         PhantomRef (ms):          skipped
[17.600s][debug][gc,phases,ref     ] GC(36)       SoftReference:
[17.600s][debug][gc,phases,ref     ] GC(36)         Discovered: 0
[17.600s][debug][gc,phases,ref     ] GC(36)         Cleared: 0
[17.600s][debug][gc,phases,ref     ] GC(36)       WeakReference:
[17.600s][debug][gc,phases,ref     ] GC(36)         Discovered: 0
[17.600s][debug][gc,phases,ref     ] GC(36)         Cleared: 0
[17.600s][debug][gc,phases,ref     ] GC(36)       FinalReference:
[17.600s][debug][gc,phases,ref     ] GC(36)         Discovered: 0
[17.600s][debug][gc,phases,ref     ] GC(36)         Cleared: 0
[17.600s][debug][gc,phases,ref     ] GC(36)       PhantomReference:
[17.600s][debug][gc,phases,ref     ] GC(36)         Discovered: 0
[17.600s][debug][gc,phases,ref     ] GC(36)         Cleared: 0
[17.600s][debug][gc,phases         ] GC(36)     Weak Processing: 0.0ms
[17.600s][debug][gc,phases         ] GC(36)     Merge Per-Thread State: 0.0ms
[17.600s][debug][gc,phases         ] GC(36)     Code Roots Purge: 0.0ms
[17.600s][debug][gc,phases         ] GC(36)     Redirty Cards: 0.0ms
[17.600s][debug][gc,phases         ] GC(36)     DerivedPointerTable Update: 0.0ms
[17.600s][debug][gc,phases         ] GC(36)     Free Collection Set: 0.1ms
[17.600s][debug][gc,phases         ] GC(36)     Humongous Reclaim: 0.1ms
[17.600s][debug][gc,phases         ] GC(36)     Start New Collection Set: 0.0ms
[17.600s][debug][gc,phases         ] GC(36)     Resize TLABs: 0.0ms
[17.600s][debug][gc,phases         ] GC(36)     Expand Heap After Collection: 3.0ms
[17.600s][info ][gc,phases         ] GC(36)   Other: 0.8ms
[17.600s][info ][gc,heap           ] GC(36) Eden regions: 27->0(199)
[17.600s][info ][gc,heap           ] GC(36) Survivor regions: 25->26(27)
[17.600s][info ][gc,heap           ] GC(36) Old regions: 25->36
[17.600s][info ][gc,heap           ] GC(36) Humongous regions: 9->9
[17.600s][info ][gc,metaspace      ] GC(36) Metaspace: 13099K->13099K(1060864K)
[17.600s][debug][gc,heap           ] GC(36) Heap after GC invocations=37 (full 0): garbage-first heap   total 1052672K, used 71680K [0x0000000780000000, 0x0000000800000000)
[17.600s][debug][gc,heap           ] GC(36)   region size 1024K, 26 young (26624K), 26 survivors (26624K)
[17.600s][debug][gc,heap           ] GC(36)  Metaspace       used 13099K, capacity 13489K, committed 13568K, reserved 1060864K
[17.600s][debug][gc,heap           ] GC(36)   class space    used 1348K, capacity 1507K, committed 1536K, reserved 1048576K
[17.600s][info ][gc                ] GC(36) Pause Young (Concurrent Start) (G1 Humongous Allocation) 85M->70M(1028M) 49.098ms
[17.600s][info ][gc,cpu            ] GC(36) User=0.17s Sys=0.00s Real=0.05s
[17.600s][debug][gc,refine         ] Deactivated worker 0, off threshold: 22, current: 8, processed: 0
[17.600s][info ][gc                ] GC(37) Concurrent Cycle
[17.601s][info ][gc,marking        ] GC(37) Concurrent Clear Claimed Marks
[17.601s][info ][gc,marking        ] GC(37) Concurrent Clear Claimed Marks 0.059ms
[17.601s][info ][gc,marking        ] GC(37) Concurrent Scan Root Regions
[17.601s][debug][gc,ergo           ] GC(37) Running G1 Root Region Scan using 1 workers for 26 work units.
[17.621s][info ][gc,marking        ] GC(37) Concurrent Scan Root Regions 20.255ms
[17.621s][info ][gc,marking        ] GC(37) Concurrent Mark (17.621s)
[17.621s][info ][gc,marking        ] GC(37) Concurrent Mark From Roots
[17.621s][info ][gc,task           ] GC(37) Using 1 workers of 1 for marking
[17.626s][debug][gc,stats          ] ---------------------------------------------------------------------
[17.627s][debug][gc,stats          ] Marking Stats, task = 0, calls = 1
[17.627s][debug][gc,stats          ]   Elapsed time = 5.45ms, Termination time = 0.00ms
[17.627s][debug][gc,stats          ]   Step Times (cum): num = 203, avg = 0.57ms, sd = 2.05ms max = 9.74ms, total = 116.61ms
[17.627s][debug][gc,stats          ]   Mark Stats Cache: hits 59922 misses 23 ratio 99.962
[17.627s][debug][gc,stats          ] ---------------------------------------------------------------------
[17.627s][info ][gc,marking        ] GC(37) Concurrent Mark From Roots 5.657ms
[17.627s][info ][gc,marking        ] GC(37) Concurrent Preclean
[17.627s][debug][gc,ref,start      ] GC(37) Preclean SoftReferences
[17.627s][debug][gc,ref            ] GC(37) Preclean SoftReferences 0.013ms
[17.627s][debug][gc,ref,start      ] GC(37) Preclean WeakReferences
[17.627s][debug][gc,ref            ] GC(37) Preclean WeakReferences 0.067ms
[17.627s][debug][gc,ref,start      ] GC(37) Preclean FinalReferences
[17.627s][debug][gc,ref            ] GC(37) Preclean FinalReferences 0.014ms
[17.627s][debug][gc,ref,start      ] GC(37) Preclean PhantomReferences
[17.627s][debug][gc,ref            ] GC(37) Preclean PhantomReferences 0.013ms
[17.627s][info ][gc,marking        ] GC(37) Concurrent Preclean 0.178ms
[17.627s][info ][gc,marking        ] GC(37) Concurrent Mark (17.621s, 17.627s) 5.879ms
[17.627s][info ][gc,start          ] GC(37) Pause Remark
[17.627s][debug][gc,phases,start   ] GC(37) Finalize Marking
[17.628s][debug][gc,stats          ] ---------------------------------------------------------------------
[17.628s][debug][gc,stats          ] Marking Stats, task = 0, calls = 18
[17.628s][debug][gc,stats          ]   Elapsed time = 0.80ms, Termination time = 0.76ms
[17.628s][debug][gc,stats          ]   Step Times (cum): num = 220, avg = 0.53ms, sd = 1.98ms max = 9.74ms, total = 117.41ms
[17.628s][debug][gc,stats          ]   Mark Stats Cache: hits 59922 misses 23 ratio 99.962
[17.628s][debug][gc,stats          ] ---------------------------------------------------------------------
[17.628s][debug][gc,stats          ] Marking Stats, task = 1, calls = 1
[17.628s][debug][gc,stats          ]   Elapsed time = 0.77ms, Termination time = 0.76ms
[17.628s][debug][gc,stats          ]   Step Times (cum): num = 13, avg = 0.25ms, sd = 0.26ms max = 0.77ms, total = 3.23ms
[17.628s][debug][gc,stats          ]   Mark Stats Cache: hits 43 misses 3 ratio 93.478
[17.628s][debug][gc,stats          ] ---------------------------------------------------------------------
[17.628s][debug][gc,stats          ] Marking Stats, task = 2, calls = 1
[17.628s][debug][gc,stats          ]   Elapsed time = 0.72ms, Termination time = 0.72ms
[17.628s][debug][gc,stats          ]   Step Times (cum): num = 12, avg = 0.24ms, sd = 0.26ms max = 0.72ms, total = 2.86ms
[17.628s][debug][gc,stats          ]   Mark Stats Cache: hits 64 misses 4 ratio 94.118
[17.628s][debug][gc,stats          ] ---------------------------------------------------------------------
[17.628s][debug][gc,stats          ] Marking Stats, task = 3, calls = 1
[17.628s][debug][gc,stats          ]   Elapsed time = 0.00ms, Termination time = 0.00ms
[17.628s][debug][gc,stats          ]   Step Times (cum): num = 10, avg = 0.00ms, sd = 0.00ms max = 0.02ms, total = 0.04ms
[17.628s][debug][gc,stats          ]   Mark Stats Cache: hits 98 misses 3 ratio 97.030
[17.628s][debug][gc,stats          ] ---------------------------------------------------------------------
[17.628s][debug][gc,phases         ] GC(37) Finalize Marking 1.180ms
[17.628s][debug][gc,phases,start   ] GC(37) Reference Processing
[17.628s][debug][gc,ref            ] GC(37) Skipped phase1 of Reference Processing due to unavailable references
[17.628s][debug][gc,ref            ] GC(37) Skipped phase2 of Reference Processing due to unavailable references
[17.628s][debug][gc,ref            ] GC(37) Skipped phase3 of Reference Processing due to unavailable references
[17.628s][debug][gc,ref            ] GC(37) Skipped phase4 of Reference Processing due to unavailable references
[17.628s][debug][gc,phases,ref     ] GC(37) Reference Processing: 0.1ms
[17.628s][debug][gc,phases,ref     ] GC(37)   Reconsider SoftReferences: 0.0ms
[17.628s][debug][gc,phases,ref     ] GC(37)     SoftRef (ms):             skipped
[17.628s][debug][gc,phases,ref     ] GC(37)   Notify Soft/WeakReferences: 0.0ms
[17.628s][debug][gc,phases,ref     ] GC(37)     SoftRef (ms):             skipped
[17.628s][debug][gc,phases,ref     ] GC(37)     WeakRef (ms):             skipped
[17.628s][debug][gc,phases,ref     ] GC(37)     FinalRef (ms):            skipped
[17.628s][debug][gc,phases,ref     ] GC(37)     Total (ms):               skipped
[17.628s][debug][gc,phases,ref     ] GC(37)   Notify and keep alive finalizable: 0.0ms
[17.628s][debug][gc,phases,ref     ] GC(37)     FinalRef (ms):            skipped
[17.628s][debug][gc,phases,ref     ] GC(37)   Notify PhantomReferences: 0.0ms
[17.628s][debug][gc,phases,ref     ] GC(37)     PhantomRef (ms):          skipped
[17.628s][debug][gc,phases,ref     ] GC(37)   SoftReference:
[17.628s][debug][gc,phases,ref     ] GC(37)     Discovered: 0
[17.628s][debug][gc,phases,ref     ] GC(37)     Cleared: 0
[17.628s][debug][gc,phases,ref     ] GC(37)   WeakReference:
[17.628s][debug][gc,phases,ref     ] GC(37)     Discovered: 0
[17.628s][debug][gc,phases,ref     ] GC(37)     Cleared: 0
[17.628s][debug][gc,phases,ref     ] GC(37)   FinalReference:
[17.628s][debug][gc,phases,ref     ] GC(37)     Discovered: 0
[17.628s][debug][gc,phases,ref     ] GC(37)     Cleared: 0
[17.628s][debug][gc,phases,ref     ] GC(37)   PhantomReference:
[17.628s][debug][gc,phases,ref     ] GC(37)     Discovered: 0
[17.628s][debug][gc,phases,ref     ] GC(37)     Cleared: 0
[17.628s][debug][gc,phases         ] GC(37) Reference Processing 0.334ms
[17.628s][debug][gc,phases,start   ] GC(37) Weak Processing
[17.629s][debug][gc,phases         ] GC(37) Weak Processing 0.034ms
[17.629s][debug][gc,phases,start   ] GC(37) Class Unloading
[17.629s][debug][gc,phases,start   ] GC(37) ClassLoaderData
[17.629s][debug][gc,phases         ] GC(37) ClassLoaderData 0.059ms
[17.629s][debug][gc,phases,start   ] GC(37) ProtectionDomainCacheTable
[17.629s][debug][gc,phases         ] GC(37) ProtectionDomainCacheTable 0.013ms
[17.630s][info ][gc,stringtable    ] GC(37) Cleaned string and symbol table, strings: 6115 processed, 0 removed, symbols: 45223 processed, 0 removed
[17.630s][debug][gc,phases         ] GC(37) Class Unloading 1.056ms
[17.630s][debug][gc,phases,start   ] GC(37) Flush Task Caches
[17.630s][debug][gc,stats          ] Mark stats cache hits 60127 misses 33 ratio 99.945
[17.630s][debug][gc,phases         ] GC(37) Flush Task Caches 0.022ms
[17.630s][debug][gc,phases,start   ] GC(37) Update Remembered Set Tracking Before Rebuild
[17.630s][debug][gc,ergo           ] GC(37) Running G1 Update RemSet Tracking Before Rebuild using 3 workers for 1028 regions in heap
[17.630s][debug][gc,remset,tracking] GC(37) Remembered Set Tracking update regions total 1028, selected 25
[17.630s][debug][gc,phases         ] GC(37) Update Remembered Set Tracking Before Rebuild 0.116ms
[17.630s][debug][gc,phases,start   ] GC(37) Reclaim Empty Regions
[17.630s][debug][gc                ] GC(37) Reclaimed 20 empty regions
[17.630s][debug][gc,phases         ] GC(37) Reclaim Empty Regions 0.118ms
[17.630s][debug][gc,phases,start   ] GC(37) Purge Metaspace
[17.630s][debug][gc,phases         ] GC(37) Purge Metaspace 0.013ms
[17.630s][debug][gc,phases,start   ] GC(37) Report Object Count
[17.630s][debug][gc,phases         ] GC(37) Report Object Count 0.011ms
[17.630s][info ][gc                ] GC(37) Pause Remark 79M->59M(1028M) 3.019ms
[17.630s][info ][gc,cpu            ] GC(37) User=0.01s Sys=0.00s Real=0.00s
[17.630s][info ][gc,marking        ] GC(37) Concurrent Rebuild Remembered Sets
[17.637s][info ][gc,marking        ] GC(37) Concurrent Rebuild Remembered Sets 7.280ms
[17.638s][info ][gc,start          ] GC(37) Pause Cleanup
[17.638s][debug][gc,phases,start   ] GC(37) Update Remembered Set Tracking After Rebuild
[17.638s][debug][gc,phases         ] GC(37) Update Remembered Set Tracking After Rebuild 0.079ms
[17.638s][debug][gc,phases,start   ] GC(37) Finalize Concurrent Mark Cleanup
[17.638s][debug][gc,ergo           ] GC(37) request young-only gcs (reclaimable percentage not over threshold). candidate old regions: 24 reclaimable: 23535624 (2.18) threshold: 5
[17.638s][debug][gc,phases         ] GC(37) Finalize Concurrent Mark Cleanup 0.334ms
[17.638s][info ][gc                ] GC(37) Pause Cleanup 59M->59M(1028M) 0.498ms
[17.638s][info ][gc,cpu            ] GC(37) User=0.00s Sys=0.00s Real=0.00s
[17.638s][info ][gc,marking        ] GC(37) Concurrent Cleanup for Next Mark
[17.638s][debug][gc,ergo           ] GC(37) Running G1 Clear Bitmap with 1 workers for 17 work units.
[17.643s][info ][gc,marking        ] GC(37) Concurrent Cleanup for Next Mark 5.122ms
[17.643s][info ][gc                ] GC(37) Concurrent Cycle 43.002ms
[17.730s][debug][gc,refine         ] Activated worker 0, on threshold: 24, current: 24
[17.730s][debug][gc,refine         ] Deactivated worker 0, off threshold: 22, current: 22, processed: 2
[17.741s][debug][gc,refine         ] Activated worker 0, on threshold: 24, current: 24
[17.742s][debug][gc,refine         ] Deactivated worker 0, off threshold: 22, current: 22, processed: 3
[17.846s][debug][gc,refine         ] Activated worker 0, on threshold: 24, current: 28
[17.846s][debug][gc,refine         ] Deactivated worker 0, off threshold: 22, current: 22, processed: 6
[17.857s][debug][gc,refine         ] Activated worker 0, on threshold: 24, current: 26
[17.859s][debug][gc,refine         ] Deactivated worker 0, off threshold: 22, current: 22, processed: 4
[17.864s][debug][gc,refine         ] Activated worker 0, on threshold: 24, current: 24
[17.864s][debug][gc,refine         ] Deactivated worker 0, off threshold: 22, current: 22, processed: 2
[17.968s][debug][gc,refine         ] Activated worker 0, on threshold: 24, current: 28
[17.969s][debug][gc,refine         ] Deactivated worker 0, off threshold: 22, current: 22, processed: 6
[17.980s][debug][gc,refine         ] Activated worker 0, on threshold: 24, current: 26
[17.983s][debug][gc,refine         ] Deactivated worker 0, off threshold: 22, current: 22, processed: 4
[17.988s][debug][gc,refine         ] Activated worker 0, on threshold: 24, current: 24
[17.989s][debug][gc,refine         ] Deactivated worker 0, off threshold: 22, current: 22, processed: 2
[18.095s][debug][gc,refine         ] Activated worker 0, on threshold: 24, current: 28
[18.095s][debug][gc,refine         ] Deactivated worker 0, off threshold: 22, current: 22, processed: 6
[18.107s][debug][gc,refine         ] Activated worker 0, on threshold: 24, current: 26
[18.109s][debug][gc,refine         ] Deactivated worker 0, off threshold: 22, current: 22, processed: 4
[18.115s][debug][gc,refine         ] Activated worker 0, on threshold: 24, current: 24
[18.116s][debug][gc,refine         ] Deactivated worker 0, off threshold: 22, current: 22, processed: 8
[18.232s][debug][gc,refine         ] Activated worker 0, on threshold: 24, current: 26
[18.233s][debug][gc,refine         ] Deactivated worker 0, off threshold: 22, current: 22, processed: 4
[18.240s][debug][gc,refine         ] Activated worker 0, on threshold: 24, current: 24
[18.241s][debug][gc,refine         ] Deactivated worker 0, off threshold: 22, current: 22, processed: 8
[18.360s][debug][gc,refine         ] Activated worker 0, on threshold: 24, current: 26
[18.362s][debug][gc,refine         ] Deactivated worker 0, off threshold: 22, current: 22, processed: 4
[18.369s][debug][gc,refine         ] Activated worker 0, on threshold: 24, current: 24
[18.370s][debug][gc,refine         ] Deactivated worker 0, off threshold: 22, current: 22, processed: 3
[18.473s][debug][gc,refine         ] Activated worker 0, on threshold: 24, current: 27
[18.474s][debug][gc,refine         ] Deactivated worker 0, off threshold: 22, current: 22, processed: 5
[18.486s][debug][gc,refine         ] Activated worker 0, on threshold: 24, current: 26
[18.488s][debug][gc,refine         ] Deactivated worker 0, off threshold: 22, current: 22, processed: 4
[18.493s][debug][gc,refine         ] Activated worker 0, on threshold: 24, current: 24
[18.495s][debug][gc,refine         ] Deactivated worker 0, off threshold: 22, current: 22, processed: 3
[18.595s][debug][gc,refine         ] Activated worker 0, on threshold: 24, current: 27
[18.596s][debug][gc,refine         ] Deactivated worker 0, off threshold: 22, current: 22, processed: 5
[18.607s][debug][gc,refine         ] Activated worker 0, on threshold: 24, current: 26
[18.609s][debug][gc,refine         ] Deactivated worker 0, off threshold: 22, current: 22, processed: 4
[18.614s][debug][gc,refine         ] Activated worker 0, on threshold: 24, current: 24
[18.615s][debug][gc,refine         ] Deactivated worker 0, off threshold: 22, current: 22, processed: 3
[18.717s][debug][gc,refine         ] Activated worker 0, on threshold: 24, current: 27
[18.717s][debug][gc,refine         ] Deactivated worker 0, off threshold: 22, current: 22, processed: 5
[18.729s][debug][gc,refine         ] Activated worker 0, on threshold: 24, current: 26
[18.731s][debug][gc,refine         ] Deactivated worker 0, off threshold: 22, current: 22, processed: 4
[18.737s][debug][gc,refine         ] Activated worker 0, on threshold: 24, current: 24
[18.738s][debug][gc,refine         ] Deactivated worker 0, off threshold: 22, current: 22, processed: 3
[18.841s][debug][gc,refine         ] Activated worker 0, on threshold: 24, current: 27
[18.842s][debug][gc,refine         ] Deactivated worker 0, off threshold: 22, current: 22, processed: 5
[18.853s][debug][gc,refine         ] Activated worker 0, on threshold: 24, current: 26
[18.854s][debug][gc,refine         ] Deactivated worker 0, off threshold: 22, current: 22, processed: 4
[18.861s][debug][gc,refine         ] Activated worker 0, on threshold: 24, current: 24
[18.862s][debug][gc,refine         ] Deactivated worker 0, off threshold: 22, current: 22, processed: 3
[18.966s][debug][gc,refine         ] Activated worker 0, on threshold: 24, current: 27
[18.967s][debug][gc,refine         ] Deactivated worker 0, off threshold: 22, current: 22, processed: 5
[18.983s][debug][gc,refine         ] Activated worker 0, on threshold: 24, current: 26
[18.984s][debug][gc,refine         ] Deactivated worker 0, off threshold: 22, current: 22, processed: 4
[18.991s][debug][gc,refine         ] Activated worker 0, on threshold: 24, current: 24
[18.993s][debug][gc,refine         ] Deactivated worker 0, off threshold: 22, current: 22, processed: 8
[19.106s][debug][gc,refine         ] Activated worker 0, on threshold: 24, current: 26
[19.108s][debug][gc,refine         ] Deactivated worker 0, off threshold: 22, current: 22, processed: 4
[19.114s][debug][gc,refine         ] Activated worker 0, on threshold: 24, current: 24
[19.116s][debug][gc,refine         ] Deactivated worker 0, off threshold: 22, current: 22, processed: 8
[19.232s][debug][gc,refine         ] Activated worker 0, on threshold: 24, current: 24
[19.234s][debug][gc,refine         ] Deactivated worker 0, off threshold: 22, current: 22, processed: 4
[19.242s][debug][gc,refine         ] Activated worker 0, on threshold: 24, current: 24
[19.243s][debug][gc,refine         ] Deactivated worker 0, off threshold: 22, current: 22, processed: 3
[19.344s][debug][gc,refine         ] Activated worker 0, on threshold: 24, current: 27
[19.345s][debug][gc,refine         ] Deactivated worker 0, off threshold: 22, current: 22, processed: 5
[19.357s][debug][gc,refine         ] Activated worker 0, on threshold: 24, current: 26
[19.359s][debug][gc,refine         ] Deactivated worker 0, off threshold: 22, current: 22, processed: 4
[19.366s][debug][gc,refine         ] Activated worker 0, on threshold: 24, current: 24
[19.367s][debug][gc,refine         ] Deactivated worker 0, off threshold: 22, current: 22, processed: 3
[19.470s][debug][gc,refine         ] Activated worker 0, on threshold: 24, current: 27
[19.472s][debug][gc,refine         ] Deactivated worker 0, off threshold: 22, current: 22, processed: 5
[19.486s][debug][gc,refine         ] Activated worker 0, on threshold: 24, current: 26
[19.488s][debug][gc,refine         ] Deactivated worker 0, off threshold: 22, current: 22, processed: 4
[19.493s][debug][gc,refine         ] Activated worker 0, on threshold: 24, current: 24
[19.494s][debug][gc,refine         ] Deactivated worker 0, off threshold: 22, current: 22, processed: 3
[19.600s][debug][gc,refine         ] Activated worker 0, on threshold: 24, current: 27
[19.601s][debug][gc,refine         ] Deactivated worker 0, off threshold: 22, current: 22, processed: 5
[19.614s][debug][gc,refine         ] Activated worker 0, on threshold: 24, current: 26
[19.615s][debug][gc,refine         ] Deactivated worker 0, off threshold: 22, current: 22, processed: 4
[19.621s][debug][gc,refine         ] Activated worker 0, on threshold: 24, current: 24
[19.622s][debug][gc,refine         ] Deactivated worker 0, off threshold: 22, current: 22, processed: 3
[19.622s][debug][gc,refine         ] Activated worker 0, on threshold: 24, current: 27
[19.623s][debug][gc,refine         ] Deactivated worker 0, off threshold: 22, current: 22, processed: 5
[19.739s][debug][gc,refine         ] Activated worker 0, on threshold: 24, current: 26
[19.741s][debug][gc,refine         ] Deactivated worker 0, off threshold: 22, current: 22, processed: 4
[19.748s][debug][gc,refine         ] Activated worker 0, on threshold: 24, current: 24
[19.749s][debug][gc,refine         ] Deactivated worker 0, off threshold: 22, current: 22, processed: 8
[19.870s][debug][gc,refine         ] Activated worker 0, on threshold: 24, current: 26
[19.872s][debug][gc,refine         ] Deactivated worker 0, off threshold: 22, current: 22, processed: 4
[19.878s][debug][gc,refine         ] Activated worker 0, on threshold: 24, current: 24
[19.879s][debug][gc,refine         ] Deactivated worker 0, off threshold: 22, current: 22, processed: 2
[19.981s][debug][gc,refine         ] Activated worker 0, on threshold: 24, current: 28
[19.982s][debug][gc,refine         ] Deactivated worker 0, off threshold: 22, current: 22, processed: 6
[19.998s][debug][gc,refine         ] Activated worker 0, on threshold: 24, current: 26
[20.000s][debug][gc,refine         ] Deactivated worker 0, off threshold: 22, current: 22, processed: 4
[20.005s][debug][gc,refine         ] Activated worker 0, on threshold: 24, current: 24
[20.006s][debug][gc,refine         ] Deactivated worker 0, off threshold: 22, current: 22, processed: 3
[20.107s][debug][gc,refine         ] Activated worker 0, on threshold: 24, current: 27
[20.109s][debug][gc,refine         ] Deactivated worker 0, off threshold: 22, current: 22, processed: 5
[20.121s][debug][gc,refine         ] Activated worker 0, on threshold: 24, current: 26
[20.123s][debug][gc,refine         ] Deactivated worker 0, off threshold: 22, current: 22, processed: 4
[20.123s][debug][gc,heap           ] GC(38) Heap before GC invocations=38 (full 0): garbage-first heap   total 1052672K, used 330240K [0x0000000780000000, 0x0000000800000000)
[20.124s][debug][gc,heap           ] GC(38)   region size 1024K, 237 young (242688K), 26 survivors (26624K)
[20.124s][debug][gc,heap           ] GC(38)  Metaspace       used 13160K, capacity 13592K, committed 13824K, reserved 1060864K
[20.124s][debug][gc,heap           ] GC(38)   class space    used 1352K, capacity 1515K, committed 1536K, reserved 1048576K
[20.124s][info ][gc,start          ] GC(38) Pause Young (Normal) (G1 Evacuation Pause)
[20.124s][info ][gc,task           ] GC(38) Using 4 workers of 4 for evacuation
[20.124s][debug][gc,tlab           ] GC(38) TLAB totals: thrds: 5  refills: 628 max: 622 slow allocs: 53 max 53 waste:  0.6% gc: 892976B max: 379152B slow: 385256B max: 384080B fast: 0B max: 0B
[20.124s][debug][gc,alloc,region   ] GC(38) Mutator Allocation stats, regions: 211, wasted size: 0B ( 0.0%)
[20.124s][debug][gc,age            ] GC(38) Desired survivor size 15728640 bytes, new threshold 1 (max threshold 15)
[20.124s][debug][gc,ergo,cset      ] GC(38) Finish choosing CSet. old: 0 regions, predicted old region time: 0.00ms, time remaining: 0.00
[20.124s][debug][gc,refine         ] Activated worker 0, on threshold: 24, current: 27
[20.124s][debug][gc,task,stats     ] GC(38) GC Termination Stats
[20.124s][debug][gc,task,stats     ] GC(38)      elapsed  --strong roots-- -------termination------- ------waste (KiB)------
[20.124s][debug][gc,task,stats     ] GC(38) thr     ms        ms      %        ms      %    attempts  total   alloc    undo
[20.124s][debug][gc,task,stats     ] GC(38) --- --------- --------- ------ --------- ------ -------- ------- ------- -------
[20.393s][debug][gc,task,stats     ] GC(38)   3    268.97    268.95  99.99      0.00   0.00        1       2       2       0
[20.393s][debug][gc,task,stats     ] GC(38)   0    269.10    268.82  99.89      0.21   0.08        1       2       2       0
[20.393s][debug][gc,task,stats     ] GC(38)   2    269.12    267.77  99.50      0.11   0.04        2       2       2       0
[20.393s][debug][gc,task,stats     ] GC(38)   1    269.15    268.54  99.77      0.00   0.00        2       2       2       0
[20.393s][debug][gc,ergo           ] GC(38) Running G1 Clear Card Table Task using 1 workers for 1 units of work for 266 regions.
[20.394s][debug][gc,ref            ] GC(38) Skipped phase1 of Reference Processing due to unavailable references
[20.394s][debug][gc,ref            ] GC(38) Skipped phase2 of Reference Processing due to unavailable references
[20.394s][debug][gc,ref            ] GC(38) Skipped phase3 of Reference Processing due to unavailable references
[20.394s][debug][gc,ref            ] GC(38) Skipped phase4 of Reference Processing due to unavailable references
[20.394s][debug][gc,ergo           ] GC(38) Running G1 Free Collection Set using 4 workers for collection set length 237
[20.394s][debug][gc,humongous      ] GC(38) Live humongous region 5 object size 524304 start 0x0000000780500000  with remset 0 code roots 0 is marked 0 reclaim candidate 0 type array 0
[20.394s][debug][gc,humongous      ] GC(38) Live humongous region 6 object size 1048592 start 0x0000000780600000  with remset 0 code roots 0 is marked 0 reclaim candidate 0 type array 0
[20.394s][debug][gc,humongous      ] GC(38) Live humongous region 8 object size 524304 start 0x0000000780800000  with remset 0 code roots 0 is marked 0 reclaim candidate 0 type array 0
[20.394s][debug][gc,humongous      ] GC(38) Live humongous region 13 object size 1048592 start 0x0000000780d00000  with remset 0 code roots 0 is marked 0 reclaim candidate 0 type array 0
[20.394s][debug][gc,humongous      ] GC(38) Live humongous region 17 object size 524304 start 0x0000000781100000  with remset 0 code roots 0 is marked 0 reclaim candidate 0 type array 0
[20.394s][debug][gc,humongous      ] GC(38) Live humongous region 19 object size 1048592 start 0x0000000781300000  with remset 0 code roots 0 is marked 0 reclaim candidate 0 type array 0
[20.394s][debug][gc,humongous      ] GC(38) Live humongous region 22 object size 524304 start 0x0000000781600000  with remset 0 code roots 0 is marked 0 reclaim candidate 0 type array 0
[20.394s][debug][gc,humongous      ] GC(38) Live humongous region 23 object size 1048592 start 0x0000000781700000  with remset 0 code roots 0 is marked 0 reclaim candidate 0 type array 0
[20.394s][debug][gc,humongous      ] GC(38) Live humongous region 25 object size 524304 start 0x0000000781900000  with remset 0 code roots 0 is marked 0 reclaim candidate 0 type array 0
[20.394s][debug][gc,humongous      ] GC(38) Live humongous region 26 object size 1048592 start 0x0000000781a00000  with remset 0 code roots 0 is marked 0 reclaim candidate 0 type array 0
[20.394s][debug][gc,humongous      ] GC(38) Live humongous region 29 object size 524304 start 0x0000000781d00000  with remset 0 code roots 0 is marked 0 reclaim candidate 0 type array 0
[20.394s][debug][gc,humongous      ] GC(38) Live humongous region 30 object size 1048592 start 0x0000000781e00000  with remset 0 code roots 0 is marked 0 reclaim candidate 0 type array 0
[20.394s][debug][gc,humongous      ] GC(38) Live humongous region 32 object size 524304 start 0x0000000782000000  with remset 0 code roots 0 is marked 0 reclaim candidate 0 type array 0
[20.394s][debug][gc,humongous      ] GC(38) Live humongous region 34 object size 1048592 start 0x0000000782200000  with remset 0 code roots 0 is marked 0 reclaim candidate 0 type array 0
[20.394s][debug][gc,humongous      ] GC(38) Live humongous region 36 object size 524304 start 0x0000000782400000  with remset 0 code roots 0 is marked 0 reclaim candidate 0 type array 0
[20.394s][debug][gc,humongous      ] GC(38) Live humongous region 38 object size 1048592 start 0x0000000782600000  with remset 0 code roots 0 is marked 0 reclaim candidate 0 type array 0
[20.394s][debug][gc,humongous      ] GC(38) Live humongous region 40 object size 524304 start 0x0000000782800000  with remset 0 code roots 0 is marked 0 reclaim candidate 0 type array 0
[20.394s][debug][gc,humongous      ] GC(38) Live humongous region 41 object size 1048592 start 0x0000000782900000  with remset 0 code roots 0 is marked 0 reclaim candidate 0 type array 0
[20.394s][debug][gc,humongous      ] GC(38) Live humongous region 43 object size 524304 start 0x0000000782b00000  with remset 0 code roots 0 is marked 0 reclaim candidate 0 type array 0
[20.394s][debug][gc,humongous      ] GC(38) Live humongous region 44 object size 1048592 start 0x0000000782c00000  with remset 0 code roots 0 is marked 0 reclaim candidate 0 type array 0
[20.394s][debug][gc,humongous      ] GC(38) Live humongous region 46 object size 524304 start 0x0000000782e00000  with remset 0 code roots 0 is marked 0 reclaim candidate 0 type array 0
[20.394s][debug][gc,humongous      ] GC(38) Live humongous region 47 object size 524304 start 0x0000000782f00000  with remset 0 code roots 0 is marked 0 reclaim candidate 0 type array 0
[20.394s][debug][gc,humongous      ] GC(38) Live humongous region 49 object size 1048592 start 0x0000000783100000  with remset 0 code roots 0 is marked 0 reclaim candidate 0 type array 0
[20.394s][debug][gc,humongous      ] GC(38) Live humongous region 51 object size 1048592 start 0x0000000783300000  with remset 0 code roots 0 is marked 0 reclaim candidate 0 type array 0
[20.394s][debug][gc,humongous      ] GC(38) Live humongous region 53 object size 524304 start 0x0000000783500000  with remset 0 code roots 0 is marked 0 reclaim candidate 0 type array 0
[20.394s][debug][gc,humongous      ] GC(38) Live humongous region 54 object size 1048592 start 0x0000000783600000  with remset 0 code roots 0 is marked 0 reclaim candidate 0 type array 0
[20.394s][debug][gc,humongous      ] GC(38) Live humongous region 56 object size 524304 start 0x0000000783800000  with remset 0 code roots 0 is marked 0 reclaim candidate 0 type array 0
[20.394s][debug][gc,humongous      ] GC(38) Live humongous region 57 object size 1048592 start 0x0000000783900000  with remset 0 code roots 0 is marked 0 reclaim candidate 0 type array 0
[20.394s][debug][gc,humongous      ] GC(38) Live humongous region 59 object size 524304 start 0x0000000783b00000  with remset 0 code roots 0 is marked 0 reclaim candidate 0 type array 0
[20.394s][debug][gc,humongous      ] GC(38) Live humongous region 61 object size 1048592 start 0x0000000783d00000  with remset 0 code roots 0 is marked 0 reclaim candidate 0 type array 0
[20.394s][debug][gc,humongous      ] GC(38) Live humongous region 63 object size 524304 start 0x0000000783f00000  with remset 0 code roots 0 is marked 0 reclaim candidate 0 type array 0
[20.394s][debug][gc,humongous      ] GC(38) Live humongous region 64 object size 1048592 start 0x0000000784000000  with remset 0 code roots 0 is marked 0 reclaim candidate 0 type array 0
[20.394s][debug][gc,humongous      ] GC(38) Live humongous region 66 object size 524304 start 0x0000000784200000  with remset 0 code roots 0 is marked 0 reclaim candidate 0 type array 0
[20.394s][debug][gc,humongous      ] GC(38) Live humongous region 67 object size 1048592 start 0x0000000784300000  with remset 0 code roots 0 is marked 0 reclaim candidate 0 type array 0
[20.394s][debug][gc,humongous      ] GC(38) Live humongous region 69 object size 524304 start 0x0000000784500000  with remset 0 code roots 0 is marked 0 reclaim candidate 0 type array 0
[20.394s][debug][gc,humongous      ] GC(38) Live humongous region 70 object size 1048592 start 0x0000000784600000  with remset 0 code roots 0 is marked 0 reclaim candidate 0 type array 0
[20.394s][debug][gc,humongous      ] GC(38) Live humongous region 72 object size 524304 start 0x0000000784800000  with remset 0 code roots 0 is marked 0 reclaim candidate 0 type array 0
[20.394s][debug][gc,humongous      ] GC(38) Live humongous region 73 object size 1048592 start 0x0000000784900000  with remset 0 code roots 0 is marked 0 reclaim candidate 0 type array 0
[20.394s][debug][gc,humongous      ] GC(38) Live humongous region 75 object size 524304 start 0x0000000784b00000  with remset 0 code roots 0 is marked 0 reclaim candidate 0 type array 0
[20.394s][debug][gc,humongous      ] GC(38) Live humongous region 76 object size 1048592 start 0x0000000784c00000  with remset 0 code roots 0 is marked 0 reclaim candidate 0 type array 0
[20.395s][debug][gc,humongous      ] GC(38) Live humongous region 78 object size 524304 start 0x0000000784e00000  with remset 0 code roots 0 is marked 0 reclaim candidate 0 type array 0
[20.395s][debug][gc,plab           ] GC(38) Young PLAB allocation: allocated: 31457280B, wasted: 1400B, unused: 0B, used: 31455880B, undo waste: 0B, 
[20.395s][debug][gc,plab           ] GC(38) Young other allocation: region end waste: 0B, regions filled: 30, direct allocated: 0B, failure used: 0B, failure wasted: 0B
[20.395s][debug][gc,plab           ] GC(38) Young sizing: calculated: 6291176B, actual: 5978592B
[20.395s][debug][gc,plab           ] GC(38) Old PLAB allocation: allocated: 184025088B, wasted: 8424B, unused: 1286408B, used: 182730256B, undo waste: 0B, 
[20.395s][debug][gc,plab           ] GC(38) Old other allocation: region end waste: 0B, regions filled: 176, direct allocated: 0B, failure used: 0B, failure wasted: 0B
[20.395s][debug][gc,plab           ] GC(38) Old sizing: calculated: 36546048B, actual: 28069824B
[20.395s][info ][gc,mmu            ] GC(38) MMU target violated: 201.0ms (200.0ms/201.0ms)
[20.395s][debug][gc,alloc,stats    ] Old generation allocation in the last mutator period, old gen allocated: 184025088B, humongous allocated: 63963136B,old gen growth: 238551040B.
[20.395s][debug][gc,ihop           ] GC(38) Basic information (value update), threshold: 353998215B (32.84), target occupancy: 1077936128B, current occupancy: 305659904B, recent allocation size: 247988224B, recent allocation duration: 2520.87ms, recent old gen allocation rate: 98374216.52B/s, recent marking phase length: 232.15ms
[20.395s][debug][gc,ihop           ] GC(38) Adaptive IHOP information (value update), threshold: 353998215B (34.57), internal target occupancy: 1024039321B, occupancy: 305659904B, additional buffer size: 193986560B, predicted old gen allocation rate: 1341090697.08B/s, predicted marking phase length: 354.98ms, prediction active: true
[20.395s][debug][gc,ergo,refine    ] GC(38) Updated Refinement Zones: green: 24, yellow: 72, red: 120
[20.395s][info ][gc,phases         ] GC(38)   Pre Evacuate Collection Set: 0.1ms
[20.395s][debug][gc,phases         ] GC(38)     Prepare TLABs: 0.0ms
[20.395s][debug][gc,phases         ] GC(38)     Choose Collection Set: 0.0ms
[20.395s][debug][gc,phases         ] GC(38)     Humongous Register: 0.0ms
[20.395s][info ][gc,phases         ] GC(38)   Evacuate Collection Set: 269.4ms
[20.395s][debug][gc,phases         ] GC(38)     Ext Root Scanning (ms):   Min:  0.1, Avg:  0.1, Max:  0.1, Diff:  0.1, Sum:  0.4, Workers: 4
[20.395s][debug][gc,phases         ] GC(38)     Update RS (ms):           Min:  1.1, Avg:  2.2, Max:  4.0, Diff:  2.9, Sum:  8.9, Workers: 4
[20.395s][debug][gc,phases         ] GC(38)       Processed Buffers:        Min: 3, Avg:  6.8, Max: 11, Diff: 8, Sum: 27, Workers: 4
[20.395s][debug][gc,phases         ] GC(38)       Scanned Cards:            Min: 600, Avg: 1430.0, Max: 2816, Diff: 2216, Sum: 5720, Workers: 4
[20.395s][debug][gc,phases         ] GC(38)       Skipped Cards:            Min: 0, Avg:  0.0, Max: 0, Diff: 0, Sum: 0, Workers: 4
[20.395s][debug][gc,phases         ] GC(38)     Scan RS (ms):             Min:  5.7, Avg:  6.5, Max:  7.2, Diff:  1.4, Sum: 25.9, Workers: 4
[20.395s][debug][gc,phases         ] GC(38)       Scanned Cards:            Min: 3418, Avg: 3634.5, Max: 3818, Diff: 400, Sum: 14538, Workers: 4
[20.395s][debug][gc,phases         ] GC(38)       Claimed Cards:            Min: 3465, Avg: 3820.8, Max: 4296, Diff: 831, Sum: 15283, Workers: 4
[20.395s][debug][gc,phases         ] GC(38)       Skipped Cards:            Min: 256, Avg: 1721.0, Max: 2786, Diff: 2530, Sum: 6884, Workers: 4
[20.395s][debug][gc,phases         ] GC(38)     Code Root Scanning (ms):  Min:  0.0, Avg:  0.0, Max:  0.0, Diff:  0.0, Sum:  0.1, Workers: 4
[20.395s][debug][gc,phases         ] GC(38)     JVMCI Root Scan (ms):     skipped
[20.395s][debug][gc,phases         ] GC(38)     Object Copy (ms):         Min: 258.2, Avg: 260.0, Max: 260.9, Diff:  2.7, Sum: 1040.2, Workers: 4
[20.395s][debug][gc,phases         ] GC(38)     Termination (ms):         Min:  0.0, Avg:  0.1, Max:  0.2, Diff:  0.2, Sum:  0.3, Workers: 4
[20.395s][debug][gc,phases         ] GC(38)       Termination Attempts:     Min: 1, Avg:  1.5, Max: 2, Diff: 1, Sum: 6, Workers: 4
[20.395s][debug][gc,phases         ] GC(38)     GC Worker Other (ms):     Min:  0.1, Avg:  0.2, Max:  0.2, Diff:  0.1, Sum:  0.6, Workers: 4
[20.395s][debug][gc,phases         ] GC(38)     GC Worker Total (ms):     Min: 269.0, Avg: 269.1, Max: 269.2, Diff:  0.1, Sum: 1076.5, Workers: 4
[20.395s][info ][gc,phases         ] GC(38)   Post Evacuate Collection Set: 1.1ms
[20.395s][debug][gc,phases         ] GC(38)     Code Roots Fixup: 0.0ms
[20.395s][debug][gc,phases         ] GC(38)     Clear Card Table: 0.1ms
[20.395s][debug][gc,phases         ] GC(38)     Reference Processing: 0.1ms
[20.395s][debug][gc,phases,ref     ] GC(38)       Reconsider SoftReferences: 0.0ms
[20.395s][debug][gc,phases,ref     ] GC(38)         SoftRef (ms):             skipped
[20.395s][debug][gc,phases,ref     ] GC(38)       Notify Soft/WeakReferences: 0.0ms
[20.395s][debug][gc,phases,ref     ] GC(38)         SoftRef (ms):             skipped
[20.395s][debug][gc,phases,ref     ] GC(38)         WeakRef (ms):             skipped
[20.395s][debug][gc,phases,ref     ] GC(38)         FinalRef (ms):            skipped
[20.395s][debug][gc,phases,ref     ] GC(38)         Total (ms):               skipped
[20.395s][debug][gc,phases,ref     ] GC(38)       Notify and keep alive finalizable: 0.0ms
[20.395s][debug][gc,phases,ref     ] GC(38)         FinalRef (ms):            skipped
[20.395s][debug][gc,phases,ref     ] GC(38)       Notify PhantomReferences: 0.0ms
[20.395s][debug][gc,phases,ref     ] GC(38)         PhantomRef (ms):          skipped
[20.395s][debug][gc,phases,ref     ] GC(38)       SoftReference:
[20.395s][debug][gc,phases,ref     ] GC(38)         Discovered: 0
[20.395s][debug][gc,phases,ref     ] GC(38)         Cleared: 0
[20.395s][debug][gc,phases,ref     ] GC(38)       WeakReference:
[20.395s][debug][gc,phases,ref     ] GC(38)         Discovered: 0
[20.395s][debug][gc,phases,ref     ] GC(38)         Cleared: 0
[20.395s][debug][gc,phases,ref     ] GC(38)       FinalReference:
[20.395s][debug][gc,phases,ref     ] GC(38)         Discovered: 0
[20.395s][debug][gc,phases,ref     ] GC(38)         Cleared: 0
[20.395s][debug][gc,phases,ref     ] GC(38)       PhantomReference:
[20.395s][debug][gc,phases,ref     ] GC(38)         Discovered: 0
[20.395s][debug][gc,phases,ref     ] GC(38)         Cleared: 0
[20.395s][debug][gc,phases         ] GC(38)     Weak Processing: 0.0ms
[20.395s][debug][gc,phases         ] GC(38)     Merge Per-Thread State: 0.0ms
[20.395s][debug][gc,phases         ] GC(38)     Code Roots Purge: 0.0ms
[20.395s][debug][gc,phases         ] GC(38)     Redirty Cards: 0.1ms
[20.395s][debug][gc,phases         ] GC(38)     DerivedPointerTable Update: 0.0ms
[20.395s][debug][gc,phases         ] GC(38)     Free Collection Set: 0.2ms
[20.395s][debug][gc,phases         ] GC(38)     Humongous Reclaim: 0.6ms
[20.395s][debug][gc,phases         ] GC(38)     Start New Collection Set: 0.0ms
[20.395s][debug][gc,phases         ] GC(38)     Resize TLABs: 0.0ms
[20.395s][debug][gc,phases         ] GC(38)     Expand Heap After Collection: 0.0ms
[20.395s][info ][gc,phases         ] GC(38)   Other: 0.7ms
[20.395s][info ][gc,heap           ] GC(38) Eden regions: 211->0(155)
[20.395s][info ][gc,heap           ] GC(38) Survivor regions: 26->30(30)
[20.395s][info ][gc,heap           ] GC(38) Old regions: 25->201
[20.395s][info ][gc,heap           ] GC(38) Humongous regions: 61->61
[20.395s][info ][gc,metaspace      ] GC(38) Metaspace: 13160K->13160K(1060864K)
[20.395s][debug][gc,heap           ] GC(38) Heap after GC invocations=39 (full 0): garbage-first heap   total 1052672K, used 298496K [0x0000000780000000, 0x0000000800000000)
[20.395s][debug][gc,heap           ] GC(38)   region size 1024K, 30 young (30720K), 30 survivors (30720K)
[20.395s][debug][gc,heap           ] GC(38)  Metaspace       used 13160K, capacity 13592K, committed 13824K, reserved 1060864K
[20.396s][debug][gc,heap           ] GC(38)   class space    used 1352K, capacity 1515K, committed 1536K, reserved 1048576K
[20.396s][info ][gc                ] GC(38) Pause Young (Normal) (G1 Evacuation Pause) 322M->291M(1028M) 271.868ms
[20.396s][info ][gc,cpu            ] GC(38) User=0.61s Sys=0.07s Real=0.28s
[20.396s][debug][gc,refine         ] Deactivated worker 0, off threshold: 24, current: 12, processed: 0
[20.518s][debug][gc,refine         ] Activated worker 0, on threshold: 26, current: 26
[20.522s][debug][gc,refine         ] Deactivated worker 0, off threshold: 24, current: 24, processed: 4
[20.625s][debug][gc,refine         ] Activated worker 0, on threshold: 26, current: 26
[20.629s][debug][gc,refine         ] Deactivated worker 0, off threshold: 24, current: 24, processed: 5
[20.635s][debug][gc,refine         ] Activated worker 0, on threshold: 26, current: 28
[20.636s][debug][gc,refine         ] Deactivated worker 0, off threshold: 24, current: 24, processed: 4
[20.640s][debug][gc,refine         ] Activated worker 0, on threshold: 26, current: 26
[20.643s][debug][gc,refine         ] Deactivated worker 0, off threshold: 24, current: 24, processed: 8
[20.751s][debug][gc,refine         ] Activated worker 0, on threshold: 26, current: 28
[20.752s][debug][gc,refine         ] Deactivated worker 0, off threshold: 24, current: 24, processed: 4
[20.758s][debug][gc,refine         ] Activated worker 0, on threshold: 26, current: 26
[20.761s][debug][gc,refine         ] Deactivated worker 0, off threshold: 24, current: 24, processed: 8
[20.868s][debug][gc,refine         ] Activated worker 0, on threshold: 26, current: 28
[20.868s][debug][gc,refine         ] Deactivated worker 0, off threshold: 24, current: 24, processed: 4
[20.874s][debug][gc,refine         ] Activated worker 0, on threshold: 26, current: 26
[20.876s][debug][gc,refine         ] Deactivated worker 0, off threshold: 24, current: 24, processed: 3
[20.982s][debug][gc,refine         ] Activated worker 0, on threshold: 26, current: 29
[20.983s][debug][gc,refine         ] Deactivated worker 0, off threshold: 24, current: 24, processed: 5
[20.989s][debug][gc,refine         ] Activated worker 0, on threshold: 26, current: 28
[20.990s][debug][gc,refine         ] Deactivated worker 0, off threshold: 24, current: 24, processed: 4
[20.995s][debug][gc,refine         ] Activated worker 0, on threshold: 26, current: 26
[20.998s][debug][gc,refine         ] Deactivated worker 0, off threshold: 24, current: 24, processed: 3
[21.102s][debug][gc,refine         ] Activated worker 0, on threshold: 26, current: 29
[21.103s][debug][gc,refine         ] Deactivated worker 0, off threshold: 24, current: 24, processed: 5
[21.110s][debug][gc,refine         ] Activated worker 0, on threshold: 26, current: 28
[21.110s][debug][gc,refine         ] Deactivated worker 0, off threshold: 24, current: 24, processed: 4
[21.119s][debug][gc,refine         ] Activated worker 0, on threshold: 26, current: 26
[21.121s][debug][gc,refine         ] Deactivated worker 0, off threshold: 24, current: 24, processed: 3
[21.223s][debug][gc,refine         ] Activated worker 0, on threshold: 26, current: 29
[21.223s][debug][gc,refine         ] Deactivated worker 0, off threshold: 24, current: 24, processed: 5
[21.229s][debug][gc,refine         ] Activated worker 0, on threshold: 26, current: 28
[21.229s][debug][gc,refine         ] Deactivated worker 0, off threshold: 24, current: 24, processed: 4
[21.233s][debug][gc,refine         ] Activated worker 0, on threshold: 26, current: 26
[21.235s][debug][gc,refine         ] Deactivated worker 0, off threshold: 24, current: 24, processed: 3
[21.337s][debug][gc,refine         ] Activated worker 0, on threshold: 26, current: 29
[21.338s][debug][gc,refine         ] Deactivated worker 0, off threshold: 24, current: 24, processed: 5
[21.343s][debug][gc,refine         ] Activated worker 0, on threshold: 26, current: 28
[21.344s][debug][gc,refine         ] Deactivated worker 0, off threshold: 24, current: 24, processed: 4
[21.349s][debug][gc,refine         ] Activated worker 0, on threshold: 26, current: 26
[21.352s][debug][gc,refine         ] Deactivated worker 0, off threshold: 24, current: 24, processed: 8
[21.463s][debug][gc,refine         ] Activated worker 0, on threshold: 26, current: 28
[21.464s][debug][gc,refine         ] Deactivated worker 0, off threshold: 24, current: 24, processed: 4
[21.470s][debug][gc,refine         ] Activated worker 0, on threshold: 26, current: 26
[21.474s][debug][gc,refine         ] Deactivated worker 0, off threshold: 24, current: 24, processed: 8
[21.587s][debug][gc,refine         ] Activated worker 0, on threshold: 26, current: 28
[21.588s][debug][gc,refine         ] Deactivated worker 0, off threshold: 24, current: 24, processed: 4
[21.593s][debug][gc,refine         ] Activated worker 0, on threshold: 26, current: 26
[21.597s][debug][gc,refine         ] Deactivated worker 0, off threshold: 24, current: 24, processed: 8
[21.710s][debug][gc,refine         ] Activated worker 0, on threshold: 26, current: 28
[21.711s][debug][gc,refine         ] Deactivated worker 0, off threshold: 24, current: 24, processed: 4
[21.716s][debug][gc,refine         ] Activated worker 0, on threshold: 26, current: 26
[21.720s][debug][gc,refine         ] Deactivated worker 0, off threshold: 24, current: 24, processed: 8
[21.837s][debug][gc,refine         ] Activated worker 0, on threshold: 26, current: 28
[21.837s][debug][gc,refine         ] Deactivated worker 0, off threshold: 24, current: 24, processed: 4
[21.847s][debug][gc,refine         ] Activated worker 0, on threshold: 26, current: 26
[21.851s][debug][gc,refine         ] Deactivated worker 0, off threshold: 24, current: 24, processed: 8
[21.957s][debug][gc,refine         ] Activated worker 0, on threshold: 26, current: 28
[21.957s][debug][gc,refine         ] Deactivated worker 0, off threshold: 24, current: 24, processed: 4
[21.962s][debug][gc,refine         ] Activated worker 0, on threshold: 26, current: 26
[21.966s][debug][gc,refine         ] Deactivated worker 0, off threshold: 24, current: 24, processed: 3
[22.068s][debug][gc,refine         ] Activated worker 0, on threshold: 26, current: 29
[22.069s][debug][gc,refine         ] Deactivated worker 0, off threshold: 24, current: 24, processed: 5
[22.076s][debug][gc,refine         ] Activated worker 0, on threshold: 26, current: 28
[22.076s][debug][gc,refine         ] Deactivated worker 0, off threshold: 24, current: 24, processed: 4
[22.081s][debug][gc,refine         ] Activated worker 0, on threshold: 26, current: 26
[22.084s][debug][gc,refine         ] Deactivated worker 0, off threshold: 24, current: 24, processed: 3
[22.183s][debug][gc,refine         ] Activated worker 0, on threshold: 26, current: 29
[22.184s][debug][gc,refine         ] Deactivated worker 0, off threshold: 24, current: 24, processed: 5
[22.185s][debug][gc,heap           ] GC(39) Heap before GC invocations=39 (full 0): garbage-first heap   total 1052672K, used 499200K [0x0000000780000000, 0x0000000800000000)
[22.185s][debug][gc,heap           ] GC(39)   region size 1024K, 182 young (186368K), 30 survivors (30720K)
[22.185s][debug][gc,heap           ] GC(39)  Metaspace       used 13173K, capacity 13592K, committed 13824K, reserved 1060864K
[22.185s][debug][gc,heap           ] GC(39)   class space    used 1352K, capacity 1515K, committed 1536K, reserved 1048576K
[22.185s][info ][gc,start          ] GC(39) Pause Young (Normal) (G1 Evacuation Pause)
[22.185s][info ][gc,task           ] GC(39) Using 4 workers of 4 for evacuation
[22.185s][debug][gc,tlab           ] GC(39) TLAB totals: thrds: 4  refills: 452 max: 447 slow allocs: 45 max 45 waste:  0.4% gc: 418360B max: 172696B slow: 266072B max: 264880B fast: 0B max: 0B
[22.186s][debug][gc,alloc,region   ] GC(39) Mutator Allocation stats, regions: 152, wasted size: 0B ( 0.0%)
[22.186s][debug][gc,age            ] GC(39) Desired survivor size 12058624 bytes, new threshold 1 (max threshold 15)
[22.186s][debug][gc,ergo,cset      ] GC(39) Finish choosing CSet. old: 0 regions, predicted old region time: 0.00ms, time remaining: 0.00
[22.186s][debug][gc,task,stats     ] GC(39) GC Termination Stats
[22.186s][debug][gc,task,stats     ] GC(39)      elapsed  --strong roots-- -------termination------- ------waste (KiB)------
[22.186s][debug][gc,task,stats     ] GC(39) thr     ms        ms      %        ms      %    attempts  total   alloc    undo
[22.186s][debug][gc,refine         ] Activated worker 0, on threshold: 26, current: 27
[22.186s][debug][gc,task,stats     ] GC(39) --- --------- --------- ------ --------- ------ -------- ------- ------- -------
[22.382s][debug][gc,task,stats     ] GC(39)   3    196.02    194.06  99.00      0.00   0.00        1       1       1       0
[22.382s][debug][gc,task,stats     ] GC(39)   1    196.15    192.94  98.36      0.65   0.33        6       2       2       0
[22.382s][debug][gc,task,stats     ] GC(39)   2    196.15    194.73  99.28      0.64   0.33        3       2       2       0
[22.382s][debug][gc,task,stats     ] GC(39)   0    196.21    192.88  98.31      0.63   0.32        2       2       2       0
[22.382s][debug][gc,ergo           ] GC(39) Running G1 Clear Card Table Task using 1 workers for 1 units of work for 214 regions.
[22.382s][debug][gc,ref            ] GC(39) Skipped phase1 of Reference Processing due to unavailable references
[22.383s][debug][gc,ref            ] GC(39) Skipped phase2 of Reference Processing due to unavailable references
[22.383s][debug][gc,ref            ] GC(39) Skipped phase3 of Reference Processing due to unavailable references
[22.383s][debug][gc,ref            ] GC(39) Skipped phase4 of Reference Processing due to unavailable references
[22.383s][debug][gc,ergo           ] GC(39) Running G1 Free Collection Set using 4 workers for collection set length 182
[22.383s][debug][gc,humongous      ] GC(39) Live humongous region 5 object size 524304 start 0x0000000780500000  with remset 0 code roots 0 is marked 0 reclaim candidate 0 type array 0
[22.383s][debug][gc,humongous      ] GC(39) Live humongous region 6 object size 1048592 start 0x0000000780600000  with remset 0 code roots 0 is marked 0 reclaim candidate 0 type array 0
[22.383s][debug][gc,humongous      ] GC(39) Live humongous region 8 object size 524304 start 0x0000000780800000  with remset 0 code roots 0 is marked 0 reclaim candidate 0 type array 0
[22.383s][debug][gc,humongous      ] GC(39) Live humongous region 13 object size 1048592 start 0x0000000780d00000  with remset 0 code roots 0 is marked 0 reclaim candidate 0 type array 0
[22.383s][debug][gc,humongous      ] GC(39) Live humongous region 17 object size 524304 start 0x0000000781100000  with remset 0 code roots 0 is marked 0 reclaim candidate 0 type array 0
[22.383s][debug][gc,humongous      ] GC(39) Live humongous region 19 object size 1048592 start 0x0000000781300000  with remset 0 code roots 0 is marked 0 reclaim candidate 0 type array 0
[22.383s][debug][gc,humongous      ] GC(39) Live humongous region 22 object size 524304 start 0x0000000781600000  with remset 0 code roots 0 is marked 0 reclaim candidate 0 type array 0
[22.383s][debug][gc,humongous      ] GC(39) Live humongous region 23 object size 1048592 start 0x0000000781700000  with remset 0 code roots 0 is marked 0 reclaim candidate 0 type array 0
[22.383s][debug][gc,humongous      ] GC(39) Live humongous region 25 object size 524304 start 0x0000000781900000  with remset 0 code roots 0 is marked 0 reclaim candidate 0 type array 0
[22.383s][debug][gc,humongous      ] GC(39) Live humongous region 26 object size 1048592 start 0x0000000781a00000  with remset 0 code roots 0 is marked 0 reclaim candidate 0 type array 0
[22.383s][debug][gc,humongous      ] GC(39) Live humongous region 29 object size 524304 start 0x0000000781d00000  with remset 0 code roots 0 is marked 0 reclaim candidate 0 type array 0
[22.383s][debug][gc,humongous      ] GC(39) Live humongous region 30 object size 1048592 start 0x0000000781e00000  with remset 0 code roots 0 is marked 0 reclaim candidate 0 type array 0
[22.383s][debug][gc,humongous      ] GC(39) Live humongous region 32 object size 524304 start 0x0000000782000000  with remset 0 code roots 0 is marked 0 reclaim candidate 0 type array 0
[22.383s][debug][gc,humongous      ] GC(39) Live humongous region 34 object size 1048592 start 0x0000000782200000  with remset 0 code roots 0 is marked 0 reclaim candidate 0 type array 0
[22.383s][debug][gc,humongous      ] GC(39) Live humongous region 36 object size 524304 start 0x0000000782400000  with remset 0 code roots 0 is marked 0 reclaim candidate 0 type array 0
[22.383s][debug][gc,humongous      ] GC(39) Live humongous region 38 object size 1048592 start 0x0000000782600000  with remset 0 code roots 0 is marked 0 reclaim candidate 0 type array 0
[22.383s][debug][gc,humongous      ] GC(39) Live humongous region 40 object size 524304 start 0x0000000782800000  with remset 0 code roots 0 is marked 0 reclaim candidate 0 type array 0
[22.383s][debug][gc,humongous      ] GC(39) Live humongous region 41 object size 1048592 start 0x0000000782900000  with remset 0 code roots 0 is marked 0 reclaim candidate 0 type array 0
[22.383s][debug][gc,humongous      ] GC(39) Live humongous region 43 object size 524304 start 0x0000000782b00000  with remset 0 code roots 0 is marked 0 reclaim candidate 0 type array 0
[22.383s][debug][gc,humongous      ] GC(39) Live humongous region 44 object size 1048592 start 0x0000000782c00000  with remset 0 code roots 0 is marked 0 reclaim candidate 0 type array 0
[22.383s][debug][gc,humongous      ] GC(39) Live humongous region 46 object size 524304 start 0x0000000782e00000  with remset 0 code roots 0 is marked 0 reclaim candidate 0 type array 0
[22.383s][debug][gc,humongous      ] GC(39) Live humongous region 47 object size 524304 start 0x0000000782f00000  with remset 0 code roots 0 is marked 0 reclaim candidate 0 type array 0
[22.383s][debug][gc,humongous      ] GC(39) Live humongous region 49 object size 1048592 start 0x0000000783100000  with remset 0 code roots 0 is marked 0 reclaim candidate 0 type array 0
[22.383s][debug][gc,humongous      ] GC(39) Live humongous region 51 object size 1048592 start 0x0000000783300000  with remset 0 code roots 0 is marked 0 reclaim candidate 0 type array 0
[22.383s][debug][gc,humongous      ] GC(39) Live humongous region 53 object size 524304 start 0x0000000783500000  with remset 0 code roots 0 is marked 0 reclaim candidate 0 type array 0
[22.383s][debug][gc,humongous      ] GC(39) Live humongous region 54 object size 1048592 start 0x0000000783600000  with remset 0 code roots 0 is marked 0 reclaim candidate 0 type array 0
[22.383s][debug][gc,humongous      ] GC(39) Live humongous region 56 object size 524304 start 0x0000000783800000  with remset 0 code roots 0 is marked 0 reclaim candidate 0 type array 0
[22.383s][debug][gc,humongous      ] GC(39) Live humongous region 57 object size 1048592 start 0x0000000783900000  with remset 0 code roots 0 is marked 0 reclaim candidate 0 type array 0
[22.383s][debug][gc,humongous      ] GC(39) Live humongous region 59 object size 524304 start 0x0000000783b00000  with remset 0 code roots 0 is marked 0 reclaim candidate 0 type array 0
[22.383s][debug][gc,humongous      ] GC(39) Live humongous region 61 object size 1048592 start 0x0000000783d00000  with remset 0 code roots 0 is marked 0 reclaim candidate 0 type array 0
[22.383s][debug][gc,humongous      ] GC(39) Live humongous region 63 object size 524304 start 0x0000000783f00000  with remset 0 code roots 0 is marked 0 reclaim candidate 0 type array 0
[22.383s][debug][gc,humongous      ] GC(39) Live humongous region 64 object size 1048592 start 0x0000000784000000  with remset 0 code roots 0 is marked 0 reclaim candidate 0 type array 0
[22.383s][debug][gc,humongous      ] GC(39) Live humongous region 66 object size 524304 start 0x0000000784200000  with remset 0 code roots 0 is marked 0 reclaim candidate 0 type array 0
[22.383s][debug][gc,humongous      ] GC(39) Live humongous region 67 object size 1048592 start 0x0000000784300000  with remset 0 code roots 0 is marked 0 reclaim candidate 0 type array 0
[22.383s][debug][gc,humongous      ] GC(39) Live humongous region 69 object size 524304 start 0x0000000784500000  with remset 0 code roots 0 is marked 0 reclaim candidate 0 type array 0
[22.383s][debug][gc,humongous      ] GC(39) Live humongous region 70 object size 1048592 start 0x0000000784600000  with remset 0 code roots 0 is marked 0 reclaim candidate 0 type array 0
[22.383s][debug][gc,humongous      ] GC(39) Live humongous region 72 object size 524304 start 0x0000000784800000  with remset 0 code roots 0 is marked 0 reclaim candidate 0 type array 0
[22.383s][debug][gc,humongous      ] GC(39) Live humongous region 73 object size 1048592 start 0x0000000784900000  with remset 0 code roots 0 is marked 0 reclaim candidate 0 type array 0
[22.383s][debug][gc,humongous      ] GC(39) Live humongous region 75 object size 524304 start 0x0000000784b00000  with remset 0 code roots 0 is marked 0 reclaim candidate 0 type array 0
[22.383s][debug][gc,humongous      ] GC(39) Live humongous region 76 object size 1048592 start 0x0000000784c00000  with remset 0 code roots 0 is marked 0 reclaim candidate 0 type array 0
[22.383s][debug][gc,humongous      ] GC(39) Live humongous region 78 object size 524304 start 0x0000000784e00000  with remset 0 code roots 0 is marked 0 reclaim candidate 0 type array 0
[22.383s][debug][gc,humongous      ] GC(39) Live humongous region 262 object size 1048592 start 0x0000000790600000  with remset 0 code roots 0 is marked 0 reclaim candidate 0 type array 0
[22.383s][debug][gc,humongous      ] GC(39) Live humongous region 264 object size 524304 start 0x0000000790800000  with remset 0 code roots 0 is marked 0 reclaim candidate 0 type array 0
[22.383s][debug][gc,humongous      ] GC(39) Live humongous region 265 object size 1048592 start 0x0000000790900000  with remset 0 code roots 0 is marked 0 reclaim candidate 0 type array 0
[22.383s][debug][gc,humongous      ] GC(39) Live humongous region 267 object size 524304 start 0x0000000790b00000  with remset 0 code roots 0 is marked 0 reclaim candidate 0 type array 0
[22.383s][debug][gc,humongous      ] GC(39) Live humongous region 268 object size 1048592 start 0x0000000790c00000  with remset 0 code roots 0 is marked 0 reclaim candidate 0 type array 0
[22.383s][debug][gc,humongous      ] GC(39) Live humongous region 270 object size 524304 start 0x0000000790e00000  with remset 0 code roots 0 is marked 0 reclaim candidate 0 type array 0
[22.383s][debug][gc,humongous      ] GC(39) Live humongous region 271 object size 1048592 start 0x0000000790f00000  with remset 0 code roots 0 is marked 0 reclaim candidate 0 type array 0
[22.383s][debug][gc,humongous      ] GC(39) Live humongous region 273 object size 524304 start 0x0000000791100000  with remset 0 code roots 0 is marked 0 reclaim candidate 0 type array 0
[22.383s][debug][gc,humongous      ] GC(39) Live humongous region 274 object size 1048592 start 0x0000000791200000  with remset 0 code roots 0 is marked 0 reclaim candidate 0 type array 0
[22.383s][debug][gc,humongous      ] GC(39) Live humongous region 276 object size 524304 start 0x0000000791400000  with remset 0 code roots 0 is marked 0 reclaim candidate 0 type array 0
[22.383s][debug][gc,humongous      ] GC(39) Live humongous region 277 object size 1048592 start 0x0000000791500000  with remset 0 code roots 0 is marked 0 reclaim candidate 0 type array 0
[22.383s][debug][gc,humongous      ] GC(39) Live humongous region 279 object size 524304 start 0x0000000791700000  with remset 0 code roots 0 is marked 0 reclaim candidate 0 type array 0
[22.383s][debug][gc,humongous      ] GC(39) Live humongous region 280 object size 1048592 start 0x0000000791800000  with remset 0 code roots 0 is marked 0 reclaim candidate 0 type array 0
[22.383s][debug][gc,humongous      ] GC(39) Live humongous region 282 object size 524304 start 0x0000000791a00000  with remset 0 code roots 0 is marked 0 reclaim candidate 0 type array 0
[22.383s][debug][gc,humongous      ] GC(39) Live humongous region 283 object size 1048592 start 0x0000000791b00000  with remset 0 code roots 0 is marked 0 reclaim candidate 0 type array 0
[22.383s][debug][gc,humongous      ] GC(39) Live humongous region 285 object size 524304 start 0x0000000791d00000  with remset 0 code roots 0 is marked 0 reclaim candidate 0 type array 0
[22.383s][debug][gc,humongous      ] GC(39) Live humongous region 286 object size 1048592 start 0x0000000791e00000  with remset 0 code roots 0 is marked 0 reclaim candidate 0 type array 0
[22.383s][debug][gc,humongous      ] GC(39) Live humongous region 288 object size 524304 start 0x0000000792000000  with remset 0 code roots 0 is marked 0 reclaim candidate 0 type array 0
[22.383s][debug][gc,humongous      ] GC(39) Live humongous region 289 object size 1048592 start 0x0000000792100000  with remset 0 code roots 0 is marked 0 reclaim candidate 0 type array 0
[22.383s][debug][gc,humongous      ] GC(39) Live humongous region 291 object size 524304 start 0x0000000792300000  with remset 0 code roots 0 is marked 0 reclaim candidate 0 type array 0
[22.383s][debug][gc,humongous      ] GC(39) Live humongous region 292 object size 1048592 start 0x0000000792400000  with remset 0 code roots 0 is marked 0 reclaim candidate 0 type array 0
[22.383s][debug][gc,humongous      ] GC(39) Live humongous region 294 object size 524304 start 0x0000000792600000  with remset 0 code roots 0 is marked 0 reclaim candidate 0 type array 0
[22.383s][debug][gc,humongous      ] GC(39) Live humongous region 295 object size 1048592 start 0x0000000792700000  with remset 0 code roots 0 is marked 0 reclaim candidate 0 type array 0
[22.383s][debug][gc,humongous      ] GC(39) Live humongous region 297 object size 524304 start 0x0000000792900000  with remset 0 code roots 0 is marked 0 reclaim candidate 0 type array 0
[22.383s][debug][gc,humongous      ] GC(39) Live humongous region 298 object size 1048592 start 0x0000000792a00000  with remset 0 code roots 0 is marked 0 reclaim candidate 0 type array 0
[22.383s][debug][gc,humongous      ] GC(39) Live humongous region 300 object size 524304 start 0x0000000792c00000  with remset 0 code roots 0 is marked 0 reclaim candidate 0 type array 0
[22.383s][debug][gc,humongous      ] GC(39) Live humongous region 301 object size 1048592 start 0x0000000792d00000  with remset 0 code roots 0 is marked 0 reclaim candidate 0 type array 0
[22.383s][debug][gc,humongous      ] GC(39) Live humongous region 303 object size 524304 start 0x0000000792f00000  with remset 0 code roots 0 is marked 0 reclaim candidate 0 type array 0
[22.383s][debug][gc,humongous      ] GC(39) Live humongous region 304 object size 1048592 start 0x0000000793000000  with remset 0 code roots 0 is marked 0 reclaim candidate 0 type array 0
[22.383s][debug][gc,plab           ] GC(39) Young PLAB allocation: allocated: 24117248B, wasted: 1128B, unused: 0B, used: 24116120B, undo waste: 0B, 
[22.383s][debug][gc,plab           ] GC(39) Young other allocation: region end waste: 0B, regions filled: 23, direct allocated: 0B, failure used: 0B, failure wasted: 0B
[22.383s][debug][gc,plab           ] GC(39) Young sizing: calculated: 4823224B, actual: 5112064B
[22.383s][debug][gc,plab           ] GC(39) Old PLAB allocation: allocated: 159383552B, wasted: 7304B, unused: 1029016B, used: 158347232B, undo waste: 0B, 
[22.383s][debug][gc,plab           ] GC(39) Old other allocation: region end waste: 0B, regions filled: 153, direct allocated: 0B, failure used: 0B, failure wasted: 0B
[22.383s][debug][gc,plab           ] GC(39) Old sizing: calculated: 31669440B, actual: 30769536B
[22.383s][debug][gc,ergo,ihop      ] GC(39) Request concurrent cycle initiation (occupancy higher than threshold) occupancy: 480247808B allocation request: 0B threshold: 353998215B (32.84) source: end of GC
[22.383s][debug][gc,alloc,stats    ] Old generation allocation in the last mutator period, old gen allocated: 159383552B, humongous allocated: 46137344B,old gen growth: 205520896B.
[22.383s][debug][gc,ihop           ] GC(39) Basic information (value update), threshold: 386847253B (35.89), target occupancy: 1077936128B, current occupancy: 503840768B, recent allocation size: 205520896B, recent allocation duration: 1790.95ms, recent old gen allocation rate: 114755207.68B/s, recent marking phase length: 232.15ms
[22.383s][debug][gc,ihop           ] GC(39) Adaptive IHOP information (value update), threshold: 386847253B (37.78), internal target occupancy: 1024039321B, occupancy: 503840768B, additional buffer size: 175112192B, predicted old gen allocation rate: 1301722730.35B/s, predicted marking phase length: 354.98ms, prediction active: true
[22.383s][debug][gc,ergo,refine    ] GC(39) Updated Refinement Zones: green: 26, yellow: 78, red: 130
[22.383s][info ][gc,phases         ] GC(39)   Pre Evacuate Collection Set: 0.1ms
[22.383s][debug][gc,phases         ] GC(39)     Prepare TLABs: 0.0ms
[22.383s][debug][gc,phases         ] GC(39)     Choose Collection Set: 0.0ms
[22.383s][debug][gc,phases         ] GC(39)     Humongous Register: 0.1ms
[22.383s][info ][gc,phases         ] GC(39)   Evacuate Collection Set: 196.6ms
[22.383s][debug][gc,phases         ] GC(39)     Ext Root Scanning (ms):   Min:  0.3, Avg:  0.6, Max:  1.1, Diff:  0.8, Sum:  2.4, Workers: 4
[22.383s][debug][gc,phases         ] GC(39)     Update RS (ms):           Min:  1.1, Avg:  2.5, Max:  5.4, Diff:  4.2, Sum: 10.2, Workers: 4
[22.383s][debug][gc,phases         ] GC(39)       Processed Buffers:        Min: 2, Avg:  6.8, Max: 19, Diff: 17, Sum: 27, Workers: 4
[22.383s][debug][gc,phases         ] GC(39)       Scanned Cards:            Min: 512, Avg: 1552.8, Max: 4163, Diff: 3651, Sum: 6211, Workers: 4
[22.383s][debug][gc,phases         ] GC(39)       Skipped Cards:            Min: 0, Avg:  0.0, Max: 0, Diff: 0, Sum: 0, Workers: 4
[22.383s][debug][gc,phases         ] GC(39)     Scan RS (ms):             Min:  6.2, Avg:  6.9, Max:  7.8, Diff:  1.5, Sum: 27.7, Workers: 4
[22.383s][debug][gc,phases         ] GC(39)       Scanned Cards:            Min: 2731, Avg: 3021.8, Max: 3130, Diff: 399, Sum: 12087, Workers: 4
[22.383s][debug][gc,phases         ] GC(39)       Claimed Cards:            Min: 2765, Avg: 3068.0, Max: 3172, Diff: 407, Sum: 12272, Workers: 4
[22.383s][debug][gc,phases         ] GC(39)       Skipped Cards:            Min: 336, Avg: 735.8, Max: 916, Diff: 580, Sum: 2943, Workers: 4
[22.383s][debug][gc,phases         ] GC(39)     Code Root Scanning (ms):  Min:  0.0, Avg:  0.0, Max:  0.0, Diff:  0.0, Sum:  0.1, Workers: 4
[22.383s][debug][gc,phases         ] GC(39)     JVMCI Root Scan (ms):     skipped
[22.383s][debug][gc,phases         ] GC(39)     Object Copy (ms):         Min: 181.9, Avg: 185.4, Max: 186.6, Diff:  4.8, Sum: 741.5, Workers: 4
[22.384s][debug][gc,phases         ] GC(39)     Termination (ms):         Min:  0.0, Avg:  0.5, Max:  0.6, Diff:  0.6, Sum:  1.9, Workers: 4
[22.384s][debug][gc,phases         ] GC(39)       Termination Attempts:     Min: 1, Avg:  3.0, Max: 6, Diff: 5, Sum: 12, Workers: 4
[22.384s][debug][gc,phases         ] GC(39)     GC Worker Other (ms):     Min:  0.1, Avg:  0.2, Max:  0.2, Diff:  0.1, Sum:  0.6, Workers: 4
[22.384s][debug][gc,phases         ] GC(39)     GC Worker Total (ms):     Min: 196.1, Avg: 196.2, Max: 196.2, Diff:  0.1, Sum: 784.7, Workers: 4
[22.384s][info ][gc,phases         ] GC(39)   Post Evacuate Collection Set: 0.9ms
[22.384s][debug][gc,phases         ] GC(39)     Code Roots Fixup: 0.0ms
[22.384s][debug][gc,phases         ] GC(39)     Clear Card Table: 0.1ms
[22.384s][debug][gc,phases         ] GC(39)     Reference Processing: 0.1ms
[22.384s][debug][gc,phases,ref     ] GC(39)       Reconsider SoftReferences: 0.0ms
[22.384s][debug][gc,phases,ref     ] GC(39)         SoftRef (ms):             skipped
[22.384s][debug][gc,phases,ref     ] GC(39)       Notify Soft/WeakReferences: 0.0ms
[22.384s][debug][gc,phases,ref     ] GC(39)         SoftRef (ms):             skipped
[22.384s][debug][gc,phases,ref     ] GC(39)         WeakRef (ms):             skipped
[22.384s][debug][gc,phases,ref     ] GC(39)         FinalRef (ms):            skipped
[22.384s][debug][gc,phases,ref     ] GC(39)         Total (ms):               skipped
[22.384s][debug][gc,phases,ref     ] GC(39)       Notify and keep alive finalizable: 0.0ms
[22.384s][debug][gc,phases,ref     ] GC(39)         FinalRef (ms):            skipped
[22.384s][debug][gc,phases,ref     ] GC(39)       Notify PhantomReferences: 0.0ms
[22.384s][debug][gc,phases,ref     ] GC(39)         PhantomRef (ms):          skipped
[22.384s][debug][gc,phases,ref     ] GC(39)       SoftReference:
[22.384s][debug][gc,phases,ref     ] GC(39)         Discovered: 0
[22.384s][debug][gc,phases,ref     ] GC(39)         Cleared: 0
[22.384s][debug][gc,phases,ref     ] GC(39)       WeakReference:
[22.384s][debug][gc,phases,ref     ] GC(39)         Discovered: 0
[22.384s][debug][gc,phases,ref     ] GC(39)         Cleared: 0
[22.384s][debug][gc,phases,ref     ] GC(39)       FinalReference:
[22.384s][debug][gc,phases,ref     ] GC(39)         Discovered: 0
[22.384s][debug][gc,phases,ref     ] GC(39)         Cleared: 0
[22.384s][debug][gc,phases,ref     ] GC(39)       PhantomReference:
[22.384s][debug][gc,phases,ref     ] GC(39)         Discovered: 0
[22.384s][debug][gc,phases,ref     ] GC(39)         Cleared: 0
[22.384s][debug][gc,phases         ] GC(39)     Weak Processing: 0.0ms
[22.384s][debug][gc,phases         ] GC(39)     Merge Per-Thread State: 0.0ms
[22.384s][debug][gc,phases         ] GC(39)     Code Roots Purge: 0.0ms
[22.384s][debug][gc,phases         ] GC(39)     Redirty Cards: 0.0ms
[22.384s][debug][gc,phases         ] GC(39)     DerivedPointerTable Update: 0.0ms
[22.384s][debug][gc,phases         ] GC(39)     Free Collection Set: 0.1ms
[22.384s][debug][gc,phases         ] GC(39)     Humongous Reclaim: 0.6ms
[22.384s][debug][gc,phases         ] GC(39)     Start New Collection Set: 0.0ms
[22.384s][debug][gc,phases         ] GC(39)     Resize TLABs: 0.0ms
[22.384s][debug][gc,phases         ] GC(39)     Expand Heap After Collection: 0.0ms
[22.384s][info ][gc,phases         ] GC(39)   Other: 1.0ms
[22.384s][info ][gc,heap           ] GC(39) Eden regions: 152->0(144)
[22.384s][info ][gc,heap           ] GC(39) Survivor regions: 30->23(23)
[22.384s][info ][gc,heap           ] GC(39) Old regions: 201->353
[22.384s][info ][gc,heap           ] GC(39) Humongous regions: 105->105
[22.384s][info ][gc,metaspace      ] GC(39) Metaspace: 13173K->13173K(1060864K)
[22.384s][debug][gc,heap           ] GC(39) Heap after GC invocations=40 (full 0): garbage-first heap   total 1052672K, used 492032K [0x0000000780000000, 0x0000000800000000)
[22.384s][debug][gc,heap           ] GC(39)   region size 1024K, 23 young (23552K), 23 survivors (23552K)
[22.384s][debug][gc,heap           ] GC(39)  Metaspace       used 13173K, capacity 13592K, committed 13824K, reserved 1060864K
[22.384s][debug][gc,heap           ] GC(39)   class space    used 1352K, capacity 1515K, committed 1536K, reserved 1048576K
[22.384s][info ][gc                ] GC(39) Pause Young (Normal) (G1 Evacuation Pause) 487M->480M(1028M) 198.554ms
[22.384s][info ][gc,cpu            ] GC(39) User=0.56s Sys=0.04s Real=0.19s
[22.384s][debug][gc,refine         ] Deactivated worker 0, off threshold: 26, current: 8, processed: 0
[22.385s][debug][gc,ergo,ihop      ] Request concurrent cycle initiation (occupancy higher than threshold) occupancy: 480247808B allocation request: 524304B threshold: 386847253B (35.89) source: concurrent humongous allocation
[22.385s][debug][gc,ergo           ] Request concurrent cycle initiation (requested by GC cause). GC cause: G1 Humongous Allocation
[22.385s][debug][gc,heap           ] GC(40) Heap before GC invocations=40 (full 0): garbage-first heap   total 1052672K, used 495104K [0x0000000780000000, 0x0000000800000000)
[22.385s][debug][gc,heap           ] GC(40)   region size 1024K, 27 young (27648K), 23 survivors (23552K)
[22.385s][debug][gc,heap           ] GC(40)  Metaspace       used 13173K, capacity 13592K, committed 13824K, reserved 1060864K
[22.385s][debug][gc,heap           ] GC(40)   class space    used 1352K, capacity 1515K, committed 1536K, reserved 1048576K
[22.385s][debug][gc,ergo           ] GC(40) Initiate concurrent cycle (concurrent cycle initiation requested)
[22.385s][info ][gc,start          ] GC(40) Pause Young (Concurrent Start) (G1 Humongous Allocation)
[22.385s][info ][gc,task           ] GC(40) Using 4 workers of 4 for evacuation
[22.385s][debug][gc,tlab           ] GC(40) TLAB totals: thrds: 1  refills: 12 max: 12 slow allocs: 1 max 1 waste:  5.6% gc: 230280B max: 230280B slow: 6432B max: 6432B fast: 0B max: 0B
[22.385s][debug][gc,alloc,region   ] GC(40) Mutator Allocation stats, regions: 4, wasted size: 0B ( 0.0%)
[22.385s][debug][gc,age            ] GC(40) Desired survivor size 11010048 bytes, new threshold 1 (max threshold 15)
[22.385s][debug][gc,ergo,cset      ] GC(40) Finish choosing CSet. old: 0 regions, predicted old region time: 0.00ms, time remaining: 166.80
[22.386s][debug][gc,task,stats     ] GC(40) GC Termination Stats
[22.386s][debug][gc,task,stats     ] GC(40)      elapsed  --strong roots-- -------termination------- ------waste (KiB)------
[22.386s][debug][gc,task,stats     ] GC(40) thr     ms        ms      %        ms      %    attempts  total   alloc    undo
[22.386s][debug][gc,task,stats     ] GC(40) --- --------- --------- ------ --------- ------ -------- ------- ------- -------
[22.414s][debug][gc,task,stats     ] GC(40)   2     28.57     23.80  83.32      0.00   0.00        1       0       0       0
[22.414s][debug][gc,task,stats     ] GC(40)   1     28.72     27.88  97.09      0.65   2.25        2       0       0       0
[22.414s][debug][gc,task,stats     ] GC(40)   0     28.76     22.03  76.60      0.67   2.34        4       0       0       0
[22.414s][debug][gc,task,stats     ] GC(40)   3     28.69     25.28  88.12      0.65   2.26        2       0       0       0
[22.415s][debug][gc,ergo           ] GC(40) Running G1 Clear Card Table Task using 1 workers for 1 units of work for 35 regions.
[22.415s][debug][gc,ref            ] GC(40) Skipped phase1 of Reference Processing due to unavailable references
[22.415s][debug][gc,ref            ] GC(40) Skipped phase2 of Reference Processing due to unavailable references
[22.415s][debug][gc,ref            ] GC(40) Skipped phase3 of Reference Processing due to unavailable references
[22.415s][debug][gc,ref            ] GC(40) Skipped phase4 of Reference Processing due to unavailable references
[22.415s][debug][gc,ergo           ] GC(40) Running G1 Free Collection Set using 1 workers for collection set length 27
[22.415s][debug][gc,humongous      ] GC(40) Live humongous region 5 object size 524304 start 0x0000000780500000  with remset 0 code roots 0 is marked 0 reclaim candidate 0 type array 0
[22.415s][debug][gc,humongous      ] GC(40) Live humongous region 6 object size 1048592 start 0x0000000780600000  with remset 0 code roots 0 is marked 0 reclaim candidate 0 type array 0
[22.415s][debug][gc,humongous      ] GC(40) Live humongous region 8 object size 524304 start 0x0000000780800000  with remset 0 code roots 0 is marked 0 reclaim candidate 0 type array 0
[22.415s][debug][gc,humongous      ] GC(40) Live humongous region 13 object size 1048592 start 0x0000000780d00000  with remset 0 code roots 0 is marked 0 reclaim candidate 0 type array 0
[22.415s][debug][gc,humongous      ] GC(40) Live humongous region 17 object size 524304 start 0x0000000781100000  with remset 0 code roots 0 is marked 0 reclaim candidate 0 type array 0
[22.415s][debug][gc,humongous      ] GC(40) Live humongous region 19 object size 1048592 start 0x0000000781300000  with remset 0 code roots 0 is marked 0 reclaim candidate 0 type array 0
[22.415s][debug][gc,humongous      ] GC(40) Live humongous region 22 object size 524304 start 0x0000000781600000  with remset 0 code roots 0 is marked 0 reclaim candidate 0 type array 0
[22.415s][debug][gc,humongous      ] GC(40) Live humongous region 23 object size 1048592 start 0x0000000781700000  with remset 0 code roots 0 is marked 0 reclaim candidate 0 type array 0
[22.415s][debug][gc,humongous      ] GC(40) Live humongous region 25 object size 524304 start 0x0000000781900000  with remset 0 code roots 0 is marked 0 reclaim candidate 0 type array 0
[22.415s][debug][gc,humongous      ] GC(40) Live humongous region 26 object size 1048592 start 0x0000000781a00000  with remset 0 code roots 0 is marked 0 reclaim candidate 0 type array 0
[22.415s][debug][gc,humongous      ] GC(40) Live humongous region 29 object size 524304 start 0x0000000781d00000  with remset 0 code roots 0 is marked 0 reclaim candidate 0 type array 0
[22.415s][debug][gc,humongous      ] GC(40) Live humongous region 30 object size 1048592 start 0x0000000781e00000  with remset 0 code roots 0 is marked 0 reclaim candidate 0 type array 0
[22.415s][debug][gc,humongous      ] GC(40) Live humongous region 32 object size 524304 start 0x0000000782000000  with remset 0 code roots 0 is marked 0 reclaim candidate 0 type array 0
[22.415s][debug][gc,humongous      ] GC(40) Live humongous region 34 object size 1048592 start 0x0000000782200000  with remset 0 code roots 0 is marked 0 reclaim candidate 0 type array 0
[22.415s][debug][gc,humongous      ] GC(40) Live humongous region 36 object size 524304 start 0x0000000782400000  with remset 0 code roots 0 is marked 0 reclaim candidate 0 type array 0
[22.415s][debug][gc,humongous      ] GC(40) Live humongous region 38 object size 1048592 start 0x0000000782600000  with remset 0 code roots 0 is marked 0 reclaim candidate 0 type array 0
[22.415s][debug][gc,humongous      ] GC(40) Live humongous region 40 object size 524304 start 0x0000000782800000  with remset 0 code roots 0 is marked 0 reclaim candidate 0 type array 0
[22.415s][debug][gc,humongous      ] GC(40) Live humongous region 41 object size 1048592 start 0x0000000782900000  with remset 0 code roots 0 is marked 0 reclaim candidate 0 type array 0
[22.415s][debug][gc,humongous      ] GC(40) Live humongous region 43 object size 524304 start 0x0000000782b00000  with remset 0 code roots 0 is marked 0 reclaim candidate 0 type array 0
[22.415s][debug][gc,humongous      ] GC(40) Live humongous region 44 object size 1048592 start 0x0000000782c00000  with remset 0 code roots 0 is marked 0 reclaim candidate 0 type array 0
[22.415s][debug][gc,humongous      ] GC(40) Live humongous region 46 object size 524304 start 0x0000000782e00000  with remset 0 code roots 0 is marked 0 reclaim candidate 0 type array 0
[22.415s][debug][gc,humongous      ] GC(40) Live humongous region 47 object size 524304 start 0x0000000782f00000  with remset 0 code roots 0 is marked 0 reclaim candidate 0 type array 0
[22.415s][debug][gc,humongous      ] GC(40) Live humongous region 49 object size 1048592 start 0x0000000783100000  with remset 0 code roots 0 is marked 0 reclaim candidate 0 type array 0
[22.415s][debug][gc,humongous      ] GC(40) Live humongous region 51 object size 1048592 start 0x0000000783300000  with remset 0 code roots 0 is marked 0 reclaim candidate 0 type array 0
[22.415s][debug][gc,humongous      ] GC(40) Live humongous region 53 object size 524304 start 0x0000000783500000  with remset 0 code roots 0 is marked 0 reclaim candidate 0 type array 0
[22.415s][debug][gc,humongous      ] GC(40) Live humongous region 54 object size 1048592 start 0x0000000783600000  with remset 0 code roots 0 is marked 0 reclaim candidate 0 type array 0
[22.415s][debug][gc,humongous      ] GC(40) Live humongous region 56 object size 524304 start 0x0000000783800000  with remset 0 code roots 0 is marked 0 reclaim candidate 0 type array 0
[22.415s][debug][gc,humongous      ] GC(40) Live humongous region 57 object size 1048592 start 0x0000000783900000  with remset 0 code roots 0 is marked 0 reclaim candidate 0 type array 0
[22.415s][debug][gc,humongous      ] GC(40) Live humongous region 59 object size 524304 start 0x0000000783b00000  with remset 0 code roots 0 is marked 0 reclaim candidate 0 type array 0
[22.415s][debug][gc,humongous      ] GC(40) Live humongous region 61 object size 1048592 start 0x0000000783d00000  with remset 0 code roots 0 is marked 0 reclaim candidate 0 type array 0
[22.415s][debug][gc,humongous      ] GC(40) Live humongous region 63 object size 524304 start 0x0000000783f00000  with remset 0 code roots 0 is marked 0 reclaim candidate 0 type array 0
[22.415s][debug][gc,humongous      ] GC(40) Live humongous region 64 object size 1048592 start 0x0000000784000000  with remset 0 code roots 0 is marked 0 reclaim candidate 0 type array 0
[22.415s][debug][gc,humongous      ] GC(40) Live humongous region 66 object size 524304 start 0x0000000784200000  with remset 0 code roots 0 is marked 0 reclaim candidate 0 type array 0
[22.415s][debug][gc,humongous      ] GC(40) Live humongous region 67 object size 1048592 start 0x0000000784300000  with remset 0 code roots 0 is marked 0 reclaim candidate 0 type array 0
[22.415s][debug][gc,humongous      ] GC(40) Live humongous region 69 object size 524304 start 0x0000000784500000  with remset 0 code roots 0 is marked 0 reclaim candidate 0 type array 0
[22.415s][debug][gc,humongous      ] GC(40) Live humongous region 70 object size 1048592 start 0x0000000784600000  with remset 0 code roots 0 is marked 0 reclaim candidate 0 type array 0
[22.415s][debug][gc,humongous      ] GC(40) Live humongous region 72 object size 524304 start 0x0000000784800000  with remset 0 code roots 0 is marked 0 reclaim candidate 0 type array 0
[22.415s][debug][gc,humongous      ] GC(40) Live humongous region 73 object size 1048592 start 0x0000000784900000  with remset 0 code roots 0 is marked 0 reclaim candidate 0 type array 0
[22.415s][debug][gc,humongous      ] GC(40) Live humongous region 75 object size 524304 start 0x0000000784b00000  with remset 0 code roots 0 is marked 0 reclaim candidate 0 type array 0
[22.415s][debug][gc,humongous      ] GC(40) Live humongous region 76 object size 1048592 start 0x0000000784c00000  with remset 0 code roots 0 is marked 0 reclaim candidate 0 type array 0
[22.415s][debug][gc,humongous      ] GC(40) Live humongous region 78 object size 524304 start 0x0000000784e00000  with remset 0 code roots 0 is marked 0 reclaim candidate 0 type array 0
[22.415s][debug][gc,humongous      ] GC(40) Live humongous region 262 object size 1048592 start 0x0000000790600000  with remset 0 code roots 0 is marked 0 reclaim candidate 0 type array 0
[22.415s][debug][gc,humongous      ] GC(40) Live humongous region 264 object size 524304 start 0x0000000790800000  with remset 0 code roots 0 is marked 0 reclaim candidate 0 type array 0
[22.415s][debug][gc,humongous      ] GC(40) Live humongous region 265 object size 1048592 start 0x0000000790900000  with remset 0 code roots 0 is marked 0 reclaim candidate 0 type array 0
[22.415s][debug][gc,humongous      ] GC(40) Live humongous region 267 object size 524304 start 0x0000000790b00000  with remset 0 code roots 0 is marked 0 reclaim candidate 0 type array 0
[22.415s][debug][gc,humongous      ] GC(40) Live humongous region 268 object size 1048592 start 0x0000000790c00000  with remset 0 code roots 0 is marked 0 reclaim candidate 0 type array 0
[22.415s][debug][gc,humongous      ] GC(40) Live humongous region 270 object size 524304 start 0x0000000790e00000  with remset 0 code roots 0 is marked 0 reclaim candidate 0 type array 0
[22.415s][debug][gc,humongous      ] GC(40) Live humongous region 271 object size 1048592 start 0x0000000790f00000  with remset 0 code roots 0 is marked 0 reclaim candidate 0 type array 0
[22.415s][debug][gc,humongous      ] GC(40) Live humongous region 273 object size 524304 start 0x0000000791100000  with remset 0 code roots 0 is marked 0 reclaim candidate 0 type array 0
[22.415s][debug][gc,humongous      ] GC(40) Live humongous region 274 object size 1048592 start 0x0000000791200000  with remset 0 code roots 0 is marked 0 reclaim candidate 0 type array 0
[22.415s][debug][gc,humongous      ] GC(40) Live humongous region 276 object size 524304 start 0x0000000791400000  with remset 0 code roots 0 is marked 0 reclaim candidate 0 type array 0
[22.415s][debug][gc,humongous      ] GC(40) Live humongous region 277 object size 1048592 start 0x0000000791500000  with remset 0 code roots 0 is marked 0 reclaim candidate 0 type array 0
[22.415s][debug][gc,humongous      ] GC(40) Live humongous region 279 object size 524304 start 0x0000000791700000  with remset 0 code roots 0 is marked 0 reclaim candidate 0 type array 0
[22.415s][debug][gc,humongous      ] GC(40) Live humongous region 280 object size 1048592 start 0x0000000791800000  with remset 0 code roots 0 is marked 0 reclaim candidate 0 type array 0
[22.415s][debug][gc,humongous      ] GC(40) Live humongous region 282 object size 524304 start 0x0000000791a00000  with remset 0 code roots 0 is marked 0 reclaim candidate 0 type array 0
[22.415s][debug][gc,humongous      ] GC(40) Live humongous region 283 object size 1048592 start 0x0000000791b00000  with remset 0 code roots 0 is marked 0 reclaim candidate 0 type array 0
[22.415s][debug][gc,humongous      ] GC(40) Live humongous region 285 object size 524304 start 0x0000000791d00000  with remset 0 code roots 0 is marked 0 reclaim candidate 0 type array 0
[22.415s][debug][gc,humongous      ] GC(40) Live humongous region 286 object size 1048592 start 0x0000000791e00000  with remset 0 code roots 0 is marked 0 reclaim candidate 0 type array 0
[22.415s][debug][gc,humongous      ] GC(40) Live humongous region 288 object size 524304 start 0x0000000792000000  with remset 0 code roots 0 is marked 0 reclaim candidate 0 type array 0
[22.415s][debug][gc,humongous      ] GC(40) Live humongous region 289 object size 1048592 start 0x0000000792100000  with remset 0 code roots 0 is marked 0 reclaim candidate 0 type array 0
[22.415s][debug][gc,humongous      ] GC(40) Live humongous region 291 object size 524304 start 0x0000000792300000  with remset 0 code roots 0 is marked 0 reclaim candidate 0 type array 0
[22.415s][debug][gc,humongous      ] GC(40) Live humongous region 292 object size 1048592 start 0x0000000792400000  with remset 0 code roots 0 is marked 0 reclaim candidate 0 type array 0
[22.415s][debug][gc,humongous      ] GC(40) Live humongous region 294 object size 524304 start 0x0000000792600000  with remset 0 code roots 0 is marked 0 reclaim candidate 0 type array 0
[22.415s][debug][gc,humongous      ] GC(40) Live humongous region 295 object size 1048592 start 0x0000000792700000  with remset 0 code roots 0 is marked 0 reclaim candidate 0 type array 0
[22.415s][debug][gc,humongous      ] GC(40) Live humongous region 297 object size 524304 start 0x0000000792900000  with remset 0 code roots 0 is marked 0 reclaim candidate 0 type array 0
[22.415s][debug][gc,humongous      ] GC(40) Live humongous region 298 object size 1048592 start 0x0000000792a00000  with remset 0 code roots 0 is marked 0 reclaim candidate 0 type array 0
[22.415s][debug][gc,humongous      ] GC(40) Live humongous region 300 object size 524304 start 0x0000000792c00000  with remset 0 code roots 0 is marked 0 reclaim candidate 0 type array 0
[22.415s][debug][gc,humongous      ] GC(40) Live humongous region 301 object size 1048592 start 0x0000000792d00000  with remset 0 code roots 0 is marked 0 reclaim candidate 0 type array 0
[22.415s][debug][gc,humongous      ] GC(40) Live humongous region 303 object size 524304 start 0x0000000792f00000  with remset 0 code roots 0 is marked 0 reclaim candidate 0 type array 0
[22.415s][debug][gc,humongous      ] GC(40) Live humongous region 304 object size 1048592 start 0x0000000793000000  with remset 0 code roots 0 is marked 0 reclaim candidate 0 type array 0
[22.415s][debug][gc,plab           ] GC(40) Young PLAB allocation: allocated: 4980720B, wasted: 136B, unused: 1285152B, used: 3695432B, undo waste: 0B, 
[22.415s][debug][gc,plab           ] GC(40) Young other allocation: region end waste: 0B, regions filled: 5, direct allocated: 262160B, failure used: 0B, failure wasted: 0B
[22.415s][debug][gc,plab           ] GC(40) Young sizing: calculated: 739080B, actual: 1832320B
[22.415s][debug][gc,plab           ] GC(40) Old PLAB allocation: allocated: 25690112B, wasted: 1104B, unused: 1572888B, used: 24116120B, undo waste: 0B, 
[22.415s][debug][gc,plab           ] GC(40) Old other allocation: region end waste: 0B, regions filled: 25, direct allocated: 0B, failure used: 0B, failure wasted: 0B
[22.415s][debug][gc,plab           ] GC(40) Old sizing: calculated: 4823224B, actual: 11309800B
[22.415s][debug][gc,alloc,stats    ] Old generation allocation in the last mutator period, old gen allocated: 25690112B, humongous allocated: 0B,old gen growth: 25690112B.
[22.415s][debug][gc,ihop           ] GC(40) Basic information (value update), threshold: 0B (0.00), target occupancy: 1077936128B, current occupancy: 510656512B, recent allocation size: 25690112B, recent allocation duration: 2.11ms, recent old gen allocation rate: 12160026961.17B/s, recent marking phase length: 232.15ms
[22.415s][debug][gc,ihop           ] GC(40) Adaptive IHOP information (value update), threshold: 0B (0.00), internal target occupancy: 1024039321B, occupancy: 510656512B, additional buffer size: 150994944B, predicted old gen allocation rate: 2537966458.68B/s, predicted marking phase length: 354.98ms, prediction active: true
[22.415s][debug][gc,ergo,refine    ] GC(40) Updated Refinement Zones: green: 26, yellow: 78, red: 130
[22.415s][info ][gc,phases         ] GC(40)   Pre Evacuate Collection Set: 0.1ms
[22.415s][debug][gc,phases         ] GC(40)     Prepare TLABs: 0.0ms
[22.415s][debug][gc,phases         ] GC(40)     Choose Collection Set: 0.0ms
[22.415s][debug][gc,phases         ] GC(40)     Humongous Register: 0.0ms
[22.415s][debug][gc,phases         ] GC(40)     Clear Claimed Marks: 0.0ms
[22.415s][info ][gc,phases         ] GC(40)   Evacuate Collection Set: 28.9ms
[22.415s][debug][gc,phases         ] GC(40)     Ext Root Scanning (ms):   Min:  0.2, Avg:  0.2, Max:  0.3, Diff:  0.1, Sum:  0.9, Workers: 4
[22.415s][debug][gc,phases         ] GC(40)     Update RS (ms):           Min:  0.7, Avg:  1.0, Max:  1.7, Diff:  1.1, Sum:  4.2, Workers: 4
[22.415s][debug][gc,phases         ] GC(40)       Processed Buffers:        Min: 2, Avg:  2.2, Max: 3, Diff: 1, Sum: 9, Workers: 4
[22.415s][debug][gc,phases         ] GC(40)       Scanned Cards:            Min: 435, Avg: 476.5, Max: 559, Diff: 124, Sum: 1906, Workers: 4
[22.415s][debug][gc,phases         ] GC(40)       Skipped Cards:            Min: 0, Avg:  0.0, Max: 0, Diff: 0, Sum: 0, Workers: 4
[22.415s][debug][gc,phases         ] GC(40)     Scan RS (ms):             Min:  0.0, Avg:  0.0, Max:  0.0, Diff:  0.0, Sum:  0.0, Workers: 4
[22.415s][debug][gc,phases         ] GC(40)       Scanned Cards:            Min: 0, Avg:  0.0, Max: 0, Diff: 0, Sum: 0, Workers: 4
[22.415s][debug][gc,phases         ] GC(40)       Claimed Cards:            Min: 0, Avg:  0.0, Max: 0, Diff: 0, Sum: 0, Workers: 4
[22.415s][debug][gc,phases         ] GC(40)       Skipped Cards:            Min: 0, Avg:  0.0, Max: 0, Diff: 0, Sum: 0, Workers: 4
[22.415s][debug][gc,phases         ] GC(40)     Code Root Scanning (ms):  Min:  0.0, Avg:  0.0, Max:  0.0, Diff:  0.0, Sum:  0.0, Workers: 4
[22.415s][debug][gc,phases         ] GC(40)     JVMCI Root Scan (ms):     skipped
[22.415s][debug][gc,phases         ] GC(40)     Object Copy (ms):         Min: 26.0, Avg: 26.9, Max: 27.6, Diff:  1.6, Sum: 107.5, Workers: 4
[22.415s][debug][gc,phases         ] GC(40)     Termination (ms):         Min:  0.0, Avg:  0.5, Max:  0.7, Diff:  0.7, Sum:  2.0, Workers: 4
[22.415s][debug][gc,phases         ] GC(40)       Termination Attempts:     Min: 1, Avg:  2.2, Max: 4, Diff: 3, Sum: 9, Workers: 4
[22.415s][debug][gc,phases         ] GC(40)     GC Worker Other (ms):     Min:  0.0, Avg:  0.1, Max:  0.2, Diff:  0.1, Sum:  0.3, Workers: 4
[22.415s][debug][gc,phases         ] GC(40)     GC Worker Total (ms):     Min: 28.6, Avg: 28.7, Max: 28.8, Diff:  0.2, Sum: 114.9, Workers: 4
[22.415s][info ][gc,phases         ] GC(40)   Post Evacuate Collection Set: 0.6ms
[22.415s][debug][gc,phases         ] GC(40)     Code Roots Fixup: 0.0ms
[22.415s][debug][gc,phases         ] GC(40)     Clear Card Table: 0.0ms
[22.415s][debug][gc,phases         ] GC(40)     Reference Processing: 0.0ms
[22.415s][debug][gc,phases,ref     ] GC(40)       Reconsider SoftReferences: 0.0ms
[22.415s][debug][gc,phases,ref     ] GC(40)         SoftRef (ms):             skipped
[22.415s][debug][gc,phases,ref     ] GC(40)       Notify Soft/WeakReferences: 0.0ms
[22.415s][debug][gc,phases,ref     ] GC(40)         SoftRef (ms):             skipped
[22.415s][debug][gc,phases,ref     ] GC(40)         WeakRef (ms):             skipped
[22.415s][debug][gc,phases,ref     ] GC(40)         FinalRef (ms):            skipped
[22.415s][debug][gc,phases,ref     ] GC(40)         Total (ms):               skipped
[22.415s][debug][gc,phases,ref     ] GC(40)       Notify and keep alive finalizable: 0.0ms
[22.415s][debug][gc,phases,ref     ] GC(40)         FinalRef (ms):            skipped
[22.415s][debug][gc,phases,ref     ] GC(40)       Notify PhantomReferences: 0.0ms
[22.415s][debug][gc,phases,ref     ] GC(40)         PhantomRef (ms):          skipped
[22.415s][debug][gc,phases,ref     ] GC(40)       SoftReference:
[22.415s][debug][gc,phases,ref     ] GC(40)         Discovered: 0
[22.415s][debug][gc,phases,ref     ] GC(40)         Cleared: 0
[22.415s][debug][gc,phases,ref     ] GC(40)       WeakReference:
[22.415s][debug][gc,phases,ref     ] GC(40)         Discovered: 0
[22.415s][debug][gc,phases,ref     ] GC(40)         Cleared: 0
[22.415s][debug][gc,phases,ref     ] GC(40)       FinalReference:
[22.415s][debug][gc,phases,ref     ] GC(40)         Discovered: 0
[22.415s][debug][gc,phases,ref     ] GC(40)         Cleared: 0
[22.415s][debug][gc,phases,ref     ] GC(40)       PhantomReference:
[22.416s][debug][gc,phases,ref     ] GC(40)         Discovered: 0
[22.416s][debug][gc,phases,ref     ] GC(40)         Cleared: 0
[22.416s][debug][gc,phases         ] GC(40)     Weak Processing: 0.0ms
[22.416s][debug][gc,phases         ] GC(40)     Merge Per-Thread State: 0.0ms
[22.416s][debug][gc,phases         ] GC(40)     Code Roots Purge: 0.0ms
[22.416s][debug][gc,phases         ] GC(40)     Redirty Cards: 0.0ms
[22.416s][debug][gc,phases         ] GC(40)     DerivedPointerTable Update: 0.0ms
[22.416s][debug][gc,phases         ] GC(40)     Free Collection Set: 0.1ms
[22.416s][debug][gc,phases         ] GC(40)     Humongous Reclaim: 0.5ms
[22.416s][debug][gc,phases         ] GC(40)     Start New Collection Set: 0.0ms
[22.416s][debug][gc,phases         ] GC(40)     Resize TLABs: 0.0ms
[22.416s][debug][gc,phases         ] GC(40)     Expand Heap After Collection: 0.0ms
[22.416s][info ][gc,phases         ] GC(40)   Other: 0.2ms
[22.416s][info ][gc,heap           ] GC(40) Eden regions: 4->0(139)
[22.416s][info ][gc,heap           ] GC(40) Survivor regions: 23->5(21)
[22.416s][info ][gc,heap           ] GC(40) Old regions: 353->377
[22.416s][info ][gc,heap           ] GC(40) Humongous regions: 105->105
[22.416s][info ][gc,metaspace      ] GC(40) Metaspace: 13173K->13173K(1060864K)
[22.416s][debug][gc,heap           ] GC(40) Heap after GC invocations=41 (full 0): garbage-first heap   total 1052672K, used 498688K [0x0000000780000000, 0x0000000800000000)
[22.416s][debug][gc,heap           ] GC(40)   region size 1024K, 5 young (5120K), 5 survivors (5120K)
[22.416s][debug][gc,heap           ] GC(40)  Metaspace       used 13173K, capacity 13592K, committed 13824K, reserved 1060864K
[22.416s][debug][gc,heap           ] GC(40)   class space    used 1352K, capacity 1515K, committed 1536K, reserved 1048576K
[22.416s][info ][gc                ] GC(40) Pause Young (Concurrent Start) (G1 Humongous Allocation) 484M->487M(1028M) 30.225ms
[22.416s][info ][gc,cpu            ] GC(40) User=0.08s Sys=0.02s Real=0.03s
[22.416s][info ][gc                ] GC(41) Concurrent Cycle
[22.416s][info ][gc,marking        ] GC(41) Concurrent Clear Claimed Marks
[22.416s][info ][gc,marking        ] GC(41) Concurrent Clear Claimed Marks 0.048ms
[22.416s][info ][gc,marking        ] GC(41) Concurrent Scan Root Regions
[22.416s][debug][gc,ergo           ] GC(41) Running G1 Root Region Scan using 1 workers for 5 work units.
[22.417s][info ][gc,marking        ] GC(41) Concurrent Scan Root Regions 1.658ms
[22.417s][info ][gc,marking        ] GC(41) Concurrent Mark (22.417s)
[22.417s][info ][gc,marking        ] GC(41) Concurrent Mark From Roots
[22.417s][info ][gc,task           ] GC(41) Using 1 workers of 1 for marking
[22.424s][debug][gc,stats          ] ---------------------------------------------------------------------
[22.424s][debug][gc,stats          ] Marking Stats, task = 0, calls = 1
[22.424s][debug][gc,stats          ]   Elapsed time = 6.93ms, Termination time = 0.00ms
[22.424s][debug][gc,stats          ]   Step Times (cum): num = 221, avg = 0.56ms, sd = 2.02ms max = 9.74ms, total = 124.34ms
[22.425s][debug][gc,stats          ]   Mark Stats Cache: hits 111778 misses 33 ratio 99.970
[22.425s][debug][gc,stats          ] ---------------------------------------------------------------------
[22.425s][info ][gc,marking        ] GC(41) Concurrent Mark From Roots 7.030ms
[22.425s][info ][gc,marking        ] GC(41) Concurrent Preclean
[22.425s][debug][gc,ref,start      ] GC(41) Preclean SoftReferences
[22.425s][debug][gc,ref            ] GC(41) Preclean SoftReferences 0.010ms
[22.425s][debug][gc,ref,start      ] GC(41) Preclean WeakReferences
[22.425s][debug][gc,ref            ] GC(41) Preclean WeakReferences 0.011ms
[22.425s][debug][gc,ref,start      ] GC(41) Preclean FinalReferences
[22.425s][debug][gc,ref            ] GC(41) Preclean FinalReferences 0.007ms
[22.425s][debug][gc,ref,start      ] GC(41) Preclean PhantomReferences
[22.425s][debug][gc,ref            ] GC(41) Preclean PhantomReferences 0.007ms
[22.425s][info ][gc,marking        ] GC(41) Concurrent Preclean 0.067ms
[22.425s][info ][gc,marking        ] GC(41) Concurrent Mark (22.417s, 22.425s) 7.117ms
[22.425s][info ][gc,start          ] GC(41) Pause Remark
[22.425s][debug][gc,phases,start   ] GC(41) Finalize Marking
[22.425s][debug][gc,stats          ] ---------------------------------------------------------------------
[22.425s][debug][gc,stats          ] Marking Stats, task = 0, calls = 18
[22.425s][debug][gc,stats          ]   Elapsed time = 0.06ms, Termination time = 0.05ms
[22.425s][debug][gc,stats          ]   Step Times (cum): num = 238, avg = 0.52ms, sd = 1.95ms max = 9.74ms, total = 124.40ms
[22.425s][debug][gc,stats          ]   Mark Stats Cache: hits 111778 misses 33 ratio 99.970
[22.425s][debug][gc,stats          ] ---------------------------------------------------------------------
[22.425s][debug][gc,stats          ] Marking Stats, task = 1, calls = 1
[22.425s][debug][gc,stats          ]   Elapsed time = 0.07ms, Termination time = 0.06ms
[22.425s][debug][gc,stats          ]   Step Times (cum): num = 14, avg = 0.24ms, sd = 0.25ms max = 0.77ms, total = 3.30ms
[22.425s][debug][gc,stats          ]   Mark Stats Cache: hits 2769 misses 5 ratio 99.820
[22.425s][debug][gc,stats          ] ---------------------------------------------------------------------
[22.425s][debug][gc,stats          ] Marking Stats, task = 2, calls = 1
[22.425s][debug][gc,stats          ]   Elapsed time = 0.01ms, Termination time = 0.00ms
[22.425s][debug][gc,stats          ]   Step Times (cum): num = 13, avg = 0.22ms, sd = 0.26ms max = 0.72ms, total = 2.86ms
[22.425s][debug][gc,stats          ]   Mark Stats Cache: hits 139 misses 4 ratio 97.203
[22.425s][debug][gc,stats          ] ---------------------------------------------------------------------
[22.425s][debug][gc,stats          ] Marking Stats, task = 3, calls = 1
[22.425s][debug][gc,stats          ]   Elapsed time = 0.01ms, Termination time = 0.00ms
[22.425s][debug][gc,stats          ]   Step Times (cum): num = 11, avg = 0.00ms, sd = 0.00ms max = 0.02ms, total = 0.04ms
[22.425s][debug][gc,stats          ]   Mark Stats Cache: hits 0 misses 0 ratio 0.000
[22.425s][debug][gc,stats          ] ---------------------------------------------------------------------
[22.425s][debug][gc,phases         ] GC(41) Finalize Marking 0.225ms
[22.425s][debug][gc,phases,start   ] GC(41) Reference Processing
[22.425s][debug][gc,ref            ] GC(41) Skipped phase1 of Reference Processing due to unavailable references
[22.425s][debug][gc,ref            ] GC(41) Skipped phase2 of Reference Processing due to unavailable references
[22.425s][debug][gc,ref            ] GC(41) Skipped phase3 of Reference Processing due to unavailable references
[22.425s][debug][gc,ref            ] GC(41) Skipped phase4 of Reference Processing due to unavailable references
[22.425s][debug][gc,phases,ref     ] GC(41) Reference Processing: 0.0ms
[22.425s][debug][gc,phases,ref     ] GC(41)   Reconsider SoftReferences: 0.0ms
[22.425s][debug][gc,phases,ref     ] GC(41)     SoftRef (ms):             skipped
[22.425s][debug][gc,phases,ref     ] GC(41)   Notify Soft/WeakReferences: 0.0ms
[22.425s][debug][gc,phases,ref     ] GC(41)     SoftRef (ms):             skipped
[22.425s][debug][gc,phases,ref     ] GC(41)     WeakRef (ms):             skipped
[22.425s][debug][gc,phases,ref     ] GC(41)     FinalRef (ms):            skipped
[22.425s][debug][gc,phases,ref     ] GC(41)     Total (ms):               skipped
[22.425s][debug][gc,phases,ref     ] GC(41)   Notify and keep alive finalizable: 0.0ms
[22.425s][debug][gc,phases,ref     ] GC(41)     FinalRef (ms):            skipped
[22.425s][debug][gc,phases,ref     ] GC(41)   Notify PhantomReferences: 0.0ms
[22.425s][debug][gc,phases,ref     ] GC(41)     PhantomRef (ms):          skipped
[22.425s][debug][gc,phases,ref     ] GC(41)   SoftReference:
[22.425s][debug][gc,phases,ref     ] GC(41)     Discovered: 0
[22.425s][debug][gc,phases,ref     ] GC(41)     Cleared: 0
[22.425s][debug][gc,phases,ref     ] GC(41)   WeakReference:
[22.425s][debug][gc,phases,ref     ] GC(41)     Discovered: 0
[22.425s][debug][gc,phases,ref     ] GC(41)     Cleared: 0
[22.425s][debug][gc,phases,ref     ] GC(41)   FinalReference:
[22.425s][debug][gc,phases,ref     ] GC(41)     Discovered: 0
[22.425s][debug][gc,phases,ref     ] GC(41)     Cleared: 0
[22.425s][debug][gc,phases,ref     ] GC(41)   PhantomReference:
[22.425s][debug][gc,phases,ref     ] GC(41)     Discovered: 0
[22.425s][debug][gc,phases,ref     ] GC(41)     Cleared: 0
[22.425s][debug][gc,phases         ] GC(41) Reference Processing 0.171ms
[22.425s][debug][gc,phases,start   ] GC(41) Weak Processing
[22.425s][debug][gc,phases         ] GC(41) Weak Processing 0.016ms
[22.425s][debug][gc,phases,start   ] GC(41) Class Unloading
[22.425s][debug][gc,phases,start   ] GC(41) ClassLoaderData
[22.425s][debug][gc,phases         ] GC(41) ClassLoaderData 0.040ms
[22.425s][debug][gc,phases,start   ] GC(41) ProtectionDomainCacheTable
[22.425s][debug][gc,phases         ] GC(41) ProtectionDomainCacheTable 0.007ms
[22.426s][info ][gc,stringtable    ] GC(41) Cleaned string and symbol table, strings: 6136 processed, 8 removed, symbols: 45233 processed, 0 removed
[22.426s][debug][gc,phases         ] GC(41) Class Unloading 0.932ms
[22.426s][debug][gc,phases,start   ] GC(41) Flush Task Caches
[22.426s][debug][gc,stats          ] Mark stats cache hits 114686 misses 42 ratio 99.963
[22.426s][debug][gc,phases         ] GC(41) Flush Task Caches 0.020ms
[22.426s][debug][gc,phases,start   ] GC(41) Update Remembered Set Tracking Before Rebuild
[22.426s][debug][gc,ergo           ] GC(41) Running G1 Update RemSet Tracking Before Rebuild using 3 workers for 1028 regions in heap
[22.426s][debug][gc,remset,tracking] GC(41) Remembered Set Tracking update regions total 1028, selected 36
[22.426s][debug][gc,phases         ] GC(41) Update Remembered Set Tracking Before Rebuild 0.108ms
[22.426s][debug][gc,phases,start   ] GC(41) Reclaim Empty Regions
[22.426s][debug][gc                ] GC(41) Reclaimed 446 empty regions
[22.426s][debug][gc,phases         ] GC(41) Reclaim Empty Regions 0.239ms
[22.426s][debug][gc,phases,start   ] GC(41) Purge Metaspace
[22.426s][debug][gc,phases         ] GC(41) Purge Metaspace 0.008ms
[22.426s][debug][gc,phases,start   ] GC(41) Report Object Count
[22.426s][debug][gc,phases         ] GC(41) Report Object Count 0.006ms
[22.427s][info ][gc                ] GC(41) Pause Remark 495M->49M(1028M) 1.828ms
[22.427s][info ][gc,cpu            ] GC(41) User=0.00s Sys=0.00s Real=0.00s
[22.427s][info ][gc,marking        ] GC(41) Concurrent Rebuild Remembered Sets
[22.432s][info ][gc,marking        ] GC(41) Concurrent Rebuild Remembered Sets 5.816ms
[22.432s][info ][gc,start          ] GC(41) Pause Cleanup
[22.433s][debug][gc,phases,start   ] GC(41) Update Remembered Set Tracking After Rebuild
[22.433s][debug][gc,phases         ] GC(41) Update Remembered Set Tracking After Rebuild 0.028ms
[22.433s][debug][gc,phases,start   ] GC(41) Finalize Concurrent Mark Cleanup
[22.433s][debug][gc,ergo           ] GC(41) request young-only gcs (reclaimable percentage not over threshold). candidate old regions: 35 reclaimable: 33653400 (3.12) threshold: 5
[22.433s][debug][gc,phases         ] GC(41) Finalize Concurrent Mark Cleanup 0.110ms
[22.433s][info ][gc                ] GC(41) Pause Cleanup 49M->49M(1028M) 0.177ms
[22.433s][info ][gc,cpu            ] GC(41) User=0.00s Sys=0.00s Real=0.00s
[22.433s][info ][gc,marking        ] GC(41) Concurrent Cleanup for Next Mark
[22.433s][debug][gc,ergo           ] GC(41) Running G1 Clear Bitmap with 1 workers for 17 work units.
[22.436s][info ][gc,marking        ] GC(41) Concurrent Cleanup for Next Mark 3.212ms
[22.436s][info ][gc                ] GC(41) Concurrent Cycle 20.269ms
[22.531s][debug][gc,ergo,ihop      ] Request concurrent cycle initiation (occupancy higher than threshold) occupancy: 40894464B allocation request: 524304B threshold: 0B (0.00) source: concurrent humongous allocation
[22.531s][debug][gc,ergo           ] Request concurrent cycle initiation (requested by GC cause). GC cause: G1 Humongous Allocation
[22.531s][debug][gc,heap           ] GC(42) Heap before GC invocations=42 (full 0): garbage-first heap   total 1052672K, used 55296K [0x0000000780000000, 0x0000000800000000)
[22.531s][debug][gc,heap           ] GC(42)   region size 1024K, 16 young (16384K), 5 survivors (5120K)
[22.531s][debug][gc,heap           ] GC(42)  Metaspace       used 13173K, capacity 13592K, committed 13824K, reserved 1060864K
[22.531s][debug][gc,heap           ] GC(42)   class space    used 1352K, capacity 1515K, committed 1536K, reserved 1048576K
[22.531s][debug][gc,ergo           ] GC(42) Initiate concurrent cycle (concurrent cycle initiation requested)
[22.531s][info ][gc,start          ] GC(42) Pause Young (Concurrent Start) (G1 Humongous Allocation)
[22.531s][info ][gc,task           ] GC(42) Using 4 workers of 4 for evacuation
[22.531s][debug][gc,tlab           ] GC(42) TLAB totals: thrds: 1  refills: 31 max: 31 slow allocs: 3 max 3 waste:  0.9% gc: 80072B max: 80072B slow: 17672B max: 17672B fast: 0B max: 0B
[22.531s][debug][gc,alloc,region   ] GC(42) Mutator Allocation stats, regions: 11, wasted size: 0B ( 0.0%)
[22.531s][debug][gc,age            ] GC(42) Desired survivor size 9437184 bytes, new threshold 15 (max threshold 15)
[22.531s][debug][gc,ergo,cset      ] GC(42) Finish choosing CSet. old: 0 regions, predicted old region time: 0.00ms, time remaining: 172.05
[22.531s][debug][gc,task,stats     ] GC(42) GC Termination Stats
[22.532s][debug][gc,task,stats     ] GC(42)      elapsed  --strong roots-- -------termination------- ------waste (KiB)------
[22.532s][debug][gc,task,stats     ] GC(42) thr     ms        ms      %        ms      %    attempts  total   alloc    undo
[22.532s][debug][gc,task,stats     ] GC(42) --- --------- --------- ------ --------- ------ -------- ------- ------- -------
[22.551s][debug][gc,task,stats     ] GC(42)   3     19.75     16.66  84.35      0.01   0.04        3       0       0       0
[22.552s][debug][gc,task,stats     ] GC(42)   1     19.91      5.03  25.25      0.01   0.07        6       0       0       0
[22.552s][debug][gc,task,stats     ] GC(42)   0     19.97     12.48  62.50      0.01   0.03        5       0       0       0
[22.552s][debug][gc,task,stats     ] GC(42)   2     20.02     16.97  84.77      0.01   0.07        4       0       0       0
[22.552s][debug][gc,ergo           ] GC(42) Running G1 Clear Card Table Task using 1 workers for 1 units of work for 24 regions.
[22.552s][debug][gc,ref            ] GC(42) Skipped phase1 of Reference Processing due to unavailable references
[22.552s][debug][gc,ref            ] GC(42) Skipped phase2 of Reference Processing due to unavailable references
[22.552s][debug][gc,ref            ] GC(42) Skipped phase3 of Reference Processing due to unavailable references
[22.552s][debug][gc,ref            ] GC(42) Skipped phase4 of Reference Processing due to unavailable references
[22.552s][debug][gc,ergo           ] GC(42) Running G1 Free Collection Set using 1 workers for collection set length 16
[22.552s][debug][gc,humongous      ] GC(42) Live humongous region 482 object size 524304 start 0x000000079e200000  with remset 0 code roots 0 is marked 0 reclaim candidate 0 type array 0
[22.552s][debug][gc,humongous      ] GC(42) Live humongous region 483 object size 1048592 start 0x000000079e300000  with remset 1 code roots 0 is marked 0 reclaim candidate 0 type array 0
[22.552s][debug][gc,plab           ] GC(42) Young PLAB allocation: allocated: 15596224B, wasted: 1080B, unused: 1247632B, used: 14347512B, undo waste: 0B, 
[22.552s][debug][gc,plab           ] GC(42) Young other allocation: region end waste: 0B, regions filled: 15, direct allocated: 0B, failure used: 0B, failure wasted: 0B
[22.552s][debug][gc,plab           ] GC(42) Young sizing: calculated: 2869496B, actual: 2610200B
[22.552s][debug][gc,plab           ] GC(42) Old PLAB allocation: allocated: 0B, wasted: 0B, unused: 0B, used: 0B, undo waste: 0B, 
[22.552s][debug][gc,plab           ] GC(42) Old other allocation: region end waste: 0B, regions filled: 0, direct allocated: 0B, failure used: 0B, failure wasted: 0B
[22.552s][debug][gc,plab           ] GC(42) Old sizing: calculated: 0B, actual: 2827448B
[22.552s][debug][gc,alloc,stats    ] Old generation allocation in the last mutator period, old gen allocated: 0B, humongous allocated: 3145728B,old gen growth: 0B.
[22.552s][debug][gc,ihop           ] GC(42) Basic information (value update), threshold: 0B (0.00), target occupancy: 1077936128B, current occupancy: 56490688B, recent allocation size: 3145728B, recent allocation duration: 114.15ms, recent old gen allocation rate: 27557176.47B/s, recent marking phase length: 232.15ms
[22.552s][debug][gc,ihop           ] GC(42) Adaptive IHOP information (value update), threshold: 0B (0.00), internal target occupancy: 1024039321B, occupancy: 56490688B, additional buffer size: 176160768B, predicted old gen allocation rate: 2451986424.13B/s, predicted marking phase length: 354.98ms, prediction active: true
[22.552s][debug][gc,ergo,refine    ] GC(42) Updated Refinement Zones: green: 26, yellow: 78, red: 130
[22.552s][info ][gc,phases         ] GC(42)   Pre Evacuate Collection Set: 0.1ms
[22.552s][debug][gc,phases         ] GC(42)     Prepare TLABs: 0.0ms
[22.552s][debug][gc,phases         ] GC(42)     Choose Collection Set: 0.0ms
[22.552s][debug][gc,phases         ] GC(42)     Humongous Register: 0.0ms
[22.552s][debug][gc,phases         ] GC(42)     Clear Claimed Marks: 0.1ms
[22.552s][info ][gc,phases         ] GC(42)   Evacuate Collection Set: 20.2ms
[22.552s][debug][gc,phases         ] GC(42)     Ext Root Scanning (ms):   Min:  0.4, Avg:  0.4, Max:  0.4, Diff:  0.1, Sum:  1.6, Workers: 4
[22.552s][debug][gc,phases         ] GC(42)     Update RS (ms):           Min:  1.0, Avg:  1.5, Max:  2.8, Diff:  1.8, Sum:  6.1, Workers: 4
[22.552s][debug][gc,phases         ] GC(42)       Processed Buffers:        Min: 2, Avg:  3.8, Max: 8, Diff: 6, Sum: 15, Workers: 4
[22.552s][debug][gc,phases         ] GC(42)       Scanned Cards:            Min: 512, Avg: 775.8, Max: 1566, Diff: 1054, Sum: 3103, Workers: 4
[22.552s][debug][gc,phases         ] GC(42)       Skipped Cards:            Min: 0, Avg:  0.0, Max: 0, Diff: 0, Sum: 0, Workers: 4
[22.552s][debug][gc,phases         ] GC(42)     Scan RS (ms):             Min:  0.0, Avg:  0.1, Max:  0.3, Diff:  0.3, Sum:  0.3, Workers: 4
[22.552s][debug][gc,phases         ] GC(42)       Scanned Cards:            Min: 0, Avg: 40.2, Max: 161, Diff: 161, Sum: 161, Workers: 4
[22.552s][debug][gc,phases         ] GC(42)       Claimed Cards:            Min: 0, Avg: 182.2, Max: 729, Diff: 729, Sum: 729, Workers: 4
[22.552s][debug][gc,phases         ] GC(42)       Skipped Cards:            Min: 0, Avg:  0.0, Max: 0, Diff: 0, Sum: 0, Workers: 4
[22.552s][debug][gc,phases         ] GC(42)     Code Root Scanning (ms):  Min:  0.0, Avg:  0.0, Max:  0.0, Diff:  0.0, Sum:  0.0, Workers: 4
[22.552s][debug][gc,phases         ] GC(42)     JVMCI Root Scan (ms):     skipped
[22.552s][debug][gc,phases         ] GC(42)     Object Copy (ms):         Min: 16.1, Avg: 17.7, Max: 18.4, Diff:  2.2, Sum: 70.9, Workers: 4
[22.552s][debug][gc,phases         ] GC(42)     Termination (ms):         Min:  0.0, Avg:  0.0, Max:  0.0, Diff:  0.0, Sum:  0.0, Workers: 4
[22.552s][debug][gc,phases         ] GC(42)       Termination Attempts:     Min: 3, Avg:  4.5, Max: 6, Diff: 3, Sum: 18, Workers: 4
[22.552s][debug][gc,phases         ] GC(42)     GC Worker Other (ms):     Min:  0.1, Avg:  0.2, Max:  0.3, Diff:  0.2, Sum:  0.9, Workers: 4
[22.552s][debug][gc,phases         ] GC(42)     GC Worker Total (ms):     Min: 19.9, Avg: 20.0, Max: 20.1, Diff:  0.2, Sum: 79.9, Workers: 4
[22.552s][info ][gc,phases         ] GC(42)   Post Evacuate Collection Set: 0.3ms
[22.552s][debug][gc,phases         ] GC(42)     Code Roots Fixup: 0.0ms
[22.552s][debug][gc,phases         ] GC(42)     Clear Card Table: 0.0ms
[22.552s][debug][gc,phases         ] GC(42)     Reference Processing: 0.0ms
[22.552s][debug][gc,phases,ref     ] GC(42)       Reconsider SoftReferences: 0.0ms
[22.552s][debug][gc,phases,ref     ] GC(42)         SoftRef (ms):             skipped
[22.552s][debug][gc,phases,ref     ] GC(42)       Notify Soft/WeakReferences: 0.0ms
[22.552s][debug][gc,phases,ref     ] GC(42)         SoftRef (ms):             skipped
[22.553s][debug][gc,phases,ref     ] GC(42)         WeakRef (ms):             skipped
[22.553s][debug][gc,phases,ref     ] GC(42)         FinalRef (ms):            skipped
[22.553s][debug][gc,phases,ref     ] GC(42)         Total (ms):               skipped
[22.553s][debug][gc,phases,ref     ] GC(42)       Notify and keep alive finalizable: 0.0ms
[22.553s][debug][gc,phases,ref     ] GC(42)         FinalRef (ms):            skipped
[22.553s][debug][gc,phases,ref     ] GC(42)       Notify PhantomReferences: 0.0ms
[22.553s][debug][gc,phases,ref     ] GC(42)         PhantomRef (ms):          skipped
[22.553s][debug][gc,phases,ref     ] GC(42)       SoftReference:
[22.553s][debug][gc,phases,ref     ] GC(42)         Discovered: 0
[22.553s][debug][gc,phases,ref     ] GC(42)         Cleared: 0
[22.553s][debug][gc,phases,ref     ] GC(42)       WeakReference:
[22.553s][debug][gc,phases,ref     ] GC(42)         Discovered: 0
[22.553s][debug][gc,phases,ref     ] GC(42)         Cleared: 0
[22.553s][debug][gc,phases,ref     ] GC(42)       FinalReference:
[22.553s][debug][gc,phases,ref     ] GC(42)         Discovered: 0
[22.553s][debug][gc,phases,ref     ] GC(42)         Cleared: 0
[22.553s][debug][gc,phases,ref     ] GC(42)       PhantomReference:
[22.553s][debug][gc,phases,ref     ] GC(42)         Discovered: 0
[22.553s][debug][gc,phases,ref     ] GC(42)         Cleared: 0
[22.553s][debug][gc,phases         ] GC(42)     Weak Processing: 0.0ms
[22.553s][debug][gc,phases         ] GC(42)     Merge Per-Thread State: 0.0ms
[22.553s][debug][gc,phases         ] GC(42)     Code Roots Purge: 0.0ms
[22.553s][debug][gc,phases         ] GC(42)     Redirty Cards: 0.0ms
[22.553s][debug][gc,phases         ] GC(42)     DerivedPointerTable Update: 0.0ms
[22.553s][debug][gc,phases         ] GC(42)     Free Collection Set: 0.1ms
[22.553s][debug][gc,phases         ] GC(42)     Humongous Reclaim: 0.0ms
[22.553s][debug][gc,phases         ] GC(42)     Start New Collection Set: 0.0ms
[22.553s][debug][gc,phases         ] GC(42)     Resize TLABs: 0.0ms
[22.553s][debug][gc,phases         ] GC(42)     Expand Heap After Collection: 0.0ms
[22.553s][info ][gc,phases         ] GC(42)   Other: 0.5ms
[22.553s][info ][gc,heap           ] GC(42) Eden regions: 11->0(153)
[22.553s][info ][gc,heap           ] GC(42) Survivor regions: 5->15(18)
[22.553s][info ][gc,heap           ] GC(42) Old regions: 36->36
[22.553s][info ][gc,heap           ] GC(42) Humongous regions: 3->3
[22.553s][info ][gc,metaspace      ] GC(42) Metaspace: 13173K->13173K(1060864K)
[22.553s][debug][gc,heap           ] GC(42) Heap after GC invocations=43 (full 0): garbage-first heap   total 1052672K, used 55166K [0x0000000780000000, 0x0000000800000000)
[22.553s][debug][gc,heap           ] GC(42)   region size 1024K, 15 young (15360K), 15 survivors (15360K)
[22.553s][debug][gc,heap           ] GC(42)  Metaspace       used 13173K, capacity 13592K, committed 13824K, reserved 1060864K
[22.553s][debug][gc,heap           ] GC(42)   class space    used 1352K, capacity 1515K, committed 1536K, reserved 1048576K
[22.553s][info ][gc                ] GC(42) Pause Young (Concurrent Start) (G1 Humongous Allocation) 54M->53M(1028M) 21.726ms
[22.553s][info ][gc,cpu            ] GC(42) User=0.08s Sys=0.00s Real=0.02s
[22.553s][info ][gc                ] GC(43) Concurrent Cycle
[22.553s][info ][gc,marking        ] GC(43) Concurrent Clear Claimed Marks
[22.553s][info ][gc,marking        ] GC(43) Concurrent Clear Claimed Marks 0.053ms
[22.553s][info ][gc,marking        ] GC(43) Concurrent Scan Root Regions
[22.553s][debug][gc,ergo           ] GC(43) Running G1 Root Region Scan using 1 workers for 15 work units.
[22.562s][info ][gc,marking        ] GC(43) Concurrent Scan Root Regions 8.998ms
[22.562s][info ][gc,marking        ] GC(43) Concurrent Mark (22.562s)
[22.562s][info ][gc,marking        ] GC(43) Concurrent Mark From Roots
[22.562s][info ][gc,task           ] GC(43) Using 1 workers of 1 for marking
[22.572s][debug][gc,stats          ] ---------------------------------------------------------------------
[22.572s][debug][gc,stats          ] Marking Stats, task = 0, calls = 1
[22.572s][debug][gc,stats          ]   Elapsed time = 9.69ms, Termination time = 0.00ms
[22.572s][debug][gc,stats          ]   Step Times (cum): num = 239, avg = 0.56ms, sd = 2.04ms max = 9.74ms, total = 134.08ms
[22.572s][debug][gc,stats          ]   Mark Stats Cache: hits 60137 misses 32 ratio 99.947
[22.572s][debug][gc,stats          ] ---------------------------------------------------------------------
[22.572s][info ][gc,marking        ] GC(43) Concurrent Mark From Roots 9.927ms
[22.572s][info ][gc,marking        ] GC(43) Concurrent Preclean
[22.572s][debug][gc,ref,start      ] GC(43) Preclean SoftReferences
[22.572s][debug][gc,ref            ] GC(43) Preclean SoftReferences 0.019ms
[22.572s][debug][gc,ref,start      ] GC(43) Preclean WeakReferences
[22.572s][debug][gc,ref            ] GC(43) Preclean WeakReferences 0.023ms
[22.572s][debug][gc,ref,start      ] GC(43) Preclean FinalReferences
[22.572s][debug][gc,ref            ] GC(43) Preclean FinalReferences 0.013ms
[22.572s][debug][gc,ref,start      ] GC(43) Preclean PhantomReferences
[22.572s][debug][gc,ref            ] GC(43) Preclean PhantomReferences 0.013ms
[22.572s][info ][gc,marking        ] GC(43) Concurrent Preclean 0.124ms
[22.572s][info ][gc,marking        ] GC(43) Concurrent Mark (22.562s, 22.572s) 10.088ms
[22.572s][info ][gc,start          ] GC(43) Pause Remark
[22.572s][debug][gc,phases,start   ] GC(43) Finalize Marking
[22.573s][debug][gc,stats          ] ---------------------------------------------------------------------
[22.573s][debug][gc,stats          ] Marking Stats, task = 0, calls = 18
[22.573s][debug][gc,stats          ]   Elapsed time = 0.79ms, Termination time = 0.76ms
[22.573s][debug][gc,stats          ]   Step Times (cum): num = 256, avg = 0.53ms, sd = 1.97ms max = 9.74ms, total = 134.86ms
[22.573s][debug][gc,stats          ]   Mark Stats Cache: hits 60137 misses 32 ratio 99.947
[22.573s][debug][gc,stats          ] ---------------------------------------------------------------------
[22.573s][debug][gc,stats          ] Marking Stats, task = 1, calls = 1
[22.573s][debug][gc,stats          ]   Elapsed time = 0.76ms, Termination time = 0.73ms
[22.573s][debug][gc,stats          ]   Step Times (cum): num = 15, avg = 0.27ms, sd = 0.27ms max = 0.77ms, total = 4.03ms
[22.573s][debug][gc,stats          ]   Mark Stats Cache: hits 35 misses 2 ratio 94.595
[22.573s][debug][gc,stats          ] ---------------------------------------------------------------------
[22.573s][debug][gc,stats          ] Marking Stats, task = 2, calls = 1
[22.573s][debug][gc,stats          ]   Elapsed time = 0.76ms, Termination time = 0.74ms
[22.573s][debug][gc,stats          ]   Step Times (cum): num = 14, avg = 0.26ms, sd = 0.28ms max = 0.75ms, total = 3.60ms
[22.573s][debug][gc,stats          ]   Mark Stats Cache: hits 81 misses 3 ratio 96.429
[22.573s][debug][gc,stats          ] ---------------------------------------------------------------------
[22.573s][debug][gc,stats          ] Marking Stats, task = 3, calls = 1
[22.573s][debug][gc,stats          ]   Elapsed time = 0.01ms, Termination time = 0.00ms
[22.574s][debug][gc,stats          ]   Step Times (cum): num = 12, avg = 0.00ms, sd = 0.00ms max = 0.02ms, total = 0.05ms
[22.574s][debug][gc,stats          ]   Mark Stats Cache: hits 82 misses 2 ratio 97.619
[22.574s][debug][gc,stats          ] ---------------------------------------------------------------------
[22.574s][debug][gc,phases         ] GC(43) Finalize Marking 1.073ms
[22.574s][debug][gc,phases,start   ] GC(43) Reference Processing
[22.574s][debug][gc,ref            ] GC(43) Skipped phase1 of Reference Processing due to unavailable references
[22.574s][debug][gc,ref            ] GC(43) Skipped phase2 of Reference Processing due to unavailable references
[22.574s][debug][gc,ref            ] GC(43) Skipped phase3 of Reference Processing due to unavailable references
[22.574s][debug][gc,ref            ] GC(43) Skipped phase4 of Reference Processing due to unavailable references
[22.574s][debug][gc,phases,ref     ] GC(43) Reference Processing: 0.0ms
[22.574s][debug][gc,phases,ref     ] GC(43)   Reconsider SoftReferences: 0.0ms
[22.574s][debug][gc,phases,ref     ] GC(43)     SoftRef (ms):             skipped
[22.574s][debug][gc,phases,ref     ] GC(43)   Notify Soft/WeakReferences: 0.0ms
[22.574s][debug][gc,phases,ref     ] GC(43)     SoftRef (ms):             skipped
[22.574s][debug][gc,phases,ref     ] GC(43)     WeakRef (ms):             skipped
[22.574s][debug][gc,phases,ref     ] GC(43)     FinalRef (ms):            skipped
[22.574s][debug][gc,phases,ref     ] GC(43)     Total (ms):               skipped
[22.574s][debug][gc,phases,ref     ] GC(43)   Notify and keep alive finalizable: 0.0ms
[22.574s][debug][gc,phases,ref     ] GC(43)     FinalRef (ms):            skipped
[22.574s][debug][gc,phases,ref     ] GC(43)   Notify PhantomReferences: 0.0ms
[22.574s][debug][gc,phases,ref     ] GC(43)     PhantomRef (ms):          skipped
[22.574s][debug][gc,phases,ref     ] GC(43)   SoftReference:
[22.574s][debug][gc,phases,ref     ] GC(43)     Discovered: 0
[22.574s][debug][gc,phases,ref     ] GC(43)     Cleared: 0
[22.574s][debug][gc,phases,ref     ] GC(43)   WeakReference:
[22.574s][debug][gc,phases,ref     ] GC(43)     Discovered: 0
[22.574s][debug][gc,phases,ref     ] GC(43)     Cleared: 0
[22.574s][debug][gc,phases,ref     ] GC(43)   FinalReference:
[22.574s][debug][gc,phases,ref     ] GC(43)     Discovered: 0
[22.574s][debug][gc,phases,ref     ] GC(43)     Cleared: 0
[22.574s][debug][gc,phases,ref     ] GC(43)   PhantomReference:
[22.574s][debug][gc,phases,ref     ] GC(43)     Discovered: 0
[22.574s][debug][gc,phases,ref     ] GC(43)     Cleared: 0
[22.574s][debug][gc,phases         ] GC(43) Reference Processing 0.311ms
[22.574s][debug][gc,phases,start   ] GC(43) Weak Processing
[22.574s][debug][gc,phases         ] GC(43) Weak Processing 0.027ms
[22.574s][debug][gc,phases,start   ] GC(43) Class Unloading
[22.574s][debug][gc,phases,start   ] GC(43) ClassLoaderData
[22.574s][debug][gc,phases         ] GC(43) ClassLoaderData 0.086ms
[22.574s][debug][gc,phases,start   ] GC(43) ProtectionDomainCacheTable
[22.574s][debug][gc,phases         ] GC(43) ProtectionDomainCacheTable 0.012ms
[22.576s][info ][gc,stringtable    ] GC(43) Cleaned string and symbol table, strings: 6128 processed, 0 removed, symbols: 45233 processed, 0 removed
[22.576s][debug][gc,phases         ] GC(43) Class Unloading 2.025ms
[22.576s][debug][gc,phases,start   ] GC(43) Flush Task Caches
[22.576s][debug][gc,stats          ] Mark stats cache hits 60335 misses 39 ratio 99.935
[22.576s][debug][gc,phases         ] GC(43) Flush Task Caches 0.045ms
[22.576s][debug][gc,phases,start   ] GC(43) Update Remembered Set Tracking Before Rebuild
[22.576s][debug][gc,ergo           ] GC(43) Running G1 Update RemSet Tracking Before Rebuild using 3 workers for 1028 regions in heap
[22.576s][debug][gc,remset,tracking] GC(43) Remembered Set Tracking update regions total 1028, selected 33
[22.576s][debug][gc,phases         ] GC(43) Update Remembered Set Tracking Before Rebuild 0.187ms
[22.576s][debug][gc,phases,start   ] GC(43) Reclaim Empty Regions
[22.576s][debug][gc                ] GC(43) Reclaimed 6 empty regions
[22.576s][debug][gc,phases         ] GC(43) Reclaim Empty Regions 0.172ms
[22.576s][debug][gc,phases,start   ] GC(43) Purge Metaspace
[22.576s][debug][gc,phases         ] GC(43) Purge Metaspace 0.012ms
[22.576s][debug][gc,phases,start   ] GC(43) Report Object Count
[22.576s][debug][gc,phases         ] GC(43) Report Object Count 0.011ms
[22.576s][info ][gc                ] GC(43) Pause Remark 62M->56M(1028M) 4.073ms
[22.577s][info ][gc,cpu            ] GC(43) User=0.01s Sys=0.00s Real=0.01s
[22.577s][info ][gc,marking        ] GC(43) Concurrent Rebuild Remembered Sets
[22.585s][info ][gc,marking        ] GC(43) Concurrent Rebuild Remembered Sets 8.508ms
[22.585s][info ][gc,start          ] GC(43) Pause Cleanup
[22.585s][debug][gc,phases,start   ] GC(43) Update Remembered Set Tracking After Rebuild
[22.585s][debug][gc,phases         ] GC(43) Update Remembered Set Tracking After Rebuild 0.043ms
[22.585s][debug][gc,phases,start   ] GC(43) Finalize Concurrent Mark Cleanup
[22.585s][debug][gc,ergo           ] GC(43) request young-only gcs (reclaimable percentage not over threshold). candidate old regions: 32 reclaimable: 31914176 (2.96) threshold: 5
[22.586s][debug][gc,phases         ] GC(43) Finalize Concurrent Mark Cleanup 0.180ms
[22.586s][info ][gc                ] GC(43) Pause Cleanup 56M->56M(1028M) 0.297ms
[22.586s][info ][gc,cpu            ] GC(43) User=0.00s Sys=0.00s Real=0.00s
[22.586s][info ][gc,marking        ] GC(43) Concurrent Cleanup for Next Mark
[22.586s][debug][gc,ergo           ] GC(43) Running G1 Clear Bitmap with 1 workers for 17 work units.
[22.588s][info ][gc,marking        ] GC(43) Concurrent Cleanup for Next Mark 2.764ms
[22.588s][info ][gc                ] GC(43) Concurrent Cycle 35.421ms
[22.670s][debug][gc,ergo,ihop      ] Request concurrent cycle initiation (occupancy higher than threshold) occupancy: 37748736B allocation request: 524304B threshold: 0B (0.00) source: concurrent humongous allocation
[22.671s][debug][gc,ergo           ] Request concurrent cycle initiation (requested by GC cause). GC cause: G1 Humongous Allocation
[22.671s][debug][gc,heap           ] GC(44) Heap before GC invocations=44 (full 0): garbage-first heap   total 1052672K, used 62334K [0x0000000780000000, 0x0000000800000000)
[22.671s][debug][gc,heap           ] GC(44)   region size 1024K, 26 young (26624K), 15 survivors (15360K)
[22.671s][debug][gc,heap           ] GC(44)  Metaspace       used 13173K, capacity 13592K, committed 13824K, reserved 1060864K
[22.671s][debug][gc,heap           ] GC(44)   class space    used 1352K, capacity 1515K, committed 1536K, reserved 1048576K
[22.671s][debug][gc,ergo           ] GC(44) Initiate concurrent cycle (concurrent cycle initiation requested)
[22.671s][info ][gc,start          ] GC(44) Pause Young (Concurrent Start) (G1 Humongous Allocation)
[22.671s][info ][gc,task           ] GC(44) Using 4 workers of 4 for evacuation
[22.671s][debug][gc,tlab           ] GC(44) TLAB totals: thrds: 3  refills: 33 max: 31 slow allocs: 3 max 3 waste:  4.5% gc: 493192B max: 396160B slow: 17640B max: 17640B fast: 0B max: 0B
[22.671s][debug][gc,alloc,region   ] GC(44) Mutator Allocation stats, regions: 11, wasted size: 0B ( 0.0%)
[22.671s][debug][gc,age            ] GC(44) Desired survivor size 11010048 bytes, new threshold 2 (max threshold 15)
[22.671s][debug][gc,ergo,cset      ] GC(44) Finish choosing CSet. old: 0 regions, predicted old region time: 0.00ms, time remaining: 161.78
[22.672s][debug][gc,task,stats     ] GC(44) GC Termination Stats
[22.672s][debug][gc,task,stats     ] GC(44)      elapsed  --strong roots-- -------termination------- ------waste (KiB)------
[22.672s][debug][gc,task,stats     ] GC(44) thr     ms        ms      %        ms      %    attempts  total   alloc    undo
[22.672s][debug][gc,task,stats     ] GC(44) --- --------- --------- ------ --------- ------ -------- ------- ------- -------
[22.694s][debug][gc,task,stats     ] GC(44)   0     22.46     19.25  85.69      0.00   0.01        1       0       0       0
[22.694s][debug][gc,task,stats     ] GC(44)   3     21.69     18.06  83.28      0.10   0.45        3       0       0       0
[22.694s][debug][gc,task,stats     ] GC(44)   1     22.72     20.16  88.76      0.09   0.41        2       0       0       0
[22.694s][debug][gc,task,stats     ] GC(44)   2     22.72      5.82  25.60      0.10   0.43        6       0       0       0
[22.694s][debug][gc,ergo           ] GC(44) Running G1 Clear Card Table Task using 1 workers for 1 units of work for 33 regions.
[22.695s][debug][gc,ref            ] GC(44) Skipped phase1 of Reference Processing due to unavailable references
[22.695s][debug][gc,ref            ] GC(44) Skipped phase2 of Reference Processing due to unavailable references
[22.695s][debug][gc,ref            ] GC(44) Skipped phase3 of Reference Processing due to unavailable references
[22.695s][debug][gc,ref            ] GC(44) Skipped phase4 of Reference Processing due to unavailable references
[22.695s][debug][gc,ergo           ] GC(44) Running G1 Free Collection Set using 1 workers for collection set length 26
[22.695s][debug][gc,humongous      ] GC(44) Live humongous region 5 object size 524304 start 0x0000000780500000  with remset 0 code roots 0 is marked 0 reclaim candidate 0 type array 0
[22.695s][debug][gc,humongous      ] GC(44) Live humongous region 6 object size 1048592 start 0x0000000780600000  with remset 0 code roots 0 is marked 0 reclaim candidate 0 type array 0
[22.695s][debug][gc,plab           ] GC(44) Young PLAB allocation: allocated: 16252928B, wasted: 680B, unused: 497944B, used: 15754304B, undo waste: 0B, 
[22.695s][debug][gc,plab           ] GC(44) Young other allocation: region end waste: 0B, regions filled: 16, direct allocated: 0B, failure used: 0B, failure wasted: 0B
[22.695s][debug][gc,plab           ] GC(44) Young sizing: calculated: 3150856B, actual: 3015688B
[22.695s][debug][gc,plab           ] GC(44) Old PLAB allocation: allocated: 0B, wasted: 0B, unused: 0B, used: 0B, undo waste: 0B, 
[22.695s][debug][gc,plab           ] GC(44) Old other allocation: region end waste: 0B, regions filled: 0, direct allocated: 0B, failure used: 0B, failure wasted: 0B
[22.695s][debug][gc,plab           ] GC(44) Old sizing: calculated: 0B, actual: 706856B
[22.695s][debug][gc,alloc,stats    ] Old generation allocation in the last mutator period, old gen allocated: 0B, humongous allocated: 3145728B,old gen growth: 0B.
[22.695s][debug][gc,ihop           ] GC(44) Basic information (value update), threshold: 0B (0.00), target occupancy: 1077936128B, current occupancy: 54001664B, recent allocation size: 3145728B, recent allocation duration: 114.84ms, recent old gen allocation rate: 27392520.34B/s, recent marking phase length: 232.15ms
[22.695s][debug][gc,ihop           ] GC(44) Adaptive IHOP information (value update), threshold: 0B (0.00), internal target occupancy: 1024039321B, occupancy: 54001664B, additional buffer size: 214958080B, predicted old gen allocation rate: 2369152879.72B/s, predicted marking phase length: 354.98ms, prediction active: true
[22.695s][debug][gc,ergo,refine    ] GC(44) Updated Refinement Zones: green: 26, yellow: 78, red: 130
[22.695s][info ][gc,phases         ] GC(44)   Pre Evacuate Collection Set: 0.2ms
[22.695s][debug][gc,phases         ] GC(44)     Prepare TLABs: 0.0ms
[22.695s][debug][gc,phases         ] GC(44)     Choose Collection Set: 0.1ms
[22.695s][debug][gc,phases         ] GC(44)     Humongous Register: 0.0ms
[22.695s][debug][gc,phases         ] GC(44)     Clear Claimed Marks: 0.1ms
[22.695s][info ][gc,phases         ] GC(44)   Evacuate Collection Set: 22.9ms
[22.695s][debug][gc,phases         ] GC(44)     Ext Root Scanning (ms):   Min:  0.3, Avg:  1.3, Max:  2.4, Diff:  2.1, Sum:  5.0, Workers: 4
[22.695s][debug][gc,phases         ] GC(44)     Update RS (ms):           Min:  1.2, Avg:  2.0, Max:  3.2, Diff:  2.0, Sum:  7.9, Workers: 4
[22.695s][debug][gc,phases         ] GC(44)       Processed Buffers:        Min: 3, Avg:  4.8, Max: 8, Diff: 5, Sum: 19, Workers: 4
[22.695s][debug][gc,phases         ] GC(44)       Scanned Cards:            Min: 512, Avg: 776.0, Max: 1312, Diff: 800, Sum: 3104, Workers: 4
[22.695s][debug][gc,phases         ] GC(44)       Skipped Cards:            Min: 0, Avg: 169.0, Max: 271, Diff: 271, Sum: 676, Workers: 4
[22.695s][debug][gc,phases         ] GC(44)     Scan RS (ms):             Min:  0.0, Avg:  0.1, Max:  0.4, Diff:  0.4, Sum:  0.4, Workers: 4
[22.695s][debug][gc,phases         ] GC(44)       Scanned Cards:            Min: 0, Avg: 44.2, Max: 177, Diff: 177, Sum: 177, Workers: 4
[22.695s][debug][gc,phases         ] GC(44)       Claimed Cards:            Min: 0, Avg: 249.8, Max: 999, Diff: 999, Sum: 999, Workers: 4
[22.695s][debug][gc,phases         ] GC(44)       Skipped Cards:            Min: 0, Avg:  0.0, Max: 0, Diff: 0, Sum: 0, Workers: 4
[22.695s][debug][gc,phases         ] GC(44)     Code Root Scanning (ms):  Min:  0.0, Avg:  0.0, Max:  0.0, Diff:  0.0, Sum:  0.0, Workers: 4
[22.695s][debug][gc,phases         ] GC(44)     JVMCI Root Scan (ms):     skipped
[22.695s][debug][gc,phases         ] GC(44)     Object Copy (ms):         Min: 17.6, Avg: 18.8, Max: 20.1, Diff:  2.5, Sum: 75.2, Workers: 4
[22.695s][debug][gc,phases         ] GC(44)     Termination (ms):         Min:  0.0, Avg:  0.1, Max:  0.1, Diff:  0.1, Sum:  0.3, Workers: 4
[22.695s][debug][gc,phases         ] GC(44)       Termination Attempts:     Min: 1, Avg:  3.0, Max: 6, Diff: 5, Sum: 12, Workers: 4
[22.696s][debug][gc,phases         ] GC(44)     GC Worker Other (ms):     Min:  0.1, Avg:  0.3, Max:  0.4, Diff:  0.2, Sum:  1.1, Workers: 4
[22.696s][debug][gc,phases         ] GC(44)     GC Worker Total (ms):     Min: 21.8, Avg: 22.5, Max: 22.7, Diff:  1.0, Sum: 89.9, Workers: 4
[22.696s][info ][gc,phases         ] GC(44)   Post Evacuate Collection Set: 0.6ms
[22.696s][debug][gc,phases         ] GC(44)     Code Roots Fixup: 0.0ms
[22.696s][debug][gc,phases         ] GC(44)     Clear Card Table: 0.1ms
[22.696s][debug][gc,phases         ] GC(44)     Reference Processing: 0.2ms
[22.696s][debug][gc,phases,ref     ] GC(44)       Reconsider SoftReferences: 0.1ms
[22.696s][debug][gc,phases,ref     ] GC(44)         SoftRef (ms):             skipped
[22.696s][debug][gc,phases,ref     ] GC(44)       Notify Soft/WeakReferences: 0.0ms
[22.696s][debug][gc,phases,ref     ] GC(44)         SoftRef (ms):             skipped
[22.696s][debug][gc,phases,ref     ] GC(44)         WeakRef (ms):             skipped
[22.696s][debug][gc,phases,ref     ] GC(44)         FinalRef (ms):            skipped
[22.696s][debug][gc,phases,ref     ] GC(44)         Total (ms):               skipped
[22.696s][debug][gc,phases,ref     ] GC(44)       Notify and keep alive finalizable: 0.0ms
[22.696s][debug][gc,phases,ref     ] GC(44)         FinalRef (ms):            skipped
[22.696s][debug][gc,phases,ref     ] GC(44)       Notify PhantomReferences: 0.0ms
[22.696s][debug][gc,phases,ref     ] GC(44)         PhantomRef (ms):          skipped
[22.696s][debug][gc,phases,ref     ] GC(44)       SoftReference:
[22.696s][debug][gc,phases,ref     ] GC(44)         Discovered: 0
[22.696s][debug][gc,phases,ref     ] GC(44)         Cleared: 0
[22.696s][debug][gc,phases,ref     ] GC(44)       WeakReference:
[22.696s][debug][gc,phases,ref     ] GC(44)         Discovered: 0
[22.696s][debug][gc,phases,ref     ] GC(44)         Cleared: 0
[22.696s][debug][gc,phases,ref     ] GC(44)       FinalReference:
[22.696s][debug][gc,phases,ref     ] GC(44)         Discovered: 0
[22.696s][debug][gc,phases,ref     ] GC(44)         Cleared: 0
[22.696s][debug][gc,phases,ref     ] GC(44)       PhantomReference:
[22.696s][debug][gc,phases,ref     ] GC(44)         Discovered: 0
[22.696s][debug][gc,phases,ref     ] GC(44)         Cleared: 0
[22.696s][debug][gc,phases         ] GC(44)     Weak Processing: 0.0ms
[22.696s][debug][gc,phases         ] GC(44)     Merge Per-Thread State: 0.0ms
[22.696s][debug][gc,phases         ] GC(44)     Code Roots Purge: 0.0ms
[22.696s][debug][gc,phases         ] GC(44)     Redirty Cards: 0.0ms
[22.696s][debug][gc,phases         ] GC(44)     DerivedPointerTable Update: 0.0ms
[22.696s][debug][gc,phases         ] GC(44)     Free Collection Set: 0.2ms
[22.696s][debug][gc,phases         ] GC(44)     Humongous Reclaim: 0.0ms
[22.696s][debug][gc,phases         ] GC(44)     Start New Collection Set: 0.0ms
[22.696s][debug][gc,phases         ] GC(44)     Resize TLABs: 0.0ms
[22.696s][debug][gc,phases         ] GC(44)     Expand Heap After Collection: 0.0ms
[22.696s][info ][gc,phases         ] GC(44)   Other: 0.7ms
[22.696s][info ][gc,heap           ] GC(44) Eden regions: 11->0(189)
[22.696s][info ][gc,heap           ] GC(44) Survivor regions: 15->16(21)
[22.696s][info ][gc,heap           ] GC(44) Old regions: 33->33
[22.696s][info ][gc,heap           ] GC(44) Humongous regions: 3->3
[22.696s][info ][gc,metaspace      ] GC(44) Metaspace: 13173K->13173K(1060864K)
[22.697s][debug][gc,heap           ] GC(44) Heap after GC invocations=45 (full 0): garbage-first heap   total 1052672K, used 52736K [0x0000000780000000, 0x0000000800000000)
[22.697s][debug][gc,heap           ] GC(44)   region size 1024K, 16 young (16384K), 16 survivors (16384K)
[22.697s][debug][gc,heap           ] GC(44)  Metaspace       used 13173K, capacity 13592K, committed 13824K, reserved 1060864K
[22.697s][debug][gc,heap           ] GC(44)   class space    used 1352K, capacity 1515K, committed 1536K, reserved 1048576K
[22.697s][info ][gc                ] GC(44) Pause Young (Concurrent Start) (G1 Humongous Allocation) 61M->51M(1028M) 25.583ms
[22.697s][info ][gc,cpu            ] GC(44) User=0.08s Sys=0.01s Real=0.03s
[22.697s][info ][gc                ] GC(45) Concurrent Cycle
[22.697s][info ][gc,marking        ] GC(45) Concurrent Clear Claimed Marks
[22.697s][info ][gc,marking        ] GC(45) Concurrent Clear Claimed Marks 0.085ms
[22.697s][info ][gc,marking        ] GC(45) Concurrent Scan Root Regions
[22.697s][debug][gc,ergo           ] GC(45) Running G1 Root Region Scan using 1 workers for 16 work units.
[22.708s][info ][gc,marking        ] GC(45) Concurrent Scan Root Regions 11.407ms
[22.708s][info ][gc,marking        ] GC(45) Concurrent Mark (22.708s)
[22.708s][info ][gc,marking        ] GC(45) Concurrent Mark From Roots
[22.708s][info ][gc,task           ] GC(45) Using 1 workers of 1 for marking
[22.716s][debug][gc,stats          ] ---------------------------------------------------------------------
[22.716s][debug][gc,stats          ] Marking Stats, task = 0, calls = 1
[22.716s][debug][gc,stats          ]   Elapsed time = 7.60ms, Termination time = 0.00ms
[22.716s][debug][gc,stats          ]   Step Times (cum): num = 257, avg = 0.55ms, sd = 2.02ms max = 9.74ms, total = 142.46ms
[22.716s][debug][gc,stats          ]   Mark Stats Cache: hits 60136 misses 32 ratio 99.947
[22.716s][debug][gc,stats          ] ---------------------------------------------------------------------
[22.716s][info ][gc,marking        ] GC(45) Concurrent Mark From Roots 7.776ms
[22.716s][info ][gc,marking        ] GC(45) Concurrent Preclean
[22.716s][debug][gc,ref,start      ] GC(45) Preclean SoftReferences
[22.716s][debug][gc,ref            ] GC(45) Preclean SoftReferences 0.018ms
[22.716s][debug][gc,ref,start      ] GC(45) Preclean WeakReferences
[22.716s][debug][gc,ref            ] GC(45) Preclean WeakReferences 0.019ms
[22.716s][debug][gc,ref,start      ] GC(45) Preclean FinalReferences
[22.716s][debug][gc,ref            ] GC(45) Preclean FinalReferences 0.012ms
[22.716s][debug][gc,ref,start      ] GC(45) Preclean PhantomReferences
[22.716s][debug][gc,ref            ] GC(45) Preclean PhantomReferences 0.013ms
[22.716s][info ][gc,marking        ] GC(45) Concurrent Preclean 0.116ms
[22.716s][info ][gc,marking        ] GC(45) Concurrent Mark (22.708s, 22.716s) 7.932ms
[22.716s][info ][gc,start          ] GC(45) Pause Remark
[22.716s][debug][gc,phases,start   ] GC(45) Finalize Marking
[22.717s][debug][gc,stats          ] ---------------------------------------------------------------------
[22.717s][debug][gc,stats          ] Marking Stats, task = 0, calls = 18
[22.717s][debug][gc,stats          ]   Elapsed time = 0.08ms, Termination time = 0.06ms
[22.717s][debug][gc,stats          ]   Step Times (cum): num = 274, avg = 0.52ms, sd = 1.96ms max = 9.74ms, total = 142.53ms
[22.717s][debug][gc,stats          ]   Mark Stats Cache: hits 60136 misses 32 ratio 99.947
[22.717s][debug][gc,stats          ] ---------------------------------------------------------------------
[22.717s][debug][gc,stats          ] Marking Stats, task = 1, calls = 1
[22.717s][debug][gc,stats          ]   Elapsed time = 0.09ms, Termination time = 0.07ms
[22.717s][debug][gc,stats          ]   Step Times (cum): num = 16, avg = 0.26ms, sd = 0.27ms max = 0.77ms, total = 4.10ms
[22.717s][debug][gc,stats          ]   Mark Stats Cache: hits 11 misses 2 ratio 84.615
[22.717s][debug][gc,stats          ] ---------------------------------------------------------------------
[22.717s][debug][gc,stats          ] Marking Stats, task = 2, calls = 1
[22.717s][debug][gc,stats          ]   Elapsed time = 0.01ms, Termination time = 0.00ms
[22.717s][debug][gc,stats          ]   Step Times (cum): num = 15, avg = 0.24ms, sd = 0.28ms max = 0.75ms, total = 3.61ms
[22.717s][debug][gc,stats          ]   Mark Stats Cache: hits 190 misses 3 ratio 98.446
[22.717s][debug][gc,stats          ] ---------------------------------------------------------------------
[22.717s][debug][gc,stats          ] Marking Stats, task = 3, calls = 1
[22.717s][debug][gc,stats          ]   Elapsed time = 0.01ms, Termination time = 0.00ms
[22.717s][debug][gc,stats          ]   Step Times (cum): num = 13, avg = 0.00ms, sd = 0.00ms max = 0.02ms, total = 0.06ms
[22.717s][debug][gc,stats          ]   Mark Stats Cache: hits 0 misses 0 ratio 0.000
[22.717s][debug][gc,stats          ] ---------------------------------------------------------------------
[22.717s][debug][gc,phases         ] GC(45) Finalize Marking 0.328ms
[22.717s][debug][gc,phases,start   ] GC(45) Reference Processing
[22.717s][debug][gc,ref            ] GC(45) Skipped phase1 of Reference Processing due to unavailable references
[22.717s][debug][gc,ref            ] GC(45) Skipped phase2 of Reference Processing due to unavailable references
[22.717s][debug][gc,ref            ] GC(45) Skipped phase3 of Reference Processing due to unavailable references
[22.717s][debug][gc,ref            ] GC(45) Skipped phase4 of Reference Processing due to unavailable references
[22.717s][debug][gc,phases,ref     ] GC(45) Reference Processing: 0.0ms
[22.717s][debug][gc,phases,ref     ] GC(45)   Reconsider SoftReferences: 0.0ms
[22.717s][debug][gc,phases,ref     ] GC(45)     SoftRef (ms):             skipped
[22.717s][debug][gc,phases,ref     ] GC(45)   Notify Soft/WeakReferences: 0.0ms
[22.717s][debug][gc,phases,ref     ] GC(45)     SoftRef (ms):             skipped
[22.717s][debug][gc,phases,ref     ] GC(45)     WeakRef (ms):             skipped
[22.717s][debug][gc,phases,ref     ] GC(45)     FinalRef (ms):            skipped
[22.717s][debug][gc,phases,ref     ] GC(45)     Total (ms):               skipped
[22.717s][debug][gc,phases,ref     ] GC(45)   Notify and keep alive finalizable: 0.0ms
[22.717s][debug][gc,phases,ref     ] GC(45)     FinalRef (ms):            skipped
[22.717s][debug][gc,phases,ref     ] GC(45)   Notify PhantomReferences: 0.0ms
[22.717s][debug][gc,phases,ref     ] GC(45)     PhantomRef (ms):          skipped
[22.717s][debug][gc,phases,ref     ] GC(45)   SoftReference:
[22.717s][debug][gc,phases,ref     ] GC(45)     Discovered: 0
[22.717s][debug][gc,phases,ref     ] GC(45)     Cleared: 0
[22.717s][debug][gc,phases,ref     ] GC(45)   WeakReference:
[22.717s][debug][gc,phases,ref     ] GC(45)     Discovered: 0
[22.717s][debug][gc,phases,ref     ] GC(45)     Cleared: 0
[22.717s][debug][gc,phases,ref     ] GC(45)   FinalReference:
[22.717s][debug][gc,phases,ref     ] GC(45)     Discovered: 0
[22.717s][debug][gc,phases,ref     ] GC(45)     Cleared: 0
[22.717s][debug][gc,phases,ref     ] GC(45)   PhantomReference:
[22.717s][debug][gc,phases,ref     ] GC(45)     Discovered: 0
[22.717s][debug][gc,phases,ref     ] GC(45)     Cleared: 0
[22.717s][debug][gc,phases         ] GC(45) Reference Processing 0.302ms
[22.717s][debug][gc,phases,start   ] GC(45) Weak Processing
[22.717s][debug][gc,phases         ] GC(45) Weak Processing 0.026ms
[22.717s][debug][gc,phases,start   ] GC(45) Class Unloading
[22.717s][debug][gc,phases,start   ] GC(45) ClassLoaderData
[22.717s][debug][gc,phases         ] GC(45) ClassLoaderData 0.058ms
[22.717s][debug][gc,phases,start   ] GC(45) ProtectionDomainCacheTable
[22.717s][debug][gc,phases         ] GC(45) ProtectionDomainCacheTable 0.012ms
[22.719s][info ][gc,stringtable    ] GC(45) Cleaned string and symbol table, strings: 6134 processed, 0 removed, symbols: 45233 processed, 0 removed
[22.719s][debug][gc,phases         ] GC(45) Class Unloading 1.488ms
[22.719s][debug][gc,phases,start   ] GC(45) Flush Task Caches
[22.719s][debug][gc,stats          ] Mark stats cache hits 60337 misses 37 ratio 99.939
[22.719s][debug][gc,phases         ] GC(45) Flush Task Caches 0.034ms
[22.719s][debug][gc,phases,start   ] GC(45) Update Remembered Set Tracking Before Rebuild
[22.719s][debug][gc,ergo           ] GC(45) Running G1 Update RemSet Tracking Before Rebuild using 3 workers for 1028 regions in heap
[22.719s][debug][gc,remset,tracking] GC(45) Remembered Set Tracking update regions total 1028, selected 33
[22.719s][debug][gc,phases         ] GC(45) Update Remembered Set Tracking Before Rebuild 0.215ms
[22.719s][debug][gc,phases,start   ] GC(45) Reclaim Empty Regions
[22.719s][debug][gc                ] GC(45) Reclaimed 3 empty regions
[22.719s][debug][gc,phases         ] GC(45) Reclaim Empty Regions 0.148ms
[22.719s][debug][gc,phases,start   ] GC(45) Purge Metaspace
[22.719s][debug][gc,phases         ] GC(45) Purge Metaspace 0.012ms
[22.719s][debug][gc,phases,start   ] GC(45) Report Object Count
[22.719s][debug][gc,phases         ] GC(45) Report Object Count 0.011ms
[22.719s][info ][gc                ] GC(45) Pause Remark 60M->57M(1028M) 2.746ms
[22.719s][info ][gc,cpu            ] GC(45) User=0.01s Sys=0.00s Real=0.00s
[22.719s][info ][gc,marking        ] GC(45) Concurrent Rebuild Remembered Sets
[22.727s][info ][gc,marking        ] GC(45) Concurrent Rebuild Remembered Sets 7.995ms
[22.727s][info ][gc,start          ] GC(45) Pause Cleanup
[22.727s][debug][gc,phases,start   ] GC(45) Update Remembered Set Tracking After Rebuild
[22.727s][debug][gc,phases         ] GC(45) Update Remembered Set Tracking After Rebuild 0.042ms
[22.727s][debug][gc,phases,start   ] GC(45) Finalize Concurrent Mark Cleanup
[22.728s][debug][gc,ergo           ] GC(45) request young-only gcs (reclaimable percentage not over threshold). candidate old regions: 32 reclaimable: 31914176 (2.96) threshold: 5
[22.728s][debug][gc,phases         ] GC(45) Finalize Concurrent Mark Cleanup 0.180ms
[22.728s][info ][gc                ] GC(45) Pause Cleanup 57M->57M(1028M) 0.309ms
[22.728s][info ][gc,cpu            ] GC(45) User=0.00s Sys=0.00s Real=0.00s
[22.728s][info ][gc,marking        ] GC(45) Concurrent Cleanup for Next Mark
[22.728s][debug][gc,ergo           ] GC(45) Running G1 Clear Bitmap with 1 workers for 17 work units.
[22.730s][info ][gc,marking        ] GC(45) Concurrent Cleanup for Next Mark 2.375ms
[22.730s][info ][gc                ] GC(45) Concurrent Cycle 33.505ms
[22.812s][debug][gc,ergo,ihop      ] Request concurrent cycle initiation (occupancy higher than threshold) occupancy: 37748736B allocation request: 524304B threshold: 0B (0.00) source: concurrent humongous allocation
[22.813s][debug][gc,ergo           ] Request concurrent cycle initiation (requested by GC cause). GC cause: G1 Humongous Allocation
[22.813s][debug][gc,heap           ] GC(46) Heap before GC invocations=46 (full 0): garbage-first heap   total 1052672K, used 62976K [0x0000000780000000, 0x0000000800000000)
[22.813s][debug][gc,heap           ] GC(46)   region size 1024K, 27 young (27648K), 16 survivors (16384K)
[22.813s][debug][gc,heap           ] GC(46)  Metaspace       used 13173K, capacity 13592K, committed 13824K, reserved 1060864K
[22.813s][debug][gc,heap           ] GC(46)   class space    used 1352K, capacity 1515K, committed 1536K, reserved 1048576K
[22.813s][debug][gc,ergo           ] GC(46) Initiate concurrent cycle (concurrent cycle initiation requested)
[22.813s][info ][gc,start          ] GC(46) Pause Young (Concurrent Start) (G1 Humongous Allocation)
[22.813s][info ][gc,task           ] GC(46) Using 4 workers of 4 for evacuation
[22.813s][debug][gc,tlab           ] GC(46) TLAB totals: thrds: 1  refills: 31 max: 31 slow allocs: 3 max 3 waste:  0.9% gc: 80072B max: 80072B slow: 17672B max: 17672B fast: 0B max: 0B
[22.813s][debug][gc,alloc,region   ] GC(46) Mutator Allocation stats, regions: 11, wasted size: 0B ( 0.0%)
[22.813s][debug][gc,age            ] GC(46) Desired survivor size 13631488 bytes, new threshold 2 (max threshold 15)
[22.813s][debug][gc,ergo,cset      ] GC(46) Finish choosing CSet. old: 0 regions, predicted old region time: 0.00ms, time remaining: 167.85
[22.813s][debug][gc,task,stats     ] GC(46) GC Termination Stats
[22.813s][debug][gc,task,stats     ] GC(46)      elapsed  --strong roots-- -------termination------- ------waste (KiB)------
[22.813s][debug][gc,task,stats     ] GC(46) thr     ms        ms      %        ms      %    attempts  total   alloc    undo
[22.813s][debug][gc,task,stats     ] GC(46) --- --------- --------- ------ --------- ------ -------- ------- ------- -------
[22.834s][debug][gc,task,stats     ] GC(46)   2     20.97     18.56  88.51      0.00   0.02        2       0       0       0
[22.834s][debug][gc,task,stats     ] GC(46)   1     21.06      4.49  21.32      0.09   0.43        1       0       0       0
[22.834s][debug][gc,task,stats     ] GC(46)   3     21.11     18.58  88.05      0.10   0.46        5       0       0       0
[22.834s][debug][gc,task,stats     ] GC(46)   0     21.14     18.01  85.20      0.10   0.48        6       0       0       0
[22.834s][debug][gc,ergo           ] GC(46) Running G1 Clear Card Table Task using 1 workers for 1 units of work for 34 regions.
[22.834s][debug][gc,ref            ] GC(46) Skipped phase1 of Reference Processing due to unavailable references
[22.834s][debug][gc,ref            ] GC(46) Skipped phase2 of Reference Processing due to unavailable references
[22.834s][debug][gc,ref            ] GC(46) Skipped phase3 of Reference Processing due to unavailable references
[22.834s][debug][gc,ref            ] GC(46) Skipped phase4 of Reference Processing due to unavailable references
[22.834s][debug][gc,ergo           ] GC(46) Running G1 Free Collection Set using 1 workers for collection set length 27
[22.835s][debug][gc,humongous      ] GC(46) Live humongous region 8 object size 524304 start 0x0000000780800000  with remset 0 code roots 0 is marked 0 reclaim candidate 0 type array 0
[22.835s][debug][gc,humongous      ] GC(46) Live humongous region 13 object size 1048592 start 0x0000000780d00000  with remset 0 code roots 0 is marked 0 reclaim candidate 0 type array 0
[22.835s][debug][gc,plab           ] GC(46) Young PLAB allocation: allocated: 17301504B, wasted: 712B, unused: 1546488B, used: 15754304B, undo waste: 0B, 
[22.835s][debug][gc,plab           ] GC(46) Young other allocation: region end waste: 0B, regions filled: 17, direct allocated: 0B, failure used: 0B, failure wasted: 0B
[22.835s][debug][gc,plab           ] GC(46) Young sizing: calculated: 3150856B, actual: 3117064B
[22.835s][debug][gc,plab           ] GC(46) Old PLAB allocation: allocated: 0B, wasted: 0B, unused: 0B, used: 0B, undo waste: 0B, 
[22.835s][debug][gc,plab           ] GC(46) Old other allocation: region end waste: 0B, regions filled: 0, direct allocated: 0B, failure used: 0B, failure wasted: 0B
[22.835s][debug][gc,plab           ] GC(46) Old sizing: calculated: 0B, actual: 176712B
[22.835s][debug][gc,alloc,stats    ] Old generation allocation in the last mutator period, old gen allocated: 0B, humongous allocated: 3145728B,old gen growth: 0B.
[22.835s][debug][gc,ihop           ] GC(46) Basic information (value update), threshold: 0B (0.00), target occupancy: 1077936128B, current occupancy: 55050240B, recent allocation size: 3145728B, recent allocation duration: 114.72ms, recent old gen allocation rate: 27421030.45B/s, recent marking phase length: 232.15ms
[22.835s][debug][gc,ihop           ] GC(46) Adaptive IHOP information (value update), threshold: 0B (0.00), internal target occupancy: 1024039321B, occupancy: 55050240B, additional buffer size: 247463936B, predicted old gen allocation rate: 2289347221.72B/s, predicted marking phase length: 354.98ms, prediction active: true
[22.835s][debug][gc,ergo,refine    ] GC(46) Updated Refinement Zones: green: 26, yellow: 78, red: 130
[22.835s][info ][gc,phases         ] GC(46)   Pre Evacuate Collection Set: 0.1ms
[22.835s][debug][gc,phases         ] GC(46)     Prepare TLABs: 0.1ms
[22.835s][debug][gc,phases         ] GC(46)     Choose Collection Set: 0.0ms
[22.835s][debug][gc,phases         ] GC(46)     Humongous Register: 0.0ms
[22.835s][debug][gc,phases         ] GC(46)     Clear Claimed Marks: 0.1ms
[22.835s][info ][gc,phases         ] GC(46)   Evacuate Collection Set: 21.3ms
[22.835s][debug][gc,phases         ] GC(46)     Ext Root Scanning (ms):   Min:  0.4, Avg:  0.4, Max:  0.4, Diff:  0.0, Sum:  1.5, Workers: 4
[22.835s][debug][gc,phases         ] GC(46)     Update RS (ms):           Min:  1.1, Avg:  1.4, Max:  2.6, Diff:  1.5, Sum:  5.8, Workers: 4
[22.835s][debug][gc,phases         ] GC(46)       Processed Buffers:        Min: 3, Avg:  4.5, Max: 9, Diff: 6, Sum: 18, Workers: 4
[22.835s][debug][gc,phases         ] GC(46)       Scanned Cards:            Min: 512, Avg: 775.5, Max: 1566, Diff: 1054, Sum: 3102, Workers: 4
[22.835s][debug][gc,phases         ] GC(46)       Skipped Cards:            Min: 15, Avg: 195.5, Max: 256, Diff: 241, Sum: 782, Workers: 4
[22.835s][debug][gc,phases         ] GC(46)     Scan RS (ms):             Min:  0.0, Avg:  0.1, Max:  0.3, Diff:  0.3, Sum:  0.3, Workers: 4
[22.835s][debug][gc,phases         ] GC(46)       Scanned Cards:            Min: 0, Avg: 36.2, Max: 145, Diff: 145, Sum: 145, Workers: 4
[22.835s][debug][gc,phases         ] GC(46)       Claimed Cards:            Min: 0, Avg: 280.8, Max: 1123, Diff: 1123, Sum: 1123, Workers: 4
[22.835s][debug][gc,phases         ] GC(46)       Skipped Cards:            Min: 0, Avg:  0.0, Max: 0, Diff: 0, Sum: 0, Workers: 4
[22.835s][debug][gc,phases         ] GC(46)     Code Root Scanning (ms):  Min:  0.0, Avg:  0.0, Max:  0.0, Diff:  0.0, Sum:  0.0, Workers: 4
[22.835s][debug][gc,phases         ] GC(46)     JVMCI Root Scan (ms):     skipped
[22.835s][debug][gc,phases         ] GC(46)     Object Copy (ms):         Min: 17.6, Avg: 19.0, Max: 19.5, Diff:  1.9, Sum: 76.0, Workers: 4
[22.835s][debug][gc,phases         ] GC(46)     Termination (ms):         Min:  0.0, Avg:  0.1, Max:  0.1, Diff:  0.1, Sum:  0.3, Workers: 4
[22.835s][debug][gc,phases         ] GC(46)       Termination Attempts:     Min: 1, Avg:  3.5, Max: 6, Diff: 5, Sum: 14, Workers: 4
[22.835s][debug][gc,phases         ] GC(46)     GC Worker Other (ms):     Min:  0.1, Avg:  0.1, Max:  0.2, Diff:  0.1, Sum:  0.5, Workers: 4
[22.835s][debug][gc,phases         ] GC(46)     GC Worker Total (ms):     Min: 21.1, Avg: 21.1, Max: 21.2, Diff:  0.1, Sum: 84.4, Workers: 4
[22.835s][info ][gc,phases         ] GC(46)   Post Evacuate Collection Set: 0.3ms
[22.835s][debug][gc,phases         ] GC(46)     Code Roots Fixup: 0.0ms
[22.835s][debug][gc,phases         ] GC(46)     Clear Card Table: 0.0ms
[22.835s][debug][gc,phases         ] GC(46)     Reference Processing: 0.0ms
[22.835s][debug][gc,phases,ref     ] GC(46)       Reconsider SoftReferences: 0.0ms
[22.835s][debug][gc,phases,ref     ] GC(46)         SoftRef (ms):             skipped
[22.835s][debug][gc,phases,ref     ] GC(46)       Notify Soft/WeakReferences: 0.0ms
[22.835s][debug][gc,phases,ref     ] GC(46)         SoftRef (ms):             skipped
[22.835s][debug][gc,phases,ref     ] GC(46)         WeakRef (ms):             skipped
[22.835s][debug][gc,phases,ref     ] GC(46)         FinalRef (ms):            skipped
[22.835s][debug][gc,phases,ref     ] GC(46)         Total (ms):               skipped
[22.835s][debug][gc,phases,ref     ] GC(46)       Notify and keep alive finalizable: 0.0ms
[22.835s][debug][gc,phases,ref     ] GC(46)         FinalRef (ms):            skipped
[22.835s][debug][gc,phases,ref     ] GC(46)       Notify PhantomReferences: 0.0ms
[22.835s][debug][gc,phases,ref     ] GC(46)         PhantomRef (ms):          skipped
[22.835s][debug][gc,phases,ref     ] GC(46)       SoftReference:
[22.835s][debug][gc,phases,ref     ] GC(46)         Discovered: 0
[22.835s][debug][gc,phases,ref     ] GC(46)         Cleared: 0
[22.835s][debug][gc,phases,ref     ] GC(46)       WeakReference:
[22.835s][debug][gc,phases,ref     ] GC(46)         Discovered: 0
[22.835s][debug][gc,phases,ref     ] GC(46)         Cleared: 0
[22.835s][debug][gc,phases,ref     ] GC(46)       FinalReference:
[22.835s][debug][gc,phases,ref     ] GC(46)         Discovered: 0
[22.835s][debug][gc,phases,ref     ] GC(46)         Cleared: 0
[22.835s][debug][gc,phases,ref     ] GC(46)       PhantomReference:
[22.835s][debug][gc,phases,ref     ] GC(46)         Discovered: 0
[22.835s][debug][gc,phases,ref     ] GC(46)         Cleared: 0
[22.835s][debug][gc,phases         ] GC(46)     Weak Processing: 0.0ms
[22.835s][debug][gc,phases         ] GC(46)     Merge Per-Thread State: 0.0ms
[22.835s][debug][gc,phases         ] GC(46)     Code Roots Purge: 0.0ms
[22.835s][debug][gc,phases         ] GC(46)     Redirty Cards: 0.0ms
[22.835s][debug][gc,phases         ] GC(46)     DerivedPointerTable Update: 0.0ms
[22.835s][debug][gc,phases         ] GC(46)     Free Collection Set: 0.1ms
[22.835s][debug][gc,phases         ] GC(46)     Humongous Reclaim: 0.0ms
[22.835s][debug][gc,phases         ] GC(46)     Start New Collection Set: 0.0ms
[22.835s][debug][gc,phases         ] GC(46)     Resize TLABs: 0.0ms
[22.835s][debug][gc,phases         ] GC(46)     Expand Heap After Collection: 0.0ms
[22.835s][info ][gc,phases         ] GC(46)   Other: 0.6ms
[22.835s][info ][gc,heap           ] GC(46) Eden regions: 11->0(219)
[22.835s][info ][gc,heap           ] GC(46) Survivor regions: 16->17(26)
[22.835s][info ][gc,heap           ] GC(46) Old regions: 33->33
[22.835s][info ][gc,heap           ] GC(46) Humongous regions: 3->3
[22.835s][info ][gc,metaspace      ] GC(46) Metaspace: 13173K->13173K(1060864K)
[22.835s][debug][gc,heap           ] GC(46) Heap after GC invocations=47 (full 0): garbage-first heap   total 1052672K, used 53760K [0x0000000780000000, 0x0000000800000000)
[22.836s][debug][gc,heap           ] GC(46)   region size 1024K, 17 young (17408K), 17 survivors (17408K)
[22.836s][debug][gc,heap           ] GC(46)  Metaspace       used 13173K, capacity 13592K, committed 13824K, reserved 1060864K
[22.836s][debug][gc,heap           ] GC(46)   class space    used 1352K, capacity 1515K, committed 1536K, reserved 1048576K
[22.836s][info ][gc                ] GC(46) Pause Young (Concurrent Start) (G1 Humongous Allocation) 62M->52M(1028M) 22.823ms
[22.836s][info ][gc,cpu            ] GC(46) User=0.08s Sys=0.00s Real=0.03s
[22.836s][info ][gc                ] GC(47) Concurrent Cycle
[22.836s][info ][gc,marking        ] GC(47) Concurrent Clear Claimed Marks
[22.836s][info ][gc,marking        ] GC(47) Concurrent Clear Claimed Marks 0.048ms
[22.836s][info ][gc,marking        ] GC(47) Concurrent Scan Root Regions
[22.836s][debug][gc,ergo           ] GC(47) Running G1 Root Region Scan using 1 workers for 17 work units.
[22.844s][info ][gc,marking        ] GC(47) Concurrent Scan Root Regions 8.691ms
[22.844s][info ][gc,marking        ] GC(47) Concurrent Mark (22.844s)
[22.844s][info ][gc,marking        ] GC(47) Concurrent Mark From Roots
[22.844s][info ][gc,task           ] GC(47) Using 1 workers of 1 for marking
[22.852s][debug][gc,stats          ] ---------------------------------------------------------------------
[22.852s][debug][gc,stats          ] Marking Stats, task = 0, calls = 1
[22.852s][debug][gc,stats          ]   Elapsed time = 7.34ms, Termination time = 0.00ms
[22.852s][debug][gc,stats          ]   Step Times (cum): num = 275, avg = 0.54ms, sd = 2.00ms max = 9.74ms, total = 149.86ms
[22.852s][debug][gc,stats          ]   Mark Stats Cache: hits 57436 misses 31 ratio 99.946
[22.852s][debug][gc,stats          ] ---------------------------------------------------------------------
[22.852s][info ][gc,marking        ] GC(47) Concurrent Mark From Roots 7.507ms
[22.852s][info ][gc,marking        ] GC(47) Concurrent Preclean
[22.852s][debug][gc,ref,start      ] GC(47) Preclean SoftReferences
[22.852s][debug][gc,ref            ] GC(47) Preclean SoftReferences 0.017ms
[22.852s][debug][gc,ref,start      ] GC(47) Preclean WeakReferences
[22.852s][debug][gc,ref            ] GC(47) Preclean WeakReferences 0.018ms
[22.852s][debug][gc,ref,start      ] GC(47) Preclean FinalReferences
[22.852s][debug][gc,ref            ] GC(47) Preclean FinalReferences 0.012ms
[22.852s][debug][gc,ref,start      ] GC(47) Preclean PhantomReferences
[22.852s][debug][gc,ref            ] GC(47) Preclean PhantomReferences 0.013ms
[22.852s][info ][gc,marking        ] GC(47) Concurrent Preclean 0.116ms
[22.852s][info ][gc,marking        ] GC(47) Concurrent Mark (22.844s, 22.852s) 7.658ms
[22.852s][info ][gc,start          ] GC(47) Pause Remark
[22.852s][debug][gc,phases,start   ] GC(47) Finalize Marking
[22.852s][debug][gc,stats          ] ---------------------------------------------------------------------
[22.852s][debug][gc,stats          ] Marking Stats, task = 0, calls = 18
[22.852s][debug][gc,stats          ]   Elapsed time = 0.06ms, Termination time = 0.05ms
[22.852s][debug][gc,stats          ]   Step Times (cum): num = 292, avg = 0.51ms, sd = 1.94ms max = 9.74ms, total = 149.92ms
[22.852s][debug][gc,stats          ]   Mark Stats Cache: hits 57436 misses 31 ratio 99.946
[22.852s][debug][gc,stats          ] ---------------------------------------------------------------------
[22.852s][debug][gc,stats          ] Marking Stats, task = 1, calls = 1
[22.852s][debug][gc,stats          ]   Elapsed time = 0.08ms, Termination time = 0.06ms
[22.853s][debug][gc,stats          ]   Step Times (cum): num = 17, avg = 0.25ms, sd = 0.26ms max = 0.77ms, total = 4.17ms
[22.853s][debug][gc,stats          ]   Mark Stats Cache: hits 56 misses 2 ratio 96.552
[22.853s][debug][gc,stats          ] ---------------------------------------------------------------------
[22.853s][debug][gc,stats          ] Marking Stats, task = 2, calls = 1
[22.853s][debug][gc,stats          ]   Elapsed time = 0.01ms, Termination time = 0.01ms
[22.853s][debug][gc,stats          ]   Step Times (cum): num = 16, avg = 0.23ms, sd = 0.28ms max = 0.75ms, total = 3.62ms
[22.853s][debug][gc,stats          ]   Mark Stats Cache: hits 2768 misses 5 ratio 99.820
[22.853s][debug][gc,stats          ] ---------------------------------------------------------------------
[22.853s][debug][gc,stats          ] Marking Stats, task = 3, calls = 1
[22.853s][debug][gc,stats          ]   Elapsed time = 0.01ms, Termination time = 0.00ms
[22.853s][debug][gc,stats          ]   Step Times (cum): num = 14, avg = 0.00ms, sd = 0.00ms max = 0.02ms, total = 0.06ms
[22.853s][debug][gc,stats          ]   Mark Stats Cache: hits 73 misses 3 ratio 96.053
[22.853s][debug][gc,stats          ] ---------------------------------------------------------------------
[22.853s][debug][gc,phases         ] GC(47) Finalize Marking 0.357ms
[22.853s][debug][gc,phases,start   ] GC(47) Reference Processing
[22.853s][debug][gc,ref            ] GC(47) Skipped phase1 of Reference Processing due to unavailable references
[22.853s][debug][gc,ref            ] GC(47) Skipped phase2 of Reference Processing due to unavailable references
[22.853s][debug][gc,ref            ] GC(47) Skipped phase3 of Reference Processing due to unavailable references
[22.853s][debug][gc,ref            ] GC(47) Skipped phase4 of Reference Processing due to unavailable references
[22.853s][debug][gc,phases,ref     ] GC(47) Reference Processing: 0.0ms
[22.853s][debug][gc,phases,ref     ] GC(47)   Reconsider SoftReferences: 0.0ms
[22.853s][debug][gc,phases,ref     ] GC(47)     SoftRef (ms):             skipped
[22.853s][debug][gc,phases,ref     ] GC(47)   Notify Soft/WeakReferences: 0.0ms
[22.853s][debug][gc,phases,ref     ] GC(47)     SoftRef (ms):             skipped
[22.853s][debug][gc,phases,ref     ] GC(47)     WeakRef (ms):             skipped
[22.853s][debug][gc,phases,ref     ] GC(47)     FinalRef (ms):            skipped
[22.853s][debug][gc,phases,ref     ] GC(47)     Total (ms):               skipped
[22.853s][debug][gc,phases,ref     ] GC(47)   Notify and keep alive finalizable: 0.0ms
[22.853s][debug][gc,phases,ref     ] GC(47)     FinalRef (ms):            skipped
[22.853s][debug][gc,phases,ref     ] GC(47)   Notify PhantomReferences: 0.0ms
[22.853s][debug][gc,phases,ref     ] GC(47)     PhantomRef (ms):          skipped
[22.853s][debug][gc,phases,ref     ] GC(47)   SoftReference:
[22.853s][debug][gc,phases,ref     ] GC(47)     Discovered: 0
[22.853s][debug][gc,phases,ref     ] GC(47)     Cleared: 0
[22.853s][debug][gc,phases,ref     ] GC(47)   WeakReference:
[22.853s][debug][gc,phases,ref     ] GC(47)     Discovered: 0
[22.853s][debug][gc,phases,ref     ] GC(47)     Cleared: 0
[22.853s][debug][gc,phases,ref     ] GC(47)   FinalReference:
[22.853s][debug][gc,phases,ref     ] GC(47)     Discovered: 0
[22.853s][debug][gc,phases,ref     ] GC(47)     Cleared: 0
[22.853s][debug][gc,phases,ref     ] GC(47)   PhantomReference:
[22.853s][debug][gc,phases,ref     ] GC(47)     Discovered: 0
[22.853s][debug][gc,phases,ref     ] GC(47)     Cleared: 0
[22.853s][debug][gc,phases         ] GC(47) Reference Processing 0.301ms
[22.853s][debug][gc,phases,start   ] GC(47) Weak Processing
[22.853s][debug][gc,phases         ] GC(47) Weak Processing 0.023ms
[22.853s][debug][gc,phases,start   ] GC(47) Class Unloading
[22.853s][debug][gc,phases,start   ] GC(47) ClassLoaderData
[22.853s][debug][gc,phases         ] GC(47) ClassLoaderData 0.059ms
[22.853s][debug][gc,phases,start   ] GC(47) ProtectionDomainCacheTable
[22.853s][debug][gc,phases         ] GC(47) ProtectionDomainCacheTable 0.012ms
[22.854s][info ][gc,stringtable    ] GC(47) Cleaned string and symbol table, strings: 6134 processed, 0 removed, symbols: 45233 processed, 0 removed
[22.854s][debug][gc,phases         ] GC(47) Class Unloading 1.499ms
[22.855s][debug][gc,phases,start   ] GC(47) Flush Task Caches
[22.855s][debug][gc,stats          ] Mark stats cache hits 60333 misses 41 ratio 99.932
[22.855s][debug][gc,phases         ] GC(47) Flush Task Caches 0.032ms
[22.855s][debug][gc,phases,start   ] GC(47) Update Remembered Set Tracking Before Rebuild
[22.855s][debug][gc,ergo           ] GC(47) Running G1 Update RemSet Tracking Before Rebuild using 3 workers for 1028 regions in heap
[22.855s][debug][gc,remset,tracking] GC(47) Remembered Set Tracking update regions total 1028, selected 33
[22.855s][debug][gc,phases         ] GC(47) Update Remembered Set Tracking Before Rebuild 0.147ms
[22.855s][debug][gc,phases,start   ] GC(47) Reclaim Empty Regions
[22.855s][debug][gc                ] GC(47) Reclaimed 3 empty regions
[22.855s][debug][gc,phases         ] GC(47) Reclaim Empty Regions 0.145ms
[22.855s][debug][gc,phases,start   ] GC(47) Purge Metaspace
[22.855s][debug][gc,phases         ] GC(47) Purge Metaspace 0.020ms
[22.855s][debug][gc,phases,start   ] GC(47) Report Object Count
[22.855s][debug][gc,phases         ] GC(47) Report Object Count 0.011ms
[22.855s][info ][gc                ] GC(47) Pause Remark 61M->58M(1028M) 2.702ms
[22.855s][info ][gc,cpu            ] GC(47) User=0.01s Sys=0.00s Real=0.01s
[22.855s][info ][gc,marking        ] GC(47) Concurrent Rebuild Remembered Sets
[22.863s][info ][gc,marking        ] GC(47) Concurrent Rebuild Remembered Sets 7.828ms
[22.863s][info ][gc,start          ] GC(47) Pause Cleanup
[22.863s][debug][gc,phases,start   ] GC(47) Update Remembered Set Tracking After Rebuild
[22.863s][debug][gc,phases         ] GC(47) Update Remembered Set Tracking After Rebuild 0.039ms
[22.863s][debug][gc,phases,start   ] GC(47) Finalize Concurrent Mark Cleanup
[22.863s][debug][gc,ergo           ] GC(47) request young-only gcs (reclaimable percentage not over threshold). candidate old regions: 32 reclaimable: 31914176 (2.96) threshold: 5
[22.863s][debug][gc,phases         ] GC(47) Finalize Concurrent Mark Cleanup 0.178ms
[22.863s][info ][gc                ] GC(47) Pause Cleanup 58M->58M(1028M) 0.285ms
[22.863s][info ][gc,cpu            ] GC(47) User=0.00s Sys=0.00s Real=0.00s
[22.863s][info ][gc,marking        ] GC(47) Concurrent Cleanup for Next Mark
[22.863s][debug][gc,ergo           ] GC(47) Running G1 Clear Bitmap with 1 workers for 17 work units.
[22.865s][info ][gc,marking        ] GC(47) Concurrent Cleanup for Next Mark 1.860ms
[22.865s][info ][gc                ] GC(47) Concurrent Cycle 29.635ms
[22.951s][debug][gc,ergo,ihop      ] Request concurrent cycle initiation (occupancy higher than threshold) occupancy: 37748736B allocation request: 524304B threshold: 0B (0.00) source: concurrent humongous allocation
[22.951s][debug][gc,ergo           ] Request concurrent cycle initiation (requested by GC cause). GC cause: G1 Humongous Allocation
[22.951s][debug][gc,heap           ] GC(48) Heap before GC invocations=48 (full 0): garbage-first heap   total 1052672K, used 64000K [0x0000000780000000, 0x0000000800000000)
[22.951s][debug][gc,heap           ] GC(48)   region size 1024K, 28 young (28672K), 17 survivors (17408K)
[22.951s][debug][gc,heap           ] GC(48)  Metaspace       used 13173K, capacity 13592K, committed 13824K, reserved 1060864K
[22.951s][debug][gc,heap           ] GC(48)   class space    used 1352K, capacity 1515K, committed 1536K, reserved 1048576K
[22.951s][debug][gc,ergo           ] GC(48) Initiate concurrent cycle (concurrent cycle initiation requested)
[22.951s][info ][gc,start          ] GC(48) Pause Young (Concurrent Start) (G1 Humongous Allocation)
[22.951s][info ][gc,task           ] GC(48) Using 4 workers of 4 for evacuation
[22.951s][debug][gc,tlab           ] GC(48) TLAB totals: thrds: 1  refills: 31 max: 31 slow allocs: 3 max 3 waste:  0.9% gc: 80072B max: 80072B slow: 17672B max: 17672B fast: 0B max: 0B
[22.951s][debug][gc,alloc,region   ] GC(48) Mutator Allocation stats, regions: 11, wasted size: 0B ( 0.0%)
[22.951s][debug][gc,age            ] GC(48) Desired survivor size 15728640 bytes, new threshold 2 (max threshold 15)
[22.951s][debug][gc,ergo,cset      ] GC(48) Finish choosing CSet. old: 0 regions, predicted old region time: 0.00ms, time remaining: 164.62
[22.951s][debug][gc,task,stats     ] GC(48) GC Termination Stats
[22.951s][debug][gc,task,stats     ] GC(48)      elapsed  --strong roots-- -------termination------- ------waste (KiB)------
[22.951s][debug][gc,task,stats     ] GC(48) thr     ms        ms      %        ms      %    attempts  total   alloc    undo
[22.951s][debug][gc,task,stats     ] GC(48) --- --------- --------- ------ --------- ------ -------- ------- ------- -------
[22.972s][debug][gc,task,stats     ] GC(48)   2     20.47      4.80  23.44      0.00   0.01        1       0       0       0
[22.972s][debug][gc,task,stats     ] GC(48)   0     20.60     18.33  88.98      0.03   0.12        9       0       0       0
[22.972s][debug][gc,task,stats     ] GC(48)   3     20.62     17.52  84.94      0.02   0.08        5       0       0       0
[22.972s][debug][gc,task,stats     ] GC(48)   1     20.70     17.54  84.71      0.01   0.06        6       0       0       0
[22.972s][debug][gc,ergo           ] GC(48) Running G1 Clear Card Table Task using 1 workers for 1 units of work for 35 regions.
[22.972s][debug][gc,ref            ] GC(48) Skipped phase1 of Reference Processing due to unavailable references
[22.972s][debug][gc,ref            ] GC(48) Skipped phase2 of Reference Processing due to unavailable references
[22.972s][debug][gc,ref            ] GC(48) Skipped phase3 of Reference Processing due to unavailable references
[22.972s][debug][gc,ref            ] GC(48) Skipped phase4 of Reference Processing due to unavailable references
[22.972s][debug][gc,ergo           ] GC(48) Running G1 Free Collection Set using 1 workers for collection set length 28
[22.972s][debug][gc,humongous      ] GC(48) Live humongous region 5 object size 524304 start 0x0000000780500000  with remset 0 code roots 0 is marked 0 reclaim candidate 0 type array 0
[22.973s][debug][gc,humongous      ] GC(48) Live humongous region 6 object size 1048592 start 0x0000000780600000  with remset 0 code roots 0 is marked 0 reclaim candidate 0 type array 0
[22.973s][debug][gc,plab           ] GC(48) Young PLAB allocation: allocated: 16777216B, wasted: 712B, unused: 1022536B, used: 15753968B, undo waste: 0B, 
[22.973s][debug][gc,plab           ] GC(48) Young other allocation: region end waste: 0B, regions filled: 16, direct allocated: 0B, failure used: 0B, failure wasted: 0B
[22.973s][debug][gc,plab           ] GC(48) Young sizing: calculated: 3150792B, actual: 3142360B
[22.973s][debug][gc,plab           ] GC(48) Old PLAB allocation: allocated: 132528B, wasted: 0B, unused: 132192B, used: 336B, undo waste: 0B, 
[22.973s][debug][gc,plab           ] GC(48) Old other allocation: region end waste: 0B, regions filled: 1, direct allocated: 0B, failure used: 0B, failure wasted: 0B
[22.973s][debug][gc,plab           ] GC(48) Old sizing: calculated: 64B, actual: 44224B
[22.973s][debug][gc,alloc,stats    ] Old generation allocation in the last mutator period, old gen allocated: 132528B, humongous allocated: 3145728B,old gen growth: 132528B.
[22.973s][debug][gc,ihop           ] GC(48) Basic information (value update), threshold: 0B (0.00), target occupancy: 1077936128B, current occupancy: 54658560B, recent allocation size: 3278256B, recent allocation duration: 113.48ms, recent old gen allocation rate: 28887157.69B/s, recent marking phase length: 232.15ms
[22.973s][debug][gc,ihop           ] GC(48) Adaptive IHOP information (value update), threshold: 0B (0.00), internal target occupancy: 1024039321B, occupancy: 54658560B, additional buffer size: 318767104B, predicted old gen allocation rate: 2212504540.18B/s, predicted marking phase length: 354.98ms, prediction active: true
[22.973s][debug][gc,ergo,refine    ] GC(48) Updated Refinement Zones: green: 26, yellow: 78, red: 130
[22.973s][info ][gc,phases         ] GC(48)   Pre Evacuate Collection Set: 0.1ms
[22.973s][debug][gc,phases         ] GC(48)     Prepare TLABs: 0.0ms
[22.973s][debug][gc,phases         ] GC(48)     Choose Collection Set: 0.0ms
[22.973s][debug][gc,phases         ] GC(48)     Humongous Register: 0.0ms
[22.973s][debug][gc,phases         ] GC(48)     Clear Claimed Marks: 0.1ms
[22.973s][info ][gc,phases         ] GC(48)   Evacuate Collection Set: 20.8ms
[22.973s][debug][gc,phases         ] GC(48)     Ext Root Scanning (ms):   Min:  0.4, Avg:  0.4, Max:  0.5, Diff:  0.0, Sum:  1.7, Workers: 4
[22.973s][debug][gc,phases         ] GC(48)     Update RS (ms):           Min:  1.0, Avg:  1.5, Max:  2.8, Diff:  1.7, Sum:  5.9, Workers: 4
[22.973s][debug][gc,phases         ] GC(48)       Processed Buffers:        Min: 2, Avg:  4.5, Max: 8, Diff: 6, Sum: 18, Workers: 4
[22.973s][debug][gc,phases         ] GC(48)       Scanned Cards:            Min: 512, Avg: 775.5, Max: 1566, Diff: 1054, Sum: 3102, Workers: 4
[22.973s][debug][gc,phases         ] GC(48)       Skipped Cards:            Min: 0, Avg: 195.5, Max: 782, Diff: 782, Sum: 782, Workers: 4
[22.973s][debug][gc,phases         ] GC(48)     Scan RS (ms):             Min:  0.0, Avg:  0.1, Max:  0.3, Diff:  0.3, Sum:  0.3, Workers: 4
[22.973s][debug][gc,phases         ] GC(48)       Scanned Cards:            Min: 0, Avg: 38.8, Max: 155, Diff: 155, Sum: 155, Workers: 4
[22.973s][debug][gc,phases         ] GC(48)       Claimed Cards:            Min: 0, Avg: 258.2, Max: 1033, Diff: 1033, Sum: 1033, Workers: 4
[22.973s][debug][gc,phases         ] GC(48)       Skipped Cards:            Min: 0, Avg:  0.0, Max: 0, Diff: 0, Sum: 0, Workers: 4
[22.973s][debug][gc,phases         ] GC(48)     Code Root Scanning (ms):  Min:  0.0, Avg:  0.0, Max:  0.0, Diff:  0.0, Sum:  0.0, Workers: 4
[22.973s][debug][gc,phases         ] GC(48)     JVMCI Root Scan (ms):     skipped
[22.973s][debug][gc,phases         ] GC(48)     Object Copy (ms):         Min: 16.9, Avg: 18.5, Max: 19.0, Diff:  2.1, Sum: 73.8, Workers: 4
[22.973s][debug][gc,phases         ] GC(48)     Termination (ms):         Min:  0.0, Avg:  0.0, Max:  0.0, Diff:  0.0, Sum:  0.1, Workers: 4
[22.973s][debug][gc,phases         ] GC(48)       Termination Attempts:     Min: 1, Avg:  5.2, Max: 9, Diff: 8, Sum: 21, Workers: 4
[22.973s][debug][gc,phases         ] GC(48)     GC Worker Other (ms):     Min:  0.1, Avg:  0.2, Max:  0.2, Diff:  0.1, Sum:  0.7, Workers: 4
[22.973s][debug][gc,phases         ] GC(48)     GC Worker Total (ms):     Min: 20.6, Avg: 20.6, Max: 20.7, Diff:  0.2, Sum: 82.6, Workers: 4
[22.973s][info ][gc,phases         ] GC(48)   Post Evacuate Collection Set: 0.4ms
[22.973s][debug][gc,phases         ] GC(48)     Code Roots Fixup: 0.0ms
[22.973s][debug][gc,phases         ] GC(48)     Clear Card Table: 0.1ms
[22.973s][debug][gc,phases         ] GC(48)     Reference Processing: 0.1ms
[22.973s][debug][gc,phases,ref     ] GC(48)       Reconsider SoftReferences: 0.0ms
[22.973s][debug][gc,phases,ref     ] GC(48)         SoftRef (ms):             skipped
[22.973s][debug][gc,phases,ref     ] GC(48)       Notify Soft/WeakReferences: 0.0ms
[22.973s][debug][gc,phases,ref     ] GC(48)         SoftRef (ms):             skipped
[22.973s][debug][gc,phases,ref     ] GC(48)         WeakRef (ms):             skipped
[22.973s][debug][gc,phases,ref     ] GC(48)         FinalRef (ms):            skipped
[22.973s][debug][gc,phases,ref     ] GC(48)         Total (ms):               skipped
[22.973s][debug][gc,phases,ref     ] GC(48)       Notify and keep alive finalizable: 0.0ms
[22.973s][debug][gc,phases,ref     ] GC(48)         FinalRef (ms):            skipped
[22.973s][debug][gc,phases,ref     ] GC(48)       Notify PhantomReferences: 0.0ms
[22.973s][debug][gc,phases,ref     ] GC(48)         PhantomRef (ms):          skipped
[22.973s][debug][gc,phases,ref     ] GC(48)       SoftReference:
[22.973s][debug][gc,phases,ref     ] GC(48)         Discovered: 0
[22.973s][debug][gc,phases,ref     ] GC(48)         Cleared: 0
[22.973s][debug][gc,phases,ref     ] GC(48)       WeakReference:
[22.973s][debug][gc,phases,ref     ] GC(48)         Discovered: 0
[22.973s][debug][gc,phases,ref     ] GC(48)         Cleared: 0
[22.973s][debug][gc,phases,ref     ] GC(48)       FinalReference:
[22.973s][debug][gc,phases,ref     ] GC(48)         Discovered: 0
[22.973s][debug][gc,phases,ref     ] GC(48)         Cleared: 0
[22.973s][debug][gc,phases,ref     ] GC(48)       PhantomReference:
[22.973s][debug][gc,phases,ref     ] GC(48)         Discovered: 0
[22.973s][debug][gc,phases,ref     ] GC(48)         Cleared: 0
[22.973s][debug][gc,phases         ] GC(48)     Weak Processing: 0.0ms
[22.973s][debug][gc,phases         ] GC(48)     Merge Per-Thread State: 0.0ms
[22.973s][debug][gc,phases         ] GC(48)     Code Roots Purge: 0.0ms
[22.973s][debug][gc,phases         ] GC(48)     Redirty Cards: 0.0ms
[22.973s][debug][gc,phases         ] GC(48)     DerivedPointerTable Update: 0.0ms
[22.973s][debug][gc,phases         ] GC(48)     Free Collection Set: 0.2ms
[22.973s][debug][gc,phases         ] GC(48)     Humongous Reclaim: 0.0ms
[22.973s][debug][gc,phases         ] GC(48)     Start New Collection Set: 0.0ms
[22.973s][debug][gc,phases         ] GC(48)     Resize TLABs: 0.0ms
[22.973s][debug][gc,phases         ] GC(48)     Expand Heap After Collection: 0.0ms
[22.973s][info ][gc,phases         ] GC(48)   Other: 0.5ms
[22.973s][info ][gc,heap           ] GC(48) Eden regions: 11->0(288)
[22.973s][info ][gc,heap           ] GC(48) Survivor regions: 17->16(30)
[22.973s][info ][gc,heap           ] GC(48) Old regions: 33->34
[22.973s][info ][gc,heap           ] GC(48) Humongous regions: 3->3
[22.973s][info ][gc,metaspace      ] GC(48) Metaspace: 13173K->13173K(1060864K)
[22.973s][debug][gc,heap           ] GC(48) Heap after GC invocations=49 (full 0): garbage-first heap   total 1052672K, used 53377K [0x0000000780000000, 0x0000000800000000)
[22.973s][debug][gc,heap           ] GC(48)   region size 1024K, 16 young (16384K), 16 survivors (16384K)
[22.973s][debug][gc,heap           ] GC(48)  Metaspace       used 13173K, capacity 13592K, committed 13824K, reserved 1060864K
[22.973s][debug][gc,heap           ] GC(48)   class space    used 1352K, capacity 1515K, committed 1536K, reserved 1048576K
[22.973s][info ][gc                ] GC(48) Pause Young (Concurrent Start) (G1 Humongous Allocation) 63M->52M(1028M) 22.464ms
[22.973s][info ][gc,cpu            ] GC(48) User=0.08s Sys=0.00s Real=0.02s
[22.974s][info ][gc                ] GC(49) Concurrent Cycle
[22.974s][info ][gc,marking        ] GC(49) Concurrent Clear Claimed Marks
[22.974s][info ][gc,marking        ] GC(49) Concurrent Clear Claimed Marks 0.060ms
[22.974s][info ][gc,marking        ] GC(49) Concurrent Scan Root Regions
[22.974s][debug][gc,ergo           ] GC(49) Running G1 Root Region Scan using 1 workers for 16 work units.
[22.985s][info ][gc,marking        ] GC(49) Concurrent Scan Root Regions 11.741ms
[22.986s][info ][gc,marking        ] GC(49) Concurrent Mark (22.986s)
[22.986s][info ][gc,marking        ] GC(49) Concurrent Mark From Roots
[22.986s][info ][gc,task           ] GC(49) Using 1 workers of 1 for marking
[22.994s][debug][gc,stats          ] ---------------------------------------------------------------------
[22.994s][debug][gc,stats          ] Marking Stats, task = 0, calls = 1
[22.994s][debug][gc,stats          ]   Elapsed time = 8.19ms, Termination time = 0.00ms
[22.994s][debug][gc,stats          ]   Step Times (cum): num = 293, avg = 0.54ms, sd = 1.99ms max = 9.74ms, total = 158.11ms
[22.994s][debug][gc,stats          ]   Mark Stats Cache: hits 60142 misses 33 ratio 99.945
[22.994s][debug][gc,stats          ] ---------------------------------------------------------------------
[22.994s][info ][gc,marking        ] GC(49) Concurrent Mark From Roots 8.377ms
[22.994s][info ][gc,marking        ] GC(49) Concurrent Preclean
[22.994s][debug][gc,ref,start      ] GC(49) Preclean SoftReferences
[22.994s][debug][gc,ref            ] GC(49) Preclean SoftReferences 0.017ms
[22.994s][debug][gc,ref,start      ] GC(49) Preclean WeakReferences
[22.994s][debug][gc,ref            ] GC(49) Preclean WeakReferences 0.018ms
[22.994s][debug][gc,ref,start      ] GC(49) Preclean FinalReferences
[22.994s][debug][gc,ref            ] GC(49) Preclean FinalReferences 0.013ms
[22.994s][debug][gc,ref,start      ] GC(49) Preclean PhantomReferences
[22.994s][debug][gc,ref            ] GC(49) Preclean PhantomReferences 0.013ms
[22.994s][info ][gc,marking        ] GC(49) Concurrent Preclean 0.115ms
[22.994s][info ][gc,marking        ] GC(49) Concurrent Mark (22.986s, 22.994s) 8.534ms
[22.994s][info ][gc,start          ] GC(49) Pause Remark
[22.994s][debug][gc,phases,start   ] GC(49) Finalize Marking
[22.994s][debug][gc,stats          ] ---------------------------------------------------------------------
[22.994s][debug][gc,stats          ] Marking Stats, task = 0, calls = 18
[22.994s][debug][gc,stats          ]   Elapsed time = 0.06ms, Termination time = 0.05ms
[22.994s][debug][gc,stats          ]   Step Times (cum): num = 310, avg = 0.51ms, sd = 1.94ms max = 9.74ms, total = 158.17ms
[22.994s][debug][gc,stats          ]   Mark Stats Cache: hits 60142 misses 33 ratio 99.945
[22.994s][debug][gc,stats          ] ---------------------------------------------------------------------
[22.994s][debug][gc,stats          ] Marking Stats, task = 1, calls = 1
[22.994s][debug][gc,stats          ]   Elapsed time = 0.08ms, Termination time = 0.06ms
[22.994s][debug][gc,stats          ]   Step Times (cum): num = 18, avg = 0.23ms, sd = 0.26ms max = 0.77ms, total = 4.23ms
[22.994s][debug][gc,stats          ]   Mark Stats Cache: hits 37 misses 3 ratio 92.500
[22.994s][debug][gc,stats          ] ---------------------------------------------------------------------
[22.994s][debug][gc,stats          ] Marking Stats, task = 2, calls = 1
[22.994s][debug][gc,stats          ]   Elapsed time = 0.01ms, Termination time = 0.00ms
[22.995s][debug][gc,stats          ]   Step Times (cum): num = 17, avg = 0.21ms, sd = 0.27ms max = 0.75ms, total = 3.62ms
[22.995s][debug][gc,stats          ]   Mark Stats Cache: hits 83 misses 3 ratio 96.512
[22.995s][debug][gc,stats          ] ---------------------------------------------------------------------
[22.995s][debug][gc,stats          ] Marking Stats, task = 3, calls = 1
[22.995s][debug][gc,stats          ]   Elapsed time = 0.01ms, Termination time = 0.00ms
[22.995s][debug][gc,stats          ]   Step Times (cum): num = 15, avg = 0.00ms, sd = 0.00ms max = 0.02ms, total = 0.06ms
[22.995s][debug][gc,stats          ]   Mark Stats Cache: hits 81 misses 4 ratio 95.294
[22.995s][debug][gc,stats          ] ---------------------------------------------------------------------
[22.995s][debug][gc,phases         ] GC(49) Finalize Marking 0.362ms
[22.995s][debug][gc,phases,start   ] GC(49) Reference Processing
[22.995s][debug][gc,ref            ] GC(49) Skipped phase1 of Reference Processing due to unavailable references
[22.995s][debug][gc,ref            ] GC(49) Skipped phase2 of Reference Processing due to unavailable references
[22.995s][debug][gc,ref            ] GC(49) Skipped phase3 of Reference Processing due to unavailable references
[22.995s][debug][gc,ref            ] GC(49) Skipped phase4 of Reference Processing due to unavailable references
[22.995s][debug][gc,phases,ref     ] GC(49) Reference Processing: 0.0ms
[22.995s][debug][gc,phases,ref     ] GC(49)   Reconsider SoftReferences: 0.0ms
[22.995s][debug][gc,phases,ref     ] GC(49)     SoftRef (ms):             skipped
[22.995s][debug][gc,phases,ref     ] GC(49)   Notify Soft/WeakReferences: 0.0ms
[22.995s][debug][gc,phases,ref     ] GC(49)     SoftRef (ms):             skipped
[22.995s][debug][gc,phases,ref     ] GC(49)     WeakRef (ms):             skipped
[22.995s][debug][gc,phases,ref     ] GC(49)     FinalRef (ms):            skipped
[22.995s][debug][gc,phases,ref     ] GC(49)     Total (ms):               skipped
[22.995s][debug][gc,phases,ref     ] GC(49)   Notify and keep alive finalizable: 0.0ms
[22.995s][debug][gc,phases,ref     ] GC(49)     FinalRef (ms):            skipped
[22.995s][debug][gc,phases,ref     ] GC(49)   Notify PhantomReferences: 0.0ms
[22.995s][debug][gc,phases,ref     ] GC(49)     PhantomRef (ms):          skipped
[22.995s][debug][gc,phases,ref     ] GC(49)   SoftReference:
[22.995s][debug][gc,phases,ref     ] GC(49)     Discovered: 0
[22.995s][debug][gc,phases,ref     ] GC(49)     Cleared: 0
[22.995s][debug][gc,phases,ref     ] GC(49)   WeakReference:
[22.995s][debug][gc,phases,ref     ] GC(49)     Discovered: 0
[22.995s][debug][gc,phases,ref     ] GC(49)     Cleared: 0
[22.995s][debug][gc,phases,ref     ] GC(49)   FinalReference:
[22.995s][debug][gc,phases,ref     ] GC(49)     Discovered: 0
[22.995s][debug][gc,phases,ref     ] GC(49)     Cleared: 0
[22.995s][debug][gc,phases,ref     ] GC(49)   PhantomReference:
[22.995s][debug][gc,phases,ref     ] GC(49)     Discovered: 0
[22.995s][debug][gc,phases,ref     ] GC(49)     Cleared: 0
[22.995s][debug][gc,phases         ] GC(49) Reference Processing 0.303ms
[22.995s][debug][gc,phases,start   ] GC(49) Weak Processing
[22.995s][debug][gc,phases         ] GC(49) Weak Processing 0.026ms
[22.995s][debug][gc,phases,start   ] GC(49) Class Unloading
[22.995s][debug][gc,phases,start   ] GC(49) ClassLoaderData
[22.995s][debug][gc,phases         ] GC(49) ClassLoaderData 0.060ms
[22.995s][debug][gc,phases,start   ] GC(49) ProtectionDomainCacheTable
[22.995s][debug][gc,phases         ] GC(49) ProtectionDomainCacheTable 0.012ms
[22.996s][info ][gc,stringtable    ] GC(49) Cleaned string and symbol table, strings: 6134 processed, 0 removed, symbols: 45233 processed, 0 removed
[22.997s][debug][gc,phases         ] GC(49) Class Unloading 1.607ms
[22.997s][debug][gc,phases,start   ] GC(49) Flush Task Caches
[22.997s][debug][gc,stats          ] Mark stats cache hits 60343 misses 43 ratio 99.929
[22.997s][debug][gc,phases         ] GC(49) Flush Task Caches 0.033ms
[22.997s][debug][gc,phases,start   ] GC(49) Update Remembered Set Tracking Before Rebuild
[22.997s][debug][gc,ergo           ] GC(49) Running G1 Update RemSet Tracking Before Rebuild using 3 workers for 1028 regions in heap
[22.997s][debug][gc,remset,tracking] GC(49) Remembered Set Tracking update regions total 1028, selected 34
[22.997s][debug][gc,phases         ] GC(49) Update Remembered Set Tracking Before Rebuild 0.163ms
[22.997s][debug][gc,phases,start   ] GC(49) Reclaim Empty Regions
[22.997s][debug][gc                ] GC(49) Reclaimed 3 empty regions
[22.997s][debug][gc,phases         ] GC(49) Reclaim Empty Regions 0.143ms
[22.997s][debug][gc,phases,start   ] GC(49) Purge Metaspace
[22.997s][debug][gc,phases         ] GC(49) Purge Metaspace 0.011ms
[22.997s][debug][gc,phases,start   ] GC(49) Report Object Count
[22.997s][debug][gc,phases         ] GC(49) Report Object Count 0.010ms
[22.997s][info ][gc                ] GC(49) Pause Remark 60M->57M(1028M) 2.799ms
[22.997s][info ][gc,cpu            ] GC(49) User=0.01s Sys=0.00s Real=0.00s
[22.997s][info ][gc,marking        ] GC(49) Concurrent Rebuild Remembered Sets
[23.005s][info ][gc,marking        ] GC(49) Concurrent Rebuild Remembered Sets 7.724ms
[23.005s][info ][gc,start          ] GC(49) Pause Cleanup
[23.005s][debug][gc,phases,start   ] GC(49) Update Remembered Set Tracking After Rebuild
[23.005s][debug][gc,phases         ] GC(49) Update Remembered Set Tracking After Rebuild 0.037ms
[23.005s][debug][gc,phases,start   ] GC(49) Finalize Concurrent Mark Cleanup
[23.005s][debug][gc,ergo           ] GC(49) request young-only gcs (reclaimable percentage not over threshold). candidate old regions: 32 reclaimable: 31914176 (2.96) threshold: 5
[23.005s][debug][gc,phases         ] GC(49) Finalize Concurrent Mark Cleanup 0.179ms
[23.005s][info ][gc                ] GC(49) Pause Cleanup 57M->57M(1028M) 0.286ms
[23.005s][info ][gc,cpu            ] GC(49) User=0.01s Sys=0.01s Real=0.00s
[23.005s][info ][gc,marking        ] GC(49) Concurrent Cleanup for Next Mark
[23.005s][debug][gc,ergo           ] GC(49) Running G1 Clear Bitmap with 1 workers for 17 work units.
[23.007s][info ][gc,marking        ] GC(49) Concurrent Cleanup for Next Mark 1.884ms
[23.007s][info ][gc                ] GC(49) Concurrent Cycle 33.739ms
[23.091s][debug][gc,ergo,ihop      ] Request concurrent cycle initiation (occupancy higher than threshold) occupancy: 38797312B allocation request: 524304B threshold: 0B (0.00) source: concurrent humongous allocation
[23.091s][debug][gc,ergo           ] Request concurrent cycle initiation (requested by GC cause). GC cause: G1 Humongous Allocation
[23.091s][debug][gc,heap           ] GC(50) Heap before GC invocations=50 (full 0): garbage-first heap   total 1052672K, used 63617K [0x0000000780000000, 0x0000000800000000)
[23.091s][debug][gc,heap           ] GC(50)   region size 1024K, 27 young (27648K), 16 survivors (16384K)
[23.091s][debug][gc,heap           ] GC(50)  Metaspace       used 13173K, capacity 13592K, committed 13824K, reserved 1060864K
[23.091s][debug][gc,heap           ] GC(50)   class space    used 1352K, capacity 1515K, committed 1536K, reserved 1048576K
[23.091s][debug][gc,ergo           ] GC(50) Initiate concurrent cycle (concurrent cycle initiation requested)
[23.091s][info ][gc,start          ] GC(50) Pause Young (Concurrent Start) (G1 Humongous Allocation)
[23.091s][info ][gc,task           ] GC(50) Using 4 workers of 4 for evacuation
[23.091s][debug][gc,tlab           ] GC(50) TLAB totals: thrds: 1  refills: 31 max: 31 slow allocs: 3 max 3 waste:  0.9% gc: 80072B max: 80072B slow: 17672B max: 17672B fast: 0B max: 0B
[23.091s][debug][gc,alloc,region   ] GC(50) Mutator Allocation stats, regions: 11, wasted size: 0B ( 0.0%)
[23.091s][debug][gc,age            ] GC(50) Desired survivor size 19922944 bytes, new threshold 15 (max threshold 15)
[23.092s][debug][gc,ergo,cset      ] GC(50) Finish choosing CSet. old: 0 regions, predicted old region time: 0.00ms, time remaining: 172.36
[23.092s][debug][gc,task,stats     ] GC(50) GC Termination Stats
[23.092s][debug][gc,task,stats     ] GC(50)      elapsed  --strong roots-- -------termination------- ------waste (KiB)------
[23.092s][debug][gc,task,stats     ] GC(50) thr     ms        ms      %        ms      %    attempts  total   alloc    undo
[23.092s][debug][gc,task,stats     ] GC(50) --- --------- --------- ------ --------- ------ -------- ------- ------- -------
[23.113s][debug][gc,task,stats     ] GC(50)   3     20.75      6.26  30.16      0.01   0.03        6       0       0       0
[23.113s][debug][gc,task,stats     ] GC(50)   0     21.22     18.50  87.20      0.01   0.04        6       0       0       0
[23.113s][debug][gc,task,stats     ] GC(50)   1     21.29     18.01  84.59      0.01   0.04        3       0       0       0
[23.113s][debug][gc,task,stats     ] GC(50)   2     21.34     18.53  86.83      0.01   0.07        6       0       0       0
[23.113s][debug][gc,ergo           ] GC(50) Running G1 Clear Card Table Task using 1 workers for 1 units of work for 34 regions.
[23.113s][debug][gc,ref            ] GC(50) Skipped phase1 of Reference Processing due to unavailable references
[23.114s][debug][gc,ref            ] GC(50) Skipped phase2 of Reference Processing due to unavailable references
[23.114s][debug][gc,ref            ] GC(50) Skipped phase3 of Reference Processing due to unavailable references
[23.114s][debug][gc,ref            ] GC(50) Skipped phase4 of Reference Processing due to unavailable references
[23.114s][debug][gc,ergo           ] GC(50) Running G1 Free Collection Set using 1 workers for collection set length 27
[23.114s][debug][gc,humongous      ] GC(50) Live humongous region 13 object size 524304 start 0x0000000780d00000  with remset 0 code roots 0 is marked 0 reclaim candidate 0 type array 0
[23.114s][debug][gc,humongous      ] GC(50) Live humongous region 19 object size 1048592 start 0x0000000781300000  with remset 0 code roots 0 is marked 0 reclaim candidate 0 type array 0
[23.114s][debug][gc,plab           ] GC(50) Young PLAB allocation: allocated: 16777216B, wasted: 680B, unused: 1022568B, used: 15753968B, undo waste: 0B, 
[23.114s][debug][gc,plab           ] GC(50) Young other allocation: region end waste: 0B, regions filled: 16, direct allocated: 0B, failure used: 0B, failure wasted: 0B
[23.114s][debug][gc,plab           ] GC(50) Young sizing: calculated: 3150792B, actual: 3148680B
[23.114s][debug][gc,plab           ] GC(50) Old PLAB allocation: allocated: 0B, wasted: 0B, unused: 0B, used: 0B, undo waste: 0B, 
[23.114s][debug][gc,plab           ] GC(50) Old other allocation: region end waste: 0B, regions filled: 1, direct allocated: 0B, failure used: 0B, failure wasted: 0B
[23.114s][debug][gc,plab           ] GC(50) Old sizing: calculated: 0B, actual: 11056B
[23.115s][debug][gc,alloc,stats    ] Old generation allocation in the last mutator period, old gen allocated: 0B, humongous allocated: 3145728B,old gen growth: 0B.
[23.115s][debug][gc,ihop           ] GC(50) Basic information (value update), threshold: 0B (0.00), target occupancy: 1077936128B, current occupancy: 54658560B, recent allocation size: 3145728B, recent allocation duration: 115.83ms, recent old gen allocation rate: 27158292.33B/s, recent marking phase length: 232.15ms
[23.115s][debug][gc,ihop           ] GC(50) Adaptive IHOP information (value update), threshold: 0B (0.00), internal target occupancy: 1024039321B, occupancy: 54658560B, additional buffer size: 355467264B, predicted old gen allocation rate: 2138413003.17B/s, predicted marking phase length: 354.98ms, prediction active: true
[23.115s][debug][gc,ergo,refine    ] GC(50) Updated Refinement Zones: green: 26, yellow: 78, red: 130
[23.115s][info ][gc,phases         ] GC(50)   Pre Evacuate Collection Set: 0.2ms
[23.115s][debug][gc,phases         ] GC(50)     Prepare TLABs: 0.0ms
[23.115s][debug][gc,phases         ] GC(50)     Choose Collection Set: 0.0ms
[23.115s][debug][gc,phases         ] GC(50)     Humongous Register: 0.0ms
[23.115s][debug][gc,phases         ] GC(50)     Clear Claimed Marks: 0.1ms
[23.115s][info ][gc,phases         ] GC(50)   Evacuate Collection Set: 21.5ms
[23.115s][debug][gc,phases         ] GC(50)     Ext Root Scanning (ms):   Min:  0.5, Avg:  1.1, Max:  2.7, Diff:  2.2, Sum:  4.2, Workers: 4
[23.115s][debug][gc,phases         ] GC(50)     Update RS (ms):           Min:  1.1, Avg:  1.4, Max:  2.2, Diff:  1.1, Sum:  5.7, Workers: 4
[23.115s][debug][gc,phases         ] GC(50)       Processed Buffers:        Min: 3, Avg:  4.5, Max: 7, Diff: 4, Sum: 18, Workers: 4
[23.115s][debug][gc,phases         ] GC(50)       Scanned Cards:            Min: 512, Avg: 775.5, Max: 1310, Diff: 798, Sum: 3102, Workers: 4
[23.115s][debug][gc,phases         ] GC(50)       Skipped Cards:            Min: 0, Avg: 195.5, Max: 271, Diff: 271, Sum: 782, Workers: 4
[23.115s][debug][gc,phases         ] GC(50)     Scan RS (ms):             Min:  0.0, Avg:  0.1, Max:  0.3, Diff:  0.3, Sum:  0.3, Workers: 4
[23.115s][debug][gc,phases         ] GC(50)       Scanned Cards:            Min: 0, Avg: 52.0, Max: 208, Diff: 208, Sum: 208, Workers: 4
[23.115s][debug][gc,phases         ] GC(50)       Claimed Cards:            Min: 0, Avg: 253.5, Max: 1014, Diff: 1014, Sum: 1014, Workers: 4
[23.115s][debug][gc,phases         ] GC(50)       Skipped Cards:            Min: 0, Avg:  0.0, Max: 0, Diff: 0, Sum: 0, Workers: 4
[23.115s][debug][gc,phases         ] GC(50)     Code Root Scanning (ms):  Min:  0.0, Avg:  0.0, Max:  0.0, Diff:  0.0, Sum:  0.0, Workers: 4
[23.115s][debug][gc,phases         ] GC(50)     JVMCI Root Scan (ms):     skipped
[23.115s][debug][gc,phases         ] GC(50)     Object Copy (ms):         Min: 15.6, Avg: 18.4, Max: 19.5, Diff:  3.9, Sum: 73.7, Workers: 4
[23.115s][debug][gc,phases         ] GC(50)     Termination (ms):         Min:  0.0, Avg:  0.0, Max:  0.0, Diff:  0.0, Sum:  0.0, Workers: 4
[23.115s][debug][gc,phases         ] GC(50)       Termination Attempts:     Min: 3, Avg:  5.2, Max: 6, Diff: 3, Sum: 21, Workers: 4
[23.115s][debug][gc,phases         ] GC(50)     GC Worker Other (ms):     Min:  0.1, Avg:  0.2, Max:  0.3, Diff:  0.2, Sum:  0.9, Workers: 4
[23.115s][debug][gc,phases         ] GC(50)     GC Worker Total (ms):     Min: 20.9, Avg: 21.2, Max: 21.4, Diff:  0.5, Sum: 84.9, Workers: 4
[23.115s][info ][gc,phases         ] GC(50)   Post Evacuate Collection Set: 1.1ms
[23.115s][debug][gc,phases         ] GC(50)     Code Roots Fixup: 0.0ms
[23.115s][debug][gc,phases         ] GC(50)     Clear Card Table: 0.1ms
[23.115s][debug][gc,phases         ] GC(50)     Reference Processing: 0.1ms
[23.115s][debug][gc,phases,ref     ] GC(50)       Reconsider SoftReferences: 0.0ms
[23.115s][debug][gc,phases,ref     ] GC(50)         SoftRef (ms):             skipped
[23.115s][debug][gc,phases,ref     ] GC(50)       Notify Soft/WeakReferences: 0.0ms
[23.115s][debug][gc,phases,ref     ] GC(50)         SoftRef (ms):             skipped
[23.115s][debug][gc,phases,ref     ] GC(50)         WeakRef (ms):             skipped
[23.115s][debug][gc,phases,ref     ] GC(50)         FinalRef (ms):            skipped
[23.115s][debug][gc,phases,ref     ] GC(50)         Total (ms):               skipped
[23.115s][debug][gc,phases,ref     ] GC(50)       Notify and keep alive finalizable: 0.0ms
[23.115s][debug][gc,phases,ref     ] GC(50)         FinalRef (ms):            skipped
[23.115s][debug][gc,phases,ref     ] GC(50)       Notify PhantomReferences: 0.0ms
[23.115s][debug][gc,phases,ref     ] GC(50)         PhantomRef (ms):          skipped
[23.115s][debug][gc,phases,ref     ] GC(50)       SoftReference:
[23.115s][debug][gc,phases,ref     ] GC(50)         Discovered: 0
[23.115s][debug][gc,phases,ref     ] GC(50)         Cleared: 0
[23.115s][debug][gc,phases,ref     ] GC(50)       WeakReference:
[23.115s][debug][gc,phases,ref     ] GC(50)         Discovered: 0
[23.115s][debug][gc,phases,ref     ] GC(50)         Cleared: 0
[23.115s][debug][gc,phases,ref     ] GC(50)       FinalReference:
[23.115s][debug][gc,phases,ref     ] GC(50)         Discovered: 0
[23.115s][debug][gc,phases,ref     ] GC(50)         Cleared: 0
[23.116s][debug][gc,phases,ref     ] GC(50)       PhantomReference:
[23.116s][debug][gc,phases,ref     ] GC(50)         Discovered: 0
[23.116s][debug][gc,phases,ref     ] GC(50)         Cleared: 0
[23.116s][debug][gc,phases         ] GC(50)     Weak Processing: 0.0ms
[23.116s][debug][gc,phases         ] GC(50)     Merge Per-Thread State: 0.0ms
[23.116s][debug][gc,phases         ] GC(50)     Code Roots Purge: 0.0ms
[23.116s][debug][gc,phases         ] GC(50)     Redirty Cards: 0.1ms
[23.116s][debug][gc,phases         ] GC(50)     DerivedPointerTable Update: 0.0ms
[23.116s][debug][gc,phases         ] GC(50)     Free Collection Set: 0.5ms
[23.116s][debug][gc,phases         ] GC(50)     Humongous Reclaim: 0.1ms
[23.116s][debug][gc,phases         ] GC(50)     Start New Collection Set: 0.0ms
[23.116s][debug][gc,phases         ] GC(50)     Resize TLABs: 0.0ms
[23.116s][debug][gc,phases         ] GC(50)     Expand Heap After Collection: 0.0ms
[23.116s][info ][gc,phases         ] GC(50)   Other: 0.8ms
[23.116s][info ][gc,heap           ] GC(50) Eden regions: 11->0(323)
[23.116s][info ][gc,heap           ] GC(50) Survivor regions: 16->16(38)
[23.116s][info ][gc,heap           ] GC(50) Old regions: 34->34
[23.116s][info ][gc,heap           ] GC(50) Humongous regions: 3->3
[23.116s][info ][gc,metaspace      ] GC(50) Metaspace: 13173K->13173K(1060864K)
[23.116s][debug][gc,heap           ] GC(50) Heap after GC invocations=51 (full 0): garbage-first heap   total 1052672K, used 53377K [0x0000000780000000, 0x0000000800000000)
[23.116s][debug][gc,heap           ] GC(50)   region size 1024K, 16 young (16384K), 16 survivors (16384K)
[23.116s][debug][gc,heap           ] GC(50)  Metaspace       used 13173K, capacity 13592K, committed 13824K, reserved 1060864K
[23.116s][debug][gc,heap           ] GC(50)   class space    used 1352K, capacity 1515K, committed 1536K, reserved 1048576K
[23.116s][info ][gc                ] GC(50) Pause Young (Concurrent Start) (G1 Humongous Allocation) 62M->52M(1028M) 24.461ms
[23.116s][info ][gc,cpu            ] GC(50) User=0.08s Sys=0.00s Real=0.03s
[23.116s][info ][gc                ] GC(51) Concurrent Cycle
[23.116s][info ][gc,marking        ] GC(51) Concurrent Clear Claimed Marks
[23.116s][info ][gc,marking        ] GC(51) Concurrent Clear Claimed Marks 0.093ms
[23.116s][info ][gc,marking        ] GC(51) Concurrent Scan Root Regions
[23.116s][debug][gc,ergo           ] GC(51) Running G1 Root Region Scan using 1 workers for 16 work units.
[23.126s][info ][gc,marking        ] GC(51) Concurrent Scan Root Regions 10.070ms
[23.126s][info ][gc,marking        ] GC(51) Concurrent Mark (23.126s)
[23.126s][info ][gc,marking        ] GC(51) Concurrent Mark From Roots
[23.126s][info ][gc,task           ] GC(51) Using 1 workers of 1 for marking
[23.134s][debug][gc,stats          ] ---------------------------------------------------------------------
[23.134s][debug][gc,stats          ] Marking Stats, task = 0, calls = 1
[23.134s][debug][gc,stats          ]   Elapsed time = 7.30ms, Termination time = 0.00ms
[23.134s][debug][gc,stats          ]   Step Times (cum): num = 311, avg = 0.53ms, sd = 1.97ms max = 9.74ms, total = 165.47ms
[23.134s][debug][gc,stats          ]   Mark Stats Cache: hits 57458 misses 31 ratio 99.946
[23.134s][debug][gc,stats          ] ---------------------------------------------------------------------
[23.134s][info ][gc,marking        ] GC(51) Concurrent Mark From Roots 7.470ms
[23.134s][info ][gc,marking        ] GC(51) Concurrent Preclean
[23.134s][debug][gc,ref,start      ] GC(51) Preclean SoftReferences
[23.134s][debug][gc,ref            ] GC(51) Preclean SoftReferences 0.017ms
[23.134s][debug][gc,ref,start      ] GC(51) Preclean WeakReferences
[23.134s][debug][gc,ref            ] GC(51) Preclean WeakReferences 0.043ms
[23.134s][debug][gc,ref,start      ] GC(51) Preclean FinalReferences
[23.134s][debug][gc,ref            ] GC(51) Preclean FinalReferences 0.024ms
[23.134s][debug][gc,ref,start      ] GC(51) Preclean PhantomReferences
[23.134s][debug][gc,ref            ] GC(51) Preclean PhantomReferences 0.014ms
[23.134s][info ][gc,marking        ] GC(51) Concurrent Preclean 0.186ms
[23.134s][info ][gc,marking        ] GC(51) Concurrent Mark (23.126s, 23.134s) 7.692ms
[23.134s][info ][gc,start          ] GC(51) Pause Remark
[23.134s][debug][gc,phases,start   ] GC(51) Finalize Marking
[23.134s][debug][gc,stats          ] ---------------------------------------------------------------------
[23.134s][debug][gc,stats          ] Marking Stats, task = 0, calls = 18
[23.134s][debug][gc,stats          ]   Elapsed time = 0.06ms, Termination time = 0.05ms
[23.134s][debug][gc,stats          ]   Step Times (cum): num = 328, avg = 0.50ms, sd = 1.92ms max = 9.74ms, total = 165.54ms
[23.134s][debug][gc,stats          ]   Mark Stats Cache: hits 57458 misses 31 ratio 99.946
[23.134s][debug][gc,stats          ] ---------------------------------------------------------------------
[23.134s][debug][gc,stats          ] Marking Stats, task = 1, calls = 1
[23.134s][debug][gc,stats          ]   Elapsed time = 0.08ms, Termination time = 0.06ms
[23.134s][debug][gc,stats          ]   Step Times (cum): num = 19, avg = 0.23ms, sd = 0.26ms max = 0.77ms, total = 4.29ms
[23.134s][debug][gc,stats          ]   Mark Stats Cache: hits 2769 misses 5 ratio 99.820
[23.134s][debug][gc,stats          ] ---------------------------------------------------------------------
[23.134s][debug][gc,stats          ] Marking Stats, task = 2, calls = 1
[23.134s][debug][gc,stats          ]   Elapsed time = 0.01ms, Termination time = 0.01ms
[23.134s][debug][gc,stats          ]   Step Times (cum): num = 18, avg = 0.20ms, sd = 0.27ms max = 0.75ms, total = 3.63ms
[23.134s][debug][gc,stats          ]   Mark Stats Cache: hits 108 misses 3 ratio 97.297
[23.134s][debug][gc,stats          ] ---------------------------------------------------------------------
[23.134s][debug][gc,stats          ] Marking Stats, task = 3, calls = 1
[23.134s][debug][gc,stats          ]   Elapsed time = 0.01ms, Termination time = 0.00ms
[23.134s][debug][gc,stats          ]   Step Times (cum): num = 16, avg = 0.00ms, sd = 0.00ms max = 0.02ms, total = 0.07ms
[23.134s][debug][gc,stats          ]   Mark Stats Cache: hits 0 misses 0 ratio 0.000
[23.134s][debug][gc,stats          ] ---------------------------------------------------------------------
[23.134s][debug][gc,phases         ] GC(51) Finalize Marking 0.341ms
[23.134s][debug][gc,phases,start   ] GC(51) Reference Processing
[23.134s][debug][gc,ref            ] GC(51) Skipped phase1 of Reference Processing due to unavailable references
[23.134s][debug][gc,ref            ] GC(51) Skipped phase2 of Reference Processing due to unavailable references
[23.134s][debug][gc,ref            ] GC(51) Skipped phase3 of Reference Processing due to unavailable references
[23.134s][debug][gc,ref            ] GC(51) Skipped phase4 of Reference Processing due to unavailable references
[23.134s][debug][gc,phases,ref     ] GC(51) Reference Processing: 0.0ms
[23.134s][debug][gc,phases,ref     ] GC(51)   Reconsider SoftReferences: 0.0ms
[23.134s][debug][gc,phases,ref     ] GC(51)     SoftRef (ms):             skipped
[23.134s][debug][gc,phases,ref     ] GC(51)   Notify Soft/WeakReferences: 0.0ms
[23.134s][debug][gc,phases,ref     ] GC(51)     SoftRef (ms):             skipped
[23.134s][debug][gc,phases,ref     ] GC(51)     WeakRef (ms):             skipped
[23.135s][debug][gc,phases,ref     ] GC(51)     FinalRef (ms):            skipped
[23.135s][debug][gc,phases,ref     ] GC(51)     Total (ms):               skipped
[23.135s][debug][gc,phases,ref     ] GC(51)   Notify and keep alive finalizable: 0.0ms
[23.135s][debug][gc,phases,ref     ] GC(51)     FinalRef (ms):            skipped
[23.135s][debug][gc,phases,ref     ] GC(51)   Notify PhantomReferences: 0.0ms
[23.135s][debug][gc,phases,ref     ] GC(51)     PhantomRef (ms):          skipped
[23.135s][debug][gc,phases,ref     ] GC(51)   SoftReference:
[23.135s][debug][gc,phases,ref     ] GC(51)     Discovered: 0
[23.135s][debug][gc,phases,ref     ] GC(51)     Cleared: 0
[23.135s][debug][gc,phases,ref     ] GC(51)   WeakReference:
[23.135s][debug][gc,phases,ref     ] GC(51)     Discovered: 0
[23.135s][debug][gc,phases,ref     ] GC(51)     Cleared: 0
[23.135s][debug][gc,phases,ref     ] GC(51)   FinalReference:
[23.135s][debug][gc,phases,ref     ] GC(51)     Discovered: 0
[23.135s][debug][gc,phases,ref     ] GC(51)     Cleared: 0
[23.135s][debug][gc,phases,ref     ] GC(51)   PhantomReference:
[23.135s][debug][gc,phases,ref     ] GC(51)     Discovered: 0
[23.135s][debug][gc,phases,ref     ] GC(51)     Cleared: 0
[23.135s][debug][gc,phases         ] GC(51) Reference Processing 0.306ms
[23.135s][debug][gc,phases,start   ] GC(51) Weak Processing
[23.135s][debug][gc,phases         ] GC(51) Weak Processing 0.025ms
[23.135s][debug][gc,phases,start   ] GC(51) Class Unloading
[23.135s][debug][gc,phases,start   ] GC(51) ClassLoaderData
[23.135s][debug][gc,phases         ] GC(51) ClassLoaderData 0.057ms
[23.135s][debug][gc,phases,start   ] GC(51) ProtectionDomainCacheTable
[23.135s][debug][gc,phases         ] GC(51) ProtectionDomainCacheTable 0.012ms
[23.136s][info ][gc,stringtable    ] GC(51) Cleaned string and symbol table, strings: 6134 processed, 6 removed, symbols: 45233 processed, 0 removed
[23.137s][debug][gc,phases         ] GC(51) Class Unloading 1.808ms
[23.137s][debug][gc,phases,start   ] GC(51) Flush Task Caches
[23.137s][debug][gc,stats          ] Mark stats cache hits 60335 misses 39 ratio 99.935
[23.137s][debug][gc,phases         ] GC(51) Flush Task Caches 0.034ms
[23.137s][debug][gc,phases,start   ] GC(51) Update Remembered Set Tracking Before Rebuild
[23.137s][debug][gc,ergo           ] GC(51) Running G1 Update RemSet Tracking Before Rebuild using 3 workers for 1028 regions in heap
[23.137s][debug][gc,remset,tracking] GC(51) Remembered Set Tracking update regions total 1028, selected 33
[23.137s][debug][gc,phases         ] GC(51) Update Remembered Set Tracking Before Rebuild 0.197ms
[23.137s][debug][gc,phases,start   ] GC(51) Reclaim Empty Regions
[23.137s][debug][gc                ] GC(51) Reclaimed 4 empty regions
[23.137s][debug][gc,phases         ] GC(51) Reclaim Empty Regions 0.173ms
[23.137s][debug][gc,phases,start   ] GC(51) Purge Metaspace
[23.137s][debug][gc,phases         ] GC(51) Purge Metaspace 0.012ms
[23.137s][debug][gc,phases,start   ] GC(51) Report Object Count
[23.137s][debug][gc,phases         ] GC(51) Report Object Count 0.010ms
[23.137s][info ][gc                ] GC(51) Pause Remark 60M->57M(1028M) 3.077ms
[23.137s][info ][gc,cpu            ] GC(51) User=0.01s Sys=0.00s Real=0.01s
[23.137s][info ][gc,marking        ] GC(51) Concurrent Rebuild Remembered Sets
[23.145s][info ][gc,marking        ] GC(51) Concurrent Rebuild Remembered Sets 7.815ms
[23.145s][info ][gc,start          ] GC(51) Pause Cleanup
[23.145s][debug][gc,phases,start   ] GC(51) Update Remembered Set Tracking After Rebuild
[23.145s][debug][gc,phases         ] GC(51) Update Remembered Set Tracking After Rebuild 0.040ms
[23.145s][debug][gc,phases,start   ] GC(51) Finalize Concurrent Mark Cleanup
[23.145s][debug][gc,ergo           ] GC(51) request young-only gcs (reclaimable percentage not over threshold). candidate old regions: 32 reclaimable: 31914176 (2.96) threshold: 5
[23.145s][debug][gc,phases         ] GC(51) Finalize Concurrent Mark Cleanup 0.199ms
[23.145s][info ][gc                ] GC(51) Pause Cleanup 57M->57M(1028M) 0.323ms
[23.145s][info ][gc,cpu            ] GC(51) User=0.00s Sys=0.00s Real=0.00s
[23.146s][info ][gc,marking        ] GC(51) Concurrent Cleanup for Next Mark
[23.146s][debug][gc,ergo           ] GC(51) Running G1 Clear Bitmap with 1 workers for 17 work units.
[23.147s][info ][gc,marking        ] GC(51) Concurrent Cleanup for Next Mark 1.776ms
[23.147s][info ][gc                ] GC(51) Concurrent Cycle 31.457ms
[23.231s][debug][gc,ergo,ihop      ] Request concurrent cycle initiation (occupancy higher than threshold) occupancy: 37748736B allocation request: 524304B threshold: 0B (0.00) source: concurrent humongous allocation
[23.231s][debug][gc,ergo           ] Request concurrent cycle initiation (requested by GC cause). GC cause: G1 Humongous Allocation
[23.231s][debug][gc,heap           ] GC(52) Heap before GC invocations=52 (full 0): garbage-first heap   total 1052672K, used 63488K [0x0000000780000000, 0x0000000800000000)
[23.231s][debug][gc,heap           ] GC(52)   region size 1024K, 27 young (27648K), 16 survivors (16384K)
[23.231s][debug][gc,heap           ] GC(52)  Metaspace       used 13173K, capacity 13592K, committed 13824K, reserved 1060864K
[23.231s][debug][gc,heap           ] GC(52)   class space    used 1352K, capacity 1515K, committed 1536K, reserved 1048576K
[23.231s][debug][gc,ergo           ] GC(52) Initiate concurrent cycle (concurrent cycle initiation requested)
[23.231s][info ][gc,start          ] GC(52) Pause Young (Concurrent Start) (G1 Humongous Allocation)
[23.231s][info ][gc,task           ] GC(52) Using 4 workers of 4 for evacuation
[23.232s][debug][gc,tlab           ] GC(52) TLAB totals: thrds: 1  refills: 31 max: 31 slow allocs: 3 max 3 waste:  0.9% gc: 80072B max: 80072B slow: 17672B max: 17672B fast: 0B max: 0B
[23.232s][debug][gc,alloc,region   ] GC(52) Mutator Allocation stats, regions: 11, wasted size: 0B ( 0.0%)
[23.232s][debug][gc,age            ] GC(52) Desired survivor size 22544384 bytes, new threshold 15 (max threshold 15)
[23.232s][debug][gc,ergo,cset      ] GC(52) Finish choosing CSet. old: 0 regions, predicted old region time: 0.00ms, time remaining: 168.42
[23.232s][debug][gc,task,stats     ] GC(52) GC Termination Stats
[23.232s][debug][gc,task,stats     ] GC(52)      elapsed  --strong roots-- -------termination------- ------waste (KiB)------
[23.232s][debug][gc,task,stats     ] GC(52) thr     ms        ms      %        ms      %    attempts  total   alloc    undo
[23.232s][debug][gc,task,stats     ] GC(52) --- --------- --------- ------ --------- ------ -------- ------- ------- -------
[23.253s][debug][gc,task,stats     ] GC(52)   2     20.75     18.65  89.86      0.01   0.03        3       0       0       0
[23.253s][debug][gc,task,stats     ] GC(52)   1     20.89     18.21  87.17      0.00   0.02        3       0       0       0
[23.253s][debug][gc,task,stats     ] GC(52)   3     20.88      4.47  21.44      0.03   0.13        8       0       0       0
[23.253s][debug][gc,task,stats     ] GC(52)   0     20.94     18.56  88.65      0.01   0.07        7       0       0       0
[23.253s][debug][gc,ergo           ] GC(52) Running G1 Clear Card Table Task using 1 workers for 1 units of work for 34 regions.
[23.253s][debug][gc,ref            ] GC(52) Skipped phase1 of Reference Processing due to unavailable references
[23.253s][debug][gc,ref            ] GC(52) Skipped phase2 of Reference Processing due to unavailable references
[23.253s][debug][gc,ref            ] GC(52) Skipped phase3 of Reference Processing due to unavailable references
[23.253s][debug][gc,ref            ] GC(52) Skipped phase4 of Reference Processing due to unavailable references
[23.253s][debug][gc,ergo           ] GC(52) Running G1 Free Collection Set using 1 workers for collection set length 27
[23.253s][debug][gc,humongous      ] GC(52) Live humongous region 5 object size 524304 start 0x0000000780500000  with remset 0 code roots 0 is marked 0 reclaim candidate 0 type array 0
[23.253s][debug][gc,humongous      ] GC(52) Live humongous region 6 object size 1048592 start 0x0000000780600000  with remset 0 code roots 0 is marked 0 reclaim candidate 0 type array 0
[23.253s][debug][gc,plab           ] GC(52) Young PLAB allocation: allocated: 17301504B, wasted: 736B, unused: 1546800B, used: 15753968B, undo waste: 0B, 
[23.253s][debug][gc,plab           ] GC(52) Young other allocation: region end waste: 0B, regions filled: 17, direct allocated: 0B, failure used: 0B, failure wasted: 0B
[23.253s][debug][gc,plab           ] GC(52) Young sizing: calculated: 3150792B, actual: 3150264B
[23.253s][debug][gc,plab           ] GC(52) Old PLAB allocation: allocated: 0B, wasted: 0B, unused: 0B, used: 0B, undo waste: 0B, 
[23.253s][debug][gc,plab           ] GC(52) Old other allocation: region end waste: 0B, regions filled: 0, direct allocated: 0B, failure used: 0B, failure wasted: 0B
[23.253s][debug][gc,plab           ] GC(52) Old sizing: calculated: 0B, actual: 2760B
[23.253s][debug][gc,alloc,stats    ] Old generation allocation in the last mutator period, old gen allocated: 0B, humongous allocated: 3145728B,old gen growth: 0B.
[23.253s][debug][gc,ihop           ] GC(52) Basic information (value update), threshold: 0B (0.00), target occupancy: 1077936128B, current occupancy: 55050240B, recent allocation size: 3145728B, recent allocation duration: 113.72ms, recent old gen allocation rate: 27661596.40B/s, recent marking phase length: 232.15ms
[23.253s][debug][gc,ihop           ] GC(52) Adaptive IHOP information (value update), threshold: 0B (0.00), internal target occupancy: 1024039321B, occupancy: 55050240B, additional buffer size: 402653184B, predicted old gen allocation rate: 2067018030.71B/s, predicted marking phase length: 354.98ms, prediction active: true
[23.253s][debug][gc,ergo,refine    ] GC(52) Updated Refinement Zones: green: 26, yellow: 78, red: 130
[23.253s][info ][gc,phases         ] GC(52)   Pre Evacuate Collection Set: 0.1ms
[23.253s][debug][gc,phases         ] GC(52)     Prepare TLABs: 0.0ms
[23.253s][debug][gc,phases         ] GC(52)     Choose Collection Set: 0.0ms
[23.253s][debug][gc,phases         ] GC(52)     Humongous Register: 0.0ms
[23.253s][debug][gc,phases         ] GC(52)     Clear Claimed Marks: 0.1ms
[23.253s][info ][gc,phases         ] GC(52)   Evacuate Collection Set: 21.0ms
[23.253s][debug][gc,phases         ] GC(52)     Ext Root Scanning (ms):   Min:  0.4, Avg:  0.4, Max:  0.5, Diff:  0.1, Sum:  1.7, Workers: 4
[23.253s][debug][gc,phases         ] GC(52)     Update RS (ms):           Min:  1.0, Avg:  1.4, Max:  2.5, Diff:  1.5, Sum:  5.6, Workers: 4
[23.253s][debug][gc,phases         ] GC(52)       Processed Buffers:        Min: 2, Avg:  4.5, Max: 8, Diff: 6, Sum: 18, Workers: 4
[23.253s][debug][gc,phases         ] GC(52)       Scanned Cards:            Min: 512, Avg: 775.5, Max: 1566, Diff: 1054, Sum: 3102, Workers: 4
[23.253s][debug][gc,phases         ] GC(52)       Skipped Cards:            Min: 0, Avg: 195.5, Max: 782, Diff: 782, Sum: 782, Workers: 4
[23.254s][debug][gc,phases         ] GC(52)     Scan RS (ms):             Min:  0.0, Avg:  0.1, Max:  0.3, Diff:  0.3, Sum:  0.3, Workers: 4
[23.254s][debug][gc,phases         ] GC(52)       Scanned Cards:            Min: 0, Avg: 36.5, Max: 146, Diff: 146, Sum: 146, Workers: 4
[23.254s][debug][gc,phases         ] GC(52)       Claimed Cards:            Min: 0, Avg: 265.2, Max: 1061, Diff: 1061, Sum: 1061, Workers: 4
[23.254s][debug][gc,phases         ] GC(52)       Skipped Cards:            Min: 0, Avg:  0.0, Max: 0, Diff: 0, Sum: 0, Workers: 4
[23.254s][debug][gc,phases         ] GC(52)     Code Root Scanning (ms):  Min:  0.0, Avg:  0.0, Max:  0.0, Diff:  0.0, Sum:  0.0, Workers: 4
[23.254s][debug][gc,phases         ] GC(52)     JVMCI Root Scan (ms):     skipped
[23.254s][debug][gc,phases         ] GC(52)     Object Copy (ms):         Min: 17.5, Avg: 18.8, Max: 19.3, Diff:  1.8, Sum: 75.3, Workers: 4
[23.254s][debug][gc,phases         ] GC(52)     Termination (ms):         Min:  0.0, Avg:  0.0, Max:  0.0, Diff:  0.0, Sum:  0.1, Workers: 4
[23.254s][debug][gc,phases         ] GC(52)       Termination Attempts:     Min: 3, Avg:  5.2, Max: 8, Diff: 5, Sum: 21, Workers: 4
[23.254s][debug][gc,phases         ] GC(52)     GC Worker Other (ms):     Min:  0.1, Avg:  0.1, Max:  0.2, Diff:  0.1, Sum:  0.6, Workers: 4
[23.254s][debug][gc,phases         ] GC(52)     GC Worker Total (ms):     Min: 20.8, Avg: 20.9, Max: 21.0, Diff:  0.1, Sum: 83.6, Workers: 4
[23.254s][info ][gc,phases         ] GC(52)   Post Evacuate Collection Set: 0.4ms
[23.254s][debug][gc,phases         ] GC(52)     Code Roots Fixup: 0.0ms
[23.254s][debug][gc,phases         ] GC(52)     Clear Card Table: 0.0ms
[23.254s][debug][gc,phases         ] GC(52)     Reference Processing: 0.0ms
[23.254s][debug][gc,phases,ref     ] GC(52)       Reconsider SoftReferences: 0.0ms
[23.254s][debug][gc,phases,ref     ] GC(52)         SoftRef (ms):             skipped
[23.254s][debug][gc,phases,ref     ] GC(52)       Notify Soft/WeakReferences: 0.0ms
[23.254s][debug][gc,phases,ref     ] GC(52)         SoftRef (ms):             skipped
[23.254s][debug][gc,phases,ref     ] GC(52)         WeakRef (ms):             skipped
[23.254s][debug][gc,phases,ref     ] GC(52)         FinalRef (ms):            skipped
[23.254s][debug][gc,phases,ref     ] GC(52)         Total (ms):               skipped
[23.254s][debug][gc,phases,ref     ] GC(52)       Notify and keep alive finalizable: 0.0ms
[23.254s][debug][gc,phases,ref     ] GC(52)         FinalRef (ms):            skipped
[23.254s][debug][gc,phases,ref     ] GC(52)       Notify PhantomReferences: 0.0ms
[23.254s][debug][gc,phases,ref     ] GC(52)         PhantomRef (ms):          skipped
[23.254s][debug][gc,phases,ref     ] GC(52)       SoftReference:
[23.254s][debug][gc,phases,ref     ] GC(52)         Discovered: 0
[23.254s][debug][gc,phases,ref     ] GC(52)         Cleared: 0
[23.254s][debug][gc,phases,ref     ] GC(52)       WeakReference:
[23.254s][debug][gc,phases,ref     ] GC(52)         Discovered: 0
[23.254s][debug][gc,phases,ref     ] GC(52)         Cleared: 0
[23.254s][debug][gc,phases,ref     ] GC(52)       FinalReference:
[23.254s][debug][gc,phases,ref     ] GC(52)         Discovered: 0
[23.254s][debug][gc,phases,ref     ] GC(52)         Cleared: 0
[23.254s][debug][gc,phases,ref     ] GC(52)       PhantomReference:
[23.254s][debug][gc,phases,ref     ] GC(52)         Discovered: 0
[23.254s][debug][gc,phases,ref     ] GC(52)         Cleared: 0
[23.254s][debug][gc,phases         ] GC(52)     Weak Processing: 0.0ms
[23.254s][debug][gc,phases         ] GC(52)     Merge Per-Thread State: 0.0ms
[23.254s][debug][gc,phases         ] GC(52)     Code Roots Purge: 0.0ms
[23.254s][debug][gc,phases         ] GC(52)     Redirty Cards: 0.0ms
[23.254s][debug][gc,phases         ] GC(52)     DerivedPointerTable Update: 0.0ms
[23.254s][debug][gc,phases         ] GC(52)     Free Collection Set: 0.2ms
[23.254s][debug][gc,phases         ] GC(52)     Humongous Reclaim: 0.1ms
[23.254s][debug][gc,phases         ] GC(52)     Start New Collection Set: 0.0ms
[23.254s][debug][gc,phases         ] GC(52)     Resize TLABs: 0.0ms
[23.254s][debug][gc,phases         ] GC(52)     Expand Heap After Collection: 0.0ms
[23.254s][info ][gc,phases         ] GC(52)   Other: 0.5ms
[23.254s][info ][gc,heap           ] GC(52) Eden regions: 11->0(367)
[23.254s][info ][gc,heap           ] GC(52) Survivor regions: 16->17(43)
[23.254s][info ][gc,heap           ] GC(52) Old regions: 33->33
[23.254s][info ][gc,heap           ] GC(52) Humongous regions: 3->3
[23.254s][info ][gc,metaspace      ] GC(52) Metaspace: 13173K->13173K(1060864K)
[23.254s][debug][gc,heap           ] GC(52) Heap after GC invocations=53 (full 0): garbage-first heap   total 1052672K, used 53760K [0x0000000780000000, 0x0000000800000000)
[23.254s][debug][gc,heap           ] GC(52)   region size 1024K, 17 young (17408K), 17 survivors (17408K)
[23.254s][debug][gc,heap           ] GC(52)  Metaspace       used 13173K, capacity 13592K, committed 13824K, reserved 1060864K
[23.254s][debug][gc,heap           ] GC(52)   class space    used 1352K, capacity 1515K, committed 1536K, reserved 1048576K
[23.254s][info ][gc                ] GC(52) Pause Young (Concurrent Start) (G1 Humongous Allocation) 62M->52M(1028M) 22.675ms
[23.254s][info ][gc,cpu            ] GC(52) User=0.08s Sys=0.00s Real=0.02s
[23.254s][info ][gc                ] GC(53) Concurrent Cycle
[23.254s][info ][gc,marking        ] GC(53) Concurrent Clear Claimed Marks
[23.254s][info ][gc,marking        ] GC(53) Concurrent Clear Claimed Marks 0.059ms
[23.254s][info ][gc,marking        ] GC(53) Concurrent Scan Root Regions
[23.254s][debug][gc,ergo           ] GC(53) Running G1 Root Region Scan using 1 workers for 17 work units.
[23.263s][info ][gc,marking        ] GC(53) Concurrent Scan Root Regions 9.002ms
[23.263s][info ][gc,marking        ] GC(53) Concurrent Mark (23.263s)
[23.263s][info ][gc,marking        ] GC(53) Concurrent Mark From Roots
[23.263s][info ][gc,task           ] GC(53) Using 1 workers of 1 for marking
[23.271s][debug][gc,stats          ] ---------------------------------------------------------------------
[23.271s][debug][gc,stats          ] Marking Stats, task = 0, calls = 1
[23.271s][debug][gc,stats          ]   Elapsed time = 7.20ms, Termination time = 0.00ms
[23.271s][debug][gc,stats          ]   Step Times (cum): num = 329, avg = 0.53ms, sd = 1.96ms max = 9.74ms, total = 172.74ms
[23.271s][debug][gc,stats          ]   Mark Stats Cache: hits 60137 misses 32 ratio 99.947
[23.271s][debug][gc,stats          ] ---------------------------------------------------------------------
[23.271s][info ][gc,marking        ] GC(53) Concurrent Mark From Roots 7.426ms
[23.271s][info ][gc,marking        ] GC(53) Concurrent Preclean
[23.271s][debug][gc,ref,start      ] GC(53) Preclean SoftReferences
[23.271s][debug][gc,ref            ] GC(53) Preclean SoftReferences 0.036ms
[23.271s][debug][gc,ref,start      ] GC(53) Preclean WeakReferences
[23.271s][debug][gc,ref            ] GC(53) Preclean WeakReferences 0.027ms
[23.271s][debug][gc,ref,start      ] GC(53) Preclean FinalReferences
[23.271s][debug][gc,ref            ] GC(53) Preclean FinalReferences 0.043ms
[23.271s][debug][gc,ref,start      ] GC(53) Preclean PhantomReferences
[23.271s][debug][gc,ref            ] GC(53) Preclean PhantomReferences 0.015ms
[23.271s][info ][gc,marking        ] GC(53) Concurrent Preclean 0.227ms
[23.271s][info ][gc,marking        ] GC(53) Concurrent Mark (23.263s, 23.271s) 7.688ms
[23.271s][info ][gc,start          ] GC(53) Pause Remark
[23.271s][debug][gc,phases,start   ] GC(53) Finalize Marking
[23.271s][debug][gc,stats          ] ---------------------------------------------------------------------
[23.271s][debug][gc,stats          ] Marking Stats, task = 0, calls = 18
[23.271s][debug][gc,stats          ]   Elapsed time = 0.11ms, Termination time = 0.09ms
[23.271s][debug][gc,stats          ]   Step Times (cum): num = 346, avg = 0.50ms, sd = 1.91ms max = 9.74ms, total = 172.84ms
[23.271s][debug][gc,stats          ]   Mark Stats Cache: hits 60137 misses 32 ratio 99.947
[23.271s][debug][gc,stats          ] ---------------------------------------------------------------------
[23.271s][debug][gc,stats          ] Marking Stats, task = 1, calls = 1
[23.271s][debug][gc,stats          ]   Elapsed time = 0.12ms, Termination time = 0.10ms
[23.271s][debug][gc,stats          ]   Step Times (cum): num = 20, avg = 0.22ms, sd = 0.25ms max = 0.77ms, total = 4.40ms
[23.272s][debug][gc,stats          ]   Mark Stats Cache: hits 35 misses 2 ratio 94.595
[23.272s][debug][gc,stats          ] ---------------------------------------------------------------------
[23.272s][debug][gc,stats          ] Marking Stats, task = 2, calls = 1
[23.272s][debug][gc,stats          ]   Elapsed time = 0.01ms, Termination time = 0.00ms
[23.272s][debug][gc,stats          ]   Step Times (cum): num = 19, avg = 0.19ms, sd = 0.27ms max = 0.75ms, total = 3.64ms
[23.272s][debug][gc,stats          ]   Mark Stats Cache: hits 81 misses 3 ratio 96.429
[23.272s][debug][gc,stats          ] ---------------------------------------------------------------------
[23.272s][debug][gc,stats          ] Marking Stats, task = 3, calls = 1
[23.272s][debug][gc,stats          ]   Elapsed time = 0.01ms, Termination time = 0.00ms
[23.272s][debug][gc,stats          ]   Step Times (cum): num = 17, avg = 0.00ms, sd = 0.00ms max = 0.02ms, total = 0.07ms
[23.272s][debug][gc,stats          ]   Mark Stats Cache: hits 82 misses 2 ratio 97.619
[23.272s][debug][gc,stats          ] ---------------------------------------------------------------------
[23.272s][debug][gc,phases         ] GC(53) Finalize Marking 0.402ms
[23.272s][debug][gc,phases,start   ] GC(53) Reference Processing
[23.272s][debug][gc,ref            ] GC(53) Skipped phase1 of Reference Processing due to unavailable references
[23.272s][debug][gc,ref            ] GC(53) Skipped phase2 of Reference Processing due to unavailable references
[23.272s][debug][gc,ref            ] GC(53) Skipped phase3 of Reference Processing due to unavailable references
[23.272s][debug][gc,ref            ] GC(53) Skipped phase4 of Reference Processing due to unavailable references
[23.272s][debug][gc,phases,ref     ] GC(53) Reference Processing: 0.0ms
[23.272s][debug][gc,phases,ref     ] GC(53)   Reconsider SoftReferences: 0.0ms
[23.272s][debug][gc,phases,ref     ] GC(53)     SoftRef (ms):             skipped
[23.272s][debug][gc,phases,ref     ] GC(53)   Notify Soft/WeakReferences: 0.0ms
[23.272s][debug][gc,phases,ref     ] GC(53)     SoftRef (ms):             skipped
[23.272s][debug][gc,phases,ref     ] GC(53)     WeakRef (ms):             skipped
[23.272s][debug][gc,phases,ref     ] GC(53)     FinalRef (ms):            skipped
[23.272s][debug][gc,phases,ref     ] GC(53)     Total (ms):               skipped
[23.272s][debug][gc,phases,ref     ] GC(53)   Notify and keep alive finalizable: 0.0ms
[23.272s][debug][gc,phases,ref     ] GC(53)     FinalRef (ms):            skipped
[23.272s][debug][gc,phases,ref     ] GC(53)   Notify PhantomReferences: 0.0ms
[23.272s][debug][gc,phases,ref     ] GC(53)     PhantomRef (ms):          skipped
[23.272s][debug][gc,phases,ref     ] GC(53)   SoftReference:
[23.272s][debug][gc,phases,ref     ] GC(53)     Discovered: 0
[23.272s][debug][gc,phases,ref     ] GC(53)     Cleared: 0
[23.272s][debug][gc,phases,ref     ] GC(53)   WeakReference:
[23.272s][debug][gc,phases,ref     ] GC(53)     Discovered: 0
[23.272s][debug][gc,phases,ref     ] GC(53)     Cleared: 0
[23.272s][debug][gc,phases,ref     ] GC(53)   FinalReference:
[23.272s][debug][gc,phases,ref     ] GC(53)     Discovered: 0
[23.272s][debug][gc,phases,ref     ] GC(53)     Cleared: 0
[23.272s][debug][gc,phases,ref     ] GC(53)   PhantomReference:
[23.272s][debug][gc,phases,ref     ] GC(53)     Discovered: 0
[23.272s][debug][gc,phases,ref     ] GC(53)     Cleared: 0
[23.272s][debug][gc,phases         ] GC(53) Reference Processing 0.301ms
[23.272s][debug][gc,phases,start   ] GC(53) Weak Processing
[23.272s][debug][gc,phases         ] GC(53) Weak Processing 0.024ms
[23.272s][debug][gc,phases,start   ] GC(53) Class Unloading
[23.272s][debug][gc,phases,start   ] GC(53) ClassLoaderData
[23.272s][debug][gc,phases         ] GC(53) ClassLoaderData 0.058ms
[23.272s][debug][gc,phases,start   ] GC(53) ProtectionDomainCacheTable
[23.272s][debug][gc,phases         ] GC(53) ProtectionDomainCacheTable 0.012ms
[23.273s][info ][gc,stringtable    ] GC(53) Cleaned string and symbol table, strings: 6128 processed, 0 removed, symbols: 45233 processed, 0 removed
[23.274s][debug][gc,phases         ] GC(53) Class Unloading 1.541ms
[23.274s][debug][gc,phases,start   ] GC(53) Flush Task Caches
[23.274s][debug][gc,stats          ] Mark stats cache hits 60335 misses 39 ratio 99.935
[23.274s][debug][gc,phases         ] GC(53) Flush Task Caches 0.035ms
[23.274s][debug][gc,phases,start   ] GC(53) Update Remembered Set Tracking Before Rebuild
[23.274s][debug][gc,ergo           ] GC(53) Running G1 Update RemSet Tracking Before Rebuild using 3 workers for 1028 regions in heap
[23.274s][debug][gc,remset,tracking] GC(53) Remembered Set Tracking update regions total 1028, selected 33
[23.274s][debug][gc,phases         ] GC(53) Update Remembered Set Tracking Before Rebuild 0.132ms
[23.274s][debug][gc,phases,start   ] GC(53) Reclaim Empty Regions
[23.274s][debug][gc                ] GC(53) Reclaimed 3 empty regions
[23.274s][debug][gc,phases         ] GC(53) Reclaim Empty Regions 0.151ms
[23.274s][debug][gc,phases,start   ] GC(53) Purge Metaspace
[23.274s][debug][gc,phases         ] GC(53) Purge Metaspace 0.012ms
[23.274s][debug][gc,phases,start   ] GC(53) Report Object Count
[23.274s][debug][gc,phases         ] GC(53) Report Object Count 0.011ms
[23.274s][info ][gc                ] GC(53) Pause Remark 61M->58M(1028M) 2.770ms
[23.274s][info ][gc,cpu            ] GC(53) User=0.00s Sys=0.00s Real=0.00s
[23.274s][info ][gc,marking        ] GC(53) Concurrent Rebuild Remembered Sets
[23.282s][info ][gc,marking        ] GC(53) Concurrent Rebuild Remembered Sets 7.851ms
[23.282s][info ][gc,start          ] GC(53) Pause Cleanup
[23.282s][debug][gc,phases,start   ] GC(53) Update Remembered Set Tracking After Rebuild
[23.282s][debug][gc,phases         ] GC(53) Update Remembered Set Tracking After Rebuild 0.037ms
[23.282s][debug][gc,phases,start   ] GC(53) Finalize Concurrent Mark Cleanup
[23.282s][debug][gc,ergo           ] GC(53) request young-only gcs (reclaimable percentage not over threshold). candidate old regions: 32 reclaimable: 31914176 (2.96) threshold: 5
[23.282s][debug][gc,phases         ] GC(53) Finalize Concurrent Mark Cleanup 0.179ms
[23.282s][info ][gc                ] GC(53) Pause Cleanup 58M->58M(1028M) 0.271ms
[23.282s][info ][gc,cpu            ] GC(53) User=0.00s Sys=0.00s Real=0.00s
[23.282s][info ][gc,marking        ] GC(53) Concurrent Cleanup for Next Mark
[23.283s][debug][gc,ergo           ] GC(53) Running G1 Clear Bitmap with 1 workers for 17 work units.
[23.284s][info ][gc,marking        ] GC(53) Concurrent Cleanup for Next Mark 1.793ms
[23.284s][info ][gc                ] GC(53) Concurrent Cycle 30.068ms
[23.370s][debug][gc,ergo,ihop      ] Request concurrent cycle initiation (occupancy higher than threshold) occupancy: 37748736B allocation request: 524304B threshold: 0B (0.00) source: concurrent humongous allocation
[23.370s][debug][gc,ergo           ] Request concurrent cycle initiation (requested by GC cause). GC cause: G1 Humongous Allocation
[23.370s][debug][gc,heap           ] GC(54) Heap before GC invocations=54 (full 0): garbage-first heap   total 1052672K, used 64000K [0x0000000780000000, 0x0000000800000000)
[23.370s][debug][gc,heap           ] GC(54)   region size 1024K, 28 young (28672K), 17 survivors (17408K)
[23.370s][debug][gc,heap           ] GC(54)  Metaspace       used 13173K, capacity 13592K, committed 13824K, reserved 1060864K
[23.370s][debug][gc,heap           ] GC(54)   class space    used 1352K, capacity 1515K, committed 1536K, reserved 1048576K
[23.370s][debug][gc,ergo           ] GC(54) Initiate concurrent cycle (concurrent cycle initiation requested)
[23.370s][info ][gc,start          ] GC(54) Pause Young (Concurrent Start) (G1 Humongous Allocation)
[23.370s][info ][gc,task           ] GC(54) Using 4 workers of 4 for evacuation
[23.370s][debug][gc,tlab           ] GC(54) TLAB totals: thrds: 1  refills: 31 max: 31 slow allocs: 3 max 3 waste:  0.9% gc: 80072B max: 80072B slow: 17672B max: 17672B fast: 0B max: 0B
[23.370s][debug][gc,alloc,region   ] GC(54) Mutator Allocation stats, regions: 11, wasted size: 0B ( 0.0%)
[23.370s][debug][gc,age            ] GC(54) Desired survivor size 25165824 bytes, new threshold 15 (max threshold 15)
[23.370s][debug][gc,ergo,cset      ] GC(54) Finish choosing CSet. old: 0 regions, predicted old region time: 0.00ms, time remaining: 176.31
[23.370s][debug][gc,task,stats     ] GC(54) GC Termination Stats
[23.370s][debug][gc,task,stats     ] GC(54)      elapsed  --strong roots-- -------termination------- ------waste (KiB)------
[23.370s][debug][gc,task,stats     ] GC(54) thr     ms        ms      %        ms      %    attempts  total   alloc    undo
[23.370s][debug][gc,task,stats     ] GC(54) --- --------- --------- ------ --------- ------ -------- ------- ------- -------
[23.391s][debug][gc,task,stats     ] GC(54)   0     20.44     18.09  88.51      0.00   0.02        5       0       0       0
[23.391s][debug][gc,task,stats     ] GC(54)   2     20.50     18.06  88.09      0.06   0.27        5       0       0       0
[23.391s][debug][gc,task,stats     ] GC(54)   1     20.56      4.58  22.26      0.01   0.06        7       0       0       0
[23.391s][debug][gc,task,stats     ] GC(54)   3     20.53     17.53  85.39      0.01   0.04        4       0       0       0
[23.391s][debug][gc,ergo           ] GC(54) Running G1 Clear Card Table Task using 1 workers for 1 units of work for 35 regions.
[23.391s][debug][gc,ref            ] GC(54) Skipped phase1 of Reference Processing due to unavailable references
[23.391s][debug][gc,ref            ] GC(54) Skipped phase2 of Reference Processing due to unavailable references
[23.391s][debug][gc,ref            ] GC(54) Skipped phase3 of Reference Processing due to unavailable references
[23.391s][debug][gc,ref            ] GC(54) Skipped phase4 of Reference Processing due to unavailable references
[23.391s][debug][gc,ergo           ] GC(54) Running G1 Free Collection Set using 1 workers for collection set length 28
[23.391s][debug][gc,humongous      ] GC(54) Live humongous region 8 object size 524304 start 0x0000000780800000  with remset 0 code roots 0 is marked 0 reclaim candidate 0 type array 0
[23.391s][debug][gc,humongous      ] GC(54) Live humongous region 13 object size 1048592 start 0x0000000780d00000  with remset 0 code roots 0 is marked 0 reclaim candidate 0 type array 0
[23.391s][debug][gc,plab           ] GC(54) Young PLAB allocation: allocated: 16777216B, wasted: 688B, unused: 1022560B, used: 15753968B, undo waste: 0B, 
[23.391s][debug][gc,plab           ] GC(54) Young other allocation: region end waste: 0B, regions filled: 16, direct allocated: 0B, failure used: 0B, failure wasted: 0B
[23.391s][debug][gc,plab           ] GC(54) Young sizing: calculated: 3150792B, actual: 3150656B
[23.391s][debug][gc,plab           ] GC(54) Old PLAB allocation: allocated: 0B, wasted: 0B, unused: 0B, used: 0B, undo waste: 0B, 
[23.391s][debug][gc,plab           ] GC(54) Old other allocation: region end waste: 0B, regions filled: 0, direct allocated: 0B, failure used: 0B, failure wasted: 0B
[23.391s][debug][gc,plab           ] GC(54) Old sizing: calculated: 0B, actual: 2064B
[23.391s][debug][gc,alloc,stats    ] Old generation allocation in the last mutator period, old gen allocated: 0B, humongous allocated: 3145728B,old gen growth: 0B.
[23.391s][debug][gc,ihop           ] GC(54) Basic information (value update), threshold: 0B (0.00), target occupancy: 1077936128B, current occupancy: 54525952B, recent allocation size: 3145728B, recent allocation duration: 113.82ms, recent old gen allocation rate: 27637752.55B/s, recent marking phase length: 232.15ms
[23.391s][debug][gc,ihop           ] GC(54) Adaptive IHOP information (value update), threshold: 0B (0.00), internal target occupancy: 1024039321B, occupancy: 54525952B, additional buffer size: 517996544B, predicted old gen allocation rate: 1998216982.75B/s, predicted marking phase length: 354.98ms, prediction active: true
[23.391s][debug][gc,ergo,refine    ] GC(54) Updated Refinement Zones: green: 26, yellow: 78, red: 130
[23.391s][info ][gc,phases         ] GC(54)   Pre Evacuate Collection Set: 0.1ms
[23.392s][debug][gc,phases         ] GC(54)     Prepare TLABs: 0.0ms
[23.392s][debug][gc,phases         ] GC(54)     Choose Collection Set: 0.0ms
[23.392s][debug][gc,phases         ] GC(54)     Humongous Register: 0.0ms
[23.392s][debug][gc,phases         ] GC(54)     Clear Claimed Marks: 0.1ms
[23.392s][info ][gc,phases         ] GC(54)   Evacuate Collection Set: 20.7ms
[23.392s][debug][gc,phases         ] GC(54)     Ext Root Scanning (ms):   Min:  0.5, Avg:  0.5, Max:  0.5, Diff:  0.1, Sum:  2.0, Workers: 4
[23.392s][debug][gc,phases         ] GC(54)     Update RS (ms):           Min:  1.0, Avg:  1.4, Max:  2.4, Diff:  1.4, Sum:  5.6, Workers: 4
[23.392s][debug][gc,phases         ] GC(54)       Processed Buffers:        Min: 2, Avg:  4.5, Max: 8, Diff: 6, Sum: 18, Workers: 4
[23.392s][debug][gc,phases         ] GC(54)       Scanned Cards:            Min: 512, Avg: 775.5, Max: 1566, Diff: 1054, Sum: 3102, Workers: 4
[23.392s][debug][gc,phases         ] GC(54)       Skipped Cards:            Min: 0, Avg: 195.5, Max: 782, Diff: 782, Sum: 782, Workers: 4
[23.392s][debug][gc,phases         ] GC(54)     Scan RS (ms):             Min:  0.0, Avg:  0.1, Max:  0.3, Diff:  0.3, Sum:  0.3, Workers: 4
[23.392s][debug][gc,phases         ] GC(54)       Scanned Cards:            Min: 0, Avg: 37.0, Max: 148, Diff: 148, Sum: 148, Workers: 4
[23.392s][debug][gc,phases         ] GC(54)       Claimed Cards:            Min: 0, Avg: 258.0, Max: 1032, Diff: 1032, Sum: 1032, Workers: 4
[23.392s][debug][gc,phases         ] GC(54)       Skipped Cards:            Min: 0, Avg:  0.0, Max: 0, Diff: 0, Sum: 0, Workers: 4
[23.392s][debug][gc,phases         ] GC(54)     Code Root Scanning (ms):  Min:  0.0, Avg:  0.0, Max:  0.0, Diff:  0.0, Sum:  0.0, Workers: 4
[23.392s][debug][gc,phases         ] GC(54)     JVMCI Root Scan (ms):     skipped
[23.392s][debug][gc,phases         ] GC(54)     Object Copy (ms):         Min: 17.1, Avg: 18.4, Max: 18.9, Diff:  1.7, Sum: 73.6, Workers: 4
[23.392s][debug][gc,phases         ] GC(54)     Termination (ms):         Min:  0.0, Avg:  0.0, Max:  0.1, Diff:  0.1, Sum:  0.1, Workers: 4
[23.392s][debug][gc,phases         ] GC(54)       Termination Attempts:     Min: 4, Avg:  5.2, Max: 7, Diff: 3, Sum: 21, Workers: 4
[23.392s][debug][gc,phases         ] GC(54)     GC Worker Other (ms):     Min:  0.1, Avg:  0.1, Max:  0.2, Diff:  0.1, Sum:  0.6, Workers: 4
[23.392s][debug][gc,phases         ] GC(54)     GC Worker Total (ms):     Min: 20.5, Avg: 20.5, Max: 20.6, Diff:  0.1, Sum: 82.2, Workers: 4
[23.392s][info ][gc,phases         ] GC(54)   Post Evacuate Collection Set: 0.3ms
[23.392s][debug][gc,phases         ] GC(54)     Code Roots Fixup: 0.0ms
[23.392s][debug][gc,phases         ] GC(54)     Clear Card Table: 0.0ms
[23.392s][debug][gc,phases         ] GC(54)     Reference Processing: 0.0ms
[23.392s][debug][gc,phases,ref     ] GC(54)       Reconsider SoftReferences: 0.0ms
[23.392s][debug][gc,phases,ref     ] GC(54)         SoftRef (ms):             skipped
[23.392s][debug][gc,phases,ref     ] GC(54)       Notify Soft/WeakReferences: 0.0ms
[23.392s][debug][gc,phases,ref     ] GC(54)         SoftRef (ms):             skipped
[23.392s][debug][gc,phases,ref     ] GC(54)         WeakRef (ms):             skipped
[23.392s][debug][gc,phases,ref     ] GC(54)         FinalRef (ms):            skipped
[23.392s][debug][gc,phases,ref     ] GC(54)         Total (ms):               skipped
[23.392s][debug][gc,phases,ref     ] GC(54)       Notify and keep alive finalizable: 0.0ms
[23.392s][debug][gc,phases,ref     ] GC(54)         FinalRef (ms):            skipped
[23.392s][debug][gc,phases,ref     ] GC(54)       Notify PhantomReferences: 0.0ms
[23.392s][debug][gc,phases,ref     ] GC(54)         PhantomRef (ms):          skipped
[23.392s][debug][gc,phases,ref     ] GC(54)       SoftReference:
[23.392s][debug][gc,phases,ref     ] GC(54)         Discovered: 0
[23.392s][debug][gc,phases,ref     ] GC(54)         Cleared: 0
[23.392s][debug][gc,phases,ref     ] GC(54)       WeakReference:
[23.392s][debug][gc,phases,ref     ] GC(54)         Discovered: 0
[23.392s][debug][gc,phases,ref     ] GC(54)         Cleared: 0
[23.392s][debug][gc,phases,ref     ] GC(54)       FinalReference:
[23.392s][debug][gc,phases,ref     ] GC(54)         Discovered: 0
[23.392s][debug][gc,phases,ref     ] GC(54)         Cleared: 0
[23.392s][debug][gc,phases,ref     ] GC(54)       PhantomReference:
[23.392s][debug][gc,phases,ref     ] GC(54)         Discovered: 0
[23.392s][debug][gc,phases,ref     ] GC(54)         Cleared: 0
[23.392s][debug][gc,phases         ] GC(54)     Weak Processing: 0.0ms
[23.392s][debug][gc,phases         ] GC(54)     Merge Per-Thread State: 0.0ms
[23.392s][debug][gc,phases         ] GC(54)     Code Roots Purge: 0.0ms
[23.392s][debug][gc,phases         ] GC(54)     Redirty Cards: 0.0ms
[23.392s][debug][gc,phases         ] GC(54)     DerivedPointerTable Update: 0.0ms
[23.392s][debug][gc,phases         ] GC(54)     Free Collection Set: 0.1ms
[23.392s][debug][gc,phases         ] GC(54)     Humongous Reclaim: 0.0ms
[23.392s][debug][gc,phases         ] GC(54)     Start New Collection Set: 0.0ms
[23.392s][debug][gc,phases         ] GC(54)     Resize TLABs: 0.0ms
[23.392s][debug][gc,phases         ] GC(54)     Expand Heap After Collection: 0.0ms
[23.392s][info ][gc,phases         ] GC(54)   Other: 0.5ms
[23.392s][info ][gc,heap           ] GC(54) Eden regions: 11->0(478)
[23.392s][info ][gc,heap           ] GC(54) Survivor regions: 17->16(48)
[23.392s][info ][gc,heap           ] GC(54) Old regions: 33->33
[23.392s][info ][gc,heap           ] GC(54) Humongous regions: 3->3
[23.392s][info ][gc,metaspace      ] GC(54) Metaspace: 13173K->13173K(1060864K)
[23.392s][debug][gc,heap           ] GC(54) Heap after GC invocations=55 (full 0): garbage-first heap   total 1052672K, used 53248K [0x0000000780000000, 0x0000000800000000)
[23.392s][debug][gc,heap           ] GC(54)   region size 1024K, 16 young (16384K), 16 survivors (16384K)
[23.392s][debug][gc,heap           ] GC(54)  Metaspace       used 13173K, capacity 13592K, committed 13824K, reserved 1060864K
[23.392s][debug][gc,heap           ] GC(54)   class space    used 1352K, capacity 1515K, committed 1536K, reserved 1048576K
[23.392s][info ][gc                ] GC(54) Pause Young (Concurrent Start) (G1 Humongous Allocation) 63M->52M(1028M) 22.332ms
[23.392s][info ][gc,cpu            ] GC(54) User=0.08s Sys=0.00s Real=0.02s
[23.392s][info ][gc                ] GC(55) Concurrent Cycle
[23.392s][info ][gc,marking        ] GC(55) Concurrent Clear Claimed Marks
[23.393s][info ][gc,marking        ] GC(55) Concurrent Clear Claimed Marks 0.073ms
[23.393s][info ][gc,marking        ] GC(55) Concurrent Scan Root Regions
[23.393s][debug][gc,ergo           ] GC(55) Running G1 Root Region Scan using 1 workers for 16 work units.
[23.404s][info ][gc,marking        ] GC(55) Concurrent Scan Root Regions 11.817ms
[23.405s][info ][gc,marking        ] GC(55) Concurrent Mark (23.405s)
[23.405s][info ][gc,marking        ] GC(55) Concurrent Mark From Roots
[23.405s][info ][gc,task           ] GC(55) Using 1 workers of 1 for marking
[23.413s][debug][gc,stats          ] ---------------------------------------------------------------------
[23.413s][debug][gc,stats          ] Marking Stats, task = 0, calls = 1
[23.413s][debug][gc,stats          ]   Elapsed time = 8.47ms, Termination time = 0.00ms
[23.413s][debug][gc,stats          ]   Step Times (cum): num = 347, avg = 0.52ms, sd = 1.96ms max = 9.74ms, total = 181.31ms
[23.413s][debug][gc,stats          ]   Mark Stats Cache: hits 60137 misses 32 ratio 99.947
[23.413s][debug][gc,stats          ] ---------------------------------------------------------------------
[23.413s][info ][gc,marking        ] GC(55) Concurrent Mark From Roots 8.655ms
[23.413s][info ][gc,marking        ] GC(55) Concurrent Preclean
[23.413s][debug][gc,ref,start      ] GC(55) Preclean SoftReferences
[23.413s][debug][gc,ref            ] GC(55) Preclean SoftReferences 0.017ms
[23.413s][debug][gc,ref,start      ] GC(55) Preclean WeakReferences
[23.413s][debug][gc,ref            ] GC(55) Preclean WeakReferences 0.017ms
[23.413s][debug][gc,ref,start      ] GC(55) Preclean FinalReferences
[23.413s][debug][gc,ref            ] GC(55) Preclean FinalReferences 0.013ms
[23.413s][debug][gc,ref,start      ] GC(55) Preclean PhantomReferences
[23.413s][debug][gc,ref            ] GC(55) Preclean PhantomReferences 0.013ms
[23.413s][info ][gc,marking        ] GC(55) Concurrent Preclean 0.113ms
[23.413s][info ][gc,marking        ] GC(55) Concurrent Mark (23.405s, 23.413s) 8.844ms
[23.413s][info ][gc,start          ] GC(55) Pause Remark
[23.413s][debug][gc,phases,start   ] GC(55) Finalize Marking
[23.414s][debug][gc,stats          ] ---------------------------------------------------------------------
[23.414s][debug][gc,stats          ] Marking Stats, task = 0, calls = 18
[23.414s][debug][gc,stats          ]   Elapsed time = 0.06ms, Termination time = 0.05ms
[23.414s][debug][gc,stats          ]   Step Times (cum): num = 364, avg = 0.50ms, sd = 1.91ms max = 9.74ms, total = 181.37ms
[23.414s][debug][gc,stats          ]   Mark Stats Cache: hits 60137 misses 32 ratio 99.947
[23.414s][debug][gc,stats          ] ---------------------------------------------------------------------
[23.414s][debug][gc,stats          ] Marking Stats, task = 1, calls = 1
[23.414s][debug][gc,stats          ]   Elapsed time = 0.07ms, Termination time = 0.06ms
[23.414s][debug][gc,stats          ]   Step Times (cum): num = 21, avg = 0.21ms, sd = 0.25ms max = 0.77ms, total = 4.46ms
[23.414s][debug][gc,stats          ]   Mark Stats Cache: hits 35 misses 2 ratio 94.595
[23.414s][debug][gc,stats          ] ---------------------------------------------------------------------
[23.414s][debug][gc,stats          ] Marking Stats, task = 2, calls = 1
[23.414s][debug][gc,stats          ]   Elapsed time = 0.01ms, Termination time = 0.00ms
[23.414s][debug][gc,stats          ]   Step Times (cum): num = 20, avg = 0.18ms, sd = 0.26ms max = 0.75ms, total = 3.64ms
[23.414s][debug][gc,stats          ]   Mark Stats Cache: hits 83 misses 3 ratio 96.512
[23.414s][debug][gc,stats          ] ---------------------------------------------------------------------
[23.414s][debug][gc,stats          ] Marking Stats, task = 3, calls = 1
[23.414s][debug][gc,stats          ]   Elapsed time = 0.01ms, Termination time = 0.00ms
[23.414s][debug][gc,stats          ]   Step Times (cum): num = 18, avg = 0.00ms, sd = 0.00ms max = 0.02ms, total = 0.08ms
[23.414s][debug][gc,stats          ]   Mark Stats Cache: hits 80 misses 2 ratio 97.561
[23.414s][debug][gc,stats          ] ---------------------------------------------------------------------
[23.414s][debug][gc,phases         ] GC(55) Finalize Marking 0.323ms
[23.414s][debug][gc,phases,start   ] GC(55) Reference Processing
[23.414s][debug][gc,ref            ] GC(55) Skipped phase1 of Reference Processing due to unavailable references
[23.414s][debug][gc,ref            ] GC(55) Skipped phase2 of Reference Processing due to unavailable references
[23.414s][debug][gc,ref            ] GC(55) Skipped phase3 of Reference Processing due to unavailable references
[23.414s][debug][gc,ref            ] GC(55) Skipped phase4 of Reference Processing due to unavailable references
[23.414s][debug][gc,phases,ref     ] GC(55) Reference Processing: 0.0ms
[23.414s][debug][gc,phases,ref     ] GC(55)   Reconsider SoftReferences: 0.0ms
[23.414s][debug][gc,phases,ref     ] GC(55)     SoftRef (ms):             skipped
[23.414s][debug][gc,phases,ref     ] GC(55)   Notify Soft/WeakReferences: 0.0ms
[23.414s][debug][gc,phases,ref     ] GC(55)     SoftRef (ms):             skipped
[23.414s][debug][gc,phases,ref     ] GC(55)     WeakRef (ms):             skipped
[23.414s][debug][gc,phases,ref     ] GC(55)     FinalRef (ms):            skipped
[23.414s][debug][gc,phases,ref     ] GC(55)     Total (ms):               skipped
[23.414s][debug][gc,phases,ref     ] GC(55)   Notify and keep alive finalizable: 0.0ms
[23.414s][debug][gc,phases,ref     ] GC(55)     FinalRef (ms):            skipped
[23.414s][debug][gc,phases,ref     ] GC(55)   Notify PhantomReferences: 0.0ms
[23.414s][debug][gc,phases,ref     ] GC(55)     PhantomRef (ms):          skipped
[23.414s][debug][gc,phases,ref     ] GC(55)   SoftReference:
[23.414s][debug][gc,phases,ref     ] GC(55)     Discovered: 0
[23.414s][debug][gc,phases,ref     ] GC(55)     Cleared: 0
[23.414s][debug][gc,phases,ref     ] GC(55)   WeakReference:
[23.414s][debug][gc,phases,ref     ] GC(55)     Discovered: 0
[23.414s][debug][gc,phases,ref     ] GC(55)     Cleared: 0
[23.414s][debug][gc,phases,ref     ] GC(55)   FinalReference:
[23.414s][debug][gc,phases,ref     ] GC(55)     Discovered: 0
[23.414s][debug][gc,phases,ref     ] GC(55)     Cleared: 0
[23.414s][debug][gc,phases,ref     ] GC(55)   PhantomReference:
[23.414s][debug][gc,phases,ref     ] GC(55)     Discovered: 0
[23.414s][debug][gc,phases,ref     ] GC(55)     Cleared: 0
[23.414s][debug][gc,phases         ] GC(55) Reference Processing 0.295ms
[23.414s][debug][gc,phases,start   ] GC(55) Weak Processing
[23.414s][debug][gc,phases         ] GC(55) Weak Processing 0.023ms
[23.414s][debug][gc,phases,start   ] GC(55) Class Unloading
[23.414s][debug][gc,phases,start   ] GC(55) ClassLoaderData
[23.414s][debug][gc,phases         ] GC(55) ClassLoaderData 0.052ms
[23.414s][debug][gc,phases,start   ] GC(55) ProtectionDomainCacheTable
[23.414s][debug][gc,phases         ] GC(55) ProtectionDomainCacheTable 0.012ms
[23.416s][info ][gc,stringtable    ] GC(55) Cleaned string and symbol table, strings: 6128 processed, 0 removed, symbols: 45233 processed, 0 removed
[23.416s][debug][gc,phases         ] GC(55) Class Unloading 1.463ms
[23.416s][debug][gc,phases,start   ] GC(55) Flush Task Caches
[23.416s][debug][gc,stats          ] Mark stats cache hits 60335 misses 39 ratio 99.935
[23.416s][debug][gc,phases         ] GC(55) Flush Task Caches 0.034ms
[23.416s][debug][gc,phases,start   ] GC(55) Update Remembered Set Tracking Before Rebuild
[23.416s][debug][gc,ergo           ] GC(55) Running G1 Update RemSet Tracking Before Rebuild using 3 workers for 1028 regions in heap
[23.416s][debug][gc,remset,tracking] GC(55) Remembered Set Tracking update regions total 1028, selected 33
[23.416s][debug][gc,phases         ] GC(55) Update Remembered Set Tracking Before Rebuild 0.195ms
[23.416s][debug][gc,phases,start   ] GC(55) Reclaim Empty Regions
[23.416s][debug][gc                ] GC(55) Reclaimed 3 empty regions
[23.416s][debug][gc,phases         ] GC(55) Reclaim Empty Regions 0.170ms
[23.416s][debug][gc,phases,start   ] GC(55) Purge Metaspace
[23.416s][debug][gc,phases         ] GC(55) Purge Metaspace 0.012ms
[23.416s][debug][gc,phases,start   ] GC(55) Report Object Count
[23.416s][debug][gc,phases         ] GC(55) Report Object Count 0.011ms
[23.416s][info ][gc                ] GC(55) Pause Remark 60M->57M(1028M) 2.684ms
[23.416s][info ][gc,cpu            ] GC(55) User=0.00s Sys=0.00s Real=0.01s
[23.416s][info ][gc,marking        ] GC(55) Concurrent Rebuild Remembered Sets
[23.425s][info ][gc,marking        ] GC(55) Concurrent Rebuild Remembered Sets 8.607ms
[23.425s][info ][gc,start          ] GC(55) Pause Cleanup
[23.425s][debug][gc,phases,start   ] GC(55) Update Remembered Set Tracking After Rebuild
[23.425s][debug][gc,phases         ] GC(55) Update Remembered Set Tracking After Rebuild 0.064ms
[23.425s][debug][gc,phases,start   ] GC(55) Finalize Concurrent Mark Cleanup
[23.425s][debug][gc,ergo           ] GC(55) request young-only gcs (reclaimable percentage not over threshold). candidate old regions: 32 reclaimable: 31914176 (2.96) threshold: 5
[23.425s][debug][gc,phases         ] GC(55) Finalize Concurrent Mark Cleanup 0.189ms
[23.425s][info ][gc                ] GC(55) Pause Cleanup 57M->57M(1028M) 0.354ms
[23.425s][info ][gc,cpu            ] GC(55) User=0.00s Sys=0.00s Real=0.00s
[23.425s][info ][gc,marking        ] GC(55) Concurrent Cleanup for Next Mark
[23.425s][debug][gc,ergo           ] GC(55) Running G1 Clear Bitmap with 1 workers for 17 work units.
[23.427s][info ][gc,marking        ] GC(55) Concurrent Cleanup for Next Mark 1.625ms
[23.427s][info ][gc                ] GC(55) Concurrent Cycle 34.706ms
[23.507s][debug][gc,ergo,ihop      ] Request concurrent cycle initiation (occupancy higher than threshold) occupancy: 37748736B allocation request: 524304B threshold: 0B (0.00) source: concurrent humongous allocation
[23.508s][debug][gc,ergo           ] Request concurrent cycle initiation (requested by GC cause). GC cause: G1 Humongous Allocation
[23.508s][debug][gc,heap           ] GC(56) Heap before GC invocations=56 (full 0): garbage-first heap   total 1052672K, used 63488K [0x0000000780000000, 0x0000000800000000)
[23.508s][debug][gc,heap           ] GC(56)   region size 1024K, 27 young (27648K), 16 survivors (16384K)
[23.508s][debug][gc,heap           ] GC(56)  Metaspace       used 13173K, capacity 13592K, committed 13824K, reserved 1060864K
[23.508s][debug][gc,heap           ] GC(56)   class space    used 1352K, capacity 1515K, committed 1536K, reserved 1048576K
[23.508s][debug][gc,ergo           ] GC(56) Initiate concurrent cycle (concurrent cycle initiation requested)
[23.508s][info ][gc,start          ] GC(56) Pause Young (Concurrent Start) (G1 Humongous Allocation)
[23.508s][info ][gc,task           ] GC(56) Using 4 workers of 4 for evacuation
[23.508s][debug][gc,tlab           ] GC(56) TLAB totals: thrds: 1  refills: 31 max: 31 slow allocs: 3 max 3 waste:  0.9% gc: 80072B max: 80072B slow: 17672B max: 17672B fast: 0B max: 0B
[23.508s][debug][gc,alloc,region   ] GC(56) Mutator Allocation stats, regions: 11, wasted size: 0B ( 0.0%)
[23.508s][debug][gc,age            ] GC(56) Desired survivor size 32505856 bytes, new threshold 15 (max threshold 15)
[23.508s][debug][gc,ergo,cset      ] GC(56) Finish choosing CSet. old: 0 regions, predicted old region time: 0.00ms, time remaining: 170.86
[23.508s][debug][gc,task,stats     ] GC(56) GC Termination Stats
[23.508s][debug][gc,task,stats     ] GC(56)      elapsed  --strong roots-- -------termination------- ------waste (KiB)------
[23.508s][debug][gc,task,stats     ] GC(56) thr     ms        ms      %        ms      %    attempts  total   alloc    undo
[23.508s][debug][gc,task,stats     ] GC(56) --- --------- --------- ------ --------- ------ -------- ------- ------- -------
[23.532s][debug][gc,task,stats     ] GC(56)   1     23.01     20.82  90.50      0.00   0.01        4       0       0       0
[23.532s][debug][gc,task,stats     ] GC(56)   0     23.24     20.66  88.89      0.03   0.11        3       0       0       0
[23.532s][debug][gc,task,stats     ] GC(56)   2     22.55      4.58  20.30      0.02   0.08        8       0       0       0
[23.532s][debug][gc,task,stats     ] GC(56)   3     22.43     17.78  79.27      0.02   0.08        4       0       0       0
[23.532s][debug][gc,ergo           ] GC(56) Running G1 Clear Card Table Task using 1 workers for 1 units of work for 34 regions.
[23.532s][debug][gc,ref            ] GC(56) Skipped phase1 of Reference Processing due to unavailable references
[23.532s][debug][gc,ref            ] GC(56) Skipped phase2 of Reference Processing due to unavailable references
[23.532s][debug][gc,ref            ] GC(56) Skipped phase3 of Reference Processing due to unavailable references
[23.532s][debug][gc,ref            ] GC(56) Skipped phase4 of Reference Processing due to unavailable references
[23.532s][debug][gc,ergo           ] GC(56) Running G1 Free Collection Set using 1 workers for collection set length 27
[23.532s][debug][gc,humongous      ] GC(56) Live humongous region 5 object size 524304 start 0x0000000780500000  with remset 0 code roots 0 is marked 0 reclaim candidate 0 type array 0
[23.532s][debug][gc,humongous      ] GC(56) Live humongous region 6 object size 1048592 start 0x0000000780600000  with remset 0 code roots 0 is marked 0 reclaim candidate 0 type array 0
[23.533s][debug][gc,plab           ] GC(56) Young PLAB allocation: allocated: 16777216B, wasted: 712B, unused: 1022536B, used: 15753968B, undo waste: 0B, 
[23.533s][debug][gc,plab           ] GC(56) Young other allocation: region end waste: 0B, regions filled: 16, direct allocated: 0B, failure used: 0B, failure wasted: 0B
[23.533s][debug][gc,plab           ] GC(56) Young sizing: calculated: 3150792B, actual: 3150752B
[23.533s][debug][gc,plab           ] GC(56) Old PLAB allocation: allocated: 0B, wasted: 0B, unused: 0B, used: 0B, undo waste: 0B, 
[23.533s][debug][gc,plab           ] GC(56) Old other allocation: region end waste: 0B, regions filled: 0, direct allocated: 0B, failure used: 0B, failure wasted: 0B
[23.533s][debug][gc,plab           ] GC(56) Old sizing: calculated: 0B, actual: 2064B
[23.533s][debug][gc,ergo,heap      ] GC(56) Attempt heap expansion (recent GC overhead higher than threshold after GC) recent GC overhead: 11.27 % threshold: 7.69 % uncommitted: 1069547520B base expansion amount and scale: 213909504B (46.50%)
[23.533s][debug][gc,ergo,heap      ] GC(56) Expand the heap. requested expansion amount: 99469425B expansion amount: 99614720B
[23.535s][debug][gc,ihop           ] GC(56) Target occupancy update: old: 1077936128B, new: 1177550848B
[23.535s][debug][gc,alloc,stats    ] Old generation allocation in the last mutator period, old gen allocated: 0B, humongous allocated: 3145728B,old gen growth: 0B.
[23.535s][debug][gc,ihop           ] GC(56) Basic information (value update), threshold: 0B (0.00), target occupancy: 1177550848B, current occupancy: 54525952B, recent allocation size: 3145728B, recent allocation duration: 113.53ms, recent old gen allocation rate: 27709415.81B/s, recent marking phase length: 232.15ms
[23.535s][debug][gc,ihop           ] GC(56) Adaptive IHOP information (value update), threshold: 0B (0.00), internal target occupancy: 1118673305B, occupancy: 54525952B, additional buffer size: 433061888B, predicted old gen allocation rate: 1931910974.87B/s, predicted marking phase length: 354.98ms, prediction active: true
[23.535s][debug][gc,ergo,refine    ] GC(56) Updated Refinement Zones: green: 26, yellow: 78, red: 130
[23.535s][info ][gc,phases         ] GC(56)   Pre Evacuate Collection Set: 0.2ms
[23.535s][debug][gc,phases         ] GC(56)     Prepare TLABs: 0.0ms
[23.535s][debug][gc,phases         ] GC(56)     Choose Collection Set: 0.0ms
[23.535s][debug][gc,phases         ] GC(56)     Humongous Register: 0.0ms
[23.535s][debug][gc,phases         ] GC(56)     Clear Claimed Marks: 0.1ms
[23.535s][info ][gc,phases         ] GC(56)   Evacuate Collection Set: 23.6ms
[23.535s][debug][gc,phases         ] GC(56)     Ext Root Scanning (ms):   Min:  0.1, Avg:  0.8, Max:  1.2, Diff:  1.1, Sum:  3.3, Workers: 4
[23.535s][debug][gc,phases         ] GC(56)     Update RS (ms):           Min:  1.2, Avg:  1.4, Max:  1.9, Diff:  0.7, Sum:  5.7, Workers: 4
[23.535s][debug][gc,phases         ] GC(56)       Processed Buffers:        Min: 3, Avg:  4.5, Max: 7, Diff: 4, Sum: 18, Workers: 4
[23.535s][debug][gc,phases         ] GC(56)       Scanned Cards:            Min: 512, Avg: 775.5, Max: 1310, Diff: 798, Sum: 3102, Workers: 4
[23.535s][debug][gc,phases         ] GC(56)       Skipped Cards:            Min: 0, Avg: 195.5, Max: 271, Diff: 271, Sum: 782, Workers: 4
[23.535s][debug][gc,phases         ] GC(56)     Scan RS (ms):             Min:  0.0, Avg:  0.1, Max:  0.3, Diff:  0.3, Sum:  0.3, Workers: 4
[23.535s][debug][gc,phases         ] GC(56)       Scanned Cards:            Min: 0, Avg: 40.5, Max: 162, Diff: 162, Sum: 162, Workers: 4
[23.535s][debug][gc,phases         ] GC(56)       Claimed Cards:            Min: 0, Avg: 242.2, Max: 969, Diff: 969, Sum: 969, Workers: 4
[23.535s][debug][gc,phases         ] GC(56)       Skipped Cards:            Min: 0, Avg:  0.0, Max: 0, Diff: 0, Sum: 0, Workers: 4
[23.535s][debug][gc,phases         ] GC(56)     Code Root Scanning (ms):  Min:  0.0, Avg:  0.0, Max:  0.0, Diff:  0.0, Sum:  0.0, Workers: 4
[23.535s][debug][gc,phases         ] GC(56)     JVMCI Root Scan (ms):     skipped
[23.535s][debug][gc,phases         ] GC(56)     Object Copy (ms):         Min: 18.8, Avg: 20.2, Max: 20.8, Diff:  2.0, Sum: 80.9, Workers: 4
[23.535s][debug][gc,phases         ] GC(56)     Termination (ms):         Min:  0.0, Avg:  0.0, Max:  0.0, Diff:  0.0, Sum:  0.1, Workers: 4
[23.535s][debug][gc,phases         ] GC(56)       Termination Attempts:     Min: 3, Avg:  4.8, Max: 8, Diff: 5, Sum: 19, Workers: 4
[23.535s][debug][gc,phases         ] GC(56)     GC Worker Other (ms):     Min:  0.3, Avg:  0.3, Max:  0.3, Diff:  0.1, Sum:  1.2, Workers: 4
[23.535s][debug][gc,phases         ] GC(56)     GC Worker Total (ms):     Min: 22.5, Avg: 22.9, Max: 23.3, Diff:  0.8, Sum: 91.6, Workers: 4
[23.535s][info ][gc,phases         ] GC(56)   Post Evacuate Collection Set: 2.6ms
[23.535s][debug][gc,phases         ] GC(56)     Code Roots Fixup: 0.0ms
[23.535s][debug][gc,phases         ] GC(56)     Clear Card Table: 0.1ms
[23.535s][debug][gc,phases         ] GC(56)     Reference Processing: 0.2ms
[23.535s][debug][gc,phases,ref     ] GC(56)       Reconsider SoftReferences: 0.0ms
[23.535s][debug][gc,phases,ref     ] GC(56)         SoftRef (ms):             skipped
[23.535s][debug][gc,phases,ref     ] GC(56)       Notify Soft/WeakReferences: 0.0ms
[23.535s][debug][gc,phases,ref     ] GC(56)         SoftRef (ms):             skipped
[23.535s][debug][gc,phases,ref     ] GC(56)         WeakRef (ms):             skipped
[23.535s][debug][gc,phases,ref     ] GC(56)         FinalRef (ms):            skipped
[23.535s][debug][gc,phases,ref     ] GC(56)         Total (ms):               skipped
[23.535s][debug][gc,phases,ref     ] GC(56)       Notify and keep alive finalizable: 0.0ms
[23.535s][debug][gc,phases,ref     ] GC(56)         FinalRef (ms):            skipped
[23.535s][debug][gc,phases,ref     ] GC(56)       Notify PhantomReferences: 0.1ms
[23.535s][debug][gc,phases,ref     ] GC(56)         PhantomRef (ms):          skipped
[23.535s][debug][gc,phases,ref     ] GC(56)       SoftReference:
[23.535s][debug][gc,phases,ref     ] GC(56)         Discovered: 0
[23.535s][debug][gc,phases,ref     ] GC(56)         Cleared: 0
[23.535s][debug][gc,phases,ref     ] GC(56)       WeakReference:
[23.535s][debug][gc,phases,ref     ] GC(56)         Discovered: 0
[23.535s][debug][gc,phases,ref     ] GC(56)         Cleared: 0
[23.535s][debug][gc,phases,ref     ] GC(56)       FinalReference:
[23.535s][debug][gc,phases,ref     ] GC(56)         Discovered: 0
[23.535s][debug][gc,phases,ref     ] GC(56)         Cleared: 0
[23.535s][debug][gc,phases,ref     ] GC(56)       PhantomReference:
[23.535s][debug][gc,phases,ref     ] GC(56)         Discovered: 0
[23.535s][debug][gc,phases,ref     ] GC(56)         Cleared: 0
[23.535s][debug][gc,phases         ] GC(56)     Weak Processing: 0.0ms
[23.535s][debug][gc,phases         ] GC(56)     Merge Per-Thread State: 0.0ms
[23.535s][debug][gc,phases         ] GC(56)     Code Roots Purge: 0.0ms
[23.535s][debug][gc,phases         ] GC(56)     Redirty Cards: 0.1ms
[23.535s][debug][gc,phases         ] GC(56)     DerivedPointerTable Update: 0.0ms
[23.535s][debug][gc,phases         ] GC(56)     Free Collection Set: 0.2ms
[23.535s][debug][gc,phases         ] GC(56)     Humongous Reclaim: 0.1ms
[23.535s][debug][gc,phases         ] GC(56)     Start New Collection Set: 0.0ms
[23.535s][debug][gc,phases         ] GC(56)     Resize TLABs: 0.0ms
[23.535s][debug][gc,phases         ] GC(56)     Expand Heap After Collection: 2.0ms
[23.535s][info ][gc,phases         ] GC(56)   Other: 0.8ms
[23.535s][info ][gc,heap           ] GC(56) Eden regions: 11->0(397)
[23.535s][info ][gc,heap           ] GC(56) Survivor regions: 16->16(62)
[23.535s][info ][gc,heap           ] GC(56) Old regions: 33->33
[23.535s][info ][gc,heap           ] GC(56) Humongous regions: 3->3
[23.535s][info ][gc,metaspace      ] GC(56) Metaspace: 13173K->13173K(1060864K)
[23.535s][debug][gc,heap           ] GC(56) Heap after GC invocations=57 (full 0): garbage-first heap   total 1149952K, used 53248K [0x0000000780000000, 0x0000000800000000)
[23.535s][debug][gc,heap           ] GC(56)   region size 1024K, 16 young (16384K), 16 survivors (16384K)
[23.536s][debug][gc,heap           ] GC(56)  Metaspace       used 13173K, capacity 13592K, committed 13824K, reserved 1060864K
[23.536s][debug][gc,heap           ] GC(56)   class space    used 1352K, capacity 1515K, committed 1536K, reserved 1048576K
[23.536s][info ][gc                ] GC(56) Pause Young (Concurrent Start) (G1 Humongous Allocation) 62M->52M(1123M) 27.746ms
[23.536s][info ][gc,cpu            ] GC(56) User=0.08s Sys=0.00s Real=0.03s
[23.536s][info ][gc                ] GC(57) Concurrent Cycle
[23.536s][info ][gc,marking        ] GC(57) Concurrent Clear Claimed Marks
[23.536s][info ][gc,marking        ] GC(57) Concurrent Clear Claimed Marks 0.106ms
[23.536s][info ][gc,marking        ] GC(57) Concurrent Scan Root Regions
[23.536s][debug][gc,ergo           ] GC(57) Running G1 Root Region Scan using 1 workers for 16 work units.
[23.549s][info ][gc,marking        ] GC(57) Concurrent Scan Root Regions 13.304ms
[23.549s][info ][gc,marking        ] GC(57) Concurrent Mark (23.549s)
[23.549s][info ][gc,marking        ] GC(57) Concurrent Mark From Roots
[23.549s][info ][gc,task           ] GC(57) Using 1 workers of 1 for marking
[23.557s][debug][gc,stats          ] ---------------------------------------------------------------------
[23.557s][debug][gc,stats          ] Marking Stats, task = 0, calls = 1
[23.557s][debug][gc,stats          ]   Elapsed time = 7.95ms, Termination time = 0.00ms
[23.557s][debug][gc,stats          ]   Step Times (cum): num = 365, avg = 0.52ms, sd = 1.95ms max = 9.74ms, total = 189.32ms
[23.557s][debug][gc,stats          ]   Mark Stats Cache: hits 57413 misses 31 ratio 99.946
[23.557s][debug][gc,stats          ] ---------------------------------------------------------------------
[23.557s][info ][gc,marking        ] GC(57) Concurrent Mark From Roots 8.138ms
[23.557s][info ][gc,marking        ] GC(57) Concurrent Preclean
[23.557s][debug][gc,ref,start      ] GC(57) Preclean SoftReferences
[23.557s][debug][gc,ref            ] GC(57) Preclean SoftReferences 0.017ms
[23.557s][debug][gc,ref,start      ] GC(57) Preclean WeakReferences
[23.557s][debug][gc,ref            ] GC(57) Preclean WeakReferences 0.018ms
[23.558s][debug][gc,ref,start      ] GC(57) Preclean FinalReferences
[23.558s][debug][gc,ref            ] GC(57) Preclean FinalReferences 0.013ms
[23.558s][debug][gc,ref,start      ] GC(57) Preclean PhantomReferences
[23.558s][debug][gc,ref            ] GC(57) Preclean PhantomReferences 0.013ms
[23.558s][info ][gc,marking        ] GC(57) Concurrent Preclean 0.114ms
[23.558s][info ][gc,marking        ] GC(57) Concurrent Mark (23.549s, 23.558s) 8.290ms
[23.558s][info ][gc,start          ] GC(57) Pause Remark
[23.558s][debug][gc,phases,start   ] GC(57) Finalize Marking
[23.558s][debug][gc,stats          ] ---------------------------------------------------------------------
[23.558s][debug][gc,stats          ] Marking Stats, task = 0, calls = 18
[23.558s][debug][gc,stats          ]   Elapsed time = 0.07ms, Termination time = 0.05ms
[23.558s][debug][gc,stats          ]   Step Times (cum): num = 382, avg = 0.50ms, sd = 1.91ms max = 9.74ms, total = 189.38ms
[23.558s][debug][gc,stats          ]   Mark Stats Cache: hits 57413 misses 31 ratio 99.946
[23.558s][debug][gc,stats          ] ---------------------------------------------------------------------
[23.558s][debug][gc,stats          ] Marking Stats, task = 1, calls = 1
[23.558s][debug][gc,stats          ]   Elapsed time = 0.07ms, Termination time = 0.06ms
[23.558s][debug][gc,stats          ]   Step Times (cum): num = 22, avg = 0.21ms, sd = 0.24ms max = 0.77ms, total = 4.52ms
[23.558s][debug][gc,stats          ]   Mark Stats Cache: hits 2910 misses 5 ratio 99.828
[23.558s][debug][gc,stats          ] ---------------------------------------------------------------------
[23.558s][debug][gc,stats          ] Marking Stats, task = 2, calls = 1
[23.558s][debug][gc,stats          ]   Elapsed time = 0.01ms, Termination time = 0.00ms
[23.558s][debug][gc,stats          ]   Step Times (cum): num = 21, avg = 0.17ms, sd = 0.26ms max = 0.75ms, total = 3.65ms
[23.558s][debug][gc,stats          ]   Mark Stats Cache: hits 14 misses 1 ratio 93.333
[23.558s][debug][gc,stats          ] ---------------------------------------------------------------------
[23.558s][debug][gc,stats          ] Marking Stats, task = 3, calls = 1
[23.558s][debug][gc,stats          ]   Elapsed time = 0.01ms, Termination time = 0.00ms
[23.558s][debug][gc,stats          ]   Step Times (cum): num = 19, avg = 0.00ms, sd = 0.00ms max = 0.02ms, total = 0.08ms
[23.558s][debug][gc,stats          ]   Mark Stats Cache: hits 0 misses 0 ratio 0.000
[23.558s][debug][gc,stats          ] ---------------------------------------------------------------------
[23.558s][debug][gc,phases         ] GC(57) Finalize Marking 0.359ms
[23.558s][debug][gc,phases,start   ] GC(57) Reference Processing
[23.558s][debug][gc,ref            ] GC(57) Skipped phase1 of Reference Processing due to unavailable references
[23.558s][debug][gc,ref            ] GC(57) Skipped phase2 of Reference Processing due to unavailable references
[23.558s][debug][gc,ref            ] GC(57) Skipped phase3 of Reference Processing due to unavailable references
[23.558s][debug][gc,ref            ] GC(57) Skipped phase4 of Reference Processing due to unavailable references
[23.558s][debug][gc,phases,ref     ] GC(57) Reference Processing: 0.0ms
[23.558s][debug][gc,phases,ref     ] GC(57)   Reconsider SoftReferences: 0.0ms
[23.558s][debug][gc,phases,ref     ] GC(57)     SoftRef (ms):             skipped
[23.558s][debug][gc,phases,ref     ] GC(57)   Notify Soft/WeakReferences: 0.0ms
[23.558s][debug][gc,phases,ref     ] GC(57)     SoftRef (ms):             skipped
[23.558s][debug][gc,phases,ref     ] GC(57)     WeakRef (ms):             skipped
[23.558s][debug][gc,phases,ref     ] GC(57)     FinalRef (ms):            skipped
[23.558s][debug][gc,phases,ref     ] GC(57)     Total (ms):               skipped
[23.558s][debug][gc,phases,ref     ] GC(57)   Notify and keep alive finalizable: 0.0ms
[23.558s][debug][gc,phases,ref     ] GC(57)     FinalRef (ms):            skipped
[23.558s][debug][gc,phases,ref     ] GC(57)   Notify PhantomReferences: 0.0ms
[23.558s][debug][gc,phases,ref     ] GC(57)     PhantomRef (ms):          skipped
[23.558s][debug][gc,phases,ref     ] GC(57)   SoftReference:
[23.558s][debug][gc,phases,ref     ] GC(57)     Discovered: 0
[23.558s][debug][gc,phases,ref     ] GC(57)     Cleared: 0
[23.558s][debug][gc,phases,ref     ] GC(57)   WeakReference:
[23.558s][debug][gc,phases,ref     ] GC(57)     Discovered: 0
[23.558s][debug][gc,phases,ref     ] GC(57)     Cleared: 0
[23.558s][debug][gc,phases,ref     ] GC(57)   FinalReference:
[23.558s][debug][gc,phases,ref     ] GC(57)     Discovered: 0
[23.558s][debug][gc,phases,ref     ] GC(57)     Cleared: 0
[23.558s][debug][gc,phases,ref     ] GC(57)   PhantomReference:
[23.558s][debug][gc,phases,ref     ] GC(57)     Discovered: 0
[23.558s][debug][gc,phases,ref     ] GC(57)     Cleared: 0
[23.558s][debug][gc,phases         ] GC(57) Reference Processing 0.304ms
[23.558s][debug][gc,phases,start   ] GC(57) Weak Processing
[23.558s][debug][gc,phases         ] GC(57) Weak Processing 0.024ms
[23.558s][debug][gc,phases,start   ] GC(57) Class Unloading
[23.558s][debug][gc,phases,start   ] GC(57) ClassLoaderData
[23.559s][debug][gc,phases         ] GC(57) ClassLoaderData 0.057ms
[23.559s][debug][gc,phases,start   ] GC(57) ProtectionDomainCacheTable
[23.559s][debug][gc,phases         ] GC(57) ProtectionDomainCacheTable 0.012ms
[23.560s][info ][gc,stringtable    ] GC(57) Cleaned string and symbol table, strings: 6128 processed, 0 removed, symbols: 45233 processed, 0 removed
[23.560s][debug][gc,phases         ] GC(57) Class Unloading 1.463ms
[23.560s][debug][gc,phases,start   ] GC(57) Flush Task Caches
[23.560s][debug][gc,stats          ] Mark stats cache hits 60337 misses 37 ratio 99.939
[23.560s][debug][gc,phases         ] GC(57) Flush Task Caches 0.035ms
[23.560s][debug][gc,phases,start   ] GC(57) Update Remembered Set Tracking Before Rebuild
[23.560s][debug][gc,ergo           ] GC(57) Running G1 Update RemSet Tracking Before Rebuild using 3 workers for 1123 regions in heap
[23.560s][debug][gc,remset,tracking] GC(57) Remembered Set Tracking update regions total 1123, selected 33
[23.560s][debug][gc,phases         ] GC(57) Update Remembered Set Tracking Before Rebuild 0.214ms
[23.560s][debug][gc,phases,start   ] GC(57) Reclaim Empty Regions
[23.560s][debug][gc                ] GC(57) Reclaimed 3 empty regions
[23.560s][debug][gc,phases         ] GC(57) Reclaim Empty Regions 0.149ms
[23.560s][debug][gc,phases,start   ] GC(57) Purge Metaspace
[23.560s][debug][gc,phases         ] GC(57) Purge Metaspace 0.013ms
[23.560s][debug][gc,phases,start   ] GC(57) Report Object Count
[23.560s][debug][gc,phases         ] GC(57) Report Object Count 0.020ms
[23.560s][info ][gc                ] GC(57) Pause Remark 60M->57M(1123M) 2.760ms
[23.560s][info ][gc,cpu            ] GC(57) User=0.01s Sys=0.00s Real=0.00s
[23.561s][info ][gc,marking        ] GC(57) Concurrent Rebuild Remembered Sets
[23.568s][info ][gc,marking        ] GC(57) Concurrent Rebuild Remembered Sets 7.749ms
[23.568s][info ][gc,start          ] GC(57) Pause Cleanup
[23.568s][debug][gc,phases,start   ] GC(57) Update Remembered Set Tracking After Rebuild
[23.569s][debug][gc,phases         ] GC(57) Update Remembered Set Tracking After Rebuild 0.046ms
[23.569s][debug][gc,phases,start   ] GC(57) Finalize Concurrent Mark Cleanup
[23.569s][debug][gc,ergo           ] GC(57) request young-only gcs (reclaimable percentage not over threshold). candidate old regions: 32 reclaimable: 31914176 (2.71) threshold: 5
[23.569s][debug][gc,phases         ] GC(57) Finalize Concurrent Mark Cleanup 0.195ms
[23.569s][info ][gc                ] GC(57) Pause Cleanup 57M->57M(1123M) 0.299ms
[23.569s][info ][gc,cpu            ] GC(57) User=0.00s Sys=0.00s Real=0.00s
[23.569s][info ][gc,marking        ] GC(57) Concurrent Cleanup for Next Mark
[23.569s][debug][gc,ergo           ] GC(57) Running G1 Clear Bitmap with 1 workers for 18 work units.
[23.572s][info ][gc,marking        ] GC(57) Concurrent Cleanup for Next Mark 2.926ms
[23.572s][info ][gc                ] GC(57) Concurrent Cycle 36.110ms
[23.663s][debug][gc,ergo,ihop      ] Request concurrent cycle initiation (occupancy higher than threshold) occupancy: 37748736B allocation request: 524304B threshold: 0B (0.00) source: concurrent humongous allocation
[23.664s][debug][gc,ergo           ] Request concurrent cycle initiation (requested by GC cause). GC cause: G1 Humongous Allocation
[23.664s][debug][gc,heap           ] GC(58) Heap before GC invocations=58 (full 0): garbage-first heap   total 1149952K, used 63488K [0x0000000780000000, 0x0000000800000000)
[23.664s][debug][gc,heap           ] GC(58)   region size 1024K, 27 young (27648K), 16 survivors (16384K)
[23.664s][debug][gc,heap           ] GC(58)  Metaspace       used 13180K, capacity 13598K, committed 13824K, reserved 1060864K
[23.664s][debug][gc,heap           ] GC(58)   class space    used 1352K, capacity 1515K, committed 1536K, reserved 1048576K
[23.664s][debug][gc,ergo           ] GC(58) Initiate concurrent cycle (concurrent cycle initiation requested)
[23.664s][info ][gc,start          ] GC(58) Pause Young (Concurrent Start) (G1 Humongous Allocation)
[23.664s][info ][gc,task           ] GC(58) Using 4 workers of 4 for evacuation
[23.664s][debug][gc,tlab           ] GC(58) TLAB totals: thrds: 3  refills: 32 max: 30 slow allocs: 3 max 3 waste:  4.5% gc: 493896B max: 218952B slow: 17016B max: 17016B fast: 0B max: 0B
[23.664s][debug][gc,alloc,region   ] GC(58) Mutator Allocation stats, regions: 11, wasted size: 0B ( 0.0%)
[23.664s][debug][gc,age            ] GC(58) Desired survivor size 27262976 bytes, new threshold 15 (max threshold 15)
[23.664s][debug][gc,ergo,cset      ] GC(58) Finish choosing CSet. old: 0 regions, predicted old region time: 0.00ms, time remaining: 175.22
[23.664s][debug][gc,task,stats     ] GC(58) GC Termination Stats
[23.664s][debug][gc,task,stats     ] GC(58)      elapsed  --strong roots-- -------termination------- ------waste (KiB)------
[23.664s][debug][gc,task,stats     ] GC(58) thr     ms        ms      %        ms      %    attempts  total   alloc    undo
[23.664s][debug][gc,task,stats     ] GC(58) --- --------- --------- ------ --------- ------ -------- ------- ------- -------
[23.696s][debug][gc,task,stats     ] GC(58)   1     31.87     26.97  84.63      0.00   0.00        1       0       0       0
[23.696s][debug][gc,task,stats     ] GC(58)   0     32.22      5.20  16.14      0.74   2.28        3       0       0       0
[23.696s][debug][gc,task,stats     ] GC(58)   3     31.88     26.78  84.01      0.77   2.40        1       0       0       0
[23.697s][debug][gc,task,stats     ] GC(58)   2     32.37     27.54  85.07      0.86   2.66        3       0       0       0
[23.697s][debug][gc,ergo           ] GC(58) Running G1 Clear Card Table Task using 1 workers for 1 units of work for 34 regions.
[23.697s][debug][gc,ref            ] GC(58) Skipped phase1 of Reference Processing due to unavailable references
[23.697s][debug][gc,ref            ] GC(58) Skipped phase2 of Reference Processing due to unavailable references
[23.697s][debug][gc,ref            ] GC(58) Skipped phase3 of Reference Processing due to unavailable references
[23.697s][debug][gc,ref            ] GC(58) Skipped phase4 of Reference Processing due to unavailable references
[23.697s][debug][gc,ergo           ] GC(58) Running G1 Free Collection Set using 1 workers for collection set length 27
[23.697s][debug][gc,humongous      ] GC(58) Live humongous region 8 object size 524304 start 0x0000000780800000  with remset 0 code roots 0 is marked 0 reclaim candidate 0 type array 0
[23.697s][debug][gc,humongous      ] GC(58) Live humongous region 13 object size 1048592 start 0x0000000780d00000  with remset 0 code roots 0 is marked 0 reclaim candidate 0 type array 0
[23.697s][debug][gc,plab           ] GC(58) Young PLAB allocation: allocated: 16777216B, wasted: 680B, unused: 1022232B, used: 15754304B, undo waste: 0B, 
[23.697s][debug][gc,plab           ] GC(58) Young other allocation: region end waste: 0B, regions filled: 16, direct allocated: 0B, failure used: 0B, failure wasted: 0B
[23.697s][debug][gc,plab           ] GC(58) Young sizing: calculated: 3150856B, actual: 3150824B
[23.697s][debug][gc,plab           ] GC(58) Old PLAB allocation: allocated: 0B, wasted: 0B, unused: 0B, used: 0B, undo waste: 0B, 
[23.697s][debug][gc,plab           ] GC(58) Old other allocation: region end waste: 0B, regions filled: 0, direct allocated: 0B, failure used: 0B, failure wasted: 0B
[23.697s][debug][gc,plab           ] GC(58) Old sizing: calculated: 0B, actual: 2064B
[23.697s][debug][gc,alloc,stats    ] Old generation allocation in the last mutator period, old gen allocated: 0B, humongous allocated: 3145728B,old gen growth: 0B.
[23.697s][debug][gc,ihop           ] GC(58) Basic information (value update), threshold: 79138305B (6.72), target occupancy: 1177550848B, current occupancy: 54525952B, recent allocation size: 3145728B, recent allocation duration: 126.26ms, recent old gen allocation rate: 24914121.41B/s, recent marking phase length: 232.15ms
[23.697s][debug][gc,ihop           ] GC(58) Adaptive IHOP information (value update), threshold: 79138305B (7.07), internal target occupancy: 1118673305B, occupancy: 54525952B, additional buffer size: 376438784B, predicted old gen allocation rate: 1868004776.02B/s, predicted marking phase length: 354.98ms, prediction active: true
[23.697s][debug][gc,ergo,refine    ] GC(58) Updated Refinement Zones: green: 26, yellow: 78, red: 130
[23.697s][info ][gc,phases         ] GC(58)   Pre Evacuate Collection Set: 0.1ms
[23.697s][debug][gc,phases         ] GC(58)     Prepare TLABs: 0.0ms
[23.697s][debug][gc,phases         ] GC(58)     Choose Collection Set: 0.0ms
[23.697s][debug][gc,phases         ] GC(58)     Humongous Register: 0.0ms
[23.697s][debug][gc,phases         ] GC(58)     Clear Claimed Marks: 0.0ms
[23.697s][info ][gc,phases         ] GC(58)   Evacuate Collection Set: 32.5ms
[23.697s][debug][gc,phases         ] GC(58)     Ext Root Scanning (ms):   Min:  0.2, Avg:  0.7, Max:  1.6, Diff:  1.5, Sum:  2.9, Workers: 4
[23.697s][debug][gc,phases         ] GC(58)     Update RS (ms):           Min:  1.0, Avg:  1.3, Max:  1.9, Diff:  1.0, Sum:  5.2, Workers: 4
[23.697s][debug][gc,phases         ] GC(58)       Processed Buffers:        Min: 3, Avg:  4.8, Max: 8, Diff: 5, Sum: 19, Workers: 4
[23.697s][debug][gc,phases         ] GC(58)       Scanned Cards:            Min: 512, Avg: 776.0, Max: 1312, Diff: 800, Sum: 3104, Workers: 4
[23.697s][debug][gc,phases         ] GC(58)       Skipped Cards:            Min: 0, Avg: 195.5, Max: 270, Diff: 270, Sum: 782, Workers: 4
[23.697s][debug][gc,phases         ] GC(58)     Scan RS (ms):             Min:  0.0, Avg:  0.1, Max:  0.3, Diff:  0.3, Sum:  0.3, Workers: 4
[23.697s][debug][gc,phases         ] GC(58)       Scanned Cards:            Min: 0, Avg: 30.2, Max: 121, Diff: 121, Sum: 121, Workers: 4
[23.697s][debug][gc,phases         ] GC(58)       Claimed Cards:            Min: 0, Avg: 246.5, Max: 986, Diff: 986, Sum: 986, Workers: 4
[23.697s][debug][gc,phases         ] GC(58)       Skipped Cards:            Min: 0, Avg:  0.0, Max: 0, Diff: 0, Sum: 0, Workers: 4
[23.697s][debug][gc,phases         ] GC(58)     Code Root Scanning (ms):  Min:  0.0, Avg:  0.0, Max:  0.0, Diff:  0.0, Sum:  0.0, Workers: 4
[23.697s][debug][gc,phases         ] GC(58)     JVMCI Root Scan (ms):     skipped
[23.697s][debug][gc,phases         ] GC(58)     Object Copy (ms):         Min: 27.6, Avg: 29.4, Max: 30.1, Diff:  2.5, Sum: 117.4, Workers: 4
[23.697s][debug][gc,phases         ] GC(58)     Termination (ms):         Min:  0.0, Avg:  0.6, Max:  0.9, Diff:  0.9, Sum:  2.4, Workers: 4
[23.697s][debug][gc,phases         ] GC(58)       Termination Attempts:     Min: 1, Avg:  2.0, Max: 3, Diff: 2, Sum: 8, Workers: 4
[23.697s][debug][gc,phases         ] GC(58)     GC Worker Other (ms):     Min:  0.1, Avg:  0.1, Max:  0.1, Diff:  0.0, Sum:  0.4, Workers: 4
[23.697s][debug][gc,phases         ] GC(58)     GC Worker Total (ms):     Min: 32.0, Avg: 32.2, Max: 32.4, Diff:  0.5, Sum: 128.6, Workers: 4
[23.697s][info ][gc,phases         ] GC(58)   Post Evacuate Collection Set: 0.3ms
[23.697s][debug][gc,phases         ] GC(58)     Code Roots Fixup: 0.0ms
[23.697s][debug][gc,phases         ] GC(58)     Clear Card Table: 0.0ms
[23.697s][debug][gc,phases         ] GC(58)     Reference Processing: 0.1ms
[23.697s][debug][gc,phases,ref     ] GC(58)       Reconsider SoftReferences: 0.0ms
[23.697s][debug][gc,phases,ref     ] GC(58)         SoftRef (ms):             skipped
[23.697s][debug][gc,phases,ref     ] GC(58)       Notify Soft/WeakReferences: 0.0ms
[23.697s][debug][gc,phases,ref     ] GC(58)         SoftRef (ms):             skipped
[23.697s][debug][gc,phases,ref     ] GC(58)         WeakRef (ms):             skipped
[23.697s][debug][gc,phases,ref     ] GC(58)         FinalRef (ms):            skipped
[23.697s][debug][gc,phases,ref     ] GC(58)         Total (ms):               skipped
[23.697s][debug][gc,phases,ref     ] GC(58)       Notify and keep alive finalizable: 0.0ms
[23.697s][debug][gc,phases,ref     ] GC(58)         FinalRef (ms):            skipped
[23.697s][debug][gc,phases,ref     ] GC(58)       Notify PhantomReferences: 0.0ms
[23.697s][debug][gc,phases,ref     ] GC(58)         PhantomRef (ms):          skipped
[23.697s][debug][gc,phases,ref     ] GC(58)       SoftReference:
[23.698s][debug][gc,phases,ref     ] GC(58)         Discovered: 0
[23.698s][debug][gc,phases,ref     ] GC(58)         Cleared: 0
[23.698s][debug][gc,phases,ref     ] GC(58)       WeakReference:
[23.698s][debug][gc,phases,ref     ] GC(58)         Discovered: 0
[23.698s][debug][gc,phases,ref     ] GC(58)         Cleared: 0
[23.698s][debug][gc,phases,ref     ] GC(58)       FinalReference:
[23.698s][debug][gc,phases,ref     ] GC(58)         Discovered: 0
[23.698s][debug][gc,phases,ref     ] GC(58)         Cleared: 0
[23.698s][debug][gc,phases,ref     ] GC(58)       PhantomReference:
[23.698s][debug][gc,phases,ref     ] GC(58)         Discovered: 0
[23.698s][debug][gc,phases,ref     ] GC(58)         Cleared: 0
[23.698s][debug][gc,phases         ] GC(58)     Weak Processing: 0.0ms
[23.698s][debug][gc,phases         ] GC(58)     Merge Per-Thread State: 0.0ms
[23.698s][debug][gc,phases         ] GC(58)     Code Roots Purge: 0.0ms
[23.698s][debug][gc,phases         ] GC(58)     Redirty Cards: 0.0ms
[23.698s][debug][gc,phases         ] GC(58)     DerivedPointerTable Update: 0.0ms
[23.698s][debug][gc,phases         ] GC(58)     Free Collection Set: 0.1ms
[23.698s][debug][gc,phases         ] GC(58)     Humongous Reclaim: 0.0ms
[23.698s][debug][gc,phases         ] GC(58)     Start New Collection Set: 0.0ms
[23.698s][debug][gc,phases         ] GC(58)     Resize TLABs: 0.0ms
[23.698s][debug][gc,phases         ] GC(58)     Expand Heap After Collection: 0.0ms
[23.698s][info ][gc,phases         ] GC(58)   Other: 0.5ms
[23.698s][info ][gc,heap           ] GC(58) Eden regions: 11->0(343)
[23.698s][info ][gc,heap           ] GC(58) Survivor regions: 16->16(52)
[23.698s][info ][gc,heap           ] GC(58) Old regions: 33->33
[23.698s][info ][gc,heap           ] GC(58) Humongous regions: 3->3
[23.698s][info ][gc,metaspace      ] GC(58) Metaspace: 13180K->13180K(1060864K)
[23.698s][debug][gc,heap           ] GC(58) Heap after GC invocations=59 (full 0): garbage-first heap   total 1149952K, used 53248K [0x0000000780000000, 0x0000000800000000)
[23.698s][debug][gc,heap           ] GC(58)   region size 1024K, 16 young (16384K), 16 survivors (16384K)
[23.698s][debug][gc,heap           ] GC(58)  Metaspace       used 13180K, capacity 13598K, committed 13824K, reserved 1060864K
[23.698s][debug][gc,heap           ] GC(58)   class space    used 1352K, capacity 1515K, committed 1536K, reserved 1048576K
[23.698s][info ][gc                ] GC(58) Pause Young (Concurrent Start) (G1 Humongous Allocation) 63M->52M(1123M) 34.069ms
[23.698s][info ][gc,cpu            ] GC(58) User=0.08s Sys=0.01s Real=0.04s
[23.698s][info ][gc                ] GC(59) Concurrent Cycle
[23.698s][info ][gc,marking        ] GC(59) Concurrent Clear Claimed Marks
[23.698s][info ][gc,marking        ] GC(59) Concurrent Clear Claimed Marks 0.052ms
[23.698s][info ][gc,marking        ] GC(59) Concurrent Scan Root Regions
[23.698s][debug][gc,ergo           ] GC(59) Running G1 Root Region Scan using 1 workers for 16 work units.
[23.709s][info ][gc,marking        ] GC(59) Concurrent Scan Root Regions 10.646ms
[23.709s][info ][gc,marking        ] GC(59) Concurrent Mark (23.709s)
[23.709s][info ][gc,marking        ] GC(59) Concurrent Mark From Roots
[23.709s][info ][gc,task           ] GC(59) Using 1 workers of 1 for marking
[23.718s][debug][gc,stats          ] ---------------------------------------------------------------------
[23.718s][debug][gc,stats          ] Marking Stats, task = 0, calls = 1
[23.718s][debug][gc,stats          ]   Elapsed time = 9.34ms, Termination time = 0.00ms
[23.718s][debug][gc,stats          ]   Step Times (cum): num = 383, avg = 0.52ms, sd = 1.96ms max = 9.74ms, total = 198.72ms
[23.718s][debug][gc,stats          ]   Mark Stats Cache: hits 57554 misses 31 ratio 99.946
[23.718s][debug][gc,stats          ] ---------------------------------------------------------------------
[23.718s][info ][gc,marking        ] GC(59) Concurrent Mark From Roots 9.599ms
[23.718s][info ][gc,marking        ] GC(59) Concurrent Preclean
[23.718s][debug][gc,ref,start      ] GC(59) Preclean SoftReferences
[23.718s][debug][gc,ref            ] GC(59) Preclean SoftReferences 0.020ms
[23.718s][debug][gc,ref,start      ] GC(59) Preclean WeakReferences
[23.718s][debug][gc,ref            ] GC(59) Preclean WeakReferences 0.024ms
[23.718s][debug][gc,ref,start      ] GC(59) Preclean FinalReferences
[23.718s][debug][gc,ref            ] GC(59) Preclean FinalReferences 0.013ms
[23.718s][debug][gc,ref,start      ] GC(59) Preclean PhantomReferences
[23.719s][debug][gc,ref            ] GC(59) Preclean PhantomReferences 0.013ms
[23.719s][info ][gc,marking        ] GC(59) Concurrent Preclean 0.128ms
[23.719s][info ][gc,marking        ] GC(59) Concurrent Mark (23.709s, 23.719s) 9.771ms
[23.719s][info ][gc,start          ] GC(59) Pause Remark
[23.719s][debug][gc,phases,start   ] GC(59) Finalize Marking
[23.719s][debug][gc,stats          ] ---------------------------------------------------------------------
[23.719s][debug][gc,stats          ] Marking Stats, task = 0, calls = 18
[23.719s][debug][gc,stats          ]   Elapsed time = 0.07ms, Termination time = 0.05ms
[23.719s][debug][gc,stats          ]   Step Times (cum): num = 400, avg = 0.50ms, sd = 1.92ms max = 9.74ms, total = 198.79ms
[23.719s][debug][gc,stats          ]   Mark Stats Cache: hits 57554 misses 31 ratio 99.946
[23.719s][debug][gc,stats          ] ---------------------------------------------------------------------
[23.719s][debug][gc,stats          ] Marking Stats, task = 1, calls = 1
[23.719s][debug][gc,stats          ]   Elapsed time = 0.08ms, Termination time = 0.06ms
[23.719s][debug][gc,stats          ]   Step Times (cum): num = 23, avg = 0.20ms, sd = 0.24ms max = 0.77ms, total = 4.59ms
[23.719s][debug][gc,stats          ]   Mark Stats Cache: hits 2772 misses 5 ratio 99.820
[23.719s][debug][gc,stats          ] ---------------------------------------------------------------------
[23.719s][debug][gc,stats          ] Marking Stats, task = 2, calls = 1
[23.719s][debug][gc,stats          ]   Elapsed time = 0.02ms, Termination time = 0.00ms
[23.719s][debug][gc,stats          ]   Step Times (cum): num = 22, avg = 0.17ms, sd = 0.25ms max = 0.75ms, total = 3.65ms
[23.719s][debug][gc,stats          ]   Mark Stats Cache: hits 11 misses 1 ratio 91.667
[23.719s][debug][gc,stats          ] ---------------------------------------------------------------------
[23.719s][debug][gc,stats          ] Marking Stats, task = 3, calls = 1
[23.719s][debug][gc,stats          ]   Elapsed time = 0.02ms, Termination time = 0.00ms
[23.719s][debug][gc,stats          ]   Step Times (cum): num = 20, avg = 0.00ms, sd = 0.00ms max = 0.02ms, total = 0.09ms
[23.719s][debug][gc,stats          ]   Mark Stats Cache: hits 0 misses 0 ratio 0.000
[23.719s][debug][gc,stats          ] ---------------------------------------------------------------------
[23.719s][debug][gc,phases         ] GC(59) Finalize Marking 0.348ms
[23.719s][debug][gc,phases,start   ] GC(59) Reference Processing
[23.719s][debug][gc,ref            ] GC(59) Skipped phase1 of Reference Processing due to unavailable references
[23.719s][debug][gc,ref            ] GC(59) Skipped phase2 of Reference Processing due to unavailable references
[23.719s][debug][gc,ref            ] GC(59) Skipped phase3 of Reference Processing due to unavailable references
[23.719s][debug][gc,ref            ] GC(59) Skipped phase4 of Reference Processing due to unavailable references
[23.719s][debug][gc,phases,ref     ] GC(59) Reference Processing: 0.0ms
[23.719s][debug][gc,phases,ref     ] GC(59)   Reconsider SoftReferences: 0.0ms
[23.719s][debug][gc,phases,ref     ] GC(59)     SoftRef (ms):             skipped
[23.719s][debug][gc,phases,ref     ] GC(59)   Notify Soft/WeakReferences: 0.0ms
[23.719s][debug][gc,phases,ref     ] GC(59)     SoftRef (ms):             skipped
[23.719s][debug][gc,phases,ref     ] GC(59)     WeakRef (ms):             skipped
[23.719s][debug][gc,phases,ref     ] GC(59)     FinalRef (ms):            skipped
[23.719s][debug][gc,phases,ref     ] GC(59)     Total (ms):               skipped
[23.719s][debug][gc,phases,ref     ] GC(59)   Notify and keep alive finalizable: 0.0ms
[23.719s][debug][gc,phases,ref     ] GC(59)     FinalRef (ms):            skipped
[23.719s][debug][gc,phases,ref     ] GC(59)   Notify PhantomReferences: 0.0ms
[23.719s][debug][gc,phases,ref     ] GC(59)     PhantomRef (ms):          skipped
[23.719s][debug][gc,phases,ref     ] GC(59)   SoftReference:
[23.719s][debug][gc,phases,ref     ] GC(59)     Discovered: 0
[23.719s][debug][gc,phases,ref     ] GC(59)     Cleared: 0
[23.719s][debug][gc,phases,ref     ] GC(59)   WeakReference:
[23.719s][debug][gc,phases,ref     ] GC(59)     Discovered: 0
[23.719s][debug][gc,phases,ref     ] GC(59)     Cleared: 0
[23.719s][debug][gc,phases,ref     ] GC(59)   FinalReference:
[23.719s][debug][gc,phases,ref     ] GC(59)     Discovered: 0
[23.719s][debug][gc,phases,ref     ] GC(59)     Cleared: 0
[23.719s][debug][gc,phases,ref     ] GC(59)   PhantomReference:
[23.719s][debug][gc,phases,ref     ] GC(59)     Discovered: 0
[23.719s][debug][gc,phases,ref     ] GC(59)     Cleared: 0
[23.719s][debug][gc,phases         ] GC(59) Reference Processing 0.323ms
[23.719s][debug][gc,phases,start   ] GC(59) Weak Processing
[23.719s][debug][gc,phases         ] GC(59) Weak Processing 0.026ms
[23.719s][debug][gc,phases,start   ] GC(59) Class Unloading
[23.719s][debug][gc,phases,start   ] GC(59) ClassLoaderData
[23.720s][debug][gc,phases         ] GC(59) ClassLoaderData 0.055ms
[23.720s][debug][gc,phases,start   ] GC(59) ProtectionDomainCacheTable
[23.720s][debug][gc,phases         ] GC(59) ProtectionDomainCacheTable 0.012ms
[23.721s][info ][gc,stringtable    ] GC(59) Cleaned string and symbol table, strings: 6134 processed, 0 removed, symbols: 45233 processed, 0 removed
[23.721s][debug][gc,phases         ] GC(59) Class Unloading 1.301ms
[23.721s][debug][gc,phases,start   ] GC(59) Flush Task Caches
[23.721s][debug][gc,stats          ] Mark stats cache hits 60337 misses 37 ratio 99.939
[23.721s][debug][gc,phases         ] GC(59) Flush Task Caches 0.031ms
[23.721s][debug][gc,phases,start   ] GC(59) Update Remembered Set Tracking Before Rebuild
[23.721s][debug][gc,ergo           ] GC(59) Running G1 Update RemSet Tracking Before Rebuild using 3 workers for 1123 regions in heap
[23.721s][debug][gc,remset,tracking] GC(59) Remembered Set Tracking update regions total 1123, selected 33
[23.721s][debug][gc,phases         ] GC(59) Update Remembered Set Tracking Before Rebuild 0.160ms
[23.721s][debug][gc,phases,start   ] GC(59) Reclaim Empty Regions
[23.721s][debug][gc                ] GC(59) Reclaimed 3 empty regions
[23.721s][debug][gc,phases         ] GC(59) Reclaim Empty Regions 0.150ms
[23.721s][debug][gc,phases,start   ] GC(59) Purge Metaspace
[23.721s][debug][gc,phases         ] GC(59) Purge Metaspace 0.010ms
[23.721s][debug][gc,phases,start   ] GC(59) Report Object Count
[23.721s][debug][gc,phases         ] GC(59) Report Object Count 0.009ms
[23.721s][info ][gc                ] GC(59) Pause Remark 60M->57M(1123M) 2.507ms
[23.721s][info ][gc,cpu            ] GC(59) User=0.00s Sys=0.00s Real=0.00s
[23.721s][info ][gc,marking        ] GC(59) Concurrent Rebuild Remembered Sets
[23.728s][info ][gc,marking        ] GC(59) Concurrent Rebuild Remembered Sets 6.968ms
[23.728s][info ][gc,start          ] GC(59) Pause Cleanup
[23.728s][debug][gc,phases,start   ] GC(59) Update Remembered Set Tracking After Rebuild
[23.729s][debug][gc,phases         ] GC(59) Update Remembered Set Tracking After Rebuild 0.052ms
[23.729s][debug][gc,phases,start   ] GC(59) Finalize Concurrent Mark Cleanup
[23.729s][debug][gc,ergo           ] GC(59) request young-only gcs (reclaimable percentage not over threshold). candidate old regions: 32 reclaimable: 31914176 (2.71) threshold: 5
[23.729s][debug][gc,phases         ] GC(59) Finalize Concurrent Mark Cleanup 0.224ms
[23.729s][info ][gc                ] GC(59) Pause Cleanup 57M->57M(1123M) 0.327ms
[23.729s][info ][gc,cpu            ] GC(59) User=0.00s Sys=0.00s Real=0.00s
[23.729s][info ][gc,marking        ] GC(59) Concurrent Cleanup for Next Mark
[23.729s][debug][gc,ergo           ] GC(59) Running G1 Clear Bitmap with 1 workers for 18 work units.
[23.731s][info ][gc,marking        ] GC(59) Concurrent Cleanup for Next Mark 2.344ms
[23.731s][info ][gc                ] GC(59) Concurrent Cycle 33.279ms
[23.930s][debug][gc,refine         ] Activated worker 0, on threshold: 28, current: 28
[23.931s][debug][gc,refine         ] Deactivated worker 0, off threshold: 26, current: 26, processed: 2
[23.942s][debug][gc,refine         ] Activated worker 0, on threshold: 28, current: 30
[23.944s][debug][gc,refine         ] Deactivated worker 0, off threshold: 26, current: 26, processed: 4
[23.949s][debug][gc,refine         ] Activated worker 0, on threshold: 28, current: 28
[23.950s][debug][gc,refine         ] Deactivated worker 0, off threshold: 26, current: 26, processed: 2
[24.053s][debug][gc,refine         ] Activated worker 0, on threshold: 28, current: 28
[24.057s][debug][gc,refine         ] Deactivated worker 0, off threshold: 26, current: 26, processed: 6
[24.066s][debug][gc,refine         ] Activated worker 0, on threshold: 28, current: 30
[24.067s][debug][gc,refine         ] Deactivated worker 0, off threshold: 26, current: 26, processed: 4
[24.075s][debug][gc,refine         ] Activated worker 0, on threshold: 28, current: 28
[24.075s][debug][gc,refine         ] Deactivated worker 0, off threshold: 26, current: 26, processed: 2
[24.181s][debug][gc,refine         ] Activated worker 0, on threshold: 28, current: 32
[24.182s][debug][gc,refine         ] Deactivated worker 0, off threshold: 26, current: 26, processed: 6
[24.194s][debug][gc,refine         ] Activated worker 0, on threshold: 28, current: 28
[24.195s][debug][gc,refine         ] Deactivated worker 0, off threshold: 26, current: 26, processed: 4
[24.203s][debug][gc,refine         ] Activated worker 0, on threshold: 28, current: 28
[24.203s][debug][gc,refine         ] Deactivated worker 0, off threshold: 26, current: 26, processed: 2
[24.311s][debug][gc,refine         ] Activated worker 0, on threshold: 28, current: 32
[24.315s][debug][gc,refine         ] Deactivated worker 0, off threshold: 26, current: 26, processed: 6
[24.324s][debug][gc,refine         ] Activated worker 0, on threshold: 28, current: 30
[24.324s][debug][gc,refine         ] Deactivated worker 0, off threshold: 26, current: 26, processed: 4
[24.338s][debug][gc,refine         ] Activated worker 0, on threshold: 28, current: 28
[24.338s][debug][gc,refine         ] Deactivated worker 0, off threshold: 26, current: 26, processed: 2
[24.442s][debug][gc,refine         ] Activated worker 0, on threshold: 28, current: 32
[24.445s][debug][gc,refine         ] Deactivated worker 0, off threshold: 26, current: 26, processed: 6
[24.455s][debug][gc,refine         ] Activated worker 0, on threshold: 28, current: 28
[24.455s][debug][gc,refine         ] Deactivated worker 0, off threshold: 26, current: 26, processed: 4
[24.463s][debug][gc,refine         ] Activated worker 0, on threshold: 28, current: 28
[24.463s][debug][gc,refine         ] Deactivated worker 0, off threshold: 26, current: 26, processed: 2
[24.464s][debug][gc,refine         ] Activated worker 0, on threshold: 28, current: 32
[24.466s][debug][gc,refine         ] Deactivated worker 0, off threshold: 26, current: 26, processed: 6
[24.584s][debug][gc,refine         ] Activated worker 0, on threshold: 28, current: 30
[24.584s][debug][gc,refine         ] Deactivated worker 0, off threshold: 26, current: 26, processed: 4
[24.595s][debug][gc,refine         ] Activated worker 0, on threshold: 28, current: 28
[24.596s][debug][gc,refine         ] Deactivated worker 0, off threshold: 26, current: 26, processed: 2
[24.597s][debug][gc,refine         ] Activated worker 0, on threshold: 28, current: 28
[24.600s][debug][gc,refine         ] Deactivated worker 0, off threshold: 26, current: 26, processed: 6
[24.709s][debug][gc,refine         ] Activated worker 0, on threshold: 28, current: 30
[24.710s][debug][gc,refine         ] Deactivated worker 0, off threshold: 26, current: 26, processed: 4
[24.714s][debug][gc,refine         ] Activated worker 0, on threshold: 28, current: 28
[24.715s][debug][gc,refine         ] Deactivated worker 0, off threshold: 26, current: 26, processed: 2
[24.816s][debug][gc,refine         ] Activated worker 0, on threshold: 28, current: 32
[24.821s][debug][gc,refine         ] Deactivated worker 0, off threshold: 26, current: 26, processed: 6
[24.823s][debug][gc,refine         ] Activated worker 0, on threshold: 28, current: 30
[24.824s][debug][gc,refine         ] Deactivated worker 0, off threshold: 26, current: 26, processed: 4
[24.829s][debug][gc,refine         ] Activated worker 0, on threshold: 28, current: 28
[24.829s][debug][gc,refine         ] Deactivated worker 0, off threshold: 26, current: 26, processed: 2
[24.931s][debug][gc,refine         ] Activated worker 0, on threshold: 28, current: 32
[24.936s][debug][gc,refine         ] Deactivated worker 0, off threshold: 26, current: 26, processed: 6
[24.938s][debug][gc,refine         ] Activated worker 0, on threshold: 28, current: 30
[24.939s][debug][gc,refine         ] Deactivated worker 0, off threshold: 26, current: 26, processed: 4
[24.945s][debug][gc,refine         ] Activated worker 0, on threshold: 28, current: 28
[24.945s][debug][gc,refine         ] Deactivated worker 0, off threshold: 26, current: 26, processed: 2
[25.047s][debug][gc,refine         ] Activated worker 0, on threshold: 28, current: 32
[25.051s][debug][gc,refine         ] Deactivated worker 0, off threshold: 26, current: 26, processed: 6
[25.056s][debug][gc,refine         ] Activated worker 0, on threshold: 28, current: 30
[25.056s][debug][gc,refine         ] Deactivated worker 0, off threshold: 26, current: 26, processed: 4
[25.062s][debug][gc,refine         ] Activated worker 0, on threshold: 28, current: 28
[25.062s][debug][gc,refine         ] Deactivated worker 0, off threshold: 26, current: 26, processed: 2
[25.166s][debug][gc,refine         ] Activated worker 0, on threshold: 28, current: 32
[25.170s][debug][gc,refine         ] Deactivated worker 0, off threshold: 26, current: 26, processed: 6
[25.172s][debug][gc,refine         ] Activated worker 0, on threshold: 28, current: 30
[25.173s][debug][gc,refine         ] Deactivated worker 0, off threshold: 26, current: 26, processed: 4
[25.177s][debug][gc,refine         ] Activated worker 0, on threshold: 28, current: 28
[25.178s][debug][gc,refine         ] Deactivated worker 0, off threshold: 26, current: 26, processed: 2
[25.284s][debug][gc,refine         ] Activated worker 0, on threshold: 28, current: 32
[25.287s][debug][gc,refine         ] Deactivated worker 0, off threshold: 26, current: 26, processed: 6
[25.289s][debug][gc,refine         ] Activated worker 0, on threshold: 28, current: 30
[25.290s][debug][gc,refine         ] Deactivated worker 0, off threshold: 26, current: 26, processed: 4
[25.294s][debug][gc,refine         ] Activated worker 0, on threshold: 28, current: 28
[25.294s][debug][gc,refine         ] Deactivated worker 0, off threshold: 26, current: 26, processed: 2
[25.295s][debug][gc,refine         ] Activated worker 0, on threshold: 28, current: 32
[25.298s][debug][gc,refine         ] Deactivated worker 0, off threshold: 26, current: 26, processed: 6
[25.400s][debug][gc,ergo,ihop      ] Request concurrent cycle initiation (occupancy higher than threshold) occupancy: 78643200B allocation request: 524304B threshold: 79138305B (6.72) source: concurrent humongous allocation
[25.400s][debug][gc,ergo           ] Request concurrent cycle initiation (requested by GC cause). GC cause: G1 Humongous Allocation
[25.400s][debug][gc,heap           ] GC(60) Heap before GC invocations=60 (full 0): garbage-first heap   total 1149952K, used 242688K [0x0000000780000000, 0x0000000800000000)
[25.400s][debug][gc,heap           ] GC(60)   region size 1024K, 163 young (166912K), 16 survivors (16384K)
[25.400s][debug][gc,heap           ] GC(60)  Metaspace       used 13185K, capacity 13598K, committed 13824K, reserved 1060864K
[25.400s][debug][gc,heap           ] GC(60)   class space    used 1352K, capacity 1515K, committed 1536K, reserved 1048576K
[25.401s][debug][gc,ergo           ] GC(60) Initiate concurrent cycle (concurrent cycle initiation requested)
[25.401s][info ][gc,start          ] GC(60) Pause Young (Concurrent Start) (G1 Humongous Allocation)
[25.401s][info ][gc,task           ] GC(60) Using 4 workers of 4 for evacuation
[25.401s][debug][gc,tlab           ] GC(60) TLAB totals: thrds: 4  refills: 435 max: 432 slow allocs: 39 max 39 waste:  0.5% gc: 428960B max: 178504B slow: 264440B max: 264440B fast: 0B max: 0B
[25.401s][debug][gc,alloc,region   ] GC(60) Mutator Allocation stats, regions: 147, wasted size: 0B ( 0.0%)
[25.401s][debug][gc,age            ] GC(60) Desired survivor size 26214400 bytes, new threshold 15 (max threshold 15)
[25.401s][debug][gc,ergo,cset      ] GC(60) Finish choosing CSet. old: 0 regions, predicted old region time: 0.00ms, time remaining: 80.10
[25.401s][debug][gc,refine         ] Activated worker 0, on threshold: 28, current: 30
[25.401s][debug][gc,task,stats     ] GC(60) GC Termination Stats
[25.401s][debug][gc,task,stats     ] GC(60)      elapsed  --strong roots-- -------termination------- ------waste (KiB)------
[25.401s][debug][gc,task,stats     ] GC(60) thr     ms        ms      %        ms      %    attempts  total   alloc    undo
[25.401s][debug][gc,task,stats     ] GC(60) --- --------- --------- ------ --------- ------ -------- ------- ------- -------
[25.548s][debug][gc,task,stats     ] GC(60)   1    147.43    143.78  97.53      0.00   0.00        4     219     219       0
[25.549s][debug][gc,task,stats     ] GC(60)   0    147.50    143.19  97.08      0.01   0.01        8     217     217       0
[25.549s][debug][gc,task,stats     ] GC(60)   2    147.47    143.34  97.20      0.00   0.00        3     219     219       0
[25.549s][debug][gc,task,stats     ] GC(60)   3    147.49    144.45  97.94      0.01   0.00        3     227     227       0
[25.549s][debug][gc,ergo           ] GC(60) Running G1 Clear Card Table Task using 1 workers for 1 units of work for 187 regions.
[25.549s][debug][gc,ref            ] GC(60) Skipped phase1 of Reference Processing due to unavailable references
[25.549s][debug][gc,ref            ] GC(60) Skipped phase2 of Reference Processing due to unavailable references
[25.549s][debug][gc,ref            ] GC(60) Skipped phase3 of Reference Processing due to unavailable references
[25.549s][debug][gc,ref            ] GC(60) Skipped phase4 of Reference Processing due to unavailable references
[25.549s][debug][gc,ergo           ] GC(60) Running G1 Free Collection Set using 4 workers for collection set length 163
[25.549s][debug][gc,humongous      ] GC(60) Live humongous region 5 object size 524304 start 0x0000000780500000  with remset 0 code roots 0 is marked 0 reclaim candidate 0 type array 0
[25.549s][debug][gc,humongous      ] GC(60) Live humongous region 6 object size 1048592 start 0x0000000780600000  with remset 0 code roots 0 is marked 0 reclaim candidate 0 type array 0
[25.549s][debug][gc,humongous      ] GC(60) Live humongous region 8 object size 524304 start 0x0000000780800000  with remset 0 code roots 0 is marked 0 reclaim candidate 0 type array 0
[25.549s][debug][gc,humongous      ] GC(60) Live humongous region 13 object size 1048592 start 0x0000000780d00000  with remset 0 code roots 0 is marked 0 reclaim candidate 0 type array 0
[25.549s][debug][gc,humongous      ] GC(60) Live humongous region 17 object size 524304 start 0x0000000781100000  with remset 0 code roots 0 is marked 0 reclaim candidate 0 type array 0
[25.549s][debug][gc,humongous      ] GC(60) Live humongous region 19 object size 1048592 start 0x0000000781300000  with remset 0 code roots 0 is marked 0 reclaim candidate 0 type array 0
[25.549s][debug][gc,humongous      ] GC(60) Live humongous region 22 object size 524304 start 0x0000000781600000  with remset 0 code roots 0 is marked 0 reclaim candidate 0 type array 0
[25.549s][debug][gc,humongous      ] GC(60) Live humongous region 23 object size 1048592 start 0x0000000781700000  with remset 0 code roots 0 is marked 0 reclaim candidate 0 type array 0
[25.549s][debug][gc,humongous      ] GC(60) Live humongous region 25 object size 524304 start 0x0000000781900000  with remset 0 code roots 0 is marked 0 reclaim candidate 0 type array 0
[25.549s][debug][gc,humongous      ] GC(60) Live humongous region 26 object size 1048592 start 0x0000000781a00000  with remset 0 code roots 0 is marked 0 reclaim candidate 0 type array 0
[25.549s][debug][gc,humongous      ] GC(60) Live humongous region 29 object size 524304 start 0x0000000781d00000  with remset 0 code roots 0 is marked 0 reclaim candidate 0 type array 0
[25.549s][debug][gc,humongous      ] GC(60) Live humongous region 30 object size 1048592 start 0x0000000781e00000  with remset 0 code roots 0 is marked 0 reclaim candidate 0 type array 0
[25.549s][debug][gc,humongous      ] GC(60) Live humongous region 32 object size 524304 start 0x0000000782000000  with remset 0 code roots 0 is marked 0 reclaim candidate 0 type array 0
[25.549s][debug][gc,humongous      ] GC(60) Live humongous region 34 object size 1048592 start 0x0000000782200000  with remset 0 code roots 0 is marked 0 reclaim candidate 0 type array 0
[25.549s][debug][gc,humongous      ] GC(60) Live humongous region 36 object size 524304 start 0x0000000782400000  with remset 0 code roots 0 is marked 0 reclaim candidate 0 type array 0
[25.549s][debug][gc,humongous      ] GC(60) Live humongous region 38 object size 1048592 start 0x0000000782600000  with remset 0 code roots 0 is marked 0 reclaim candidate 0 type array 0
[25.549s][debug][gc,humongous      ] GC(60) Live humongous region 40 object size 524304 start 0x0000000782800000  with remset 0 code roots 0 is marked 0 reclaim candidate 0 type array 0
[25.549s][debug][gc,humongous      ] GC(60) Live humongous region 41 object size 1048592 start 0x0000000782900000  with remset 0 code roots 0 is marked 0 reclaim candidate 0 type array 0
[25.549s][debug][gc,humongous      ] GC(60) Live humongous region 43 object size 524304 start 0x0000000782b00000  with remset 0 code roots 0 is marked 0 reclaim candidate 0 type array 0
[25.549s][debug][gc,humongous      ] GC(60) Live humongous region 44 object size 1048592 start 0x0000000782c00000  with remset 0 code roots 0 is marked 0 reclaim candidate 0 type array 0
[25.549s][debug][gc,humongous      ] GC(60) Live humongous region 46 object size 524304 start 0x0000000782e00000  with remset 0 code roots 0 is marked 0 reclaim candidate 0 type array 0
[25.549s][debug][gc,humongous      ] GC(60) Live humongous region 47 object size 524304 start 0x0000000782f00000  with remset 0 code roots 0 is marked 0 reclaim candidate 0 type array 0
[25.549s][debug][gc,humongous      ] GC(60) Live humongous region 49 object size 1048592 start 0x0000000783100000  with remset 0 code roots 0 is marked 0 reclaim candidate 0 type array 0
[25.549s][debug][gc,humongous      ] GC(60) Live humongous region 51 object size 1048592 start 0x0000000783300000  with remset 0 code roots 0 is marked 0 reclaim candidate 0 type array 0
[25.549s][debug][gc,humongous      ] GC(60) Live humongous region 53 object size 524304 start 0x0000000783500000  with remset 0 code roots 0 is marked 0 reclaim candidate 0 type array 0
[25.549s][debug][gc,humongous      ] GC(60) Live humongous region 54 object size 1048592 start 0x0000000783600000  with remset 0 code roots 0 is marked 0 reclaim candidate 0 type array 0
[25.549s][debug][gc,humongous      ] GC(60) Live humongous region 56 object size 524304 start 0x0000000783800000  with remset 0 code roots 0 is marked 0 reclaim candidate 0 type array 0
[25.549s][debug][gc,humongous      ] GC(60) Live humongous region 57 object size 1048592 start 0x0000000783900000  with remset 0 code roots 0 is marked 0 reclaim candidate 0 type array 0
[25.549s][debug][gc,plab           ] GC(60) Young PLAB allocation: allocated: 52428800B, wasted: 2400B, unused: 0B, used: 52426400B, undo waste: 0B, 
[25.549s][debug][gc,plab           ] GC(60) Young other allocation: region end waste: 0B, regions filled: 50, direct allocated: 0B, failure used: 0B, failure wasted: 0B
[25.549s][debug][gc,plab           ] GC(60) Young sizing: calculated: 10485280B, actual: 8651664B
[25.549s][debug][gc,plab           ] GC(60) Old PLAB allocation: allocated: 99307120B, wasted: 903944B, unused: 5240B, used: 98397936B, undo waste: 0B, 
[25.549s][debug][gc,plab           ] GC(60) Old other allocation: region end waste: 0B, regions filled: 95, direct allocated: 0B, failure used: 0B, failure wasted: 0B
[25.549s][debug][gc,plab           ] GC(60) Old sizing: calculated: 19679584B, actual: 14759696B
[25.549s][debug][gc,alloc,stats    ] Old generation allocation in the last mutator period, old gen allocated: 99307120B, humongous allocated: 44040192B,old gen growth: 140201584B.
[25.549s][debug][gc,ihop           ] GC(60) Basic information (value update), threshold: 174165659B (14.79), target occupancy: 1177550848B, current occupancy: 230379520B, recent allocation size: 143347312B, recent allocation duration: 1700.88ms, recent old gen allocation rate: 84278357.54B/s, recent marking phase length: 232.15ms
[25.549s][debug][gc,ihop           ] GC(60) Adaptive IHOP information (value update), threshold: 174165659B (15.57), internal target occupancy: 1118673305B, occupancy: 230379520B, additional buffer size: 301989888B, predicted old gen allocation rate: 1810033313.33B/s, predicted marking phase length: 354.98ms, prediction active: true
[25.549s][debug][gc,ergo,refine    ] GC(60) Updated Refinement Zones: green: 28, yellow: 84, red: 140
[25.549s][info ][gc,phases         ] GC(60)   Pre Evacuate Collection Set: 0.1ms
[25.549s][debug][gc,phases         ] GC(60)     Prepare TLABs: 0.0ms
[25.549s][debug][gc,phases         ] GC(60)     Choose Collection Set: 0.0ms
[25.549s][debug][gc,phases         ] GC(60)     Humongous Register: 0.0ms
[25.549s][debug][gc,phases         ] GC(60)     Clear Claimed Marks: 0.1ms
[25.549s][info ][gc,phases         ] GC(60)   Evacuate Collection Set: 147.7ms
[25.549s][debug][gc,phases         ] GC(60)     Ext Root Scanning (ms):   Min:  0.4, Avg:  0.4, Max:  0.4, Diff:  0.0, Sum:  1.7, Workers: 4
[25.549s][debug][gc,phases         ] GC(60)     Update RS (ms):           Min:  1.9, Avg:  3.0, Max:  4.8, Diff:  2.9, Sum: 12.1, Workers: 4
[25.549s][debug][gc,phases         ] GC(60)       Processed Buffers:        Min: 3, Avg:  7.5, Max: 12, Diff: 9, Sum: 30, Workers: 4
[25.549s][debug][gc,phases         ] GC(60)       Scanned Cards:            Min: 768, Avg: 1679.2, Max: 3072, Diff: 2304, Sum: 6717, Workers: 4
[25.549s][debug][gc,phases         ] GC(60)       Skipped Cards:            Min: 0, Avg:  0.0, Max: 0, Diff: 0, Sum: 0, Workers: 4
[25.549s][debug][gc,phases         ] GC(60)     Scan RS (ms):             Min:  4.1, Avg:  4.3, Max:  4.5, Diff:  0.5, Sum: 17.1, Workers: 4
[25.549s][debug][gc,phases         ] GC(60)       Scanned Cards:            Min: 2217, Avg: 2346.0, Max: 2486, Diff: 269, Sum: 9384, Workers: 4
[25.549s][debug][gc,phases         ] GC(60)       Claimed Cards:            Min: 2247, Avg: 2422.0, Max: 2698, Diff: 451, Sum: 9688, Workers: 4
[25.549s][debug][gc,phases         ] GC(60)       Skipped Cards:            Min: 255, Avg: 949.0, Max: 1531, Diff: 1276, Sum: 3796, Workers: 4
[25.549s][debug][gc,phases         ] GC(60)     Code Root Scanning (ms):  Min:  0.0, Avg:  0.0, Max:  0.0, Diff:  0.0, Sum:  0.1, Workers: 4
[25.549s][debug][gc,phases         ] GC(60)     JVMCI Root Scan (ms):     skipped
[25.549s][debug][gc,phases         ] GC(60)     Object Copy (ms):         Min: 137.8, Avg: 139.6, Max: 140.9, Diff:  3.1, Sum: 558.4, Workers: 4
[25.549s][debug][gc,phases         ] GC(60)     Termination (ms):         Min:  0.0, Avg:  0.0, Max:  0.0, Diff:  0.0, Sum:  0.0, Workers: 4
[25.549s][debug][gc,phases         ] GC(60)       Termination Attempts:     Min: 3, Avg:  4.5, Max: 8, Diff: 5, Sum: 18, Workers: 4
[25.549s][debug][gc,phases         ] GC(60)     GC Worker Other (ms):     Min:  0.1, Avg:  0.1, Max:  0.1, Diff:  0.0, Sum:  0.5, Workers: 4
[25.549s][debug][gc,phases         ] GC(60)     GC Worker Total (ms):     Min: 147.5, Avg: 147.5, Max: 147.5, Diff:  0.0, Sum: 590.0, Workers: 4
[25.549s][info ][gc,phases         ] GC(60)   Post Evacuate Collection Set: 0.5ms
[25.549s][debug][gc,phases         ] GC(60)     Code Roots Fixup: 0.0ms
[25.549s][debug][gc,phases         ] GC(60)     Clear Card Table: 0.1ms
[25.549s][debug][gc,phases         ] GC(60)     Reference Processing: 0.0ms
[25.549s][debug][gc,phases,ref     ] GC(60)       Reconsider SoftReferences: 0.0ms
[25.549s][debug][gc,phases,ref     ] GC(60)         SoftRef (ms):             skipped
[25.549s][debug][gc,phases,ref     ] GC(60)       Notify Soft/WeakReferences: 0.0ms
[25.549s][debug][gc,phases,ref     ] GC(60)         SoftRef (ms):             skipped
[25.549s][debug][gc,phases,ref     ] GC(60)         WeakRef (ms):             skipped
[25.549s][debug][gc,phases,ref     ] GC(60)         FinalRef (ms):            skipped
[25.549s][debug][gc,phases,ref     ] GC(60)         Total (ms):               skipped
[25.549s][debug][gc,phases,ref     ] GC(60)       Notify and keep alive finalizable: 0.0ms
[25.549s][debug][gc,phases,ref     ] GC(60)         FinalRef (ms):            skipped
[25.549s][debug][gc,phases,ref     ] GC(60)       Notify PhantomReferences: 0.0ms
[25.549s][debug][gc,phases,ref     ] GC(60)         PhantomRef (ms):          skipped
[25.549s][debug][gc,phases,ref     ] GC(60)       SoftReference:
[25.549s][debug][gc,phases,ref     ] GC(60)         Discovered: 0
[25.549s][debug][gc,phases,ref     ] GC(60)         Cleared: 0
[25.549s][debug][gc,phases,ref     ] GC(60)       WeakReference:
[25.549s][debug][gc,phases,ref     ] GC(60)         Discovered: 0
[25.549s][debug][gc,phases,ref     ] GC(60)         Cleared: 0
[25.549s][debug][gc,phases,ref     ] GC(60)       FinalReference:
[25.549s][debug][gc,phases,ref     ] GC(60)         Discovered: 0
[25.549s][debug][gc,phases,ref     ] GC(60)         Cleared: 0
[25.549s][debug][gc,phases,ref     ] GC(60)       PhantomReference:
[25.549s][debug][gc,phases,ref     ] GC(60)         Discovered: 0
[25.549s][debug][gc,phases,ref     ] GC(60)         Cleared: 0
[25.549s][debug][gc,phases         ] GC(60)     Weak Processing: 0.0ms
[25.549s][debug][gc,phases         ] GC(60)     Merge Per-Thread State: 0.0ms
[25.549s][debug][gc,phases         ] GC(60)     Code Roots Purge: 0.0ms
[25.549s][debug][gc,phases         ] GC(60)     Redirty Cards: 0.0ms
[25.549s][debug][gc,phases         ] GC(60)     DerivedPointerTable Update: 0.0ms
[25.549s][debug][gc,phases         ] GC(60)     Free Collection Set: 0.1ms
[25.549s][debug][gc,phases         ] GC(60)     Humongous Reclaim: 0.2ms
[25.549s][debug][gc,phases         ] GC(60)     Start New Collection Set: 0.0ms
[25.550s][debug][gc,phases         ] GC(60)     Resize TLABs: 0.0ms
[25.550s][debug][gc,phases         ] GC(60)     Expand Heap After Collection: 0.0ms
[25.550s][info ][gc,phases         ] GC(60)   Other: 0.5ms
[25.550s][info ][gc,heap           ] GC(60) Eden regions: 147->0(238)
[25.550s][info ][gc,heap           ] GC(60) Survivor regions: 16->50(50)
[25.550s][info ][gc,heap           ] GC(60) Old regions: 33->128
[25.550s][info ][gc,heap           ] GC(60) Humongous regions: 42->42
[25.550s][info ][gc,metaspace      ] GC(60) Metaspace: 13185K->13185K(1060864K)
[25.550s][debug][gc,heap           ] GC(60) Heap after GC invocations=61 (full 0): garbage-first heap   total 1149952K, used 224980K [0x0000000780000000, 0x0000000800000000)
[25.550s][debug][gc,heap           ] GC(60)   region size 1024K, 50 young (51200K), 50 survivors (51200K)
[25.550s][debug][gc,heap           ] GC(60)  Metaspace       used 13185K, capacity 13598K, committed 13824K, reserved 1060864K
[25.550s][debug][gc,heap           ] GC(60)   class space    used 1352K, capacity 1515K, committed 1536K, reserved 1048576K
[25.550s][info ][gc                ] GC(60) Pause Young (Concurrent Start) (G1 Humongous Allocation) 237M->219M(1123M) 149.032ms
[25.550s][info ][gc,cpu            ] GC(60) User=0.49s Sys=0.02s Real=0.15s
[25.550s][info ][gc                ] GC(61) Concurrent Cycle
[25.550s][debug][gc,refine         ] Deactivated worker 0, off threshold: 28, current: 17, processed: 0
[25.550s][info ][gc,marking        ] GC(61) Concurrent Clear Claimed Marks
[25.550s][info ][gc,marking        ] GC(61) Concurrent Clear Claimed Marks 0.087ms
[25.550s][info ][gc,marking        ] GC(61) Concurrent Scan Root Regions
[25.550s][debug][gc,ergo           ] GC(61) Running G1 Root Region Scan using 1 workers for 50 work units.
[25.569s][info ][gc,marking        ] GC(61) Concurrent Scan Root Regions 19.114ms
[25.569s][info ][gc,marking        ] GC(61) Concurrent Mark (25.569s)
[25.569s][info ][gc,marking        ] GC(61) Concurrent Mark From Roots
[25.569s][info ][gc,task           ] GC(61) Using 1 workers of 1 for marking
[25.582s][debug][gc,stats          ] ---------------------------------------------------------------------
[25.582s][debug][gc,stats          ] Marking Stats, task = 0, calls = 2
[25.582s][debug][gc,stats          ]   Elapsed time = 13.32ms, Termination time = 0.00ms
[25.582s][debug][gc,stats          ]   Step Times (cum): num = 402, avg = 0.53ms, sd = 1.98ms max = 9.81ms, total = 212.10ms
[25.582s][debug][gc,stats          ]   Mark Stats Cache: hits 256649 misses 40 ratio 99.984
[25.582s][debug][gc,stats          ] ---------------------------------------------------------------------
[25.582s][info ][gc,marking        ] GC(61) Concurrent Mark From Roots 13.422ms
[25.582s][info ][gc,marking        ] GC(61) Concurrent Preclean
[25.582s][debug][gc,ref,start      ] GC(61) Preclean SoftReferences
[25.582s][debug][gc,ref            ] GC(61) Preclean SoftReferences 0.010ms
[25.582s][debug][gc,ref,start      ] GC(61) Preclean WeakReferences
[25.582s][debug][gc,ref            ] GC(61) Preclean WeakReferences 0.013ms
[25.582s][debug][gc,ref,start      ] GC(61) Preclean FinalReferences
[25.582s][debug][gc,ref            ] GC(61) Preclean FinalReferences 0.007ms
[25.582s][debug][gc,ref,start      ] GC(61) Preclean PhantomReferences
[25.582s][debug][gc,ref            ] GC(61) Preclean PhantomReferences 0.007ms
[25.582s][info ][gc,marking        ] GC(61) Concurrent Preclean 0.069ms
[25.582s][info ][gc,marking        ] GC(61) Concurrent Mark (25.569s, 25.582s) 13.517ms
[25.583s][info ][gc,start          ] GC(61) Pause Remark
[25.583s][debug][gc,phases,start   ] GC(61) Finalize Marking
[25.583s][debug][gc,stats          ] ---------------------------------------------------------------------
[25.583s][debug][gc,stats          ] Marking Stats, task = 0, calls = 19
[25.583s][debug][gc,stats          ]   Elapsed time = 0.04ms, Termination time = 0.03ms
[25.583s][debug][gc,stats          ]   Step Times (cum): num = 419, avg = 0.51ms, sd = 1.94ms max = 9.81ms, total = 212.14ms
[25.583s][debug][gc,stats          ]   Mark Stats Cache: hits 256649 misses 40 ratio 99.984
[25.583s][debug][gc,stats          ] ---------------------------------------------------------------------
[25.583s][debug][gc,stats          ] Marking Stats, task = 1, calls = 1
[25.583s][debug][gc,stats          ]   Elapsed time = 0.05ms, Termination time = 0.03ms
[25.583s][debug][gc,stats          ]   Step Times (cum): num = 24, avg = 0.19ms, sd = 0.24ms max = 0.77ms, total = 4.63ms
[25.583s][debug][gc,stats          ]   Mark Stats Cache: hits 115 misses 2 ratio 98.291
[25.583s][debug][gc,stats          ] ---------------------------------------------------------------------
[25.583s][debug][gc,stats          ] Marking Stats, task = 2, calls = 1
[25.583s][debug][gc,stats          ]   Elapsed time = 0.01ms, Termination time = 0.00ms
[25.583s][debug][gc,stats          ]   Step Times (cum): num = 23, avg = 0.16ms, sd = 0.25ms max = 0.75ms, total = 3.66ms
[25.583s][debug][gc,stats          ]   Mark Stats Cache: hits 25 misses 2 ratio 92.593
[25.583s][debug][gc,stats          ] ---------------------------------------------------------------------
[25.583s][debug][gc,stats          ] Marking Stats, task = 3, calls = 1
[25.583s][debug][gc,stats          ]   Elapsed time = 0.01ms, Termination time = 0.00ms
[25.583s][debug][gc,stats          ]   Step Times (cum): num = 21, avg = 0.00ms, sd = 0.00ms max = 0.02ms, total = 0.09ms
[25.583s][debug][gc,stats          ]   Mark Stats Cache: hits 59 misses 3 ratio 95.161
[25.583s][debug][gc,stats          ] ---------------------------------------------------------------------
[25.583s][debug][gc,phases         ] GC(61) Finalize Marking 0.190ms
[25.583s][debug][gc,phases,start   ] GC(61) Reference Processing
[25.583s][debug][gc,ref            ] GC(61) Skipped phase1 of Reference Processing due to unavailable references
[25.583s][debug][gc,ref            ] GC(61) Skipped phase2 of Reference Processing due to unavailable references
[25.583s][debug][gc,ref            ] GC(61) Skipped phase3 of Reference Processing due to unavailable references
[25.583s][debug][gc,ref            ] GC(61) Skipped phase4 of Reference Processing due to unavailable references
[25.583s][debug][gc,phases,ref     ] GC(61) Reference Processing: 0.0ms
[25.583s][debug][gc,phases,ref     ] GC(61)   Reconsider SoftReferences: 0.0ms
[25.583s][debug][gc,phases,ref     ] GC(61)     SoftRef (ms):             skipped
[25.583s][debug][gc,phases,ref     ] GC(61)   Notify Soft/WeakReferences: 0.0ms
[25.583s][debug][gc,phases,ref     ] GC(61)     SoftRef (ms):             skipped
[25.583s][debug][gc,phases,ref     ] GC(61)     WeakRef (ms):             skipped
[25.583s][debug][gc,phases,ref     ] GC(61)     FinalRef (ms):            skipped
[25.583s][debug][gc,phases,ref     ] GC(61)     Total (ms):               skipped
[25.583s][debug][gc,phases,ref     ] GC(61)   Notify and keep alive finalizable: 0.0ms
[25.583s][debug][gc,phases,ref     ] GC(61)     FinalRef (ms):            skipped
[25.583s][debug][gc,phases,ref     ] GC(61)   Notify PhantomReferences: 0.0ms
[25.583s][debug][gc,phases,ref     ] GC(61)     PhantomRef (ms):          skipped
[25.583s][debug][gc,phases,ref     ] GC(61)   SoftReference:
[25.583s][debug][gc,phases,ref     ] GC(61)     Discovered: 0
[25.583s][debug][gc,phases,ref     ] GC(61)     Cleared: 0
[25.583s][debug][gc,phases,ref     ] GC(61)   WeakReference:
[25.583s][debug][gc,phases,ref     ] GC(61)     Discovered: 0
[25.583s][debug][gc,phases,ref     ] GC(61)     Cleared: 0
[25.583s][debug][gc,phases,ref     ] GC(61)   FinalReference:
[25.583s][debug][gc,phases,ref     ] GC(61)     Discovered: 0
[25.583s][debug][gc,phases,ref     ] GC(61)     Cleared: 0
[25.583s][debug][gc,phases,ref     ] GC(61)   PhantomReference:
[25.583s][debug][gc,phases,ref     ] GC(61)     Discovered: 0
[25.583s][debug][gc,phases,ref     ] GC(61)     Cleared: 0
[25.583s][debug][gc,phases         ] GC(61) Reference Processing 0.171ms
[25.583s][debug][gc,phases,start   ] GC(61) Weak Processing
[25.583s][debug][gc,phases         ] GC(61) Weak Processing 0.019ms
[25.583s][debug][gc,phases,start   ] GC(61) Class Unloading
[25.583s][debug][gc,phases,start   ] GC(61) ClassLoaderData
[25.583s][debug][gc,phases         ] GC(61) ClassLoaderData 0.049ms
[25.583s][debug][gc,phases,start   ] GC(61) ProtectionDomainCacheTable
[25.583s][debug][gc,phases         ] GC(61) ProtectionDomainCacheTable 0.008ms
[25.584s][info ][gc,stringtable    ] GC(61) Cleaned string and symbol table, strings: 6157 processed, 0 removed, symbols: 45233 processed, 0 removed
[25.584s][debug][gc,phases         ] GC(61) Class Unloading 1.028ms
[25.584s][debug][gc,phases,start   ] GC(61) Flush Task Caches
[25.584s][debug][gc,stats          ] Mark stats cache hits 256848 misses 47 ratio 99.982
[25.584s][debug][gc,phases         ] GC(61) Flush Task Caches 0.019ms
[25.584s][debug][gc,phases,start   ] GC(61) Update Remembered Set Tracking Before Rebuild
[25.584s][debug][gc,ergo           ] GC(61) Running G1 Update RemSet Tracking Before Rebuild using 3 workers for 1123 regions in heap
[25.584s][debug][gc,remset,tracking] GC(61) Remembered Set Tracking update regions total 1123, selected 41
[25.584s][debug][gc,phases         ] GC(61) Update Remembered Set Tracking Before Rebuild 0.118ms
[25.584s][debug][gc,phases,start   ] GC(61) Reclaim Empty Regions
[25.584s][debug][gc                ] GC(61) Reclaimed 129 empty regions
[25.584s][debug][gc,phases         ] GC(61) Reclaim Empty Regions 0.121ms
[25.584s][debug][gc,phases,start   ] GC(61) Purge Metaspace
[25.584s][debug][gc,phases         ] GC(61) Purge Metaspace 0.007ms
[25.584s][debug][gc,phases,start   ] GC(61) Report Object Count
[25.584s][debug][gc,phases         ] GC(61) Report Object Count 0.006ms
[25.584s][info ][gc                ] GC(61) Pause Remark 228M->99M(1123M) 1.775ms
[25.584s][info ][gc,cpu            ] GC(61) User=0.00s Sys=0.00s Real=0.01s
[25.584s][info ][gc,marking        ] GC(61) Concurrent Rebuild Remembered Sets
[25.593s][info ][gc,marking        ] GC(61) Concurrent Rebuild Remembered Sets 8.224ms
[25.593s][info ][gc,start          ] GC(61) Pause Cleanup
[25.593s][debug][gc,phases,start   ] GC(61) Update Remembered Set Tracking After Rebuild
[25.593s][debug][gc,phases         ] GC(61) Update Remembered Set Tracking After Rebuild 0.029ms
[25.593s][debug][gc,phases,start   ] GC(61) Finalize Concurrent Mark Cleanup
[25.593s][debug][gc,ergo           ] GC(61) request young-only gcs (reclaimable percentage not over threshold). candidate old regions: 36 reclaimable: 34851336 (2.96) threshold: 5
[25.593s][debug][gc,phases         ] GC(61) Finalize Concurrent Mark Cleanup 0.126ms
[25.593s][info ][gc                ] GC(61) Pause Cleanup 99M->99M(1123M) 0.186ms
[25.593s][info ][gc,cpu            ] GC(61) User=0.00s Sys=0.00s Real=0.00s
[25.593s][info ][gc,marking        ] GC(61) Concurrent Cleanup for Next Mark
[25.593s][debug][gc,ergo           ] GC(61) Running G1 Clear Bitmap with 1 workers for 18 work units.
[25.595s][info ][gc,marking        ] GC(61) Concurrent Cleanup for Next Mark 1.852ms
[25.595s][info ][gc                ] GC(61) Concurrent Cycle 45.135ms
[25.663s][debug][gc,refine         ] Activated worker 0, on threshold: 30, current: 30
[25.663s][debug][gc,refine         ] Deactivated worker 0, off threshold: 28, current: 28, processed: 2
[25.663s][debug][gc,refine         ] Activated worker 0, on threshold: 30, current: 31
[25.663s][debug][gc,refine         ] Deactivated worker 0, off threshold: 28, current: 28, processed: 3
[25.670s][debug][gc,refine         ] Activated worker 0, on threshold: 30, current: 30
[25.670s][debug][gc,refine         ] Deactivated worker 0, off threshold: 28, current: 28, processed: 2
[25.771s][debug][gc,refine         ] Activated worker 0, on threshold: 30, current: 33
[25.772s][debug][gc,refine         ] Deactivated worker 0, off threshold: 28, current: 28, processed: 6
[25.779s][debug][gc,refine         ] Activated worker 0, on threshold: 30, current: 32
[25.779s][debug][gc,refine         ] Deactivated worker 0, off threshold: 28, current: 28, processed: 4
[25.786s][debug][gc,refine         ] Activated worker 0, on threshold: 30, current: 30
[25.786s][debug][gc,refine         ] Deactivated worker 0, off threshold: 28, current: 28, processed: 2
[25.892s][debug][gc,refine         ] Activated worker 0, on threshold: 30, current: 34
[25.894s][debug][gc,refine         ] Deactivated worker 0, off threshold: 28, current: 28, processed: 6
[25.899s][debug][gc,refine         ] Activated worker 0, on threshold: 30, current: 32
[25.899s][debug][gc,refine         ] Deactivated worker 0, off threshold: 28, current: 28, processed: 4
[25.903s][debug][gc,refine         ] Activated worker 0, on threshold: 30, current: 30
[25.904s][debug][gc,refine         ] Deactivated worker 0, off threshold: 28, current: 28, processed: 2
[26.010s][debug][gc,refine         ] Activated worker 0, on threshold: 30, current: 34
[26.015s][debug][gc,refine         ] Deactivated worker 0, off threshold: 28, current: 28, processed: 6
[26.017s][debug][gc,refine         ] Activated worker 0, on threshold: 30, current: 32
[26.017s][debug][gc,refine         ] Deactivated worker 0, off threshold: 28, current: 28, processed: 4
[26.022s][debug][gc,refine         ] Activated worker 0, on threshold: 30, current: 30
[26.022s][debug][gc,refine         ] Deactivated worker 0, off threshold: 28, current: 28, processed: 2
[26.124s][debug][gc,refine         ] Activated worker 0, on threshold: 30, current: 34
[26.128s][debug][gc,refine         ] Deactivated worker 0, off threshold: 28, current: 28, processed: 6
[26.131s][debug][gc,refine         ] Activated worker 0, on threshold: 30, current: 32
[26.131s][debug][gc,refine         ] Deactivated worker 0, off threshold: 28, current: 28, processed: 4
[26.136s][debug][gc,refine         ] Activated worker 0, on threshold: 30, current: 30
[26.136s][debug][gc,refine         ] Deactivated worker 0, off threshold: 28, current: 28, processed: 2
[26.137s][debug][gc,refine         ] Activated worker 0, on threshold: 30, current: 34
[26.139s][debug][gc,refine         ] Deactivated worker 0, off threshold: 28, current: 28, processed: 6
[26.247s][debug][gc,refine         ] Activated worker 0, on threshold: 30, current: 32
[26.247s][debug][gc,refine         ] Deactivated worker 0, off threshold: 28, current: 28, processed: 4
[26.252s][debug][gc,refine         ] Activated worker 0, on threshold: 30, current: 30
[26.252s][debug][gc,refine         ] Deactivated worker 0, off threshold: 28, current: 28, processed: 2
[26.253s][debug][gc,refine         ] Activated worker 0, on threshold: 30, current: 33
[26.256s][debug][gc,refine         ] Deactivated worker 0, off threshold: 28, current: 28, processed: 6
[26.362s][debug][gc,refine         ] Activated worker 0, on threshold: 30, current: 32
[26.363s][debug][gc,refine         ] Deactivated worker 0, off threshold: 28, current: 28, processed: 4
[26.367s][debug][gc,refine         ] Activated worker 0, on threshold: 30, current: 30
[26.368s][debug][gc,refine         ] Deactivated worker 0, off threshold: 28, current: 28, processed: 2
[26.474s][debug][gc,refine         ] Activated worker 0, on threshold: 30, current: 33
[26.479s][debug][gc,refine         ] Deactivated worker 0, off threshold: 28, current: 28, processed: 6
[26.481s][debug][gc,refine         ] Activated worker 0, on threshold: 30, current: 32
[26.482s][debug][gc,refine         ] Deactivated worker 0, off threshold: 28, current: 28, processed: 4
[26.486s][debug][gc,refine         ] Activated worker 0, on threshold: 30, current: 30
[26.487s][debug][gc,refine         ] Deactivated worker 0, off threshold: 28, current: 28, processed: 2
[26.591s][debug][gc,refine         ] Activated worker 0, on threshold: 30, current: 34
[26.596s][debug][gc,refine         ] Deactivated worker 0, off threshold: 28, current: 28, processed: 6
[26.600s][debug][gc,refine         ] Activated worker 0, on threshold: 30, current: 30
[26.600s][debug][gc,refine         ] Deactivated worker 0, off threshold: 28, current: 28, processed: 4
[26.608s][debug][gc,refine         ] Activated worker 0, on threshold: 30, current: 30
[26.609s][debug][gc,refine         ] Deactivated worker 0, off threshold: 28, current: 28, processed: 2
[26.714s][debug][gc,refine         ] Activated worker 0, on threshold: 30, current: 34
[26.717s][debug][gc,refine         ] Deactivated worker 0, off threshold: 28, current: 28, processed: 6
[26.718s][debug][gc,refine         ] Activated worker 0, on threshold: 30, current: 32
[26.719s][debug][gc,refine         ] Deactivated worker 0, off threshold: 28, current: 28, processed: 4
[26.724s][debug][gc,refine         ] Activated worker 0, on threshold: 30, current: 30
[26.724s][debug][gc,refine         ] Deactivated worker 0, off threshold: 28, current: 28, processed: 2
[26.828s][debug][gc,refine         ] Activated worker 0, on threshold: 30, current: 33
[26.832s][debug][gc,refine         ] Deactivated worker 0, off threshold: 28, current: 28, processed: 6
[26.836s][debug][gc,refine         ] Activated worker 0, on threshold: 30, current: 32
[26.836s][debug][gc,refine         ] Deactivated worker 0, off threshold: 28, current: 28, processed: 4
[26.840s][debug][gc,refine         ] Activated worker 0, on threshold: 30, current: 30
[26.841s][debug][gc,refine         ] Deactivated worker 0, off threshold: 28, current: 28, processed: 2
[26.945s][debug][gc,refine         ] Activated worker 0, on threshold: 30, current: 34
[26.950s][debug][gc,refine         ] Deactivated worker 0, off threshold: 28, current: 28, processed: 6
[26.952s][debug][gc,refine         ] Activated worker 0, on threshold: 30, current: 32
[26.953s][debug][gc,refine         ] Deactivated worker 0, off threshold: 28, current: 28, processed: 4
[26.957s][debug][gc,refine         ] Activated worker 0, on threshold: 30, current: 30
[26.957s][debug][gc,refine         ] Deactivated worker 0, off threshold: 28, current: 28, processed: 2
[27.064s][debug][gc,refine         ] Activated worker 0, on threshold: 30, current: 34
[27.069s][debug][gc,refine         ] Deactivated worker 0, off threshold: 28, current: 28, processed: 6
[27.071s][debug][gc,refine         ] Activated worker 0, on threshold: 30, current: 32
[27.071s][debug][gc,refine         ] Deactivated worker 0, off threshold: 28, current: 28, processed: 4
[27.076s][debug][gc,refine         ] Activated worker 0, on threshold: 30, current: 30
[27.076s][debug][gc,refine         ] Deactivated worker 0, off threshold: 28, current: 28, processed: 2
[27.183s][debug][gc,refine         ] Activated worker 0, on threshold: 30, current: 31
[27.187s][debug][gc,refine         ] Deactivated worker 0, off threshold: 28, current: 28, processed: 6
[27.189s][debug][gc,refine         ] Activated worker 0, on threshold: 30, current: 32
[27.190s][debug][gc,refine         ] Deactivated worker 0, off threshold: 28, current: 28, processed: 4
[27.194s][debug][gc,refine         ] Activated worker 0, on threshold: 30, current: 30
[27.195s][debug][gc,refine         ] Deactivated worker 0, off threshold: 28, current: 28, processed: 2
[27.195s][debug][gc,refine         ] Activated worker 0, on threshold: 30, current: 34
[27.198s][debug][gc,refine         ] Deactivated worker 0, off threshold: 28, current: 28, processed: 6
[27.303s][debug][gc,refine         ] Activated worker 0, on threshold: 30, current: 32
[27.304s][debug][gc,refine         ] Deactivated worker 0, off threshold: 28, current: 28, processed: 4
[27.308s][debug][gc,refine         ] Activated worker 0, on threshold: 30, current: 30
[27.308s][debug][gc,refine         ] Deactivated worker 0, off threshold: 28, current: 28, processed: 2
[27.309s][debug][gc,refine         ] Activated worker 0, on threshold: 30, current: 34
[27.312s][debug][gc,refine         ] Deactivated worker 0, off threshold: 28, current: 28, processed: 6
[27.419s][debug][gc,refine         ] Activated worker 0, on threshold: 30, current: 32
[27.420s][debug][gc,refine         ] Deactivated worker 0, off threshold: 28, current: 28, processed: 4
[27.426s][debug][gc,refine         ] Activated worker 0, on threshold: 30, current: 30
[27.426s][debug][gc,refine         ] Deactivated worker 0, off threshold: 28, current: 28, processed: 2
[27.531s][debug][gc,refine         ] Activated worker 0, on threshold: 30, current: 30
[27.534s][debug][gc,refine         ] Deactivated worker 0, off threshold: 28, current: 28, processed: 6
[27.536s][debug][gc,refine         ] Activated worker 0, on threshold: 30, current: 32
[27.536s][debug][gc,refine         ] Deactivated worker 0, off threshold: 28, current: 28, processed: 4
[27.540s][debug][gc,refine         ] Activated worker 0, on threshold: 30, current: 30
[27.540s][debug][gc,refine         ] Deactivated worker 0, off threshold: 28, current: 28, processed: 2
[27.645s][debug][gc,refine         ] Activated worker 0, on threshold: 30, current: 34
[27.650s][debug][gc,refine         ] Deactivated worker 0, off threshold: 28, current: 28, processed: 6
[27.651s][debug][gc,refine         ] Activated worker 0, on threshold: 30, current: 32
[27.652s][debug][gc,refine         ] Deactivated worker 0, off threshold: 28, current: 28, processed: 4
[27.657s][debug][gc,refine         ] Activated worker 0, on threshold: 30, current: 30
[27.657s][debug][gc,refine         ] Deactivated worker 0, off threshold: 28, current: 28, processed: 2
[27.658s][debug][gc,refine         ] Activated worker 0, on threshold: 30, current: 34
[27.661s][debug][gc,refine         ] Deactivated worker 0, off threshold: 28, current: 28, processed: 6
[27.765s][debug][gc,refine         ] Activated worker 0, on threshold: 30, current: 32
[27.765s][debug][gc,refine         ] Deactivated worker 0, off threshold: 28, current: 28, processed: 4
[27.771s][debug][gc,refine         ] Activated worker 0, on threshold: 30, current: 30
[27.771s][debug][gc,refine         ] Deactivated worker 0, off threshold: 28, current: 28, processed: 2
[27.874s][debug][gc,refine         ] Activated worker 0, on threshold: 30, current: 34
[27.878s][debug][gc,refine         ] Deactivated worker 0, off threshold: 28, current: 28, processed: 6
[27.881s][debug][gc,refine         ] Activated worker 0, on threshold: 30, current: 32
[27.881s][debug][gc,refine         ] Deactivated worker 0, off threshold: 28, current: 28, processed: 4
[27.886s][debug][gc,refine         ] Activated worker 0, on threshold: 30, current: 30
[27.886s][debug][gc,refine         ] Deactivated worker 0, off threshold: 28, current: 28, processed: 2
[27.990s][debug][gc,refine         ] Activated worker 0, on threshold: 30, current: 34
[27.995s][debug][gc,refine         ] Deactivated worker 0, off threshold: 28, current: 28, processed: 6
[27.997s][debug][gc,refine         ] Activated worker 0, on threshold: 30, current: 32
[27.998s][debug][gc,refine         ] Deactivated worker 0, off threshold: 28, current: 28, processed: 4
[28.003s][debug][gc,refine         ] Activated worker 0, on threshold: 30, current: 30
[28.003s][debug][gc,refine         ] Deactivated worker 0, off threshold: 28, current: 28, processed: 2
[28.107s][debug][gc,refine         ] Activated worker 0, on threshold: 30, current: 34
[28.111s][debug][gc,refine         ] Deactivated worker 0, off threshold: 28, current: 28, processed: 6
[28.114s][debug][gc,refine         ] Activated worker 0, on threshold: 30, current: 32
[28.114s][debug][gc,refine         ] Deactivated worker 0, off threshold: 28, current: 28, processed: 4
[28.120s][debug][gc,refine         ] Activated worker 0, on threshold: 30, current: 30
[28.120s][debug][gc,refine         ] Deactivated worker 0, off threshold: 28, current: 28, processed: 2
[28.225s][debug][gc,refine         ] Activated worker 0, on threshold: 30, current: 34
[28.230s][debug][gc,refine         ] Deactivated worker 0, off threshold: 28, current: 28, processed: 6
[28.235s][debug][gc,refine         ] Activated worker 0, on threshold: 30, current: 32
[28.236s][debug][gc,refine         ] Deactivated worker 0, off threshold: 28, current: 28, processed: 4
[28.242s][debug][gc,refine         ] Activated worker 0, on threshold: 30, current: 30
[28.243s][debug][gc,refine         ] Deactivated worker 0, off threshold: 28, current: 28, processed: 2
[28.346s][debug][gc,refine         ] Activated worker 0, on threshold: 30, current: 34
[28.349s][debug][gc,refine         ] Deactivated worker 0, off threshold: 28, current: 28, processed: 6
[28.352s][debug][gc,refine         ] Activated worker 0, on threshold: 30, current: 32
[28.353s][debug][gc,refine         ] Deactivated worker 0, off threshold: 28, current: 28, processed: 4
[28.358s][debug][gc,refine         ] Activated worker 0, on threshold: 30, current: 30
[28.359s][debug][gc,refine         ] Deactivated worker 0, off threshold: 28, current: 28, processed: 2
[28.359s][debug][gc,refine         ] Activated worker 0, on threshold: 30, current: 34
[28.361s][debug][gc,refine         ] Deactivated worker 0, off threshold: 28, current: 28, processed: 6
[28.470s][debug][gc,refine         ] Activated worker 0, on threshold: 30, current: 32
[28.471s][debug][gc,refine         ] Deactivated worker 0, off threshold: 28, current: 28, processed: 4
[28.475s][debug][gc,refine         ] Activated worker 0, on threshold: 30, current: 30
[28.475s][debug][gc,refine         ] Deactivated worker 0, off threshold: 28, current: 28, processed: 2
[28.476s][debug][gc,refine         ] Activated worker 0, on threshold: 30, current: 34
[28.479s][debug][gc,refine         ] Deactivated worker 0, off threshold: 28, current: 28, processed: 6
[28.581s][debug][gc,heap           ] GC(62) Heap before GC invocations=62 (full 0): garbage-first heap   total 1149952K, used 450260K [0x0000000780000000, 0x0000000800000000)
[28.581s][debug][gc,heap           ] GC(62)   region size 1024K, 321 young (328704K), 50 survivors (51200K)
[28.581s][debug][gc,heap           ] GC(62)  Metaspace       used 13199K, capacity 13598K, committed 13824K, reserved 1060864K
[28.581s][debug][gc,heap           ] GC(62)   class space    used 1352K, capacity 1515K, committed 1536K, reserved 1048576K
[28.581s][info ][gc,start          ] GC(62) Pause Young (Normal) (G1 Evacuation Pause)
[28.581s][info ][gc,task           ] GC(62) Using 4 workers of 4 for evacuation
[28.581s][debug][gc,tlab           ] GC(62) TLAB totals: thrds: 5  refills: 807 max: 801 slow allocs: 70 max 70 waste:  0.4% gc: 540632B max: 204928B slow: 476304B max: 474472B fast: 0B max: 0B
[28.581s][debug][gc,alloc,region   ] GC(62) Mutator Allocation stats, regions: 271, wasted size: 0B ( 0.0%)
[28.581s][debug][gc,age            ] GC(62) Desired survivor size 21495808 bytes, new threshold 1 (max threshold 15)
[28.581s][debug][gc,ergo,cset      ] GC(62) Finish choosing CSet. old: 0 regions, predicted old region time: 0.00ms, time remaining: 0.00
[28.582s][debug][gc,task,stats     ] GC(62) GC Termination Stats
[28.582s][debug][gc,task,stats     ] GC(62)      elapsed  --strong roots-- -------termination------- ------waste (KiB)------
[28.582s][debug][gc,refine         ] Activated worker 0, on threshold: 30, current: 32
[28.582s][debug][gc,task,stats     ] GC(62) thr     ms        ms      %        ms      %    attempts  total   alloc    undo
[28.582s][debug][gc,task,stats     ] GC(62) --- --------- --------- ------ --------- ------ -------- ------- ------- -------
[28.841s][debug][gc,task,stats     ] GC(62)   0    258.79    255.18  98.61      0.20   0.08        2       3       3       0
[28.841s][debug][gc,task,stats     ] GC(62)   1    258.89    255.82  98.81      0.27   0.11        2       2       2       0
[28.841s][debug][gc,task,stats     ] GC(62)   3    258.93    256.66  99.12      0.25   0.10        1       3       3       0
[28.841s][debug][gc,task,stats     ] GC(62)   2    258.98    255.83  98.78      0.00   0.00        1       2       2       0
[28.841s][debug][gc,ergo           ] GC(62) Running G1 Clear Card Table Task using 1 workers for 1 units of work for 357 regions.
[28.841s][debug][gc,ref            ] GC(62) Skipped phase1 of Reference Processing due to unavailable references
[28.841s][debug][gc,ref            ] GC(62) Skipped phase2 of Reference Processing due to unavailable references
[28.841s][debug][gc,ref            ] GC(62) Skipped phase3 of Reference Processing due to unavailable references
[28.841s][debug][gc,ref            ] GC(62) Skipped phase4 of Reference Processing due to unavailable references
[28.841s][debug][gc,ergo           ] GC(62) Running G1 Free Collection Set using 4 workers for collection set length 321
[28.841s][debug][gc,humongous      ] GC(62) Live humongous region 5 object size 524304 start 0x0000000780500000  with remset 0 code roots 0 is marked 0 reclaim candidate 0 type array 0
[28.841s][debug][gc,humongous      ] GC(62) Live humongous region 6 object size 1048592 start 0x0000000780600000  with remset 0 code roots 0 is marked 0 reclaim candidate 0 type array 0
[28.841s][debug][gc,humongous      ] GC(62) Live humongous region 8 object size 524304 start 0x0000000780800000  with remset 0 code roots 0 is marked 0 reclaim candidate 0 type array 0
[28.841s][debug][gc,humongous      ] GC(62) Live humongous region 13 object size 1048592 start 0x0000000780d00000  with remset 0 code roots 0 is marked 0 reclaim candidate 0 type array 0
[28.841s][debug][gc,humongous      ] GC(62) Live humongous region 17 object size 524304 start 0x0000000781100000  with remset 0 code roots 0 is marked 0 reclaim candidate 0 type array 0
[28.841s][debug][gc,humongous      ] GC(62) Live humongous region 19 object size 1048592 start 0x0000000781300000  with remset 0 code roots 0 is marked 0 reclaim candidate 0 type array 0
[28.841s][debug][gc,humongous      ] GC(62) Live humongous region 22 object size 524304 start 0x0000000781600000  with remset 0 code roots 0 is marked 0 reclaim candidate 0 type array 0
[28.841s][debug][gc,humongous      ] GC(62) Live humongous region 23 object size 1048592 start 0x0000000781700000  with remset 0 code roots 0 is marked 0 reclaim candidate 0 type array 0
[28.841s][debug][gc,humongous      ] GC(62) Live humongous region 25 object size 524304 start 0x0000000781900000  with remset 0 code roots 0 is marked 0 reclaim candidate 0 type array 0
[28.841s][debug][gc,humongous      ] GC(62) Live humongous region 26 object size 1048592 start 0x0000000781a00000  with remset 0 code roots 0 is marked 0 reclaim candidate 0 type array 0
[28.841s][debug][gc,humongous      ] GC(62) Live humongous region 29 object size 524304 start 0x0000000781d00000  with remset 0 code roots 0 is marked 0 reclaim candidate 0 type array 0
[28.841s][debug][gc,humongous      ] GC(62) Live humongous region 30 object size 1048592 start 0x0000000781e00000  with remset 0 code roots 0 is marked 0 reclaim candidate 0 type array 0
[28.841s][debug][gc,humongous      ] GC(62) Live humongous region 32 object size 524304 start 0x0000000782000000  with remset 0 code roots 0 is marked 0 reclaim candidate 0 type array 0
[28.841s][debug][gc,humongous      ] GC(62) Live humongous region 34 object size 1048592 start 0x0000000782200000  with remset 0 code roots 0 is marked 0 reclaim candidate 0 type array 0
[28.841s][debug][gc,humongous      ] GC(62) Live humongous region 36 object size 524304 start 0x0000000782400000  with remset 0 code roots 0 is marked 0 reclaim candidate 0 type array 0
[28.841s][debug][gc,humongous      ] GC(62) Live humongous region 38 object size 1048592 start 0x0000000782600000  with remset 0 code roots 0 is marked 0 reclaim candidate 0 type array 0
[28.841s][debug][gc,humongous      ] GC(62) Live humongous region 40 object size 524304 start 0x0000000782800000  with remset 0 code roots 0 is marked 0 reclaim candidate 0 type array 0
[28.841s][debug][gc,humongous      ] GC(62) Live humongous region 41 object size 1048592 start 0x0000000782900000  with remset 0 code roots 0 is marked 0 reclaim candidate 0 type array 0
[28.841s][debug][gc,humongous      ] GC(62) Live humongous region 43 object size 524304 start 0x0000000782b00000  with remset 0 code roots 0 is marked 0 reclaim candidate 0 type array 0
[28.841s][debug][gc,humongous      ] GC(62) Live humongous region 44 object size 1048592 start 0x0000000782c00000  with remset 0 code roots 0 is marked 0 reclaim candidate 0 type array 0
[28.841s][debug][gc,humongous      ] GC(62) Live humongous region 46 object size 524304 start 0x0000000782e00000  with remset 0 code roots 0 is marked 0 reclaim candidate 0 type array 0
[28.841s][debug][gc,humongous      ] GC(62) Live humongous region 47 object size 524304 start 0x0000000782f00000  with remset 0 code roots 0 is marked 0 reclaim candidate 0 type array 0
[28.841s][debug][gc,humongous      ] GC(62) Live humongous region 49 object size 1048592 start 0x0000000783100000  with remset 0 code roots 0 is marked 0 reclaim candidate 0 type array 0
[28.841s][debug][gc,humongous      ] GC(62) Live humongous region 51 object size 1048592 start 0x0000000783300000  with remset 0 code roots 0 is marked 0 reclaim candidate 0 type array 0
[28.841s][debug][gc,humongous      ] GC(62) Live humongous region 53 object size 524304 start 0x0000000783500000  with remset 0 code roots 0 is marked 0 reclaim candidate 0 type array 0
[28.841s][debug][gc,humongous      ] GC(62) Live humongous region 54 object size 1048592 start 0x0000000783600000  with remset 0 code roots 0 is marked 0 reclaim candidate 0 type array 0
[28.841s][debug][gc,humongous      ] GC(62) Live humongous region 56 object size 524304 start 0x0000000783800000  with remset 0 code roots 0 is marked 0 reclaim candidate 0 type array 0
[28.841s][debug][gc,humongous      ] GC(62) Live humongous region 57 object size 1048592 start 0x0000000783900000  with remset 0 code roots 0 is marked 0 reclaim candidate 0 type array 0
[28.841s][debug][gc,humongous      ] GC(62) Live humongous region 61 object size 524304 start 0x0000000783d00000  with remset 0 code roots 0 is marked 0 reclaim candidate 0 type array 0
[28.841s][debug][gc,humongous      ] GC(62) Live humongous region 62 object size 1048592 start 0x0000000783e00000  with remset 0 code roots 0 is marked 0 reclaim candidate 0 type array 0
[28.841s][debug][gc,humongous      ] GC(62) Live humongous region 64 object size 524304 start 0x0000000784000000  with remset 0 code roots 0 is marked 0 reclaim candidate 0 type array 0
[28.841s][debug][gc,humongous      ] GC(62) Live humongous region 65 object size 1048592 start 0x0000000784100000  with remset 0 code roots 0 is marked 0 reclaim candidate 0 type array 0
[28.841s][debug][gc,humongous      ] GC(62) Live humongous region 67 object size 524304 start 0x0000000784300000  with remset 0 code roots 0 is marked 0 reclaim candidate 0 type array 0
[28.841s][debug][gc,humongous      ] GC(62) Live humongous region 68 object size 1048592 start 0x0000000784400000  with remset 0 code roots 0 is marked 0 reclaim candidate 0 type array 0
[28.841s][debug][gc,humongous      ] GC(62) Live humongous region 70 object size 524304 start 0x0000000784600000  with remset 0 code roots 0 is marked 0 reclaim candidate 0 type array 0
[28.841s][debug][gc,humongous      ] GC(62) Live humongous region 71 object size 1048592 start 0x0000000784700000  with remset 0 code roots 0 is marked 0 reclaim candidate 0 type array 0
[28.841s][debug][gc,humongous      ] GC(62) Live humongous region 73 object size 524304 start 0x0000000784900000  with remset 0 code roots 0 is marked 0 reclaim candidate 0 type array 0
[28.841s][debug][gc,humongous      ] GC(62) Live humongous region 74 object size 1048592 start 0x0000000784a00000  with remset 0 code roots 0 is marked 0 reclaim candidate 0 type array 0
[28.841s][debug][gc,humongous      ] GC(62) Live humongous region 76 object size 524304 start 0x0000000784c00000  with remset 0 code roots 0 is marked 0 reclaim candidate 0 type array 0
[28.841s][debug][gc,humongous      ] GC(62) Live humongous region 77 object size 1048592 start 0x0000000784d00000  with remset 0 code roots 0 is marked 0 reclaim candidate 0 type array 0
[28.841s][debug][gc,humongous      ] GC(62) Live humongous region 79 object size 524304 start 0x0000000784f00000  with remset 0 code roots 0 is marked 0 reclaim candidate 0 type array 0
[28.842s][debug][gc,humongous      ] GC(62) Live humongous region 80 object size 1048592 start 0x0000000785000000  with remset 0 code roots 0 is marked 0 reclaim candidate 0 type array 0
[28.842s][debug][gc,humongous      ] GC(62) Live humongous region 82 object size 524304 start 0x0000000785200000  with remset 0 code roots 0 is marked 0 reclaim candidate 0 type array 0
[28.842s][debug][gc,humongous      ] GC(62) Live humongous region 83 object size 1048592 start 0x0000000785300000  with remset 0 code roots 0 is marked 0 reclaim candidate 0 type array 0
[28.842s][debug][gc,humongous      ] GC(62) Live humongous region 85 object size 524304 start 0x0000000785500000  with remset 0 code roots 0 is marked 0 reclaim candidate 0 type array 0
[28.842s][debug][gc,humongous      ] GC(62) Live humongous region 86 object size 1048592 start 0x0000000785600000  with remset 0 code roots 0 is marked 0 reclaim candidate 0 type array 0
[28.842s][debug][gc,humongous      ] GC(62) Live humongous region 88 object size 524304 start 0x0000000785800000  with remset 0 code roots 0 is marked 0 reclaim candidate 0 type array 0
[28.842s][debug][gc,humongous      ] GC(62) Live humongous region 89 object size 1048592 start 0x0000000785900000  with remset 0 code roots 0 is marked 0 reclaim candidate 0 type array 0
[28.842s][debug][gc,humongous      ] GC(62) Live humongous region 91 object size 524304 start 0x0000000785b00000  with remset 0 code roots 0 is marked 0 reclaim candidate 0 type array 0
[28.842s][debug][gc,humongous      ] GC(62) Live humongous region 92 object size 1048592 start 0x0000000785c00000  with remset 0 code roots 0 is marked 0 reclaim candidate 0 type array 0
[28.842s][debug][gc,humongous      ] GC(62) Live humongous region 162 object size 524304 start 0x000000078a200000  with remset 0 code roots 0 is marked 0 reclaim candidate 0 type array 0
[28.842s][debug][gc,humongous      ] GC(62) Live humongous region 163 object size 1048592 start 0x000000078a300000  with remset 0 code roots 0 is marked 0 reclaim candidate 0 type array 0
[28.842s][debug][gc,plab           ] GC(62) Young PLAB allocation: allocated: 42991616B, wasted: 1984B, unused: 0B, used: 42989632B, undo waste: 0B, 
[28.842s][debug][gc,plab           ] GC(62) Young other allocation: region end waste: 0B, regions filled: 41, direct allocated: 0B, failure used: 0B, failure wasted: 0B
[28.842s][debug][gc,plab           ] GC(62) Young sizing: calculated: 8597920B, actual: 8611352B
[28.842s][debug][gc,plab           ] GC(62) Old PLAB allocation: allocated: 227323904B, wasted: 10368B, unused: 855752B, used: 226457784B, undo waste: 0B, 
[28.842s][debug][gc,plab           ] GC(62) Old other allocation: region end waste: 0B, regions filled: 218, direct allocated: 0B, failure used: 0B, failure wasted: 0B
[28.842s][debug][gc,plab           ] GC(62) Old sizing: calculated: 45291552B, actual: 37658584B
[28.842s][info ][gc,mmu            ] GC(62) MMU target violated: 201.0ms (200.0ms/201.0ms)
[28.842s][debug][gc,ergo,ihop      ] GC(62) Request concurrent cycle initiation (occupancy higher than threshold) occupancy: 352321536B allocation request: 0B threshold: 174165659B (14.79) source: end of GC
[28.842s][debug][gc,alloc,stats    ] Old generation allocation in the last mutator period, old gen allocated: 227323904B, humongous allocated: 81788928B,old gen growth: 265072640B.
[28.842s][debug][gc,ihop           ] GC(62) Basic information (value update), threshold: 249506030B (21.19), target occupancy: 1177550848B, current occupancy: 394788864B, recent allocation size: 309112832B, recent allocation duration: 3030.34ms, recent old gen allocation rate: 102006059.13B/s, recent marking phase length: 232.15ms
[28.842s][debug][gc,ihop           ] GC(62) Adaptive IHOP information (value update), threshold: 249506030B (22.30), internal target occupancy: 1118673305B, occupancy: 394788864B, additional buffer size: 246415360B, predicted old gen allocation rate: 1754351064.26B/s, predicted marking phase length: 354.98ms, prediction active: true
[28.842s][debug][gc,ergo,refine    ] GC(62) Updated Refinement Zones: green: 30, yellow: 90, red: 150
[28.842s][info ][gc,phases         ] GC(62)   Pre Evacuate Collection Set: 0.1ms
[28.842s][debug][gc,phases         ] GC(62)     Prepare TLABs: 0.0ms
[28.842s][debug][gc,phases         ] GC(62)     Choose Collection Set: 0.0ms
[28.842s][debug][gc,phases         ] GC(62)     Humongous Register: 0.0ms
[28.842s][info ][gc,phases         ] GC(62)   Evacuate Collection Set: 259.2ms
[28.842s][debug][gc,phases         ] GC(62)     Ext Root Scanning (ms):   Min:  0.1, Avg:  0.2, Max:  0.2, Diff:  0.1, Sum:  0.6, Workers: 4
[28.842s][debug][gc,phases         ] GC(62)     Update RS (ms):           Min:  1.9, Avg:  2.7, Max:  5.0, Diff:  3.1, Sum: 11.0, Workers: 4
[28.842s][debug][gc,phases         ] GC(62)       Processed Buffers:        Min: 4, Avg:  8.0, Max: 20, Diff: 16, Sum: 32, Workers: 4
[28.842s][debug][gc,phases         ] GC(62)       Scanned Cards:            Min: 1024, Avg: 1813.0, Max: 4180, Diff: 3156, Sum: 7252, Workers: 4
[28.842s][debug][gc,phases         ] GC(62)       Skipped Cards:            Min: 0, Avg:  0.0, Max: 0, Diff: 0, Sum: 0, Workers: 4
[28.842s][debug][gc,phases         ] GC(62)     Scan RS (ms):             Min:  8.3, Avg: 10.2, Max: 14.9, Diff:  6.6, Sum: 40.7, Workers: 4
[28.842s][debug][gc,phases         ] GC(62)       Scanned Cards:            Min: 4392, Avg: 4596.8, Max: 4760, Diff: 368, Sum: 18387, Workers: 4
[28.842s][debug][gc,phases         ] GC(62)       Claimed Cards:            Min: 4449, Avg: 4657.8, Max: 4825, Diff: 376, Sum: 18631, Workers: 4
[28.842s][debug][gc,phases         ] GC(62)       Skipped Cards:            Min: 701, Avg: 1633.8, Max: 2637, Diff: 1936, Sum: 6535, Workers: 4
[28.842s][debug][gc,phases         ] GC(62)     Code Root Scanning (ms):  Min:  0.0, Avg:  0.0, Max:  0.1, Diff:  0.0, Sum:  0.1, Workers: 4
[28.842s][debug][gc,phases         ] GC(62)     JVMCI Root Scan (ms):     skipped
[28.842s][debug][gc,phases         ] GC(62)     Object Copy (ms):         Min: 238.3, Avg: 245.4, Max: 248.2, Diff:  9.9, Sum: 981.6, Workers: 4
[28.842s][debug][gc,phases         ] GC(62)     Termination (ms):         Min:  0.0, Avg:  0.2, Max:  0.3, Diff:  0.3, Sum:  0.7, Workers: 4
[28.842s][debug][gc,phases         ] GC(62)       Termination Attempts:     Min: 1, Avg:  1.5, Max: 2, Diff: 1, Sum: 6, Workers: 4
[28.842s][debug][gc,phases         ] GC(62)     GC Worker Other (ms):     Min:  0.2, Avg:  0.2, Max:  0.3, Diff:  0.1, Sum:  1.0, Workers: 4
[28.842s][debug][gc,phases         ] GC(62)     GC Worker Total (ms):     Min: 258.9, Avg: 258.9, Max: 259.0, Diff:  0.2, Sum: 1035.8, Workers: 4
[28.842s][info ][gc,phases         ] GC(62)   Post Evacuate Collection Set: 0.9ms
[28.842s][debug][gc,phases         ] GC(62)     Code Roots Fixup: 0.0ms
[28.842s][debug][gc,phases         ] GC(62)     Clear Card Table: 0.1ms
[28.842s][debug][gc,phases         ] GC(62)     Reference Processing: 0.1ms
[28.842s][debug][gc,phases,ref     ] GC(62)       Reconsider SoftReferences: 0.0ms
[28.842s][debug][gc,phases,ref     ] GC(62)         SoftRef (ms):             skipped
[28.842s][debug][gc,phases,ref     ] GC(62)       Notify Soft/WeakReferences: 0.0ms
[28.842s][debug][gc,phases,ref     ] GC(62)         SoftRef (ms):             skipped
[28.842s][debug][gc,phases,ref     ] GC(62)         WeakRef (ms):             skipped
[28.842s][debug][gc,phases,ref     ] GC(62)         FinalRef (ms):            skipped
[28.842s][debug][gc,phases,ref     ] GC(62)         Total (ms):               skipped
[28.842s][debug][gc,phases,ref     ] GC(62)       Notify and keep alive finalizable: 0.0ms
[28.842s][debug][gc,phases,ref     ] GC(62)         FinalRef (ms):            skipped
[28.842s][debug][gc,phases,ref     ] GC(62)       Notify PhantomReferences: 0.0ms
[28.842s][debug][gc,phases,ref     ] GC(62)         PhantomRef (ms):          skipped
[28.842s][debug][gc,phases,ref     ] GC(62)       SoftReference:
[28.842s][debug][gc,phases,ref     ] GC(62)         Discovered: 0
[28.842s][debug][gc,phases,ref     ] GC(62)         Cleared: 0
[28.842s][debug][gc,phases,ref     ] GC(62)       WeakReference:
[28.842s][debug][gc,phases,ref     ] GC(62)         Discovered: 0
[28.842s][debug][gc,phases,ref     ] GC(62)         Cleared: 0
[28.842s][debug][gc,phases,ref     ] GC(62)       FinalReference:
[28.842s][debug][gc,phases,ref     ] GC(62)         Discovered: 0
[28.842s][debug][gc,phases,ref     ] GC(62)         Cleared: 0
[28.842s][debug][gc,phases,ref     ] GC(62)       PhantomReference:
[28.842s][debug][gc,phases,ref     ] GC(62)         Discovered: 0
[28.842s][debug][gc,phases,ref     ] GC(62)         Cleared: 0
[28.842s][debug][gc,phases         ] GC(62)     Weak Processing: 0.0ms
[28.842s][debug][gc,phases         ] GC(62)     Merge Per-Thread State: 0.0ms
[28.842s][debug][gc,phases         ] GC(62)     Code Roots Purge: 0.0ms
[28.842s][debug][gc,phases         ] GC(62)     Redirty Cards: 0.0ms
[28.842s][debug][gc,phases         ] GC(62)     DerivedPointerTable Update: 0.0ms
[28.842s][debug][gc,phases         ] GC(62)     Free Collection Set: 0.1ms
[28.842s][debug][gc,phases         ] GC(62)     Humongous Reclaim: 0.6ms
[28.842s][debug][gc,phases         ] GC(62)     Start New Collection Set: 0.0ms
[28.842s][debug][gc,phases         ] GC(62)     Resize TLABs: 0.0ms
[28.842s][debug][gc,phases         ] GC(62)     Expand Heap After Collection: 0.0ms
[28.842s][info ][gc,phases         ] GC(62)   Other: 0.7ms
[28.842s][info ][gc,heap           ] GC(62) Eden regions: 271->0(194)
[28.842s][info ][gc,heap           ] GC(62) Survivor regions: 50->41(41)
[28.843s][info ][gc,heap           ] GC(62) Old regions: 41->258
[28.843s][info ][gc,heap           ] GC(62) Humongous regions: 78->78
[28.843s][info ][gc,metaspace      ] GC(62) Metaspace: 13199K->13199K(1060864K)
[28.843s][debug][gc,heap           ] GC(62) Heap after GC invocations=63 (full 0): garbage-first heap   total 1149952K, used 385536K [0x0000000780000000, 0x0000000800000000)
[28.843s][debug][gc,heap           ] GC(62)   region size 1024K, 41 young (41984K), 41 survivors (41984K)
[28.843s][debug][gc,heap           ] GC(62)  Metaspace       used 13199K, capacity 13598K, committed 13824K, reserved 1060864K
[28.843s][debug][gc,heap           ] GC(62)   class space    used 1352K, capacity 1515K, committed 1536K, reserved 1048576K
[28.843s][info ][gc                ] GC(62) Pause Young (Normal) (G1 Evacuation Pause) 439M->376M(1123M) 261.420ms
[28.843s][info ][gc,cpu            ] GC(62) User=0.79s Sys=0.03s Real=0.26s
[28.843s][debug][gc,refine         ] Deactivated worker 0, off threshold: 30, current: 16, processed: 0
[28.843s][debug][gc,ergo,ihop      ] Request concurrent cycle initiation (occupancy higher than threshold) occupancy: 352321536B allocation request: 524304B threshold: 249506030B (21.19) source: concurrent humongous allocation
[28.845s][debug][gc,ergo           ] Request concurrent cycle initiation (requested by GC cause). GC cause: G1 Humongous Allocation
[28.845s][debug][gc,heap           ] GC(63) Heap before GC invocations=63 (full 0): garbage-first heap   total 1149952K, used 386560K [0x0000000780000000, 0x0000000800000000)
[28.845s][debug][gc,heap           ] GC(63)   region size 1024K, 43 young (44032K), 41 survivors (41984K)
[28.845s][debug][gc,heap           ] GC(63)  Metaspace       used 13202K, capacity 13662K, committed 13824K, reserved 1060864K
[28.845s][debug][gc,heap           ] GC(63)   class space    used 1352K, capacity 1515K, committed 1536K, reserved 1048576K
[28.845s][debug][gc,ergo           ] GC(63) Initiate concurrent cycle (concurrent cycle initiation requested)
[28.845s][info ][gc,start          ] GC(63) Pause Young (Concurrent Start) (G1 Humongous Allocation)
[28.845s][info ][gc,task           ] GC(63) Using 4 workers of 4 for evacuation
[28.845s][debug][gc,tlab           ] GC(63) TLAB totals: thrds: 4  refills: 8 max: 5 slow allocs: 1 max 1 waste: 41.2% gc: 673464B max: 395088B slow: 2352B max: 2352B fast: 0B max: 0B
[28.845s][debug][gc,alloc,region   ] GC(63) Mutator Allocation stats, regions: 2, wasted size: 0B ( 0.0%)
[28.845s][debug][gc,age            ] GC(63) Desired survivor size 15728640 bytes, new threshold 1 (max threshold 15)
[28.845s][debug][gc,ergo,cset      ] GC(63) Finish choosing CSet. old: 0 regions, predicted old region time: 0.00ms, time remaining: 182.45
[28.846s][debug][gc,task,stats     ] GC(63) GC Termination Stats
[28.846s][debug][gc,task,stats     ] GC(63)      elapsed  --strong roots-- -------termination------- ------waste (KiB)------
[28.846s][debug][gc,task,stats     ] GC(63) thr     ms        ms      %        ms      %    attempts  total   alloc    undo
[28.846s][debug][gc,task,stats     ] GC(63) --- --------- --------- ------ --------- ------ -------- ------- ------- -------
[28.877s][debug][gc,task,stats     ] GC(63)   2     31.14     29.61  95.11      0.00   0.00        1       0       0       0
[28.877s][debug][gc,task,stats     ] GC(63)   3     31.00     30.90  99.65      0.00   0.00        1       0       0       0
[28.877s][debug][gc,task,stats     ] GC(63)   0     31.26     30.64  98.03      0.00   0.00        1       0       0       0
[28.877s][debug][gc,task,stats     ] GC(63)   1     31.28     29.91  95.63      0.00   0.00        1       0       0       0
[28.877s][debug][gc,ergo           ] GC(63) Running G1 Clear Card Table Task using 1 workers for 1 units of work for 53 regions.
[28.877s][debug][gc,ref            ] GC(63) Skipped phase1 of Reference Processing due to unavailable references
[28.877s][debug][gc,ref            ] GC(63) Skipped phase2 of Reference Processing due to unavailable references
[28.877s][debug][gc,ref            ] GC(63) Skipped phase3 of Reference Processing due to unavailable references
[28.877s][debug][gc,ref            ] GC(63) Skipped phase4 of Reference Processing due to unavailable references
[28.877s][debug][gc,ergo           ] GC(63) Running G1 Free Collection Set using 1 workers for collection set length 43
[28.877s][debug][gc,humongous      ] GC(63) Live humongous region 5 object size 524304 start 0x0000000780500000  with remset 0 code roots 0 is marked 0 reclaim candidate 0 type array 0
[28.877s][debug][gc,humongous      ] GC(63) Live humongous region 6 object size 1048592 start 0x0000000780600000  with remset 0 code roots 0 is marked 0 reclaim candidate 0 type array 0
[28.877s][debug][gc,humongous      ] GC(63) Live humongous region 8 object size 524304 start 0x0000000780800000  with remset 0 code roots 0 is marked 0 reclaim candidate 0 type array 0
[28.877s][debug][gc,humongous      ] GC(63) Live humongous region 13 object size 1048592 start 0x0000000780d00000  with remset 0 code roots 0 is marked 0 reclaim candidate 0 type array 0
[28.877s][debug][gc,humongous      ] GC(63) Live humongous region 17 object size 524304 start 0x0000000781100000  with remset 0 code roots 0 is marked 0 reclaim candidate 0 type array 0
[28.877s][debug][gc,humongous      ] GC(63) Live humongous region 19 object size 1048592 start 0x0000000781300000  with remset 0 code roots 0 is marked 0 reclaim candidate 0 type array 0
[28.877s][debug][gc,humongous      ] GC(63) Live humongous region 22 object size 524304 start 0x0000000781600000  with remset 0 code roots 0 is marked 0 reclaim candidate 0 type array 0
[28.877s][debug][gc,humongous      ] GC(63) Live humongous region 23 object size 1048592 start 0x0000000781700000  with remset 0 code roots 0 is marked 0 reclaim candidate 0 type array 0
[28.877s][debug][gc,humongous      ] GC(63) Live humongous region 25 object size 524304 start 0x0000000781900000  with remset 0 code roots 0 is marked 0 reclaim candidate 0 type array 0
[28.877s][debug][gc,humongous      ] GC(63) Live humongous region 26 object size 1048592 start 0x0000000781a00000  with remset 0 code roots 0 is marked 0 reclaim candidate 0 type array 0
[28.877s][debug][gc,humongous      ] GC(63) Live humongous region 29 object size 524304 start 0x0000000781d00000  with remset 0 code roots 0 is marked 0 reclaim candidate 0 type array 0
[28.877s][debug][gc,humongous      ] GC(63) Live humongous region 30 object size 1048592 start 0x0000000781e00000  with remset 0 code roots 0 is marked 0 reclaim candidate 0 type array 0
[28.877s][debug][gc,humongous      ] GC(63) Live humongous region 32 object size 524304 start 0x0000000782000000  with remset 0 code roots 0 is marked 0 reclaim candidate 0 type array 0
[28.877s][debug][gc,humongous      ] GC(63) Live humongous region 34 object size 1048592 start 0x0000000782200000  with remset 0 code roots 0 is marked 0 reclaim candidate 0 type array 0
[28.877s][debug][gc,humongous      ] GC(63) Live humongous region 36 object size 524304 start 0x0000000782400000  with remset 0 code roots 0 is marked 0 reclaim candidate 0 type array 0
[28.877s][debug][gc,humongous      ] GC(63) Live humongous region 38 object size 1048592 start 0x0000000782600000  with remset 0 code roots 0 is marked 0 reclaim candidate 0 type array 0
[28.877s][debug][gc,humongous      ] GC(63) Live humongous region 40 object size 524304 start 0x0000000782800000  with remset 0 code roots 0 is marked 0 reclaim candidate 0 type array 0
[28.877s][debug][gc,humongous      ] GC(63) Live humongous region 41 object size 1048592 start 0x0000000782900000  with remset 0 code roots 0 is marked 0 reclaim candidate 0 type array 0
[28.877s][debug][gc,humongous      ] GC(63) Live humongous region 43 object size 524304 start 0x0000000782b00000  with remset 0 code roots 0 is marked 0 reclaim candidate 0 type array 0
[28.877s][debug][gc,humongous      ] GC(63) Live humongous region 44 object size 1048592 start 0x0000000782c00000  with remset 0 code roots 0 is marked 0 reclaim candidate 0 type array 0
[28.877s][debug][gc,humongous      ] GC(63) Live humongous region 46 object size 524304 start 0x0000000782e00000  with remset 0 code roots 0 is marked 0 reclaim candidate 0 type array 0
[28.877s][debug][gc,humongous      ] GC(63) Live humongous region 47 object size 524304 start 0x0000000782f00000  with remset 0 code roots 0 is marked 0 reclaim candidate 0 type array 0
[28.877s][debug][gc,humongous      ] GC(63) Live humongous region 49 object size 1048592 start 0x0000000783100000  with remset 0 code roots 0 is marked 0 reclaim candidate 0 type array 0
[28.877s][debug][gc,humongous      ] GC(63) Live humongous region 51 object size 1048592 start 0x0000000783300000  with remset 0 code roots 0 is marked 0 reclaim candidate 0 type array 0
[28.877s][debug][gc,humongous      ] GC(63) Live humongous region 53 object size 524304 start 0x0000000783500000  with remset 0 code roots 0 is marked 0 reclaim candidate 0 type array 0
[28.877s][debug][gc,humongous      ] GC(63) Live humongous region 54 object size 1048592 start 0x0000000783600000  with remset 0 code roots 0 is marked 0 reclaim candidate 0 type array 0
[28.877s][debug][gc,humongous      ] GC(63) Live humongous region 56 object size 524304 start 0x0000000783800000  with remset 0 code roots 0 is marked 0 reclaim candidate 0 type array 0
[28.877s][debug][gc,humongous      ] GC(63) Live humongous region 57 object size 1048592 start 0x0000000783900000  with remset 0 code roots 0 is marked 0 reclaim candidate 0 type array 0
[28.877s][debug][gc,humongous      ] GC(63) Live humongous region 61 object size 524304 start 0x0000000783d00000  with remset 0 code roots 0 is marked 0 reclaim candidate 0 type array 0
[28.877s][debug][gc,humongous      ] GC(63) Live humongous region 62 object size 1048592 start 0x0000000783e00000  with remset 0 code roots 0 is marked 0 reclaim candidate 0 type array 0
[28.877s][debug][gc,humongous      ] GC(63) Live humongous region 64 object size 524304 start 0x0000000784000000  with remset 0 code roots 0 is marked 0 reclaim candidate 0 type array 0
[28.877s][debug][gc,humongous      ] GC(63) Live humongous region 65 object size 1048592 start 0x0000000784100000  with remset 0 code roots 0 is marked 0 reclaim candidate 0 type array 0
[28.877s][debug][gc,humongous      ] GC(63) Live humongous region 67 object size 524304 start 0x0000000784300000  with remset 0 code roots 0 is marked 0 reclaim candidate 0 type array 0
[28.878s][debug][gc,humongous      ] GC(63) Live humongous region 68 object size 1048592 start 0x0000000784400000  with remset 0 code roots 0 is marked 0 reclaim candidate 0 type array 0
[28.878s][debug][gc,humongous      ] GC(63) Live humongous region 70 object size 524304 start 0x0000000784600000  with remset 0 code roots 0 is marked 0 reclaim candidate 0 type array 0
[28.878s][debug][gc,humongous      ] GC(63) Live humongous region 71 object size 1048592 start 0x0000000784700000  with remset 0 code roots 0 is marked 0 reclaim candidate 0 type array 0
[28.878s][debug][gc,humongous      ] GC(63) Live humongous region 73 object size 524304 start 0x0000000784900000  with remset 0 code roots 0 is marked 0 reclaim candidate 0 type array 0
[28.878s][debug][gc,humongous      ] GC(63) Live humongous region 74 object size 1048592 start 0x0000000784a00000  with remset 0 code roots 0 is marked 0 reclaim candidate 0 type array 0
[28.878s][debug][gc,humongous      ] GC(63) Live humongous region 76 object size 524304 start 0x0000000784c00000  with remset 0 code roots 0 is marked 0 reclaim candidate 0 type array 0
[28.878s][debug][gc,humongous      ] GC(63) Live humongous region 77 object size 1048592 start 0x0000000784d00000  with remset 0 code roots 0 is marked 0 reclaim candidate 0 type array 0
[28.878s][debug][gc,humongous      ] GC(63) Live humongous region 79 object size 524304 start 0x0000000784f00000  with remset 0 code roots 0 is marked 0 reclaim candidate 0 type array 0
[28.878s][debug][gc,humongous      ] GC(63) Live humongous region 80 object size 1048592 start 0x0000000785000000  with remset 0 code roots 0 is marked 0 reclaim candidate 0 type array 0
[28.878s][debug][gc,humongous      ] GC(63) Live humongous region 82 object size 524304 start 0x0000000785200000  with remset 0 code roots 0 is marked 0 reclaim candidate 0 type array 0
[28.878s][debug][gc,humongous      ] GC(63) Live humongous region 83 object size 1048592 start 0x0000000785300000  with remset 0 code roots 0 is marked 0 reclaim candidate 0 type array 0
[28.878s][debug][gc,humongous      ] GC(63) Live humongous region 85 object size 524304 start 0x0000000785500000  with remset 0 code roots 0 is marked 0 reclaim candidate 0 type array 0
[28.878s][debug][gc,humongous      ] GC(63) Live humongous region 86 object size 1048592 start 0x0000000785600000  with remset 0 code roots 0 is marked 0 reclaim candidate 0 type array 0
[28.878s][debug][gc,humongous      ] GC(63) Live humongous region 88 object size 524304 start 0x0000000785800000  with remset 0 code roots 0 is marked 0 reclaim candidate 0 type array 0
[28.878s][debug][gc,humongous      ] GC(63) Live humongous region 89 object size 1048592 start 0x0000000785900000  with remset 0 code roots 0 is marked 0 reclaim candidate 0 type array 0
[28.878s][debug][gc,humongous      ] GC(63) Live humongous region 91 object size 524304 start 0x0000000785b00000  with remset 0 code roots 0 is marked 0 reclaim candidate 0 type array 0
[28.878s][debug][gc,humongous      ] GC(63) Live humongous region 92 object size 1048592 start 0x0000000785c00000  with remset 0 code roots 0 is marked 0 reclaim candidate 0 type array 0
[28.878s][debug][gc,humongous      ] GC(63) Live humongous region 162 object size 524304 start 0x000000078a200000  with remset 0 code roots 0 is marked 0 reclaim candidate 0 type array 0
[28.878s][debug][gc,humongous      ] GC(63) Live humongous region 163 object size 1048592 start 0x000000078a300000  with remset 0 code roots 0 is marked 0 reclaim candidate 0 type array 0
[28.878s][debug][gc,plab           ] GC(63) Young PLAB allocation: allocated: 2621440B, wasted: 16B, unused: 1669216B, used: 952208B, undo waste: 0B, 
[28.878s][debug][gc,plab           ] GC(63) Young other allocation: region end waste: 0B, regions filled: 3, direct allocated: 0B, failure used: 0B, failure wasted: 0B
[28.878s][debug][gc,plab           ] GC(63) Young sizing: calculated: 190440B, actual: 2295664B
[28.878s][debug][gc,plab           ] GC(63) Old PLAB allocation: allocated: 44040192B, wasted: 1920B, unused: 1048640B, used: 42989632B, undo waste: 0B, 
[28.878s][debug][gc,plab           ] GC(63) Old other allocation: region end waste: 0B, regions filled: 43, direct allocated: 0B, failure used: 0B, failure wasted: 0B
[28.878s][debug][gc,plab           ] GC(63) Old sizing: calculated: 8597920B, actual: 15863088B
[28.878s][debug][gc,ergo,heap      ] GC(63) Attempt heap expansion (recent GC overhead higher than threshold after GC) recent GC overhead: 9.58 % threshold: 7.69 % uncommitted: 969932800B base expansion amount and scale: 193986560B (174.09%)
[28.878s][debug][gc,ergo,heap      ] GC(63) Expand the heap. requested expansion amount: 337702880B expansion amount: 338690048B
[28.880s][debug][gc,ihop           ] GC(63) Target occupancy update: old: 1177550848B, new: 1516240896B
[28.880s][debug][gc,alloc,stats    ] Old generation allocation in the last mutator period, old gen allocated: 44040192B, humongous allocated: 0B,old gen growth: 44040192B.
[28.880s][debug][gc,ihop           ] GC(63) Basic information (value update), threshold: 242879452B (16.02), target occupancy: 1516240896B, current occupancy: 398458880B, recent allocation size: 44040192B, recent allocation duration: 3.46ms, recent old gen allocation rate: 12726970396.06B/s, recent marking phase length: 232.15ms
[28.880s][debug][gc,ihop           ] GC(63) Adaptive IHOP information (value update), threshold: 242879452B (16.86), internal target occupancy: 1440428851B, occupancy: 398458880B, additional buffer size: 161480704B, predicted old gen allocation rate: 2918703536.83B/s, predicted marking phase length: 354.98ms, prediction active: true
[28.880s][debug][gc,ergo,refine    ] GC(63) Updated Refinement Zones: green: 30, yellow: 90, red: 150
[28.880s][info ][gc,phases         ] GC(63)   Pre Evacuate Collection Set: 0.2ms
[28.880s][debug][gc,phases         ] GC(63)     Prepare TLABs: 0.0ms
[28.880s][debug][gc,phases         ] GC(63)     Choose Collection Set: 0.0ms
[28.880s][debug][gc,phases         ] GC(63)     Humongous Register: 0.0ms
[28.880s][debug][gc,phases         ] GC(63)     Clear Claimed Marks: 0.1ms
[28.880s][info ][gc,phases         ] GC(63)   Evacuate Collection Set: 31.4ms
[28.880s][debug][gc,phases         ] GC(63)     Ext Root Scanning (ms):   Min:  0.4, Avg:  1.0, Max:  2.8, Diff:  2.4, Sum:  3.9, Workers: 4
[28.880s][debug][gc,phases         ] GC(63)     Update RS (ms):           Min:  1.3, Avg:  1.9, Max:  3.0, Diff:  1.7, Sum:  7.5, Workers: 4
[28.880s][debug][gc,phases         ] GC(63)       Processed Buffers:        Min: 3, Avg:  4.5, Max: 6, Diff: 3, Sum: 18, Workers: 4
[28.880s][debug][gc,phases         ] GC(63)       Scanned Cards:            Min: 768, Avg: 828.0, Max: 872, Diff: 104, Sum: 3312, Workers: 4
[28.880s][debug][gc,phases         ] GC(63)       Skipped Cards:            Min: 0, Avg:  0.0, Max: 0, Diff: 0, Sum: 0, Workers: 4
[28.880s][debug][gc,phases         ] GC(63)     Scan RS (ms):             Min:  0.0, Avg:  0.0, Max:  0.0, Diff:  0.0, Sum:  0.0, Workers: 4
[28.880s][debug][gc,phases         ] GC(63)       Scanned Cards:            Min: 0, Avg:  0.0, Max: 0, Diff: 0, Sum: 0, Workers: 4
[28.880s][debug][gc,phases         ] GC(63)       Claimed Cards:            Min: 0, Avg:  0.0, Max: 0, Diff: 0, Sum: 0, Workers: 4
[28.880s][debug][gc,phases         ] GC(63)       Skipped Cards:            Min: 0, Avg:  0.0, Max: 0, Diff: 0, Sum: 0, Workers: 4
[28.880s][debug][gc,phases         ] GC(63)     Code Root Scanning (ms):  Min:  0.0, Avg:  0.0, Max:  0.0, Diff:  0.0, Sum:  0.0, Workers: 4
[28.880s][debug][gc,phases         ] GC(63)     JVMCI Root Scan (ms):     skipped
[28.880s][debug][gc,phases         ] GC(63)     Object Copy (ms):         Min: 26.6, Avg: 28.2, Max: 29.4, Diff:  2.9, Sum: 112.7, Workers: 4
[28.880s][debug][gc,phases         ] GC(63)     Termination (ms):         Min:  0.0, Avg:  0.0, Max:  0.0, Diff:  0.0, Sum:  0.0, Workers: 4
[28.880s][debug][gc,phases         ] GC(63)       Termination Attempts:     Min: 1, Avg:  1.0, Max: 1, Diff: 0, Sum: 4, Workers: 4
[28.880s][debug][gc,phases         ] GC(63)     GC Worker Other (ms):     Min:  0.1, Avg:  0.1, Max:  0.2, Diff:  0.0, Sum:  0.6, Workers: 4
[28.880s][debug][gc,phases         ] GC(63)     GC Worker Total (ms):     Min: 31.0, Avg: 31.2, Max: 31.3, Diff:  0.3, Sum: 124.8, Workers: 4
[28.880s][info ][gc,phases         ] GC(63)   Post Evacuate Collection Set: 3.0ms
[28.880s][debug][gc,phases         ] GC(63)     Code Roots Fixup: 0.0ms
[28.880s][debug][gc,phases         ] GC(63)     Clear Card Table: 0.0ms
[28.880s][debug][gc,phases         ] GC(63)     Reference Processing: 0.0ms
[28.880s][debug][gc,phases,ref     ] GC(63)       Reconsider SoftReferences: 0.0ms
[28.880s][debug][gc,phases,ref     ] GC(63)         SoftRef (ms):             skipped
[28.880s][debug][gc,phases,ref     ] GC(63)       Notify Soft/WeakReferences: 0.0ms
[28.880s][debug][gc,phases,ref     ] GC(63)         SoftRef (ms):             skipped
[28.880s][debug][gc,phases,ref     ] GC(63)         WeakRef (ms):             skipped
[28.880s][debug][gc,phases,ref     ] GC(63)         FinalRef (ms):            skipped
[28.880s][debug][gc,phases,ref     ] GC(63)         Total (ms):               skipped
[28.880s][debug][gc,phases,ref     ] GC(63)       Notify and keep alive finalizable: 0.0ms
[28.880s][debug][gc,phases,ref     ] GC(63)         FinalRef (ms):            skipped
[28.880s][debug][gc,phases,ref     ] GC(63)       Notify PhantomReferences: 0.0ms
[28.880s][debug][gc,phases,ref     ] GC(63)         PhantomRef (ms):          skipped
[28.880s][debug][gc,phases,ref     ] GC(63)       SoftReference:
[28.880s][debug][gc,phases,ref     ] GC(63)         Discovered: 0
[28.880s][debug][gc,phases,ref     ] GC(63)         Cleared: 0
[28.880s][debug][gc,phases,ref     ] GC(63)       WeakReference:
[28.880s][debug][gc,phases,ref     ] GC(63)         Discovered: 0
[28.880s][debug][gc,phases,ref     ] GC(63)         Cleared: 0
[28.880s][debug][gc,phases,ref     ] GC(63)       FinalReference:
[28.880s][debug][gc,phases,ref     ] GC(63)         Discovered: 0
[28.880s][debug][gc,phases,ref     ] GC(63)         Cleared: 0
[28.881s][debug][gc,phases,ref     ] GC(63)       PhantomReference:
[28.881s][debug][gc,phases,ref     ] GC(63)         Discovered: 0
[28.881s][debug][gc,phases,ref     ] GC(63)         Cleared: 0
[28.881s][debug][gc,phases         ] GC(63)     Weak Processing: 0.0ms
[28.881s][debug][gc,phases         ] GC(63)     Merge Per-Thread State: 0.0ms
[28.881s][debug][gc,phases         ] GC(63)     Code Roots Purge: 0.0ms
[28.881s][debug][gc,phases         ] GC(63)     Redirty Cards: 0.0ms
[28.881s][debug][gc,phases         ] GC(63)     DerivedPointerTable Update: 0.0ms
[28.881s][debug][gc,phases         ] GC(63)     Free Collection Set: 0.1ms
[28.881s][debug][gc,phases         ] GC(63)     Humongous Reclaim: 0.5ms
[28.881s][debug][gc,phases         ] GC(63)     Start New Collection Set: 0.0ms
[28.881s][debug][gc,phases         ] GC(63)     Resize TLABs: 0.0ms
[28.881s][debug][gc,phases         ] GC(63)     Expand Heap After Collection: 2.3ms
[28.881s][info ][gc,phases         ] GC(63)   Other: 0.6ms
[28.881s][info ][gc,heap           ] GC(63) Eden regions: 2->0(151)
[28.881s][info ][gc,heap           ] GC(63) Survivor regions: 41->3(30)
[28.881s][info ][gc,heap           ] GC(63) Old regions: 258->300
[28.881s][info ][gc,heap           ] GC(63) Humongous regions: 78->78
[28.881s][info ][gc,metaspace      ] GC(63) Metaspace: 13202K->13202K(1060864K)
[28.881s][debug][gc,heap           ] GC(63) Heap after GC invocations=64 (full 0): garbage-first heap   total 1480704K, used 389120K [0x0000000780000000, 0x0000000800000000)
[28.881s][debug][gc,heap           ] GC(63)   region size 1024K, 3 young (3072K), 3 survivors (3072K)
[28.881s][debug][gc,heap           ] GC(63)  Metaspace       used 13202K, capacity 13662K, committed 13824K, reserved 1060864K
[28.881s][debug][gc,heap           ] GC(63)   class space    used 1352K, capacity 1515K, committed 1536K, reserved 1048576K
[28.881s][info ][gc                ] GC(63) Pause Young (Concurrent Start) (G1 Humongous Allocation) 378M->380M(1446M) 35.539ms
[28.881s][info ][gc,cpu            ] GC(63) User=0.11s Sys=0.00s Real=0.03s
[28.881s][info ][gc                ] GC(64) Concurrent Cycle
[28.881s][info ][gc,marking        ] GC(64) Concurrent Clear Claimed Marks
[28.881s][info ][gc,marking        ] GC(64) Concurrent Clear Claimed Marks 0.053ms
[28.881s][info ][gc,marking        ] GC(64) Concurrent Scan Root Regions
[28.881s][debug][gc,ergo           ] GC(64) Running G1 Root Region Scan using 1 workers for 3 work units.
[28.882s][info ][gc,marking        ] GC(64) Concurrent Scan Root Regions 0.788ms
[28.882s][info ][gc,marking        ] GC(64) Concurrent Mark (28.882s)
[28.882s][info ][gc,marking        ] GC(64) Concurrent Mark From Roots
[28.882s][info ][gc,task           ] GC(64) Using 1 workers of 1 for marking
[28.902s][debug][gc,stats          ] ---------------------------------------------------------------------
[28.903s][debug][gc,stats          ] Marking Stats, task = 0, calls = 3
[28.903s][debug][gc,stats          ]   Elapsed time = 20.69ms, Termination time = 0.00ms
[28.903s][debug][gc,stats          ]   Step Times (cum): num = 422, avg = 0.55ms, sd = 2.01ms max = 9.88ms, total = 232.64ms
[28.903s][debug][gc,stats          ]   Mark Stats Cache: hits 217118 misses 43 ratio 99.980
[28.903s][debug][gc,stats          ] ---------------------------------------------------------------------
[28.903s][info ][gc,marking        ] GC(64) Concurrent Mark From Roots 20.893ms
[28.903s][info ][gc,marking        ] GC(64) Concurrent Preclean
[28.903s][debug][gc,ref,start      ] GC(64) Preclean SoftReferences
[28.903s][debug][gc,ref            ] GC(64) Preclean SoftReferences 0.010ms
[28.903s][debug][gc,ref,start      ] GC(64) Preclean WeakReferences
[28.903s][debug][gc,ref            ] GC(64) Preclean WeakReferences 0.013ms
[28.903s][debug][gc,ref,start      ] GC(64) Preclean FinalReferences
[28.903s][debug][gc,ref            ] GC(64) Preclean FinalReferences 0.007ms
[28.903s][debug][gc,ref,start      ] GC(64) Preclean PhantomReferences
[28.903s][debug][gc,ref            ] GC(64) Preclean PhantomReferences 0.007ms
[28.903s][info ][gc,marking        ] GC(64) Concurrent Preclean 0.070ms
[28.903s][info ][gc,marking        ] GC(64) Concurrent Mark (28.882s, 28.903s) 20.988ms
[28.903s][info ][gc,start          ] GC(64) Pause Remark
[28.903s][debug][gc,phases,start   ] GC(64) Finalize Marking
[28.903s][debug][gc,stats          ] ---------------------------------------------------------------------
[28.903s][debug][gc,stats          ] Marking Stats, task = 0, calls = 20
[28.903s][debug][gc,stats          ]   Elapsed time = 0.04ms, Termination time = 0.01ms
[28.903s][debug][gc,stats          ]   Step Times (cum): num = 439, avg = 0.53ms, sd = 1.98ms max = 9.88ms, total = 232.67ms
[28.903s][debug][gc,stats          ]   Mark Stats Cache: hits 217363 misses 43 ratio 99.980
[28.903s][debug][gc,stats          ] ---------------------------------------------------------------------
[28.903s][debug][gc,stats          ] Marking Stats, task = 1, calls = 1
[28.903s][debug][gc,stats          ]   Elapsed time = 0.05ms, Termination time = 0.02ms
[28.903s][debug][gc,stats          ]   Step Times (cum): num = 25, avg = 0.19ms, sd = 0.24ms max = 0.77ms, total = 4.65ms
[28.903s][debug][gc,stats          ]   Mark Stats Cache: hits 2769 misses 6 ratio 99.784
[28.903s][debug][gc,stats          ] ---------------------------------------------------------------------
[28.903s][debug][gc,stats          ] Marking Stats, task = 2, calls = 1
[28.903s][debug][gc,stats          ]   Elapsed time = 0.01ms, Termination time = 0.00ms
[28.903s][debug][gc,stats          ]   Step Times (cum): num = 24, avg = 0.15ms, sd = 0.25ms max = 0.75ms, total = 3.66ms
[28.903s][debug][gc,stats          ]   Mark Stats Cache: hits 110 misses 5 ratio 95.652
[28.903s][debug][gc,stats          ] ---------------------------------------------------------------------
[28.903s][debug][gc,stats          ] Marking Stats, task = 3, calls = 1
[28.903s][debug][gc,stats          ]   Elapsed time = 0.01ms, Termination time = 0.00ms
[28.903s][debug][gc,stats          ]   Step Times (cum): num = 22, avg = 0.00ms, sd = 0.00ms max = 0.02ms, total = 0.10ms
[28.903s][debug][gc,stats          ]   Mark Stats Cache: hits 0 misses 0 ratio 0.000
[28.903s][debug][gc,stats          ] ---------------------------------------------------------------------
[28.903s][debug][gc,phases         ] GC(64) Finalize Marking 0.195ms
[28.903s][debug][gc,phases,start   ] GC(64) Reference Processing
[28.903s][debug][gc,ref            ] GC(64) Skipped phase1 of Reference Processing due to unavailable references
[28.903s][debug][gc,ref            ] GC(64) Skipped phase2 of Reference Processing due to unavailable references
[28.903s][debug][gc,ref            ] GC(64) Skipped phase3 of Reference Processing due to unavailable references
[28.903s][debug][gc,ref            ] GC(64) Skipped phase4 of Reference Processing due to unavailable references
[28.903s][debug][gc,phases,ref     ] GC(64) Reference Processing: 0.0ms
[28.903s][debug][gc,phases,ref     ] GC(64)   Reconsider SoftReferences: 0.0ms
[28.903s][debug][gc,phases,ref     ] GC(64)     SoftRef (ms):             skipped
[28.903s][debug][gc,phases,ref     ] GC(64)   Notify Soft/WeakReferences: 0.0ms
[28.903s][debug][gc,phases,ref     ] GC(64)     SoftRef (ms):             skipped
[28.903s][debug][gc,phases,ref     ] GC(64)     WeakRef (ms):             skipped
[28.903s][debug][gc,phases,ref     ] GC(64)     FinalRef (ms):            skipped
[28.903s][debug][gc,phases,ref     ] GC(64)     Total (ms):               skipped
[28.903s][debug][gc,phases,ref     ] GC(64)   Notify and keep alive finalizable: 0.0ms
[28.903s][debug][gc,phases,ref     ] GC(64)     FinalRef (ms):            skipped
[28.903s][debug][gc,phases,ref     ] GC(64)   Notify PhantomReferences: 0.0ms
[28.903s][debug][gc,phases,ref     ] GC(64)     PhantomRef (ms):          skipped
[28.903s][debug][gc,phases,ref     ] GC(64)   SoftReference:
[28.903s][debug][gc,phases,ref     ] GC(64)     Discovered: 0
[28.903s][debug][gc,phases,ref     ] GC(64)     Cleared: 0
[28.903s][debug][gc,phases,ref     ] GC(64)   WeakReference:
[28.903s][debug][gc,phases,ref     ] GC(64)     Discovered: 0
[28.903s][debug][gc,phases,ref     ] GC(64)     Cleared: 0
[28.903s][debug][gc,phases,ref     ] GC(64)   FinalReference:
[28.903s][debug][gc,phases,ref     ] GC(64)     Discovered: 0
[28.903s][debug][gc,phases,ref     ] GC(64)     Cleared: 0
[28.903s][debug][gc,phases,ref     ] GC(64)   PhantomReference:
[28.903s][debug][gc,phases,ref     ] GC(64)     Discovered: 0
[28.903s][debug][gc,phases,ref     ] GC(64)     Cleared: 0
[28.903s][debug][gc,phases         ] GC(64) Reference Processing 0.169ms
[28.903s][debug][gc,phases,start   ] GC(64) Weak Processing
[28.903s][debug][gc,phases         ] GC(64) Weak Processing 0.018ms
[28.903s][debug][gc,phases,start   ] GC(64) Class Unloading
[28.903s][debug][gc,phases,start   ] GC(64) ClassLoaderData
[28.903s][debug][gc,phases         ] GC(64) ClassLoaderData 0.048ms
[28.903s][debug][gc,phases,start   ] GC(64) ProtectionDomainCacheTable
[28.903s][debug][gc,phases         ] GC(64) ProtectionDomainCacheTable 0.007ms
[28.904s][info ][gc,stringtable    ] GC(64) Cleaned string and symbol table, strings: 6161 processed, 1 removed, symbols: 45233 processed, 0 removed
[28.904s][debug][gc,phases         ] GC(64) Class Unloading 1.005ms
[28.904s][debug][gc,phases,start   ] GC(64) Flush Task Caches
[28.904s][debug][gc,stats          ] Mark stats cache hits 220242 misses 54 ratio 99.975
[28.904s][debug][gc,phases         ] GC(64) Flush Task Caches 0.020ms
[28.904s][debug][gc,phases,start   ] GC(64) Update Remembered Set Tracking Before Rebuild
[28.904s][debug][gc,ergo           ] GC(64) Running G1 Update RemSet Tracking Before Rebuild using 4 workers for 1446 regions in heap
[28.904s][debug][gc,remset,tracking] GC(64) Remembered Set Tracking update regions total 1446, selected 45
[28.904s][debug][gc,phases         ] GC(64) Update Remembered Set Tracking Before Rebuild 0.150ms
[28.904s][debug][gc,phases,start   ] GC(64) Reclaim Empty Regions
[28.905s][debug][gc                ] GC(64) Reclaimed 333 empty regions
[28.905s][debug][gc,phases         ] GC(64) Reclaim Empty Regions 0.221ms
[28.905s][debug][gc,phases,start   ] GC(64) Purge Metaspace
[28.905s][debug][gc,phases         ] GC(64) Purge Metaspace 0.007ms
[28.905s][debug][gc,phases,start   ] GC(64) Report Object Count
[28.905s][debug][gc,phases         ] GC(64) Report Object Count 0.007ms
[28.905s][info ][gc                ] GC(64) Pause Remark 388M->56M(1446M) 1.884ms
[28.905s][info ][gc,cpu            ] GC(64) User=0.00s Sys=0.00s Real=0.01s
[28.905s][info ][gc,marking        ] GC(64) Concurrent Rebuild Remembered Sets
[28.913s][info ][gc,marking        ] GC(64) Concurrent Rebuild Remembered Sets 8.612ms
[28.913s][info ][gc,start          ] GC(64) Pause Cleanup
[28.913s][debug][gc,phases,start   ] GC(64) Update Remembered Set Tracking After Rebuild
[28.913s][debug][gc,phases         ] GC(64) Update Remembered Set Tracking After Rebuild 0.052ms
[28.914s][debug][gc,phases,start   ] GC(64) Finalize Concurrent Mark Cleanup
[28.914s][debug][gc,ergo           ] GC(64) request young-only gcs (reclaimable percentage not over threshold). candidate old regions: 42 reclaimable: 40009896 (2.64) threshold: 5
[28.914s][debug][gc,phases         ] GC(64) Finalize Concurrent Mark Cleanup 0.146ms
[28.914s][info ][gc                ] GC(64) Pause Cleanup 56M->56M(1446M) 0.259ms
[28.914s][info ][gc,cpu            ] GC(64) User=0.00s Sys=0.00s Real=0.00s
[28.914s][info ][gc,marking        ] GC(64) Concurrent Cleanup for Next Mark
[28.914s][debug][gc,ergo           ] GC(64) Running G1 Clear Bitmap with 1 workers for 23 work units.
[28.919s][info ][gc,marking        ] GC(64) Concurrent Cleanup for Next Mark 5.009ms
[28.919s][info ][gc                ] GC(64) Concurrent Cycle 38.084ms
[29.153s][debug][gc,refine         ] Activated worker 0, on threshold: 32, current: 32
[29.155s][debug][gc,refine         ] Deactivated worker 0, off threshold: 30, current: 30, processed: 7
[29.271s][debug][gc,refine         ] Activated worker 0, on threshold: 32, current: 34
[29.274s][debug][gc,refine         ] Deactivated worker 0, off threshold: 30, current: 30, processed: 4
[29.281s][debug][gc,refine         ] Activated worker 0, on threshold: 32, current: 32
[29.282s][debug][gc,refine         ] Deactivated worker 0, off threshold: 30, current: 30, processed: 2
[29.282s][debug][gc,refine         ] Activated worker 0, on threshold: 32, current: 36
[29.284s][debug][gc,refine         ] Deactivated worker 0, off threshold: 30, current: 30, processed: 6
[29.396s][debug][gc,refine         ] Activated worker 0, on threshold: 32, current: 34
[29.398s][debug][gc,refine         ] Deactivated worker 0, off threshold: 30, current: 30, processed: 4
[29.405s][debug][gc,refine         ] Activated worker 0, on threshold: 32, current: 32
[29.405s][debug][gc,refine         ] Deactivated worker 0, off threshold: 30, current: 30, processed: 2
[29.406s][debug][gc,refine         ] Activated worker 0, on threshold: 32, current: 36
[29.408s][debug][gc,refine         ] Deactivated worker 0, off threshold: 30, current: 30, processed: 6
[29.521s][debug][gc,refine         ] Activated worker 0, on threshold: 32, current: 34
[29.522s][debug][gc,refine         ] Deactivated worker 0, off threshold: 30, current: 30, processed: 4
[29.530s][debug][gc,refine         ] Activated worker 0, on threshold: 32, current: 32
[29.530s][debug][gc,refine         ] Deactivated worker 0, off threshold: 30, current: 30, processed: 2
[29.639s][debug][gc,refine         ] Activated worker 0, on threshold: 32, current: 36
[29.642s][debug][gc,refine         ] Deactivated worker 0, off threshold: 30, current: 30, processed: 6
[29.652s][debug][gc,refine         ] Activated worker 0, on threshold: 32, current: 34
[29.653s][debug][gc,refine         ] Deactivated worker 0, off threshold: 30, current: 30, processed: 4
[29.662s][debug][gc,refine         ] Activated worker 0, on threshold: 32, current: 32
[29.662s][debug][gc,refine         ] Deactivated worker 0, off threshold: 30, current: 30, processed: 2
[29.663s][debug][gc,refine         ] Activated worker 0, on threshold: 32, current: 35
[29.666s][debug][gc,refine         ] Deactivated worker 0, off threshold: 30, current: 30, processed: 6
[29.779s][debug][gc,refine         ] Activated worker 0, on threshold: 32, current: 34
[29.781s][debug][gc,refine         ] Deactivated worker 0, off threshold: 30, current: 30, processed: 4
[29.788s][debug][gc,refine         ] Activated worker 0, on threshold: 32, current: 32
[29.788s][debug][gc,refine         ] Deactivated worker 0, off threshold: 30, current: 30, processed: 2
[29.890s][debug][gc,refine         ] Activated worker 0, on threshold: 32, current: 36
[29.892s][debug][gc,refine         ] Deactivated worker 0, off threshold: 30, current: 30, processed: 6
[29.901s][debug][gc,refine         ] Activated worker 0, on threshold: 32, current: 34
[29.902s][debug][gc,refine         ] Deactivated worker 0, off threshold: 30, current: 30, processed: 4
[29.910s][debug][gc,refine         ] Activated worker 0, on threshold: 32, current: 32
[29.910s][debug][gc,refine         ] Deactivated worker 0, off threshold: 30, current: 30, processed: 2
[30.019s][debug][gc,refine         ] Activated worker 0, on threshold: 32, current: 35
[30.022s][debug][gc,refine         ] Deactivated worker 0, off threshold: 30, current: 30, processed: 6
[30.032s][debug][gc,refine         ] Activated worker 0, on threshold: 32, current: 34
[30.034s][debug][gc,refine         ] Deactivated worker 0, off threshold: 30, current: 30, processed: 4
[30.041s][debug][gc,refine         ] Activated worker 0, on threshold: 32, current: 32
[30.041s][debug][gc,refine         ] Deactivated worker 0, off threshold: 30, current: 30, processed: 2
[30.146s][debug][gc,refine         ] Activated worker 0, on threshold: 32, current: 36
[30.149s][debug][gc,refine         ] Deactivated worker 0, off threshold: 30, current: 30, processed: 6
[30.159s][debug][gc,refine         ] Activated worker 0, on threshold: 32, current: 34
[30.161s][debug][gc,refine         ] Deactivated worker 0, off threshold: 30, current: 30, processed: 4
[30.168s][debug][gc,refine         ] Activated worker 0, on threshold: 32, current: 32
[30.169s][debug][gc,refine         ] Deactivated worker 0, off threshold: 30, current: 30, processed: 2
[30.279s][debug][gc,refine         ] Activated worker 0, on threshold: 32, current: 36
[30.282s][debug][gc,refine         ] Deactivated worker 0, off threshold: 30, current: 30, processed: 6
[30.295s][debug][gc,refine         ] Activated worker 0, on threshold: 32, current: 34
[30.298s][debug][gc,refine         ] Deactivated worker 0, off threshold: 30, current: 30, processed: 4
[30.304s][debug][gc,refine         ] Activated worker 0, on threshold: 32, current: 32
[30.305s][debug][gc,refine         ] Deactivated worker 0, off threshold: 30, current: 30, processed: 2
[30.407s][debug][gc,refine         ] Activated worker 0, on threshold: 32, current: 36
[30.410s][debug][gc,refine         ] Deactivated worker 0, off threshold: 30, current: 30, processed: 6
[30.419s][debug][gc,refine         ] Activated worker 0, on threshold: 32, current: 34
[30.421s][debug][gc,refine         ] Deactivated worker 0, off threshold: 30, current: 30, processed: 4
[30.427s][debug][gc,refine         ] Activated worker 0, on threshold: 32, current: 32
[30.428s][debug][gc,refine         ] Deactivated worker 0, off threshold: 30, current: 30, processed: 2
[30.429s][debug][gc,refine         ] Activated worker 0, on threshold: 32, current: 36
[30.430s][debug][gc,refine         ] Deactivated worker 0, off threshold: 30, current: 30, processed: 6
[30.547s][debug][gc,refine         ] Activated worker 0, on threshold: 32, current: 34
[30.548s][debug][gc,refine         ] Deactivated worker 0, off threshold: 30, current: 30, processed: 4
[30.555s][debug][gc,refine         ] Activated worker 0, on threshold: 32, current: 32
[30.555s][debug][gc,refine         ] Deactivated worker 0, off threshold: 30, current: 30, processed: 2
[30.556s][debug][gc,refine         ] Activated worker 0, on threshold: 32, current: 36
[30.558s][debug][gc,refine         ] Deactivated worker 0, off threshold: 30, current: 30, processed: 6
[30.670s][debug][gc,refine         ] Activated worker 0, on threshold: 32, current: 34
[30.672s][debug][gc,refine         ] Deactivated worker 0, off threshold: 30, current: 30, processed: 4
[30.679s][debug][gc,refine         ] Activated worker 0, on threshold: 32, current: 32
[30.680s][debug][gc,refine         ] Deactivated worker 0, off threshold: 30, current: 30, processed: 2
[30.681s][debug][gc,refine         ] Activated worker 0, on threshold: 32, current: 35
[30.682s][debug][gc,refine         ] Deactivated worker 0, off threshold: 30, current: 30, processed: 6
[30.794s][debug][gc,refine         ] Activated worker 0, on threshold: 32, current: 34
[30.796s][debug][gc,refine         ] Deactivated worker 0, off threshold: 30, current: 30, processed: 4
[30.806s][debug][gc,refine         ] Activated worker 0, on threshold: 32, current: 32
[30.806s][debug][gc,refine         ] Deactivated worker 0, off threshold: 30, current: 30, processed: 2
[30.908s][debug][gc,refine         ] Activated worker 0, on threshold: 32, current: 36
[30.911s][debug][gc,refine         ] Deactivated worker 0, off threshold: 30, current: 30, processed: 6
[30.922s][debug][gc,refine         ] Activated worker 0, on threshold: 32, current: 34
[30.924s][debug][gc,heap           ] GC(65) Heap before GC invocations=65 (full 0): garbage-first heap   total 1480704K, used 270848K [0x0000000780000000, 0x0000000800000000)
[30.924s][debug][gc,heap           ] GC(65)   region size 1024K, 171 young (175104K), 3 survivors (3072K)
[30.924s][debug][gc,heap           ] GC(65)  Metaspace       used 13230K, capacity 13663K, committed 13824K, reserved 1060864K
[30.924s][debug][gc,heap           ] GC(65)   class space    used 1352K, capacity 1515K, committed 1536K, reserved 1048576K
[30.924s][info ][gc,start          ] GC(65) Pause Young (Normal) (G1 Evacuation Pause)
[30.924s][info ][gc,task           ] GC(65) Using 4 workers of 4 for evacuation
[30.924s][debug][gc,tlab           ] GC(65) TLAB totals: thrds: 5  refills: 500 max: 493 slow allocs: 46 max 46 waste:  0.3% gc: 219664B max: 62368B slow: 311576B max: 309664B fast: 0B max: 0B
[30.924s][debug][gc,alloc,region   ] GC(65) Mutator Allocation stats, regions: 168, wasted size: 0B ( 0.0%)
[30.924s][debug][gc,age            ] GC(65) Desired survivor size 11534336 bytes, new threshold 15 (max threshold 15)
[30.924s][debug][gc,ergo,cset      ] GC(65) Finish choosing CSet. old: 0 regions, predicted old region time: 0.00ms, time remaining: 0.00
[30.924s][debug][gc,task,stats     ] GC(65) GC Termination Stats
[30.924s][debug][gc,task,stats     ] GC(65)      elapsed  --strong roots-- -------termination------- ------waste (KiB)------
[30.924s][debug][gc,task,stats     ] GC(65) thr     ms        ms      %        ms      %    attempts  total   alloc    undo
[30.924s][debug][gc,task,stats     ] GC(65) --- --------- --------- ------ --------- ------ -------- ------- ------- -------
[31.067s][debug][gc,task,stats     ] GC(65)   1    142.28    141.02  99.12      0.00   0.00        1       1       1       0
[31.067s][debug][gc,task,stats     ] GC(65)   2    142.43    142.24  99.87      0.00   0.00        1       2       2       0
[31.067s][debug][gc,task,stats     ] GC(65)   0    142.47    142.25  99.85      0.00   0.00        1       1       1       0
[31.067s][debug][gc,task,stats     ] GC(65)   3    141.32    140.46  99.39      0.00   0.00        1       1       1       0
[31.067s][debug][gc,ergo           ] GC(65) Running G1 Clear Card Table Task using 1 workers for 1 units of work for 197 regions.
[31.067s][debug][gc,ref            ] GC(65) Skipped phase1 of Reference Processing due to unavailable references
[31.067s][debug][gc,ref            ] GC(65) Skipped phase2 of Reference Processing due to unavailable references
[31.067s][debug][gc,ref            ] GC(65) Skipped phase3 of Reference Processing due to unavailable references
[31.067s][debug][gc,ref            ] GC(65) Skipped phase4 of Reference Processing due to unavailable references
[31.067s][debug][gc,ergo           ] GC(65) Running G1 Free Collection Set using 4 workers for collection set length 171
[31.067s][debug][gc,humongous      ] GC(65) Live humongous region 5 object size 524304 start 0x0000000780500000  with remset 0 code roots 0 is marked 0 reclaim candidate 0 type array 0
[31.067s][debug][gc,humongous      ] GC(65) Live humongous region 6 object size 1048592 start 0x0000000780600000  with remset 0 code roots 0 is marked 0 reclaim candidate 0 type array 0
[31.067s][debug][gc,humongous      ] GC(65) Live humongous region 8 object size 524304 start 0x0000000780800000  with remset 0 code roots 0 is marked 0 reclaim candidate 0 type array 0
[31.067s][debug][gc,humongous      ] GC(65) Live humongous region 13 object size 1048592 start 0x0000000780d00000  with remset 0 code roots 0 is marked 0 reclaim candidate 0 type array 0
[31.067s][debug][gc,humongous      ] GC(65) Live humongous region 17 object size 524304 start 0x0000000781100000  with remset 0 code roots 0 is marked 0 reclaim candidate 0 type array 0
[31.067s][debug][gc,humongous      ] GC(65) Live humongous region 19 object size 1048592 start 0x0000000781300000  with remset 0 code roots 0 is marked 0 reclaim candidate 0 type array 0
[31.067s][debug][gc,humongous      ] GC(65) Live humongous region 22 object size 524304 start 0x0000000781600000  with remset 0 code roots 0 is marked 0 reclaim candidate 0 type array 0
[31.067s][debug][gc,humongous      ] GC(65) Live humongous region 23 object size 1048592 start 0x0000000781700000  with remset 0 code roots 0 is marked 0 reclaim candidate 0 type array 0
[31.067s][debug][gc,humongous      ] GC(65) Live humongous region 25 object size 524304 start 0x0000000781900000  with remset 0 code roots 0 is marked 0 reclaim candidate 0 type array 0
[31.067s][debug][gc,humongous      ] GC(65) Live humongous region 26 object size 1048592 start 0x0000000781a00000  with remset 0 code roots 0 is marked 0 reclaim candidate 0 type array 0
[31.067s][debug][gc,humongous      ] GC(65) Live humongous region 29 object size 524304 start 0x0000000781d00000  with remset 0 code roots 0 is marked 0 reclaim candidate 0 type array 0
[31.067s][debug][gc,humongous      ] GC(65) Live humongous region 30 object size 1048592 start 0x0000000781e00000  with remset 0 code roots 0 is marked 0 reclaim candidate 0 type array 0
[31.067s][debug][gc,humongous      ] GC(65) Live humongous region 32 object size 524304 start 0x0000000782000000  with remset 0 code roots 0 is marked 0 reclaim candidate 0 type array 0
[31.067s][debug][gc,humongous      ] GC(65) Live humongous region 34 object size 1048592 start 0x0000000782200000  with remset 0 code roots 0 is marked 0 reclaim candidate 0 type array 0
[31.067s][debug][gc,humongous      ] GC(65) Live humongous region 36 object size 524304 start 0x0000000782400000  with remset 0 code roots 0 is marked 0 reclaim candidate 0 type array 0
[31.067s][debug][gc,humongous      ] GC(65) Live humongous region 38 object size 1048592 start 0x0000000782600000  with remset 0 code roots 0 is marked 0 reclaim candidate 0 type array 0
[31.067s][debug][gc,humongous      ] GC(65) Live humongous region 40 object size 524304 start 0x0000000782800000  with remset 0 code roots 0 is marked 0 reclaim candidate 0 type array 0
[31.067s][debug][gc,humongous      ] GC(65) Live humongous region 41 object size 1048592 start 0x0000000782900000  with remset 0 code roots 0 is marked 0 reclaim candidate 0 type array 0
[31.067s][debug][gc,humongous      ] GC(65) Live humongous region 43 object size 524304 start 0x0000000782b00000  with remset 0 code roots 0 is marked 0 reclaim candidate 0 type array 0
[31.067s][debug][gc,humongous      ] GC(65) Live humongous region 44 object size 1048592 start 0x0000000782c00000  with remset 0 code roots 0 is marked 0 reclaim candidate 0 type array 0
[31.067s][debug][gc,humongous      ] GC(65) Live humongous region 46 object size 524304 start 0x0000000782e00000  with remset 0 code roots 0 is marked 0 reclaim candidate 0 type array 0
[31.067s][debug][gc,humongous      ] GC(65) Live humongous region 47 object size 524304 start 0x0000000782f00000  with remset 0 code roots 0 is marked 0 reclaim candidate 0 type array 0
[31.067s][debug][gc,humongous      ] GC(65) Live humongous region 49 object size 1048592 start 0x0000000783100000  with remset 0 code roots 0 is marked 0 reclaim candidate 0 type array 0
[31.067s][debug][gc,humongous      ] GC(65) Live humongous region 51 object size 1048592 start 0x0000000783300000  with remset 0 code roots 0 is marked 0 reclaim candidate 0 type array 0
[31.067s][debug][gc,humongous      ] GC(65) Live humongous region 53 object size 524304 start 0x0000000783500000  with remset 0 code roots 0 is marked 0 reclaim candidate 0 type array 0
[31.067s][debug][gc,humongous      ] GC(65) Live humongous region 54 object size 1048592 start 0x0000000783600000  with remset 0 code roots 0 is marked 0 reclaim candidate 0 type array 0
[31.067s][debug][gc,humongous      ] GC(65) Live humongous region 56 object size 524304 start 0x0000000783800000  with remset 0 code roots 0 is marked 0 reclaim candidate 0 type array 0
[31.067s][debug][gc,humongous      ] GC(65) Live humongous region 57 object size 1048592 start 0x0000000783900000  with remset 0 code roots 0 is marked 0 reclaim candidate 0 type array 0
[31.067s][debug][gc,humongous      ] GC(65) Live humongous region 59 object size 524304 start 0x0000000783b00000  with remset 0 code roots 0 is marked 0 reclaim candidate 0 type array 0
[31.067s][debug][gc,humongous      ] GC(65) Live humongous region 61 object size 1048592 start 0x0000000783d00000  with remset 0 code roots 0 is marked 0 reclaim candidate 0 type array 0
[31.068s][debug][gc,humongous      ] GC(65) Live humongous region 63 object size 524304 start 0x0000000783f00000  with remset 0 code roots 0 is marked 0 reclaim candidate 0 type array 0
[31.068s][debug][gc,humongous      ] GC(65) Live humongous region 374 object size 524304 start 0x0000000797600000  with remset 0 code roots 0 is marked 0 reclaim candidate 0 type array 0
[31.068s][debug][gc,humongous      ] GC(65) Live humongous region 375 object size 1048592 start 0x0000000797700000  with remset 1 code roots 0 is marked 0 reclaim candidate 0 type array 0
[31.068s][debug][gc,plab           ] GC(65) Young PLAB allocation: allocated: 23068672B, wasted: 1064B, unused: 0B, used: 23067608B, undo waste: 0B, 
[31.068s][debug][gc,plab           ] GC(65) Young other allocation: region end waste: 0B, regions filled: 22, direct allocated: 0B, failure used: 0B, failure wasted: 0B
[31.068s][debug][gc,plab           ] GC(65) Young sizing: calculated: 4613520B, actual: 4034056B
[31.068s][debug][gc,plab           ] GC(65) Old PLAB allocation: allocated: 145752064B, wasted: 6616B, unused: 936344B, used: 144809104B, undo waste: 0B, 
[31.068s][debug][gc,plab           ] GC(65) Old other allocation: region end waste: 0B, regions filled: 139, direct allocated: 0B, failure used: 0B, failure wasted: 0B
[31.068s][debug][gc,plab           ] GC(65) Old sizing: calculated: 28961816B, actual: 25687128B
[31.068s][debug][gc,ergo,ihop      ] GC(65) Request concurrent cycle initiation (occupancy higher than threshold) occupancy: 244318208B allocation request: 0B threshold: 242879452B (16.02) source: end of GC
[31.068s][debug][gc,alloc,stats    ] Old generation allocation in the last mutator period, old gen allocated: 145752064B, humongous allocated: 51380224B,old gen growth: 145752064B.
[31.068s][debug][gc,ihop           ] GC(65) Basic information (value update), threshold: 245458526B (16.19), target occupancy: 1516240896B, current occupancy: 267386880B, recent allocation size: 197132288B, recent allocation duration: 2041.91ms, recent old gen allocation rate: 96543270.87B/s, recent marking phase length: 232.15ms
[31.068s][debug][gc,ihop           ] GC(65) Adaptive IHOP information (value update), threshold: 245458526B (17.04), internal target occupancy: 1440428851B, occupancy: 267386880B, additional buffer size: 192937984B, predicted old gen allocation rate: 2822819907.45B/s, predicted marking phase length: 354.98ms, prediction active: true
[31.068s][debug][gc,ergo,refine    ] GC(65) Updated Refinement Zones: green: 33, yellow: 99, red: 165
[31.068s][info ][gc,phases         ] GC(65)   Pre Evacuate Collection Set: 0.1ms
[31.068s][debug][gc,phases         ] GC(65)     Prepare TLABs: 0.0ms
[31.068s][debug][gc,phases         ] GC(65)     Choose Collection Set: 0.0ms
[31.068s][debug][gc,phases         ] GC(65)     Humongous Register: 0.1ms
[31.068s][info ][gc,phases         ] GC(65)   Evacuate Collection Set: 142.6ms
[31.068s][debug][gc,phases         ] GC(65)     Ext Root Scanning (ms):   Min:  0.0, Avg:  0.1, Max:  0.1, Diff:  0.1, Sum:  0.4, Workers: 4
[31.068s][debug][gc,phases         ] GC(65)     Update RS (ms):           Min:  2.2, Avg:  3.4, Max:  6.2, Diff:  4.0, Sum: 13.5, Workers: 4
[31.068s][debug][gc,phases         ] GC(65)       Processed Buffers:        Min: 4, Avg:  9.2, Max: 15, Diff: 11, Sum: 37, Workers: 4
[31.068s][debug][gc,phases         ] GC(65)       Scanned Cards:            Min: 1024, Avg: 2020.5, Max: 3840, Diff: 2816, Sum: 8082, Workers: 4
[31.068s][debug][gc,phases         ] GC(65)       Skipped Cards:            Min: 0, Avg:  0.2, Max: 1, Diff: 1, Sum: 1, Workers: 4
[31.068s][debug][gc,phases         ] GC(65)     Scan RS (ms):             Min:  3.8, Avg:  4.1, Max:  4.6, Diff:  0.8, Sum: 16.5, Workers: 4
[31.068s][debug][gc,phases         ] GC(65)       Scanned Cards:            Min: 2425, Avg: 2659.5, Max: 3055, Diff: 630, Sum: 10638, Workers: 4
[31.068s][debug][gc,phases         ] GC(65)       Claimed Cards:            Min: 2522, Avg: 2712.0, Max: 3094, Diff: 572, Sum: 10848, Workers: 4
[31.068s][debug][gc,phases         ] GC(65)       Skipped Cards:            Min: 315, Avg: 1080.2, Max: 1762, Diff: 1447, Sum: 4321, Workers: 4
[31.068s][debug][gc,phases         ] GC(65)     Code Root Scanning (ms):  Min:  0.0, Avg:  0.0, Max:  0.0, Diff:  0.0, Sum:  0.1, Workers: 4
[31.068s][debug][gc,phases         ] GC(65)     JVMCI Root Scan (ms):     skipped
[31.068s][debug][gc,phases         ] GC(65)     Object Copy (ms):         Min: 131.0, Avg: 134.3, Max: 135.9, Diff:  4.9, Sum: 537.4, Workers: 4
[31.068s][debug][gc,phases         ] GC(65)     Termination (ms):         Min:  0.0, Avg:  0.0, Max:  0.0, Diff:  0.0, Sum:  0.0, Workers: 4
[31.068s][debug][gc,phases         ] GC(65)       Termination Attempts:     Min: 1, Avg:  1.0, Max: 1, Diff: 0, Sum: 4, Workers: 4
[31.068s][debug][gc,phases         ] GC(65)     GC Worker Other (ms):     Min:  0.2, Avg:  0.3, Max:  0.3, Diff:  0.1, Sum:  1.0, Workers: 4
[31.068s][debug][gc,phases         ] GC(65)     GC Worker Total (ms):     Min: 141.3, Avg: 142.2, Max: 142.5, Diff:  1.2, Sum: 568.7, Workers: 4
[31.068s][info ][gc,phases         ] GC(65)   Post Evacuate Collection Set: 0.5ms
[31.068s][debug][gc,phases         ] GC(65)     Code Roots Fixup: 0.0ms
[31.068s][debug][gc,phases         ] GC(65)     Clear Card Table: 0.1ms
[31.068s][debug][gc,phases         ] GC(65)     Reference Processing: 0.0ms
[31.068s][debug][gc,phases,ref     ] GC(65)       Reconsider SoftReferences: 0.0ms
[31.068s][debug][gc,phases,ref     ] GC(65)         SoftRef (ms):             skipped
[31.068s][debug][gc,phases,ref     ] GC(65)       Notify Soft/WeakReferences: 0.0ms
[31.068s][debug][gc,phases,ref     ] GC(65)         SoftRef (ms):             skipped
[31.068s][debug][gc,phases,ref     ] GC(65)         WeakRef (ms):             skipped
[31.068s][debug][gc,phases,ref     ] GC(65)         FinalRef (ms):            skipped
[31.068s][debug][gc,phases,ref     ] GC(65)         Total (ms):               skipped
[31.068s][debug][gc,phases,ref     ] GC(65)       Notify and keep alive finalizable: 0.0ms
[31.068s][debug][gc,phases,ref     ] GC(65)         FinalRef (ms):            skipped
[31.068s][debug][gc,phases,ref     ] GC(65)       Notify PhantomReferences: 0.0ms
[31.068s][debug][gc,phases,ref     ] GC(65)         PhantomRef (ms):          skipped
[31.068s][debug][gc,phases,ref     ] GC(65)       SoftReference:
[31.068s][debug][gc,phases,ref     ] GC(65)         Discovered: 0
[31.068s][debug][gc,phases,ref     ] GC(65)         Cleared: 0
[31.068s][debug][gc,phases,ref     ] GC(65)       WeakReference:
[31.068s][debug][gc,phases,ref     ] GC(65)         Discovered: 0
[31.068s][debug][gc,phases,ref     ] GC(65)         Cleared: 0
[31.068s][debug][gc,phases,ref     ] GC(65)       FinalReference:
[31.068s][debug][gc,phases,ref     ] GC(65)         Discovered: 0
[31.068s][debug][gc,phases,ref     ] GC(65)         Cleared: 0
[31.068s][debug][gc,phases,ref     ] GC(65)       PhantomReference:
[31.068s][debug][gc,phases,ref     ] GC(65)         Discovered: 0
[31.068s][debug][gc,phases,ref     ] GC(65)         Cleared: 0
[31.068s][debug][gc,phases         ] GC(65)     Weak Processing: 0.0ms
[31.068s][debug][gc,phases         ] GC(65)     Merge Per-Thread State: 0.0ms
[31.068s][debug][gc,phases         ] GC(65)     Code Roots Purge: 0.0ms
[31.068s][debug][gc,phases         ] GC(65)     Redirty Cards: 0.0ms
[31.068s][debug][gc,phases         ] GC(65)     DerivedPointerTable Update: 0.0ms
[31.068s][debug][gc,phases         ] GC(65)     Free Collection Set: 0.1ms
[31.068s][debug][gc,phases         ] GC(65)     Humongous Reclaim: 0.2ms
[31.068s][debug][gc,phases         ] GC(65)     Start New Collection Set: 0.0ms
[31.068s][debug][gc,phases         ] GC(65)     Resize TLABs: 0.0ms
[31.068s][debug][gc,phases         ] GC(65)     Expand Heap After Collection: 0.0ms
[31.068s][info ][gc,phases         ] GC(65)   Other: 0.8ms
[31.068s][info ][gc,heap           ] GC(65) Eden regions: 168->0(162)
[31.068s][info ][gc,heap           ] GC(65) Survivor regions: 3->22(22)
[31.068s][info ][gc,heap           ] GC(65) Old regions: 45->184
[31.068s][info ][gc,heap           ] GC(65) Humongous regions: 49->49
[31.068s][info ][gc,metaspace      ] GC(65) Metaspace: 13230K->13230K(1060864K)
[31.068s][debug][gc,heap           ] GC(65) Heap after GC invocations=66 (full 0): garbage-first heap   total 1480704K, used 261120K [0x0000000780000000, 0x0000000800000000)
[31.068s][debug][gc,heap           ] GC(65)   region size 1024K, 22 young (22528K), 22 survivors (22528K)
[31.068s][debug][gc,heap           ] GC(65)  Metaspace       used 13230K, capacity 13663K, committed 13824K, reserved 1060864K
[31.068s][debug][gc,heap           ] GC(65)   class space    used 1352K, capacity 1515K, committed 1536K, reserved 1048576K
[31.068s][info ][gc                ] GC(65) Pause Young (Normal) (G1 Evacuation Pause) 264M->255M(1446M) 144.149ms
[31.068s][info ][gc,cpu            ] GC(65) User=0.47s Sys=0.02s Real=0.15s
[31.068s][debug][gc,refine         ] Deactivated worker 0, off threshold: 33, current: 8, processed: 3
[31.183s][debug][gc,ergo,ihop      ] Request concurrent cycle initiation (occupancy higher than threshold) occupancy: 246415360B allocation request: 524304B threshold: 245458526B (16.19) source: concurrent humongous allocation
[31.183s][debug][gc,ergo           ] Request concurrent cycle initiation (requested by GC cause). GC cause: G1 Humongous Allocation
[31.183s][debug][gc,heap           ] GC(66) Heap before GC invocations=66 (full 0): garbage-first heap   total 1480704K, used 272384K [0x0000000780000000, 0x0000000800000000)
[31.184s][debug][gc,heap           ] GC(66)   region size 1024K, 32 young (32768K), 22 survivors (22528K)
[31.184s][debug][gc,heap           ] GC(66)  Metaspace       used 13230K, capacity 13663K, committed 13824K, reserved 1060864K
[31.184s][debug][gc,heap           ] GC(66)   class space    used 1352K, capacity 1515K, committed 1536K, reserved 1048576K
[31.184s][debug][gc,ergo           ] GC(66) Initiate concurrent cycle (concurrent cycle initiation requested)
[31.184s][info ][gc,start          ] GC(66) Pause Young (Concurrent Start) (G1 Humongous Allocation)
[31.184s][info ][gc,task           ] GC(66) Using 4 workers of 4 for evacuation
[31.184s][debug][gc,tlab           ] GC(66) TLAB totals: thrds: 1  refills: 30 max: 30 slow allocs: 2 max 2 waste:  2.5% gc: 240680B max: 240680B slow: 16992B max: 16992B fast: 0B max: 0B
[31.184s][debug][gc,alloc,region   ] GC(66) Mutator Allocation stats, regions: 10, wasted size: 0B ( 0.0%)
[31.184s][debug][gc,age            ] GC(66) Desired survivor size 12058624 bytes, new threshold 1 (max threshold 15)
[31.184s][debug][gc,ergo,cset      ] GC(66) Finish choosing CSet. old: 0 regions, predicted old region time: 0.00ms, time remaining: 167.16
[31.184s][debug][gc,task,stats     ] GC(66) GC Termination Stats
[31.184s][debug][gc,task,stats     ] GC(66)      elapsed  --strong roots-- -------termination------- ------waste (KiB)------
[31.184s][debug][gc,task,stats     ] GC(66) thr     ms        ms      %        ms      %    attempts  total   alloc    undo
[31.184s][debug][gc,task,stats     ] GC(66) --- --------- --------- ------ --------- ------ -------- ------- ------- -------
[31.224s][debug][gc,task,stats     ] GC(66)   3     39.95     32.20  80.61      0.02   0.05        2       0       0       0
[31.224s][debug][gc,task,stats     ] GC(66)   0     40.08     39.96  99.70      0.00   0.01        1       0       0       0
[31.224s][debug][gc,task,stats     ] GC(66)   1     40.12     29.62  73.83      0.00   0.01        1       0       0       0
[31.224s][debug][gc,task,stats     ] GC(66)   2     40.12     29.11  72.54      0.00   0.01        1       0       0       0
[31.224s][debug][gc,ergo           ] GC(66) Running G1 Clear Card Table Task using 1 workers for 1 units of work for 38 regions.
[31.224s][debug][gc,ref            ] GC(66) Skipped phase1 of Reference Processing due to unavailable references
[31.224s][debug][gc,ref            ] GC(66) Skipped phase2 of Reference Processing due to unavailable references
[31.224s][debug][gc,ref            ] GC(66) Skipped phase3 of Reference Processing due to unavailable references
[31.224s][debug][gc,ref            ] GC(66) Skipped phase4 of Reference Processing due to unavailable references
[31.225s][debug][gc,ergo           ] GC(66) Running G1 Free Collection Set using 1 workers for collection set length 32
[31.225s][debug][gc,humongous      ] GC(66) Live humongous region 5 object size 524304 start 0x0000000780500000  with remset 0 code roots 0 is marked 0 reclaim candidate 0 type array 0
[31.225s][debug][gc,humongous      ] GC(66) Live humongous region 6 object size 1048592 start 0x0000000780600000  with remset 0 code roots 0 is marked 0 reclaim candidate 0 type array 0
[31.225s][debug][gc,humongous      ] GC(66) Live humongous region 8 object size 524304 start 0x0000000780800000  with remset 0 code roots 0 is marked 0 reclaim candidate 0 type array 0
[31.225s][debug][gc,humongous      ] GC(66) Live humongous region 13 object size 1048592 start 0x0000000780d00000  with remset 0 code roots 0 is marked 0 reclaim candidate 0 type array 0
[31.225s][debug][gc,humongous      ] GC(66) Live humongous region 17 object size 524304 start 0x0000000781100000  with remset 0 code roots 0 is marked 0 reclaim candidate 0 type array 0
[31.225s][debug][gc,humongous      ] GC(66) Live humongous region 19 object size 1048592 start 0x0000000781300000  with remset 0 code roots 0 is marked 0 reclaim candidate 0 type array 0
[31.225s][debug][gc,humongous      ] GC(66) Live humongous region 22 object size 524304 start 0x0000000781600000  with remset 0 code roots 0 is marked 0 reclaim candidate 0 type array 0
[31.225s][debug][gc,humongous      ] GC(66) Live humongous region 23 object size 1048592 start 0x0000000781700000  with remset 0 code roots 0 is marked 0 reclaim candidate 0 type array 0
[31.225s][debug][gc,humongous      ] GC(66) Live humongous region 25 object size 524304 start 0x0000000781900000  with remset 0 code roots 0 is marked 0 reclaim candidate 0 type array 0
[31.225s][debug][gc,humongous      ] GC(66) Live humongous region 26 object size 1048592 start 0x0000000781a00000  with remset 0 code roots 0 is marked 0 reclaim candidate 0 type array 0
[31.225s][debug][gc,humongous      ] GC(66) Live humongous region 29 object size 524304 start 0x0000000781d00000  with remset 0 code roots 0 is marked 0 reclaim candidate 0 type array 0
[31.225s][debug][gc,humongous      ] GC(66) Live humongous region 30 object size 1048592 start 0x0000000781e00000  with remset 0 code roots 0 is marked 0 reclaim candidate 0 type array 0
[31.225s][debug][gc,humongous      ] GC(66) Live humongous region 32 object size 524304 start 0x0000000782000000  with remset 0 code roots 0 is marked 0 reclaim candidate 0 type array 0
[31.225s][debug][gc,humongous      ] GC(66) Live humongous region 34 object size 1048592 start 0x0000000782200000  with remset 0 code roots 0 is marked 0 reclaim candidate 0 type array 0
[31.225s][debug][gc,humongous      ] GC(66) Live humongous region 36 object size 524304 start 0x0000000782400000  with remset 0 code roots 0 is marked 0 reclaim candidate 0 type array 0
[31.225s][debug][gc,humongous      ] GC(66) Live humongous region 38 object size 1048592 start 0x0000000782600000  with remset 0 code roots 0 is marked 0 reclaim candidate 0 type array 0
[31.225s][debug][gc,humongous      ] GC(66) Live humongous region 40 object size 524304 start 0x0000000782800000  with remset 0 code roots 0 is marked 0 reclaim candidate 0 type array 0
[31.225s][debug][gc,humongous      ] GC(66) Live humongous region 41 object size 1048592 start 0x0000000782900000  with remset 0 code roots 0 is marked 0 reclaim candidate 0 type array 0
[31.225s][debug][gc,humongous      ] GC(66) Live humongous region 43 object size 524304 start 0x0000000782b00000  with remset 0 code roots 0 is marked 0 reclaim candidate 0 type array 0
[31.225s][debug][gc,humongous      ] GC(66) Live humongous region 44 object size 1048592 start 0x0000000782c00000  with remset 0 code roots 0 is marked 0 reclaim candidate 0 type array 0
[31.225s][debug][gc,humongous      ] GC(66) Live humongous region 46 object size 524304 start 0x0000000782e00000  with remset 0 code roots 0 is marked 0 reclaim candidate 0 type array 0
[31.225s][debug][gc,humongous      ] GC(66) Live humongous region 47 object size 524304 start 0x0000000782f00000  with remset 0 code roots 0 is marked 0 reclaim candidate 0 type array 0
[31.225s][debug][gc,humongous      ] GC(66) Live humongous region 49 object size 1048592 start 0x0000000783100000  with remset 0 code roots 0 is marked 0 reclaim candidate 0 type array 0
[31.225s][debug][gc,humongous      ] GC(66) Live humongous region 51 object size 1048592 start 0x0000000783300000  with remset 0 code roots 0 is marked 0 reclaim candidate 0 type array 0
[31.225s][debug][gc,humongous      ] GC(66) Live humongous region 53 object size 524304 start 0x0000000783500000  with remset 0 code roots 0 is marked 0 reclaim candidate 0 type array 0
[31.225s][debug][gc,humongous      ] GC(66) Live humongous region 54 object size 1048592 start 0x0000000783600000  with remset 0 code roots 0 is marked 0 reclaim candidate 0 type array 0
[31.225s][debug][gc,humongous      ] GC(66) Live humongous region 56 object size 524304 start 0x0000000783800000  with remset 0 code roots 0 is marked 0 reclaim candidate 0 type array 0
[31.225s][debug][gc,humongous      ] GC(66) Live humongous region 57 object size 1048592 start 0x0000000783900000  with remset 0 code roots 0 is marked 0 reclaim candidate 0 type array 0
[31.225s][debug][gc,humongous      ] GC(66) Live humongous region 59 object size 524304 start 0x0000000783b00000  with remset 0 code roots 0 is marked 0 reclaim candidate 0 type array 0
[31.225s][debug][gc,humongous      ] GC(66) Live humongous region 61 object size 1048592 start 0x0000000783d00000  with remset 0 code roots 0 is marked 0 reclaim candidate 0 type array 0
[31.225s][debug][gc,humongous      ] GC(66) Live humongous region 63 object size 524304 start 0x0000000783f00000  with remset 0 code roots 0 is marked 0 reclaim candidate 0 type array 0
[31.225s][debug][gc,humongous      ] GC(66) Live humongous region 214 object size 1048592 start 0x000000078d600000  with remset 0 code roots 0 is marked 0 reclaim candidate 0 type array 0
[31.225s][debug][gc,humongous      ] GC(66) Live humongous region 374 object size 524304 start 0x0000000797600000  with remset 0 code roots 0 is marked 0 reclaim candidate 0 type array 0
[31.225s][debug][gc,humongous      ] GC(66) Live humongous region 375 object size 1048592 start 0x0000000797700000  with remset 1 code roots 0 is marked 0 reclaim candidate 0 type array 0
[31.225s][debug][gc,plab           ] GC(66) Young PLAB allocation: allocated: 11534336B, wasted: 520B, unused: 1568000B, used: 9965816B, undo waste: 0B, 
[31.225s][debug][gc,plab           ] GC(66) Young other allocation: region end waste: 0B, regions filled: 11, direct allocated: 0B, failure used: 0B, failure wasted: 0B
[31.225s][debug][gc,plab           ] GC(66) Young sizing: calculated: 1993160B, actual: 2503384B
[31.225s][debug][gc,plab           ] GC(66) Old PLAB allocation: allocated: 24641536B, wasted: 1024B, unused: 1572952B, used: 23067560B, undo waste: 0B, 
[31.225s][debug][gc,plab           ] GC(66) Old other allocation: region end waste: 0B, regions filled: 24, direct allocated: 0B, failure used: 0B, failure wasted: 0B
[31.225s][debug][gc,plab           ] GC(66) Old sizing: calculated: 4613512B, actual: 9881912B
[31.225s][debug][gc,alloc,stats    ] Old generation allocation in the last mutator period, old gen allocated: 24641536B, humongous allocated: 2097152B,old gen growth: 26738688B.
[31.225s][debug][gc,ihop           ] GC(66) Basic information (value update), threshold: 308334811B (20.34), target occupancy: 1516240896B, current occupancy: 282591232B, recent allocation size: 26738688B, recent allocation duration: 116.20ms, recent old gen allocation rate: 230105495.90B/s, recent marking phase length: 232.15ms
[31.225s][debug][gc,ihop           ] GC(66) Adaptive IHOP information (value update), threshold: 308334811B (21.41), internal target occupancy: 1440428851B, occupancy: 282591232B, additional buffer size: 160432128B, predicted old gen allocation rate: 2737263535.50B/s, predicted marking phase length: 354.98ms, prediction active: true
[31.225s][debug][gc,ergo,refine    ] GC(66) Updated Refinement Zones: green: 33, yellow: 99, red: 165
[31.225s][info ][gc,phases         ] GC(66)   Pre Evacuate Collection Set: 0.1ms
[31.225s][debug][gc,phases         ] GC(66)     Prepare TLABs: 0.0ms
[31.225s][debug][gc,phases         ] GC(66)     Choose Collection Set: 0.0ms
[31.225s][debug][gc,phases         ] GC(66)     Humongous Register: 0.0ms
[31.225s][debug][gc,phases         ] GC(66)     Clear Claimed Marks: 0.1ms
[31.225s][info ][gc,phases         ] GC(66)   Evacuate Collection Set: 40.3ms
[31.225s][debug][gc,phases         ] GC(66)     Ext Root Scanning (ms):   Min:  0.4, Avg:  0.4, Max:  0.4, Diff:  0.0, Sum:  1.6, Workers: 4
[31.225s][debug][gc,phases         ] GC(66)     Update RS (ms):           Min:  1.2, Avg:  1.7, Max:  2.0, Diff:  0.9, Sum:  6.9, Workers: 4
[31.225s][debug][gc,phases         ] GC(66)       Processed Buffers:        Min: 2, Avg:  4.5, Max: 7, Diff: 5, Sum: 18, Workers: 4
[31.225s][debug][gc,phases         ] GC(66)       Scanned Cards:            Min: 474, Avg: 1031.0, Max: 1539, Diff: 1065, Sum: 4124, Workers: 4
[31.226s][debug][gc,phases         ] GC(66)       Skipped Cards:            Min: 0, Avg:  0.0, Max: 0, Diff: 0, Sum: 0, Workers: 4
[31.226s][debug][gc,phases         ] GC(66)     Scan RS (ms):             Min:  0.0, Avg:  0.0, Max:  0.0, Diff:  0.0, Sum:  0.0, Workers: 4
[31.226s][debug][gc,phases         ] GC(66)       Scanned Cards:            Min: 0, Avg:  0.0, Max: 0, Diff: 0, Sum: 0, Workers: 4
[31.226s][debug][gc,phases         ] GC(66)       Claimed Cards:            Min: 0, Avg:  0.0, Max: 0, Diff: 0, Sum: 0, Workers: 4
[31.226s][debug][gc,phases         ] GC(66)       Skipped Cards:            Min: 0, Avg:  0.0, Max: 0, Diff: 0, Sum: 0, Workers: 4
[31.226s][debug][gc,phases         ] GC(66)     Code Root Scanning (ms):  Min:  0.0, Avg:  0.0, Max:  0.0, Diff:  0.0, Sum:  0.0, Workers: 4
[31.226s][debug][gc,phases         ] GC(66)     JVMCI Root Scan (ms):     skipped
[31.226s][debug][gc,phases         ] GC(66)     Object Copy (ms):         Min: 37.5, Avg: 37.8, Max: 38.4, Diff:  0.8, Sum: 151.1, Workers: 4
[31.226s][debug][gc,phases         ] GC(66)     Termination (ms):         Min:  0.0, Avg:  0.0, Max:  0.0, Diff:  0.0, Sum:  0.0, Workers: 4
[31.226s][debug][gc,phases         ] GC(66)       Termination Attempts:     Min: 1, Avg:  1.2, Max: 2, Diff: 1, Sum: 5, Workers: 4
[31.226s][debug][gc,phases         ] GC(66)     GC Worker Other (ms):     Min:  0.1, Avg:  0.2, Max:  0.2, Diff:  0.1, Sum:  0.7, Workers: 4
[31.226s][debug][gc,phases         ] GC(66)     GC Worker Total (ms):     Min: 40.0, Avg: 40.1, Max: 40.1, Diff:  0.1, Sum: 160.5, Workers: 4
[31.226s][info ][gc,phases         ] GC(66)   Post Evacuate Collection Set: 0.7ms
[31.226s][debug][gc,phases         ] GC(66)     Code Roots Fixup: 0.0ms
[31.226s][debug][gc,phases         ] GC(66)     Clear Card Table: 0.0ms
[31.226s][debug][gc,phases         ] GC(66)     Reference Processing: 0.1ms
[31.226s][debug][gc,phases,ref     ] GC(66)       Reconsider SoftReferences: 0.0ms
[31.226s][debug][gc,phases,ref     ] GC(66)         SoftRef (ms):             skipped
[31.226s][debug][gc,phases,ref     ] GC(66)       Notify Soft/WeakReferences: 0.0ms
[31.226s][debug][gc,phases,ref     ] GC(66)         SoftRef (ms):             skipped
[31.226s][debug][gc,phases,ref     ] GC(66)         WeakRef (ms):             skipped
[31.226s][debug][gc,phases,ref     ] GC(66)         FinalRef (ms):            skipped
[31.226s][debug][gc,phases,ref     ] GC(66)         Total (ms):               skipped
[31.226s][debug][gc,phases,ref     ] GC(66)       Notify and keep alive finalizable: 0.0ms
[31.226s][debug][gc,phases,ref     ] GC(66)         FinalRef (ms):            skipped
[31.226s][debug][gc,phases,ref     ] GC(66)       Notify PhantomReferences: 0.0ms
[31.226s][debug][gc,phases,ref     ] GC(66)         PhantomRef (ms):          skipped
[31.226s][debug][gc,phases,ref     ] GC(66)       SoftReference:
[31.226s][debug][gc,phases,ref     ] GC(66)         Discovered: 0
[31.226s][debug][gc,phases,ref     ] GC(66)         Cleared: 0
[31.226s][debug][gc,phases,ref     ] GC(66)       WeakReference:
[31.226s][debug][gc,phases,ref     ] GC(66)         Discovered: 0
[31.226s][debug][gc,phases,ref     ] GC(66)         Cleared: 0
[31.226s][debug][gc,phases,ref     ] GC(66)       FinalReference:
[31.226s][debug][gc,phases,ref     ] GC(66)         Discovered: 0
[31.226s][debug][gc,phases,ref     ] GC(66)         Cleared: 0
[31.226s][debug][gc,phases,ref     ] GC(66)       PhantomReference:
[31.226s][debug][gc,phases,ref     ] GC(66)         Discovered: 0
[31.226s][debug][gc,phases,ref     ] GC(66)         Cleared: 0
[31.226s][debug][gc,phases         ] GC(66)     Weak Processing: 0.0ms
[31.226s][debug][gc,phases         ] GC(66)     Merge Per-Thread State: 0.0ms
[31.226s][debug][gc,phases         ] GC(66)     Code Roots Purge: 0.0ms
[31.226s][debug][gc,phases         ] GC(66)     Redirty Cards: 0.0ms
[31.226s][debug][gc,phases         ] GC(66)     DerivedPointerTable Update: 0.0ms
[31.226s][debug][gc,phases         ] GC(66)     Free Collection Set: 0.2ms
[31.226s][debug][gc,phases         ] GC(66)     Humongous Reclaim: 0.4ms
[31.226s][debug][gc,phases         ] GC(66)     Start New Collection Set: 0.0ms
[31.226s][debug][gc,phases         ] GC(66)     Resize TLABs: 0.0ms
[31.226s][debug][gc,phases         ] GC(66)     Expand Heap After Collection: 0.0ms
[31.226s][info ][gc,phases         ] GC(66)   Other: 0.7ms
[31.226s][info ][gc,heap           ] GC(66) Eden regions: 10->0(142)
[31.226s][info ][gc,heap           ] GC(66) Survivor regions: 22->11(23)
[31.226s][info ][gc,heap           ] GC(66) Old regions: 184->208
[31.226s][info ][gc,heap           ] GC(66) Humongous regions: 51->51
[31.226s][info ][gc,metaspace      ] GC(66) Metaspace: 13230K->13230K(1060864K)
[31.226s][debug][gc,heap           ] GC(66) Heap after GC invocations=67 (full 0): garbage-first heap   total 1480704K, used 275968K [0x0000000780000000, 0x0000000800000000)
[31.226s][debug][gc,heap           ] GC(66)   region size 1024K, 11 young (11264K), 11 survivors (11264K)
[31.226s][debug][gc,heap           ] GC(66)  Metaspace       used 13230K, capacity 13663K, committed 13824K, reserved 1060864K
[31.226s][debug][gc,heap           ] GC(66)   class space    used 1352K, capacity 1515K, committed 1536K, reserved 1048576K
[31.226s][info ][gc                ] GC(66) Pause Young (Concurrent Start) (G1 Humongous Allocation) 267M->269M(1446M) 42.559ms
[31.226s][info ][gc,cpu            ] GC(66) User=0.16s Sys=0.00s Real=0.05s
[31.226s][info ][gc                ] GC(67) Concurrent Cycle
[31.226s][info ][gc,marking        ] GC(67) Concurrent Clear Claimed Marks
[31.226s][info ][gc,marking        ] GC(67) Concurrent Clear Claimed Marks 0.078ms
[31.226s][info ][gc,marking        ] GC(67) Concurrent Scan Root Regions
[31.227s][debug][gc,ergo           ] GC(67) Running G1 Root Region Scan using 1 workers for 11 work units.
[31.235s][info ][gc,marking        ] GC(67) Concurrent Scan Root Regions 8.018ms
[31.235s][info ][gc,marking        ] GC(67) Concurrent Mark (31.235s)
[31.235s][info ][gc,marking        ] GC(67) Concurrent Mark From Roots
[31.235s][info ][gc,task           ] GC(67) Using 1 workers of 1 for marking
[31.244s][debug][gc,stats          ] ---------------------------------------------------------------------
[31.244s][debug][gc,stats          ] Marking Stats, task = 0, calls = 1
[31.244s][debug][gc,stats          ]   Elapsed time = 9.44ms, Termination time = 0.00ms
[31.244s][debug][gc,stats          ]   Step Times (cum): num = 440, avg = 0.55ms, sd = 2.02ms max = 9.88ms, total = 242.11ms
[31.244s][debug][gc,stats          ]   Mark Stats Cache: hits 60179 misses 39 ratio 99.935
[31.244s][debug][gc,stats          ] ---------------------------------------------------------------------
[31.244s][info ][gc,marking        ] GC(67) Concurrent Mark From Roots 9.704ms
[31.244s][info ][gc,marking        ] GC(67) Concurrent Preclean
[31.244s][debug][gc,ref,start      ] GC(67) Preclean SoftReferences
[31.244s][debug][gc,ref            ] GC(67) Preclean SoftReferences 0.017ms
[31.244s][debug][gc,ref,start      ] GC(67) Preclean WeakReferences
[31.244s][debug][gc,ref            ] GC(67) Preclean WeakReferences 0.019ms
[31.244s][debug][gc,ref,start      ] GC(67) Preclean FinalReferences
[31.244s][debug][gc,ref            ] GC(67) Preclean FinalReferences 0.012ms
[31.244s][debug][gc,ref,start      ] GC(67) Preclean PhantomReferences
[31.244s][debug][gc,ref            ] GC(67) Preclean PhantomReferences 0.013ms
[31.244s][info ][gc,marking        ] GC(67) Concurrent Preclean 0.114ms
[31.245s][info ][gc,marking        ] GC(67) Concurrent Mark (31.235s, 31.245s) 9.872ms
[31.245s][info ][gc,start          ] GC(67) Pause Remark
[31.245s][debug][gc,phases,start   ] GC(67) Finalize Marking
[31.245s][debug][gc,stats          ] ---------------------------------------------------------------------
[31.245s][debug][gc,stats          ] Marking Stats, task = 0, calls = 18
[31.245s][debug][gc,stats          ]   Elapsed time = 0.07ms, Termination time = 0.05ms
[31.245s][debug][gc,stats          ]   Step Times (cum): num = 457, avg = 0.53ms, sd = 1.98ms max = 9.88ms, total = 242.17ms
[31.245s][debug][gc,stats          ]   Mark Stats Cache: hits 60179 misses 39 ratio 99.935
[31.245s][debug][gc,stats          ] ---------------------------------------------------------------------
[31.245s][debug][gc,stats          ] Marking Stats, task = 1, calls = 1
[31.245s][debug][gc,stats          ]   Elapsed time = 0.09ms, Termination time = 0.07ms
[31.245s][debug][gc,stats          ]   Step Times (cum): num = 26, avg = 0.18ms, sd = 0.23ms max = 0.77ms, total = 4.72ms
[31.245s][debug][gc,stats          ]   Mark Stats Cache: hits 97 misses 2 ratio 97.980
[31.245s][debug][gc,stats          ] ---------------------------------------------------------------------
[31.245s][debug][gc,stats          ] Marking Stats, task = 2, calls = 1
[31.245s][debug][gc,stats          ]   Elapsed time = 0.01ms, Termination time = 0.00ms
[31.245s][debug][gc,stats          ]   Step Times (cum): num = 25, avg = 0.15ms, sd = 0.24ms max = 0.75ms, total = 3.66ms
[31.245s][debug][gc,stats          ]   Mark Stats Cache: hits 56 misses 4 ratio 93.333
[31.245s][debug][gc,stats          ] ---------------------------------------------------------------------
[31.245s][debug][gc,stats          ] Marking Stats, task = 3, calls = 1
[31.245s][debug][gc,stats          ]   Elapsed time = 0.01ms, Termination time = 0.00ms
[31.245s][debug][gc,stats          ]   Step Times (cum): num = 23, avg = 0.00ms, sd = 0.00ms max = 0.02ms, total = 0.10ms
[31.245s][debug][gc,stats          ]   Mark Stats Cache: hits 53 misses 3 ratio 94.643
[31.245s][debug][gc,stats          ] ---------------------------------------------------------------------
[31.245s][debug][gc,phases         ] GC(67) Finalize Marking 0.341ms
[31.245s][debug][gc,phases,start   ] GC(67) Reference Processing
[31.245s][debug][gc,ref            ] GC(67) Skipped phase1 of Reference Processing due to unavailable references
[31.245s][debug][gc,ref            ] GC(67) Skipped phase2 of Reference Processing due to unavailable references
[31.245s][debug][gc,ref            ] GC(67) Skipped phase3 of Reference Processing due to unavailable references
[31.245s][debug][gc,ref            ] GC(67) Skipped phase4 of Reference Processing due to unavailable references
[31.245s][debug][gc,phases,ref     ] GC(67) Reference Processing: 0.0ms
[31.245s][debug][gc,phases,ref     ] GC(67)   Reconsider SoftReferences: 0.0ms
[31.245s][debug][gc,phases,ref     ] GC(67)     SoftRef (ms):             skipped
[31.245s][debug][gc,phases,ref     ] GC(67)   Notify Soft/WeakReferences: 0.0ms
[31.245s][debug][gc,phases,ref     ] GC(67)     SoftRef (ms):             skipped
[31.245s][debug][gc,phases,ref     ] GC(67)     WeakRef (ms):             skipped
[31.245s][debug][gc,phases,ref     ] GC(67)     FinalRef (ms):            skipped
[31.245s][debug][gc,phases,ref     ] GC(67)     Total (ms):               skipped
[31.245s][debug][gc,phases,ref     ] GC(67)   Notify and keep alive finalizable: 0.0ms
[31.245s][debug][gc,phases,ref     ] GC(67)     FinalRef (ms):            skipped
[31.245s][debug][gc,phases,ref     ] GC(67)   Notify PhantomReferences: 0.0ms
[31.245s][debug][gc,phases,ref     ] GC(67)     PhantomRef (ms):          skipped
[31.245s][debug][gc,phases,ref     ] GC(67)   SoftReference:
[31.245s][debug][gc,phases,ref     ] GC(67)     Discovered: 0
[31.245s][debug][gc,phases,ref     ] GC(67)     Cleared: 0
[31.245s][debug][gc,phases,ref     ] GC(67)   WeakReference:
[31.245s][debug][gc,phases,ref     ] GC(67)     Discovered: 0
[31.245s][debug][gc,phases,ref     ] GC(67)     Cleared: 0
[31.245s][debug][gc,phases,ref     ] GC(67)   FinalReference:
[31.245s][debug][gc,phases,ref     ] GC(67)     Discovered: 0
[31.245s][debug][gc,phases,ref     ] GC(67)     Cleared: 0
[31.245s][debug][gc,phases,ref     ] GC(67)   PhantomReference:
[31.245s][debug][gc,phases,ref     ] GC(67)     Discovered: 0
[31.245s][debug][gc,phases,ref     ] GC(67)     Cleared: 0
[31.245s][debug][gc,phases         ] GC(67) Reference Processing 0.485ms
[31.245s][debug][gc,phases,start   ] GC(67) Weak Processing
[31.246s][debug][gc,phases         ] GC(67) Weak Processing 0.026ms
[31.246s][debug][gc,phases,start   ] GC(67) Class Unloading
[31.246s][debug][gc,phases,start   ] GC(67) ClassLoaderData
[31.246s][debug][gc,phases         ] GC(67) ClassLoaderData 0.060ms
[31.246s][debug][gc,phases,start   ] GC(67) ProtectionDomainCacheTable
[31.246s][debug][gc,phases         ] GC(67) ProtectionDomainCacheTable 0.012ms
[31.247s][info ][gc,stringtable    ] GC(67) Cleaned string and symbol table, strings: 6161 processed, 5 removed, symbols: 45233 processed, 0 removed
[31.247s][debug][gc,phases         ] GC(67) Class Unloading 1.402ms
[31.247s][debug][gc,phases,start   ] GC(67) Flush Task Caches
[31.247s][debug][gc,stats          ] Mark stats cache hits 60385 misses 48 ratio 99.921
[31.247s][debug][gc,phases         ] GC(67) Flush Task Caches 0.029ms
[31.247s][debug][gc,phases,start   ] GC(67) Update Remembered Set Tracking Before Rebuild
[31.247s][debug][gc,ergo           ] GC(67) Running G1 Update RemSet Tracking Before Rebuild using 4 workers for 1446 regions in heap
[31.247s][debug][gc,remset,tracking] GC(67) Remembered Set Tracking update regions total 1446, selected 42
[31.247s][debug][gc,phases         ] GC(67) Update Remembered Set Tracking Before Rebuild 0.172ms
[31.247s][debug][gc,phases,start   ] GC(67) Reclaim Empty Regions
[31.247s][debug][gc                ] GC(67) Reclaimed 217 empty regions
[31.247s][debug][gc,phases         ] GC(67) Reclaim Empty Regions 0.215ms
[31.247s][debug][gc,phases,start   ] GC(67) Purge Metaspace
[31.247s][debug][gc,phases         ] GC(67) Purge Metaspace 0.010ms
[31.247s][debug][gc,phases,start   ] GC(67) Report Object Count
[31.247s][debug][gc,phases         ] GC(67) Report Object Count 0.009ms
[31.247s][info ][gc                ] GC(67) Pause Remark 278M->61M(1446M) 2.848ms
[31.248s][info ][gc,cpu            ] GC(67) User=0.00s Sys=0.00s Real=0.00s
[31.248s][info ][gc,marking        ] GC(67) Concurrent Rebuild Remembered Sets
[31.254s][info ][gc,marking        ] GC(67) Concurrent Rebuild Remembered Sets 6.703ms
[31.254s][info ][gc,start          ] GC(67) Pause Cleanup
[31.254s][debug][gc,phases,start   ] GC(67) Update Remembered Set Tracking After Rebuild
[31.254s][debug][gc,phases         ] GC(67) Update Remembered Set Tracking After Rebuild 0.042ms
[31.254s][debug][gc,phases,start   ] GC(67) Finalize Concurrent Mark Cleanup
[31.255s][debug][gc,ergo           ] GC(67) request young-only gcs (reclaimable percentage not over threshold). candidate old regions: 41 reclaimable: 41349304 (2.73) threshold: 5
[31.255s][debug][gc,phases         ] GC(67) Finalize Concurrent Mark Cleanup 0.174ms
[31.255s][info ][gc                ] GC(67) Pause Cleanup 61M->61M(1446M) 0.271ms
[31.255s][info ][gc,cpu            ] GC(67) User=0.00s Sys=0.00s Real=0.00s
[31.255s][info ][gc,marking        ] GC(67) Concurrent Cleanup for Next Mark
[31.255s][debug][gc,ergo           ] GC(67) Running G1 Clear Bitmap with 1 workers for 23 work units.
[31.259s][info ][gc,marking        ] GC(67) Concurrent Cleanup for Next Mark 4.754ms
[31.260s][info ][gc                ] GC(67) Concurrent Cycle 33.205ms
[31.568s][debug][gc,refine         ] Activated worker 0, on threshold: 35, current: 39
[31.568s][debug][gc,refine         ] Deactivated worker 0, off threshold: 33, current: 33, processed: 6
[31.574s][debug][gc,refine         ] Activated worker 0, on threshold: 35, current: 37
[31.577s][debug][gc,refine         ] Deactivated worker 0, off threshold: 33, current: 33, processed: 4
[31.579s][debug][gc,refine         ] Activated worker 0, on threshold: 35, current: 35
[31.580s][debug][gc,refine         ] Deactivated worker 0, off threshold: 33, current: 33, processed: 2
[31.688s][debug][gc,refine         ] Activated worker 0, on threshold: 35, current: 39
[31.689s][debug][gc,refine         ] Deactivated worker 0, off threshold: 33, current: 33, processed: 6
[31.695s][debug][gc,refine         ] Activated worker 0, on threshold: 35, current: 37
[31.698s][debug][gc,refine         ] Deactivated worker 0, off threshold: 33, current: 33, processed: 4
[31.700s][debug][gc,refine         ] Activated worker 0, on threshold: 35, current: 35
[31.700s][debug][gc,refine         ] Deactivated worker 0, off threshold: 33, current: 33, processed: 2
[31.809s][debug][gc,refine         ] Activated worker 0, on threshold: 35, current: 39
[31.810s][debug][gc,refine         ] Deactivated worker 0, off threshold: 33, current: 33, processed: 6
[31.815s][debug][gc,refine         ] Activated worker 0, on threshold: 35, current: 37
[31.818s][debug][gc,refine         ] Deactivated worker 0, off threshold: 33, current: 33, processed: 4
[31.820s][debug][gc,refine         ] Activated worker 0, on threshold: 35, current: 35
[31.820s][debug][gc,refine         ] Deactivated worker 0, off threshold: 33, current: 33, processed: 2
[31.923s][debug][gc,refine         ] Activated worker 0, on threshold: 35, current: 39
[31.924s][debug][gc,refine         ] Deactivated worker 0, off threshold: 33, current: 33, processed: 6
[31.930s][debug][gc,refine         ] Activated worker 0, on threshold: 35, current: 37
[31.933s][debug][gc,refine         ] Deactivated worker 0, off threshold: 33, current: 33, processed: 4
[31.934s][debug][gc,refine         ] Activated worker 0, on threshold: 35, current: 35
[31.935s][debug][gc,refine         ] Deactivated worker 0, off threshold: 33, current: 33, processed: 2
[32.040s][debug][gc,refine         ] Activated worker 0, on threshold: 35, current: 39
[32.041s][debug][gc,refine         ] Deactivated worker 0, off threshold: 33, current: 33, processed: 6
[32.047s][debug][gc,refine         ] Activated worker 0, on threshold: 35, current: 37
[32.051s][debug][gc,refine         ] Deactivated worker 0, off threshold: 33, current: 33, processed: 4
[32.053s][debug][gc,refine         ] Activated worker 0, on threshold: 35, current: 35
[32.053s][debug][gc,refine         ] Deactivated worker 0, off threshold: 33, current: 33, processed: 2
[32.156s][debug][gc,refine         ] Activated worker 0, on threshold: 35, current: 39
[32.157s][debug][gc,refine         ] Deactivated worker 0, off threshold: 33, current: 33, processed: 6
[32.165s][debug][gc,refine         ] Activated worker 0, on threshold: 35, current: 37
[32.168s][debug][gc,refine         ] Deactivated worker 0, off threshold: 33, current: 33, processed: 4
[32.172s][debug][gc,refine         ] Activated worker 0, on threshold: 35, current: 35
[32.172s][debug][gc,refine         ] Deactivated worker 0, off threshold: 33, current: 33, processed: 2
[32.173s][debug][gc,refine         ] Activated worker 0, on threshold: 35, current: 39
[32.173s][debug][gc,refine         ] Deactivated worker 0, off threshold: 33, current: 33, processed: 6
[32.283s][debug][gc,refine         ] Activated worker 0, on threshold: 35, current: 37
[32.286s][debug][gc,refine         ] Deactivated worker 0, off threshold: 33, current: 33, processed: 4
[32.288s][debug][gc,refine         ] Activated worker 0, on threshold: 35, current: 35
[32.289s][debug][gc,refine         ] Deactivated worker 0, off threshold: 33, current: 33, processed: 2
[32.289s][debug][gc,refine         ] Activated worker 0, on threshold: 35, current: 39
[32.290s][debug][gc,refine         ] Deactivated worker 0, off threshold: 33, current: 33, processed: 6
[32.400s][debug][gc,refine         ] Activated worker 0, on threshold: 35, current: 37
[32.403s][debug][gc,refine         ] Deactivated worker 0, off threshold: 33, current: 33, processed: 4
[32.405s][debug][gc,refine         ] Activated worker 0, on threshold: 35, current: 35
[32.406s][debug][gc,refine         ] Deactivated worker 0, off threshold: 33, current: 33, processed: 2
[32.509s][debug][gc,refine         ] Activated worker 0, on threshold: 35, current: 39
[32.510s][debug][gc,refine         ] Deactivated worker 0, off threshold: 33, current: 33, processed: 6
[32.517s][debug][gc,refine         ] Activated worker 0, on threshold: 35, current: 37
[32.520s][debug][gc,refine         ] Deactivated worker 0, off threshold: 33, current: 33, processed: 4
[32.522s][debug][gc,refine         ] Activated worker 0, on threshold: 35, current: 35
[32.522s][debug][gc,refine         ] Deactivated worker 0, off threshold: 33, current: 33, processed: 2
[32.626s][debug][gc,refine         ] Activated worker 0, on threshold: 35, current: 39
[32.627s][debug][gc,refine         ] Deactivated worker 0, off threshold: 33, current: 33, processed: 6
[32.636s][debug][gc,refine         ] Activated worker 0, on threshold: 35, current: 37
[32.639s][debug][gc,refine         ] Deactivated worker 0, off threshold: 33, current: 33, processed: 4
[32.643s][debug][gc,refine         ] Activated worker 0, on threshold: 35, current: 35
[32.643s][debug][gc,refine         ] Deactivated worker 0, off threshold: 33, current: 33, processed: 2
[32.745s][debug][gc,refine         ] Activated worker 0, on threshold: 35, current: 39
[32.746s][debug][gc,refine         ] Deactivated worker 0, off threshold: 33, current: 33, processed: 6
[32.752s][debug][gc,refine         ] Activated worker 0, on threshold: 35, current: 37
[32.755s][debug][gc,refine         ] Deactivated worker 0, off threshold: 33, current: 33, processed: 4
[32.757s][debug][gc,refine         ] Activated worker 0, on threshold: 35, current: 35
[32.758s][debug][gc,refine         ] Deactivated worker 0, off threshold: 33, current: 33, processed: 2
[32.861s][debug][gc,refine         ] Activated worker 0, on threshold: 35, current: 39
[32.862s][debug][gc,refine         ] Deactivated worker 0, off threshold: 33, current: 33, processed: 6
[32.862s][debug][gc,heap           ] GC(68) Heap before GC invocations=68 (full 0): garbage-first heap   total 1480704K, used 242688K [0x0000000780000000, 0x0000000800000000)
[32.862s][debug][gc,heap           ] GC(68)   region size 1024K, 153 young (156672K), 11 survivors (11264K)
[32.862s][debug][gc,heap           ] GC(68)  Metaspace       used 13236K, capacity 13665K, committed 13824K, reserved 1060864K
[32.862s][debug][gc,heap           ] GC(68)   class space    used 1352K, capacity 1515K, committed 1536K, reserved 1048576K
[32.862s][info ][gc,start          ] GC(68) Pause Young (Normal) (G1 Evacuation Pause)
[32.862s][info ][gc,task           ] GC(68) Using 4 workers of 4 for evacuation
[32.862s][debug][gc,tlab           ] GC(68) TLAB totals: thrds: 4  refills: 426 max: 419 slow allocs: 37 max 37 waste:  0.2% gc: 76472B max: 34008B slow: 251960B max: 249336B fast: 0B max: 0B
[32.862s][debug][gc,alloc,region   ] GC(68) Mutator Allocation stats, regions: 142, wasted size: 0B ( 0.0%)
[32.862s][debug][gc,age            ] GC(68) Desired survivor size 10485760 bytes, new threshold 15 (max threshold 15)
[32.862s][debug][gc,ergo,cset      ] GC(68) Finish choosing CSet. old: 0 regions, predicted old region time: 0.00ms, time remaining: 12.98
[32.863s][debug][gc,task,stats     ] GC(68) GC Termination Stats
[32.863s][debug][gc,refine         ] Activated worker 0, on threshold: 35, current: 36
[32.863s][debug][gc,task,stats     ] GC(68)      elapsed  --strong roots-- -------termination------- ------waste (KiB)------
[32.863s][debug][gc,task,stats     ] GC(68) thr     ms        ms      %        ms      %    attempts  total   alloc    undo
[32.863s][debug][gc,task,stats     ] GC(68) --- --------- --------- ------ --------- ------ -------- ------- ------- -------
[32.999s][debug][gc,task,stats     ] GC(68)   0    135.71    133.86  98.64      0.55   0.40        4       1       1       0
[32.999s][debug][gc,task,stats     ] GC(68)   2    135.74    135.63  99.92      0.00   0.00        1       1       1       0
[32.999s][debug][gc,task,stats     ] GC(68)   3    135.76    133.25  98.15      0.45   0.33        2       1       1       0
[32.999s][debug][gc,task,stats     ] GC(68)   1    135.81    134.38  98.95      0.48   0.35        3       1       1       0
[32.999s][debug][gc,ergo           ] GC(68) Running G1 Clear Card Table Task using 1 workers for 1 units of work for 177 regions.
[32.999s][debug][gc,ref            ] GC(68) Skipped phase1 of Reference Processing due to unavailable references
[32.999s][debug][gc,ref            ] GC(68) Skipped phase2 of Reference Processing due to unavailable references
[32.999s][debug][gc,ref            ] GC(68) Skipped phase3 of Reference Processing due to unavailable references
[32.999s][debug][gc,ref            ] GC(68) Skipped phase4 of Reference Processing due to unavailable references
[32.999s][debug][gc,ergo           ] GC(68) Running G1 Free Collection Set using 4 workers for collection set length 153
[32.999s][debug][gc,humongous      ] GC(68) Live humongous region 5 object size 524304 start 0x0000000780500000  with remset 0 code roots 0 is marked 0 reclaim candidate 0 type array 0
[32.999s][debug][gc,humongous      ] GC(68) Live humongous region 6 object size 1048592 start 0x0000000780600000  with remset 0 code roots 0 is marked 0 reclaim candidate 0 type array 0
[32.999s][debug][gc,humongous      ] GC(68) Live humongous region 8 object size 524304 start 0x0000000780800000  with remset 0 code roots 0 is marked 0 reclaim candidate 0 type array 0
[32.999s][debug][gc,humongous      ] GC(68) Live humongous region 13 object size 1048592 start 0x0000000780d00000  with remset 0 code roots 0 is marked 0 reclaim candidate 0 type array 0
[32.999s][debug][gc,humongous      ] GC(68) Live humongous region 17 object size 524304 start 0x0000000781100000  with remset 0 code roots 0 is marked 0 reclaim candidate 0 type array 0
[32.999s][debug][gc,humongous      ] GC(68) Live humongous region 19 object size 1048592 start 0x0000000781300000  with remset 0 code roots 0 is marked 0 reclaim candidate 0 type array 0
[32.999s][debug][gc,humongous      ] GC(68) Live humongous region 22 object size 524304 start 0x0000000781600000  with remset 0 code roots 0 is marked 0 reclaim candidate 0 type array 0
[32.999s][debug][gc,humongous      ] GC(68) Live humongous region 23 object size 1048592 start 0x0000000781700000  with remset 0 code roots 0 is marked 0 reclaim candidate 0 type array 0
[32.999s][debug][gc,humongous      ] GC(68) Live humongous region 25 object size 524304 start 0x0000000781900000  with remset 0 code roots 0 is marked 0 reclaim candidate 0 type array 0
[32.999s][debug][gc,humongous      ] GC(68) Live humongous region 26 object size 1048592 start 0x0000000781a00000  with remset 0 code roots 0 is marked 0 reclaim candidate 0 type array 0
[32.999s][debug][gc,humongous      ] GC(68) Live humongous region 29 object size 524304 start 0x0000000781d00000  with remset 0 code roots 0 is marked 0 reclaim candidate 0 type array 0
[32.999s][debug][gc,humongous      ] GC(68) Live humongous region 30 object size 1048592 start 0x0000000781e00000  with remset 0 code roots 0 is marked 0 reclaim candidate 0 type array 0
[32.999s][debug][gc,humongous      ] GC(68) Live humongous region 32 object size 524304 start 0x0000000782000000  with remset 0 code roots 0 is marked 0 reclaim candidate 0 type array 0
[32.999s][debug][gc,humongous      ] GC(68) Live humongous region 34 object size 1048592 start 0x0000000782200000  with remset 0 code roots 0 is marked 0 reclaim candidate 0 type array 0
[32.999s][debug][gc,humongous      ] GC(68) Live humongous region 36 object size 524304 start 0x0000000782400000  with remset 0 code roots 0 is marked 0 reclaim candidate 0 type array 0
[32.999s][debug][gc,humongous      ] GC(68) Live humongous region 38 object size 1048592 start 0x0000000782600000  with remset 0 code roots 0 is marked 0 reclaim candidate 0 type array 0
[32.999s][debug][gc,humongous      ] GC(68) Live humongous region 40 object size 524304 start 0x0000000782800000  with remset 0 code roots 0 is marked 0 reclaim candidate 0 type array 0
[32.999s][debug][gc,humongous      ] GC(68) Live humongous region 41 object size 1048592 start 0x0000000782900000  with remset 0 code roots 0 is marked 0 reclaim candidate 0 type array 0
[32.999s][debug][gc,humongous      ] GC(68) Live humongous region 43 object size 524304 start 0x0000000782b00000  with remset 0 code roots 0 is marked 0 reclaim candidate 0 type array 0
[32.999s][debug][gc,humongous      ] GC(68) Live humongous region 44 object size 1048592 start 0x0000000782c00000  with remset 0 code roots 0 is marked 0 reclaim candidate 0 type array 0
[32.999s][debug][gc,humongous      ] GC(68) Live humongous region 46 object size 524304 start 0x0000000782e00000  with remset 0 code roots 0 is marked 0 reclaim candidate 0 type array 0
[32.999s][debug][gc,humongous      ] GC(68) Live humongous region 47 object size 524304 start 0x0000000782f00000  with remset 0 code roots 0 is marked 0 reclaim candidate 0 type array 0
[32.999s][debug][gc,humongous      ] GC(68) Live humongous region 49 object size 1048592 start 0x0000000783100000  with remset 0 code roots 0 is marked 0 reclaim candidate 0 type array 0
[32.999s][debug][gc,humongous      ] GC(68) Live humongous region 51 object size 1048592 start 0x0000000783300000  with remset 0 code roots 0 is marked 0 reclaim candidate 0 type array 0
[32.999s][debug][gc,humongous      ] GC(68) Live humongous region 53 object size 524304 start 0x0000000783500000  with remset 0 code roots 0 is marked 0 reclaim candidate 0 type array 0
[32.999s][debug][gc,humongous      ] GC(68) Live humongous region 54 object size 1048592 start 0x0000000783600000  with remset 0 code roots 0 is marked 0 reclaim candidate 0 type array 0
[32.999s][debug][gc,humongous      ] GC(68) Live humongous region 240 object size 524304 start 0x000000078f000000  with remset 0 code roots 0 is marked 0 reclaim candidate 0 type array 0
[32.999s][debug][gc,humongous      ] GC(68) Live humongous region 241 object size 1048592 start 0x000000078f100000  with remset 0 code roots 0 is marked 0 reclaim candidate 0 type array 0
[32.999s][debug][gc,plab           ] GC(68) Young PLAB allocation: allocated: 20971520B, wasted: 1000B, unused: 0B, used: 20970520B, undo waste: 0B, 
[32.999s][debug][gc,plab           ] GC(68) Young other allocation: region end waste: 0B, regions filled: 20, direct allocated: 0B, failure used: 0B, failure wasted: 0B
[32.999s][debug][gc,plab           ] GC(68) Young sizing: calculated: 4194104B, actual: 3771424B
[32.999s][debug][gc,plab           ] GC(68) Old PLAB allocation: allocated: 126877696B, wasted: 5808B, unused: 1272096B, used: 125599792B, undo waste: 0B, 
[32.999s][debug][gc,plab           ] GC(68) Old other allocation: region end waste: 0B, regions filled: 121, direct allocated: 0B, failure used: 0B, failure wasted: 0B
[32.999s][debug][gc,plab           ] GC(68) Old sizing: calculated: 25119952B, actual: 21310440B
[33.000s][debug][gc,alloc,stats    ] Old generation allocation in the last mutator period, old gen allocated: 126877696B, humongous allocated: 44040192B,old gen growth: 126877696B.
[33.000s][debug][gc,ihop           ] GC(68) Basic information (value update), threshold: 306393557B (20.21), target occupancy: 1516240896B, current occupancy: 235929600B, recent allocation size: 170917888B, recent allocation duration: 1634.07ms, recent old gen allocation rate: 104596544.74B/s, recent marking phase length: 232.15ms
[33.000s][debug][gc,ihop           ] GC(68) Adaptive IHOP information (value update), threshold: 306393557B (21.27), internal target occupancy: 1440428851B, occupancy: 235929600B, additional buffer size: 193986560B, predicted old gen allocation rate: 2648206221.76B/s, predicted marking phase length: 354.98ms, prediction active: true
[33.000s][debug][gc,ergo,refine    ] GC(68) Updated Refinement Zones: green: 36, yellow: 108, red: 180
[33.000s][info ][gc,phases         ] GC(68)   Pre Evacuate Collection Set: 0.1ms
[33.000s][debug][gc,phases         ] GC(68)     Prepare TLABs: 0.0ms
[33.000s][debug][gc,phases         ] GC(68)     Choose Collection Set: 0.0ms
[33.000s][debug][gc,phases         ] GC(68)     Humongous Register: 0.0ms
[33.000s][info ][gc,phases         ] GC(68)   Evacuate Collection Set: 136.1ms
[33.000s][debug][gc,phases         ] GC(68)     Ext Root Scanning (ms):   Min:  0.2, Avg:  0.2, Max:  0.2, Diff:  0.1, Sum:  0.8, Workers: 4
[33.000s][debug][gc,phases         ] GC(68)     Update RS (ms):           Min:  1.7, Avg:  3.3, Max:  5.6, Diff:  4.0, Sum: 13.3, Workers: 4
[33.000s][debug][gc,phases         ] GC(68)       Processed Buffers:        Min: 3, Avg:  9.0, Max: 15, Diff: 12, Sum: 36, Workers: 4
[33.000s][debug][gc,phases         ] GC(68)       Scanned Cards:            Min: 768, Avg: 2126.5, Max: 3840, Diff: 3072, Sum: 8506, Workers: 4
[33.000s][debug][gc,phases         ] GC(68)       Skipped Cards:            Min: 0, Avg:  0.0, Max: 0, Diff: 0, Sum: 0, Workers: 4
[33.000s][debug][gc,phases         ] GC(68)     Scan RS (ms):             Min:  4.4, Avg:  5.1, Max:  7.0, Diff:  2.6, Sum: 20.5, Workers: 4
[33.000s][debug][gc,phases         ] GC(68)       Scanned Cards:            Min: 2060, Avg: 2150.5, Max: 2284, Diff: 224, Sum: 8602, Workers: 4
[33.000s][debug][gc,phases         ] GC(68)       Claimed Cards:            Min: 2103, Avg: 2263.0, Max: 2424, Diff: 321, Sum: 9052, Workers: 4
[33.000s][debug][gc,phases         ] GC(68)       Skipped Cards:            Min: 207, Avg: 1215.8, Max: 1899, Diff: 1692, Sum: 4863, Workers: 4
[33.000s][debug][gc,phases         ] GC(68)     Code Root Scanning (ms):  Min:  0.0, Avg:  0.0, Max:  0.0, Diff:  0.0, Sum:  0.0, Workers: 4
[33.000s][debug][gc,phases         ] GC(68)     JVMCI Root Scan (ms):     skipped
[33.000s][debug][gc,phases         ] GC(68)     Object Copy (ms):         Min: 123.9, Avg: 126.6, Max: 129.4, Diff:  5.5, Sum: 506.4, Workers: 4
[33.000s][debug][gc,phases         ] GC(68)     Termination (ms):         Min:  0.0, Avg:  0.4, Max:  0.5, Diff:  0.5, Sum:  1.5, Workers: 4
[33.000s][debug][gc,phases         ] GC(68)       Termination Attempts:     Min: 1, Avg:  2.5, Max: 4, Diff: 3, Sum: 10, Workers: 4
[33.000s][debug][gc,phases         ] GC(68)     GC Worker Other (ms):     Min:  0.1, Avg:  0.2, Max:  0.2, Diff:  0.0, Sum:  0.6, Workers: 4
[33.000s][debug][gc,phases         ] GC(68)     GC Worker Total (ms):     Min: 135.8, Avg: 135.8, Max: 135.8, Diff:  0.1, Sum: 543.1, Workers: 4
[33.000s][info ][gc,phases         ] GC(68)   Post Evacuate Collection Set: 0.7ms
[33.000s][debug][gc,phases         ] GC(68)     Code Roots Fixup: 0.0ms
[33.000s][debug][gc,phases         ] GC(68)     Clear Card Table: 0.1ms
[33.000s][debug][gc,phases         ] GC(68)     Reference Processing: 0.0ms
[33.000s][debug][gc,phases,ref     ] GC(68)       Reconsider SoftReferences: 0.0ms
[33.000s][debug][gc,phases,ref     ] GC(68)         SoftRef (ms):             skipped
[33.000s][debug][gc,phases,ref     ] GC(68)       Notify Soft/WeakReferences: 0.0ms
[33.000s][debug][gc,phases,ref     ] GC(68)         SoftRef (ms):             skipped
[33.000s][debug][gc,phases,ref     ] GC(68)         WeakRef (ms):             skipped
[33.000s][debug][gc,phases,ref     ] GC(68)         FinalRef (ms):            skipped
[33.000s][debug][gc,phases,ref     ] GC(68)         Total (ms):               skipped
[33.000s][debug][gc,phases,ref     ] GC(68)       Notify and keep alive finalizable: 0.0ms
[33.000s][debug][gc,phases,ref     ] GC(68)         FinalRef (ms):            skipped
[33.000s][debug][gc,phases,ref     ] GC(68)       Notify PhantomReferences: 0.0ms
[33.000s][debug][gc,phases,ref     ] GC(68)         PhantomRef (ms):          skipped
[33.000s][debug][gc,phases,ref     ] GC(68)       SoftReference:
[33.000s][debug][gc,phases,ref     ] GC(68)         Discovered: 0
[33.000s][debug][gc,phases,ref     ] GC(68)         Cleared: 0
[33.000s][debug][gc,phases,ref     ] GC(68)       WeakReference:
[33.000s][debug][gc,phases,ref     ] GC(68)         Discovered: 0
[33.000s][debug][gc,phases,ref     ] GC(68)         Cleared: 0
[33.000s][debug][gc,phases,ref     ] GC(68)       FinalReference:
[33.000s][debug][gc,phases,ref     ] GC(68)         Discovered: 0
[33.000s][debug][gc,phases,ref     ] GC(68)         Cleared: 0
[33.000s][debug][gc,phases,ref     ] GC(68)       PhantomReference:
[33.000s][debug][gc,phases,ref     ] GC(68)         Discovered: 0
[33.000s][debug][gc,phases,ref     ] GC(68)         Cleared: 0
[33.000s][debug][gc,phases         ] GC(68)     Weak Processing: 0.0ms
[33.000s][debug][gc,phases         ] GC(68)     Merge Per-Thread State: 0.0ms
[33.000s][debug][gc,phases         ] GC(68)     Code Roots Purge: 0.0ms
[33.000s][debug][gc,phases         ] GC(68)     Redirty Cards: 0.0ms
[33.000s][debug][gc,phases         ] GC(68)     DerivedPointerTable Update: 0.0ms
[33.000s][debug][gc,phases         ] GC(68)     Free Collection Set: 0.2ms
[33.000s][debug][gc,phases         ] GC(68)     Humongous Reclaim: 0.4ms
[33.000s][debug][gc,phases         ] GC(68)     Start New Collection Set: 0.0ms
[33.000s][debug][gc,phases         ] GC(68)     Resize TLABs: 0.0ms
[33.000s][debug][gc,phases         ] GC(68)     Expand Heap After Collection: 0.0ms
[33.000s][info ][gc,phases         ] GC(68)   Other: 0.7ms
[33.000s][info ][gc,heap           ] GC(68) Eden regions: 142->0(165)
[33.000s][info ][gc,heap           ] GC(68) Survivor regions: 11->20(20)
[33.000s][info ][gc,heap           ] GC(68) Old regions: 42->163
[33.000s][info ][gc,heap           ] GC(68) Humongous regions: 42->42
[33.000s][info ][gc,metaspace      ] GC(68) Metaspace: 13236K->13236K(1060864K)
[33.000s][debug][gc,heap           ] GC(68) Heap after GC invocations=69 (full 0): garbage-first heap   total 1480704K, used 230400K [0x0000000780000000, 0x0000000800000000)
[33.000s][debug][gc,heap           ] GC(68)   region size 1024K, 20 young (20480K), 20 survivors (20480K)
[33.000s][debug][gc,heap           ] GC(68)  Metaspace       used 13236K, capacity 13665K, committed 13824K, reserved 1060864K
[33.000s][debug][gc,heap           ] GC(68)   class space    used 1352K, capacity 1515K, committed 1536K, reserved 1048576K
[33.000s][info ][gc                ] GC(68) Pause Young (Normal) (G1 Evacuation Pause) 237M->225M(1446M) 137.977ms
[33.000s][info ][gc,cpu            ] GC(68) User=0.49s Sys=0.01s Real=0.14s
[33.000s][debug][gc,refine         ] Deactivated worker 0, off threshold: 36, current: 8, processed: 0
[33.237s][debug][gc,refine         ] Activated worker 0, on threshold: 38, current: 38
[33.242s][debug][gc,refine         ] Deactivated worker 0, off threshold: 36, current: 36, processed: 8
[33.347s][debug][gc,refine         ] Activated worker 0, on threshold: 38, current: 40
[33.348s][debug][gc,refine         ] Deactivated worker 0, off threshold: 36, current: 36, processed: 4
[33.352s][debug][gc,refine         ] Activated worker 0, on threshold: 38, current: 38
[33.355s][debug][gc,refine         ] Deactivated worker 0, off threshold: 36, current: 36, processed: 8
[33.460s][debug][gc,refine         ] Activated worker 0, on threshold: 38, current: 40
[33.461s][debug][gc,refine         ] Deactivated worker 0, off threshold: 36, current: 36, processed: 4
[33.465s][debug][gc,refine         ] Activated worker 0, on threshold: 38, current: 38
[33.468s][debug][gc,refine         ] Deactivated worker 0, off threshold: 36, current: 36, processed: 8
[33.575s][debug][gc,refine         ] Activated worker 0, on threshold: 38, current: 40
[33.575s][debug][gc,refine         ] Deactivated worker 0, off threshold: 36, current: 36, processed: 4
[33.580s][debug][gc,refine         ] Activated worker 0, on threshold: 38, current: 38
[33.582s][debug][gc,refine         ] Deactivated worker 0, off threshold: 36, current: 36, processed: 3
[33.686s][debug][gc,refine         ] Activated worker 0, on threshold: 38, current: 41
[33.687s][debug][gc,refine         ] Deactivated worker 0, off threshold: 36, current: 36, processed: 5
[33.693s][debug][gc,refine         ] Activated worker 0, on threshold: 38, current: 40
[33.693s][debug][gc,refine         ] Deactivated worker 0, off threshold: 36, current: 36, processed: 4
[33.698s][debug][gc,refine         ] Activated worker 0, on threshold: 38, current: 38
[33.701s][debug][gc,refine         ] Deactivated worker 0, off threshold: 36, current: 36, processed: 8
[33.810s][debug][gc,refine         ] Activated worker 0, on threshold: 38, current: 40
[33.811s][debug][gc,refine         ] Deactivated worker 0, off threshold: 36, current: 36, processed: 4
[33.816s][debug][gc,refine         ] Activated worker 0, on threshold: 38, current: 38
[33.819s][debug][gc,refine         ] Deactivated worker 0, off threshold: 36, current: 36, processed: 3
[33.918s][debug][gc,refine         ] Activated worker 0, on threshold: 38, current: 41
[33.919s][debug][gc,refine         ] Deactivated worker 0, off threshold: 36, current: 36, processed: 5
[33.924s][debug][gc,refine         ] Activated worker 0, on threshold: 38, current: 40
[33.925s][debug][gc,refine         ] Deactivated worker 0, off threshold: 36, current: 36, processed: 4
[33.929s][debug][gc,refine         ] Activated worker 0, on threshold: 38, current: 38
[33.931s][debug][gc,refine         ] Deactivated worker 0, off threshold: 36, current: 36, processed: 3
[34.032s][debug][gc,refine         ] Activated worker 0, on threshold: 38, current: 41
[34.033s][debug][gc,refine         ] Deactivated worker 0, off threshold: 36, current: 36, processed: 5
[34.040s][debug][gc,refine         ] Activated worker 0, on threshold: 38, current: 40
[34.040s][debug][gc,refine         ] Deactivated worker 0, off threshold: 36, current: 36, processed: 4
[34.044s][debug][gc,refine         ] Activated worker 0, on threshold: 38, current: 38
[34.047s][debug][gc,refine         ] Deactivated worker 0, off threshold: 36, current: 36, processed: 3
[34.146s][debug][gc,refine         ] Activated worker 0, on threshold: 38, current: 41
[34.147s][debug][gc,refine         ] Deactivated worker 0, off threshold: 36, current: 36, processed: 5
[34.153s][debug][gc,refine         ] Activated worker 0, on threshold: 38, current: 40
[34.153s][debug][gc,refine         ] Deactivated worker 0, off threshold: 36, current: 36, processed: 4
[34.158s][debug][gc,refine         ] Activated worker 0, on threshold: 38, current: 38
[34.160s][debug][gc,refine         ] Deactivated worker 0, off threshold: 36, current: 36, processed: 3
[34.261s][debug][gc,refine         ] Activated worker 0, on threshold: 38, current: 38
[34.262s][debug][gc,refine         ] Deactivated worker 0, off threshold: 36, current: 36, processed: 5
[34.268s][debug][gc,refine         ] Activated worker 0, on threshold: 38, current: 40
[34.269s][debug][gc,refine         ] Deactivated worker 0, off threshold: 36, current: 36, processed: 4
[34.273s][debug][gc,refine         ] Activated worker 0, on threshold: 38, current: 38
[34.276s][debug][gc,refine         ] Deactivated worker 0, off threshold: 36, current: 36, processed: 8
[34.382s][debug][gc,refine         ] Activated worker 0, on threshold: 38, current: 40
[34.382s][debug][gc,refine         ] Deactivated worker 0, off threshold: 36, current: 36, processed: 4
[34.387s][debug][gc,refine         ] Activated worker 0, on threshold: 38, current: 38
[34.390s][debug][gc,refine         ] Deactivated worker 0, off threshold: 36, current: 36, processed: 8
[34.497s][debug][gc,refine         ] Activated worker 0, on threshold: 38, current: 40
[34.497s][debug][gc,refine         ] Deactivated worker 0, off threshold: 36, current: 36, processed: 4
[34.502s][debug][gc,refine         ] Activated worker 0, on threshold: 38, current: 38
[34.505s][debug][gc,refine         ] Deactivated worker 0, off threshold: 36, current: 36, processed: 8
[34.610s][debug][gc,refine         ] Activated worker 0, on threshold: 38, current: 40
[34.611s][debug][gc,refine         ] Deactivated worker 0, off threshold: 36, current: 36, processed: 4
[34.615s][debug][gc,refine         ] Activated worker 0, on threshold: 38, current: 38
[34.618s][debug][gc,refine         ] Deactivated worker 0, off threshold: 36, current: 36, processed: 3
[34.718s][debug][gc,refine         ] Activated worker 0, on threshold: 38, current: 41
[34.720s][debug][gc,refine         ] Deactivated worker 0, off threshold: 36, current: 36, processed: 5
[34.726s][debug][gc,refine         ] Activated worker 0, on threshold: 38, current: 40
[34.726s][debug][gc,refine         ] Deactivated worker 0, off threshold: 36, current: 36, processed: 4
[34.727s][debug][gc,heap           ] GC(69) Heap before GC invocations=69 (full 0): garbage-first heap   total 1480704K, used 444416K [0x0000000780000000, 0x0000000800000000)
[34.727s][debug][gc,heap           ] GC(69)   region size 1024K, 183 young (187392K), 20 survivors (20480K)
[34.727s][debug][gc,heap           ] GC(69)  Metaspace       used 13253K, capacity 13665K, committed 13824K, reserved 1060864K
[34.727s][debug][gc,heap           ] GC(69)   class space    used 1352K, capacity 1515K, committed 1536K, reserved 1048576K
[34.728s][info ][gc,start          ] GC(69) Pause Young (Normal) (G1 Evacuation Pause)
[34.728s][info ][gc,task           ] GC(69) Using 4 workers of 4 for evacuation
[34.728s][debug][gc,tlab           ] GC(69) TLAB totals: thrds: 4  refills: 487 max: 480 slow allocs: 45 max 45 waste:  0.2% gc: 41400B max: 22320B slow: 293384B max: 290440B fast: 0B max: 0B
[34.728s][debug][gc,alloc,region   ] GC(69) Mutator Allocation stats, regions: 163, wasted size: 0B ( 0.0%)
[34.728s][debug][gc,age            ] GC(69) Desired survivor size 12058624 bytes, new threshold 1 (max threshold 15)
[34.728s][debug][gc,ergo,cset      ] GC(69) Finish choosing CSet. old: 0 regions, predicted old region time: 0.00ms, time remaining: 0.00
[34.728s][debug][gc,task,stats     ] GC(69) GC Termination Stats
[34.728s][debug][gc,refine         ] Activated worker 0, on threshold: 38, current: 39
[34.728s][debug][gc,task,stats     ] GC(69)      elapsed  --strong roots-- -------termination------- ------waste (KiB)------
[34.728s][debug][gc,task,stats     ] GC(69) thr     ms        ms      %        ms      %    attempts  total   alloc    undo
[34.728s][debug][gc,task,stats     ] GC(69) --- --------- --------- ------ --------- ------ -------- ------- ------- -------
[34.886s][debug][gc,task,stats     ] GC(69)   1    158.37    157.40  99.39      0.00   0.00        1       2       2       0
[34.887s][debug][gc,task,stats     ] GC(69)   2    159.06    158.31  99.53      0.00   0.00        1       2       2       0
[34.887s][debug][gc,task,stats     ] GC(69)   0    159.23    157.88  99.15      0.00   0.00        1       2       2       0
[34.887s][debug][gc,task,stats     ] GC(69)   3    159.21    157.66  99.02      0.00   0.00        1       1       1       0
[34.887s][debug][gc,ergo           ] GC(69) Running G1 Clear Card Table Task using 1 workers for 1 units of work for 211 regions.
[34.887s][debug][gc,ref            ] GC(69) Skipped phase1 of Reference Processing due to unavailable references
[34.887s][debug][gc,ref            ] GC(69) Skipped phase2 of Reference Processing due to unavailable references
[34.887s][debug][gc,ref            ] GC(69) Skipped phase3 of Reference Processing due to unavailable references
[34.887s][debug][gc,ref            ] GC(69) Skipped phase4 of Reference Processing due to unavailable references
[34.887s][debug][gc,ergo           ] GC(69) Running G1 Free Collection Set using 4 workers for collection set length 183
[34.888s][debug][gc,humongous      ] GC(69) Live humongous region 5 object size 524304 start 0x0000000780500000  with remset 0 code roots 0 is marked 0 reclaim candidate 0 type array 0
[34.888s][debug][gc,humongous      ] GC(69) Live humongous region 6 object size 1048592 start 0x0000000780600000  with remset 0 code roots 0 is marked 0 reclaim candidate 0 type array 0
[34.888s][debug][gc,humongous      ] GC(69) Live humongous region 8 object size 524304 start 0x0000000780800000  with remset 0 code roots 0 is marked 0 reclaim candidate 0 type array 0
[34.888s][debug][gc,humongous      ] GC(69) Live humongous region 13 object size 1048592 start 0x0000000780d00000  with remset 0 code roots 0 is marked 0 reclaim candidate 0 type array 0
[34.888s][debug][gc,humongous      ] GC(69) Live humongous region 17 object size 524304 start 0x0000000781100000  with remset 0 code roots 0 is marked 0 reclaim candidate 0 type array 0
[34.888s][debug][gc,humongous      ] GC(69) Live humongous region 19 object size 1048592 start 0x0000000781300000  with remset 0 code roots 0 is marked 0 reclaim candidate 0 type array 0
[34.888s][debug][gc,humongous      ] GC(69) Live humongous region 22 object size 524304 start 0x0000000781600000  with remset 0 code roots 0 is marked 0 reclaim candidate 0 type array 0
[34.888s][debug][gc,humongous      ] GC(69) Live humongous region 23 object size 1048592 start 0x0000000781700000  with remset 0 code roots 0 is marked 0 reclaim candidate 0 type array 0
[34.888s][debug][gc,humongous      ] GC(69) Live humongous region 25 object size 524304 start 0x0000000781900000  with remset 0 code roots 0 is marked 0 reclaim candidate 0 type array 0
[34.888s][debug][gc,humongous      ] GC(69) Live humongous region 26 object size 1048592 start 0x0000000781a00000  with remset 0 code roots 0 is marked 0 reclaim candidate 0 type array 0
[34.888s][debug][gc,humongous      ] GC(69) Live humongous region 29 object size 524304 start 0x0000000781d00000  with remset 0 code roots 0 is marked 0 reclaim candidate 0 type array 0
[34.888s][debug][gc,humongous      ] GC(69) Live humongous region 30 object size 1048592 start 0x0000000781e00000  with remset 0 code roots 0 is marked 0 reclaim candidate 0 type array 0
[34.888s][debug][gc,humongous      ] GC(69) Live humongous region 32 object size 524304 start 0x0000000782000000  with remset 0 code roots 0 is marked 0 reclaim candidate 0 type array 0
[34.888s][debug][gc,humongous      ] GC(69) Live humongous region 34 object size 1048592 start 0x0000000782200000  with remset 0 code roots 0 is marked 0 reclaim candidate 0 type array 0
[34.888s][debug][gc,humongous      ] GC(69) Live humongous region 36 object size 524304 start 0x0000000782400000  with remset 0 code roots 0 is marked 0 reclaim candidate 0 type array 0
[34.888s][debug][gc,humongous      ] GC(69) Live humongous region 38 object size 1048592 start 0x0000000782600000  with remset 0 code roots 0 is marked 0 reclaim candidate 0 type array 0
[34.888s][debug][gc,humongous      ] GC(69) Live humongous region 40 object size 524304 start 0x0000000782800000  with remset 0 code roots 0 is marked 0 reclaim candidate 0 type array 0
[34.888s][debug][gc,humongous      ] GC(69) Live humongous region 41 object size 1048592 start 0x0000000782900000  with remset 0 code roots 0 is marked 0 reclaim candidate 0 type array 0
[34.888s][debug][gc,humongous      ] GC(69) Live humongous region 43 object size 524304 start 0x0000000782b00000  with remset 0 code roots 0 is marked 0 reclaim candidate 0 type array 0
[34.888s][debug][gc,humongous      ] GC(69) Live humongous region 44 object size 1048592 start 0x0000000782c00000  with remset 0 code roots 0 is marked 0 reclaim candidate 0 type array 0
[34.888s][debug][gc,humongous      ] GC(69) Live humongous region 46 object size 524304 start 0x0000000782e00000  with remset 0 code roots 0 is marked 0 reclaim candidate 0 type array 0
[34.888s][debug][gc,humongous      ] GC(69) Live humongous region 47 object size 524304 start 0x0000000782f00000  with remset 0 code roots 0 is marked 0 reclaim candidate 0 type array 0
[34.888s][debug][gc,humongous      ] GC(69) Live humongous region 49 object size 1048592 start 0x0000000783100000  with remset 0 code roots 0 is marked 0 reclaim candidate 0 type array 0
[34.888s][debug][gc,humongous      ] GC(69) Live humongous region 51 object size 1048592 start 0x0000000783300000  with remset 0 code roots 0 is marked 0 reclaim candidate 0 type array 0
[34.888s][debug][gc,humongous      ] GC(69) Live humongous region 53 object size 524304 start 0x0000000783500000  with remset 0 code roots 0 is marked 0 reclaim candidate 0 type array 0
[34.888s][debug][gc,humongous      ] GC(69) Live humongous region 54 object size 1048592 start 0x0000000783600000  with remset 0 code roots 0 is marked 0 reclaim candidate 0 type array 0
[34.888s][debug][gc,humongous      ] GC(69) Live humongous region 188 object size 524304 start 0x000000078bc00000  with remset 0 code roots 0 is marked 0 reclaim candidate 0 type array 0
[34.888s][debug][gc,humongous      ] GC(69) Live humongous region 189 object size 1048592 start 0x000000078bd00000  with remset 0 code roots 0 is marked 0 reclaim candidate 0 type array 0
[34.888s][debug][gc,humongous      ] GC(69) Live humongous region 191 object size 524304 start 0x000000078bf00000  with remset 0 code roots 0 is marked 0 reclaim candidate 0 type array 0
[34.888s][debug][gc,humongous      ] GC(69) Live humongous region 192 object size 1048592 start 0x000000078c000000  with remset 0 code roots 0 is marked 0 reclaim candidate 0 type array 0
[34.888s][debug][gc,humongous      ] GC(69) Live humongous region 194 object size 524304 start 0x000000078c200000  with remset 0 code roots 0 is marked 0 reclaim candidate 0 type array 0
[34.888s][debug][gc,humongous      ] GC(69) Live humongous region 195 object size 1048592 start 0x000000078c300000  with remset 0 code roots 0 is marked 0 reclaim candidate 0 type array 0
[34.888s][debug][gc,humongous      ] GC(69) Live humongous region 197 object size 524304 start 0x000000078c500000  with remset 0 code roots 0 is marked 0 reclaim candidate 0 type array 0
[34.888s][debug][gc,humongous      ] GC(69) Live humongous region 198 object size 1048592 start 0x000000078c600000  with remset 0 code roots 0 is marked 0 reclaim candidate 0 type array 0
[34.888s][debug][gc,humongous      ] GC(69) Live humongous region 200 object size 524304 start 0x000000078c800000  with remset 0 code roots 0 is marked 0 reclaim candidate 0 type array 0
[34.888s][debug][gc,humongous      ] GC(69) Live humongous region 201 object size 1048592 start 0x000000078c900000  with remset 0 code roots 0 is marked 0 reclaim candidate 0 type array 0
[34.888s][debug][gc,humongous      ] GC(69) Live humongous region 203 object size 524304 start 0x000000078cb00000  with remset 0 code roots 0 is marked 0 reclaim candidate 0 type array 0
[34.888s][debug][gc,humongous      ] GC(69) Live humongous region 204 object size 1048592 start 0x000000078cc00000  with remset 0 code roots 0 is marked 0 reclaim candidate 0 type array 0
[34.888s][debug][gc,humongous      ] GC(69) Live humongous region 206 object size 524304 start 0x000000078ce00000  with remset 0 code roots 0 is marked 0 reclaim candidate 0 type array 0
[34.888s][debug][gc,humongous      ] GC(69) Live humongous region 207 object size 1048592 start 0x000000078cf00000  with remset 0 code roots 0 is marked 0 reclaim candidate 0 type array 0
[34.888s][debug][gc,humongous      ] GC(69) Live humongous region 209 object size 524304 start 0x000000078d100000  with remset 0 code roots 0 is marked 0 reclaim candidate 0 type array 0
[34.888s][debug][gc,humongous      ] GC(69) Live humongous region 211 object size 1048592 start 0x000000078d300000  with remset 0 code roots 0 is marked 0 reclaim candidate 0 type array 0
[34.888s][debug][gc,humongous      ] GC(69) Live humongous region 214 object size 524304 start 0x000000078d600000  with remset 0 code roots 0 is marked 0 reclaim candidate 0 type array 0
[34.888s][debug][gc,humongous      ] GC(69) Live humongous region 215 object size 524304 start 0x000000078d700000  with remset 0 code roots 0 is marked 0 reclaim candidate 0 type array 0
[34.888s][debug][gc,humongous      ] GC(69) Live humongous region 217 object size 1048592 start 0x000000078d900000  with remset 0 code roots 0 is marked 0 reclaim candidate 0 type array 0
[34.888s][debug][gc,humongous      ] GC(69) Live humongous region 219 object size 1048592 start 0x000000078db00000  with remset 0 code roots 0 is marked 0 reclaim candidate 0 type array 0
[34.888s][debug][gc,humongous      ] GC(69) Live humongous region 221 object size 524304 start 0x000000078dd00000  with remset 0 code roots 0 is marked 0 reclaim candidate 0 type array 0
[34.888s][debug][gc,humongous      ] GC(69) Live humongous region 222 object size 1048592 start 0x000000078de00000  with remset 0 code roots 0 is marked 0 reclaim candidate 0 type array 0
[34.888s][debug][gc,humongous      ] GC(69) Live humongous region 224 object size 524304 start 0x000000078e000000  with remset 0 code roots 0 is marked 0 reclaim candidate 0 type array 0
[34.888s][debug][gc,humongous      ] GC(69) Live humongous region 225 object size 1048592 start 0x000000078e100000  with remset 0 code roots 0 is marked 0 reclaim candidate 0 type array 0
[34.888s][debug][gc,humongous      ] GC(69) Live humongous region 227 object size 524304 start 0x000000078e300000  with remset 0 code roots 0 is marked 0 reclaim candidate 0 type array 0
[34.888s][debug][gc,humongous      ] GC(69) Live humongous region 228 object size 1048592 start 0x000000078e400000  with remset 0 code roots 0 is marked 0 reclaim candidate 0 type array 0
[34.888s][debug][gc,humongous      ] GC(69) Live humongous region 230 object size 524304 start 0x000000078e600000  with remset 0 code roots 0 is marked 0 reclaim candidate 0 type array 0
[34.888s][debug][gc,humongous      ] GC(69) Live humongous region 231 object size 1048592 start 0x000000078e700000  with remset 0 code roots 0 is marked 0 reclaim candidate 0 type array 0
[34.888s][debug][gc,humongous      ] GC(69) Live humongous region 233 object size 524304 start 0x000000078e900000  with remset 0 code roots 0 is marked 0 reclaim candidate 0 type array 0
[34.888s][debug][gc,humongous      ] GC(69) Live humongous region 234 object size 1048592 start 0x000000078ea00000  with remset 0 code roots 0 is marked 0 reclaim candidate 0 type array 0
[34.888s][debug][gc,humongous      ] GC(69) Live humongous region 237 object size 524304 start 0x000000078ed00000  with remset 0 code roots 0 is marked 0 reclaim candidate 0 type array 0
[34.888s][debug][gc,humongous      ] GC(69) Live humongous region 240 object size 524304 start 0x000000078f000000  with remset 0 code roots 0 is marked 0 reclaim candidate 0 type array 0
[34.888s][debug][gc,humongous      ] GC(69) Live humongous region 241 object size 1048592 start 0x000000078f100000  with remset 0 code roots 0 is marked 0 reclaim candidate 0 type array 0
[34.888s][debug][gc,plab           ] GC(69) Young PLAB allocation: allocated: 24117248B, wasted: 1088B, unused: 0B, used: 24116160B, undo waste: 0B, 
[34.888s][debug][gc,plab           ] GC(69) Young other allocation: region end waste: 0B, regions filled: 23, direct allocated: 0B, failure used: 0B, failure wasted: 0B
[34.888s][debug][gc,plab           ] GC(69) Young sizing: calculated: 4823232B, actual: 4560280B
[34.888s][debug][gc,plab           ] GC(69) Old PLAB allocation: allocated: 159907840B, wasted: 7296B, unused: 954464B, used: 158946080B, undo waste: 0B, 
[34.888s][debug][gc,plab           ] GC(69) Old other allocation: region end waste: 0B, regions filled: 153, direct allocated: 0B, failure used: 0B, failure wasted: 0B
[34.888s][debug][gc,plab           ] GC(69) Old sizing: calculated: 31789216B, actual: 29169520B
[34.888s][debug][gc,ergo,ihop      ] GC(69) Request concurrent cycle initiation (occupancy higher than threshold) occupancy: 423624704B allocation request: 0B threshold: 306393557B (20.21) source: end of GC
[34.888s][debug][gc,alloc,stats    ] Old generation allocation in the last mutator period, old gen allocated: 159907840B, humongous allocated: 48234496B,old gen growth: 208142336B.
[34.888s][debug][gc,ihop           ] GC(69) Basic information (value update), threshold: 330959892B (21.83), target occupancy: 1516240896B, current occupancy: 447217664B, recent allocation size: 208142336B, recent allocation duration: 1728.17ms, recent old gen allocation rate: 120440770.34B/s, recent marking phase length: 232.15ms
[34.888s][debug][gc,ihop           ] GC(69) Adaptive IHOP information (value update), threshold: 330959892B (22.98), internal target occupancy: 1440428851B, occupancy: 447217664B, additional buffer size: 199229440B, predicted old gen allocation rate: 2564230842.52B/s, predicted marking phase length: 354.98ms, prediction active: true
[34.888s][debug][gc,ergo,refine    ] GC(69) Updated Refinement Zones: green: 39, yellow: 117, red: 195
[34.888s][info ][gc,phases         ] GC(69)   Pre Evacuate Collection Set: 0.1ms
[34.888s][debug][gc,phases         ] GC(69)     Prepare TLABs: 0.0ms
[34.888s][debug][gc,phases         ] GC(69)     Choose Collection Set: 0.0ms
[34.888s][debug][gc,phases         ] GC(69)     Humongous Register: 0.1ms
[34.888s][info ][gc,phases         ] GC(69)   Evacuate Collection Set: 159.4ms
[34.888s][debug][gc,phases         ] GC(69)     Ext Root Scanning (ms):   Min:  0.1, Avg:  0.1, Max:  0.2, Diff:  0.1, Sum:  0.5, Workers: 4
[34.888s][debug][gc,phases         ] GC(69)     Update RS (ms):           Min:  2.5, Avg:  5.0, Max:  9.8, Diff:  7.2, Sum: 19.9, Workers: 4
[34.888s][debug][gc,phases         ] GC(69)       Processed Buffers:        Min: 3, Avg:  9.8, Max: 17, Diff: 14, Sum: 39, Workers: 4
[34.888s][debug][gc,phases         ] GC(69)       Scanned Cards:            Min: 768, Avg: 2317.2, Max: 3637, Diff: 2869, Sum: 9269, Workers: 4
[34.888s][debug][gc,phases         ] GC(69)       Skipped Cards:            Min: 0, Avg:  0.0, Max: 0, Diff: 0, Sum: 0, Workers: 4
[34.888s][debug][gc,phases         ] GC(69)     Scan RS (ms):             Min:  5.3, Avg:  5.8, Max:  6.3, Diff:  1.0, Sum: 23.3, Workers: 4
[34.888s][debug][gc,phases         ] GC(69)       Scanned Cards:            Min: 2674, Avg: 2721.8, Max: 2801, Diff: 127, Sum: 10887, Workers: 4
[34.888s][debug][gc,phases         ] GC(69)       Claimed Cards:            Min: 2706, Avg: 2761.8, Max: 2837, Diff: 131, Sum: 11047, Workers: 4
[34.888s][debug][gc,phases         ] GC(69)       Skipped Cards:            Min: 263, Avg: 1005.2, Max: 1508, Diff: 1245, Sum: 4021, Workers: 4
[34.888s][debug][gc,phases         ] GC(69)     Code Root Scanning (ms):  Min:  0.0, Avg:  0.0, Max:  0.0, Diff:  0.0, Sum:  0.1, Workers: 4
[34.888s][debug][gc,phases         ] GC(69)     JVMCI Root Scan (ms):     skipped
[34.888s][debug][gc,phases         ] GC(69)     Object Copy (ms):         Min: 142.3, Avg: 147.4, Max: 149.8, Diff:  7.5, Sum: 589.4, Workers: 4
[34.888s][debug][gc,phases         ] GC(69)     Termination (ms):         Min:  0.0, Avg:  0.0, Max:  0.0, Diff:  0.0, Sum:  0.0, Workers: 4
[34.888s][debug][gc,phases         ] GC(69)       Termination Attempts:     Min: 1, Avg:  1.0, Max: 1, Diff: 0, Sum: 4, Workers: 4
[34.888s][debug][gc,phases         ] GC(69)     GC Worker Other (ms):     Min:  0.8, Avg:  0.9, Max:  0.9, Diff:  0.2, Sum:  3.5, Workers: 4
[34.888s][debug][gc,phases         ] GC(69)     GC Worker Total (ms):     Min: 159.1, Avg: 159.2, Max: 159.3, Diff:  0.2, Sum: 636.7, Workers: 4
[34.888s][info ][gc,phases         ] GC(69)   Post Evacuate Collection Set: 0.8ms
[34.888s][debug][gc,phases         ] GC(69)     Code Roots Fixup: 0.0ms
[34.888s][debug][gc,phases         ] GC(69)     Clear Card Table: 0.1ms
[34.888s][debug][gc,phases         ] GC(69)     Reference Processing: 0.0ms
[34.888s][debug][gc,phases,ref     ] GC(69)       Reconsider SoftReferences: 0.0ms
[34.888s][debug][gc,phases,ref     ] GC(69)         SoftRef (ms):             skipped
[34.888s][debug][gc,phases,ref     ] GC(69)       Notify Soft/WeakReferences: 0.0ms
[34.888s][debug][gc,phases,ref     ] GC(69)         SoftRef (ms):             skipped
[34.888s][debug][gc,phases,ref     ] GC(69)         WeakRef (ms):             skipped
[34.889s][debug][gc,phases,ref     ] GC(69)         FinalRef (ms):            skipped
[34.889s][debug][gc,phases,ref     ] GC(69)         Total (ms):               skipped
[34.889s][debug][gc,phases,ref     ] GC(69)       Notify and keep alive finalizable: 0.0ms
[34.889s][debug][gc,phases,ref     ] GC(69)         FinalRef (ms):            skipped
[34.889s][debug][gc,phases,ref     ] GC(69)       Notify PhantomReferences: 0.0ms
[34.889s][debug][gc,phases,ref     ] GC(69)         PhantomRef (ms):          skipped
[34.889s][debug][gc,phases,ref     ] GC(69)       SoftReference:
[34.889s][debug][gc,phases,ref     ] GC(69)         Discovered: 0
[34.889s][debug][gc,phases,ref     ] GC(69)         Cleared: 0
[34.889s][debug][gc,phases,ref     ] GC(69)       WeakReference:
[34.889s][debug][gc,phases,ref     ] GC(69)         Discovered: 0
[34.889s][debug][gc,phases,ref     ] GC(69)         Cleared: 0
[34.889s][debug][gc,phases,ref     ] GC(69)       FinalReference:
[34.889s][debug][gc,phases,ref     ] GC(69)         Discovered: 0
[34.889s][debug][gc,phases,ref     ] GC(69)         Cleared: 0
[34.889s][debug][gc,phases,ref     ] GC(69)       PhantomReference:
[34.889s][debug][gc,phases,ref     ] GC(69)         Discovered: 0
[34.889s][debug][gc,phases,ref     ] GC(69)         Cleared: 0
[34.889s][debug][gc,phases         ] GC(69)     Weak Processing: 0.0ms
[34.889s][debug][gc,phases         ] GC(69)     Merge Per-Thread State: 0.0ms
[34.889s][debug][gc,phases         ] GC(69)     Code Roots Purge: 0.0ms
[34.889s][debug][gc,phases         ] GC(69)     Redirty Cards: 0.0ms
[34.889s][debug][gc,phases         ] GC(69)     DerivedPointerTable Update: 0.0ms
[34.889s][debug][gc,phases         ] GC(69)     Free Collection Set: 0.1ms
[34.889s][debug][gc,phases         ] GC(69)     Humongous Reclaim: 0.5ms
[34.889s][debug][gc,phases         ] GC(69)     Start New Collection Set: 0.0ms
[34.889s][debug][gc,phases         ] GC(69)     Resize TLABs: 0.0ms
[34.889s][debug][gc,phases         ] GC(69)     Expand Heap After Collection: 0.0ms
[34.889s][info ][gc,phases         ] GC(69)   Other: 0.6ms
[34.889s][info ][gc,heap           ] GC(69) Eden regions: 163->0(167)
[34.889s][info ][gc,heap           ] GC(69) Survivor regions: 20->23(23)
[34.889s][info ][gc,heap           ] GC(69) Old regions: 163->316
[34.889s][info ][gc,heap           ] GC(69) Humongous regions: 88->88
[34.889s][info ][gc,metaspace      ] GC(69) Metaspace: 13253K->13253K(1060864K)
[34.889s][debug][gc,heap           ] GC(69) Heap after GC invocations=70 (full 0): garbage-first heap   total 1480704K, used 436736K [0x0000000780000000, 0x0000000800000000)
[34.889s][debug][gc,heap           ] GC(69)   region size 1024K, 23 young (23552K), 23 survivors (23552K)
[34.889s][debug][gc,heap           ] GC(69)  Metaspace       used 13253K, capacity 13665K, committed 13824K, reserved 1060864K
[34.889s][debug][gc,heap           ] GC(69)   class space    used 1352K, capacity 1515K, committed 1536K, reserved 1048576K
[34.889s][info ][gc                ] GC(69) Pause Young (Normal) (G1 Evacuation Pause) 434M->426M(1446M) 161.252ms
[34.889s][info ][gc,cpu            ] GC(69) User=0.54s Sys=0.02s Real=0.16s
[34.889s][debug][gc,refine         ] Deactivated worker 0, off threshold: 39, current: 10, processed: 0
[34.890s][debug][gc,ergo,ihop      ] Request concurrent cycle initiation (occupancy higher than threshold) occupancy: 423624704B allocation request: 1048592B threshold: 330959892B (21.83) source: concurrent humongous allocation
[34.890s][debug][gc,ergo           ] Request concurrent cycle initiation (requested by GC cause). GC cause: G1 Humongous Allocation
[34.890s][debug][gc,heap           ] GC(70) Heap before GC invocations=70 (full 0): garbage-first heap   total 1480704K, used 438784K [0x0000000780000000, 0x0000000800000000)
[34.890s][debug][gc,heap           ] GC(70)   region size 1024K, 26 young (26624K), 23 survivors (23552K)
[34.890s][debug][gc,heap           ] GC(70)  Metaspace       used 13253K, capacity 13665K, committed 13824K, reserved 1060864K
[34.890s][debug][gc,heap           ] GC(70)   class space    used 1352K, capacity 1515K, committed 1536K, reserved 1048576K
[34.890s][debug][gc,ergo           ] GC(70) Initiate concurrent cycle (concurrent cycle initiation requested)
[34.890s][info ][gc,start          ] GC(70) Pause Young (Concurrent Start) (G1 Humongous Allocation)
[34.890s][info ][gc,task           ] GC(70) Using 4 workers of 4 for evacuation
[34.890s][debug][gc,tlab           ] GC(70) TLAB totals: thrds: 1  refills: 9 max: 9 slow allocs: 1 max 1 waste:  7.0% gc: 217016B max: 217016B slow: 4720B max: 4720B fast: 0B max: 0B
[34.890s][debug][gc,alloc,region   ] GC(70) Mutator Allocation stats, regions: 3, wasted size: 0B ( 0.0%)
[34.890s][debug][gc,age            ] GC(70) Desired survivor size 12582912 bytes, new threshold 1 (max threshold 15)
[34.890s][debug][gc,ergo,cset      ] GC(70) Finish choosing CSet. old: 0 regions, predicted old region time: 0.00ms, time remaining: 170.99
[34.890s][debug][gc,task,stats     ] GC(70) GC Termination Stats
[34.890s][debug][gc,task,stats     ] GC(70)      elapsed  --strong roots-- -------termination------- ------waste (KiB)------
[34.890s][debug][gc,task,stats     ] GC(70) thr     ms        ms      %        ms      %    attempts  total   alloc    undo
[34.890s][debug][gc,task,stats     ] GC(70) --- --------- --------- ------ --------- ------ -------- ------- ------- -------
[34.909s][debug][gc,task,stats     ] GC(70)   1     18.59     13.45  72.33      0.12   0.63        2       0       0       0
[34.909s][debug][gc,task,stats     ] GC(70)   0     18.68     16.39  87.70      0.49   2.62        5       0       0       0
[34.909s][debug][gc,task,stats     ] GC(70)   3     18.68     16.36  87.60      0.54   2.89        5       0       0       0
[34.909s][debug][gc,task,stats     ] GC(70)   2     18.72     18.22  97.31      0.49   2.61        1       0       0       0
[34.909s][debug][gc,ergo           ] GC(70) Running G1 Clear Card Table Task using 1 workers for 1 units of work for 31 regions.
[34.909s][debug][gc,ref            ] GC(70) Skipped phase1 of Reference Processing due to unavailable references
[34.909s][debug][gc,ref            ] GC(70) Skipped phase2 of Reference Processing due to unavailable references
[34.909s][debug][gc,ref            ] GC(70) Skipped phase3 of Reference Processing due to unavailable references
[34.909s][debug][gc,ref            ] GC(70) Skipped phase4 of Reference Processing due to unavailable references
[34.909s][debug][gc,ergo           ] GC(70) Running G1 Free Collection Set using 1 workers for collection set length 26
[34.909s][debug][gc,humongous      ] GC(70) Live humongous region 5 object size 524304 start 0x0000000780500000  with remset 0 code roots 0 is marked 0 reclaim candidate 0 type array 0
[34.909s][debug][gc,humongous      ] GC(70) Live humongous region 6 object size 1048592 start 0x0000000780600000  with remset 0 code roots 0 is marked 0 reclaim candidate 0 type array 0
[34.909s][debug][gc,humongous      ] GC(70) Live humongous region 8 object size 524304 start 0x0000000780800000  with remset 0 code roots 0 is marked 0 reclaim candidate 0 type array 0
[34.909s][debug][gc,humongous      ] GC(70) Live humongous region 13 object size 1048592 start 0x0000000780d00000  with remset 0 code roots 0 is marked 0 reclaim candidate 0 type array 0
[34.909s][debug][gc,humongous      ] GC(70) Live humongous region 17 object size 524304 start 0x0000000781100000  with remset 0 code roots 0 is marked 0 reclaim candidate 0 type array 0
[34.909s][debug][gc,humongous      ] GC(70) Live humongous region 19 object size 1048592 start 0x0000000781300000  with remset 0 code roots 0 is marked 0 reclaim candidate 0 type array 0
[34.909s][debug][gc,humongous      ] GC(70) Live humongous region 22 object size 524304 start 0x0000000781600000  with remset 0 code roots 0 is marked 0 reclaim candidate 0 type array 0
[34.909s][debug][gc,humongous      ] GC(70) Live humongous region 23 object size 1048592 start 0x0000000781700000  with remset 0 code roots 0 is marked 0 reclaim candidate 0 type array 0
[34.909s][debug][gc,humongous      ] GC(70) Live humongous region 25 object size 524304 start 0x0000000781900000  with remset 0 code roots 0 is marked 0 reclaim candidate 0 type array 0
[34.909s][debug][gc,humongous      ] GC(70) Live humongous region 26 object size 1048592 start 0x0000000781a00000  with remset 0 code roots 0 is marked 0 reclaim candidate 0 type array 0
[34.909s][debug][gc,humongous      ] GC(70) Live humongous region 29 object size 524304 start 0x0000000781d00000  with remset 0 code roots 0 is marked 0 reclaim candidate 0 type array 0
[34.909s][debug][gc,humongous      ] GC(70) Live humongous region 30 object size 1048592 start 0x0000000781e00000  with remset 0 code roots 0 is marked 0 reclaim candidate 0 type array 0
[34.909s][debug][gc,humongous      ] GC(70) Live humongous region 32 object size 524304 start 0x0000000782000000  with remset 0 code roots 0 is marked 0 reclaim candidate 0 type array 0
[34.909s][debug][gc,humongous      ] GC(70) Live humongous region 34 object size 1048592 start 0x0000000782200000  with remset 0 code roots 0 is marked 0 reclaim candidate 0 type array 0
[34.909s][debug][gc,humongous      ] GC(70) Live humongous region 36 object size 524304 start 0x0000000782400000  with remset 0 code roots 0 is marked 0 reclaim candidate 0 type array 0
[34.909s][debug][gc,humongous      ] GC(70) Live humongous region 38 object size 1048592 start 0x0000000782600000  with remset 0 code roots 0 is marked 0 reclaim candidate 0 type array 0
[34.909s][debug][gc,humongous      ] GC(70) Live humongous region 40 object size 524304 start 0x0000000782800000  with remset 0 code roots 0 is marked 0 reclaim candidate 0 type array 0
[34.909s][debug][gc,humongous      ] GC(70) Live humongous region 41 object size 1048592 start 0x0000000782900000  with remset 0 code roots 0 is marked 0 reclaim candidate 0 type array 0
[34.909s][debug][gc,humongous      ] GC(70) Live humongous region 43 object size 524304 start 0x0000000782b00000  with remset 0 code roots 0 is marked 0 reclaim candidate 0 type array 0
[34.909s][debug][gc,humongous      ] GC(70) Live humongous region 44 object size 1048592 start 0x0000000782c00000  with remset 0 code roots 0 is marked 0 reclaim candidate 0 type array 0
[34.909s][debug][gc,humongous      ] GC(70) Live humongous region 46 object size 524304 start 0x0000000782e00000  with remset 0 code roots 0 is marked 0 reclaim candidate 0 type array 0
[34.909s][debug][gc,humongous      ] GC(70) Live humongous region 47 object size 524304 start 0x0000000782f00000  with remset 0 code roots 0 is marked 0 reclaim candidate 0 type array 0
[34.909s][debug][gc,humongous      ] GC(70) Live humongous region 49 object size 1048592 start 0x0000000783100000  with remset 0 code roots 0 is marked 0 reclaim candidate 0 type array 0
[34.909s][debug][gc,humongous      ] GC(70) Live humongous region 51 object size 1048592 start 0x0000000783300000  with remset 0 code roots 0 is marked 0 reclaim candidate 0 type array 0
[34.909s][debug][gc,humongous      ] GC(70) Live humongous region 53 object size 524304 start 0x0000000783500000  with remset 0 code roots 0 is marked 0 reclaim candidate 0 type array 0
[34.909s][debug][gc,humongous      ] GC(70) Live humongous region 54 object size 1048592 start 0x0000000783600000  with remset 0 code roots 0 is marked 0 reclaim candidate 0 type array 0
[34.909s][debug][gc,humongous      ] GC(70) Live humongous region 188 object size 524304 start 0x000000078bc00000  with remset 0 code roots 0 is marked 0 reclaim candidate 0 type array 0
[34.909s][debug][gc,humongous      ] GC(70) Live humongous region 189 object size 1048592 start 0x000000078bd00000  with remset 0 code roots 0 is marked 0 reclaim candidate 0 type array 0
[34.909s][debug][gc,humongous      ] GC(70) Live humongous region 191 object size 524304 start 0x000000078bf00000  with remset 0 code roots 0 is marked 0 reclaim candidate 0 type array 0
[34.909s][debug][gc,humongous      ] GC(70) Live humongous region 192 object size 1048592 start 0x000000078c000000  with remset 0 code roots 0 is marked 0 reclaim candidate 0 type array 0
[34.909s][debug][gc,humongous      ] GC(70) Live humongous region 194 object size 524304 start 0x000000078c200000  with remset 0 code roots 0 is marked 0 reclaim candidate 0 type array 0
[34.909s][debug][gc,humongous      ] GC(70) Live humongous region 195 object size 1048592 start 0x000000078c300000  with remset 0 code roots 0 is marked 0 reclaim candidate 0 type array 0
[34.909s][debug][gc,humongous      ] GC(70) Live humongous region 197 object size 524304 start 0x000000078c500000  with remset 0 code roots 0 is marked 0 reclaim candidate 0 type array 0
[34.909s][debug][gc,humongous      ] GC(70) Live humongous region 198 object size 1048592 start 0x000000078c600000  with remset 0 code roots 0 is marked 0 reclaim candidate 0 type array 0
[34.909s][debug][gc,humongous      ] GC(70) Live humongous region 200 object size 524304 start 0x000000078c800000  with remset 0 code roots 0 is marked 0 reclaim candidate 0 type array 0
[34.909s][debug][gc,humongous      ] GC(70) Live humongous region 201 object size 1048592 start 0x000000078c900000  with remset 0 code roots 0 is marked 0 reclaim candidate 0 type array 0
[34.909s][debug][gc,humongous      ] GC(70) Live humongous region 203 object size 524304 start 0x000000078cb00000  with remset 0 code roots 0 is marked 0 reclaim candidate 0 type array 0
[34.909s][debug][gc,humongous      ] GC(70) Live humongous region 204 object size 1048592 start 0x000000078cc00000  with remset 0 code roots 0 is marked 0 reclaim candidate 0 type array 0
[34.909s][debug][gc,humongous      ] GC(70) Live humongous region 206 object size 524304 start 0x000000078ce00000  with remset 0 code roots 0 is marked 0 reclaim candidate 0 type array 0
[34.909s][debug][gc,humongous      ] GC(70) Live humongous region 207 object size 1048592 start 0x000000078cf00000  with remset 0 code roots 0 is marked 0 reclaim candidate 0 type array 0
[34.909s][debug][gc,humongous      ] GC(70) Live humongous region 209 object size 524304 start 0x000000078d100000  with remset 0 code roots 0 is marked 0 reclaim candidate 0 type array 0
[34.909s][debug][gc,humongous      ] GC(70) Live humongous region 211 object size 1048592 start 0x000000078d300000  with remset 0 code roots 0 is marked 0 reclaim candidate 0 type array 0
[34.909s][debug][gc,humongous      ] GC(70) Live humongous region 214 object size 524304 start 0x000000078d600000  with remset 0 code roots 0 is marked 0 reclaim candidate 0 type array 0
[34.909s][debug][gc,humongous      ] GC(70) Live humongous region 215 object size 524304 start 0x000000078d700000  with remset 0 code roots 0 is marked 0 reclaim candidate 0 type array 0
[34.909s][debug][gc,humongous      ] GC(70) Live humongous region 217 object size 1048592 start 0x000000078d900000  with remset 0 code roots 0 is marked 0 reclaim candidate 0 type array 0
[34.909s][debug][gc,humongous      ] GC(70) Live humongous region 219 object size 1048592 start 0x000000078db00000  with remset 0 code roots 0 is marked 0 reclaim candidate 0 type array 0
[34.909s][debug][gc,humongous      ] GC(70) Live humongous region 221 object size 524304 start 0x000000078dd00000  with remset 0 code roots 0 is marked 0 reclaim candidate 0 type array 0
[34.909s][debug][gc,humongous      ] GC(70) Live humongous region 222 object size 1048592 start 0x000000078de00000  with remset 0 code roots 0 is marked 0 reclaim candidate 0 type array 0
[34.909s][debug][gc,humongous      ] GC(70) Live humongous region 224 object size 524304 start 0x000000078e000000  with remset 0 code roots 0 is marked 0 reclaim candidate 0 type array 0
[34.909s][debug][gc,humongous      ] GC(70) Live humongous region 225 object size 1048592 start 0x000000078e100000  with remset 0 code roots 0 is marked 0 reclaim candidate 0 type array 0
[34.909s][debug][gc,humongous      ] GC(70) Live humongous region 227 object size 524304 start 0x000000078e300000  with remset 0 code roots 0 is marked 0 reclaim candidate 0 type array 0
[34.909s][debug][gc,humongous      ] GC(70) Live humongous region 228 object size 1048592 start 0x000000078e400000  with remset 0 code roots 0 is marked 0 reclaim candidate 0 type array 0
[34.909s][debug][gc,humongous      ] GC(70) Live humongous region 230 object size 524304 start 0x000000078e600000  with remset 0 code roots 0 is marked 0 reclaim candidate 0 type array 0
[34.910s][debug][gc,humongous      ] GC(70) Live humongous region 231 object size 1048592 start 0x000000078e700000  with remset 0 code roots 0 is marked 0 reclaim candidate 0 type array 0
[34.910s][debug][gc,humongous      ] GC(70) Live humongous region 233 object size 524304 start 0x000000078e900000  with remset 0 code roots 0 is marked 0 reclaim candidate 0 type array 0
[34.910s][debug][gc,humongous      ] GC(70) Live humongous region 234 object size 1048592 start 0x000000078ea00000  with remset 0 code roots 0 is marked 0 reclaim candidate 0 type array 0
[34.910s][debug][gc,humongous      ] GC(70) Live humongous region 237 object size 524304 start 0x000000078ed00000  with remset 0 code roots 0 is marked 1 reclaim candidate 0 type array 0
[34.910s][debug][gc,humongous      ] GC(70) Live humongous region 240 object size 524304 start 0x000000078f000000  with remset 0 code roots 0 is marked 0 reclaim candidate 0 type array 0
[34.910s][debug][gc,humongous      ] GC(70) Live humongous region 241 object size 1048592 start 0x000000078f100000  with remset 0 code roots 0 is marked 0 reclaim candidate 0 type array 0
[34.910s][debug][gc,plab           ] GC(70) Young PLAB allocation: allocated: 3670016B, wasted: 72B, unused: 745952B, used: 2923992B, undo waste: 0B, 
[34.910s][debug][gc,plab           ] GC(70) Young other allocation: region end waste: 0B, regions filled: 4, direct allocated: 0B, failure used: 0B, failure wasted: 0B
[34.910s][debug][gc,plab           ] GC(70) Young sizing: calculated: 584792B, actual: 1578664B
[34.910s][debug][gc,plab           ] GC(70) Old PLAB allocation: allocated: 25165824B, wasted: 1048B, unused: 1048616B, used: 24116160B, undo waste: 0B, 
[34.910s][debug][gc,plab           ] GC(70) Old other allocation: region end waste: 0B, regions filled: 25, direct allocated: 0B, failure used: 0B, failure wasted: 0B
[34.910s][debug][gc,plab           ] GC(70) Old sizing: calculated: 4823232B, actual: 10909800B
[34.910s][debug][gc,alloc,stats    ] Old generation allocation in the last mutator period, old gen allocated: 25165824B, humongous allocated: 0B,old gen growth: 25165824B.
[34.910s][debug][gc,ihop           ] GC(70) Basic information (value update), threshold: 0B (0.00), target occupancy: 1516240896B, current occupancy: 451936256B, recent allocation size: 25165824B, recent allocation duration: 1.66ms, recent old gen allocation rate: 15144397538.72B/s, recent marking phase length: 232.15ms
[34.910s][debug][gc,ihop           ] GC(70) Adaptive IHOP information (value update), threshold: 0B (0.00), internal target occupancy: 1440428851B, occupancy: 451936256B, additional buffer size: 174063616B, predicted old gen allocation rate: 3849987240.20B/s, predicted marking phase length: 354.98ms, prediction active: true
[34.910s][debug][gc,ergo,refine    ] GC(70) Updated Refinement Zones: green: 39, yellow: 117, red: 195
[34.910s][info ][gc,phases         ] GC(70)   Pre Evacuate Collection Set: 0.1ms
[34.910s][debug][gc,phases         ] GC(70)     Prepare TLABs: 0.0ms
[34.910s][debug][gc,phases         ] GC(70)     Choose Collection Set: 0.0ms
[34.910s][debug][gc,phases         ] GC(70)     Humongous Register: 0.0ms
[34.910s][debug][gc,phases         ] GC(70)     Clear Claimed Marks: 0.0ms
[34.910s][info ][gc,phases         ] GC(70)   Evacuate Collection Set: 18.8ms
[34.910s][debug][gc,phases         ] GC(70)     Ext Root Scanning (ms):   Min:  0.2, Avg:  0.2, Max:  0.2, Diff:  0.0, Sum:  0.7, Workers: 4
[34.910s][debug][gc,phases         ] GC(70)     Update RS (ms):           Min:  0.7, Avg:  0.8, Max:  1.0, Diff:  0.3, Sum:  3.1, Workers: 4
[34.910s][debug][gc,phases         ] GC(70)       Processed Buffers:        Min: 2, Avg:  2.8, Max: 4, Diff: 2, Sum: 11, Workers: 4
[34.910s][debug][gc,phases         ] GC(70)       Scanned Cards:            Min: 399, Avg: 510.0, Max: 617, Diff: 218, Sum: 2040, Workers: 4
[34.910s][debug][gc,phases         ] GC(70)       Skipped Cards:            Min: 0, Avg:  0.0, Max: 0, Diff: 0, Sum: 0, Workers: 4
[34.910s][debug][gc,phases         ] GC(70)     Scan RS (ms):             Min:  0.0, Avg:  0.0, Max:  0.0, Diff:  0.0, Sum:  0.0, Workers: 4
[34.910s][debug][gc,phases         ] GC(70)       Scanned Cards:            Min: 0, Avg:  0.0, Max: 0, Diff: 0, Sum: 0, Workers: 4
[34.910s][debug][gc,phases         ] GC(70)       Claimed Cards:            Min: 0, Avg:  0.0, Max: 0, Diff: 0, Sum: 0, Workers: 4
[34.910s][debug][gc,phases         ] GC(70)       Skipped Cards:            Min: 0, Avg:  0.0, Max: 0, Diff: 0, Sum: 0, Workers: 4
[34.910s][debug][gc,phases         ] GC(70)     Code Root Scanning (ms):  Min:  0.0, Avg:  0.0, Max:  0.0, Diff:  0.0, Sum:  0.0, Workers: 4
[34.910s][debug][gc,phases         ] GC(70)     JVMCI Root Scan (ms):     skipped
[34.910s][debug][gc,phases         ] GC(70)     Object Copy (ms):         Min: 17.1, Avg: 17.3, Max: 17.5, Diff:  0.4, Sum: 69.2, Workers: 4
[34.910s][debug][gc,phases         ] GC(70)     Termination (ms):         Min:  0.1, Avg:  0.4, Max:  0.5, Diff:  0.4, Sum:  1.6, Workers: 4
[34.910s][debug][gc,phases         ] GC(70)       Termination Attempts:     Min: 1, Avg:  3.2, Max: 5, Diff: 4, Sum: 13, Workers: 4
[34.910s][debug][gc,phases         ] GC(70)     GC Worker Other (ms):     Min:  0.0, Avg:  0.0, Max:  0.1, Diff:  0.1, Sum:  0.2, Workers: 4
[34.910s][debug][gc,phases         ] GC(70)     GC Worker Total (ms):     Min: 18.7, Avg: 18.7, Max: 18.7, Diff:  0.1, Sum: 74.8, Workers: 4
[34.910s][info ][gc,phases         ] GC(70)   Post Evacuate Collection Set: 0.7ms
[34.910s][debug][gc,phases         ] GC(70)     Code Roots Fixup: 0.0ms
[34.910s][debug][gc,phases         ] GC(70)     Clear Card Table: 0.0ms
[34.910s][debug][gc,phases         ] GC(70)     Reference Processing: 0.0ms
[34.910s][debug][gc,phases,ref     ] GC(70)       Reconsider SoftReferences: 0.0ms
[34.910s][debug][gc,phases,ref     ] GC(70)         SoftRef (ms):             skipped
[34.910s][debug][gc,phases,ref     ] GC(70)       Notify Soft/WeakReferences: 0.0ms
[34.910s][debug][gc,phases,ref     ] GC(70)         SoftRef (ms):             skipped
[34.910s][debug][gc,phases,ref     ] GC(70)         WeakRef (ms):             skipped
[34.910s][debug][gc,phases,ref     ] GC(70)         FinalRef (ms):            skipped
[34.910s][debug][gc,phases,ref     ] GC(70)         Total (ms):               skipped
[34.910s][debug][gc,phases,ref     ] GC(70)       Notify and keep alive finalizable: 0.0ms
[34.910s][debug][gc,phases,ref     ] GC(70)         FinalRef (ms):            skipped
[34.910s][debug][gc,phases,ref     ] GC(70)       Notify PhantomReferences: 0.0ms
[34.910s][debug][gc,phases,ref     ] GC(70)         PhantomRef (ms):          skipped
[34.910s][debug][gc,phases,ref     ] GC(70)       SoftReference:
[34.910s][debug][gc,phases,ref     ] GC(70)         Discovered: 0
[34.910s][debug][gc,phases,ref     ] GC(70)         Cleared: 0
[34.910s][debug][gc,phases,ref     ] GC(70)       WeakReference:
[34.910s][debug][gc,phases,ref     ] GC(70)         Discovered: 0
[34.910s][debug][gc,phases,ref     ] GC(70)         Cleared: 0
[34.910s][debug][gc,phases,ref     ] GC(70)       FinalReference:
[34.910s][debug][gc,phases,ref     ] GC(70)         Discovered: 0
[34.910s][debug][gc,phases,ref     ] GC(70)         Cleared: 0
[34.910s][debug][gc,phases,ref     ] GC(70)       PhantomReference:
[34.910s][debug][gc,phases,ref     ] GC(70)         Discovered: 0
[34.910s][debug][gc,phases,ref     ] GC(70)         Cleared: 0
[34.910s][debug][gc,phases         ] GC(70)     Weak Processing: 0.0ms
[34.910s][debug][gc,phases         ] GC(70)     Merge Per-Thread State: 0.0ms
[34.910s][debug][gc,phases         ] GC(70)     Code Roots Purge: 0.0ms
[34.910s][debug][gc,phases         ] GC(70)     Redirty Cards: 0.0ms
[34.910s][debug][gc,phases         ] GC(70)     DerivedPointerTable Update: 0.0ms
[34.910s][debug][gc,phases         ] GC(70)     Free Collection Set: 0.1ms
[34.910s][debug][gc,phases         ] GC(70)     Humongous Reclaim: 0.5ms
[34.910s][debug][gc,phases         ] GC(70)     Start New Collection Set: 0.0ms
[34.910s][debug][gc,phases         ] GC(70)     Resize TLABs: 0.0ms
[34.910s][debug][gc,phases         ] GC(70)     Expand Heap After Collection: 0.0ms
[34.910s][info ][gc,phases         ] GC(70)   Other: 0.3ms
[34.910s][info ][gc,heap           ] GC(70) Eden regions: 3->0(162)
[34.910s][info ][gc,heap           ] GC(70) Survivor regions: 23->4(24)
[34.910s][info ][gc,heap           ] GC(70) Old regions: 316->340
[34.910s][info ][gc,heap           ] GC(70) Humongous regions: 88->88
[34.910s][info ][gc,metaspace      ] GC(70) Metaspace: 13253K->13253K(1060864K)
[34.910s][debug][gc,heap           ] GC(70) Heap after GC invocations=71 (full 0): garbage-first heap   total 1480704K, used 441344K [0x0000000780000000, 0x0000000800000000)
[34.910s][debug][gc,heap           ] GC(70)   region size 1024K, 4 young (4096K), 4 survivors (4096K)
[34.910s][debug][gc,heap           ] GC(70)  Metaspace       used 13253K, capacity 13665K, committed 13824K, reserved 1060864K
[34.910s][debug][gc,heap           ] GC(70)   class space    used 1352K, capacity 1515K, committed 1536K, reserved 1048576K
[34.910s][info ][gc                ] GC(70) Pause Young (Concurrent Start) (G1 Humongous Allocation) 429M->431M(1446M) 20.252ms
[34.910s][info ][gc,cpu            ] GC(70) User=0.07s Sys=0.00s Real=0.02s
[34.910s][info ][gc                ] GC(71) Concurrent Cycle
[34.910s][info ][gc,marking        ] GC(71) Concurrent Clear Claimed Marks
[34.910s][info ][gc,marking        ] GC(71) Concurrent Clear Claimed Marks 0.047ms
[34.910s][info ][gc,marking        ] GC(71) Concurrent Scan Root Regions
[34.910s][debug][gc,ergo           ] GC(71) Running G1 Root Region Scan using 1 workers for 4 work units.
[34.911s][info ][gc,marking        ] GC(71) Concurrent Scan Root Regions 0.974ms
[34.911s][info ][gc,marking        ] GC(71) Concurrent Mark (34.911s)
[34.911s][info ][gc,marking        ] GC(71) Concurrent Mark From Roots
[34.911s][info ][gc,task           ] GC(71) Using 1 workers of 1 for marking
[34.926s][debug][gc,stats          ] ---------------------------------------------------------------------
[34.927s][debug][gc,stats          ] Marking Stats, task = 0, calls = 2
[34.927s][debug][gc,stats          ]   Elapsed time = 15.27ms, Termination time = 0.00ms
[34.927s][debug][gc,stats          ]   Step Times (cum): num = 459, avg = 0.56ms, sd = 2.04ms max = 9.88ms, total = 257.44ms
[34.927s][debug][gc,stats          ]   Mark Stats Cache: hits 335940 misses 55 ratio 99.984
[34.927s][debug][gc,stats          ] ---------------------------------------------------------------------
[34.927s][info ][gc,marking        ] GC(71) Concurrent Mark From Roots 15.389ms
[34.927s][info ][gc,marking        ] GC(71) Concurrent Preclean
[34.927s][debug][gc,ref,start      ] GC(71) Preclean SoftReferences
[34.927s][debug][gc,ref            ] GC(71) Preclean SoftReferences 0.010ms
[34.927s][debug][gc,ref,start      ] GC(71) Preclean WeakReferences
[34.927s][debug][gc,ref            ] GC(71) Preclean WeakReferences 0.018ms
[34.927s][debug][gc,ref,start      ] GC(71) Preclean FinalReferences
[34.927s][debug][gc,ref            ] GC(71) Preclean FinalReferences 0.007ms
[34.927s][debug][gc,ref,start      ] GC(71) Preclean PhantomReferences
[34.927s][debug][gc,ref            ] GC(71) Preclean PhantomReferences 0.008ms
[34.927s][info ][gc,marking        ] GC(71) Concurrent Preclean 0.075ms
[34.927s][info ][gc,marking        ] GC(71) Concurrent Mark (34.911s, 34.927s) 15.484ms
[34.927s][info ][gc,start          ] GC(71) Pause Remark
[34.927s][debug][gc,phases,start   ] GC(71) Finalize Marking
[34.928s][debug][gc,stats          ] ---------------------------------------------------------------------
[34.928s][debug][gc,stats          ] Marking Stats, task = 0, calls = 19
[34.928s][debug][gc,stats          ]   Elapsed time = 0.72ms, Termination time = 0.62ms
[34.928s][debug][gc,stats          ]   Step Times (cum): num = 476, avg = 0.54ms, sd = 2.00ms max = 9.88ms, total = 258.13ms
[34.928s][debug][gc,stats          ]   Mark Stats Cache: hits 337365 misses 55 ratio 99.984
[34.928s][debug][gc,stats          ] ---------------------------------------------------------------------
[34.928s][debug][gc,stats          ] Marking Stats, task = 1, calls = 1
[34.928s][debug][gc,stats          ]   Elapsed time = 0.73ms, Termination time = 0.62ms
[34.928s][debug][gc,stats          ]   Step Times (cum): num = 27, avg = 0.20ms, sd = 0.25ms max = 0.77ms, total = 5.43ms
[34.928s][debug][gc,stats          ]   Mark Stats Cache: hits 3202 misses 6 ratio 99.813
[34.928s][debug][gc,stats          ] ---------------------------------------------------------------------
[34.928s][debug][gc,stats          ] Marking Stats, task = 2, calls = 1
[34.928s][debug][gc,stats          ]   Elapsed time = 0.66ms, Termination time = 0.59ms
[34.928s][debug][gc,stats          ]   Step Times (cum): num = 26, avg = 0.17ms, sd = 0.26ms max = 0.75ms, total = 4.33ms
[34.928s][debug][gc,stats          ]   Mark Stats Cache: hits 405 misses 4 ratio 99.022
[34.928s][debug][gc,stats          ] ---------------------------------------------------------------------
[34.928s][debug][gc,stats          ] Marking Stats, task = 3, calls = 1
[34.928s][debug][gc,stats          ]   Elapsed time = 0.00ms, Termination time = 0.00ms
[34.928s][debug][gc,stats          ]   Step Times (cum): num = 24, avg = 0.00ms, sd = 0.00ms max = 0.02ms, total = 0.10ms
[34.928s][debug][gc,stats          ]   Mark Stats Cache: hits 26 misses 3 ratio 89.655
[34.928s][debug][gc,stats          ] ---------------------------------------------------------------------
[34.928s][debug][gc,phases         ] GC(71) Finalize Marking 0.882ms
[34.928s][debug][gc,phases,start   ] GC(71) Reference Processing
[34.928s][debug][gc,ref            ] GC(71) Skipped phase1 of Reference Processing due to unavailable references
[34.928s][debug][gc,ref            ] GC(71) Skipped phase2 of Reference Processing due to unavailable references
[34.928s][debug][gc,ref            ] GC(71) Skipped phase3 of Reference Processing due to unavailable references
[34.928s][debug][gc,ref            ] GC(71) Skipped phase4 of Reference Processing due to unavailable references
[34.928s][debug][gc,phases,ref     ] GC(71) Reference Processing: 0.0ms
[34.928s][debug][gc,phases,ref     ] GC(71)   Reconsider SoftReferences: 0.0ms
[34.928s][debug][gc,phases,ref     ] GC(71)     SoftRef (ms):             skipped
[34.928s][debug][gc,phases,ref     ] GC(71)   Notify Soft/WeakReferences: 0.0ms
[34.928s][debug][gc,phases,ref     ] GC(71)     SoftRef (ms):             skipped
[34.928s][debug][gc,phases,ref     ] GC(71)     WeakRef (ms):             skipped
[34.928s][debug][gc,phases,ref     ] GC(71)     FinalRef (ms):            skipped
[34.928s][debug][gc,phases,ref     ] GC(71)     Total (ms):               skipped
[34.928s][debug][gc,phases,ref     ] GC(71)   Notify and keep alive finalizable: 0.0ms
[34.928s][debug][gc,phases,ref     ] GC(71)     FinalRef (ms):            skipped
[34.928s][debug][gc,phases,ref     ] GC(71)   Notify PhantomReferences: 0.0ms
[34.928s][debug][gc,phases,ref     ] GC(71)     PhantomRef (ms):          skipped
[34.928s][debug][gc,phases,ref     ] GC(71)   SoftReference:
[34.928s][debug][gc,phases,ref     ] GC(71)     Discovered: 0
[34.928s][debug][gc,phases,ref     ] GC(71)     Cleared: 0
[34.928s][debug][gc,phases,ref     ] GC(71)   WeakReference:
[34.928s][debug][gc,phases,ref     ] GC(71)     Discovered: 0
[34.928s][debug][gc,phases,ref     ] GC(71)     Cleared: 0
[34.928s][debug][gc,phases,ref     ] GC(71)   FinalReference:
[34.928s][debug][gc,phases,ref     ] GC(71)     Discovered: 0
[34.928s][debug][gc,phases,ref     ] GC(71)     Cleared: 0
[34.928s][debug][gc,phases,ref     ] GC(71)   PhantomReference:
[34.928s][debug][gc,phases,ref     ] GC(71)     Discovered: 0
[34.928s][debug][gc,phases,ref     ] GC(71)     Cleared: 0
[34.928s][debug][gc,phases         ] GC(71) Reference Processing 0.180ms
[34.928s][debug][gc,phases,start   ] GC(71) Weak Processing
[34.928s][debug][gc,phases         ] GC(71) Weak Processing 0.019ms
[34.928s][debug][gc,phases,start   ] GC(71) Class Unloading
[34.928s][debug][gc,phases,start   ] GC(71) ClassLoaderData
[34.928s][debug][gc,phases         ] GC(71) ClassLoaderData 0.048ms
[34.928s][debug][gc,phases,start   ] GC(71) ProtectionDomainCacheTable
[34.928s][debug][gc,phases         ] GC(71) ProtectionDomainCacheTable 0.007ms
[34.929s][info ][gc,stringtable    ] GC(71) Cleaned string and symbol table, strings: 6163 processed, 6 removed, symbols: 45233 processed, 0 removed
[34.929s][debug][gc,phases         ] GC(71) Class Unloading 1.045ms
[34.929s][debug][gc,phases,start   ] GC(71) Flush Task Caches
[34.929s][debug][gc,stats          ] Mark stats cache hits 340998 misses 68 ratio 99.980
[34.929s][debug][gc,phases         ] GC(71) Flush Task Caches 0.022ms
[34.929s][debug][gc,phases,start   ] GC(71) Update Remembered Set Tracking Before Rebuild
[34.929s][debug][gc,ergo           ] GC(71) Running G1 Update RemSet Tracking Before Rebuild using 4 workers for 1446 regions in heap
[34.929s][debug][gc,remset,tracking] GC(71) Remembered Set Tracking update regions total 1446, selected 58
[34.929s][debug][gc,phases         ] GC(71) Update Remembered Set Tracking Before Rebuild 0.152ms
[34.929s][debug][gc,phases,start   ] GC(71) Reclaim Empty Regions
[34.929s][debug][gc                ] GC(71) Reclaimed 369 empty regions
[34.929s][debug][gc,phases         ] GC(71) Reclaim Empty Regions 0.231ms
[34.929s][debug][gc,phases,start   ] GC(71) Purge Metaspace
[34.929s][debug][gc,phases         ] GC(71) Purge Metaspace 0.007ms
[34.929s][debug][gc,phases,start   ] GC(71) Report Object Count
[34.929s][debug][gc,phases         ] GC(71) Report Object Count 0.006ms
[34.929s][info ][gc                ] GC(71) Pause Remark 433M->65M(1446M) 2.652ms
[34.929s][info ][gc,cpu            ] GC(71) User=0.00s Sys=0.00s Real=0.00s
[34.929s][info ][gc,marking        ] GC(71) Concurrent Rebuild Remembered Sets
[34.941s][info ][gc,marking        ] GC(71) Concurrent Rebuild Remembered Sets 11.661ms
[34.941s][info ][gc,start          ] GC(71) Pause Cleanup
[34.941s][debug][gc,phases,start   ] GC(71) Update Remembered Set Tracking After Rebuild
[34.941s][debug][gc,phases         ] GC(71) Update Remembered Set Tracking After Rebuild 0.041ms
[34.941s][debug][gc,phases,start   ] GC(71) Finalize Concurrent Mark Cleanup
[34.941s][debug][gc,ergo           ] GC(71) request young-only gcs (reclaimable percentage not over threshold). candidate old regions: 55 reclaimable: 50703344 (3.34) threshold: 5
[34.941s][debug][gc,phases         ] GC(71) Finalize Concurrent Mark Cleanup 0.139ms
[34.941s][info ][gc                ] GC(71) Pause Cleanup 65M->65M(1446M) 0.223ms
[34.941s][info ][gc,cpu            ] GC(71) User=0.00s Sys=0.00s Real=0.00s
[34.941s][info ][gc,marking        ] GC(71) Concurrent Cleanup for Next Mark
[34.942s][debug][gc,ergo           ] GC(71) Running G1 Clear Bitmap with 1 workers for 23 work units.
[34.944s][info ][gc,marking        ] GC(71) Concurrent Cleanup for Next Mark 2.497ms
[34.944s][info ][gc                ] GC(71) Concurrent Cycle 33.894ms
[35.022s][debug][gc,ergo,ihop      ] Request concurrent cycle initiation (occupancy higher than threshold) occupancy: 63963136B allocation request: 524304B threshold: 0B (0.00) source: concurrent humongous allocation
[35.022s][debug][gc,ergo           ] Request concurrent cycle initiation (requested by GC cause). GC cause: G1 Humongous Allocation
[35.022s][debug][gc,heap           ] GC(72) Heap before GC invocations=72 (full 0): garbage-first heap   total 1480704K, used 71168K [0x0000000780000000, 0x0000000800000000)
[35.022s][debug][gc,heap           ] GC(72)   region size 1024K, 10 young (10240K), 4 survivors (4096K)
[35.022s][debug][gc,heap           ] GC(72)  Metaspace       used 13253K, capacity 13665K, committed 13824K, reserved 1060864K
[35.022s][debug][gc,heap           ] GC(72)   class space    used 1352K, capacity 1515K, committed 1536K, reserved 1048576K
[35.022s][debug][gc,ergo           ] GC(72) Initiate concurrent cycle (concurrent cycle initiation requested)
[35.022s][info ][gc,start          ] GC(72) Pause Young (Concurrent Start) (G1 Humongous Allocation)
[35.022s][info ][gc,task           ] GC(72) Using 4 workers of 4 for evacuation
[35.022s][debug][gc,tlab           ] GC(72) TLAB totals: thrds: 1  refills: 16 max: 16 slow allocs: 2 max 2 waste:  8.1% gc: 475040B max: 475040B slow: 13872B max: 13872B fast: 0B max: 0B
[35.022s][debug][gc,alloc,region   ] GC(72) Mutator Allocation stats, regions: 6, wasted size: 0B ( 0.0%)
[35.022s][debug][gc,age            ] GC(72) Desired survivor size 11010048 bytes, new threshold 15 (max threshold 15)
[35.023s][debug][gc,ergo,cset      ] GC(72) Finish choosing CSet. old: 0 regions, predicted old region time: 0.00ms, time remaining: 183.11
[35.023s][debug][gc,task,stats     ] GC(72) GC Termination Stats
[35.023s][debug][gc,task,stats     ] GC(72)      elapsed  --strong roots-- -------termination------- ------waste (KiB)------
[35.023s][debug][gc,task,stats     ] GC(72) thr     ms        ms      %        ms      %    attempts  total   alloc    undo
[35.023s][debug][gc,task,stats     ] GC(72) --- --------- --------- ------ --------- ------ -------- ------- ------- -------
[35.037s][debug][gc,task,stats     ] GC(72)   1     13.82     13.81  99.93      0.00   0.00        1       0       0       0
[35.037s][debug][gc,task,stats     ] GC(72)   0     13.92      1.99  14.27      0.05   0.33        1       0       0       0
[35.037s][debug][gc,task,stats     ] GC(72)   2     13.91      1.75  12.56      0.05   0.33        1       0       0       0
[35.037s][debug][gc,task,stats     ] GC(72)   3     13.94      2.23  15.98      0.05   0.33        1       0       0       0
[35.037s][debug][gc,ergo           ] GC(72) Running G1 Clear Card Table Task using 1 workers for 1 units of work for 18 regions.
[35.037s][debug][gc,ref            ] GC(72) Skipped phase1 of Reference Processing due to unavailable references
[35.037s][debug][gc,ref            ] GC(72) Skipped phase2 of Reference Processing due to unavailable references
[35.037s][debug][gc,ref            ] GC(72) Skipped phase3 of Reference Processing due to unavailable references
[35.037s][debug][gc,ref            ] GC(72) Skipped phase4 of Reference Processing due to unavailable references
[35.037s][debug][gc,ergo           ] GC(72) Running G1 Free Collection Set using 1 workers for collection set length 10
[35.037s][debug][gc,humongous      ] GC(72) Live humongous region 237 object size 524304 start 0x000000078ed00000  with remset 0 code roots 0 is marked 0 reclaim candidate 0 type array 0
[35.037s][debug][gc,humongous      ] GC(72) Live humongous region 425 object size 1048592 start 0x000000079a900000  with remset 1 code roots 0 is marked 0 reclaim candidate 0 type array 0
[35.037s][debug][gc,plab           ] GC(72) Young PLAB allocation: allocated: 9177936B, wasted: 576B, unused: 713096B, used: 8464264B, undo waste: 0B, 
[35.037s][debug][gc,plab           ] GC(72) Young other allocation: region end waste: 0B, regions filled: 9, direct allocated: 0B, failure used: 0B, failure wasted: 0B
[35.037s][debug][gc,plab           ] GC(72) Young sizing: calculated: 1692848B, actual: 1664296B
[35.037s][debug][gc,plab           ] GC(72) Old PLAB allocation: allocated: 0B, wasted: 0B, unused: 0B, used: 0B, undo waste: 0B, 
[35.037s][debug][gc,plab           ] GC(72) Old other allocation: region end waste: 0B, regions filled: 0, direct allocated: 0B, failure used: 0B, failure wasted: 0B
[35.037s][debug][gc,plab           ] GC(72) Old sizing: calculated: 0B, actual: 2727448B
[35.037s][debug][gc,alloc,stats    ] Old generation allocation in the last mutator period, old gen allocated: 0B, humongous allocated: 2097152B,old gen growth: 0B.
[35.037s][debug][gc,ihop           ] GC(72) Basic information (value update), threshold: 0B (0.00), target occupancy: 1516240896B, current occupancy: 73141072B, recent allocation size: 2097152B, recent allocation duration: 109.98ms, recent old gen allocation rate: 19068494.72B/s, recent marking phase length: 232.15ms
[35.037s][debug][gc,ihop           ] GC(72) Adaptive IHOP information (value update), threshold: 0B (0.00), internal target occupancy: 1440428851B, occupancy: 73141072B, additional buffer size: 173015040B, predicted old gen allocation rate: 3718084299.74B/s, predicted marking phase length: 354.98ms, prediction active: true
[35.037s][debug][gc,ergo,refine    ] GC(72) Updated Refinement Zones: green: 39, yellow: 117, red: 195
[35.038s][info ][gc,phases         ] GC(72)   Pre Evacuate Collection Set: 0.2ms
[35.038s][debug][gc,phases         ] GC(72)     Prepare TLABs: 0.0ms
[35.038s][debug][gc,phases         ] GC(72)     Choose Collection Set: 0.1ms
[35.038s][debug][gc,phases         ] GC(72)     Humongous Register: 0.0ms
[35.038s][debug][gc,phases         ] GC(72)     Clear Claimed Marks: 0.1ms
[35.038s][info ][gc,phases         ] GC(72)   Evacuate Collection Set: 14.1ms
[35.038s][debug][gc,phases         ] GC(72)     Ext Root Scanning (ms):   Min:  0.4, Avg:  0.4, Max:  0.5, Diff:  0.1, Sum:  1.7, Workers: 4
[35.038s][debug][gc,phases         ] GC(72)     Update RS (ms):           Min:  0.6, Avg:  1.1, Max:  1.8, Diff:  1.2, Sum:  4.4, Workers: 4
[35.038s][debug][gc,phases         ] GC(72)       Processed Buffers:        Min: 1, Avg:  3.2, Max: 5, Diff: 4, Sum: 13, Workers: 4
[35.038s][debug][gc,phases         ] GC(72)       Scanned Cards:            Min: 256, Avg: 574.8, Max: 797, Diff: 541, Sum: 2299, Workers: 4
[35.038s][debug][gc,phases         ] GC(72)       Skipped Cards:            Min: 0, Avg:  0.0, Max: 0, Diff: 0, Sum: 0, Workers: 4
[35.038s][debug][gc,phases         ] GC(72)     Scan RS (ms):             Min:  0.0, Avg:  0.0, Max:  0.1, Diff:  0.1, Sum:  0.1, Workers: 4
[35.038s][debug][gc,phases         ] GC(72)       Scanned Cards:            Min: 0, Avg:  6.8, Max: 27, Diff: 27, Sum: 27, Workers: 4
[35.038s][debug][gc,phases         ] GC(72)       Claimed Cards:            Min: 0, Avg: 125.2, Max: 501, Diff: 501, Sum: 501, Workers: 4
[35.038s][debug][gc,phases         ] GC(72)       Skipped Cards:            Min: 0, Avg:  0.0, Max: 0, Diff: 0, Sum: 0, Workers: 4
[35.038s][debug][gc,phases         ] GC(72)     Code Root Scanning (ms):  Min:  0.0, Avg:  0.0, Max:  0.0, Diff:  0.0, Sum:  0.0, Workers: 4
[35.038s][debug][gc,phases         ] GC(72)     JVMCI Root Scan (ms):     skipped
[35.038s][debug][gc,phases         ] GC(72)     Object Copy (ms):         Min: 11.5, Avg: 12.2, Max: 12.8, Diff:  1.2, Sum: 48.9, Workers: 4
[35.038s][debug][gc,phases         ] GC(72)     Termination (ms):         Min:  0.0, Avg:  0.0, Max:  0.0, Diff:  0.0, Sum:  0.1, Workers: 4
[35.038s][debug][gc,phases         ] GC(72)       Termination Attempts:     Min: 1, Avg:  1.0, Max: 1, Diff: 0, Sum: 4, Workers: 4
[35.038s][debug][gc,phases         ] GC(72)     GC Worker Other (ms):     Min:  0.1, Avg:  0.1, Max:  0.2, Diff:  0.1, Sum:  0.6, Workers: 4
[35.038s][debug][gc,phases         ] GC(72)     GC Worker Total (ms):     Min: 13.9, Avg: 13.9, Max: 14.0, Diff:  0.1, Sum: 55.8, Workers: 4
[35.038s][info ][gc,phases         ] GC(72)   Post Evacuate Collection Set: 0.4ms
[35.038s][debug][gc,phases         ] GC(72)     Code Roots Fixup: 0.0ms
[35.038s][debug][gc,phases         ] GC(72)     Clear Card Table: 0.0ms
[35.038s][debug][gc,phases         ] GC(72)     Reference Processing: 0.0ms
[35.038s][debug][gc,phases,ref     ] GC(72)       Reconsider SoftReferences: 0.0ms
[35.038s][debug][gc,phases,ref     ] GC(72)         SoftRef (ms):             skipped
[35.038s][debug][gc,phases,ref     ] GC(72)       Notify Soft/WeakReferences: 0.0ms
[35.038s][debug][gc,phases,ref     ] GC(72)         SoftRef (ms):             skipped
[35.038s][debug][gc,phases,ref     ] GC(72)         WeakRef (ms):             skipped
[35.038s][debug][gc,phases,ref     ] GC(72)         FinalRef (ms):            skipped
[35.038s][debug][gc,phases,ref     ] GC(72)         Total (ms):               skipped
[35.038s][debug][gc,phases,ref     ] GC(72)       Notify and keep alive finalizable: 0.0ms
[35.038s][debug][gc,phases,ref     ] GC(72)         FinalRef (ms):            skipped
[35.038s][debug][gc,phases,ref     ] GC(72)       Notify PhantomReferences: 0.0ms
[35.038s][debug][gc,phases,ref     ] GC(72)         PhantomRef (ms):          skipped
[35.038s][debug][gc,phases,ref     ] GC(72)       SoftReference:
[35.038s][debug][gc,phases,ref     ] GC(72)         Discovered: 0
[35.038s][debug][gc,phases,ref     ] GC(72)         Cleared: 0
[35.038s][debug][gc,phases,ref     ] GC(72)       WeakReference:
[35.038s][debug][gc,phases,ref     ] GC(72)         Discovered: 0
[35.038s][debug][gc,phases,ref     ] GC(72)         Cleared: 0
[35.038s][debug][gc,phases,ref     ] GC(72)       FinalReference:
[35.038s][debug][gc,phases,ref     ] GC(72)         Discovered: 0
[35.038s][debug][gc,phases,ref     ] GC(72)         Cleared: 0
[35.038s][debug][gc,phases,ref     ] GC(72)       PhantomReference:
[35.038s][debug][gc,phases,ref     ] GC(72)         Discovered: 0
[35.038s][debug][gc,phases,ref     ] GC(72)         Cleared: 0
[35.038s][debug][gc,phases         ] GC(72)     Weak Processing: 0.0ms
[35.038s][debug][gc,phases         ] GC(72)     Merge Per-Thread State: 0.0ms
[35.038s][debug][gc,phases         ] GC(72)     Code Roots Purge: 0.0ms
[35.038s][debug][gc,phases         ] GC(72)     Redirty Cards: 0.0ms
[35.038s][debug][gc,phases         ] GC(72)     DerivedPointerTable Update: 0.0ms
[35.038s][debug][gc,phases         ] GC(72)     Free Collection Set: 0.2ms
[35.038s][debug][gc,phases         ] GC(72)     Humongous Reclaim: 0.1ms
[35.038s][debug][gc,phases         ] GC(72)     Start New Collection Set: 0.0ms
[35.038s][debug][gc,phases         ] GC(72)     Resize TLABs: 0.0ms
[35.038s][debug][gc,phases         ] GC(72)     Expand Heap After Collection: 0.0ms
[35.038s][info ][gc,phases         ] GC(72)   Other: 0.7ms
[35.038s][info ][gc,heap           ] GC(72) Eden regions: 6->0(156)
[35.038s][info ][gc,heap           ] GC(72) Survivor regions: 4->9(21)
[35.038s][info ][gc,heap           ] GC(72) Old regions: 58->58
[35.039s][info ][gc,heap           ] GC(72) Humongous regions: 3->3
[35.039s][info ][gc,metaspace      ] GC(72) Metaspace: 13253K->13253K(1060864K)
[35.039s][debug][gc,heap           ] GC(72) Heap after GC invocations=73 (full 0): garbage-first heap   total 1480704K, used 71426K [0x0000000780000000, 0x0000000800000000)
[35.039s][debug][gc,heap           ] GC(72)   region size 1024K, 9 young (9216K), 9 survivors (9216K)
[35.039s][debug][gc,heap           ] GC(72)  Metaspace       used 13253K, capacity 13665K, committed 13824K, reserved 1060864K
[35.039s][debug][gc,heap           ] GC(72)   class space    used 1352K, capacity 1515K, committed 1536K, reserved 1048576K
[35.039s][info ][gc                ] GC(72) Pause Young (Concurrent Start) (G1 Humongous Allocation) 70M->69M(1446M) 16.333ms
[35.039s][info ][gc,cpu            ] GC(72) User=0.06s Sys=0.00s Real=0.02s
[35.039s][info ][gc                ] GC(73) Concurrent Cycle
[35.039s][info ][gc,marking        ] GC(73) Concurrent Clear Claimed Marks
[35.039s][info ][gc,marking        ] GC(73) Concurrent Clear Claimed Marks 0.090ms
[35.039s][info ][gc,marking        ] GC(73) Concurrent Scan Root Regions
[35.039s][debug][gc,ergo           ] GC(73) Running G1 Root Region Scan using 1 workers for 9 work units.
[35.044s][info ][gc,marking        ] GC(73) Concurrent Scan Root Regions 4.900ms
[35.044s][info ][gc,marking        ] GC(73) Concurrent Mark (35.044s)
[35.044s][info ][gc,marking        ] GC(73) Concurrent Mark From Roots
[35.044s][info ][gc,task           ] GC(73) Using 1 workers of 1 for marking
[35.051s][debug][gc,stats          ] ---------------------------------------------------------------------
[35.051s][debug][gc,stats          ] Marking Stats, task = 0, calls = 1
[35.051s][debug][gc,stats          ]   Elapsed time = 7.50ms, Termination time = 0.00ms
[35.051s][debug][gc,stats          ]   Step Times (cum): num = 477, avg = 0.56ms, sd = 2.03ms max = 9.88ms, total = 265.63ms
[35.051s][debug][gc,stats          ]   Mark Stats Cache: hits 60181 misses 43 ratio 99.929
[35.051s][debug][gc,stats          ] ---------------------------------------------------------------------
[35.052s][info ][gc,marking        ] GC(73) Concurrent Mark From Roots 7.683ms
[35.052s][info ][gc,marking        ] GC(73) Concurrent Preclean
[35.052s][debug][gc,ref,start      ] GC(73) Preclean SoftReferences
[35.052s][debug][gc,ref            ] GC(73) Preclean SoftReferences 0.018ms
[35.052s][debug][gc,ref,start      ] GC(73) Preclean WeakReferences
[35.052s][debug][gc,ref            ] GC(73) Preclean WeakReferences 0.020ms
[35.052s][debug][gc,ref,start      ] GC(73) Preclean FinalReferences
[35.052s][debug][gc,ref            ] GC(73) Preclean FinalReferences 0.013ms
[35.052s][debug][gc,ref,start      ] GC(73) Preclean PhantomReferences
[35.052s][debug][gc,ref            ] GC(73) Preclean PhantomReferences 0.013ms
[35.052s][info ][gc,marking        ] GC(73) Concurrent Preclean 0.118ms
[35.052s][info ][gc,marking        ] GC(73) Concurrent Mark (35.044s, 35.052s) 7.835ms
[35.052s][info ][gc,start          ] GC(73) Pause Remark
[35.052s][debug][gc,phases,start   ] GC(73) Finalize Marking
[35.052s][debug][gc,stats          ] ---------------------------------------------------------------------
[35.052s][debug][gc,stats          ] Marking Stats, task = 0, calls = 18
[35.052s][debug][gc,stats          ]   Elapsed time = 0.12ms, Termination time = 0.09ms
[35.052s][debug][gc,stats          ]   Step Times (cum): num = 494, avg = 0.54ms, sd = 1.99ms max = 9.88ms, total = 265.74ms
[35.052s][debug][gc,stats          ]   Mark Stats Cache: hits 60181 misses 43 ratio 99.929
[35.052s][debug][gc,stats          ] ---------------------------------------------------------------------
[35.052s][debug][gc,stats          ] Marking Stats, task = 1, calls = 1
[35.052s][debug][gc,stats          ]   Elapsed time = 0.15ms, Termination time = 0.12ms
[35.052s][debug][gc,stats          ]   Step Times (cum): num = 28, avg = 0.20ms, sd = 0.24ms max = 0.77ms, total = 5.55ms
[35.052s][debug][gc,stats          ]   Mark Stats Cache: hits 94 misses 2 ratio 97.917
[35.052s][debug][gc,stats          ] ---------------------------------------------------------------------
[35.052s][debug][gc,stats          ] Marking Stats, task = 2, calls = 1
[35.052s][debug][gc,stats          ]   Elapsed time = 0.01ms, Termination time = 0.00ms
[35.052s][debug][gc,stats          ]   Step Times (cum): num = 27, avg = 0.16ms, sd = 0.26ms max = 0.75ms, total = 4.33ms
[35.052s][debug][gc,stats          ]   Mark Stats Cache: hits 52 misses 3 ratio 94.545
[35.052s][debug][gc,stats          ] ---------------------------------------------------------------------
[35.052s][debug][gc,stats          ] Marking Stats, task = 3, calls = 1
[35.052s][debug][gc,stats          ]   Elapsed time = 0.01ms, Termination time = 0.00ms
[35.052s][debug][gc,stats          ]   Step Times (cum): num = 25, avg = 0.00ms, sd = 0.00ms max = 0.02ms, total = 0.11ms
[35.052s][debug][gc,stats          ]   Mark Stats Cache: hits 57 misses 3 ratio 95.000
[35.052s][debug][gc,stats          ] ---------------------------------------------------------------------
[35.052s][debug][gc,phases         ] GC(73) Finalize Marking 0.577ms
[35.052s][debug][gc,phases,start   ] GC(73) Reference Processing
[35.052s][debug][gc,ref            ] GC(73) Skipped phase1 of Reference Processing due to unavailable references
[35.052s][debug][gc,ref            ] GC(73) Skipped phase2 of Reference Processing due to unavailable references
[35.052s][debug][gc,ref            ] GC(73) Skipped phase3 of Reference Processing due to unavailable references
[35.052s][debug][gc,ref            ] GC(73) Skipped phase4 of Reference Processing due to unavailable references
[35.053s][debug][gc,phases,ref     ] GC(73) Reference Processing: 0.0ms
[35.053s][debug][gc,phases,ref     ] GC(73)   Reconsider SoftReferences: 0.0ms
[35.053s][debug][gc,phases,ref     ] GC(73)     SoftRef (ms):             skipped
[35.053s][debug][gc,phases,ref     ] GC(73)   Notify Soft/WeakReferences: 0.0ms
[35.053s][debug][gc,phases,ref     ] GC(73)     SoftRef (ms):             skipped
[35.053s][debug][gc,phases,ref     ] GC(73)     WeakRef (ms):             skipped
[35.053s][debug][gc,phases,ref     ] GC(73)     FinalRef (ms):            skipped
[35.053s][debug][gc,phases,ref     ] GC(73)     Total (ms):               skipped
[35.053s][debug][gc,phases,ref     ] GC(73)   Notify and keep alive finalizable: 0.0ms
[35.053s][debug][gc,phases,ref     ] GC(73)     FinalRef (ms):            skipped
[35.053s][debug][gc,phases,ref     ] GC(73)   Notify PhantomReferences: 0.0ms
[35.053s][debug][gc,phases,ref     ] GC(73)     PhantomRef (ms):          skipped
[35.053s][debug][gc,phases,ref     ] GC(73)   SoftReference:
[35.053s][debug][gc,phases,ref     ] GC(73)     Discovered: 0
[35.053s][debug][gc,phases,ref     ] GC(73)     Cleared: 0
[35.053s][debug][gc,phases,ref     ] GC(73)   WeakReference:
[35.053s][debug][gc,phases,ref     ] GC(73)     Discovered: 0
[35.053s][debug][gc,phases,ref     ] GC(73)     Cleared: 0
[35.053s][debug][gc,phases,ref     ] GC(73)   FinalReference:
[35.053s][debug][gc,phases,ref     ] GC(73)     Discovered: 0
[35.053s][debug][gc,phases,ref     ] GC(73)     Cleared: 0
[35.053s][debug][gc,phases,ref     ] GC(73)   PhantomReference:
[35.053s][debug][gc,phases,ref     ] GC(73)     Discovered: 0
[35.053s][debug][gc,phases,ref     ] GC(73)     Cleared: 0
[35.053s][debug][gc,phases         ] GC(73) Reference Processing 0.328ms
[35.053s][debug][gc,phases,start   ] GC(73) Weak Processing
[35.053s][debug][gc,phases         ] GC(73) Weak Processing 0.056ms
[35.053s][debug][gc,phases,start   ] GC(73) Class Unloading
[35.053s][debug][gc,phases,start   ] GC(73) ClassLoaderData
[35.053s][debug][gc,phases         ] GC(73) ClassLoaderData 0.168ms
[35.053s][debug][gc,phases,start   ] GC(73) ProtectionDomainCacheTable
[35.053s][debug][gc,phases         ] GC(73) ProtectionDomainCacheTable 0.017ms
[35.055s][info ][gc,stringtable    ] GC(73) Cleaned string and symbol table, strings: 6157 processed, 0 removed, symbols: 45233 processed, 0 removed
[35.055s][debug][gc,phases         ] GC(73) Class Unloading 2.284ms
[35.055s][debug][gc,phases,start   ] GC(73) Flush Task Caches
[35.055s][debug][gc,stats          ] Mark stats cache hits 60384 misses 51 ratio 99.916
[35.055s][debug][gc,phases         ] GC(73) Flush Task Caches 0.034ms
[35.055s][debug][gc,phases,start   ] GC(73) Update Remembered Set Tracking Before Rebuild
[35.055s][debug][gc,ergo           ] GC(73) Running G1 Update RemSet Tracking Before Rebuild using 4 workers for 1446 regions in heap
[35.055s][debug][gc,remset,tracking] GC(73) Remembered Set Tracking update regions total 1446, selected 45
[35.055s][debug][gc,phases         ] GC(73) Update Remembered Set Tracking Before Rebuild 0.177ms
[35.055s][debug][gc,phases,start   ] GC(73) Reclaim Empty Regions
[35.056s][debug][gc                ] GC(73) Reclaimed 16 empty regions
[35.056s][debug][gc,phases         ] GC(73) Reclaim Empty Regions 0.150ms
[35.056s][debug][gc,phases,start   ] GC(73) Purge Metaspace
[35.056s][debug][gc,phases         ] GC(73) Purge Metaspace 0.011ms
[35.056s][debug][gc,phases,start   ] GC(73) Report Object Count
[35.056s][debug][gc,phases         ] GC(73) Report Object Count 0.011ms
[35.056s][info ][gc                ] GC(73) Pause Remark 78M->62M(1446M) 3.832ms
[35.056s][info ][gc,cpu            ] GC(73) User=0.01s Sys=0.00s Real=0.01s
[35.056s][info ][gc,marking        ] GC(73) Concurrent Rebuild Remembered Sets
[35.066s][info ][gc,marking        ] GC(73) Concurrent Rebuild Remembered Sets 9.905ms
[35.066s][info ][gc,start          ] GC(73) Pause Cleanup
[35.066s][debug][gc,phases,start   ] GC(73) Update Remembered Set Tracking After Rebuild
[35.066s][debug][gc,phases         ] GC(73) Update Remembered Set Tracking After Rebuild 0.082ms
[35.066s][debug][gc,phases,start   ] GC(73) Finalize Concurrent Mark Cleanup
[35.066s][debug][gc,ergo           ] GC(73) request young-only gcs (reclaimable percentage not over threshold). candidate old regions: 44 reclaimable: 44494928 (2.93) threshold: 5
[35.066s][debug][gc,phases         ] GC(73) Finalize Concurrent Mark Cleanup 0.317ms
[35.066s][info ][gc                ] GC(73) Pause Cleanup 62M->62M(1446M) 0.498ms
[35.066s][info ][gc,cpu            ] GC(73) User=0.01s Sys=0.00s Real=0.00s
[35.066s][info ][gc,marking        ] GC(73) Concurrent Cleanup for Next Mark
[35.066s][debug][gc,ergo           ] GC(73) Running G1 Clear Bitmap with 1 workers for 23 work units.
[35.069s][info ][gc,marking        ] GC(73) Concurrent Cleanup for Next Mark 2.851ms
[35.069s][info ][gc                ] GC(73) Concurrent Cycle 30.652ms
[35.150s][debug][gc,ergo,ihop      ] Request concurrent cycle initiation (occupancy higher than threshold) occupancy: 50331648B allocation request: 524304B threshold: 0B (0.00) source: concurrent humongous allocation
[35.151s][debug][gc,ergo           ] Request concurrent cycle initiation (requested by GC cause). GC cause: G1 Humongous Allocation
[35.151s][debug][gc,heap           ] GC(74) Heap before GC invocations=74 (full 0): garbage-first heap   total 1480704K, used 68354K [0x0000000780000000, 0x0000000800000000)
[35.151s][debug][gc,heap           ] GC(74)   region size 1024K, 20 young (20480K), 9 survivors (9216K)
[35.151s][debug][gc,heap           ] GC(74)  Metaspace       used 13253K, capacity 13665K, committed 13824K, reserved 1060864K
[35.151s][debug][gc,heap           ] GC(74)   class space    used 1352K, capacity 1515K, committed 1536K, reserved 1048576K
[35.151s][debug][gc,ergo           ] GC(74) Initiate concurrent cycle (concurrent cycle initiation requested)
[35.151s][info ][gc,start          ] GC(74) Pause Young (Concurrent Start) (G1 Humongous Allocation)
[35.151s][info ][gc,task           ] GC(74) Using 4 workers of 4 for evacuation
[35.151s][debug][gc,tlab           ] GC(74) TLAB totals: thrds: 1  refills: 31 max: 31 slow allocs: 3 max 3 waste:  0.9% gc: 80072B max: 80072B slow: 17672B max: 17672B fast: 0B max: 0B
[35.151s][debug][gc,alloc,region   ] GC(74) Mutator Allocation stats, regions: 11, wasted size: 0B ( 0.0%)
[35.151s][debug][gc,age            ] GC(74) Desired survivor size 11010048 bytes, new threshold 15 (max threshold 15)
[35.151s][debug][gc,ergo,cset      ] GC(74) Finish choosing CSet. old: 0 regions, predicted old region time: 0.00ms, time remaining: 172.58
[35.151s][debug][gc,task,stats     ] GC(74) GC Termination Stats
[35.151s][debug][gc,task,stats     ] GC(74)      elapsed  --strong roots-- -------termination------- ------waste (KiB)------
[35.151s][debug][gc,task,stats     ] GC(74) thr     ms        ms      %        ms      %    attempts  total   alloc    undo
[35.151s][debug][gc,task,stats     ] GC(74) --- --------- --------- ------ --------- ------ -------- ------- ------- -------
[35.173s][debug][gc,task,stats     ] GC(74)   1     21.80      5.29  24.26      0.01   0.05        5       0       0       0
[35.173s][debug][gc,task,stats     ] GC(74)   0     21.91     18.84  86.02      0.02   0.07        9       0       0       0
[35.173s][debug][gc,task,stats     ] GC(74)   3     21.44     17.91  83.53      0.01   0.04        3       0       0       0
[35.173s][debug][gc,task,stats     ] GC(74)   2     21.53     18.39  85.42      0.01   0.03        3       0       0       0
[35.173s][debug][gc,ergo           ] GC(74) Running G1 Clear Card Table Task using 1 workers for 1 units of work for 27 regions.
[35.173s][debug][gc,ref            ] GC(74) Skipped phase1 of Reference Processing due to unavailable references
[35.173s][debug][gc,ref            ] GC(74) Skipped phase2 of Reference Processing due to unavailable references
[35.173s][debug][gc,ref            ] GC(74) Skipped phase3 of Reference Processing due to unavailable references
[35.173s][debug][gc,ref            ] GC(74) Skipped phase4 of Reference Processing due to unavailable references
[35.174s][debug][gc,ergo           ] GC(74) Running G1 Free Collection Set using 1 workers for collection set length 20
[35.174s][debug][gc,humongous      ] GC(74) Live humongous region 5 object size 524304 start 0x0000000780500000  with remset 0 code roots 0 is marked 0 reclaim candidate 0 type array 0
[35.174s][debug][gc,humongous      ] GC(74) Live humongous region 6 object size 1048592 start 0x0000000780600000  with remset 0 code roots 0 is marked 0 reclaim candidate 0 type array 0
[35.174s][debug][gc,plab           ] GC(74) Young PLAB allocation: allocated: 16560784B, wasted: 1208B, unused: 805608B, used: 15753968B, undo waste: 0B, 
[35.174s][debug][gc,plab           ] GC(74) Young other allocation: region end waste: 0B, regions filled: 16, direct allocated: 0B, failure used: 0B, failure wasted: 0B
[35.174s][debug][gc,plab           ] GC(74) Young sizing: calculated: 3150792B, actual: 2779168B
[35.174s][debug][gc,plab           ] GC(74) Old PLAB allocation: allocated: 0B, wasted: 0B, unused: 0B, used: 0B, undo waste: 0B, 
[35.174s][debug][gc,plab           ] GC(74) Old other allocation: region end waste: 0B, regions filled: 0, direct allocated: 0B, failure used: 0B, failure wasted: 0B
[35.174s][debug][gc,plab           ] GC(74) Old sizing: calculated: 0B, actual: 681856B
[35.174s][debug][gc,alloc,stats    ] Old generation allocation in the last mutator period, old gen allocated: 0B, humongous allocated: 3145728B,old gen growth: 0B.
[35.174s][debug][gc,ihop           ] GC(74) Basic information (value update), threshold: 0B (0.00), target occupancy: 1516240896B, current occupancy: 66892432B, recent allocation size: 3145728B, recent allocation duration: 109.29ms, recent old gen allocation rate: 28784622.08B/s, recent marking phase length: 232.15ms
[35.174s][debug][gc,ihop           ] GC(74) Adaptive IHOP information (value update), threshold: 0B (0.00), internal target occupancy: 1440428851B, occupancy: 66892432B, additional buffer size: 217055232B, predicted old gen allocation rate: 3591021670.34B/s, predicted marking phase length: 354.98ms, prediction active: true
[35.174s][debug][gc,ergo,refine    ] GC(74) Updated Refinement Zones: green: 39, yellow: 117, red: 195
[35.174s][info ][gc,phases         ] GC(74)   Pre Evacuate Collection Set: 0.1ms
[35.174s][debug][gc,phases         ] GC(74)     Prepare TLABs: 0.0ms
[35.174s][debug][gc,phases         ] GC(74)     Choose Collection Set: 0.0ms
[35.174s][debug][gc,phases         ] GC(74)     Humongous Register: 0.0ms
[35.174s][debug][gc,phases         ] GC(74)     Clear Claimed Marks: 0.1ms
[35.174s][info ][gc,phases         ] GC(74)   Evacuate Collection Set: 22.2ms
[35.174s][debug][gc,phases         ] GC(74)     Ext Root Scanning (ms):   Min:  0.7, Avg:  0.8, Max:  0.9, Diff:  0.2, Sum:  3.4, Workers: 4
[35.174s][debug][gc,phases         ] GC(74)     Update RS (ms):           Min:  0.7, Avg:  1.5, Max:  3.0, Diff:  2.2, Sum:  6.0, Workers: 4
[35.174s][debug][gc,phases         ] GC(74)       Processed Buffers:        Min: 1, Avg:  4.2, Max: 12, Diff: 11, Sum: 17, Workers: 4
[35.174s][debug][gc,phases         ] GC(74)       Scanned Cards:            Min: 256, Avg: 775.5, Max: 1822, Diff: 1566, Sum: 3102, Workers: 4
[35.174s][debug][gc,phases         ] GC(74)       Skipped Cards:            Min: 0, Avg: 58.5, Max: 234, Diff: 234, Sum: 234, Workers: 4
[35.174s][debug][gc,phases         ] GC(74)     Scan RS (ms):             Min:  0.0, Avg:  0.1, Max:  0.3, Diff:  0.3, Sum:  0.3, Workers: 4
[35.174s][debug][gc,phases         ] GC(74)       Scanned Cards:            Min: 0, Avg: 38.2, Max: 153, Diff: 153, Sum: 153, Workers: 4
[35.174s][debug][gc,phases         ] GC(74)       Claimed Cards:            Min: 0, Avg: 279.0, Max: 1116, Diff: 1116, Sum: 1116, Workers: 4
[35.174s][debug][gc,phases         ] GC(74)       Skipped Cards:            Min: 0, Avg:  0.0, Max: 0, Diff: 0, Sum: 0, Workers: 4
[35.174s][debug][gc,phases         ] GC(74)     Code Root Scanning (ms):  Min:  0.0, Avg:  0.0, Max:  0.0, Diff:  0.0, Sum:  0.0, Workers: 4
[35.174s][debug][gc,phases         ] GC(74)     JVMCI Root Scan (ms):     skipped
[35.174s][debug][gc,phases         ] GC(74)     Object Copy (ms):         Min: 17.8, Avg: 19.1, Max: 19.6, Diff:  1.9, Sum: 76.4, Workers: 4
[35.174s][debug][gc,phases         ] GC(74)     Termination (ms):         Min:  0.0, Avg:  0.0, Max:  0.0, Diff:  0.0, Sum:  0.0, Workers: 4
[35.174s][debug][gc,phases         ] GC(74)       Termination Attempts:     Min: 3, Avg:  5.0, Max: 9, Diff: 6, Sum: 20, Workers: 4
[35.174s][debug][gc,phases         ] GC(74)     GC Worker Other (ms):     Min:  0.1, Avg:  0.2, Max:  0.3, Diff:  0.2, Sum:  0.8, Workers: 4
[35.174s][debug][gc,phases         ] GC(74)     GC Worker Total (ms):     Min: 21.5, Avg: 21.7, Max: 21.9, Diff:  0.5, Sum: 86.9, Workers: 4
[35.174s][info ][gc,phases         ] GC(74)   Post Evacuate Collection Set: 0.4ms
[35.174s][debug][gc,phases         ] GC(74)     Code Roots Fixup: 0.0ms
[35.174s][debug][gc,phases         ] GC(74)     Clear Card Table: 0.0ms
[35.174s][debug][gc,phases         ] GC(74)     Reference Processing: 0.1ms
[35.174s][debug][gc,phases,ref     ] GC(74)       Reconsider SoftReferences: 0.0ms
[35.174s][debug][gc,phases,ref     ] GC(74)         SoftRef (ms):             skipped
[35.174s][debug][gc,phases,ref     ] GC(74)       Notify Soft/WeakReferences: 0.0ms
[35.174s][debug][gc,phases,ref     ] GC(74)         SoftRef (ms):             skipped
[35.174s][debug][gc,phases,ref     ] GC(74)         WeakRef (ms):             skipped
[35.174s][debug][gc,phases,ref     ] GC(74)         FinalRef (ms):            skipped
[35.174s][debug][gc,phases,ref     ] GC(74)         Total (ms):               skipped
[35.174s][debug][gc,phases,ref     ] GC(74)       Notify and keep alive finalizable: 0.0ms
[35.174s][debug][gc,phases,ref     ] GC(74)         FinalRef (ms):            skipped
[35.174s][debug][gc,phases,ref     ] GC(74)       Notify PhantomReferences: 0.0ms
[35.175s][debug][gc,phases,ref     ] GC(74)         PhantomRef (ms):          skipped
[35.175s][debug][gc,phases,ref     ] GC(74)       SoftReference:
[35.175s][debug][gc,phases,ref     ] GC(74)         Discovered: 0
[35.175s][debug][gc,phases,ref     ] GC(74)         Cleared: 0
[35.175s][debug][gc,phases,ref     ] GC(74)       WeakReference:
[35.175s][debug][gc,phases,ref     ] GC(74)         Discovered: 0
[35.175s][debug][gc,phases,ref     ] GC(74)         Cleared: 0
[35.175s][debug][gc,phases,ref     ] GC(74)       FinalReference:
[35.175s][debug][gc,phases,ref     ] GC(74)         Discovered: 0
[35.175s][debug][gc,phases,ref     ] GC(74)         Cleared: 0
[35.175s][debug][gc,phases,ref     ] GC(74)       PhantomReference:
[35.175s][debug][gc,phases,ref     ] GC(74)         Discovered: 0
[35.175s][debug][gc,phases,ref     ] GC(74)         Cleared: 0
[35.175s][debug][gc,phases         ] GC(74)     Weak Processing: 0.0ms
[35.175s][debug][gc,phases         ] GC(74)     Merge Per-Thread State: 0.0ms
[35.175s][debug][gc,phases         ] GC(74)     Code Roots Purge: 0.0ms
[35.175s][debug][gc,phases         ] GC(74)     Redirty Cards: 0.0ms
[35.175s][debug][gc,phases         ] GC(74)     DerivedPointerTable Update: 0.0ms
[35.175s][debug][gc,phases         ] GC(74)     Free Collection Set: 0.2ms
[35.175s][debug][gc,phases         ] GC(74)     Humongous Reclaim: 0.1ms
[35.175s][debug][gc,phases         ] GC(74)     Start New Collection Set: 0.0ms
[35.175s][debug][gc,phases         ] GC(74)     Resize TLABs: 0.0ms
[35.175s][debug][gc,phases         ] GC(74)     Expand Heap After Collection: 0.0ms
[35.175s][info ][gc,phases         ] GC(74)   Other: 0.6ms
[35.175s][info ][gc,heap           ] GC(74) Eden regions: 11->0(191)
[35.175s][info ][gc,heap           ] GC(74) Survivor regions: 9->16(21)
[35.175s][info ][gc,heap           ] GC(74) Old regions: 45->45
[35.175s][info ][gc,heap           ] GC(74) Humongous regions: 3->3
[35.175s][info ][gc,metaspace      ] GC(74) Metaspace: 13253K->13253K(1060864K)
[35.175s][debug][gc,heap           ] GC(74) Heap after GC invocations=75 (full 0): garbage-first heap   total 1480704K, used 65324K [0x0000000780000000, 0x0000000800000000)
[35.175s][debug][gc,heap           ] GC(74)   region size 1024K, 16 young (16384K), 16 survivors (16384K)
[35.175s][debug][gc,heap           ] GC(74)  Metaspace       used 13253K, capacity 13665K, committed 13824K, reserved 1060864K
[35.175s][debug][gc,heap           ] GC(74)   class space    used 1352K, capacity 1515K, committed 1536K, reserved 1048576K
[35.175s][info ][gc                ] GC(74) Pause Young (Concurrent Start) (G1 Humongous Allocation) 67M->63M(1446M) 24.196ms
[35.175s][info ][gc,cpu            ] GC(74) User=0.09s Sys=0.00s Real=0.03s
[35.175s][info ][gc                ] GC(75) Concurrent Cycle
[35.175s][info ][gc,marking        ] GC(75) Concurrent Clear Claimed Marks
[35.175s][info ][gc,marking        ] GC(75) Concurrent Clear Claimed Marks 0.082ms
[35.175s][info ][gc,marking        ] GC(75) Concurrent Scan Root Regions
[35.175s][debug][gc,ergo           ] GC(75) Running G1 Root Region Scan using 1 workers for 16 work units.
[35.187s][info ][gc,marking        ] GC(75) Concurrent Scan Root Regions 11.274ms
[35.187s][info ][gc,marking        ] GC(75) Concurrent Mark (35.187s)
[35.187s][info ][gc,marking        ] GC(75) Concurrent Mark From Roots
[35.187s][info ][gc,task           ] GC(75) Using 1 workers of 1 for marking
[35.195s][debug][gc,stats          ] ---------------------------------------------------------------------
[35.195s][debug][gc,stats          ] Marking Stats, task = 0, calls = 1
[35.195s][debug][gc,stats          ]   Elapsed time = 8.15ms, Termination time = 0.00ms
[35.195s][debug][gc,stats          ]   Step Times (cum): num = 495, avg = 0.55ms, sd = 2.02ms max = 9.88ms, total = 273.89ms
[35.195s][debug][gc,stats          ]   Mark Stats Cache: hits 57614 misses 42 ratio 99.927
[35.195s][debug][gc,stats          ] ---------------------------------------------------------------------
[35.195s][info ][gc,marking        ] GC(75) Concurrent Mark From Roots 8.663ms
[35.195s][info ][gc,marking        ] GC(75) Concurrent Preclean
[35.195s][debug][gc,ref,start      ] GC(75) Preclean SoftReferences
[35.195s][debug][gc,ref            ] GC(75) Preclean SoftReferences 0.024ms
[35.195s][debug][gc,ref,start      ] GC(75) Preclean WeakReferences
[35.195s][debug][gc,ref            ] GC(75) Preclean WeakReferences 0.029ms
[35.195s][debug][gc,ref,start      ] GC(75) Preclean FinalReferences
[35.196s][debug][gc,ref            ] GC(75) Preclean FinalReferences 0.013ms
[35.196s][debug][gc,ref,start      ] GC(75) Preclean PhantomReferences
[35.196s][debug][gc,ref            ] GC(75) Preclean PhantomReferences 0.014ms
[35.196s][info ][gc,marking        ] GC(75) Concurrent Preclean 0.144ms
[35.196s][info ][gc,marking        ] GC(75) Concurrent Mark (35.187s, 35.196s) 8.846ms
[35.196s][info ][gc,start          ] GC(75) Pause Remark
[35.196s][debug][gc,phases,start   ] GC(75) Finalize Marking
[35.196s][debug][gc,stats          ] ---------------------------------------------------------------------
[35.196s][debug][gc,stats          ] Marking Stats, task = 0, calls = 18
[35.196s][debug][gc,stats          ]   Elapsed time = 0.05ms, Termination time = 0.02ms
[35.196s][debug][gc,stats          ]   Step Times (cum): num = 512, avg = 0.54ms, sd = 1.99ms max = 9.88ms, total = 273.93ms
[35.196s][debug][gc,stats          ]   Mark Stats Cache: hits 57614 misses 42 ratio 99.927
[35.196s][debug][gc,stats          ] ---------------------------------------------------------------------
[35.196s][debug][gc,stats          ] Marking Stats, task = 1, calls = 1
[35.196s][debug][gc,stats          ]   Elapsed time = 0.05ms, Termination time = 0.02ms
[35.196s][debug][gc,stats          ]   Step Times (cum): num = 29, avg = 0.19ms, sd = 0.24ms max = 0.77ms, total = 5.58ms
[35.196s][debug][gc,stats          ]   Mark Stats Cache: hits 2771 misses 5 ratio 99.820
[35.196s][debug][gc,stats          ] ---------------------------------------------------------------------
[35.196s][debug][gc,stats          ] Marking Stats, task = 2, calls = 1
[35.196s][debug][gc,stats          ]   Elapsed time = 0.01ms, Termination time = 0.00ms
[35.196s][debug][gc,stats          ]   Step Times (cum): num = 28, avg = 0.15ms, sd = 0.25ms max = 0.75ms, total = 4.33ms
[35.196s][debug][gc,stats          ]   Mark Stats Cache: hits 0 misses 0 ratio 0.000
[35.196s][debug][gc,stats          ] ---------------------------------------------------------------------
[35.196s][debug][gc,stats          ] Marking Stats, task = 3, calls = 1
[35.196s][debug][gc,stats          ]   Elapsed time = 0.01ms, Termination time = 0.00ms
[35.196s][debug][gc,stats          ]   Step Times (cum): num = 26, avg = 0.00ms, sd = 0.00ms max = 0.02ms, total = 0.11ms
[35.196s][debug][gc,stats          ]   Mark Stats Cache: hits 0 misses 0 ratio 0.000
[35.196s][debug][gc,stats          ] ---------------------------------------------------------------------
[35.196s][debug][gc,phases         ] GC(75) Finalize Marking 0.304ms
[35.196s][debug][gc,phases,start   ] GC(75) Reference Processing
[35.196s][debug][gc,ref            ] GC(75) Skipped phase1 of Reference Processing due to unavailable references
[35.196s][debug][gc,ref            ] GC(75) Skipped phase2 of Reference Processing due to unavailable references
[35.196s][debug][gc,ref            ] GC(75) Skipped phase3 of Reference Processing due to unavailable references
[35.196s][debug][gc,ref            ] GC(75) Skipped phase4 of Reference Processing due to unavailable references
[35.196s][debug][gc,phases,ref     ] GC(75) Reference Processing: 0.0ms
[35.196s][debug][gc,phases,ref     ] GC(75)   Reconsider SoftReferences: 0.0ms
[35.196s][debug][gc,phases,ref     ] GC(75)     SoftRef (ms):             skipped
[35.196s][debug][gc,phases,ref     ] GC(75)   Notify Soft/WeakReferences: 0.0ms
[35.196s][debug][gc,phases,ref     ] GC(75)     SoftRef (ms):             skipped
[35.196s][debug][gc,phases,ref     ] GC(75)     WeakRef (ms):             skipped
[35.196s][debug][gc,phases,ref     ] GC(75)     FinalRef (ms):            skipped
[35.196s][debug][gc,phases,ref     ] GC(75)     Total (ms):               skipped
[35.196s][debug][gc,phases,ref     ] GC(75)   Notify and keep alive finalizable: 0.0ms
[35.196s][debug][gc,phases,ref     ] GC(75)     FinalRef (ms):            skipped
[35.196s][debug][gc,phases,ref     ] GC(75)   Notify PhantomReferences: 0.0ms
[35.196s][debug][gc,phases,ref     ] GC(75)     PhantomRef (ms):          skipped
[35.196s][debug][gc,phases,ref     ] GC(75)   SoftReference:
[35.196s][debug][gc,phases,ref     ] GC(75)     Discovered: 0
[35.196s][debug][gc,phases,ref     ] GC(75)     Cleared: 0
[35.196s][debug][gc,phases,ref     ] GC(75)   WeakReference:
[35.196s][debug][gc,phases,ref     ] GC(75)     Discovered: 0
[35.196s][debug][gc,phases,ref     ] GC(75)     Cleared: 0
[35.196s][debug][gc,phases,ref     ] GC(75)   FinalReference:
[35.196s][debug][gc,phases,ref     ] GC(75)     Discovered: 0
[35.196s][debug][gc,phases,ref     ] GC(75)     Cleared: 0
[35.197s][debug][gc,phases,ref     ] GC(75)   PhantomReference:
[35.197s][debug][gc,phases,ref     ] GC(75)     Discovered: 0
[35.197s][debug][gc,phases,ref     ] GC(75)     Cleared: 0
[35.197s][debug][gc,phases         ] GC(75) Reference Processing 0.401ms
[35.197s][debug][gc,phases,start   ] GC(75) Weak Processing
[35.197s][debug][gc,phases         ] GC(75) Weak Processing 0.026ms
[35.197s][debug][gc,phases,start   ] GC(75) Class Unloading
[35.197s][debug][gc,phases,start   ] GC(75) ClassLoaderData
[35.197s][debug][gc,phases         ] GC(75) ClassLoaderData 0.060ms
[35.197s][debug][gc,phases,start   ] GC(75) ProtectionDomainCacheTable
[35.197s][debug][gc,phases         ] GC(75) ProtectionDomainCacheTable 0.015ms
[35.198s][info ][gc,stringtable    ] GC(75) Cleaned string and symbol table, strings: 6157 processed, 0 removed, symbols: 45233 processed, 0 removed
[35.198s][debug][gc,phases         ] GC(75) Class Unloading 1.730ms
[35.198s][debug][gc,phases,start   ] GC(75) Flush Task Caches
[35.198s][debug][gc,stats          ] Mark stats cache hits 60385 misses 47 ratio 99.922
[35.198s][debug][gc,phases         ] GC(75) Flush Task Caches 0.030ms
[35.198s][debug][gc,phases,start   ] GC(75) Update Remembered Set Tracking Before Rebuild
[35.198s][debug][gc,ergo           ] GC(75) Running G1 Update RemSet Tracking Before Rebuild using 4 workers for 1446 regions in heap
[35.199s][debug][gc,remset,tracking] GC(75) Remembered Set Tracking update regions total 1446, selected 44
[35.199s][debug][gc,phases         ] GC(75) Update Remembered Set Tracking Before Rebuild 0.178ms
[35.199s][debug][gc,phases,start   ] GC(75) Reclaim Empty Regions
[35.199s][debug][gc                ] GC(75) Reclaimed 4 empty regions
[35.199s][debug][gc,phases         ] GC(75) Reclaim Empty Regions 0.178ms
[35.199s][debug][gc,phases,start   ] GC(75) Purge Metaspace
[35.199s][debug][gc,phases         ] GC(75) Purge Metaspace 0.012ms
[35.199s][debug][gc,phases,start   ] GC(75) Report Object Count
[35.199s][debug][gc,phases         ] GC(75) Report Object Count 0.011ms
[35.199s][info ][gc                ] GC(75) Pause Remark 72M->68M(1446M) 3.033ms
[35.199s][info ][gc,cpu            ] GC(75) User=0.01s Sys=0.00s Real=0.00s
[35.199s][info ][gc,marking        ] GC(75) Concurrent Rebuild Remembered Sets
[35.207s][info ][gc,marking        ] GC(75) Concurrent Rebuild Remembered Sets 7.974ms
[35.207s][info ][gc,start          ] GC(75) Pause Cleanup
[35.207s][debug][gc,phases,start   ] GC(75) Update Remembered Set Tracking After Rebuild
[35.207s][debug][gc,phases         ] GC(75) Update Remembered Set Tracking After Rebuild 0.050ms
[35.207s][debug][gc,phases,start   ] GC(75) Finalize Concurrent Mark Cleanup
[35.207s][debug][gc,ergo           ] GC(75) request young-only gcs (reclaimable percentage not over threshold). candidate old regions: 43 reclaimable: 43446424 (2.87) threshold: 5
[35.207s][debug][gc,phases         ] GC(75) Finalize Concurrent Mark Cleanup 0.189ms
[35.207s][info ][gc                ] GC(75) Pause Cleanup 68M->68M(1446M) 0.312ms
[35.207s][info ][gc,cpu            ] GC(75) User=0.00s Sys=0.00s Real=0.00s
[35.207s][info ][gc,marking        ] GC(75) Concurrent Cleanup for Next Mark
[35.207s][debug][gc,ergo           ] GC(75) Running G1 Clear Bitmap with 1 workers for 23 work units.
[35.210s][info ][gc,marking        ] GC(75) Concurrent Cleanup for Next Mark 2.563ms
[35.210s][info ][gc                ] GC(75) Concurrent Cycle 34.896ms
[35.295s][debug][gc,ergo,ihop      ] Request concurrent cycle initiation (occupancy higher than threshold) occupancy: 49283072B allocation request: 524304B threshold: 0B (0.00) source: concurrent humongous allocation
[35.295s][debug][gc,ergo           ] Request concurrent cycle initiation (requested by GC cause). GC cause: G1 Humongous Allocation
[35.295s][debug][gc,heap           ] GC(76) Heap before GC invocations=76 (full 0): garbage-first heap   total 1480704K, used 74540K [0x0000000780000000, 0x0000000800000000)
[35.295s][debug][gc,heap           ] GC(76)   region size 1024K, 27 young (27648K), 16 survivors (16384K)
[35.295s][debug][gc,heap           ] GC(76)  Metaspace       used 13253K, capacity 13665K, committed 13824K, reserved 1060864K
[35.295s][debug][gc,heap           ] GC(76)   class space    used 1352K, capacity 1515K, committed 1536K, reserved 1048576K
[35.295s][debug][gc,ergo           ] GC(76) Initiate concurrent cycle (concurrent cycle initiation requested)
[35.295s][info ][gc,start          ] GC(76) Pause Young (Concurrent Start) (G1 Humongous Allocation)
[35.295s][info ][gc,task           ] GC(76) Using 4 workers of 4 for evacuation
[35.295s][debug][gc,tlab           ] GC(76) TLAB totals: thrds: 1  refills: 31 max: 31 slow allocs: 3 max 3 waste:  0.9% gc: 80072B max: 80072B slow: 17672B max: 17672B fast: 0B max: 0B
[35.295s][debug][gc,alloc,region   ] GC(76) Mutator Allocation stats, regions: 11, wasted size: 0B ( 0.0%)
[35.295s][debug][gc,age            ] GC(76) Desired survivor size 13631488 bytes, new threshold 2 (max threshold 15)
[35.296s][debug][gc,ergo,cset      ] GC(76) Finish choosing CSet. old: 0 regions, predicted old region time: 0.00ms, time remaining: 167.65
[35.296s][debug][gc,task,stats     ] GC(76) GC Termination Stats
[35.296s][debug][gc,task,stats     ] GC(76)      elapsed  --strong roots-- -------termination------- ------waste (KiB)------
[35.296s][debug][gc,task,stats     ] GC(76) thr     ms        ms      %        ms      %    attempts  total   alloc    undo
[35.296s][debug][gc,task,stats     ] GC(76) --- --------- --------- ------ --------- ------ -------- ------- ------- -------
[35.317s][debug][gc,task,stats     ] GC(76)   0     20.86     19.12  91.69      0.03   0.13        5       0       0       0
[35.317s][debug][gc,task,stats     ] GC(76)   3     20.90      4.56  21.83      0.01   0.05        4       0       0       0
[35.317s][debug][gc,task,stats     ] GC(76)   2     20.93     17.93  85.69      0.01   0.04        4       0       0       0
[35.317s][debug][gc,task,stats     ] GC(76)   1     20.99     18.23  86.88      0.01   0.02        5       0       0       0
[35.317s][debug][gc,ergo           ] GC(76) Running G1 Clear Card Table Task using 1 workers for 1 units of work for 34 regions.
[35.317s][debug][gc,ref            ] GC(76) Skipped phase1 of Reference Processing due to unavailable references
[35.317s][debug][gc,ref            ] GC(76) Skipped phase2 of Reference Processing due to unavailable references
[35.317s][debug][gc,ref            ] GC(76) Skipped phase3 of Reference Processing due to unavailable references
[35.317s][debug][gc,ref            ] GC(76) Skipped phase4 of Reference Processing due to unavailable references
[35.317s][debug][gc,ergo           ] GC(76) Running G1 Free Collection Set using 1 workers for collection set length 27
[35.317s][debug][gc,humongous      ] GC(76) Live humongous region 8 object size 524304 start 0x0000000780800000  with remset 0 code roots 0 is marked 0 reclaim candidate 0 type array 0
[35.317s][debug][gc,humongous      ] GC(76) Live humongous region 13 object size 1048592 start 0x0000000780d00000  with remset 0 code roots 0 is marked 0 reclaim candidate 0 type array 0
[35.317s][debug][gc,plab           ] GC(76) Young PLAB allocation: allocated: 16777216B, wasted: 704B, unused: 1022544B, used: 15753968B, undo waste: 0B, 
[35.317s][debug][gc,plab           ] GC(76) Young other allocation: region end waste: 0B, regions filled: 16, direct allocated: 0B, failure used: 0B, failure wasted: 0B
[35.317s][debug][gc,plab           ] GC(76) Young sizing: calculated: 3150792B, actual: 3057880B
[35.317s][debug][gc,plab           ] GC(76) Old PLAB allocation: allocated: 0B, wasted: 0B, unused: 0B, used: 0B, undo waste: 0B, 
[35.317s][debug][gc,plab           ] GC(76) Old other allocation: region end waste: 0B, regions filled: 0, direct allocated: 0B, failure used: 0B, failure wasted: 0B
[35.317s][debug][gc,plab           ] GC(76) Old sizing: calculated: 0B, actual: 170464B
[35.317s][debug][gc,alloc,stats    ] Old generation allocation in the last mutator period, old gen allocated: 0B, humongous allocated: 3145728B,old gen growth: 0B.
[35.317s][debug][gc,ihop           ] GC(76) Basic information (value update), threshold: 0B (0.00), target occupancy: 1516240896B, current occupancy: 66060288B, recent allocation size: 3145728B, recent allocation duration: 118.35ms, recent old gen allocation rate: 26580527.50B/s, recent marking phase length: 232.15ms
[35.317s][debug][gc,ihop           ] GC(76) Adaptive IHOP information (value update), threshold: 0B (0.00), internal target occupancy: 1440428851B, occupancy: 66060288B, additional buffer size: 264241152B, predicted old gen allocation rate: 3468620313.27B/s, predicted marking phase length: 354.98ms, prediction active: true
[35.317s][debug][gc,ergo,refine    ] GC(76) Updated Refinement Zones: green: 39, yellow: 117, red: 195
[35.317s][info ][gc,phases         ] GC(76)   Pre Evacuate Collection Set: 0.1ms
[35.317s][debug][gc,phases         ] GC(76)     Prepare TLABs: 0.1ms
[35.317s][debug][gc,phases         ] GC(76)     Choose Collection Set: 0.0ms
[35.317s][debug][gc,phases         ] GC(76)     Humongous Register: 0.0ms
[35.317s][debug][gc,phases         ] GC(76)     Clear Claimed Marks: 0.1ms
[35.317s][info ][gc,phases         ] GC(76)   Evacuate Collection Set: 21.1ms
[35.317s][debug][gc,phases         ] GC(76)     Ext Root Scanning (ms):   Min:  0.4, Avg:  0.4, Max:  0.4, Diff:  0.0, Sum:  1.6, Workers: 4
[35.317s][debug][gc,phases         ] GC(76)     Update RS (ms):           Min:  1.0, Avg:  1.4, Max:  2.4, Diff:  1.3, Sum:  5.5, Workers: 4
[35.317s][debug][gc,phases         ] GC(76)       Processed Buffers:        Min: 2, Avg:  4.5, Max: 8, Diff: 6, Sum: 18, Workers: 4
[35.317s][debug][gc,phases         ] GC(76)       Scanned Cards:            Min: 512, Avg: 775.5, Max: 1566, Diff: 1054, Sum: 3102, Workers: 4
[35.317s][debug][gc,phases         ] GC(76)       Skipped Cards:            Min: 0, Avg: 195.5, Max: 782, Diff: 782, Sum: 782, Workers: 4
[35.317s][debug][gc,phases         ] GC(76)     Scan RS (ms):             Min:  0.0, Avg:  0.1, Max:  0.3, Diff:  0.3, Sum:  0.3, Workers: 4
[35.317s][debug][gc,phases         ] GC(76)       Scanned Cards:            Min: 0, Avg: 32.5, Max: 130, Diff: 130, Sum: 130, Workers: 4
[35.317s][debug][gc,phases         ] GC(76)       Claimed Cards:            Min: 0, Avg: 244.0, Max: 976, Diff: 976, Sum: 976, Workers: 4
[35.317s][debug][gc,phases         ] GC(76)       Skipped Cards:            Min: 0, Avg:  0.0, Max: 0, Diff: 0, Sum: 0, Workers: 4
[35.317s][debug][gc,phases         ] GC(76)     Code Root Scanning (ms):  Min:  0.0, Avg:  0.0, Max:  0.0, Diff:  0.0, Sum:  0.0, Workers: 4
[35.317s][debug][gc,phases         ] GC(76)     JVMCI Root Scan (ms):     skipped
[35.318s][debug][gc,phases         ] GC(76)     Object Copy (ms):         Min: 17.7, Avg: 18.9, Max: 19.4, Diff:  1.7, Sum: 75.8, Workers: 4
[35.318s][debug][gc,phases         ] GC(76)     Termination (ms):         Min:  0.0, Avg:  0.0, Max:  0.0, Diff:  0.0, Sum:  0.1, Workers: 4
[35.318s][debug][gc,phases         ] GC(76)       Termination Attempts:     Min: 4, Avg:  4.5, Max: 5, Diff: 1, Sum: 18, Workers: 4
[35.318s][debug][gc,phases         ] GC(76)     GC Worker Other (ms):     Min:  0.1, Avg:  0.1, Max:  0.2, Diff:  0.1, Sum:  0.5, Workers: 4
[35.318s][debug][gc,phases         ] GC(76)     GC Worker Total (ms):     Min: 20.9, Avg: 21.0, Max: 21.0, Diff:  0.1, Sum: 83.8, Workers: 4
[35.318s][info ][gc,phases         ] GC(76)   Post Evacuate Collection Set: 0.4ms
[35.318s][debug][gc,phases         ] GC(76)     Code Roots Fixup: 0.0ms
[35.318s][debug][gc,phases         ] GC(76)     Clear Card Table: 0.0ms
[35.318s][debug][gc,phases         ] GC(76)     Reference Processing: 0.1ms
[35.318s][debug][gc,phases,ref     ] GC(76)       Reconsider SoftReferences: 0.0ms
[35.318s][debug][gc,phases,ref     ] GC(76)         SoftRef (ms):             skipped
[35.318s][debug][gc,phases,ref     ] GC(76)       Notify Soft/WeakReferences: 0.0ms
[35.318s][debug][gc,phases,ref     ] GC(76)         SoftRef (ms):             skipped
[35.318s][debug][gc,phases,ref     ] GC(76)         WeakRef (ms):             skipped
[35.318s][debug][gc,phases,ref     ] GC(76)         FinalRef (ms):            skipped
[35.318s][debug][gc,phases,ref     ] GC(76)         Total (ms):               skipped
[35.318s][debug][gc,phases,ref     ] GC(76)       Notify and keep alive finalizable: 0.0ms
[35.318s][debug][gc,phases,ref     ] GC(76)         FinalRef (ms):            skipped
[35.318s][debug][gc,phases,ref     ] GC(76)       Notify PhantomReferences: 0.0ms
[35.318s][debug][gc,phases,ref     ] GC(76)         PhantomRef (ms):          skipped
[35.318s][debug][gc,phases,ref     ] GC(76)       SoftReference:
[35.318s][debug][gc,phases,ref     ] GC(76)         Discovered: 0
[35.318s][debug][gc,phases,ref     ] GC(76)         Cleared: 0
[35.318s][debug][gc,phases,ref     ] GC(76)       WeakReference:
[35.318s][debug][gc,phases,ref     ] GC(76)         Discovered: 0
[35.318s][debug][gc,phases,ref     ] GC(76)         Cleared: 0
[35.318s][debug][gc,phases,ref     ] GC(76)       FinalReference:
[35.318s][debug][gc,phases,ref     ] GC(76)         Discovered: 0
[35.318s][debug][gc,phases,ref     ] GC(76)         Cleared: 0
[35.318s][debug][gc,phases,ref     ] GC(76)       PhantomReference:
[35.318s][debug][gc,phases,ref     ] GC(76)         Discovered: 0
[35.318s][debug][gc,phases,ref     ] GC(76)         Cleared: 0
[35.318s][debug][gc,phases         ] GC(76)     Weak Processing: 0.0ms
[35.318s][debug][gc,phases         ] GC(76)     Merge Per-Thread State: 0.0ms
[35.318s][debug][gc,phases         ] GC(76)     Code Roots Purge: 0.0ms
[35.318s][debug][gc,phases         ] GC(76)     Redirty Cards: 0.0ms
[35.318s][debug][gc,phases         ] GC(76)     DerivedPointerTable Update: 0.0ms
[35.318s][debug][gc,phases         ] GC(76)     Free Collection Set: 0.2ms
[35.318s][debug][gc,phases         ] GC(76)     Humongous Reclaim: 0.0ms
[35.318s][debug][gc,phases         ] GC(76)     Start New Collection Set: 0.0ms
[35.318s][debug][gc,phases         ] GC(76)     Resize TLABs: 0.0ms
[35.318s][debug][gc,phases         ] GC(76)     Expand Heap After Collection: 0.0ms
[35.318s][info ][gc,phases         ] GC(76)   Other: 0.6ms
[35.318s][info ][gc,heap           ] GC(76) Eden regions: 11->0(236)
[35.318s][info ][gc,heap           ] GC(76) Survivor regions: 16->16(26)
[35.318s][info ][gc,heap           ] GC(76) Old regions: 44->44
[35.318s][info ][gc,heap           ] GC(76) Humongous regions: 3->3
[35.318s][info ][gc,metaspace      ] GC(76) Metaspace: 13253K->13253K(1060864K)
[35.318s][debug][gc,heap           ] GC(76) Heap after GC invocations=77 (full 0): garbage-first heap   total 1480704K, used 64512K [0x0000000780000000, 0x0000000800000000)
[35.318s][debug][gc,heap           ] GC(76)   region size 1024K, 16 young (16384K), 16 survivors (16384K)
[35.318s][debug][gc,heap           ] GC(76)  Metaspace       used 13253K, capacity 13665K, committed 13824K, reserved 1060864K
[35.318s][debug][gc,heap           ] GC(76)   class space    used 1352K, capacity 1515K, committed 1536K, reserved 1048576K
[35.318s][info ][gc                ] GC(76) Pause Young (Concurrent Start) (G1 Humongous Allocation) 73M->63M(1446M) 22.756ms
[35.318s][info ][gc,cpu            ] GC(76) User=0.08s Sys=0.00s Real=0.02s
[35.318s][info ][gc                ] GC(77) Concurrent Cycle
[35.318s][info ][gc,marking        ] GC(77) Concurrent Clear Claimed Marks
[35.318s][info ][gc,marking        ] GC(77) Concurrent Clear Claimed Marks 0.103ms
[35.318s][info ][gc,marking        ] GC(77) Concurrent Scan Root Regions
[35.318s][debug][gc,ergo           ] GC(77) Running G1 Root Region Scan using 1 workers for 16 work units.
[35.327s][info ][gc,marking        ] GC(77) Concurrent Scan Root Regions 8.792ms
[35.327s][info ][gc,marking        ] GC(77) Concurrent Mark (35.327s)
[35.327s][info ][gc,marking        ] GC(77) Concurrent Mark From Roots
[35.327s][info ][gc,task           ] GC(77) Using 1 workers of 1 for marking
[35.336s][debug][gc,stats          ] ---------------------------------------------------------------------
[35.336s][debug][gc,stats          ] Marking Stats, task = 0, calls = 1
[35.336s][debug][gc,stats          ]   Elapsed time = 8.62ms, Termination time = 0.00ms
[35.336s][debug][gc,stats          ]   Step Times (cum): num = 513, avg = 0.55ms, sd = 2.02ms max = 9.88ms, total = 282.54ms
[35.336s][debug][gc,stats          ]   Mark Stats Cache: hits 60179 misses 42 ratio 99.930
[35.336s][debug][gc,stats          ] ---------------------------------------------------------------------
[35.336s][info ][gc,marking        ] GC(77) Concurrent Mark From Roots 8.804ms
[35.336s][info ][gc,marking        ] GC(77) Concurrent Preclean
[35.336s][debug][gc,ref,start      ] GC(77) Preclean SoftReferences
[35.336s][debug][gc,ref            ] GC(77) Preclean SoftReferences 0.017ms
[35.336s][debug][gc,ref,start      ] GC(77) Preclean WeakReferences
[35.336s][debug][gc,ref            ] GC(77) Preclean WeakReferences 0.019ms
[35.336s][debug][gc,ref,start      ] GC(77) Preclean FinalReferences
[35.336s][debug][gc,ref            ] GC(77) Preclean FinalReferences 0.012ms
[35.336s][debug][gc,ref,start      ] GC(77) Preclean PhantomReferences
[35.336s][debug][gc,ref            ] GC(77) Preclean PhantomReferences 0.012ms
[35.336s][info ][gc,marking        ] GC(77) Concurrent Preclean 0.121ms
[35.336s][info ][gc,marking        ] GC(77) Concurrent Mark (35.327s, 35.336s) 8.960ms
[35.336s][info ][gc,start          ] GC(77) Pause Remark
[35.336s][debug][gc,phases,start   ] GC(77) Finalize Marking
[35.336s][debug][gc,stats          ] ---------------------------------------------------------------------
[35.337s][debug][gc,stats          ] Marking Stats, task = 0, calls = 18
[35.337s][debug][gc,stats          ]   Elapsed time = 0.07ms, Termination time = 0.05ms
[35.337s][debug][gc,stats          ]   Step Times (cum): num = 530, avg = 0.53ms, sd = 1.99ms max = 9.88ms, total = 282.60ms
[35.337s][debug][gc,stats          ]   Mark Stats Cache: hits 60179 misses 42 ratio 99.930
[35.337s][debug][gc,stats          ] ---------------------------------------------------------------------
[35.337s][debug][gc,stats          ] Marking Stats, task = 1, calls = 1
[35.337s][debug][gc,stats          ]   Elapsed time = 0.09ms, Termination time = 0.07ms
[35.337s][debug][gc,stats          ]   Step Times (cum): num = 30, avg = 0.19ms, sd = 0.24ms max = 0.77ms, total = 5.66ms
[35.337s][debug][gc,stats          ]   Mark Stats Cache: hits 94 misses 2 ratio 97.917
[35.337s][debug][gc,stats          ] ---------------------------------------------------------------------
[35.337s][debug][gc,stats          ] Marking Stats, task = 2, calls = 1
[35.337s][debug][gc,stats          ]   Elapsed time = 0.01ms, Termination time = 0.00ms
[35.337s][debug][gc,stats          ]   Step Times (cum): num = 29, avg = 0.15ms, sd = 0.25ms max = 0.75ms, total = 4.34ms
[35.337s][debug][gc,stats          ]   Mark Stats Cache: hits 56 misses 3 ratio 94.915
[35.337s][debug][gc,stats          ] ---------------------------------------------------------------------
[35.337s][debug][gc,stats          ] Marking Stats, task = 3, calls = 1
[35.337s][debug][gc,stats          ]   Elapsed time = 0.01ms, Termination time = 0.00ms
[35.337s][debug][gc,stats          ]   Step Times (cum): num = 27, avg = 0.00ms, sd = 0.00ms max = 0.02ms, total = 0.12ms
[35.337s][debug][gc,stats          ]   Mark Stats Cache: hits 53 misses 3 ratio 94.643
[35.337s][debug][gc,stats          ] ---------------------------------------------------------------------
[35.337s][debug][gc,phases         ] GC(77) Finalize Marking 0.364ms
[35.337s][debug][gc,phases,start   ] GC(77) Reference Processing
[35.337s][debug][gc,ref            ] GC(77) Skipped phase1 of Reference Processing due to unavailable references
[35.337s][debug][gc,ref            ] GC(77) Skipped phase2 of Reference Processing due to unavailable references
[35.337s][debug][gc,ref            ] GC(77) Skipped phase3 of Reference Processing due to unavailable references
[35.337s][debug][gc,ref            ] GC(77) Skipped phase4 of Reference Processing due to unavailable references
[35.337s][debug][gc,phases,ref     ] GC(77) Reference Processing: 0.0ms
[35.337s][debug][gc,phases,ref     ] GC(77)   Reconsider SoftReferences: 0.0ms
[35.337s][debug][gc,phases,ref     ] GC(77)     SoftRef (ms):             skipped
[35.337s][debug][gc,phases,ref     ] GC(77)   Notify Soft/WeakReferences: 0.0ms
[35.337s][debug][gc,phases,ref     ] GC(77)     SoftRef (ms):             skipped
[35.337s][debug][gc,phases,ref     ] GC(77)     WeakRef (ms):             skipped
[35.337s][debug][gc,phases,ref     ] GC(77)     FinalRef (ms):            skipped
[35.337s][debug][gc,phases,ref     ] GC(77)     Total (ms):               skipped
[35.337s][debug][gc,phases,ref     ] GC(77)   Notify and keep alive finalizable: 0.0ms
[35.337s][debug][gc,phases,ref     ] GC(77)     FinalRef (ms):            skipped
[35.337s][debug][gc,phases,ref     ] GC(77)   Notify PhantomReferences: 0.0ms
[35.337s][debug][gc,phases,ref     ] GC(77)     PhantomRef (ms):          skipped
[35.337s][debug][gc,phases,ref     ] GC(77)   SoftReference:
[35.337s][debug][gc,phases,ref     ] GC(77)     Discovered: 0
[35.337s][debug][gc,phases,ref     ] GC(77)     Cleared: 0
[35.337s][debug][gc,phases,ref     ] GC(77)   WeakReference:
[35.337s][debug][gc,phases,ref     ] GC(77)     Discovered: 0
[35.337s][debug][gc,phases,ref     ] GC(77)     Cleared: 0
[35.337s][debug][gc,phases,ref     ] GC(77)   FinalReference:
[35.337s][debug][gc,phases,ref     ] GC(77)     Discovered: 0
[35.337s][debug][gc,phases,ref     ] GC(77)     Cleared: 0
[35.337s][debug][gc,phases,ref     ] GC(77)   PhantomReference:
[35.337s][debug][gc,phases,ref     ] GC(77)     Discovered: 0
[35.337s][debug][gc,phases,ref     ] GC(77)     Cleared: 0
[35.337s][debug][gc,phases         ] GC(77) Reference Processing 0.306ms
[35.337s][debug][gc,phases,start   ] GC(77) Weak Processing
[35.337s][debug][gc,phases         ] GC(77) Weak Processing 0.025ms
[35.337s][debug][gc,phases,start   ] GC(77) Class Unloading
[35.337s][debug][gc,phases,start   ] GC(77) ClassLoaderData
[35.337s][debug][gc,phases         ] GC(77) ClassLoaderData 0.056ms
[35.337s][debug][gc,phases,start   ] GC(77) ProtectionDomainCacheTable
[35.337s][debug][gc,phases         ] GC(77) ProtectionDomainCacheTable 0.012ms
[35.339s][info ][gc,stringtable    ] GC(77) Cleaned string and symbol table, strings: 6157 processed, 0 removed, symbols: 45233 processed, 0 removed
[35.339s][debug][gc,phases         ] GC(77) Class Unloading 1.674ms
[35.339s][debug][gc,phases,start   ] GC(77) Flush Task Caches
[35.339s][debug][gc,stats          ] Mark stats cache hits 60382 misses 50 ratio 99.917
[35.339s][debug][gc,phases         ] GC(77) Flush Task Caches 0.033ms
[35.339s][debug][gc,phases,start   ] GC(77) Update Remembered Set Tracking Before Rebuild
[35.339s][debug][gc,ergo           ] GC(77) Running G1 Update RemSet Tracking Before Rebuild using 4 workers for 1446 regions in heap
[35.339s][debug][gc,remset,tracking] GC(77) Remembered Set Tracking update regions total 1446, selected 44
[35.339s][debug][gc,phases         ] GC(77) Update Remembered Set Tracking Before Rebuild 0.208ms
[35.339s][debug][gc,phases,start   ] GC(77) Reclaim Empty Regions
[35.339s][debug][gc                ] GC(77) Reclaimed 3 empty regions
[35.339s][debug][gc,phases         ] GC(77) Reclaim Empty Regions 0.104ms
[35.339s][debug][gc,phases,start   ] GC(77) Purge Metaspace
[35.339s][debug][gc,phases         ] GC(77) Purge Metaspace 0.011ms
[35.339s][debug][gc,phases,start   ] GC(77) Report Object Count
[35.339s][debug][gc,phases         ] GC(77) Report Object Count 0.029ms
[35.339s][info ][gc                ] GC(77) Pause Remark 71M->68M(1446M) 2.901ms
[35.339s][info ][gc,cpu            ] GC(77) User=0.01s Sys=0.00s Real=0.00s
[35.339s][info ][gc,marking        ] GC(77) Concurrent Rebuild Remembered Sets
[35.347s][info ][gc,marking        ] GC(77) Concurrent Rebuild Remembered Sets 7.935ms
[35.347s][info ][gc,start          ] GC(77) Pause Cleanup
[35.347s][debug][gc,phases,start   ] GC(77) Update Remembered Set Tracking After Rebuild
[35.348s][debug][gc,phases         ] GC(77) Update Remembered Set Tracking After Rebuild 0.048ms
[35.348s][debug][gc,phases,start   ] GC(77) Finalize Concurrent Mark Cleanup
[35.348s][debug][gc,ergo           ] GC(77) request young-only gcs (reclaimable percentage not over threshold). candidate old regions: 43 reclaimable: 43446424 (2.87) threshold: 5
[35.348s][debug][gc,phases         ] GC(77) Finalize Concurrent Mark Cleanup 0.178ms
[35.348s][info ][gc                ] GC(77) Pause Cleanup 68M->68M(1446M) 0.297ms
[35.348s][info ][gc,cpu            ] GC(77) User=0.00s Sys=0.00s Real=0.00s
[35.348s][info ][gc,marking        ] GC(77) Concurrent Cleanup for Next Mark
[35.348s][debug][gc,ergo           ] GC(77) Running G1 Clear Bitmap with 1 workers for 23 work units.
[35.350s][info ][gc,marking        ] GC(77) Concurrent Cleanup for Next Mark 2.480ms
[35.350s][info ][gc                ] GC(77) Concurrent Cycle 32.195ms
[35.434s][debug][gc,ergo,ihop      ] Request concurrent cycle initiation (occupancy higher than threshold) occupancy: 49283072B allocation request: 524304B threshold: 0B (0.00) source: concurrent humongous allocation
[35.435s][debug][gc,ergo           ] Request concurrent cycle initiation (requested by GC cause). GC cause: G1 Humongous Allocation
[35.435s][debug][gc,heap           ] GC(78) Heap before GC invocations=78 (full 0): garbage-first heap   total 1480704K, used 74752K [0x0000000780000000, 0x0000000800000000)
[35.435s][debug][gc,heap           ] GC(78)   region size 1024K, 27 young (27648K), 16 survivors (16384K)
[35.435s][debug][gc,heap           ] GC(78)  Metaspace       used 13253K, capacity 13665K, committed 13824K, reserved 1060864K
[35.435s][debug][gc,heap           ] GC(78)   class space    used 1352K, capacity 1515K, committed 1536K, reserved 1048576K
[35.435s][debug][gc,ergo           ] GC(78) Initiate concurrent cycle (concurrent cycle initiation requested)
[35.435s][info ][gc,start          ] GC(78) Pause Young (Concurrent Start) (G1 Humongous Allocation)
[35.435s][info ][gc,task           ] GC(78) Using 4 workers of 4 for evacuation
[35.435s][debug][gc,tlab           ] GC(78) TLAB totals: thrds: 1  refills: 31 max: 31 slow allocs: 3 max 3 waste:  0.9% gc: 80072B max: 80072B slow: 17672B max: 17672B fast: 0B max: 0B
[35.435s][debug][gc,alloc,region   ] GC(78) Mutator Allocation stats, regions: 11, wasted size: 0B ( 0.0%)
[35.435s][debug][gc,age            ] GC(78) Desired survivor size 16777216 bytes, new threshold 15 (max threshold 15)
[35.435s][debug][gc,ergo,cset      ] GC(78) Finish choosing CSet. old: 0 regions, predicted old region time: 0.00ms, time remaining: 166.52
[35.436s][debug][gc,task,stats     ] GC(78) GC Termination Stats
[35.436s][debug][gc,task,stats     ] GC(78)      elapsed  --strong roots-- -------termination------- ------waste (KiB)------
[35.436s][debug][gc,task,stats     ] GC(78) thr     ms        ms      %        ms      %    attempts  total   alloc    undo
[35.436s][debug][gc,task,stats     ] GC(78) --- --------- --------- ------ --------- ------ -------- ------- ------- -------
[35.458s][debug][gc,task,stats     ] GC(78)   1     22.84     18.28  80.04      0.00   0.01        1       0       0       0
[35.459s][debug][gc,task,stats     ] GC(78)   0     22.95     18.30  79.76      1.25   5.47        3       0       0       0
[35.459s][debug][gc,task,stats     ] GC(78)   3     22.94     20.78  90.58      1.34   5.82        5       0       0       0
[35.459s][debug][gc,task,stats     ] GC(78)   2     23.04      4.50  19.54      1.37   5.93        1       0       0       0
[35.459s][debug][gc,ergo           ] GC(78) Running G1 Clear Card Table Task using 1 workers for 1 units of work for 34 regions.
[35.459s][debug][gc,ref            ] GC(78) Skipped phase1 of Reference Processing due to unavailable references
[35.459s][debug][gc,ref            ] GC(78) Skipped phase2 of Reference Processing due to unavailable references
[35.459s][debug][gc,ref            ] GC(78) Skipped phase3 of Reference Processing due to unavailable references
[35.459s][debug][gc,ref            ] GC(78) Skipped phase4 of Reference Processing due to unavailable references
[35.459s][debug][gc,ergo           ] GC(78) Running G1 Free Collection Set using 1 workers for collection set length 27
[35.460s][debug][gc,humongous      ] GC(78) Live humongous region 5 object size 524304 start 0x0000000780500000  with remset 0 code roots 0 is marked 0 reclaim candidate 0 type array 0
[35.460s][debug][gc,humongous      ] GC(78) Live humongous region 6 object size 1048592 start 0x0000000780600000  with remset 0 code roots 0 is marked 0 reclaim candidate 0 type array 0
[35.460s][debug][gc,plab           ] GC(78) Young PLAB allocation: allocated: 16777216B, wasted: 680B, unused: 1022568B, used: 15753968B, undo waste: 0B, 
[35.460s][debug][gc,plab           ] GC(78) Young other allocation: region end waste: 0B, regions filled: 16, direct allocated: 0B, failure used: 0B, failure wasted: 0B
[35.460s][debug][gc,plab           ] GC(78) Young sizing: calculated: 3150792B, actual: 3127560B
[35.460s][debug][gc,plab           ] GC(78) Old PLAB allocation: allocated: 0B, wasted: 0B, unused: 0B, used: 0B, undo waste: 0B, 
[35.460s][debug][gc,plab           ] GC(78) Old other allocation: region end waste: 0B, regions filled: 0, direct allocated: 0B, failure used: 0B, failure wasted: 0B
[35.460s][debug][gc,plab           ] GC(78) Old sizing: calculated: 0B, actual: 42616B
[35.460s][debug][gc,alloc,stats    ] Old generation allocation in the last mutator period, old gen allocated: 0B, humongous allocated: 3145728B,old gen growth: 0B.
[35.460s][debug][gc,ihop           ] GC(78) Basic information (value update), threshold: 0B (0.00), target occupancy: 1516240896B, current occupancy: 66060288B, recent allocation size: 3145728B, recent allocation duration: 114.93ms, recent old gen allocation rate: 27370969.91B/s, recent marking phase length: 232.15ms
[35.460s][debug][gc,ihop           ] GC(78) Adaptive IHOP information (value update), threshold: 0B (0.00), internal target occupancy: 1440428851B, occupancy: 66060288B, additional buffer size: 299892736B, predicted old gen allocation rate: 3350706873.32B/s, predicted marking phase length: 354.98ms, prediction active: true
[35.460s][debug][gc,ergo,refine    ] GC(78) Updated Refinement Zones: green: 39, yellow: 117, red: 195
[35.460s][info ][gc,phases         ] GC(78)   Pre Evacuate Collection Set: 0.1ms
[35.460s][debug][gc,phases         ] GC(78)     Prepare TLABs: 0.0ms
[35.460s][debug][gc,phases         ] GC(78)     Choose Collection Set: 0.0ms
[35.460s][debug][gc,phases         ] GC(78)     Humongous Register: 0.0ms
[35.460s][debug][gc,phases         ] GC(78)     Clear Claimed Marks: 0.1ms
[35.460s][info ][gc,phases         ] GC(78)   Evacuate Collection Set: 23.3ms
[35.460s][debug][gc,phases         ] GC(78)     Ext Root Scanning (ms):   Min:  0.4, Avg:  0.4, Max:  0.4, Diff:  0.0, Sum:  1.7, Workers: 4
[35.460s][debug][gc,phases         ] GC(78)     Update RS (ms):           Min:  1.1, Avg:  1.4, Max:  2.5, Diff:  1.4, Sum:  5.7, Workers: 4
[35.460s][debug][gc,phases         ] GC(78)       Processed Buffers:        Min: 2, Avg:  4.5, Max: 8, Diff: 6, Sum: 18, Workers: 4
[35.460s][debug][gc,phases         ] GC(78)       Scanned Cards:            Min: 512, Avg: 775.5, Max: 1566, Diff: 1054, Sum: 3102, Workers: 4
[35.460s][debug][gc,phases         ] GC(78)       Skipped Cards:            Min: 0, Avg: 195.5, Max: 782, Diff: 782, Sum: 782, Workers: 4
[35.460s][debug][gc,phases         ] GC(78)     Scan RS (ms):             Min:  0.0, Avg:  0.1, Max:  0.3, Diff:  0.3, Sum:  0.3, Workers: 4
[35.460s][debug][gc,phases         ] GC(78)       Scanned Cards:            Min: 0, Avg: 36.5, Max: 146, Diff: 146, Sum: 146, Workers: 4
[35.461s][debug][gc,phases         ] GC(78)       Claimed Cards:            Min: 0, Avg: 259.0, Max: 1036, Diff: 1036, Sum: 1036, Workers: 4
[35.461s][debug][gc,phases         ] GC(78)       Skipped Cards:            Min: 0, Avg:  0.0, Max: 0, Diff: 0, Sum: 0, Workers: 4
[35.461s][debug][gc,phases         ] GC(78)     Code Root Scanning (ms):  Min:  0.0, Avg:  0.0, Max:  0.0, Diff:  0.0, Sum:  0.0, Workers: 4
[35.461s][debug][gc,phases         ] GC(78)     JVMCI Root Scan (ms):     skipped
[35.461s][debug][gc,phases         ] GC(78)     Object Copy (ms):         Min: 18.4, Avg: 20.0, Max: 21.3, Diff:  2.9, Sum: 80.0, Workers: 4
[35.461s][debug][gc,phases         ] GC(78)     Termination (ms):         Min:  0.0, Avg:  1.0, Max:  1.4, Diff:  1.4, Sum:  4.0, Workers: 4
[35.461s][debug][gc,phases         ] GC(78)       Termination Attempts:     Min: 1, Avg:  2.5, Max: 5, Diff: 4, Sum: 10, Workers: 4
[35.461s][debug][gc,phases         ] GC(78)     GC Worker Other (ms):     Min:  0.1, Avg:  0.1, Max:  0.1, Diff:  0.1, Sum:  0.4, Workers: 4
[35.461s][debug][gc,phases         ] GC(78)     GC Worker Total (ms):     Min: 22.9, Avg: 23.0, Max: 23.1, Diff:  0.2, Sum: 92.0, Workers: 4
[35.461s][info ][gc,phases         ] GC(78)   Post Evacuate Collection Set: 1.3ms
[35.461s][debug][gc,phases         ] GC(78)     Code Roots Fixup: 0.0ms
[35.461s][debug][gc,phases         ] GC(78)     Clear Card Table: 0.2ms
[35.461s][debug][gc,phases         ] GC(78)     Reference Processing: 0.2ms
[35.461s][debug][gc,phases,ref     ] GC(78)       Reconsider SoftReferences: 0.1ms
[35.461s][debug][gc,phases,ref     ] GC(78)         SoftRef (ms):             skipped
[35.461s][debug][gc,phases,ref     ] GC(78)       Notify Soft/WeakReferences: 0.0ms
[35.461s][debug][gc,phases,ref     ] GC(78)         SoftRef (ms):             skipped
[35.461s][debug][gc,phases,ref     ] GC(78)         WeakRef (ms):             skipped
[35.461s][debug][gc,phases,ref     ] GC(78)         FinalRef (ms):            skipped
[35.461s][debug][gc,phases,ref     ] GC(78)         Total (ms):               skipped
[35.461s][debug][gc,phases,ref     ] GC(78)       Notify and keep alive finalizable: 0.0ms
[35.461s][debug][gc,phases,ref     ] GC(78)         FinalRef (ms):            skipped
[35.461s][debug][gc,phases,ref     ] GC(78)       Notify PhantomReferences: 0.0ms
[35.461s][debug][gc,phases,ref     ] GC(78)         PhantomRef (ms):          skipped
[35.461s][debug][gc,phases,ref     ] GC(78)       SoftReference:
[35.461s][debug][gc,phases,ref     ] GC(78)         Discovered: 0
[35.461s][debug][gc,phases,ref     ] GC(78)         Cleared: 0
[35.461s][debug][gc,phases,ref     ] GC(78)       WeakReference:
[35.461s][debug][gc,phases,ref     ] GC(78)         Discovered: 0
[35.461s][debug][gc,phases,ref     ] GC(78)         Cleared: 0
[35.461s][debug][gc,phases,ref     ] GC(78)       FinalReference:
[35.461s][debug][gc,phases,ref     ] GC(78)         Discovered: 0
[35.461s][debug][gc,phases,ref     ] GC(78)         Cleared: 0
[35.461s][debug][gc,phases,ref     ] GC(78)       PhantomReference:
[35.461s][debug][gc,phases,ref     ] GC(78)         Discovered: 0
[35.461s][debug][gc,phases,ref     ] GC(78)         Cleared: 0
[35.461s][debug][gc,phases         ] GC(78)     Weak Processing: 0.1ms
[35.461s][debug][gc,phases         ] GC(78)     Merge Per-Thread State: 0.0ms
[35.461s][debug][gc,phases         ] GC(78)     Code Roots Purge: 0.0ms
[35.461s][debug][gc,phases         ] GC(78)     Redirty Cards: 0.1ms
[35.461s][debug][gc,phases         ] GC(78)     DerivedPointerTable Update: 0.0ms
[35.461s][debug][gc,phases         ] GC(78)     Free Collection Set: 0.5ms
[35.461s][debug][gc,phases         ] GC(78)     Humongous Reclaim: 0.1ms
[35.461s][debug][gc,phases         ] GC(78)     Start New Collection Set: 0.0ms
[35.461s][debug][gc,phases         ] GC(78)     Resize TLABs: 0.0ms
[35.461s][debug][gc,phases         ] GC(78)     Expand Heap After Collection: 0.0ms
[35.461s][info ][gc,phases         ] GC(78)   Other: 0.8ms
[35.461s][info ][gc,heap           ] GC(78) Eden regions: 11->0(270)
[35.461s][info ][gc,heap           ] GC(78) Survivor regions: 16->16(32)
[35.461s][info ][gc,heap           ] GC(78) Old regions: 44->44
[35.461s][info ][gc,heap           ] GC(78) Humongous regions: 3->3
[35.461s][info ][gc,metaspace      ] GC(78) Metaspace: 13253K->13253K(1060864K)
[35.461s][debug][gc,heap           ] GC(78) Heap after GC invocations=79 (full 0): garbage-first heap   total 1480704K, used 64512K [0x0000000780000000, 0x0000000800000000)
[35.461s][debug][gc,heap           ] GC(78)   region size 1024K, 16 young (16384K), 16 survivors (16384K)
[35.461s][debug][gc,heap           ] GC(78)  Metaspace       used 13253K, capacity 13665K, committed 13824K, reserved 1060864K
[35.461s][debug][gc,heap           ] GC(78)   class space    used 1352K, capacity 1515K, committed 1536K, reserved 1048576K
[35.461s][info ][gc                ] GC(78) Pause Young (Concurrent Start) (G1 Humongous Allocation) 73M->63M(1446M) 26.118ms
[35.461s][info ][gc,cpu            ] GC(78) User=0.09s Sys=0.00s Real=0.02s
[35.461s][info ][gc                ] GC(79) Concurrent Cycle
[35.461s][info ][gc,marking        ] GC(79) Concurrent Clear Claimed Marks
[35.461s][info ][gc,marking        ] GC(79) Concurrent Clear Claimed Marks 0.068ms
[35.461s][info ][gc,marking        ] GC(79) Concurrent Scan Root Regions
[35.462s][debug][gc,ergo           ] GC(79) Running G1 Root Region Scan using 1 workers for 16 work units.
[35.474s][info ][gc,marking        ] GC(79) Concurrent Scan Root Regions 12.019ms
[35.474s][info ][gc,marking        ] GC(79) Concurrent Mark (35.474s)
[35.474s][info ][gc,marking        ] GC(79) Concurrent Mark From Roots
[35.474s][info ][gc,task           ] GC(79) Using 1 workers of 1 for marking
[35.482s][debug][gc,stats          ] ---------------------------------------------------------------------
[35.482s][debug][gc,stats          ] Marking Stats, task = 0, calls = 1
[35.482s][debug][gc,stats          ]   Elapsed time = 7.86ms, Termination time = 0.00ms
[35.482s][debug][gc,stats          ]   Step Times (cum): num = 531, avg = 0.55ms, sd = 2.01ms max = 9.88ms, total = 290.46ms
[35.482s][debug][gc,stats          ]   Mark Stats Cache: hits 60179 misses 42 ratio 99.930
[35.482s][debug][gc,stats          ] ---------------------------------------------------------------------
[35.482s][info ][gc,marking        ] GC(79) Concurrent Mark From Roots 8.100ms
[35.482s][info ][gc,marking        ] GC(79) Concurrent Preclean
[35.482s][debug][gc,ref,start      ] GC(79) Preclean SoftReferences
[35.482s][debug][gc,ref            ] GC(79) Preclean SoftReferences 0.054ms
[35.482s][debug][gc,ref,start      ] GC(79) Preclean WeakReferences
[35.482s][debug][gc,ref            ] GC(79) Preclean WeakReferences 0.025ms
[35.482s][debug][gc,ref,start      ] GC(79) Preclean FinalReferences
[35.482s][debug][gc,ref            ] GC(79) Preclean FinalReferences 0.013ms
[35.482s][debug][gc,ref,start      ] GC(79) Preclean PhantomReferences
[35.482s][debug][gc,ref            ] GC(79) Preclean PhantomReferences 0.013ms
[35.482s][info ][gc,marking        ] GC(79) Concurrent Preclean 0.212ms
[35.482s][info ][gc,marking        ] GC(79) Concurrent Mark (35.474s, 35.482s) 8.353ms
[35.482s][info ][gc,start          ] GC(79) Pause Remark
[35.482s][debug][gc,phases,start   ] GC(79) Finalize Marking
[35.482s][debug][gc,stats          ] ---------------------------------------------------------------------
[35.482s][debug][gc,stats          ] Marking Stats, task = 0, calls = 18
[35.482s][debug][gc,stats          ]   Elapsed time = 0.07ms, Termination time = 0.05ms
[35.482s][debug][gc,stats          ]   Step Times (cum): num = 548, avg = 0.53ms, sd = 1.98ms max = 9.88ms, total = 290.52ms
[35.482s][debug][gc,stats          ]   Mark Stats Cache: hits 60179 misses 42 ratio 99.930
[35.482s][debug][gc,stats          ] ---------------------------------------------------------------------
[35.482s][debug][gc,stats          ] Marking Stats, task = 1, calls = 1
[35.482s][debug][gc,stats          ]   Elapsed time = 0.08ms, Termination time = 0.06ms
[35.482s][debug][gc,stats          ]   Step Times (cum): num = 31, avg = 0.18ms, sd = 0.24ms max = 0.77ms, total = 5.72ms
[35.482s][debug][gc,stats          ]   Mark Stats Cache: hits 97 misses 2 ratio 97.980
[35.482s][debug][gc,stats          ] ---------------------------------------------------------------------
[35.482s][debug][gc,stats          ] Marking Stats, task = 2, calls = 1
[35.482s][debug][gc,stats          ]   Elapsed time = 0.01ms, Termination time = 0.00ms
[35.482s][debug][gc,stats          ]   Step Times (cum): num = 30, avg = 0.14ms, sd = 0.25ms max = 0.75ms, total = 4.34ms
[35.482s][debug][gc,stats          ]   Mark Stats Cache: hits 53 misses 3 ratio 94.643
[35.482s][debug][gc,stats          ] ---------------------------------------------------------------------
[35.482s][debug][gc,stats          ] Marking Stats, task = 3, calls = 1
[35.482s][debug][gc,stats          ]   Elapsed time = 0.01ms, Termination time = 0.00ms
[35.482s][debug][gc,stats          ]   Step Times (cum): num = 28, avg = 0.00ms, sd = 0.00ms max = 0.02ms, total = 0.12ms
[35.482s][debug][gc,stats          ]   Mark Stats Cache: hits 53 misses 3 ratio 94.643
[35.482s][debug][gc,stats          ] ---------------------------------------------------------------------
[35.482s][debug][gc,phases         ] GC(79) Finalize Marking 0.361ms
[35.482s][debug][gc,phases,start   ] GC(79) Reference Processing
[35.482s][debug][gc,ref            ] GC(79) Skipped phase1 of Reference Processing due to unavailable references
[35.482s][debug][gc,ref            ] GC(79) Skipped phase2 of Reference Processing due to unavailable references
[35.483s][debug][gc,ref            ] GC(79) Skipped phase3 of Reference Processing due to unavailable references
[35.483s][debug][gc,ref            ] GC(79) Skipped phase4 of Reference Processing due to unavailable references
[35.483s][debug][gc,phases,ref     ] GC(79) Reference Processing: 0.0ms
[35.483s][debug][gc,phases,ref     ] GC(79)   Reconsider SoftReferences: 0.0ms
[35.483s][debug][gc,phases,ref     ] GC(79)     SoftRef (ms):             skipped
[35.483s][debug][gc,phases,ref     ] GC(79)   Notify Soft/WeakReferences: 0.0ms
[35.483s][debug][gc,phases,ref     ] GC(79)     SoftRef (ms):             skipped
[35.483s][debug][gc,phases,ref     ] GC(79)     WeakRef (ms):             skipped
[35.483s][debug][gc,phases,ref     ] GC(79)     FinalRef (ms):            skipped
[35.483s][debug][gc,phases,ref     ] GC(79)     Total (ms):               skipped
[35.483s][debug][gc,phases,ref     ] GC(79)   Notify and keep alive finalizable: 0.0ms
[35.483s][debug][gc,phases,ref     ] GC(79)     FinalRef (ms):            skipped
[35.483s][debug][gc,phases,ref     ] GC(79)   Notify PhantomReferences: 0.0ms
[35.483s][debug][gc,phases,ref     ] GC(79)     PhantomRef (ms):          skipped
[35.483s][debug][gc,phases,ref     ] GC(79)   SoftReference:
[35.483s][debug][gc,phases,ref     ] GC(79)     Discovered: 0
[35.483s][debug][gc,phases,ref     ] GC(79)     Cleared: 0
[35.483s][debug][gc,phases,ref     ] GC(79)   WeakReference:
[35.483s][debug][gc,phases,ref     ] GC(79)     Discovered: 0
[35.483s][debug][gc,phases,ref     ] GC(79)     Cleared: 0
[35.483s][debug][gc,phases,ref     ] GC(79)   FinalReference:
[35.483s][debug][gc,phases,ref     ] GC(79)     Discovered: 0
[35.483s][debug][gc,phases,ref     ] GC(79)     Cleared: 0
[35.483s][debug][gc,phases,ref     ] GC(79)   PhantomReference:
[35.483s][debug][gc,phases,ref     ] GC(79)     Discovered: 0
[35.483s][debug][gc,phases,ref     ] GC(79)     Cleared: 0
[35.483s][debug][gc,phases         ] GC(79) Reference Processing 0.298ms
[35.483s][debug][gc,phases,start   ] GC(79) Weak Processing
[35.483s][debug][gc,phases         ] GC(79) Weak Processing 0.025ms
[35.483s][debug][gc,phases,start   ] GC(79) Class Unloading
[35.483s][debug][gc,phases,start   ] GC(79) ClassLoaderData
[35.483s][debug][gc,phases         ] GC(79) ClassLoaderData 0.054ms
[35.483s][debug][gc,phases,start   ] GC(79) ProtectionDomainCacheTable
[35.483s][debug][gc,phases         ] GC(79) ProtectionDomainCacheTable 0.012ms
[35.485s][info ][gc,stringtable    ] GC(79) Cleaned string and symbol table, strings: 6157 processed, 0 removed, symbols: 45233 processed, 0 removed
[35.485s][debug][gc,phases         ] GC(79) Class Unloading 1.858ms
[35.485s][debug][gc,phases,start   ] GC(79) Flush Task Caches
[35.485s][debug][gc,stats          ] Mark stats cache hits 60382 misses 50 ratio 99.917
[35.485s][debug][gc,phases         ] GC(79) Flush Task Caches 0.031ms
[35.485s][debug][gc,phases,start   ] GC(79) Update Remembered Set Tracking Before Rebuild
[35.485s][debug][gc,ergo           ] GC(79) Running G1 Update RemSet Tracking Before Rebuild using 4 workers for 1446 regions in heap
[35.485s][debug][gc,remset,tracking] GC(79) Remembered Set Tracking update regions total 1446, selected 44
[35.485s][debug][gc,phases         ] GC(79) Update Remembered Set Tracking Before Rebuild 0.224ms
[35.485s][debug][gc,phases,start   ] GC(79) Reclaim Empty Regions
[35.485s][debug][gc                ] GC(79) Reclaimed 3 empty regions
[35.485s][debug][gc,phases         ] GC(79) Reclaim Empty Regions 0.198ms
[35.485s][debug][gc,phases,start   ] GC(79) Purge Metaspace
[35.485s][debug][gc,phases         ] GC(79) Purge Metaspace 0.012ms
[35.485s][debug][gc,phases,start   ] GC(79) Report Object Count
[35.485s][debug][gc,phases         ] GC(79) Report Object Count 0.016ms
[35.485s][info ][gc                ] GC(79) Pause Remark 71M->68M(1446M) 3.196ms
[35.485s][info ][gc,cpu            ] GC(79) User=0.00s Sys=0.00s Real=0.01s
[35.485s][info ][gc,marking        ] GC(79) Concurrent Rebuild Remembered Sets
[35.493s][info ][gc,marking        ] GC(79) Concurrent Rebuild Remembered Sets 7.882ms
[35.493s][info ][gc,start          ] GC(79) Pause Cleanup
[35.493s][debug][gc,phases,start   ] GC(79) Update Remembered Set Tracking After Rebuild
[35.493s][debug][gc,phases         ] GC(79) Update Remembered Set Tracking After Rebuild 0.048ms
[35.493s][debug][gc,phases,start   ] GC(79) Finalize Concurrent Mark Cleanup
[35.494s][debug][gc,ergo           ] GC(79) request young-only gcs (reclaimable percentage not over threshold). candidate old regions: 43 reclaimable: 43446424 (2.87) threshold: 5
[35.494s][debug][gc,phases         ] GC(79) Finalize Concurrent Mark Cleanup 0.204ms
[35.494s][info ][gc                ] GC(79) Pause Cleanup 68M->68M(1446M) 0.309ms
[35.494s][info ][gc,cpu            ] GC(79) User=0.00s Sys=0.00s Real=0.00s
[35.494s][info ][gc,marking        ] GC(79) Concurrent Cleanup for Next Mark
[35.494s][debug][gc,ergo           ] GC(79) Running G1 Clear Bitmap with 1 workers for 23 work units.
[35.496s][info ][gc,marking        ] GC(79) Concurrent Cleanup for Next Mark 2.502ms
[35.496s][info ][gc                ] GC(79) Concurrent Cycle 34.890ms
[35.576s][debug][gc,ergo,ihop      ] Request concurrent cycle initiation (occupancy higher than threshold) occupancy: 49283072B allocation request: 524304B threshold: 0B (0.00) source: concurrent humongous allocation
[35.577s][debug][gc,ergo           ] Request concurrent cycle initiation (requested by GC cause). GC cause: G1 Humongous Allocation
[35.577s][debug][gc,heap           ] GC(80) Heap before GC invocations=80 (full 0): garbage-first heap   total 1480704K, used 74752K [0x0000000780000000, 0x0000000800000000)
[35.577s][debug][gc,heap           ] GC(80)   region size 1024K, 27 young (27648K), 16 survivors (16384K)
[35.577s][debug][gc,heap           ] GC(80)  Metaspace       used 13253K, capacity 13665K, committed 13824K, reserved 1060864K
[35.577s][debug][gc,heap           ] GC(80)   class space    used 1352K, capacity 1515K, committed 1536K, reserved 1048576K
[35.577s][debug][gc,ergo           ] GC(80) Initiate concurrent cycle (concurrent cycle initiation requested)
[35.577s][info ][gc,start          ] GC(80) Pause Young (Concurrent Start) (G1 Humongous Allocation)
[35.577s][info ][gc,task           ] GC(80) Using 4 workers of 4 for evacuation
[35.577s][debug][gc,tlab           ] GC(80) TLAB totals: thrds: 1  refills: 31 max: 31 slow allocs: 3 max 3 waste:  0.9% gc: 80072B max: 80072B slow: 17672B max: 17672B fast: 0B max: 0B
[35.577s][debug][gc,alloc,region   ] GC(80) Mutator Allocation stats, regions: 11, wasted size: 0B ( 0.0%)
[35.577s][debug][gc,age            ] GC(80) Desired survivor size 18874368 bytes, new threshold 15 (max threshold 15)
[35.577s][debug][gc,ergo,cset      ] GC(80) Finish choosing CSet. old: 0 regions, predicted old region time: 0.00ms, time remaining: 172.55
[35.577s][debug][gc,task,stats     ] GC(80) GC Termination Stats
[35.577s][debug][gc,task,stats     ] GC(80)      elapsed  --strong roots-- -------termination------- ------waste (KiB)------
[35.577s][debug][gc,task,stats     ] GC(80) thr     ms        ms      %        ms      %    attempts  total   alloc    undo
[35.577s][debug][gc,task,stats     ] GC(80) --- --------- --------- ------ --------- ------ -------- ------- ------- -------
[35.597s][debug][gc,task,stats     ] GC(80)   3     19.68     16.21  82.35      0.00   0.01        1       0       0       0
[35.597s][debug][gc,task,stats     ] GC(80)   0     19.83     18.23  91.92      0.09   0.46        1       0       0       0
[35.597s][debug][gc,task,stats     ] GC(80)   2     19.85      4.19  21.10      0.10   0.49        3       0       0       0
[35.597s][debug][gc,task,stats     ] GC(80)   1     19.91     16.60  83.35      0.09   0.45        1       0       0       0
[35.597s][debug][gc,ergo           ] GC(80) Running G1 Clear Card Table Task using 1 workers for 1 units of work for 34 regions.
[35.597s][debug][gc,ref            ] GC(80) Skipped phase1 of Reference Processing due to unavailable references
[35.597s][debug][gc,ref            ] GC(80) Skipped phase2 of Reference Processing due to unavailable references
[35.597s][debug][gc,ref            ] GC(80) Skipped phase3 of Reference Processing due to unavailable references
[35.597s][debug][gc,ref            ] GC(80) Skipped phase4 of Reference Processing due to unavailable references
[35.597s][debug][gc,ergo           ] GC(80) Running G1 Free Collection Set using 1 workers for collection set length 27
[35.597s][debug][gc,humongous      ] GC(80) Live humongous region 8 object size 524304 start 0x0000000780800000  with remset 0 code roots 0 is marked 0 reclaim candidate 0 type array 0
[35.597s][debug][gc,humongous      ] GC(80) Live humongous region 13 object size 1048592 start 0x0000000780d00000  with remset 0 code roots 0 is marked 0 reclaim candidate 0 type array 0
[35.597s][debug][gc,plab           ] GC(80) Young PLAB allocation: allocated: 16777216B, wasted: 688B, unused: 1022560B, used: 15753968B, undo waste: 0B, 
[35.597s][debug][gc,plab           ] GC(80) Young other allocation: region end waste: 0B, regions filled: 16, direct allocated: 0B, failure used: 0B, failure wasted: 0B
[35.597s][debug][gc,plab           ] GC(80) Young sizing: calculated: 3150792B, actual: 3144984B
[35.597s][debug][gc,plab           ] GC(80) Old PLAB allocation: allocated: 0B, wasted: 0B, unused: 0B, used: 0B, undo waste: 0B, 
[35.597s][debug][gc,plab           ] GC(80) Old other allocation: region end waste: 0B, regions filled: 0, direct allocated: 0B, failure used: 0B, failure wasted: 0B
[35.597s][debug][gc,plab           ] GC(80) Old sizing: calculated: 0B, actual: 10648B
[35.598s][debug][gc,alloc,stats    ] Old generation allocation in the last mutator period, old gen allocated: 0B, humongous allocated: 3145728B,old gen growth: 0B.
[35.598s][debug][gc,ihop           ] GC(80) Basic information (value update), threshold: 0B (0.00), target occupancy: 1516240896B, current occupancy: 66060288B, recent allocation size: 3145728B, recent allocation duration: 113.18ms, recent old gen allocation rate: 27793965.82B/s, recent marking phase length: 232.15ms
[35.598s][debug][gc,ihop           ] GC(80) Adaptive IHOP information (value update), threshold: 0B (0.00), internal target occupancy: 1440428851B, occupancy: 66060288B, additional buffer size: 311427072B, predicted old gen allocation rate: 3237113643.76B/s, predicted marking phase length: 354.98ms, prediction active: true
[35.598s][debug][gc,ergo,refine    ] GC(80) Updated Refinement Zones: green: 39, yellow: 117, red: 195
[35.598s][info ][gc,phases         ] GC(80)   Pre Evacuate Collection Set: 0.1ms
[35.598s][debug][gc,phases         ] GC(80)     Prepare TLABs: 0.0ms
[35.598s][debug][gc,phases         ] GC(80)     Choose Collection Set: 0.0ms
[35.598s][debug][gc,phases         ] GC(80)     Humongous Register: 0.0ms
[35.598s][debug][gc,phases         ] GC(80)     Clear Claimed Marks: 0.0ms
[35.598s][info ][gc,phases         ] GC(80)   Evacuate Collection Set: 20.0ms
[35.598s][debug][gc,phases         ] GC(80)     Ext Root Scanning (ms):   Min:  0.3, Avg:  0.3, Max:  0.4, Diff:  0.0, Sum:  1.4, Workers: 4
[35.598s][debug][gc,phases         ] GC(80)     Update RS (ms):           Min:  1.0, Avg:  1.3, Max:  2.3, Diff:  1.3, Sum:  5.4, Workers: 4
[35.598s][debug][gc,phases         ] GC(80)       Processed Buffers:        Min: 2, Avg:  4.5, Max: 8, Diff: 6, Sum: 18, Workers: 4
[35.598s][debug][gc,phases         ] GC(80)       Scanned Cards:            Min: 512, Avg: 775.5, Max: 1566, Diff: 1054, Sum: 3102, Workers: 4
[35.598s][debug][gc,phases         ] GC(80)       Skipped Cards:            Min: 0, Avg: 195.5, Max: 782, Diff: 782, Sum: 782, Workers: 4
[35.598s][debug][gc,phases         ] GC(80)     Scan RS (ms):             Min:  0.0, Avg:  0.1, Max:  0.3, Diff:  0.3, Sum:  0.3, Workers: 4
[35.598s][debug][gc,phases         ] GC(80)       Scanned Cards:            Min: 0, Avg: 36.2, Max: 145, Diff: 145, Sum: 145, Workers: 4
[35.598s][debug][gc,phases         ] GC(80)       Claimed Cards:            Min: 0, Avg: 243.5, Max: 974, Diff: 974, Sum: 974, Workers: 4
[35.598s][debug][gc,phases         ] GC(80)       Skipped Cards:            Min: 0, Avg:  0.0, Max: 0, Diff: 0, Sum: 0, Workers: 4
[35.598s][debug][gc,phases         ] GC(80)     Code Root Scanning (ms):  Min:  0.0, Avg:  0.0, Max:  0.1, Diff:  0.1, Sum:  0.1, Workers: 4
[35.598s][debug][gc,phases         ] GC(80)     JVMCI Root Scan (ms):     skipped
[35.598s][debug][gc,phases         ] GC(80)     Object Copy (ms):         Min: 16.5, Avg: 17.8, Max: 18.3, Diff:  1.8, Sum: 71.4, Workers: 4
[35.598s][debug][gc,phases         ] GC(80)     Termination (ms):         Min:  0.0, Avg:  0.1, Max:  0.1, Diff:  0.1, Sum:  0.3, Workers: 4
[35.598s][debug][gc,phases         ] GC(80)       Termination Attempts:     Min: 1, Avg:  1.5, Max: 3, Diff: 2, Sum: 6, Workers: 4
[35.598s][debug][gc,phases         ] GC(80)     GC Worker Other (ms):     Min:  0.1, Avg:  0.2, Max:  0.2, Diff:  0.1, Sum:  0.6, Workers: 4
[35.598s][debug][gc,phases         ] GC(80)     GC Worker Total (ms):     Min: 19.8, Avg: 19.9, Max: 19.9, Diff:  0.2, Sum: 79.5, Workers: 4
[35.598s][info ][gc,phases         ] GC(80)   Post Evacuate Collection Set: 0.4ms
[35.598s][debug][gc,phases         ] GC(80)     Code Roots Fixup: 0.0ms
[35.598s][debug][gc,phases         ] GC(80)     Clear Card Table: 0.0ms
[35.598s][debug][gc,phases         ] GC(80)     Reference Processing: 0.0ms
[35.598s][debug][gc,phases,ref     ] GC(80)       Reconsider SoftReferences: 0.0ms
[35.598s][debug][gc,phases,ref     ] GC(80)         SoftRef (ms):             skipped
[35.598s][debug][gc,phases,ref     ] GC(80)       Notify Soft/WeakReferences: 0.0ms
[35.598s][debug][gc,phases,ref     ] GC(80)         SoftRef (ms):             skipped
[35.598s][debug][gc,phases,ref     ] GC(80)         WeakRef (ms):             skipped
[35.598s][debug][gc,phases,ref     ] GC(80)         FinalRef (ms):            skipped
[35.598s][debug][gc,phases,ref     ] GC(80)         Total (ms):               skipped
[35.598s][debug][gc,phases,ref     ] GC(80)       Notify and keep alive finalizable: 0.0ms
[35.598s][debug][gc,phases,ref     ] GC(80)         FinalRef (ms):            skipped
[35.598s][debug][gc,phases,ref     ] GC(80)       Notify PhantomReferences: 0.0ms
[35.598s][debug][gc,phases,ref     ] GC(80)         PhantomRef (ms):          skipped
[35.598s][debug][gc,phases,ref     ] GC(80)       SoftReference:
[35.598s][debug][gc,phases,ref     ] GC(80)         Discovered: 0
[35.598s][debug][gc,phases,ref     ] GC(80)         Cleared: 0
[35.598s][debug][gc,phases,ref     ] GC(80)       WeakReference:
[35.598s][debug][gc,phases,ref     ] GC(80)         Discovered: 0
[35.598s][debug][gc,phases,ref     ] GC(80)         Cleared: 0
[35.598s][debug][gc,phases,ref     ] GC(80)       FinalReference:
[35.598s][debug][gc,phases,ref     ] GC(80)         Discovered: 0
[35.598s][debug][gc,phases,ref     ] GC(80)         Cleared: 0
[35.598s][debug][gc,phases,ref     ] GC(80)       PhantomReference:
[35.598s][debug][gc,phases,ref     ] GC(80)         Discovered: 0
[35.598s][debug][gc,phases,ref     ] GC(80)         Cleared: 0
[35.598s][debug][gc,phases         ] GC(80)     Weak Processing: 0.0ms
[35.598s][debug][gc,phases         ] GC(80)     Merge Per-Thread State: 0.0ms
[35.598s][debug][gc,phases         ] GC(80)     Code Roots Purge: 0.0ms
[35.598s][debug][gc,phases         ] GC(80)     Redirty Cards: 0.0ms
[35.598s][debug][gc,phases         ] GC(80)     DerivedPointerTable Update: 0.0ms
[35.598s][debug][gc,phases         ] GC(80)     Free Collection Set: 0.2ms
[35.598s][debug][gc,phases         ] GC(80)     Humongous Reclaim: 0.1ms
[35.598s][debug][gc,phases         ] GC(80)     Start New Collection Set: 0.0ms
[35.598s][debug][gc,phases         ] GC(80)     Resize TLABs: 0.0ms
[35.598s][debug][gc,phases         ] GC(80)     Expand Heap After Collection: 0.0ms
[35.598s][info ][gc,phases         ] GC(80)   Other: 0.5ms
[35.598s][info ][gc,heap           ] GC(80) Eden regions: 11->0(281)
[35.598s][info ][gc,heap           ] GC(80) Survivor regions: 16->16(36)
[35.598s][info ][gc,heap           ] GC(80) Old regions: 44->44
[35.598s][info ][gc,heap           ] GC(80) Humongous regions: 3->3
[35.598s][info ][gc,metaspace      ] GC(80) Metaspace: 13253K->13253K(1060864K)
[35.598s][debug][gc,heap           ] GC(80) Heap after GC invocations=81 (full 0): garbage-first heap   total 1480704K, used 64512K [0x0000000780000000, 0x0000000800000000)
[35.598s][debug][gc,heap           ] GC(80)   region size 1024K, 16 young (16384K), 16 survivors (16384K)
[35.598s][debug][gc,heap           ] GC(80)  Metaspace       used 13253K, capacity 13665K, committed 13824K, reserved 1060864K
[35.598s][debug][gc,heap           ] GC(80)   class space    used 1352K, capacity 1515K, committed 1536K, reserved 1048576K
[35.598s][info ][gc                ] GC(80) Pause Young (Concurrent Start) (G1 Humongous Allocation) 73M->63M(1446M) 21.573ms
[35.598s][info ][gc,cpu            ] GC(80) User=0.07s Sys=0.00s Real=0.02s
[35.598s][info ][gc                ] GC(81) Concurrent Cycle
[35.598s][info ][gc,marking        ] GC(81) Concurrent Clear Claimed Marks
[35.598s][info ][gc,marking        ] GC(81) Concurrent Clear Claimed Marks 0.055ms
[35.598s][info ][gc,marking        ] GC(81) Concurrent Scan Root Regions
[35.598s][debug][gc,ergo           ] GC(81) Running G1 Root Region Scan using 1 workers for 16 work units.
[35.608s][info ][gc,marking        ] GC(81) Concurrent Scan Root Regions 9.019ms
[35.608s][info ][gc,marking        ] GC(81) Concurrent Mark (35.608s)
[35.608s][info ][gc,marking        ] GC(81) Concurrent Mark From Roots
[35.608s][info ][gc,task           ] GC(81) Using 1 workers of 1 for marking
[35.615s][debug][gc,stats          ] ---------------------------------------------------------------------
[35.615s][debug][gc,stats          ] Marking Stats, task = 0, calls = 1
[35.615s][debug][gc,stats          ]   Elapsed time = 7.42ms, Termination time = 0.00ms
[35.615s][debug][gc,stats          ]   Step Times (cum): num = 549, avg = 0.54ms, sd = 2.00ms max = 9.88ms, total = 297.93ms
[35.615s][debug][gc,stats          ]   Mark Stats Cache: hits 60179 misses 42 ratio 99.930
[35.615s][debug][gc,stats          ] ---------------------------------------------------------------------
[35.615s][info ][gc,marking        ] GC(81) Concurrent Mark From Roots 7.726ms
[35.615s][info ][gc,marking        ] GC(81) Concurrent Preclean
[35.615s][debug][gc,ref,start      ] GC(81) Preclean SoftReferences
[35.615s][debug][gc,ref            ] GC(81) Preclean SoftReferences 0.017ms
[35.615s][debug][gc,ref,start      ] GC(81) Preclean WeakReferences
[35.615s][debug][gc,ref            ] GC(81) Preclean WeakReferences 0.018ms
[35.615s][debug][gc,ref,start      ] GC(81) Preclean FinalReferences
[35.615s][debug][gc,ref            ] GC(81) Preclean FinalReferences 0.012ms
[35.615s][debug][gc,ref,start      ] GC(81) Preclean PhantomReferences
[35.615s][debug][gc,ref            ] GC(81) Preclean PhantomReferences 0.013ms
[35.615s][info ][gc,marking        ] GC(81) Concurrent Preclean 0.115ms
[35.615s][info ][gc,marking        ] GC(81) Concurrent Mark (35.608s, 35.615s) 7.877ms
[35.616s][info ][gc,start          ] GC(81) Pause Remark
[35.616s][debug][gc,phases,start   ] GC(81) Finalize Marking
[35.616s][debug][gc,stats          ] ---------------------------------------------------------------------
[35.616s][debug][gc,stats          ] Marking Stats, task = 0, calls = 18
[35.616s][debug][gc,stats          ]   Elapsed time = 0.07ms, Termination time = 0.05ms
[35.616s][debug][gc,stats          ]   Step Times (cum): num = 566, avg = 0.53ms, sd = 1.98ms max = 9.88ms, total = 297.99ms
[35.616s][debug][gc,stats          ]   Mark Stats Cache: hits 60179 misses 42 ratio 99.930
[35.616s][debug][gc,stats          ] ---------------------------------------------------------------------
[35.616s][debug][gc,stats          ] Marking Stats, task = 1, calls = 1
[35.616s][debug][gc,stats          ]   Elapsed time = 0.08ms, Termination time = 0.06ms
[35.616s][debug][gc,stats          ]   Step Times (cum): num = 32, avg = 0.18ms, sd = 0.23ms max = 0.77ms, total = 5.78ms
[35.616s][debug][gc,stats          ]   Mark Stats Cache: hits 40 misses 3 ratio 93.023
[35.616s][debug][gc,stats          ] ---------------------------------------------------------------------
[35.616s][debug][gc,stats          ] Marking Stats, task = 2, calls = 1
[35.616s][debug][gc,stats          ]   Elapsed time = 0.01ms, Termination time = 0.00ms
[35.616s][debug][gc,stats          ]   Step Times (cum): num = 31, avg = 0.14ms, sd = 0.24ms max = 0.75ms, total = 4.35ms
[35.616s][debug][gc,stats          ]   Mark Stats Cache: hits 48 misses 3 ratio 94.118
[35.616s][debug][gc,stats          ] ---------------------------------------------------------------------
[35.616s][debug][gc,stats          ] Marking Stats, task = 3, calls = 1
[35.616s][debug][gc,stats          ]   Elapsed time = 0.01ms, Termination time = 0.00ms
[35.616s][debug][gc,stats          ]   Step Times (cum): num = 29, avg = 0.00ms, sd = 0.00ms max = 0.02ms, total = 0.13ms
[35.616s][debug][gc,stats          ]   Mark Stats Cache: hits 115 misses 2 ratio 98.291
[35.616s][debug][gc,stats          ] ---------------------------------------------------------------------
[35.616s][debug][gc,phases         ] GC(81) Finalize Marking 0.343ms
[35.616s][debug][gc,phases,start   ] GC(81) Reference Processing
[35.616s][debug][gc,ref            ] GC(81) Skipped phase1 of Reference Processing due to unavailable references
[35.616s][debug][gc,ref            ] GC(81) Skipped phase2 of Reference Processing due to unavailable references
[35.616s][debug][gc,ref            ] GC(81) Skipped phase3 of Reference Processing due to unavailable references
[35.616s][debug][gc,ref            ] GC(81) Skipped phase4 of Reference Processing due to unavailable references
[35.616s][debug][gc,phases,ref     ] GC(81) Reference Processing: 0.0ms
[35.616s][debug][gc,phases,ref     ] GC(81)   Reconsider SoftReferences: 0.0ms
[35.616s][debug][gc,phases,ref     ] GC(81)     SoftRef (ms):             skipped
[35.616s][debug][gc,phases,ref     ] GC(81)   Notify Soft/WeakReferences: 0.0ms
[35.616s][debug][gc,phases,ref     ] GC(81)     SoftRef (ms):             skipped
[35.616s][debug][gc,phases,ref     ] GC(81)     WeakRef (ms):             skipped
[35.616s][debug][gc,phases,ref     ] GC(81)     FinalRef (ms):            skipped
[35.616s][debug][gc,phases,ref     ] GC(81)     Total (ms):               skipped
[35.616s][debug][gc,phases,ref     ] GC(81)   Notify and keep alive finalizable: 0.0ms
[35.616s][debug][gc,phases,ref     ] GC(81)     FinalRef (ms):            skipped
[35.616s][debug][gc,phases,ref     ] GC(81)   Notify PhantomReferences: 0.0ms
[35.616s][debug][gc,phases,ref     ] GC(81)     PhantomRef (ms):          skipped
[35.616s][debug][gc,phases,ref     ] GC(81)   SoftReference:
[35.616s][debug][gc,phases,ref     ] GC(81)     Discovered: 0
[35.616s][debug][gc,phases,ref     ] GC(81)     Cleared: 0
[35.616s][debug][gc,phases,ref     ] GC(81)   WeakReference:
[35.616s][debug][gc,phases,ref     ] GC(81)     Discovered: 0
[35.616s][debug][gc,phases,ref     ] GC(81)     Cleared: 0
[35.616s][debug][gc,phases,ref     ] GC(81)   FinalReference:
[35.616s][debug][gc,phases,ref     ] GC(81)     Discovered: 0
[35.616s][debug][gc,phases,ref     ] GC(81)     Cleared: 0
[35.616s][debug][gc,phases,ref     ] GC(81)   PhantomReference:
[35.616s][debug][gc,phases,ref     ] GC(81)     Discovered: 0
[35.616s][debug][gc,phases,ref     ] GC(81)     Cleared: 0
[35.616s][debug][gc,phases         ] GC(81) Reference Processing 0.307ms
[35.616s][debug][gc,phases,start   ] GC(81) Weak Processing
[35.616s][debug][gc,phases         ] GC(81) Weak Processing 0.025ms
[35.616s][debug][gc,phases,start   ] GC(81) Class Unloading
[35.616s][debug][gc,phases,start   ] GC(81) ClassLoaderData
[35.616s][debug][gc,phases         ] GC(81) ClassLoaderData 0.060ms
[35.616s][debug][gc,phases,start   ] GC(81) ProtectionDomainCacheTable
[35.616s][debug][gc,phases         ] GC(81) ProtectionDomainCacheTable 0.014ms
[35.618s][info ][gc,stringtable    ] GC(81) Cleaned string and symbol table, strings: 6157 processed, 0 removed, symbols: 45233 processed, 0 removed
[35.618s][debug][gc,phases         ] GC(81) Class Unloading 1.537ms
[35.618s][debug][gc,phases,start   ] GC(81) Flush Task Caches
[35.618s][debug][gc,stats          ] Mark stats cache hits 60382 misses 50 ratio 99.917
[35.618s][debug][gc,phases         ] GC(81) Flush Task Caches 0.034ms
[35.618s][debug][gc,phases,start   ] GC(81) Update Remembered Set Tracking Before Rebuild
[35.618s][debug][gc,ergo           ] GC(81) Running G1 Update RemSet Tracking Before Rebuild using 4 workers for 1446 regions in heap
[35.618s][debug][gc,remset,tracking] GC(81) Remembered Set Tracking update regions total 1446, selected 44
[35.618s][debug][gc,phases         ] GC(81) Update Remembered Set Tracking Before Rebuild 0.188ms
[35.618s][debug][gc,phases,start   ] GC(81) Reclaim Empty Regions
[35.618s][debug][gc                ] GC(81) Reclaimed 3 empty regions
[35.618s][debug][gc,phases         ] GC(81) Reclaim Empty Regions 0.134ms
[35.618s][debug][gc,phases,start   ] GC(81) Purge Metaspace
[35.618s][debug][gc,phases         ] GC(81) Purge Metaspace 0.011ms
[35.618s][debug][gc,phases,start   ] GC(81) Report Object Count
[35.618s][debug][gc,phases         ] GC(81) Report Object Count 0.011ms
[35.618s][info ][gc                ] GC(81) Pause Remark 71M->68M(1446M) 2.755ms
[35.618s][info ][gc,cpu            ] GC(81) User=0.00s Sys=0.00s Real=0.00s
[35.618s][info ][gc,marking        ] GC(81) Concurrent Rebuild Remembered Sets
[35.626s][info ][gc,marking        ] GC(81) Concurrent Rebuild Remembered Sets 8.048ms
[35.627s][info ][gc,start          ] GC(81) Pause Cleanup
[35.627s][debug][gc,phases,start   ] GC(81) Update Remembered Set Tracking After Rebuild
[35.627s][debug][gc,phases         ] GC(81) Update Remembered Set Tracking After Rebuild 0.050ms
[35.627s][debug][gc,phases,start   ] GC(81) Finalize Concurrent Mark Cleanup
[35.627s][debug][gc,ergo           ] GC(81) request young-only gcs (reclaimable percentage not over threshold). candidate old regions: 43 reclaimable: 43446424 (2.87) threshold: 5
[35.627s][debug][gc,phases         ] GC(81) Finalize Concurrent Mark Cleanup 0.223ms
[35.627s][info ][gc                ] GC(81) Pause Cleanup 68M->68M(1446M) 0.347ms
[35.627s][info ][gc,cpu            ] GC(81) User=0.00s Sys=0.00s Real=0.00s
[35.627s][info ][gc,marking        ] GC(81) Concurrent Cleanup for Next Mark
[35.627s][debug][gc,ergo           ] GC(81) Running G1 Clear Bitmap with 1 workers for 23 work units.
[35.630s][info ][gc,marking        ] GC(81) Concurrent Cleanup for Next Mark 2.479ms
[35.630s][info ][gc                ] GC(81) Concurrent Cycle 31.177ms
[35.717s][debug][gc,ergo,ihop      ] Request concurrent cycle initiation (occupancy higher than threshold) occupancy: 49283072B allocation request: 524304B threshold: 0B (0.00) source: concurrent humongous allocation
[35.718s][debug][gc,ergo           ] Request concurrent cycle initiation (requested by GC cause). GC cause: G1 Humongous Allocation
[35.718s][debug][gc,heap           ] GC(82) Heap before GC invocations=82 (full 0): garbage-first heap   total 1480704K, used 74752K [0x0000000780000000, 0x0000000800000000)
[35.718s][debug][gc,heap           ] GC(82)   region size 1024K, 27 young (27648K), 16 survivors (16384K)
[35.718s][debug][gc,heap           ] GC(82)  Metaspace       used 13274K, capacity 13733K, committed 13824K, reserved 1060864K
[35.718s][debug][gc,heap           ] GC(82)   class space    used 1352K, capacity 1515K, committed 1536K, reserved 1048576K
[35.718s][debug][gc,ergo           ] GC(82) Initiate concurrent cycle (concurrent cycle initiation requested)
[35.718s][info ][gc,start          ] GC(82) Pause Young (Concurrent Start) (G1 Humongous Allocation)
[35.718s][info ][gc,task           ] GC(82) Using 4 workers of 4 for evacuation
[35.718s][debug][gc,tlab           ] GC(82) TLAB totals: thrds: 4  refills: 35 max: 30 slow allocs: 4 max 4 waste:  4.6% gc: 492328B max: 365528B slow: 18248B max: 17000B fast: 0B max: 0B
[35.718s][debug][gc,alloc,region   ] GC(82) Mutator Allocation stats, regions: 11, wasted size: 0B ( 0.0%)
[35.718s][debug][gc,age            ] GC(82) Desired survivor size 19922944 bytes, new threshold 15 (max threshold 15)
[35.718s][debug][gc,ergo,cset      ] GC(82) Finish choosing CSet. old: 0 regions, predicted old region time: 0.00ms, time remaining: 166.20
[35.718s][debug][gc,task,stats     ] GC(82) GC Termination Stats
[35.718s][debug][gc,task,stats     ] GC(82)      elapsed  --strong roots-- -------termination------- ------waste (KiB)------
[35.718s][debug][gc,task,stats     ] GC(82) thr     ms        ms      %        ms      %    attempts  total   alloc    undo
[35.718s][debug][gc,task,stats     ] GC(82) --- --------- --------- ------ --------- ------ -------- ------- ------- -------
[35.739s][debug][gc,task,stats     ] GC(82)   2     21.06     18.01  85.51      0.02   0.10        5       0       0       0
[35.740s][debug][gc,task,stats     ] GC(82)   3     21.16     18.10  85.57      0.02   0.08        6       0       0       0
[35.740s][debug][gc,task,stats     ] GC(82)   0     21.22     18.68  88.04      0.01   0.04        5       0       0       0
[35.740s][debug][gc,task,stats     ] GC(82)   1     21.24      4.71  22.18      0.02   0.08        5       0       0       0
[35.740s][debug][gc,ergo           ] GC(82) Running G1 Clear Card Table Task using 1 workers for 1 units of work for 34 regions.
[35.740s][debug][gc,ref            ] GC(82) Skipped phase1 of Reference Processing due to unavailable references
[35.740s][debug][gc,ref            ] GC(82) Skipped phase2 of Reference Processing due to unavailable references
[35.740s][debug][gc,ref            ] GC(82) Skipped phase3 of Reference Processing due to unavailable references
[35.740s][debug][gc,ref            ] GC(82) Skipped phase4 of Reference Processing due to unavailable references
[35.740s][debug][gc,ergo           ] GC(82) Running G1 Free Collection Set using 1 workers for collection set length 27
[35.740s][debug][gc,humongous      ] GC(82) Live humongous region 5 object size 524304 start 0x0000000780500000  with remset 0 code roots 0 is marked 0 reclaim candidate 0 type array 0
[35.740s][debug][gc,humongous      ] GC(82) Live humongous region 6 object size 1048592 start 0x0000000780600000  with remset 0 code roots 0 is marked 0 reclaim candidate 0 type array 0
[35.740s][debug][gc,plab           ] GC(82) Young PLAB allocation: allocated: 16777216B, wasted: 688B, unused: 1022152B, used: 15754376B, undo waste: 0B, 
[35.740s][debug][gc,plab           ] GC(82) Young other allocation: region end waste: 0B, regions filled: 16, direct allocated: 0B, failure used: 0B, failure wasted: 0B
[35.740s][debug][gc,plab           ] GC(82) Young sizing: calculated: 3150872B, actual: 3149400B
[35.740s][debug][gc,plab           ] GC(82) Old PLAB allocation: allocated: 0B, wasted: 0B, unused: 0B, used: 0B, undo waste: 0B, 
[35.740s][debug][gc,plab           ] GC(82) Old other allocation: region end waste: 0B, regions filled: 0, direct allocated: 0B, failure used: 0B, failure wasted: 0B
[35.740s][debug][gc,plab           ] GC(82) Old sizing: calculated: 0B, actual: 2656B
[35.740s][debug][gc,alloc,stats    ] Old generation allocation in the last mutator period, old gen allocated: 0B, humongous allocated: 3145728B,old gen growth: 0B.
[35.740s][debug][gc,ihop           ] GC(82) Basic information (value update), threshold: 0B (0.00), target occupancy: 1516240896B, current occupancy: 66060288B, recent allocation size: 3145728B, recent allocation duration: 117.33ms, recent old gen allocation rate: 26811319.17B/s, recent marking phase length: 232.15ms
[35.740s][debug][gc,ihop           ] GC(82) Adaptive IHOP information (value update), threshold: 0B (0.00), internal target occupancy: 1440428851B, occupancy: 66060288B, additional buffer size: 364904448B, predicted old gen allocation rate: 3127678508.17B/s, predicted marking phase length: 354.98ms, prediction active: true
[35.740s][debug][gc,ergo,refine    ] GC(82) Updated Refinement Zones: green: 39, yellow: 117, red: 195
[35.740s][info ][gc,phases         ] GC(82)   Pre Evacuate Collection Set: 0.1ms
[35.740s][debug][gc,phases         ] GC(82)     Prepare TLABs: 0.0ms
[35.740s][debug][gc,phases         ] GC(82)     Choose Collection Set: 0.0ms
[35.740s][debug][gc,phases         ] GC(82)     Humongous Register: 0.0ms
[35.740s][debug][gc,phases         ] GC(82)     Clear Claimed Marks: 0.1ms
[35.740s][info ][gc,phases         ] GC(82)   Evacuate Collection Set: 21.5ms
[35.740s][debug][gc,phases         ] GC(82)     Ext Root Scanning (ms):   Min:  0.5, Avg:  0.5, Max:  0.5, Diff:  0.1, Sum:  2.0, Workers: 4
[35.740s][debug][gc,phases         ] GC(82)     Update RS (ms):           Min:  1.0, Avg:  1.5, Max:  2.5, Diff:  1.5, Sum:  5.9, Workers: 4
[35.740s][debug][gc,phases         ] GC(82)       Processed Buffers:        Min: 2, Avg:  5.0, Max: 10, Diff: 8, Sum: 20, Workers: 4
[35.740s][debug][gc,phases         ] GC(82)       Scanned Cards:            Min: 512, Avg: 776.2, Max: 1569, Diff: 1057, Sum: 3105, Workers: 4
[35.740s][debug][gc,phases         ] GC(82)       Skipped Cards:            Min: 0, Avg: 195.5, Max: 512, Diff: 512, Sum: 782, Workers: 4
[35.740s][debug][gc,phases         ] GC(82)     Scan RS (ms):             Min:  0.0, Avg:  0.1, Max:  0.3, Diff:  0.3, Sum:  0.3, Workers: 4
[35.740s][debug][gc,phases         ] GC(82)       Scanned Cards:            Min: 0, Avg: 37.8, Max: 151, Diff: 151, Sum: 151, Workers: 4
[35.740s][debug][gc,phases         ] GC(82)       Claimed Cards:            Min: 0, Avg: 246.0, Max: 984, Diff: 984, Sum: 984, Workers: 4
[35.740s][debug][gc,phases         ] GC(82)       Skipped Cards:            Min: 0, Avg:  0.0, Max: 0, Diff: 0, Sum: 0, Workers: 4
[35.740s][debug][gc,phases         ] GC(82)     Code Root Scanning (ms):  Min:  0.0, Avg:  0.0, Max:  0.0, Diff:  0.0, Sum:  0.0, Workers: 4
[35.740s][debug][gc,phases         ] GC(82)     JVMCI Root Scan (ms):     skipped
[35.740s][debug][gc,phases         ] GC(82)     Object Copy (ms):         Min: 17.6, Avg: 19.0, Max: 19.5, Diff:  1.9, Sum: 75.9, Workers: 4
[35.741s][debug][gc,phases         ] GC(82)     Termination (ms):         Min:  0.0, Avg:  0.0, Max:  0.0, Diff:  0.0, Sum:  0.1, Workers: 4
[35.741s][debug][gc,phases         ] GC(82)       Termination Attempts:     Min: 5, Avg:  5.2, Max: 6, Diff: 1, Sum: 21, Workers: 4
[35.741s][debug][gc,phases         ] GC(82)     GC Worker Other (ms):     Min:  0.1, Avg:  0.2, Max:  0.2, Diff:  0.1, Sum:  0.6, Workers: 4
[35.741s][debug][gc,phases         ] GC(82)     GC Worker Total (ms):     Min: 21.2, Avg: 21.2, Max: 21.3, Diff:  0.1, Sum: 84.8, Workers: 4
[35.741s][info ][gc,phases         ] GC(82)   Post Evacuate Collection Set: 0.5ms
[35.741s][debug][gc,phases         ] GC(82)     Code Roots Fixup: 0.0ms
[35.741s][debug][gc,phases         ] GC(82)     Clear Card Table: 0.0ms
[35.741s][debug][gc,phases         ] GC(82)     Reference Processing: 0.0ms
[35.741s][debug][gc,phases,ref     ] GC(82)       Reconsider SoftReferences: 0.0ms
[35.741s][debug][gc,phases,ref     ] GC(82)         SoftRef (ms):             skipped
[35.741s][debug][gc,phases,ref     ] GC(82)       Notify Soft/WeakReferences: 0.0ms
[35.741s][debug][gc,phases,ref     ] GC(82)         SoftRef (ms):             skipped
[35.741s][debug][gc,phases,ref     ] GC(82)         WeakRef (ms):             skipped
[35.741s][debug][gc,phases,ref     ] GC(82)         FinalRef (ms):            skipped
[35.741s][debug][gc,phases,ref     ] GC(82)         Total (ms):               skipped
[35.741s][debug][gc,phases,ref     ] GC(82)       Notify and keep alive finalizable: 0.0ms
[35.741s][debug][gc,phases,ref     ] GC(82)         FinalRef (ms):            skipped
[35.741s][debug][gc,phases,ref     ] GC(82)       Notify PhantomReferences: 0.0ms
[35.741s][debug][gc,phases,ref     ] GC(82)         PhantomRef (ms):          skipped
[35.741s][debug][gc,phases,ref     ] GC(82)       SoftReference:
[35.741s][debug][gc,phases,ref     ] GC(82)         Discovered: 0
[35.741s][debug][gc,phases,ref     ] GC(82)         Cleared: 0
[35.741s][debug][gc,phases,ref     ] GC(82)       WeakReference:
[35.741s][debug][gc,phases,ref     ] GC(82)         Discovered: 0
[35.741s][debug][gc,phases,ref     ] GC(82)         Cleared: 0
[35.741s][debug][gc,phases,ref     ] GC(82)       FinalReference:
[35.741s][debug][gc,phases,ref     ] GC(82)         Discovered: 0
[35.741s][debug][gc,phases,ref     ] GC(82)         Cleared: 0
[35.741s][debug][gc,phases,ref     ] GC(82)       PhantomReference:
[35.741s][debug][gc,phases,ref     ] GC(82)         Discovered: 0
[35.741s][debug][gc,phases,ref     ] GC(82)         Cleared: 0
[35.741s][debug][gc,phases         ] GC(82)     Weak Processing: 0.0ms
[35.741s][debug][gc,phases         ] GC(82)     Merge Per-Thread State: 0.0ms
[35.741s][debug][gc,phases         ] GC(82)     Code Roots Purge: 0.0ms
[35.741s][debug][gc,phases         ] GC(82)     Redirty Cards: 0.1ms
[35.741s][debug][gc,phases         ] GC(82)     DerivedPointerTable Update: 0.0ms
[35.741s][debug][gc,phases         ] GC(82)     Free Collection Set: 0.2ms
[35.741s][debug][gc,phases         ] GC(82)     Humongous Reclaim: 0.0ms
[35.741s][debug][gc,phases         ] GC(82)     Start New Collection Set: 0.0ms
[35.741s][debug][gc,phases         ] GC(82)     Resize TLABs: 0.0ms
[35.741s][debug][gc,phases         ] GC(82)     Expand Heap After Collection: 0.0ms
[35.741s][info ][gc,phases         ] GC(82)   Other: 0.6ms
[35.741s][info ][gc,heap           ] GC(82) Eden regions: 11->0(332)
[35.741s][info ][gc,heap           ] GC(82) Survivor regions: 16->16(38)
[35.741s][info ][gc,heap           ] GC(82) Old regions: 44->44
[35.741s][info ][gc,heap           ] GC(82) Humongous regions: 3->3
[35.741s][info ][gc,metaspace      ] GC(82) Metaspace: 13274K->13274K(1060864K)
[35.741s][debug][gc,heap           ] GC(82) Heap after GC invocations=83 (full 0): garbage-first heap   total 1480704K, used 64512K [0x0000000780000000, 0x0000000800000000)
[35.741s][debug][gc,heap           ] GC(82)   region size 1024K, 16 young (16384K), 16 survivors (16384K)
[35.741s][debug][gc,heap           ] GC(82)  Metaspace       used 13274K, capacity 13733K, committed 13824K, reserved 1060864K
[35.741s][debug][gc,heap           ] GC(82)   class space    used 1352K, capacity 1515K, committed 1536K, reserved 1048576K
[35.741s][info ][gc                ] GC(82) Pause Young (Concurrent Start) (G1 Humongous Allocation) 74M->63M(1446M) 23.310ms
[35.741s][info ][gc,cpu            ] GC(82) User=0.09s Sys=0.00s Real=0.02s
[35.741s][info ][gc                ] GC(83) Concurrent Cycle
[35.741s][info ][gc,marking        ] GC(83) Concurrent Clear Claimed Marks
[35.741s][info ][gc,marking        ] GC(83) Concurrent Clear Claimed Marks 0.087ms
[35.741s][info ][gc,marking        ] GC(83) Concurrent Scan Root Regions
[35.741s][debug][gc,ergo           ] GC(83) Running G1 Root Region Scan using 1 workers for 16 work units.
[35.750s][info ][gc,marking        ] GC(83) Concurrent Scan Root Regions 9.090ms
[35.751s][info ][gc,marking        ] GC(83) Concurrent Mark (35.751s)
[35.751s][info ][gc,marking        ] GC(83) Concurrent Mark From Roots
[35.751s][info ][gc,task           ] GC(83) Using 1 workers of 1 for marking
[35.758s][debug][gc,stats          ] ---------------------------------------------------------------------
[35.758s][debug][gc,stats          ] Marking Stats, task = 0, calls = 1
[35.758s][debug][gc,stats          ]   Elapsed time = 7.39ms, Termination time = 0.00ms
[35.758s][debug][gc,stats          ]   Step Times (cum): num = 567, avg = 0.54ms, sd = 1.99ms max = 9.88ms, total = 305.38ms
[35.758s][debug][gc,stats          ]   Mark Stats Cache: hits 60179 misses 42 ratio 99.930
[35.758s][debug][gc,stats          ] ---------------------------------------------------------------------
[35.758s][info ][gc,marking        ] GC(83) Concurrent Mark From Roots 7.580ms
[35.758s][info ][gc,marking        ] GC(83) Concurrent Preclean
[35.758s][debug][gc,ref,start      ] GC(83) Preclean SoftReferences
[35.758s][debug][gc,ref            ] GC(83) Preclean SoftReferences 0.017ms
[35.758s][debug][gc,ref,start      ] GC(83) Preclean WeakReferences
[35.758s][debug][gc,ref            ] GC(83) Preclean WeakReferences 0.019ms
[35.758s][debug][gc,ref,start      ] GC(83) Preclean FinalReferences
[35.758s][debug][gc,ref            ] GC(83) Preclean FinalReferences 0.013ms
[35.758s][debug][gc,ref,start      ] GC(83) Preclean PhantomReferences
[35.758s][debug][gc,ref            ] GC(83) Preclean PhantomReferences 0.012ms
[35.758s][info ][gc,marking        ] GC(83) Concurrent Preclean 0.121ms
[35.758s][info ][gc,marking        ] GC(83) Concurrent Mark (35.751s, 35.758s) 7.737ms
[35.758s][info ][gc,start          ] GC(83) Pause Remark
[35.758s][debug][gc,phases,start   ] GC(83) Finalize Marking
[35.759s][debug][gc,stats          ] ---------------------------------------------------------------------
[35.759s][debug][gc,stats          ] Marking Stats, task = 0, calls = 18
[35.759s][debug][gc,stats          ]   Elapsed time = 0.14ms, Termination time = 0.09ms
[35.759s][debug][gc,stats          ]   Step Times (cum): num = 584, avg = 0.52ms, sd = 1.97ms max = 9.88ms, total = 305.50ms
[35.759s][debug][gc,stats          ]   Mark Stats Cache: hits 60179 misses 42 ratio 99.930
[35.759s][debug][gc,stats          ] ---------------------------------------------------------------------
[35.759s][debug][gc,stats          ] Marking Stats, task = 1, calls = 1
[35.759s][debug][gc,stats          ]   Elapsed time = 0.16ms, Termination time = 0.11ms
[35.759s][debug][gc,stats          ]   Step Times (cum): num = 33, avg = 0.18ms, sd = 0.23ms max = 0.77ms, total = 5.92ms
[35.759s][debug][gc,stats          ]   Mark Stats Cache: hits 54 misses 2 ratio 96.429
[35.759s][debug][gc,stats          ] ---------------------------------------------------------------------
[35.759s][debug][gc,stats          ] Marking Stats, task = 2, calls = 1
[35.759s][debug][gc,stats          ]   Elapsed time = 0.10ms, Termination time = 0.06ms
[35.759s][debug][gc,stats          ]   Step Times (cum): num = 32, avg = 0.14ms, sd = 0.24ms max = 0.75ms, total = 4.44ms
[35.759s][debug][gc,stats          ]   Mark Stats Cache: hits 104 misses 4 ratio 96.296
[35.759s][debug][gc,stats          ] ---------------------------------------------------------------------
[35.759s][debug][gc,stats          ] Marking Stats, task = 3, calls = 1
[35.759s][debug][gc,stats          ]   Elapsed time = 0.08ms, Termination time = 0.00ms
[35.759s][debug][gc,stats          ]   Step Times (cum): num = 30, avg = 0.01ms, sd = 0.01ms max = 0.08ms, total = 0.21ms
[35.759s][debug][gc,stats          ]   Mark Stats Cache: hits 45 misses 2 ratio 95.745
[35.759s][debug][gc,stats          ] ---------------------------------------------------------------------
[35.759s][debug][gc,phases         ] GC(83) Finalize Marking 0.551ms
[35.759s][debug][gc,phases,start   ] GC(83) Reference Processing
[35.759s][debug][gc,ref            ] GC(83) Skipped phase1 of Reference Processing due to unavailable references
[35.759s][debug][gc,ref            ] GC(83) Skipped phase2 of Reference Processing due to unavailable references
[35.759s][debug][gc,ref            ] GC(83) Skipped phase3 of Reference Processing due to unavailable references
[35.759s][debug][gc,ref            ] GC(83) Skipped phase4 of Reference Processing due to unavailable references
[35.759s][debug][gc,phases,ref     ] GC(83) Reference Processing: 0.0ms
[35.759s][debug][gc,phases,ref     ] GC(83)   Reconsider SoftReferences: 0.0ms
[35.759s][debug][gc,phases,ref     ] GC(83)     SoftRef (ms):             skipped
[35.759s][debug][gc,phases,ref     ] GC(83)   Notify Soft/WeakReferences: 0.0ms
[35.759s][debug][gc,phases,ref     ] GC(83)     SoftRef (ms):             skipped
[35.759s][debug][gc,phases,ref     ] GC(83)     WeakRef (ms):             skipped
[35.759s][debug][gc,phases,ref     ] GC(83)     FinalRef (ms):            skipped
[35.759s][debug][gc,phases,ref     ] GC(83)     Total (ms):               skipped
[35.759s][debug][gc,phases,ref     ] GC(83)   Notify and keep alive finalizable: 0.0ms
[35.759s][debug][gc,phases,ref     ] GC(83)     FinalRef (ms):            skipped
[35.759s][debug][gc,phases,ref     ] GC(83)   Notify PhantomReferences: 0.0ms
[35.759s][debug][gc,phases,ref     ] GC(83)     PhantomRef (ms):          skipped
[35.759s][debug][gc,phases,ref     ] GC(83)   SoftReference:
[35.759s][debug][gc,phases,ref     ] GC(83)     Discovered: 0
[35.759s][debug][gc,phases,ref     ] GC(83)     Cleared: 0
[35.759s][debug][gc,phases,ref     ] GC(83)   WeakReference:
[35.759s][debug][gc,phases,ref     ] GC(83)     Discovered: 0
[35.759s][debug][gc,phases,ref     ] GC(83)     Cleared: 0
[35.759s][debug][gc,phases,ref     ] GC(83)   FinalReference:
[35.759s][debug][gc,phases,ref     ] GC(83)     Discovered: 0
[35.759s][debug][gc,phases,ref     ] GC(83)     Cleared: 0
[35.759s][debug][gc,phases,ref     ] GC(83)   PhantomReference:
[35.759s][debug][gc,phases,ref     ] GC(83)     Discovered: 0
[35.759s][debug][gc,phases,ref     ] GC(83)     Cleared: 0
[35.759s][debug][gc,phases         ] GC(83) Reference Processing 0.315ms
[35.759s][debug][gc,phases,start   ] GC(83) Weak Processing
[35.759s][debug][gc,phases         ] GC(83) Weak Processing 0.027ms
[35.759s][debug][gc,phases,start   ] GC(83) Class Unloading
[35.759s][debug][gc,phases,start   ] GC(83) ClassLoaderData
[35.759s][debug][gc,phases         ] GC(83) ClassLoaderData 0.059ms
[35.759s][debug][gc,phases,start   ] GC(83) ProtectionDomainCacheTable
[35.759s][debug][gc,phases         ] GC(83) ProtectionDomainCacheTable 0.012ms
[35.761s][info ][gc,stringtable    ] GC(83) Cleaned string and symbol table, strings: 6164 processed, 0 removed, symbols: 45233 processed, 0 removed
[35.761s][debug][gc,phases         ] GC(83) Class Unloading 1.514ms
[35.761s][debug][gc,phases,start   ] GC(83) Flush Task Caches
[35.761s][debug][gc,stats          ] Mark stats cache hits 60382 misses 50 ratio 99.917
[35.761s][debug][gc,phases         ] GC(83) Flush Task Caches 0.034ms
[35.761s][debug][gc,phases,start   ] GC(83) Update Remembered Set Tracking Before Rebuild
[35.761s][debug][gc,ergo           ] GC(83) Running G1 Update RemSet Tracking Before Rebuild using 4 workers for 1446 regions in heap
[35.761s][debug][gc,remset,tracking] GC(83) Remembered Set Tracking update regions total 1446, selected 44
[35.761s][debug][gc,phases         ] GC(83) Update Remembered Set Tracking Before Rebuild 0.154ms
[35.761s][debug][gc,phases,start   ] GC(83) Reclaim Empty Regions
[35.761s][debug][gc                ] GC(83) Reclaimed 3 empty regions
[35.761s][debug][gc,phases         ] GC(83) Reclaim Empty Regions 0.157ms
[35.761s][debug][gc,phases,start   ] GC(83) Purge Metaspace
[35.761s][debug][gc,phases         ] GC(83) Purge Metaspace 0.012ms
[35.761s][debug][gc,phases,start   ] GC(83) Report Object Count
[35.761s][debug][gc,phases         ] GC(83) Report Object Count 0.011ms
[35.761s][info ][gc                ] GC(83) Pause Remark 71M->68M(1446M) 2.950ms
[35.761s][info ][gc,cpu            ] GC(83) User=0.01s Sys=0.00s Real=0.00s
[35.761s][info ][gc,marking        ] GC(83) Concurrent Rebuild Remembered Sets
[35.771s][info ][gc,marking        ] GC(83) Concurrent Rebuild Remembered Sets 9.600ms
[35.771s][info ][gc,start          ] GC(83) Pause Cleanup
[35.771s][debug][gc,phases,start   ] GC(83) Update Remembered Set Tracking After Rebuild
[35.771s][debug][gc,phases         ] GC(83) Update Remembered Set Tracking After Rebuild 0.060ms
[35.771s][debug][gc,phases,start   ] GC(83) Finalize Concurrent Mark Cleanup
[35.772s][debug][gc,ergo           ] GC(83) request young-only gcs (reclaimable percentage not over threshold). candidate old regions: 43 reclaimable: 43446424 (2.87) threshold: 5
[35.772s][debug][gc,phases         ] GC(83) Finalize Concurrent Mark Cleanup 0.338ms
[35.772s][info ][gc                ] GC(83) Pause Cleanup 68M->68M(1446M) 0.510ms
[35.772s][info ][gc,cpu            ] GC(83) User=0.00s Sys=0.00s Real=0.00s
[35.772s][info ][gc,marking        ] GC(83) Concurrent Cleanup for Next Mark
[35.772s][debug][gc,ergo           ] GC(83) Running G1 Clear Bitmap with 1 workers for 23 work units.
[35.776s][info ][gc,marking        ] GC(83) Concurrent Cleanup for Next Mark 3.989ms
[35.776s][info ][gc                ] GC(83) Concurrent Cycle 34.793ms
[35.854s][debug][gc,ergo,ihop      ] Request concurrent cycle initiation (occupancy higher than threshold) occupancy: 49283072B allocation request: 524304B threshold: 0B (0.00) source: concurrent humongous allocation
[35.855s][debug][gc,ergo           ] Request concurrent cycle initiation (requested by GC cause). GC cause: G1 Humongous Allocation
[35.855s][debug][gc,heap           ] GC(84) Heap before GC invocations=84 (full 0): garbage-first heap   total 1480704K, used 74752K [0x0000000780000000, 0x0000000800000000)
[35.855s][debug][gc,heap           ] GC(84)   region size 1024K, 27 young (27648K), 16 survivors (16384K)
[35.855s][debug][gc,heap           ] GC(84)  Metaspace       used 13274K, capacity 13733K, committed 13824K, reserved 1060864K
[35.855s][debug][gc,heap           ] GC(84)   class space    used 1352K, capacity 1515K, committed 1536K, reserved 1048576K
[35.855s][debug][gc,ergo           ] GC(84) Initiate concurrent cycle (concurrent cycle initiation requested)
[35.855s][info ][gc,start          ] GC(84) Pause Young (Concurrent Start) (G1 Humongous Allocation)
[35.855s][info ][gc,task           ] GC(84) Using 4 workers of 4 for evacuation
[35.855s][debug][gc,tlab           ] GC(84) TLAB totals: thrds: 1  refills: 31 max: 31 slow allocs: 3 max 3 waste:  0.9% gc: 80072B max: 80072B slow: 17672B max: 17672B fast: 0B max: 0B
[35.855s][debug][gc,alloc,region   ] GC(84) Mutator Allocation stats, regions: 11, wasted size: 0B ( 0.0%)
[35.855s][debug][gc,age            ] GC(84) Desired survivor size 23068672 bytes, new threshold 15 (max threshold 15)
[35.855s][debug][gc,ergo,cset      ] GC(84) Finish choosing CSet. old: 0 regions, predicted old region time: 0.00ms, time remaining: 175.60
[35.855s][debug][gc,task,stats     ] GC(84) GC Termination Stats
[35.855s][debug][gc,task,stats     ] GC(84)      elapsed  --strong roots-- -------termination------- ------waste (KiB)------
[35.855s][debug][gc,task,stats     ] GC(84) thr     ms        ms      %        ms      %    attempts  total   alloc    undo
[35.855s][debug][gc,task,stats     ] GC(84) --- --------- --------- ------ --------- ------ -------- ------- ------- -------
[35.877s][debug][gc,task,stats     ] GC(84)   2     21.49     17.63  82.06      0.00   0.02        2       0       0       0
[35.877s][debug][gc,task,stats     ] GC(84)   3     21.86     18.10  82.80      0.02   0.11        9       0       0       0
[35.877s][debug][gc,task,stats     ] GC(84)   1     22.04      5.15  23.36      0.06   0.28        7       0       0       0
[35.877s][debug][gc,task,stats     ] GC(84)   0     22.13     19.28  87.11      0.02   0.10        8       0       0       0
[35.878s][debug][gc,ergo           ] GC(84) Running G1 Clear Card Table Task using 1 workers for 1 units of work for 34 regions.
[35.878s][debug][gc,ref            ] GC(84) Skipped phase1 of Reference Processing due to unavailable references
[35.878s][debug][gc,ref            ] GC(84) Skipped phase2 of Reference Processing due to unavailable references
[35.878s][debug][gc,ref            ] GC(84) Skipped phase3 of Reference Processing due to unavailable references
[35.878s][debug][gc,ref            ] GC(84) Skipped phase4 of Reference Processing due to unavailable references
[35.878s][debug][gc,ergo           ] GC(84) Running G1 Free Collection Set using 1 workers for collection set length 27
[35.878s][debug][gc,humongous      ] GC(84) Live humongous region 8 object size 524304 start 0x0000000780800000  with remset 0 code roots 0 is marked 0 reclaim candidate 0 type array 0
[35.878s][debug][gc,humongous      ] GC(84) Live humongous region 13 object size 1048592 start 0x0000000780d00000  with remset 0 code roots 0 is marked 0 reclaim candidate 0 type array 0
[35.878s][debug][gc,plab           ] GC(84) Young PLAB allocation: allocated: 16777216B, wasted: 688B, unused: 1022152B, used: 15754376B, undo waste: 0B, 
[35.878s][debug][gc,plab           ] GC(84) Young other allocation: region end waste: 0B, regions filled: 16, direct allocated: 0B, failure used: 0B, failure wasted: 0B
[35.878s][debug][gc,plab           ] GC(84) Young sizing: calculated: 3150872B, actual: 3150504B
[35.878s][debug][gc,plab           ] GC(84) Old PLAB allocation: allocated: 0B, wasted: 0B, unused: 0B, used: 0B, undo waste: 0B, 
[35.878s][debug][gc,plab           ] GC(84) Old other allocation: region end waste: 0B, regions filled: 0, direct allocated: 0B, failure used: 0B, failure wasted: 0B
[35.878s][debug][gc,plab           ] GC(84) Old sizing: calculated: 0B, actual: 2064B
[35.878s][debug][gc,ergo,heap      ] GC(84) Attempt heap expansion (recent GC overhead higher than threshold after GC) recent GC overhead: 10.42 % threshold: 7.69 % uncommitted: 631242752B base expansion amount and scale: 126248550B (35.40%)
[35.878s][debug][gc,ergo,heap      ] GC(84) Expand the heap. requested expansion amount: 44692772B expansion amount: 45088768B
[35.879s][debug][gc,ihop           ] GC(84) Target occupancy update: old: 1516240896B, new: 1561329664B
[35.879s][debug][gc,alloc,stats    ] Old generation allocation in the last mutator period, old gen allocated: 0B, humongous allocated: 3145728B,old gen growth: 0B.
[35.879s][debug][gc,ihop           ] GC(84) Basic information (value update), threshold: 25612443B (1.64), target occupancy: 1561329664B, current occupancy: 66060288B, recent allocation size: 3145728B, recent allocation duration: 111.41ms, recent old gen allocation rate: 28236718.74B/s, recent marking phase length: 232.15ms
[35.879s][debug][gc,ihop           ] GC(84) Adaptive IHOP information (value update), threshold: 25612443B (1.73), internal target occupancy: 1483263180B, occupancy: 66060288B, additional buffer size: 384827392B, predicted old gen allocation rate: 3022244863.23B/s, predicted marking phase length: 354.98ms, prediction active: true
[35.879s][debug][gc,ergo,refine    ] GC(84) Updated Refinement Zones: green: 39, yellow: 117, red: 195
[35.879s][info ][gc,phases         ] GC(84)   Pre Evacuate Collection Set: 0.1ms
[35.879s][debug][gc,phases         ] GC(84)     Prepare TLABs: 0.0ms
[35.879s][debug][gc,phases         ] GC(84)     Choose Collection Set: 0.0ms
[35.879s][debug][gc,phases         ] GC(84)     Humongous Register: 0.0ms
[35.879s][debug][gc,phases         ] GC(84)     Clear Claimed Marks: 0.1ms
[35.879s][info ][gc,phases         ] GC(84)   Evacuate Collection Set: 22.3ms
[35.879s][debug][gc,phases         ] GC(84)     Ext Root Scanning (ms):   Min:  0.4, Avg:  0.4, Max:  0.4, Diff:  0.0, Sum:  1.6, Workers: 4
[35.879s][debug][gc,phases         ] GC(84)     Update RS (ms):           Min:  1.1, Avg:  1.6, Max:  3.0, Diff:  1.9, Sum:  6.3, Workers: 4
[35.879s][debug][gc,phases         ] GC(84)       Processed Buffers:        Min: 2, Avg:  4.5, Max: 8, Diff: 6, Sum: 18, Workers: 4
[35.879s][debug][gc,phases         ] GC(84)       Scanned Cards:            Min: 512, Avg: 775.8, Max: 1566, Diff: 1054, Sum: 3103, Workers: 4
[35.880s][debug][gc,phases         ] GC(84)       Skipped Cards:            Min: 0, Avg: 195.5, Max: 782, Diff: 782, Sum: 782, Workers: 4
[35.880s][debug][gc,phases         ] GC(84)     Scan RS (ms):             Min:  0.0, Avg:  0.1, Max:  0.4, Diff:  0.4, Sum:  0.4, Workers: 4
[35.880s][debug][gc,phases         ] GC(84)       Scanned Cards:            Min: 0, Avg: 42.8, Max: 171, Diff: 171, Sum: 171, Workers: 4
[35.880s][debug][gc,phases         ] GC(84)       Claimed Cards:            Min: 0, Avg: 255.2, Max: 1021, Diff: 1021, Sum: 1021, Workers: 4
[35.880s][debug][gc,phases         ] GC(84)       Skipped Cards:            Min: 0, Avg:  0.0, Max: 0, Diff: 0, Sum: 0, Workers: 4
[35.880s][debug][gc,phases         ] GC(84)     Code Root Scanning (ms):  Min:  0.0, Avg:  0.0, Max:  0.0, Diff:  0.0, Sum:  0.0, Workers: 4
[35.880s][debug][gc,phases         ] GC(84)     JVMCI Root Scan (ms):     skipped
[35.880s][debug][gc,phases         ] GC(84)     Object Copy (ms):         Min: 17.6, Avg: 19.4, Max: 20.0, Diff:  2.4, Sum: 77.5, Workers: 4
[35.880s][debug][gc,phases         ] GC(84)     Termination (ms):         Min:  0.0, Avg:  0.0, Max:  0.1, Diff:  0.1, Sum:  0.1, Workers: 4
[35.880s][debug][gc,phases         ] GC(84)       Termination Attempts:     Min: 2, Avg:  6.5, Max: 9, Diff: 7, Sum: 26, Workers: 4
[35.880s][debug][gc,phases         ] GC(84)     GC Worker Other (ms):     Min:  0.3, Avg:  0.5, Max:  0.7, Diff:  0.3, Sum:  2.2, Workers: 4
[35.880s][debug][gc,phases         ] GC(84)     GC Worker Total (ms):     Min: 21.8, Avg: 22.0, Max: 22.2, Diff:  0.4, Sum: 88.1, Workers: 4
[35.880s][info ][gc,phases         ] GC(84)   Post Evacuate Collection Set: 1.5ms
[35.880s][debug][gc,phases         ] GC(84)     Code Roots Fixup: 0.0ms
[35.880s][debug][gc,phases         ] GC(84)     Clear Card Table: 0.1ms
[35.880s][debug][gc,phases         ] GC(84)     Reference Processing: 0.1ms
[35.880s][debug][gc,phases,ref     ] GC(84)       Reconsider SoftReferences: 0.0ms
[35.880s][debug][gc,phases,ref     ] GC(84)         SoftRef (ms):             skipped
[35.880s][debug][gc,phases,ref     ] GC(84)       Notify Soft/WeakReferences: 0.0ms
[35.880s][debug][gc,phases,ref     ] GC(84)         SoftRef (ms):             skipped
[35.880s][debug][gc,phases,ref     ] GC(84)         WeakRef (ms):             skipped
[35.880s][debug][gc,phases,ref     ] GC(84)         FinalRef (ms):            skipped
[35.880s][debug][gc,phases,ref     ] GC(84)         Total (ms):               skipped
[35.880s][debug][gc,phases,ref     ] GC(84)       Notify and keep alive finalizable: 0.0ms
[35.880s][debug][gc,phases,ref     ] GC(84)         FinalRef (ms):            skipped
[35.880s][debug][gc,phases,ref     ] GC(84)       Notify PhantomReferences: 0.0ms
[35.880s][debug][gc,phases,ref     ] GC(84)         PhantomRef (ms):          skipped
[35.880s][debug][gc,phases,ref     ] GC(84)       SoftReference:
[35.880s][debug][gc,phases,ref     ] GC(84)         Discovered: 0
[35.880s][debug][gc,phases,ref     ] GC(84)         Cleared: 0
[35.880s][debug][gc,phases,ref     ] GC(84)       WeakReference:
[35.880s][debug][gc,phases,ref     ] GC(84)         Discovered: 0
[35.880s][debug][gc,phases,ref     ] GC(84)         Cleared: 0
[35.880s][debug][gc,phases,ref     ] GC(84)       FinalReference:
[35.881s][debug][gc,phases,ref     ] GC(84)         Discovered: 0
[35.881s][debug][gc,phases,ref     ] GC(84)         Cleared: 0
[35.881s][debug][gc,phases,ref     ] GC(84)       PhantomReference:
[35.881s][debug][gc,phases,ref     ] GC(84)         Discovered: 0
[35.881s][debug][gc,phases,ref     ] GC(84)         Cleared: 0
[35.881s][debug][gc,phases         ] GC(84)     Weak Processing: 0.0ms
[35.881s][debug][gc,phases         ] GC(84)     Merge Per-Thread State: 0.0ms
[35.881s][debug][gc,phases         ] GC(84)     Code Roots Purge: 0.0ms
[35.881s][debug][gc,phases         ] GC(84)     Redirty Cards: 0.1ms
[35.881s][debug][gc,phases         ] GC(84)     DerivedPointerTable Update: 0.0ms
[35.881s][debug][gc,phases         ] GC(84)     Free Collection Set: 0.3ms
[35.881s][debug][gc,phases         ] GC(84)     Humongous Reclaim: 0.1ms
[35.881s][debug][gc,phases         ] GC(84)     Start New Collection Set: 0.0ms
[35.881s][debug][gc,phases         ] GC(84)     Resize TLABs: 0.0ms
[35.881s][debug][gc,phases         ] GC(84)     Expand Heap After Collection: 0.8ms
[35.881s][info ][gc,phases         ] GC(84)   Other: 0.7ms
[35.881s][info ][gc,heap           ] GC(84) Eden regions: 11->0(351)
[35.881s][info ][gc,heap           ] GC(84) Survivor regions: 16->16(44)
[35.881s][info ][gc,heap           ] GC(84) Old regions: 44->44
[35.881s][info ][gc,heap           ] GC(84) Humongous regions: 3->3
[35.881s][info ][gc,metaspace      ] GC(84) Metaspace: 13274K->13274K(1060864K)
[35.881s][debug][gc,heap           ] GC(84) Heap after GC invocations=85 (full 0): garbage-first heap   total 1524736K, used 64512K [0x0000000780000000, 0x0000000800000000)
[35.881s][debug][gc,heap           ] GC(84)   region size 1024K, 16 young (16384K), 16 survivors (16384K)
[35.881s][debug][gc,heap           ] GC(84)  Metaspace       used 13274K, capacity 13733K, committed 13824K, reserved 1060864K
[35.881s][debug][gc,heap           ] GC(84)   class space    used 1352K, capacity 1515K, committed 1536K, reserved 1048576K
[35.881s][info ][gc                ] GC(84) Pause Young (Concurrent Start) (G1 Humongous Allocation) 73M->63M(1489M) 26.121ms
[35.881s][info ][gc,cpu            ] GC(84) User=0.08s Sys=0.00s Real=0.02s
[35.881s][info ][gc                ] GC(85) Concurrent Cycle
[35.881s][info ][gc,marking        ] GC(85) Concurrent Clear Claimed Marks
[35.881s][info ][gc,marking        ] GC(85) Concurrent Clear Claimed Marks 0.141ms
[35.881s][info ][gc,marking        ] GC(85) Concurrent Scan Root Regions
[35.881s][debug][gc,ergo           ] GC(85) Running G1 Root Region Scan using 1 workers for 16 work units.
[35.894s][info ][gc,marking        ] GC(85) Concurrent Scan Root Regions 12.508ms
[35.894s][info ][gc,marking        ] GC(85) Concurrent Mark (35.894s)
[35.894s][info ][gc,marking        ] GC(85) Concurrent Mark From Roots
[35.894s][info ][gc,task           ] GC(85) Using 1 workers of 1 for marking
[35.902s][debug][gc,stats          ] ---------------------------------------------------------------------
[35.902s][debug][gc,stats          ] Marking Stats, task = 0, calls = 1
[35.902s][debug][gc,stats          ]   Elapsed time = 8.06ms, Termination time = 0.00ms
[35.902s][debug][gc,stats          ]   Step Times (cum): num = 585, avg = 0.54ms, sd = 1.99ms max = 9.88ms, total = 313.56ms
[35.902s][debug][gc,stats          ]   Mark Stats Cache: hits 60179 misses 42 ratio 99.930
[35.902s][debug][gc,stats          ] ---------------------------------------------------------------------
[35.902s][info ][gc,marking        ] GC(85) Concurrent Mark From Roots 8.372ms
[35.902s][info ][gc,marking        ] GC(85) Concurrent Preclean
[35.902s][debug][gc,ref,start      ] GC(85) Preclean SoftReferences
[35.902s][debug][gc,ref            ] GC(85) Preclean SoftReferences 0.017ms
[35.902s][debug][gc,ref,start      ] GC(85) Preclean WeakReferences
[35.902s][debug][gc,ref            ] GC(85) Preclean WeakReferences 0.018ms
[35.902s][debug][gc,ref,start      ] GC(85) Preclean FinalReferences
[35.902s][debug][gc,ref            ] GC(85) Preclean FinalReferences 0.012ms
[35.902s][debug][gc,ref,start      ] GC(85) Preclean PhantomReferences
[35.902s][debug][gc,ref            ] GC(85) Preclean PhantomReferences 0.021ms
[35.902s][info ][gc,marking        ] GC(85) Concurrent Preclean 0.123ms
[35.902s][info ][gc,marking        ] GC(85) Concurrent Mark (35.894s, 35.902s) 8.537ms
[35.903s][info ][gc,start          ] GC(85) Pause Remark
[35.903s][debug][gc,phases,start   ] GC(85) Finalize Marking
[35.903s][debug][gc,stats          ] ---------------------------------------------------------------------
[35.903s][debug][gc,stats          ] Marking Stats, task = 0, calls = 18
[35.903s][debug][gc,stats          ]   Elapsed time = 0.07ms, Termination time = 0.05ms
[35.903s][debug][gc,stats          ]   Step Times (cum): num = 602, avg = 0.52ms, sd = 1.96ms max = 9.88ms, total = 313.62ms
[35.903s][debug][gc,stats          ]   Mark Stats Cache: hits 60179 misses 42 ratio 99.930
[35.903s][debug][gc,stats          ] ---------------------------------------------------------------------
[35.903s][debug][gc,stats          ] Marking Stats, task = 1, calls = 1
[35.903s][debug][gc,stats          ]   Elapsed time = 0.09ms, Termination time = 0.06ms
[35.903s][debug][gc,stats          ]   Step Times (cum): num = 34, avg = 0.18ms, sd = 0.23ms max = 0.77ms, total = 5.99ms
[35.903s][debug][gc,stats          ]   Mark Stats Cache: hits 97 misses 2 ratio 97.980
[35.903s][debug][gc,stats          ] ---------------------------------------------------------------------
[35.903s][debug][gc,stats          ] Marking Stats, task = 2, calls = 1
[35.903s][debug][gc,stats          ]   Elapsed time = 0.01ms, Termination time = 0.00ms
[35.903s][debug][gc,stats          ]   Step Times (cum): num = 33, avg = 0.13ms, sd = 0.24ms max = 0.75ms, total = 4.45ms
[35.903s][debug][gc,stats          ]   Mark Stats Cache: hits 48 misses 3 ratio 94.118
[35.903s][debug][gc,stats          ] ---------------------------------------------------------------------
[35.903s][debug][gc,stats          ] Marking Stats, task = 3, calls = 1
[35.903s][debug][gc,stats          ]   Elapsed time = 0.01ms, Termination time = 0.00ms
[35.903s][debug][gc,stats          ]   Step Times (cum): num = 31, avg = 0.01ms, sd = 0.01ms max = 0.08ms, total = 0.21ms
[35.903s][debug][gc,stats          ]   Mark Stats Cache: hits 58 misses 3 ratio 95.082
[35.903s][debug][gc,stats          ] ---------------------------------------------------------------------
[35.903s][debug][gc,phases         ] GC(85) Finalize Marking 0.361ms
[35.903s][debug][gc,phases,start   ] GC(85) Reference Processing
[35.903s][debug][gc,ref            ] GC(85) Skipped phase1 of Reference Processing due to unavailable references
[35.903s][debug][gc,ref            ] GC(85) Skipped phase2 of Reference Processing due to unavailable references
[35.903s][debug][gc,ref            ] GC(85) Skipped phase3 of Reference Processing due to unavailable references
[35.903s][debug][gc,ref            ] GC(85) Skipped phase4 of Reference Processing due to unavailable references
[35.903s][debug][gc,phases,ref     ] GC(85) Reference Processing: 0.0ms
[35.903s][debug][gc,phases,ref     ] GC(85)   Reconsider SoftReferences: 0.0ms
[35.903s][debug][gc,phases,ref     ] GC(85)     SoftRef (ms):             skipped
[35.903s][debug][gc,phases,ref     ] GC(85)   Notify Soft/WeakReferences: 0.0ms
[35.903s][debug][gc,phases,ref     ] GC(85)     SoftRef (ms):             skipped
[35.903s][debug][gc,phases,ref     ] GC(85)     WeakRef (ms):             skipped
[35.903s][debug][gc,phases,ref     ] GC(85)     FinalRef (ms):            skipped
[35.903s][debug][gc,phases,ref     ] GC(85)     Total (ms):               skipped
[35.903s][debug][gc,phases,ref     ] GC(85)   Notify and keep alive finalizable: 0.0ms
[35.903s][debug][gc,phases,ref     ] GC(85)     FinalRef (ms):            skipped
[35.903s][debug][gc,phases,ref     ] GC(85)   Notify PhantomReferences: 0.0ms
[35.903s][debug][gc,phases,ref     ] GC(85)     PhantomRef (ms):          skipped
[35.903s][debug][gc,phases,ref     ] GC(85)   SoftReference:
[35.903s][debug][gc,phases,ref     ] GC(85)     Discovered: 0
[35.903s][debug][gc,phases,ref     ] GC(85)     Cleared: 0
[35.903s][debug][gc,phases,ref     ] GC(85)   WeakReference:
[35.903s][debug][gc,phases,ref     ] GC(85)     Discovered: 0
[35.903s][debug][gc,phases,ref     ] GC(85)     Cleared: 0
[35.903s][debug][gc,phases,ref     ] GC(85)   FinalReference:
[35.903s][debug][gc,phases,ref     ] GC(85)     Discovered: 0
[35.903s][debug][gc,phases,ref     ] GC(85)     Cleared: 0
[35.903s][debug][gc,phases,ref     ] GC(85)   PhantomReference:
[35.903s][debug][gc,phases,ref     ] GC(85)     Discovered: 0
[35.903s][debug][gc,phases,ref     ] GC(85)     Cleared: 0
[35.903s][debug][gc,phases         ] GC(85) Reference Processing 0.306ms
[35.903s][debug][gc,phases,start   ] GC(85) Weak Processing
[35.903s][debug][gc,phases         ] GC(85) Weak Processing 0.025ms
[35.903s][debug][gc,phases,start   ] GC(85) Class Unloading
[35.903s][debug][gc,phases,start   ] GC(85) ClassLoaderData
[35.903s][debug][gc,phases         ] GC(85) ClassLoaderData 0.059ms
[35.903s][debug][gc,phases,start   ] GC(85) ProtectionDomainCacheTable
[35.903s][debug][gc,phases         ] GC(85) ProtectionDomainCacheTable 0.012ms
[35.905s][info ][gc,stringtable    ] GC(85) Cleaned string and symbol table, strings: 6164 processed, 0 removed, symbols: 45233 processed, 0 removed
[35.905s][debug][gc,phases         ] GC(85) Class Unloading 1.639ms
[35.905s][debug][gc,phases,start   ] GC(85) Flush Task Caches
[35.905s][debug][gc,stats          ] Mark stats cache hits 60382 misses 50 ratio 99.917
[35.905s][debug][gc,phases         ] GC(85) Flush Task Caches 0.065ms
[35.905s][debug][gc,phases,start   ] GC(85) Update Remembered Set Tracking Before Rebuild
[35.905s][debug][gc,ergo           ] GC(85) Running G1 Update RemSet Tracking Before Rebuild using 4 workers for 1489 regions in heap
[35.905s][debug][gc,remset,tracking] GC(85) Remembered Set Tracking update regions total 1489, selected 44
[35.905s][debug][gc,phases         ] GC(85) Update Remembered Set Tracking Before Rebuild 0.234ms
[35.905s][debug][gc,phases,start   ] GC(85) Reclaim Empty Regions
[35.905s][debug][gc                ] GC(85) Reclaimed 3 empty regions
[35.906s][debug][gc,phases         ] GC(85) Reclaim Empty Regions 0.152ms
[35.906s][debug][gc,phases,start   ] GC(85) Purge Metaspace
[35.906s][debug][gc,phases         ] GC(85) Purge Metaspace 0.011ms
[35.906s][debug][gc,phases,start   ] GC(85) Report Object Count
[35.906s][debug][gc,phases         ] GC(85) Report Object Count 0.011ms
[35.906s][info ][gc                ] GC(85) Pause Remark 71M->68M(1489M) 3.010ms
[35.906s][info ][gc,cpu            ] GC(85) User=0.01s Sys=0.00s Real=0.01s
[35.906s][info ][gc,marking        ] GC(85) Concurrent Rebuild Remembered Sets
[35.914s][info ][gc,marking        ] GC(85) Concurrent Rebuild Remembered Sets 8.130ms
[35.914s][info ][gc,start          ] GC(85) Pause Cleanup
[35.914s][debug][gc,phases,start   ] GC(85) Update Remembered Set Tracking After Rebuild
[35.914s][debug][gc,phases         ] GC(85) Update Remembered Set Tracking After Rebuild 0.051ms
[35.914s][debug][gc,phases,start   ] GC(85) Finalize Concurrent Mark Cleanup
[35.914s][debug][gc,ergo           ] GC(85) request young-only gcs (reclaimable percentage not over threshold). candidate old regions: 43 reclaimable: 43446424 (2.78) threshold: 5
[35.914s][debug][gc,phases         ] GC(85) Finalize Concurrent Mark Cleanup 0.175ms
[35.914s][info ][gc                ] GC(85) Pause Cleanup 68M->68M(1489M) 0.306ms
[35.914s][info ][gc,cpu            ] GC(85) User=0.00s Sys=0.00s Real=0.00s
[35.914s][info ][gc,marking        ] GC(85) Concurrent Cleanup for Next Mark
[35.914s][debug][gc,ergo           ] GC(85) Running G1 Clear Bitmap with 1 workers for 24 work units.
[35.917s][info ][gc,marking        ] GC(85) Concurrent Cleanup for Next Mark 3.067ms
[35.917s][info ][gc                ] GC(85) Concurrent Cycle 36.361ms
[36.008s][debug][gc,ergo,ihop      ] Request concurrent cycle initiation (occupancy higher than threshold) occupancy: 49283072B allocation request: 524304B threshold: 25612443B (1.64) source: concurrent humongous allocation
[36.008s][debug][gc,ergo           ] Request concurrent cycle initiation (requested by GC cause). GC cause: G1 Humongous Allocation
[36.008s][debug][gc,heap           ] GC(86) Heap before GC invocations=86 (full 0): garbage-first heap   total 1524736K, used 74752K [0x0000000780000000, 0x0000000800000000)
[36.008s][debug][gc,heap           ] GC(86)   region size 1024K, 27 young (27648K), 16 survivors (16384K)
[36.008s][debug][gc,heap           ] GC(86)  Metaspace       used 13274K, capacity 13733K, committed 13824K, reserved 1060864K
[36.008s][debug][gc,heap           ] GC(86)   class space    used 1352K, capacity 1515K, committed 1536K, reserved 1048576K
[36.008s][debug][gc,ergo           ] GC(86) Initiate concurrent cycle (concurrent cycle initiation requested)
[36.008s][info ][gc,start          ] GC(86) Pause Young (Concurrent Start) (G1 Humongous Allocation)
[36.008s][info ][gc,task           ] GC(86) Using 4 workers of 4 for evacuation
[36.008s][debug][gc,tlab           ] GC(86) TLAB totals: thrds: 1  refills: 31 max: 31 slow allocs: 3 max 3 waste:  0.9% gc: 80072B max: 80072B slow: 17672B max: 17672B fast: 0B max: 0B
[36.008s][debug][gc,alloc,region   ] GC(86) Mutator Allocation stats, regions: 11, wasted size: 0B ( 0.0%)
[36.008s][debug][gc,age            ] GC(86) Desired survivor size 24117248 bytes, new threshold 15 (max threshold 15)
[36.009s][debug][gc,ergo,cset      ] GC(86) Finish choosing CSet. old: 0 regions, predicted old region time: 0.00ms, time remaining: 167.77
[36.009s][debug][gc,task,stats     ] GC(86) GC Termination Stats
[36.009s][debug][gc,task,stats     ] GC(86)      elapsed  --strong roots-- -------termination------- ------waste (KiB)------
[36.009s][debug][gc,task,stats     ] GC(86) thr     ms        ms      %        ms      %    attempts  total   alloc    undo
[36.009s][debug][gc,task,stats     ] GC(86) --- --------- --------- ------ --------- ------ -------- ------- ------- -------
[36.039s][debug][gc,task,stats     ] GC(86)   0     30.49     23.15  75.93      0.00   0.01        1       0       0       0
[36.039s][debug][gc,task,stats     ] GC(86)   1     30.61      5.82  19.00      1.21   3.94        4       0       0       0
[36.039s][debug][gc,task,stats     ] GC(86)   3     30.29     24.30  80.22      1.19   3.92        1       0       0       0
[36.039s][debug][gc,task,stats     ] GC(86)   2     30.70     23.64  76.98      1.18   3.83        4       0       0       0
[36.040s][debug][gc,ergo           ] GC(86) Running G1 Clear Card Table Task using 1 workers for 1 units of work for 34 regions.
[36.040s][debug][gc,ref            ] GC(86) Skipped phase1 of Reference Processing due to unavailable references
[36.040s][debug][gc,ref            ] GC(86) Skipped phase2 of Reference Processing due to unavailable references
[36.040s][debug][gc,ref            ] GC(86) Skipped phase3 of Reference Processing due to unavailable references
[36.040s][debug][gc,ref            ] GC(86) Skipped phase4 of Reference Processing due to unavailable references
[36.040s][debug][gc,ergo           ] GC(86) Running G1 Free Collection Set using 1 workers for collection set length 27
[36.040s][debug][gc,humongous      ] GC(86) Live humongous region 5 object size 524304 start 0x0000000780500000  with remset 0 code roots 0 is marked 0 reclaim candidate 0 type array 0
[36.040s][debug][gc,humongous      ] GC(86) Live humongous region 6 object size 1048592 start 0x0000000780600000  with remset 0 code roots 0 is marked 0 reclaim candidate 0 type array 0
[36.040s][debug][gc,plab           ] GC(86) Young PLAB allocation: allocated: 16777216B, wasted: 648B, unused: 1022192B, used: 15754376B, undo waste: 0B, 
[36.040s][debug][gc,plab           ] GC(86) Young other allocation: region end waste: 0B, regions filled: 16, direct allocated: 0B, failure used: 0B, failure wasted: 0B
[36.040s][debug][gc,plab           ] GC(86) Young sizing: calculated: 3150872B, actual: 3150776B
[36.040s][debug][gc,plab           ] GC(86) Old PLAB allocation: allocated: 0B, wasted: 0B, unused: 0B, used: 0B, undo waste: 0B, 
[36.040s][debug][gc,plab           ] GC(86) Old other allocation: region end waste: 0B, regions filled: 0, direct allocated: 0B, failure used: 0B, failure wasted: 0B
[36.040s][debug][gc,plab           ] GC(86) Old sizing: calculated: 0B, actual: 2064B
[36.040s][debug][gc,alloc,stats    ] Old generation allocation in the last mutator period, old gen allocated: 0B, humongous allocated: 3145728B,old gen growth: 0B.
[36.040s][debug][gc,ihop           ] GC(86) Basic information (value update), threshold: 113052279B (7.24), target occupancy: 1561329664B, current occupancy: 66060288B, recent allocation size: 3145728B, recent allocation duration: 125.98ms, recent old gen allocation rate: 24970844.45B/s, recent marking phase length: 232.15ms
[36.040s][debug][gc,ihop           ] GC(86) Adaptive IHOP information (value update), threshold: 113052279B (7.62), internal target occupancy: 1483263180B, occupancy: 66060288B, additional buffer size: 333447168B, predicted old gen allocation rate: 2920661526.05B/s, predicted marking phase length: 354.98ms, prediction active: true
[36.040s][debug][gc,ergo,refine    ] GC(86) Updated Refinement Zones: green: 39, yellow: 117, red: 195
[36.040s][info ][gc,phases         ] GC(86)   Pre Evacuate Collection Set: 0.1ms
[36.040s][debug][gc,phases         ] GC(86)     Prepare TLABs: 0.0ms
[36.040s][debug][gc,phases         ] GC(86)     Choose Collection Set: 0.0ms
[36.040s][debug][gc,phases         ] GC(86)     Humongous Register: 0.0ms
[36.040s][debug][gc,phases         ] GC(86)     Clear Claimed Marks: 0.0ms
[36.040s][info ][gc,phases         ] GC(86)   Evacuate Collection Set: 30.8ms
[36.040s][debug][gc,phases         ] GC(86)     Ext Root Scanning (ms):   Min:  0.1, Avg:  0.9, Max:  2.5, Diff:  2.4, Sum:  3.7, Workers: 4
[36.040s][debug][gc,phases         ] GC(86)     Update RS (ms):           Min:  1.0, Avg:  1.2, Max:  1.6, Diff:  0.6, Sum:  4.7, Workers: 4
[36.040s][debug][gc,phases         ] GC(86)       Processed Buffers:        Min: 3, Avg:  4.5, Max: 7, Diff: 4, Sum: 18, Workers: 4
[36.040s][debug][gc,phases         ] GC(86)       Scanned Cards:            Min: 512, Avg: 775.8, Max: 1310, Diff: 798, Sum: 3103, Workers: 4
[36.040s][debug][gc,phases         ] GC(86)       Skipped Cards:            Min: 0, Avg: 195.5, Max: 511, Diff: 511, Sum: 782, Workers: 4
[36.040s][debug][gc,phases         ] GC(86)     Scan RS (ms):             Min:  0.0, Avg:  0.1, Max:  0.2, Diff:  0.2, Sum:  0.2, Workers: 4
[36.040s][debug][gc,phases         ] GC(86)       Scanned Cards:            Min: 0, Avg: 35.0, Max: 140, Diff: 140, Sum: 140, Workers: 4
[36.040s][debug][gc,phases         ] GC(86)       Claimed Cards:            Min: 0, Avg: 255.5, Max: 1022, Diff: 1022, Sum: 1022, Workers: 4
[36.040s][debug][gc,phases         ] GC(86)       Skipped Cards:            Min: 0, Avg:  0.0, Max: 0, Diff: 0, Sum: 0, Workers: 4
[36.040s][debug][gc,phases         ] GC(86)     Code Root Scanning (ms):  Min:  0.0, Avg:  0.0, Max:  0.0, Diff:  0.0, Sum:  0.0, Workers: 4
[36.040s][debug][gc,phases         ] GC(86)     JVMCI Root Scan (ms):     skipped
[36.040s][debug][gc,phases         ] GC(86)     Object Copy (ms):         Min: 25.0, Avg: 27.4, Max: 29.0, Diff:  4.0, Sum: 109.5, Workers: 4
[36.040s][debug][gc,phases         ] GC(86)     Termination (ms):         Min:  0.0, Avg:  0.9, Max:  1.2, Diff:  1.2, Sum:  3.6, Workers: 4
[36.040s][debug][gc,phases         ] GC(86)       Termination Attempts:     Min: 1, Avg:  2.5, Max: 4, Diff: 3, Sum: 10, Workers: 4
[36.040s][debug][gc,phases         ] GC(86)     GC Worker Other (ms):     Min:  0.1, Avg:  0.1, Max:  0.2, Diff:  0.1, Sum:  0.6, Workers: 4
[36.040s][debug][gc,phases         ] GC(86)     GC Worker Total (ms):     Min: 30.3, Avg: 30.6, Max: 30.7, Diff:  0.4, Sum: 122.3, Workers: 4
[36.040s][info ][gc,phases         ] GC(86)   Post Evacuate Collection Set: 0.4ms
[36.040s][debug][gc,phases         ] GC(86)     Code Roots Fixup: 0.0ms
[36.040s][debug][gc,phases         ] GC(86)     Clear Card Table: 0.0ms
[36.040s][debug][gc,phases         ] GC(86)     Reference Processing: 0.1ms
[36.040s][debug][gc,phases,ref     ] GC(86)       Reconsider SoftReferences: 0.0ms
[36.040s][debug][gc,phases,ref     ] GC(86)         SoftRef (ms):             skipped
[36.040s][debug][gc,phases,ref     ] GC(86)       Notify Soft/WeakReferences: 0.0ms
[36.040s][debug][gc,phases,ref     ] GC(86)         SoftRef (ms):             skipped
[36.040s][debug][gc,phases,ref     ] GC(86)         WeakRef (ms):             skipped
[36.040s][debug][gc,phases,ref     ] GC(86)         FinalRef (ms):            skipped
[36.040s][debug][gc,phases,ref     ] GC(86)         Total (ms):               skipped
[36.040s][debug][gc,phases,ref     ] GC(86)       Notify and keep alive finalizable: 0.0ms
[36.040s][debug][gc,phases,ref     ] GC(86)         FinalRef (ms):            skipped
[36.040s][debug][gc,phases,ref     ] GC(86)       Notify PhantomReferences: 0.0ms
[36.040s][debug][gc,phases,ref     ] GC(86)         PhantomRef (ms):          skipped
[36.040s][debug][gc,phases,ref     ] GC(86)       SoftReference:
[36.040s][debug][gc,phases,ref     ] GC(86)         Discovered: 0
[36.040s][debug][gc,phases,ref     ] GC(86)         Cleared: 0
[36.040s][debug][gc,phases,ref     ] GC(86)       WeakReference:
[36.041s][debug][gc,phases,ref     ] GC(86)         Discovered: 0
[36.041s][debug][gc,phases,ref     ] GC(86)         Cleared: 0
[36.041s][debug][gc,phases,ref     ] GC(86)       FinalReference:
[36.041s][debug][gc,phases,ref     ] GC(86)         Discovered: 0
[36.041s][debug][gc,phases,ref     ] GC(86)         Cleared: 0
[36.041s][debug][gc,phases,ref     ] GC(86)       PhantomReference:
[36.041s][debug][gc,phases,ref     ] GC(86)         Discovered: 0
[36.041s][debug][gc,phases,ref     ] GC(86)         Cleared: 0
[36.041s][debug][gc,phases         ] GC(86)     Weak Processing: 0.0ms
[36.041s][debug][gc,phases         ] GC(86)     Merge Per-Thread State: 0.0ms
[36.041s][debug][gc,phases         ] GC(86)     Code Roots Purge: 0.0ms
[36.041s][debug][gc,phases         ] GC(86)     Redirty Cards: 0.0ms
[36.041s][debug][gc,phases         ] GC(86)     DerivedPointerTable Update: 0.0ms
[36.041s][debug][gc,phases         ] GC(86)     Free Collection Set: 0.2ms
[36.041s][debug][gc,phases         ] GC(86)     Humongous Reclaim: 0.0ms
[36.041s][debug][gc,phases         ] GC(86)     Start New Collection Set: 0.0ms
[36.041s][debug][gc,phases         ] GC(86)     Resize TLABs: 0.0ms
[36.041s][debug][gc,phases         ] GC(86)     Expand Heap After Collection: 0.0ms
[36.041s][info ][gc,phases         ] GC(86)   Other: 0.5ms
[36.041s][info ][gc,heap           ] GC(86) Eden regions: 11->0(302)
[36.041s][info ][gc,heap           ] GC(86) Survivor regions: 16->16(46)
[36.041s][info ][gc,heap           ] GC(86) Old regions: 44->44
[36.041s][info ][gc,heap           ] GC(86) Humongous regions: 3->3
[36.041s][info ][gc,metaspace      ] GC(86) Metaspace: 13274K->13274K(1060864K)
[36.041s][debug][gc,heap           ] GC(86) Heap after GC invocations=87 (full 0): garbage-first heap   total 1524736K, used 64512K [0x0000000780000000, 0x0000000800000000)
[36.041s][debug][gc,heap           ] GC(86)   region size 1024K, 16 young (16384K), 16 survivors (16384K)
[36.041s][debug][gc,heap           ] GC(86)  Metaspace       used 13274K, capacity 13733K, committed 13824K, reserved 1060864K
[36.041s][debug][gc,heap           ] GC(86)   class space    used 1352K, capacity 1515K, committed 1536K, reserved 1048576K
[36.041s][info ][gc                ] GC(86) Pause Young (Concurrent Start) (G1 Humongous Allocation) 73M->63M(1489M) 32.496ms
[36.041s][info ][gc,cpu            ] GC(86) User=0.09s Sys=0.01s Real=0.03s
[36.041s][info ][gc                ] GC(87) Concurrent Cycle
[36.041s][info ][gc,marking        ] GC(87) Concurrent Clear Claimed Marks
[36.041s][info ][gc,marking        ] GC(87) Concurrent Clear Claimed Marks 0.058ms
[36.041s][info ][gc,marking        ] GC(87) Concurrent Scan Root Regions
[36.041s][debug][gc,ergo           ] GC(87) Running G1 Root Region Scan using 1 workers for 16 work units.
[36.051s][info ][gc,marking        ] GC(87) Concurrent Scan Root Regions 10.386ms
[36.051s][info ][gc,marking        ] GC(87) Concurrent Mark (36.051s)
[36.051s][info ][gc,marking        ] GC(87) Concurrent Mark From Roots
[36.051s][info ][gc,task           ] GC(87) Using 1 workers of 1 for marking
[36.059s][debug][gc,stats          ] ---------------------------------------------------------------------
[36.059s][debug][gc,stats          ] Marking Stats, task = 0, calls = 1
[36.059s][debug][gc,stats          ]   Elapsed time = 7.13ms, Termination time = 0.00ms
[36.059s][debug][gc,stats          ]   Step Times (cum): num = 603, avg = 0.53ms, sd = 1.98ms max = 9.88ms, total = 320.75ms
[36.059s][debug][gc,stats          ]   Mark Stats Cache: hits 57417 misses 41 ratio 99.929
[36.059s][debug][gc,stats          ] ---------------------------------------------------------------------
[36.059s][info ][gc,marking        ] GC(87) Concurrent Mark From Roots 7.285ms
[36.059s][info ][gc,marking        ] GC(87) Concurrent Preclean
[36.059s][debug][gc,ref,start      ] GC(87) Preclean SoftReferences
[36.059s][debug][gc,ref            ] GC(87) Preclean SoftReferences 0.017ms
[36.059s][debug][gc,ref,start      ] GC(87) Preclean WeakReferences
[36.059s][debug][gc,ref            ] GC(87) Preclean WeakReferences 0.018ms
[36.059s][debug][gc,ref,start      ] GC(87) Preclean FinalReferences
[36.059s][debug][gc,ref            ] GC(87) Preclean FinalReferences 0.012ms
[36.059s][debug][gc,ref,start      ] GC(87) Preclean PhantomReferences
[36.059s][debug][gc,ref            ] GC(87) Preclean PhantomReferences 0.029ms
[36.059s][info ][gc,marking        ] GC(87) Concurrent Preclean 0.173ms
[36.059s][info ][gc,marking        ] GC(87) Concurrent Mark (36.051s, 36.059s) 7.526ms
[36.059s][info ][gc,start          ] GC(87) Pause Remark
[36.059s][debug][gc,phases,start   ] GC(87) Finalize Marking
[36.059s][debug][gc,stats          ] ---------------------------------------------------------------------
[36.059s][debug][gc,stats          ] Marking Stats, task = 0, calls = 18
[36.059s][debug][gc,stats          ]   Elapsed time = 0.06ms, Termination time = 0.05ms
[36.059s][debug][gc,stats          ]   Step Times (cum): num = 620, avg = 0.52ms, sd = 1.96ms max = 9.88ms, total = 320.82ms
[36.059s][debug][gc,stats          ]   Mark Stats Cache: hits 57417 misses 41 ratio 99.929
[36.059s][debug][gc,stats          ] ---------------------------------------------------------------------
[36.059s][debug][gc,stats          ] Marking Stats, task = 1, calls = 1
[36.059s][debug][gc,stats          ]   Elapsed time = 0.05ms, Termination time = 0.03ms
[36.059s][debug][gc,stats          ]   Step Times (cum): num = 35, avg = 0.17ms, sd = 0.23ms max = 0.77ms, total = 6.03ms
[36.059s][debug][gc,stats          ]   Mark Stats Cache: hits 2775 misses 5 ratio 99.820
[36.059s][debug][gc,stats          ] ---------------------------------------------------------------------
[36.059s][debug][gc,stats          ] Marking Stats, task = 2, calls = 1
[36.059s][debug][gc,stats          ]   Elapsed time = 0.06ms, Termination time = 0.05ms
[36.059s][debug][gc,stats          ]   Step Times (cum): num = 34, avg = 0.13ms, sd = 0.24ms max = 0.75ms, total = 4.49ms
[36.059s][debug][gc,stats          ]   Mark Stats Cache: hits 190 misses 4 ratio 97.938
[36.059s][debug][gc,stats          ] ---------------------------------------------------------------------
[36.059s][debug][gc,stats          ] Marking Stats, task = 3, calls = 1
[36.059s][debug][gc,stats          ]   Elapsed time = 0.01ms, Termination time = 0.00ms
[36.059s][debug][gc,stats          ]   Step Times (cum): num = 32, avg = 0.01ms, sd = 0.01ms max = 0.08ms, total = 0.21ms
[36.060s][debug][gc,stats          ]   Mark Stats Cache: hits 0 misses 0 ratio 0.000
[36.060s][debug][gc,stats          ] ---------------------------------------------------------------------
[36.060s][debug][gc,phases         ] GC(87) Finalize Marking 0.386ms
[36.060s][debug][gc,phases,start   ] GC(87) Reference Processing
[36.060s][debug][gc,ref            ] GC(87) Skipped phase1 of Reference Processing due to unavailable references
[36.060s][debug][gc,ref            ] GC(87) Skipped phase2 of Reference Processing due to unavailable references
[36.060s][debug][gc,ref            ] GC(87) Skipped phase3 of Reference Processing due to unavailable references
[36.060s][debug][gc,ref            ] GC(87) Skipped phase4 of Reference Processing due to unavailable references
[36.060s][debug][gc,phases,ref     ] GC(87) Reference Processing: 0.0ms
[36.060s][debug][gc,phases,ref     ] GC(87)   Reconsider SoftReferences: 0.0ms
[36.060s][debug][gc,phases,ref     ] GC(87)     SoftRef (ms):             skipped
[36.060s][debug][gc,phases,ref     ] GC(87)   Notify Soft/WeakReferences: 0.0ms
[36.060s][debug][gc,phases,ref     ] GC(87)     SoftRef (ms):             skipped
[36.060s][debug][gc,phases,ref     ] GC(87)     WeakRef (ms):             skipped
[36.060s][debug][gc,phases,ref     ] GC(87)     FinalRef (ms):            skipped
[36.060s][debug][gc,phases,ref     ] GC(87)     Total (ms):               skipped
[36.060s][debug][gc,phases,ref     ] GC(87)   Notify and keep alive finalizable: 0.0ms
[36.060s][debug][gc,phases,ref     ] GC(87)     FinalRef (ms):            skipped
[36.060s][debug][gc,phases,ref     ] GC(87)   Notify PhantomReferences: 0.0ms
[36.060s][debug][gc,phases,ref     ] GC(87)     PhantomRef (ms):          skipped
[36.060s][debug][gc,phases,ref     ] GC(87)   SoftReference:
[36.060s][debug][gc,phases,ref     ] GC(87)     Discovered: 0
[36.060s][debug][gc,phases,ref     ] GC(87)     Cleared: 0
[36.060s][debug][gc,phases,ref     ] GC(87)   WeakReference:
[36.060s][debug][gc,phases,ref     ] GC(87)     Discovered: 0
[36.060s][debug][gc,phases,ref     ] GC(87)     Cleared: 0
[36.060s][debug][gc,phases,ref     ] GC(87)   FinalReference:
[36.060s][debug][gc,phases,ref     ] GC(87)     Discovered: 0
[36.060s][debug][gc,phases,ref     ] GC(87)     Cleared: 0
[36.060s][debug][gc,phases,ref     ] GC(87)   PhantomReference:
[36.060s][debug][gc,phases,ref     ] GC(87)     Discovered: 0
[36.060s][debug][gc,phases,ref     ] GC(87)     Cleared: 0
[36.060s][debug][gc,phases         ] GC(87) Reference Processing 0.305ms
[36.060s][debug][gc,phases,start   ] GC(87) Weak Processing
[36.060s][debug][gc,phases         ] GC(87) Weak Processing 0.026ms
[36.060s][debug][gc,phases,start   ] GC(87) Class Unloading
[36.060s][debug][gc,phases,start   ] GC(87) ClassLoaderData
[36.060s][debug][gc,phases         ] GC(87) ClassLoaderData 0.058ms
[36.060s][debug][gc,phases,start   ] GC(87) ProtectionDomainCacheTable
[36.060s][debug][gc,phases         ] GC(87) ProtectionDomainCacheTable 0.012ms
[36.061s][info ][gc,stringtable    ] GC(87) Cleaned string and symbol table, strings: 6164 processed, 0 removed, symbols: 45233 processed, 0 removed
[36.061s][debug][gc,phases         ] GC(87) Class Unloading 1.521ms
[36.061s][debug][gc,phases,start   ] GC(87) Flush Task Caches
[36.061s][debug][gc,stats          ] Mark stats cache hits 60382 misses 50 ratio 99.917
[36.061s][debug][gc,phases         ] GC(87) Flush Task Caches 0.032ms
[36.061s][debug][gc,phases,start   ] GC(87) Update Remembered Set Tracking Before Rebuild
[36.061s][debug][gc,ergo           ] GC(87) Running G1 Update RemSet Tracking Before Rebuild using 4 workers for 1489 regions in heap
[36.062s][debug][gc,remset,tracking] GC(87) Remembered Set Tracking update regions total 1489, selected 44
[36.062s][debug][gc,phases         ] GC(87) Update Remembered Set Tracking Before Rebuild 0.181ms
[36.062s][debug][gc,phases,start   ] GC(87) Reclaim Empty Regions
[36.062s][debug][gc                ] GC(87) Reclaimed 3 empty regions
[36.062s][debug][gc,phases         ] GC(87) Reclaim Empty Regions 0.131ms
[36.062s][debug][gc,phases,start   ] GC(87) Purge Metaspace
[36.062s][debug][gc,phases         ] GC(87) Purge Metaspace 0.010ms
[36.062s][debug][gc,phases,start   ] GC(87) Report Object Count
[36.062s][debug][gc,phases         ] GC(87) Report Object Count 0.010ms
[36.062s][info ][gc                ] GC(87) Pause Remark 71M->68M(1489M) 2.755ms
[36.062s][info ][gc,cpu            ] GC(87) User=0.01s Sys=0.00s Real=0.00s
[36.062s][info ][gc,marking        ] GC(87) Concurrent Rebuild Remembered Sets
[36.069s][info ][gc,marking        ] GC(87) Concurrent Rebuild Remembered Sets 6.977ms
[36.069s][info ][gc,start          ] GC(87) Pause Cleanup
[36.069s][debug][gc,phases,start   ] GC(87) Update Remembered Set Tracking After Rebuild
[36.069s][debug][gc,phases         ] GC(87) Update Remembered Set Tracking After Rebuild 0.050ms
[36.069s][debug][gc,phases,start   ] GC(87) Finalize Concurrent Mark Cleanup
[36.069s][debug][gc,ergo           ] GC(87) request young-only gcs (reclaimable percentage not over threshold). candidate old regions: 43 reclaimable: 43446424 (2.78) threshold: 5
[36.069s][debug][gc,phases         ] GC(87) Finalize Concurrent Mark Cleanup 0.157ms
[36.069s][info ][gc                ] GC(87) Pause Cleanup 68M->68M(1489M) 0.268ms
[36.069s][info ][gc,cpu            ] GC(87) User=0.00s Sys=0.00s Real=0.00s
[36.069s][info ][gc,marking        ] GC(87) Concurrent Cleanup for Next Mark
[36.069s][debug][gc,ergo           ] GC(87) Running G1 Clear Bitmap with 1 workers for 24 work units.
[36.074s][info ][gc,marking        ] GC(87) Concurrent Cleanup for Next Mark 4.938ms
[36.074s][info ][gc                ] GC(87) Concurrent Cycle 33.585ms
[36.405s][debug][gc,refine         ] Activated worker 0, on threshold: 41, current: 41
[36.408s][debug][gc,refine         ] Deactivated worker 0, off threshold: 39, current: 39, processed: 5
[36.410s][debug][gc,refine         ] Activated worker 0, on threshold: 41, current: 41
[36.411s][debug][gc,refine         ] Deactivated worker 0, off threshold: 39, current: 39, processed: 2
[36.517s][debug][gc,refine         ] Activated worker 0, on threshold: 41, current: 45
[36.521s][debug][gc,refine         ] Deactivated worker 0, off threshold: 39, current: 39, processed: 6
[36.523s][debug][gc,refine         ] Activated worker 0, on threshold: 41, current: 43
[36.524s][debug][gc,refine         ] Deactivated worker 0, off threshold: 39, current: 39, processed: 4
[36.529s][debug][gc,refine         ] Activated worker 0, on threshold: 41, current: 41
[36.529s][debug][gc,refine         ] Deactivated worker 0, off threshold: 39, current: 39, processed: 2
[36.630s][debug][gc,refine         ] Activated worker 0, on threshold: 41, current: 44
[36.631s][debug][gc,refine         ] Deactivated worker 0, off threshold: 39, current: 39, processed: 6
[36.637s][debug][gc,refine         ] Activated worker 0, on threshold: 41, current: 43
[36.638s][debug][gc,refine         ] Deactivated worker 0, off threshold: 39, current: 39, processed: 4
[36.643s][debug][gc,refine         ] Activated worker 0, on threshold: 41, current: 41
[36.643s][debug][gc,refine         ] Deactivated worker 0, off threshold: 39, current: 39, processed: 2
[36.747s][debug][gc,refine         ] Activated worker 0, on threshold: 41, current: 44
[36.752s][debug][gc,refine         ] Deactivated worker 0, off threshold: 39, current: 39, processed: 6
[36.754s][debug][gc,refine         ] Activated worker 0, on threshold: 41, current: 43
[36.754s][debug][gc,refine         ] Deactivated worker 0, off threshold: 39, current: 39, processed: 4
[36.759s][debug][gc,refine         ] Activated worker 0, on threshold: 41, current: 41
[36.759s][debug][gc,refine         ] Deactivated worker 0, off threshold: 39, current: 39, processed: 2
[36.862s][debug][gc,refine         ] Activated worker 0, on threshold: 41, current: 45
[36.867s][debug][gc,refine         ] Deactivated worker 0, off threshold: 39, current: 39, processed: 6
[36.869s][debug][gc,refine         ] Activated worker 0, on threshold: 41, current: 43
[36.869s][debug][gc,refine         ] Deactivated worker 0, off threshold: 39, current: 39, processed: 4
[36.874s][debug][gc,refine         ] Activated worker 0, on threshold: 41, current: 41
[36.874s][debug][gc,refine         ] Deactivated worker 0, off threshold: 39, current: 39, processed: 2
[36.976s][debug][gc,refine         ] Activated worker 0, on threshold: 41, current: 41
[36.981s][debug][gc,refine         ] Deactivated worker 0, off threshold: 39, current: 39, processed: 6
[36.983s][debug][gc,refine         ] Activated worker 0, on threshold: 41, current: 43
[36.984s][debug][gc,refine         ] Deactivated worker 0, off threshold: 39, current: 39, processed: 4
[36.988s][debug][gc,refine         ] Activated worker 0, on threshold: 41, current: 41
[36.988s][debug][gc,refine         ] Deactivated worker 0, off threshold: 39, current: 39, processed: 2
[36.989s][debug][gc,refine         ] Activated worker 0, on threshold: 41, current: 45
[36.992s][debug][gc,refine         ] Deactivated worker 0, off threshold: 39, current: 39, processed: 6
[37.097s][debug][gc,refine         ] Activated worker 0, on threshold: 41, current: 43
[37.098s][debug][gc,refine         ] Deactivated worker 0, off threshold: 39, current: 39, processed: 4
[37.102s][debug][gc,refine         ] Activated worker 0, on threshold: 41, current: 41
[37.102s][debug][gc,refine         ] Deactivated worker 0, off threshold: 39, current: 39, processed: 2
[37.103s][debug][gc,refine         ] Activated worker 0, on threshold: 41, current: 45
[37.106s][debug][gc,refine         ] Deactivated worker 0, off threshold: 39, current: 39, processed: 6
[37.217s][debug][gc,refine         ] Activated worker 0, on threshold: 41, current: 43
[37.218s][debug][gc,refine         ] Deactivated worker 0, off threshold: 39, current: 39, processed: 4
[37.224s][debug][gc,refine         ] Activated worker 0, on threshold: 41, current: 41
[37.225s][debug][gc,refine         ] Deactivated worker 0, off threshold: 39, current: 39, processed: 2
[37.326s][debug][gc,refine         ] Activated worker 0, on threshold: 41, current: 44
[37.330s][debug][gc,refine         ] Deactivated worker 0, off threshold: 39, current: 39, processed: 6
[37.334s][debug][gc,refine         ] Activated worker 0, on threshold: 41, current: 43
[37.335s][debug][gc,refine         ] Deactivated worker 0, off threshold: 39, current: 39, processed: 4
[37.339s][debug][gc,refine         ] Activated worker 0, on threshold: 41, current: 41
[37.339s][debug][gc,refine         ] Deactivated worker 0, off threshold: 39, current: 39, processed: 2
[37.444s][debug][gc,refine         ] Activated worker 0, on threshold: 41, current: 45
[37.449s][debug][gc,refine         ] Deactivated worker 0, off threshold: 39, current: 39, processed: 6
[37.452s][debug][gc,refine         ] Activated worker 0, on threshold: 41, current: 43
[37.453s][debug][gc,refine         ] Deactivated worker 0, off threshold: 39, current: 39, processed: 4
[37.457s][debug][gc,refine         ] Activated worker 0, on threshold: 41, current: 41
[37.457s][debug][gc,refine         ] Deactivated worker 0, off threshold: 39, current: 39, processed: 2
[37.561s][debug][gc,refine         ] Activated worker 0, on threshold: 41, current: 45
[37.565s][debug][gc,refine         ] Deactivated worker 0, off threshold: 39, current: 39, processed: 6
[37.567s][debug][gc,refine         ] Activated worker 0, on threshold: 41, current: 43
[37.568s][debug][gc,refine         ] Deactivated worker 0, off threshold: 39, current: 39, processed: 4
[37.572s][debug][gc,refine         ] Activated worker 0, on threshold: 41, current: 41
[37.572s][debug][gc,refine         ] Deactivated worker 0, off threshold: 39, current: 39, processed: 2
[37.676s][debug][gc,refine         ] Activated worker 0, on threshold: 41, current: 45
[37.680s][debug][gc,refine         ] Deactivated worker 0, off threshold: 39, current: 39, processed: 6
[37.682s][debug][gc,refine         ] Activated worker 0, on threshold: 41, current: 43
[37.683s][debug][gc,refine         ] Deactivated worker 0, off threshold: 39, current: 39, processed: 4
[37.687s][debug][gc,refine         ] Activated worker 0, on threshold: 41, current: 41
[37.688s][debug][gc,refine         ] Deactivated worker 0, off threshold: 39, current: 39, processed: 2
[37.790s][debug][gc,refine         ] Activated worker 0, on threshold: 41, current: 45
[37.795s][debug][gc,refine         ] Deactivated worker 0, off threshold: 39, current: 39, processed: 6
[37.797s][debug][gc,refine         ] Activated worker 0, on threshold: 41, current: 43
[37.798s][debug][gc,refine         ] Deactivated worker 0, off threshold: 39, current: 39, processed: 4
[37.802s][debug][gc,refine         ] Activated worker 0, on threshold: 41, current: 41
[37.803s][debug][gc,refine         ] Deactivated worker 0, off threshold: 39, current: 39, processed: 2
[37.908s][debug][gc,refine         ] Activated worker 0, on threshold: 41, current: 45
[37.912s][debug][gc,refine         ] Deactivated worker 0, off threshold: 39, current: 39, processed: 6
[37.915s][debug][gc,refine         ] Activated worker 0, on threshold: 41, current: 43
[37.915s][debug][gc,refine         ] Deactivated worker 0, off threshold: 39, current: 39, processed: 4
[37.920s][debug][gc,refine         ] Activated worker 0, on threshold: 41, current: 41
[37.920s][debug][gc,refine         ] Deactivated worker 0, off threshold: 39, current: 39, processed: 2
[37.921s][debug][gc,refine         ] Activated worker 0, on threshold: 41, current: 45
[37.924s][debug][gc,refine         ] Deactivated worker 0, off threshold: 39, current: 39, processed: 6
[38.036s][debug][gc,refine         ] Activated worker 0, on threshold: 41, current: 43
[38.036s][debug][gc,refine         ] Deactivated worker 0, off threshold: 39, current: 39, processed: 4
[38.040s][debug][gc,refine         ] Activated worker 0, on threshold: 41, current: 41
[38.040s][debug][gc,refine         ] Deactivated worker 0, off threshold: 39, current: 39, processed: 2
[38.041s][debug][gc,refine         ] Activated worker 0, on threshold: 41, current: 45
[38.044s][debug][gc,refine         ] Deactivated worker 0, off threshold: 39, current: 39, processed: 6
[38.149s][debug][gc,refine         ] Activated worker 0, on threshold: 41, current: 43
[38.150s][debug][gc,refine         ] Deactivated worker 0, off threshold: 39, current: 39, processed: 4
[38.154s][debug][gc,refine         ] Activated worker 0, on threshold: 41, current: 41
[38.155s][debug][gc,refine         ] Deactivated worker 0, off threshold: 39, current: 39, processed: 2
[38.155s][debug][gc,refine         ] Activated worker 0, on threshold: 41, current: 45
[38.159s][debug][gc,refine         ] Deactivated worker 0, off threshold: 39, current: 39, processed: 6
[38.262s][debug][gc,refine         ] Activated worker 0, on threshold: 41, current: 43
[38.263s][debug][gc,refine         ] Deactivated worker 0, off threshold: 39, current: 39, processed: 4
[38.268s][debug][gc,refine         ] Activated worker 0, on threshold: 41, current: 41
[38.268s][debug][gc,refine         ] Deactivated worker 0, off threshold: 39, current: 39, processed: 2
[38.371s][debug][gc,refine         ] Activated worker 0, on threshold: 41, current: 45
[38.375s][debug][gc,refine         ] Deactivated worker 0, off threshold: 39, current: 39, processed: 6
[38.379s][debug][gc,refine         ] Activated worker 0, on threshold: 41, current: 43
[38.379s][debug][gc,refine         ] Deactivated worker 0, off threshold: 39, current: 39, processed: 4
[38.383s][debug][gc,refine         ] Activated worker 0, on threshold: 41, current: 41
[38.383s][debug][gc,refine         ] Deactivated worker 0, off threshold: 39, current: 39, processed: 2
[38.484s][debug][gc,refine         ] Activated worker 0, on threshold: 41, current: 45
[38.487s][debug][gc,refine         ] Deactivated worker 0, off threshold: 39, current: 39, processed: 6
[38.490s][debug][gc,refine         ] Activated worker 0, on threshold: 41, current: 43
[38.490s][debug][gc,refine         ] Deactivated worker 0, off threshold: 39, current: 39, processed: 4
[38.492s][debug][gc,ergo,ihop      ] Request concurrent cycle initiation (occupancy higher than threshold) occupancy: 113246208B allocation request: 1048592B threshold: 113052279B (7.24) source: concurrent humongous allocation
[38.493s][debug][gc,ergo           ] Request concurrent cycle initiation (requested by GC cause). GC cause: G1 Humongous Allocation
[38.493s][debug][gc,heap           ] GC(88) Heap before GC invocations=88 (full 0): garbage-first heap   total 1524736K, used 356352K [0x0000000780000000, 0x0000000800000000)
[38.493s][debug][gc,heap           ] GC(88)   region size 1024K, 241 young (246784K), 16 survivors (16384K)
[38.493s][debug][gc,heap           ] GC(88)  Metaspace       used 13282K, capacity 13734K, committed 13824K, reserved 1060864K
[38.493s][debug][gc,heap           ] GC(88)   class space    used 1352K, capacity 1515K, committed 1536K, reserved 1048576K
[38.493s][debug][gc,ergo           ] GC(88) Initiate concurrent cycle (concurrent cycle initiation requested)
[38.493s][info ][gc,start          ] GC(88) Pause Young (Concurrent Start) (G1 Humongous Allocation)
[38.493s][info ][gc,task           ] GC(88) Using 4 workers of 4 for evacuation
[38.493s][debug][gc,tlab           ] GC(88) TLAB totals: thrds: 4  refills: 670 max: 663 slow allocs: 63 max 63 waste:  0.4% gc: 476840B max: 403560B slow: 399864B max: 397304B fast: 0B max: 0B
[38.493s][debug][gc,alloc,region   ] GC(88) Mutator Allocation stats, regions: 225, wasted size: 0B ( 0.0%)
[38.493s][debug][gc,age            ] GC(88) Desired survivor size 23068672 bytes, new threshold 15 (max threshold 15)
[38.493s][debug][gc,ergo,cset      ] GC(88) Finish choosing CSet. old: 0 regions, predicted old region time: 0.00ms, time remaining: 26.44
[38.493s][debug][gc,refine         ] Activated worker 0, on threshold: 41, current: 43
[38.493s][debug][gc,task,stats     ] GC(88) GC Termination Stats
[38.493s][debug][gc,task,stats     ] GC(88)      elapsed  --strong roots-- -------termination------- ------waste (KiB)------
[38.493s][debug][gc,task,stats     ] GC(88) thr     ms        ms      %        ms      %    attempts  total   alloc    undo
[38.493s][debug][gc,task,stats     ] GC(88) --- --------- --------- ------ --------- ------ -------- ------- ------- -------
[38.702s][debug][gc,task,stats     ] GC(88)   0    208.91    208.35  99.73      0.03   0.01        2     417     417       0
[38.702s][debug][gc,task,stats     ] GC(88)   3    208.95    208.86  99.96      0.00   0.00        1     390     390       0
[38.702s][debug][gc,task,stats     ] GC(88)   1    209.02    207.90  99.46      0.03   0.01        2     426     426       0
[38.702s][debug][gc,task,stats     ] GC(88)   2    209.00    207.83  99.44      0.03   0.01        2     402     402       0
[38.702s][debug][gc,ergo           ] GC(88) Running G1 Clear Card Table Task using 1 workers for 1 units of work for 273 regions.
[38.702s][debug][gc,ref            ] GC(88) Skipped phase1 of Reference Processing due to unavailable references
[38.702s][debug][gc,ref            ] GC(88) Skipped phase2 of Reference Processing due to unavailable references
[38.702s][debug][gc,ref            ] GC(88) Skipped phase3 of Reference Processing due to unavailable references
[38.702s][debug][gc,ref            ] GC(88) Skipped phase4 of Reference Processing due to unavailable references
[38.702s][debug][gc,ergo           ] GC(88) Running G1 Free Collection Set using 4 workers for collection set length 241
[38.702s][debug][gc,humongous      ] GC(88) Live humongous region 5 object size 524304 start 0x0000000780500000  with remset 0 code roots 0 is marked 0 reclaim candidate 0 type array 0
[38.702s][debug][gc,humongous      ] GC(88) Live humongous region 6 object size 1048592 start 0x0000000780600000  with remset 0 code roots 0 is marked 0 reclaim candidate 0 type array 0
[38.703s][debug][gc,humongous      ] GC(88) Live humongous region 8 object size 524304 start 0x0000000780800000  with remset 0 code roots 0 is marked 0 reclaim candidate 0 type array 0
[38.703s][debug][gc,humongous      ] GC(88) Live humongous region 13 object size 1048592 start 0x0000000780d00000  with remset 0 code roots 0 is marked 0 reclaim candidate 0 type array 0
[38.703s][debug][gc,humongous      ] GC(88) Live humongous region 17 object size 524304 start 0x0000000781100000  with remset 0 code roots 0 is marked 0 reclaim candidate 0 type array 0
[38.703s][debug][gc,humongous      ] GC(88) Live humongous region 19 object size 1048592 start 0x0000000781300000  with remset 0 code roots 0 is marked 0 reclaim candidate 0 type array 0
[38.703s][debug][gc,humongous      ] GC(88) Live humongous region 22 object size 524304 start 0x0000000781600000  with remset 0 code roots 0 is marked 0 reclaim candidate 0 type array 0
[38.703s][debug][gc,humongous      ] GC(88) Live humongous region 23 object size 1048592 start 0x0000000781700000  with remset 0 code roots 0 is marked 0 reclaim candidate 0 type array 0
[38.703s][debug][gc,humongous      ] GC(88) Live humongous region 25 object size 524304 start 0x0000000781900000  with remset 0 code roots 0 is marked 0 reclaim candidate 0 type array 0
[38.703s][debug][gc,humongous      ] GC(88) Live humongous region 26 object size 1048592 start 0x0000000781a00000  with remset 0 code roots 0 is marked 0 reclaim candidate 0 type array 0
[38.703s][debug][gc,humongous      ] GC(88) Live humongous region 29 object size 524304 start 0x0000000781d00000  with remset 0 code roots 0 is marked 0 reclaim candidate 0 type array 0
[38.703s][debug][gc,humongous      ] GC(88) Live humongous region 30 object size 1048592 start 0x0000000781e00000  with remset 0 code roots 0 is marked 0 reclaim candidate 0 type array 0
[38.703s][debug][gc,humongous      ] GC(88) Live humongous region 32 object size 524304 start 0x0000000782000000  with remset 0 code roots 0 is marked 0 reclaim candidate 0 type array 0
[38.703s][debug][gc,humongous      ] GC(88) Live humongous region 34 object size 1048592 start 0x0000000782200000  with remset 0 code roots 0 is marked 0 reclaim candidate 0 type array 0
[38.703s][debug][gc,humongous      ] GC(88) Live humongous region 36 object size 524304 start 0x0000000782400000  with remset 0 code roots 0 is marked 0 reclaim candidate 0 type array 0
[38.703s][debug][gc,humongous      ] GC(88) Live humongous region 38 object size 1048592 start 0x0000000782600000  with remset 0 code roots 0 is marked 0 reclaim candidate 0 type array 0
[38.703s][debug][gc,humongous      ] GC(88) Live humongous region 40 object size 524304 start 0x0000000782800000  with remset 0 code roots 0 is marked 0 reclaim candidate 0 type array 0
[38.703s][debug][gc,humongous      ] GC(88) Live humongous region 41 object size 1048592 start 0x0000000782900000  with remset 0 code roots 0 is marked 0 reclaim candidate 0 type array 0
[38.703s][debug][gc,humongous      ] GC(88) Live humongous region 43 object size 524304 start 0x0000000782b00000  with remset 0 code roots 0 is marked 0 reclaim candidate 0 type array 0
[38.703s][debug][gc,humongous      ] GC(88) Live humongous region 44 object size 1048592 start 0x0000000782c00000  with remset 0 code roots 0 is marked 0 reclaim candidate 0 type array 0
[38.703s][debug][gc,humongous      ] GC(88) Live humongous region 46 object size 524304 start 0x0000000782e00000  with remset 0 code roots 0 is marked 0 reclaim candidate 0 type array 0
[38.703s][debug][gc,humongous      ] GC(88) Live humongous region 47 object size 524304 start 0x0000000782f00000  with remset 0 code roots 0 is marked 0 reclaim candidate 0 type array 0
[38.703s][debug][gc,humongous      ] GC(88) Live humongous region 49 object size 1048592 start 0x0000000783100000  with remset 0 code roots 0 is marked 0 reclaim candidate 0 type array 0
[38.703s][debug][gc,humongous      ] GC(88) Live humongous region 51 object size 1048592 start 0x0000000783300000  with remset 0 code roots 0 is marked 0 reclaim candidate 0 type array 0
[38.703s][debug][gc,humongous      ] GC(88) Live humongous region 53 object size 524304 start 0x0000000783500000  with remset 0 code roots 0 is marked 0 reclaim candidate 0 type array 0
[38.703s][debug][gc,humongous      ] GC(88) Live humongous region 54 object size 1048592 start 0x0000000783600000  with remset 0 code roots 0 is marked 0 reclaim candidate 0 type array 0
[38.703s][debug][gc,humongous      ] GC(88) Live humongous region 56 object size 524304 start 0x0000000783800000  with remset 0 code roots 0 is marked 0 reclaim candidate 0 type array 0
[38.703s][debug][gc,humongous      ] GC(88) Live humongous region 57 object size 1048592 start 0x0000000783900000  with remset 0 code roots 0 is marked 0 reclaim candidate 0 type array 0
[38.703s][debug][gc,humongous      ] GC(88) Live humongous region 59 object size 524304 start 0x0000000783b00000  with remset 0 code roots 0 is marked 0 reclaim candidate 0 type array 0
[38.703s][debug][gc,humongous      ] GC(88) Live humongous region 61 object size 1048592 start 0x0000000783d00000  with remset 0 code roots 0 is marked 0 reclaim candidate 0 type array 0
[38.703s][debug][gc,humongous      ] GC(88) Live humongous region 63 object size 524304 start 0x0000000783f00000  with remset 0 code roots 0 is marked 0 reclaim candidate 0 type array 0
[38.703s][debug][gc,humongous      ] GC(88) Live humongous region 64 object size 1048592 start 0x0000000784000000  with remset 0 code roots 0 is marked 0 reclaim candidate 0 type array 0
[38.703s][debug][gc,humongous      ] GC(88) Live humongous region 66 object size 524304 start 0x0000000784200000  with remset 0 code roots 0 is marked 0 reclaim candidate 0 type array 0
[38.703s][debug][gc,humongous      ] GC(88) Live humongous region 67 object size 1048592 start 0x0000000784300000  with remset 0 code roots 0 is marked 0 reclaim candidate 0 type array 0
[38.703s][debug][gc,humongous      ] GC(88) Live humongous region 69 object size 524304 start 0x0000000784500000  with remset 0 code roots 0 is marked 0 reclaim candidate 0 type array 0
[38.703s][debug][gc,humongous      ] GC(88) Live humongous region 70 object size 1048592 start 0x0000000784600000  with remset 0 code roots 0 is marked 0 reclaim candidate 0 type array 0
[38.703s][debug][gc,humongous      ] GC(88) Live humongous region 72 object size 524304 start 0x0000000784800000  with remset 0 code roots 0 is marked 0 reclaim candidate 0 type array 0
[38.703s][debug][gc,humongous      ] GC(88) Live humongous region 73 object size 1048592 start 0x0000000784900000  with remset 0 code roots 0 is marked 0 reclaim candidate 0 type array 0
[38.703s][debug][gc,humongous      ] GC(88) Live humongous region 75 object size 524304 start 0x0000000784b00000  with remset 0 code roots 0 is marked 0 reclaim candidate 0 type array 0
[38.703s][debug][gc,humongous      ] GC(88) Live humongous region 76 object size 1048592 start 0x0000000784c00000  with remset 0 code roots 0 is marked 0 reclaim candidate 0 type array 0
[38.703s][debug][gc,humongous      ] GC(88) Live humongous region 78 object size 524304 start 0x0000000784e00000  with remset 0 code roots 0 is marked 0 reclaim candidate 0 type array 0
[38.703s][debug][gc,humongous      ] GC(88) Live humongous region 79 object size 1048592 start 0x0000000784f00000  with remset 0 code roots 0 is marked 0 reclaim candidate 0 type array 0
[38.703s][debug][gc,humongous      ] GC(88) Live humongous region 81 object size 524304 start 0x0000000785100000  with remset 0 code roots 0 is marked 1 reclaim candidate 0 type array 0
[38.703s][debug][gc,plab           ] GC(88) Young PLAB allocation: allocated: 46137344B, wasted: 2128B, unused: 0B, used: 46135216B, undo waste: 0B, 
[38.703s][debug][gc,plab           ] GC(88) Young other allocation: region end waste: 0B, regions filled: 44, direct allocated: 0B, failure used: 0B, failure wasted: 0B
[38.703s][debug][gc,plab           ] GC(88) Young sizing: calculated: 9227040B, actual: 7707968B
[38.703s][debug][gc,plab           ] GC(88) Old PLAB allocation: allocated: 183942496B, wasted: 1674480B, unused: 1744B, used: 182266272B, undo waste: 0B, 
[38.703s][debug][gc,plab           ] GC(88) Old other allocation: region end waste: 0B, regions filled: 176, direct allocated: 0B, failure used: 0B, failure wasted: 0B
[38.703s][debug][gc,plab           ] GC(88) Old sizing: calculated: 36453248B, actual: 27339976B
[38.703s][info ][gc,mmu            ] GC(88) MMU target violated: 201.0ms (200.0ms/201.0ms)
[38.703s][debug][gc,alloc,stats    ] Old generation allocation in the last mutator period, old gen allocated: 183942496B, humongous allocated: 67108864B,old gen growth: 247905632B.
[38.703s][debug][gc,ihop           ] GC(88) Basic information (value update), threshold: 233286702B (14.94), target occupancy: 1561329664B, current occupancy: 343326208B, recent allocation size: 251051360B, recent allocation duration: 2449.82ms, recent old gen allocation rate: 102477624.33B/s, recent marking phase length: 232.15ms
[38.703s][debug][gc,ihop           ] GC(88) Adaptive IHOP information (value update), threshold: 233286702B (15.73), internal target occupancy: 1483263180B, occupancy: 343326208B, additional buffer size: 246415360B, predicted old gen allocation rate: 2827126617.80B/s, predicted marking phase length: 354.98ms, prediction active: true
[38.703s][debug][gc,ergo,refine    ] GC(88) Updated Refinement Zones: green: 42, yellow: 126, red: 210
[38.703s][info ][gc,phases         ] GC(88)   Pre Evacuate Collection Set: 0.1ms
[38.703s][debug][gc,phases         ] GC(88)     Prepare TLABs: 0.0ms
[38.703s][debug][gc,phases         ] GC(88)     Choose Collection Set: 0.0ms
[38.703s][debug][gc,phases         ] GC(88)     Humongous Register: 0.0ms
[38.703s][debug][gc,phases         ] GC(88)     Clear Claimed Marks: 0.0ms
[38.703s][info ][gc,phases         ] GC(88)   Evacuate Collection Set: 209.2ms
[38.703s][debug][gc,phases         ] GC(88)     Ext Root Scanning (ms):   Min:  0.3, Avg:  0.3, Max:  0.3, Diff:  0.0, Sum:  1.1, Workers: 4
[38.703s][debug][gc,phases         ] GC(88)     Update RS (ms):           Min:  2.4, Avg:  3.5, Max:  6.5, Diff:  4.1, Sum: 14.2, Workers: 4
[38.703s][debug][gc,phases         ] GC(88)       Processed Buffers:        Min: 5, Avg: 10.8, Max: 25, Diff: 20, Sum: 43, Workers: 4
[38.703s][debug][gc,phases         ] GC(88)       Scanned Cards:            Min: 843, Avg: 2514.8, Max: 6400, Diff: 5557, Sum: 10059, Workers: 4
[38.703s][debug][gc,phases         ] GC(88)       Skipped Cards:            Min: 0, Avg:  0.0, Max: 0, Diff: 0, Sum: 0, Workers: 4
[38.703s][debug][gc,phases         ] GC(88)     Scan RS (ms):             Min:  6.2, Avg:  6.6, Max:  7.5, Diff:  1.3, Sum: 26.4, Workers: 4
[38.703s][debug][gc,phases         ] GC(88)       Scanned Cards:            Min: 3394, Avg: 3519.2, Max: 3598, Diff: 204, Sum: 14077, Workers: 4
[38.703s][debug][gc,phases         ] GC(88)       Claimed Cards:            Min: 3585, Avg: 3654.0, Max: 3795, Diff: 210, Sum: 14616, Workers: 4
[38.703s][debug][gc,phases         ] GC(88)       Skipped Cards:            Min: 223, Avg: 1457.5, Max: 2469, Diff: 2246, Sum: 5830, Workers: 4
[38.703s][debug][gc,phases         ] GC(88)     Code Root Scanning (ms):  Min:  0.0, Avg:  0.0, Max:  0.1, Diff:  0.0, Sum:  0.1, Workers: 4
[38.703s][debug][gc,phases         ] GC(88)     JVMCI Root Scan (ms):     skipped
[38.703s][debug][gc,phases         ] GC(88)     Object Copy (ms):         Min: 195.7, Avg: 198.4, Max: 199.9, Diff:  4.2, Sum: 793.4, Workers: 4
[38.703s][debug][gc,phases         ] GC(88)     Termination (ms):         Min:  0.0, Avg:  0.0, Max:  0.0, Diff:  0.0, Sum:  0.1, Workers: 4
[38.703s][debug][gc,phases         ] GC(88)       Termination Attempts:     Min: 1, Avg:  1.8, Max: 2, Diff: 1, Sum: 7, Workers: 4
[38.703s][debug][gc,phases         ] GC(88)     GC Worker Other (ms):     Min:  0.1, Avg:  0.2, Max:  0.2, Diff:  0.1, Sum:  0.7, Workers: 4
[38.703s][debug][gc,phases         ] GC(88)     GC Worker Total (ms):     Min: 209.0, Avg: 209.0, Max: 209.0, Diff:  0.1, Sum: 836.0, Workers: 4
[38.703s][info ][gc,phases         ] GC(88)   Post Evacuate Collection Set: 0.7ms
[38.703s][debug][gc,phases         ] GC(88)     Code Roots Fixup: 0.0ms
[38.703s][debug][gc,phases         ] GC(88)     Clear Card Table: 0.1ms
[38.703s][debug][gc,phases         ] GC(88)     Reference Processing: 0.0ms
[38.703s][debug][gc,phases,ref     ] GC(88)       Reconsider SoftReferences: 0.0ms
[38.703s][debug][gc,phases,ref     ] GC(88)         SoftRef (ms):             skipped
[38.703s][debug][gc,phases,ref     ] GC(88)       Notify Soft/WeakReferences: 0.0ms
[38.703s][debug][gc,phases,ref     ] GC(88)         SoftRef (ms):             skipped
[38.703s][debug][gc,phases,ref     ] GC(88)         WeakRef (ms):             skipped
[38.703s][debug][gc,phases,ref     ] GC(88)         FinalRef (ms):            skipped
[38.703s][debug][gc,phases,ref     ] GC(88)         Total (ms):               skipped
[38.703s][debug][gc,phases,ref     ] GC(88)       Notify and keep alive finalizable: 0.0ms
[38.703s][debug][gc,phases,ref     ] GC(88)         FinalRef (ms):            skipped
[38.703s][debug][gc,phases,ref     ] GC(88)       Notify PhantomReferences: 0.0ms
[38.703s][debug][gc,phases,ref     ] GC(88)         PhantomRef (ms):          skipped
[38.703s][debug][gc,phases,ref     ] GC(88)       SoftReference:
[38.703s][debug][gc,phases,ref     ] GC(88)         Discovered: 0
[38.703s][debug][gc,phases,ref     ] GC(88)         Cleared: 0
[38.703s][debug][gc,phases,ref     ] GC(88)       WeakReference:
[38.703s][debug][gc,phases,ref     ] GC(88)         Discovered: 0
[38.703s][debug][gc,phases,ref     ] GC(88)         Cleared: 0
[38.703s][debug][gc,phases,ref     ] GC(88)       FinalReference:
[38.703s][debug][gc,phases,ref     ] GC(88)         Discovered: 0
[38.703s][debug][gc,phases,ref     ] GC(88)         Cleared: 0
[38.703s][debug][gc,phases,ref     ] GC(88)       PhantomReference:
[38.703s][debug][gc,phases,ref     ] GC(88)         Discovered: 0
[38.703s][debug][gc,phases,ref     ] GC(88)         Cleared: 0
[38.703s][debug][gc,phases         ] GC(88)     Weak Processing: 0.0ms
[38.703s][debug][gc,phases         ] GC(88)     Merge Per-Thread State: 0.0ms
[38.703s][debug][gc,phases         ] GC(88)     Code Roots Purge: 0.0ms
[38.703s][debug][gc,phases         ] GC(88)     Redirty Cards: 0.0ms
[38.703s][debug][gc,phases         ] GC(88)     DerivedPointerTable Update: 0.0ms
[38.703s][debug][gc,phases         ] GC(88)     Free Collection Set: 0.2ms
[38.703s][debug][gc,phases         ] GC(88)     Humongous Reclaim: 0.3ms
[38.703s][debug][gc,phases         ] GC(88)     Start New Collection Set: 0.0ms
[38.703s][debug][gc,phases         ] GC(88)     Resize TLABs: 0.0ms
[38.703s][debug][gc,phases         ] GC(88)     Expand Heap After Collection: 0.0ms
[38.703s][info ][gc,phases         ] GC(88)   Other: 0.4ms
[38.703s][info ][gc,heap           ] GC(88) Eden regions: 225->0(191)
[38.703s][info ][gc,heap           ] GC(88) Survivor regions: 16->44(44)
[38.703s][info ][gc,heap           ] GC(88) Old regions: 44->220
[38.703s][info ][gc,heap           ] GC(88) Humongous regions: 64->64
[38.703s][info ][gc,metaspace      ] GC(88) Metaspace: 13282K->13282K(1060864K)
[38.703s][debug][gc,heap           ] GC(88) Heap after GC invocations=89 (full 0): garbage-first heap   total 1524736K, used 335279K [0x0000000780000000, 0x0000000800000000)
[38.703s][debug][gc,heap           ] GC(88)   region size 1024K, 44 young (45056K), 44 survivors (45056K)
[38.703s][debug][gc,heap           ] GC(88)  Metaspace       used 13282K, capacity 13734K, committed 13824K, reserved 1060864K
[38.703s][debug][gc,heap           ] GC(88)   class space    used 1352K, capacity 1515K, committed 1536K, reserved 1048576K
[38.703s][info ][gc                ] GC(88) Pause Young (Concurrent Start) (G1 Humongous Allocation) 348M->327M(1489M) 210.659ms
[38.703s][info ][gc,cpu            ] GC(88) User=0.68s Sys=0.03s Real=0.21s
[38.703s][info ][gc                ] GC(89) Concurrent Cycle
[38.703s][debug][gc,refine         ] Deactivated worker 0, off threshold: 42, current: 16, processed: 0
[38.703s][info ][gc,marking        ] GC(89) Concurrent Clear Claimed Marks
[38.704s][info ][gc,marking        ] GC(89) Concurrent Clear Claimed Marks 0.115ms
[38.704s][info ][gc,marking        ] GC(89) Concurrent Scan Root Regions
[38.704s][debug][gc,ergo           ] GC(89) Running G1 Root Region Scan using 1 workers for 44 work units.
[38.723s][info ][gc,marking        ] GC(89) Concurrent Scan Root Regions 19.220ms
[38.723s][info ][gc,marking        ] GC(89) Concurrent Mark (38.723s)
[38.723s][info ][gc,marking        ] GC(89) Concurrent Mark From Roots
[38.723s][info ][gc,task           ] GC(89) Using 1 workers of 1 for marking
[38.728s][debug][gc,stats          ] ---------------------------------------------------------------------
[38.728s][debug][gc,stats          ] Marking Stats, task = 0, calls = 1
[38.728s][debug][gc,stats          ]   Elapsed time = 5.04ms, Termination time = 0.00ms
[38.728s][debug][gc,stats          ]   Step Times (cum): num = 621, avg = 0.52ms, sd = 1.96ms max = 9.88ms, total = 325.86ms
[38.728s][debug][gc,stats          ]   Mark Stats Cache: hits 57542 misses 44 ratio 99.924
[38.728s][debug][gc,stats          ] ---------------------------------------------------------------------
[38.728s][info ][gc,marking        ] GC(89) Concurrent Mark From Roots 5.156ms
[38.728s][info ][gc,marking        ] GC(89) Concurrent Preclean
[38.728s][debug][gc,ref,start      ] GC(89) Preclean SoftReferences
[38.728s][debug][gc,ref            ] GC(89) Preclean SoftReferences 0.010ms
[38.728s][debug][gc,ref,start      ] GC(89) Preclean WeakReferences
[38.728s][debug][gc,ref            ] GC(89) Preclean WeakReferences 0.011ms
[38.728s][debug][gc,ref,start      ] GC(89) Preclean FinalReferences
[38.728s][debug][gc,ref            ] GC(89) Preclean FinalReferences 0.007ms
[38.728s][debug][gc,ref,start      ] GC(89) Preclean PhantomReferences
[38.728s][debug][gc,ref            ] GC(89) Preclean PhantomReferences 0.007ms
[38.728s][info ][gc,marking        ] GC(89) Concurrent Preclean 0.067ms
[38.728s][info ][gc,marking        ] GC(89) Concurrent Mark (38.723s, 38.728s) 5.248ms
[38.728s][info ][gc,start          ] GC(89) Pause Remark
[38.728s][debug][gc,phases,start   ] GC(89) Finalize Marking
[38.729s][debug][gc,stats          ] ---------------------------------------------------------------------
[38.729s][debug][gc,stats          ] Marking Stats, task = 0, calls = 18
[38.729s][debug][gc,stats          ]   Elapsed time = 0.63ms, Termination time = 0.63ms
[38.729s][debug][gc,stats          ]   Step Times (cum): num = 638, avg = 0.51ms, sd = 1.94ms max = 9.88ms, total = 326.49ms
[38.729s][debug][gc,stats          ]   Mark Stats Cache: hits 57542 misses 44 ratio 99.924
[38.729s][debug][gc,stats          ] ---------------------------------------------------------------------
[38.729s][debug][gc,stats          ] Marking Stats, task = 1, calls = 1
[38.729s][debug][gc,stats          ]   Elapsed time = 0.63ms, Termination time = 0.62ms
[38.729s][debug][gc,stats          ]   Step Times (cum): num = 36, avg = 0.18ms, sd = 0.23ms max = 0.77ms, total = 6.65ms
[38.729s][debug][gc,stats          ]   Mark Stats Cache: hits 2770 misses 5 ratio 99.820
[38.729s][debug][gc,stats          ] ---------------------------------------------------------------------
[38.729s][debug][gc,stats          ] Marking Stats, task = 2, calls = 1
[38.729s][debug][gc,stats          ]   Elapsed time = 0.64ms, Termination time = 0.62ms
[38.729s][debug][gc,stats          ]   Step Times (cum): num = 35, avg = 0.15ms, sd = 0.25ms max = 0.75ms, total = 5.11ms
[38.729s][debug][gc,stats          ]   Mark Stats Cache: hits 33 misses 3 ratio 91.667
[38.729s][debug][gc,stats          ] ---------------------------------------------------------------------
[38.729s][debug][gc,stats          ] Marking Stats, task = 3, calls = 1
[38.729s][debug][gc,stats          ]   Elapsed time = 0.00ms, Termination time = 0.00ms
[38.729s][debug][gc,stats          ]   Step Times (cum): num = 33, avg = 0.01ms, sd = 0.01ms max = 0.08ms, total = 0.22ms
[38.729s][debug][gc,stats          ]   Mark Stats Cache: hits 47 misses 2 ratio 95.918
[38.729s][debug][gc,stats          ] ---------------------------------------------------------------------
[38.729s][debug][gc,phases         ] GC(89) Finalize Marking 0.789ms
[38.729s][debug][gc,phases,start   ] GC(89) Reference Processing
[38.729s][debug][gc,ref            ] GC(89) Skipped phase1 of Reference Processing due to unavailable references
[38.729s][debug][gc,ref            ] GC(89) Skipped phase2 of Reference Processing due to unavailable references
[38.729s][debug][gc,ref            ] GC(89) Skipped phase3 of Reference Processing due to unavailable references
[38.729s][debug][gc,ref            ] GC(89) Skipped phase4 of Reference Processing due to unavailable references
[38.729s][debug][gc,phases,ref     ] GC(89) Reference Processing: 0.0ms
[38.729s][debug][gc,phases,ref     ] GC(89)   Reconsider SoftReferences: 0.0ms
[38.729s][debug][gc,phases,ref     ] GC(89)     SoftRef (ms):             skipped
[38.729s][debug][gc,phases,ref     ] GC(89)   Notify Soft/WeakReferences: 0.0ms
[38.729s][debug][gc,phases,ref     ] GC(89)     SoftRef (ms):             skipped
[38.729s][debug][gc,phases,ref     ] GC(89)     WeakRef (ms):             skipped
[38.729s][debug][gc,phases,ref     ] GC(89)     FinalRef (ms):            skipped
[38.729s][debug][gc,phases,ref     ] GC(89)     Total (ms):               skipped
[38.729s][debug][gc,phases,ref     ] GC(89)   Notify and keep alive finalizable: 0.0ms
[38.729s][debug][gc,phases,ref     ] GC(89)     FinalRef (ms):            skipped
[38.729s][debug][gc,phases,ref     ] GC(89)   Notify PhantomReferences: 0.0ms
[38.729s][debug][gc,phases,ref     ] GC(89)     PhantomRef (ms):          skipped
[38.729s][debug][gc,phases,ref     ] GC(89)   SoftReference:
[38.729s][debug][gc,phases,ref     ] GC(89)     Discovered: 0
[38.729s][debug][gc,phases,ref     ] GC(89)     Cleared: 0
[38.729s][debug][gc,phases,ref     ] GC(89)   WeakReference:
[38.729s][debug][gc,phases,ref     ] GC(89)     Discovered: 0
[38.729s][debug][gc,phases,ref     ] GC(89)     Cleared: 0
[38.729s][debug][gc,phases,ref     ] GC(89)   FinalReference:
[38.729s][debug][gc,phases,ref     ] GC(89)     Discovered: 0
[38.729s][debug][gc,phases,ref     ] GC(89)     Cleared: 0
[38.729s][debug][gc,phases,ref     ] GC(89)   PhantomReference:
[38.729s][debug][gc,phases,ref     ] GC(89)     Discovered: 0
[38.729s][debug][gc,phases,ref     ] GC(89)     Cleared: 0
[38.729s][debug][gc,phases         ] GC(89) Reference Processing 0.195ms
[38.729s][debug][gc,phases,start   ] GC(89) Weak Processing
[38.729s][debug][gc,phases         ] GC(89) Weak Processing 0.018ms
[38.729s][debug][gc,phases,start   ] GC(89) Class Unloading
[38.729s][debug][gc,phases,start   ] GC(89) ClassLoaderData
[38.729s][debug][gc,phases         ] GC(89) ClassLoaderData 0.049ms
[38.729s][debug][gc,phases,start   ] GC(89) ProtectionDomainCacheTable
[38.729s][debug][gc,phases         ] GC(89) ProtectionDomainCacheTable 0.008ms
[38.731s][info ][gc,stringtable    ] GC(89) Cleaned string and symbol table, strings: 6167 processed, 0 removed, symbols: 45233 processed, 0 removed
[38.731s][debug][gc,phases         ] GC(89) Class Unloading 1.499ms
[38.731s][debug][gc,phases,start   ] GC(89) Flush Task Caches
[38.731s][debug][gc,stats          ] Mark stats cache hits 60392 misses 54 ratio 99.911
[38.731s][debug][gc,phases         ] GC(89) Flush Task Caches 0.029ms
[38.731s][debug][gc,phases,start   ] GC(89) Update Remembered Set Tracking Before Rebuild
[38.731s][debug][gc,ergo           ] GC(89) Running G1 Update RemSet Tracking Before Rebuild using 4 workers for 1489 regions in heap
[38.731s][debug][gc,remset,tracking] GC(89) Remembered Set Tracking update regions total 1489, selected 46
[38.731s][debug][gc,phases         ] GC(89) Update Remembered Set Tracking Before Rebuild 0.173ms
[38.731s][debug][gc,phases,start   ] GC(89) Reclaim Empty Regions
[38.731s][debug][gc                ] GC(89) Reclaimed 237 empty regions
[38.731s][debug][gc,phases         ] GC(89) Reclaim Empty Regions 0.214ms
[38.731s][debug][gc,phases,start   ] GC(89) Purge Metaspace
[38.731s][debug][gc,phases         ] GC(89) Purge Metaspace 0.007ms
[38.731s][debug][gc,phases,start   ] GC(89) Report Object Count
[38.731s][debug][gc,phases         ] GC(89) Report Object Count 0.007ms
[38.731s][info ][gc                ] GC(89) Pause Remark 330M->93M(1489M) 3.038ms
[38.731s][info ][gc,cpu            ] GC(89) User=0.01s Sys=0.00s Real=0.00s
[38.731s][info ][gc,marking        ] GC(89) Concurrent Rebuild Remembered Sets
[38.736s][info ][gc,marking        ] GC(89) Concurrent Rebuild Remembered Sets 4.558ms
[38.736s][info ][gc,start          ] GC(89) Pause Cleanup
[38.736s][debug][gc,phases,start   ] GC(89) Update Remembered Set Tracking After Rebuild
[38.736s][debug][gc,phases         ] GC(89) Update Remembered Set Tracking After Rebuild 0.035ms
[38.736s][debug][gc,phases,start   ] GC(89) Finalize Concurrent Mark Cleanup
[38.736s][debug][gc,ergo           ] GC(89) request young-only gcs (reclaimable percentage not over threshold). candidate old regions: 45 reclaimable: 45543160 (2.92) threshold: 5
[38.736s][debug][gc,phases         ] GC(89) Finalize Concurrent Mark Cleanup 0.143ms
[38.736s][info ][gc                ] GC(89) Pause Cleanup 93M->93M(1489M) 0.220ms
[38.736s][info ][gc,cpu            ] GC(89) User=0.00s Sys=0.00s Real=0.00s
[38.736s][info ][gc,marking        ] GC(89) Concurrent Cleanup for Next Mark
[38.736s][debug][gc,ergo           ] GC(89) Running G1 Clear Bitmap with 1 workers for 24 work units.
[38.738s][info ][gc,marking        ] GC(89) Concurrent Cleanup for Next Mark 1.906ms
[38.738s][info ][gc                ] GC(89) Concurrent Cycle 34.706ms
[39.040s][debug][gc,refine         ] Activated worker 0, on threshold: 44, current: 48
[39.041s][debug][gc,refine         ] Deactivated worker 0, off threshold: 42, current: 42, processed: 6
[39.048s][debug][gc,refine         ] Activated worker 0, on threshold: 44, current: 46
[39.049s][debug][gc,refine         ] Deactivated worker 0, off threshold: 42, current: 42, processed: 4
[39.053s][debug][gc,refine         ] Activated worker 0, on threshold: 44, current: 44
[39.053s][debug][gc,refine         ] Deactivated worker 0, off threshold: 42, current: 42, processed: 2
[39.054s][debug][gc,refine         ] Activated worker 0, on threshold: 44, current: 48
[39.056s][debug][gc,refine         ] Deactivated worker 0, off threshold: 42, current: 42, processed: 6
[39.164s][debug][gc,refine         ] Activated worker 0, on threshold: 44, current: 46
[39.165s][debug][gc,refine         ] Deactivated worker 0, off threshold: 42, current: 42, processed: 4
[39.170s][debug][gc,refine         ] Activated worker 0, on threshold: 44, current: 44
[39.170s][debug][gc,refine         ] Deactivated worker 0, off threshold: 42, current: 42, processed: 2
[39.171s][debug][gc,refine         ] Activated worker 0, on threshold: 44, current: 48
[39.173s][debug][gc,refine         ] Deactivated worker 0, off threshold: 42, current: 42, processed: 6
[39.284s][debug][gc,refine         ] Activated worker 0, on threshold: 44, current: 46
[39.285s][debug][gc,refine         ] Deactivated worker 0, off threshold: 42, current: 42, processed: 4
[39.291s][debug][gc,refine         ] Activated worker 0, on threshold: 44, current: 44
[39.291s][debug][gc,refine         ] Deactivated worker 0, off threshold: 42, current: 42, processed: 2
[39.397s][debug][gc,refine         ] Activated worker 0, on threshold: 44, current: 48
[39.400s][debug][gc,refine         ] Deactivated worker 0, off threshold: 42, current: 42, processed: 6
[39.403s][debug][gc,refine         ] Activated worker 0, on threshold: 44, current: 44
[39.404s][debug][gc,refine         ] Deactivated worker 0, off threshold: 42, current: 42, processed: 4
[39.407s][debug][gc,refine         ] Activated worker 0, on threshold: 44, current: 44
[39.408s][debug][gc,refine         ] Deactivated worker 0, off threshold: 42, current: 42, processed: 2
[39.509s][debug][gc,refine         ] Activated worker 0, on threshold: 44, current: 44
[39.511s][debug][gc,refine         ] Deactivated worker 0, off threshold: 42, current: 42, processed: 6
[39.514s][debug][gc,refine         ] Activated worker 0, on threshold: 44, current: 46
[39.516s][debug][gc,refine         ] Deactivated worker 0, off threshold: 42, current: 42, processed: 4
[39.519s][debug][gc,refine         ] Activated worker 0, on threshold: 44, current: 44
[39.519s][debug][gc,refine         ] Deactivated worker 0, off threshold: 42, current: 42, processed: 2
[39.622s][debug][gc,refine         ] Activated worker 0, on threshold: 44, current: 48
[39.626s][debug][gc,refine         ] Deactivated worker 0, off threshold: 42, current: 42, processed: 6
[39.629s][debug][gc,refine         ] Activated worker 0, on threshold: 44, current: 46
[39.630s][debug][gc,refine         ] Deactivated worker 0, off threshold: 42, current: 42, processed: 4
[39.634s][debug][gc,refine         ] Activated worker 0, on threshold: 44, current: 44
[39.634s][debug][gc,refine         ] Deactivated worker 0, off threshold: 42, current: 42, processed: 2
[39.740s][debug][gc,refine         ] Activated worker 0, on threshold: 44, current: 48
[39.744s][debug][gc,refine         ] Deactivated worker 0, off threshold: 42, current: 42, processed: 6
[39.747s][debug][gc,refine         ] Activated worker 0, on threshold: 44, current: 46
[39.749s][debug][gc,refine         ] Deactivated worker 0, off threshold: 42, current: 42, processed: 4
[39.752s][debug][gc,refine         ] Activated worker 0, on threshold: 44, current: 44
[39.753s][debug][gc,refine         ] Deactivated worker 0, off threshold: 42, current: 42, processed: 2
[39.859s][debug][gc,refine         ] Activated worker 0, on threshold: 44, current: 46
[39.863s][debug][gc,refine         ] Deactivated worker 0, off threshold: 42, current: 42, processed: 6
[39.866s][debug][gc,refine         ] Activated worker 0, on threshold: 44, current: 46
[39.868s][debug][gc,refine         ] Deactivated worker 0, off threshold: 42, current: 42, processed: 4
[39.871s][debug][gc,refine         ] Activated worker 0, on threshold: 44, current: 44
[39.871s][debug][gc,refine         ] Deactivated worker 0, off threshold: 42, current: 42, processed: 2
[39.973s][debug][gc,refine         ] Activated worker 0, on threshold: 44, current: 48
[39.976s][debug][gc,refine         ] Deactivated worker 0, off threshold: 42, current: 42, processed: 6
[39.980s][debug][gc,refine         ] Activated worker 0, on threshold: 44, current: 46
[39.981s][debug][gc,refine         ] Deactivated worker 0, off threshold: 42, current: 42, processed: 4
[39.984s][debug][gc,refine         ] Activated worker 0, on threshold: 44, current: 44
[39.985s][debug][gc,refine         ] Deactivated worker 0, off threshold: 42, current: 42, processed: 2
[39.985s][debug][gc,refine         ] Activated worker 0, on threshold: 44, current: 48
[39.987s][debug][gc,refine         ] Deactivated worker 0, off threshold: 42, current: 42, processed: 6
[40.097s][debug][gc,refine         ] Activated worker 0, on threshold: 44, current: 46
[40.098s][debug][gc,refine         ] Deactivated worker 0, off threshold: 42, current: 42, processed: 4
[40.102s][debug][gc,refine         ] Activated worker 0, on threshold: 44, current: 44
[40.102s][debug][gc,refine         ] Deactivated worker 0, off threshold: 42, current: 42, processed: 2
[40.103s][debug][gc,refine         ] Activated worker 0, on threshold: 44, current: 48
[40.105s][debug][gc,refine         ] Deactivated worker 0, off threshold: 42, current: 42, processed: 6
[40.214s][debug][gc,refine         ] Activated worker 0, on threshold: 44, current: 46
[40.216s][debug][gc,refine         ] Deactivated worker 0, off threshold: 42, current: 42, processed: 4
[40.219s][debug][gc,refine         ] Activated worker 0, on threshold: 44, current: 44
[40.219s][debug][gc,refine         ] Deactivated worker 0, off threshold: 42, current: 42, processed: 2
[40.328s][debug][gc,refine         ] Activated worker 0, on threshold: 44, current: 48
[40.331s][debug][gc,refine         ] Deactivated worker 0, off threshold: 42, current: 42, processed: 6
[40.337s][debug][gc,refine         ] Activated worker 0, on threshold: 44, current: 46
[40.338s][debug][gc,refine         ] Deactivated worker 0, off threshold: 42, current: 42, processed: 4
[40.343s][debug][gc,refine         ] Activated worker 0, on threshold: 44, current: 44
[40.344s][debug][gc,refine         ] Deactivated worker 0, off threshold: 42, current: 42, processed: 2
[40.447s][debug][gc,refine         ] Activated worker 0, on threshold: 44, current: 47
[40.450s][debug][gc,refine         ] Deactivated worker 0, off threshold: 42, current: 42, processed: 6
[40.453s][debug][gc,refine         ] Activated worker 0, on threshold: 44, current: 46
[40.454s][debug][gc,refine         ] Deactivated worker 0, off threshold: 42, current: 42, processed: 4
[40.457s][debug][gc,refine         ] Activated worker 0, on threshold: 44, current: 44
[40.457s][debug][gc,refine         ] Deactivated worker 0, off threshold: 42, current: 42, processed: 2
[40.558s][debug][gc,refine         ] Activated worker 0, on threshold: 44, current: 48
[40.561s][debug][gc,refine         ] Deactivated worker 0, off threshold: 42, current: 42, processed: 6
[40.564s][debug][gc,refine         ] Activated worker 0, on threshold: 44, current: 46
[40.565s][debug][gc,refine         ] Deactivated worker 0, off threshold: 42, current: 42, processed: 4
[40.568s][debug][gc,refine         ] Activated worker 0, on threshold: 44, current: 44
[40.568s][debug][gc,refine         ] Deactivated worker 0, off threshold: 42, current: 42, processed: 2
[40.674s][debug][gc,refine         ] Activated worker 0, on threshold: 44, current: 48
[40.676s][debug][gc,refine         ] Deactivated worker 0, off threshold: 42, current: 42, processed: 6
[40.679s][debug][gc,refine         ] Activated worker 0, on threshold: 44, current: 46
[40.680s][debug][gc,refine         ] Deactivated worker 0, off threshold: 42, current: 42, processed: 4
[40.684s][debug][gc,refine         ] Activated worker 0, on threshold: 44, current: 44
[40.684s][debug][gc,refine         ] Deactivated worker 0, off threshold: 42, current: 42, processed: 2
[40.786s][debug][gc,refine         ] Activated worker 0, on threshold: 44, current: 48
[40.789s][debug][gc,refine         ] Deactivated worker 0, off threshold: 42, current: 42, processed: 6
[40.793s][debug][gc,refine         ] Activated worker 0, on threshold: 44, current: 46
[40.794s][debug][gc,refine         ] Deactivated worker 0, off threshold: 42, current: 42, processed: 4
[40.798s][debug][gc,refine         ] Activated worker 0, on threshold: 44, current: 44
[40.798s][debug][gc,refine         ] Deactivated worker 0, off threshold: 42, current: 42, processed: 2
[40.903s][debug][gc,refine         ] Activated worker 0, on threshold: 44, current: 44
[40.906s][debug][gc,refine         ] Deactivated worker 0, off threshold: 42, current: 42, processed: 6
[40.909s][debug][gc,refine         ] Activated worker 0, on threshold: 44, current: 46
[40.911s][debug][gc,refine         ] Deactivated worker 0, off threshold: 42, current: 42, processed: 4
[40.914s][debug][gc,refine         ] Activated worker 0, on threshold: 44, current: 44
[40.914s][debug][gc,refine         ] Deactivated worker 0, off threshold: 42, current: 42, processed: 2
[40.915s][debug][gc,refine         ] Activated worker 0, on threshold: 44, current: 48
[40.917s][debug][gc,refine         ] Deactivated worker 0, off threshold: 42, current: 42, processed: 6
[41.024s][debug][gc,refine         ] Activated worker 0, on threshold: 44, current: 46
[41.026s][debug][gc,refine         ] Deactivated worker 0, off threshold: 42, current: 42, processed: 4
[41.030s][debug][gc,refine         ] Activated worker 0, on threshold: 44, current: 44
[41.030s][debug][gc,refine         ] Deactivated worker 0, off threshold: 42, current: 42, processed: 2
[41.031s][debug][gc,refine         ] Activated worker 0, on threshold: 44, current: 48
[41.033s][debug][gc,refine         ] Deactivated worker 0, off threshold: 42, current: 42, processed: 6
[41.135s][debug][gc,heap           ] GC(90) Heap before GC invocations=90 (full 0): garbage-first heap   total 1524736K, used 371712K [0x0000000780000000, 0x0000000800000000)
[41.135s][debug][gc,heap           ] GC(90)   region size 1024K, 254 young (260096K), 44 survivors (45056K)
[41.135s][debug][gc,heap           ] GC(90)  Metaspace       used 13298K, capacity 13734K, committed 13824K, reserved 1060864K
[41.135s][debug][gc,heap           ] GC(90)   class space    used 1352K, capacity 1515K, committed 1536K, reserved 1048576K
[41.135s][info ][gc,start          ] GC(90) Pause Young (Normal) (G1 Evacuation Pause)
[41.135s][info ][gc,task           ] GC(90) Using 4 workers of 4 for evacuation
[41.135s][debug][gc,tlab           ] GC(90) TLAB totals: thrds: 4  refills: 636 max: 618 slow allocs: 61 max 56 waste:  0.2% gc: 33192B max: 11776B slow: 386080B max: 376864B fast: 0B max: 0B
[41.135s][debug][gc,alloc,region   ] GC(90) Mutator Allocation stats, regions: 210, wasted size: 0B ( 0.0%)
[41.135s][debug][gc,age            ] GC(90) Desired survivor size 16777216 bytes, new threshold 1 (max threshold 15)
[41.135s][debug][gc,ergo,cset      ] GC(90) Finish choosing CSet. old: 0 regions, predicted old region time: 0.00ms, time remaining: 0.00
[41.135s][debug][gc,task,stats     ] GC(90) GC Termination Stats
[41.135s][debug][gc,refine         ] Activated worker 0, on threshold: 44, current: 46
[41.135s][debug][gc,task,stats     ] GC(90)      elapsed  --strong roots-- -------termination------- ------waste (KiB)------
[41.135s][debug][gc,task,stats     ] GC(90) thr     ms        ms      %        ms      %    attempts  total   alloc    undo
[41.135s][debug][gc,task,stats     ] GC(90) --- --------- --------- ------ --------- ------ -------- ------- ------- -------
[41.314s][debug][gc,task,stats     ] GC(90)   3    178.64    178.50  99.92      0.00   0.00        3       2       2       0
[41.315s][debug][gc,task,stats     ] GC(90)   2    179.51    176.92  98.56      0.01   0.00        2       2       2       0
[41.315s][debug][gc,task,stats     ] GC(90)   0    179.61    178.40  99.33      0.00   0.00        5       2       2       0
[41.315s][debug][gc,task,stats     ] GC(90)   1    179.64    177.73  98.94      0.00   0.00        2       2       2       0
[41.315s][debug][gc,ergo           ] GC(90) Running G1 Clear Card Table Task using 1 workers for 1 units of work for 286 regions.
[41.315s][debug][gc,ref            ] GC(90) Skipped phase1 of Reference Processing due to unavailable references
[41.315s][debug][gc,ref            ] GC(90) Skipped phase2 of Reference Processing due to unavailable references
[41.315s][debug][gc,ref            ] GC(90) Skipped phase3 of Reference Processing due to unavailable references
[41.315s][debug][gc,ref            ] GC(90) Skipped phase4 of Reference Processing due to unavailable references
[41.315s][debug][gc,ergo           ] GC(90) Running G1 Free Collection Set using 4 workers for collection set length 254
[41.316s][debug][gc,humongous      ] GC(90) Live humongous region 5 object size 524304 start 0x0000000780500000  with remset 0 code roots 0 is marked 0 reclaim candidate 0 type array 0
[41.316s][debug][gc,humongous      ] GC(90) Live humongous region 6 object size 1048592 start 0x0000000780600000  with remset 0 code roots 0 is marked 0 reclaim candidate 0 type array 0
[41.316s][debug][gc,humongous      ] GC(90) Live humongous region 8 object size 524304 start 0x0000000780800000  with remset 0 code roots 0 is marked 0 reclaim candidate 0 type array 0
[41.316s][debug][gc,humongous      ] GC(90) Live humongous region 13 object size 1048592 start 0x0000000780d00000  with remset 0 code roots 0 is marked 0 reclaim candidate 0 type array 0
[41.316s][debug][gc,humongous      ] GC(90) Live humongous region 17 object size 524304 start 0x0000000781100000  with remset 0 code roots 0 is marked 0 reclaim candidate 0 type array 0
[41.316s][debug][gc,humongous      ] GC(90) Live humongous region 19 object size 1048592 start 0x0000000781300000  with remset 0 code roots 0 is marked 0 reclaim candidate 0 type array 0
[41.316s][debug][gc,humongous      ] GC(90) Live humongous region 22 object size 524304 start 0x0000000781600000  with remset 0 code roots 0 is marked 0 reclaim candidate 0 type array 0
[41.316s][debug][gc,humongous      ] GC(90) Live humongous region 23 object size 1048592 start 0x0000000781700000  with remset 0 code roots 0 is marked 0 reclaim candidate 0 type array 0
[41.316s][debug][gc,humongous      ] GC(90) Live humongous region 25 object size 524304 start 0x0000000781900000  with remset 0 code roots 0 is marked 0 reclaim candidate 0 type array 0
[41.316s][debug][gc,humongous      ] GC(90) Live humongous region 26 object size 1048592 start 0x0000000781a00000  with remset 0 code roots 0 is marked 0 reclaim candidate 0 type array 0
[41.316s][debug][gc,humongous      ] GC(90) Live humongous region 29 object size 524304 start 0x0000000781d00000  with remset 0 code roots 0 is marked 0 reclaim candidate 0 type array 0
[41.316s][debug][gc,humongous      ] GC(90) Live humongous region 30 object size 1048592 start 0x0000000781e00000  with remset 0 code roots 0 is marked 0 reclaim candidate 0 type array 0
[41.316s][debug][gc,humongous      ] GC(90) Live humongous region 32 object size 524304 start 0x0000000782000000  with remset 0 code roots 0 is marked 0 reclaim candidate 0 type array 0
[41.316s][debug][gc,humongous      ] GC(90) Live humongous region 34 object size 1048592 start 0x0000000782200000  with remset 0 code roots 0 is marked 0 reclaim candidate 0 type array 0
[41.316s][debug][gc,humongous      ] GC(90) Live humongous region 36 object size 524304 start 0x0000000782400000  with remset 0 code roots 0 is marked 0 reclaim candidate 0 type array 0
[41.316s][debug][gc,humongous      ] GC(90) Live humongous region 38 object size 1048592 start 0x0000000782600000  with remset 0 code roots 0 is marked 0 reclaim candidate 0 type array 0
[41.316s][debug][gc,humongous      ] GC(90) Live humongous region 40 object size 524304 start 0x0000000782800000  with remset 0 code roots 0 is marked 0 reclaim candidate 0 type array 0
[41.316s][debug][gc,humongous      ] GC(90) Live humongous region 41 object size 1048592 start 0x0000000782900000  with remset 0 code roots 0 is marked 0 reclaim candidate 0 type array 0
[41.316s][debug][gc,humongous      ] GC(90) Live humongous region 43 object size 524304 start 0x0000000782b00000  with remset 0 code roots 0 is marked 0 reclaim candidate 0 type array 0
[41.316s][debug][gc,humongous      ] GC(90) Live humongous region 44 object size 1048592 start 0x0000000782c00000  with remset 0 code roots 0 is marked 0 reclaim candidate 0 type array 0
[41.316s][debug][gc,humongous      ] GC(90) Live humongous region 46 object size 524304 start 0x0000000782e00000  with remset 0 code roots 0 is marked 0 reclaim candidate 0 type array 0
[41.316s][debug][gc,humongous      ] GC(90) Live humongous region 47 object size 524304 start 0x0000000782f00000  with remset 0 code roots 0 is marked 0 reclaim candidate 0 type array 0
[41.316s][debug][gc,humongous      ] GC(90) Live humongous region 49 object size 1048592 start 0x0000000783100000  with remset 0 code roots 0 is marked 0 reclaim candidate 0 type array 0
[41.316s][debug][gc,humongous      ] GC(90) Live humongous region 51 object size 1048592 start 0x0000000783300000  with remset 0 code roots 0 is marked 0 reclaim candidate 0 type array 0
[41.316s][debug][gc,humongous      ] GC(90) Live humongous region 53 object size 524304 start 0x0000000783500000  with remset 0 code roots 0 is marked 0 reclaim candidate 0 type array 0
[41.316s][debug][gc,humongous      ] GC(90) Live humongous region 54 object size 1048592 start 0x0000000783600000  with remset 0 code roots 0 is marked 0 reclaim candidate 0 type array 0
[41.316s][debug][gc,humongous      ] GC(90) Live humongous region 56 object size 524304 start 0x0000000783800000  with remset 0 code roots 0 is marked 0 reclaim candidate 0 type array 0
[41.316s][debug][gc,humongous      ] GC(90) Live humongous region 57 object size 1048592 start 0x0000000783900000  with remset 0 code roots 0 is marked 0 reclaim candidate 0 type array 0
[41.316s][debug][gc,humongous      ] GC(90) Live humongous region 59 object size 524304 start 0x0000000783b00000  with remset 0 code roots 0 is marked 0 reclaim candidate 0 type array 0
[41.316s][debug][gc,humongous      ] GC(90) Live humongous region 61 object size 1048592 start 0x0000000783d00000  with remset 0 code roots 0 is marked 0 reclaim candidate 0 type array 0
[41.316s][debug][gc,humongous      ] GC(90) Live humongous region 63 object size 524304 start 0x0000000783f00000  with remset 0 code roots 0 is marked 0 reclaim candidate 0 type array 0
[41.316s][debug][gc,humongous      ] GC(90) Live humongous region 64 object size 1048592 start 0x0000000784000000  with remset 0 code roots 0 is marked 0 reclaim candidate 0 type array 0
[41.316s][debug][gc,humongous      ] GC(90) Live humongous region 66 object size 524304 start 0x0000000784200000  with remset 0 code roots 0 is marked 0 reclaim candidate 0 type array 0
[41.316s][debug][gc,humongous      ] GC(90) Live humongous region 67 object size 1048592 start 0x0000000784300000  with remset 0 code roots 0 is marked 0 reclaim candidate 0 type array 0
[41.316s][debug][gc,humongous      ] GC(90) Live humongous region 69 object size 524304 start 0x0000000784500000  with remset 0 code roots 0 is marked 0 reclaim candidate 0 type array 0
[41.316s][debug][gc,humongous      ] GC(90) Live humongous region 70 object size 1048592 start 0x0000000784600000  with remset 0 code roots 0 is marked 0 reclaim candidate 0 type array 0
[41.316s][debug][gc,humongous      ] GC(90) Live humongous region 72 object size 524304 start 0x0000000784800000  with remset 0 code roots 0 is marked 0 reclaim candidate 0 type array 0
[41.316s][debug][gc,humongous      ] GC(90) Live humongous region 73 object size 1048592 start 0x0000000784900000  with remset 0 code roots 0 is marked 0 reclaim candidate 0 type array 0
[41.316s][debug][gc,humongous      ] GC(90) Live humongous region 75 object size 524304 start 0x0000000784b00000  with remset 0 code roots 0 is marked 0 reclaim candidate 0 type array 0
[41.316s][debug][gc,humongous      ] GC(90) Live humongous region 76 object size 1048592 start 0x0000000784c00000  with remset 0 code roots 0 is marked 0 reclaim candidate 0 type array 0
[41.316s][debug][gc,humongous      ] GC(90) Live humongous region 81 object size 524304 start 0x0000000785100000  with remset 0 code roots 0 is marked 0 reclaim candidate 0 type array 0
[41.316s][debug][gc,humongous      ] GC(90) Live humongous region 273 object size 1048592 start 0x0000000791100000  with remset 0 code roots 0 is marked 0 reclaim candidate 0 type array 0
[41.316s][debug][gc,plab           ] GC(90) Young PLAB allocation: allocated: 33554432B, wasted: 1552B, unused: 0B, used: 33552880B, undo waste: 0B, 
[41.316s][debug][gc,plab           ] GC(90) Young other allocation: region end waste: 0B, regions filled: 32, direct allocated: 0B, failure used: 0B, failure wasted: 0B
[41.316s][debug][gc,plab           ] GC(90) Young sizing: calculated: 6710576B, actual: 6959920B
[41.316s][debug][gc,plab           ] GC(90) Old PLAB allocation: allocated: 186122240B, wasted: 8512B, unused: 551656B, used: 185562072B, undo waste: 0B, 
[41.316s][debug][gc,plab           ] GC(90) Old other allocation: region end waste: 0B, regions filled: 178, direct allocated: 0B, failure used: 0B, failure wasted: 0B
[41.316s][debug][gc,plab           ] GC(90) Old sizing: calculated: 37112408B, actual: 34669296B
[41.316s][debug][gc,ergo,ihop      ] GC(90) Request concurrent cycle initiation (occupancy higher than threshold) occupancy: 300941312B allocation request: 0B threshold: 233286702B (14.94) source: end of GC
[41.316s][debug][gc,alloc,stats    ] Old generation allocation in the last mutator period, old gen allocated: 186122240B, humongous allocated: 65011712B,old gen growth: 186122240B.
[41.316s][debug][gc,ihop           ] GC(90) Basic information (value update), threshold: 281394577B (18.02), target occupancy: 1561329664B, current occupancy: 333971456B, recent allocation size: 251133952B, recent allocation duration: 2429.02ms, recent old gen allocation rate: 103388896.15B/s, recent marking phase length: 232.15ms
[41.316s][debug][gc,ihop           ] GC(90) Adaptive IHOP information (value update), threshold: 281394577B (18.97), internal target occupancy: 1483263180B, occupancy: 333971456B, additional buffer size: 230686720B, predicted old gen allocation rate: 2735911247.52B/s, predicted marking phase length: 354.98ms, prediction active: true
[41.316s][debug][gc,ergo,refine    ] GC(90) Updated Refinement Zones: green: 46, yellow: 138, red: 230
[41.316s][info ][gc,phases         ] GC(90)   Pre Evacuate Collection Set: 0.1ms
[41.316s][debug][gc,phases         ] GC(90)     Prepare TLABs: 0.0ms
[41.316s][debug][gc,phases         ] GC(90)     Choose Collection Set: 0.0ms
[41.316s][debug][gc,phases         ] GC(90)     Humongous Register: 0.0ms
[41.316s][info ][gc,phases         ] GC(90)   Evacuate Collection Set: 179.9ms
[41.316s][debug][gc,phases         ] GC(90)     Ext Root Scanning (ms):   Min:  0.2, Avg:  0.3, Max:  0.3, Diff:  0.1, Sum:  1.1, Workers: 4
[41.316s][debug][gc,phases         ] GC(90)     Update RS (ms):           Min:  3.3, Avg:  4.4, Max:  5.9, Diff:  2.6, Sum: 17.7, Workers: 4
[41.316s][debug][gc,phases         ] GC(90)       Processed Buffers:        Min: 8, Avg: 11.5, Max: 21, Diff: 13, Sum: 46, Workers: 4
[41.316s][debug][gc,phases         ] GC(90)       Scanned Cards:            Min: 2048, Avg: 2706.0, Max: 4424, Diff: 2376, Sum: 10824, Workers: 4
[41.316s][debug][gc,phases         ] GC(90)       Skipped Cards:            Min: 0, Avg:  0.0, Max: 0, Diff: 0, Sum: 0, Workers: 4
[41.316s][debug][gc,phases         ] GC(90)     Scan RS (ms):             Min:  5.7, Avg:  6.1, Max:  6.5, Diff:  0.8, Sum: 24.3, Workers: 4
[41.316s][debug][gc,phases         ] GC(90)       Scanned Cards:            Min: 3259, Avg: 3443.8, Max: 3582, Diff: 323, Sum: 13775, Workers: 4
[41.316s][debug][gc,phases         ] GC(90)       Claimed Cards:            Min: 3307, Avg: 3491.8, Max: 3627, Diff: 320, Sum: 13967, Workers: 4
[41.316s][debug][gc,phases         ] GC(90)       Skipped Cards:            Min: 534, Avg: 2109.2, Max: 3217, Diff: 2683, Sum: 8437, Workers: 4
[41.316s][debug][gc,phases         ] GC(90)     Code Root Scanning (ms):  Min:  0.0, Avg:  0.0, Max:  0.0, Diff:  0.0, Sum:  0.1, Workers: 4
[41.316s][debug][gc,phases         ] GC(90)     JVMCI Root Scan (ms):     skipped
[41.316s][debug][gc,phases         ] GC(90)     Object Copy (ms):         Min: 165.9, Avg: 167.8, Max: 169.0, Diff:  3.0, Sum: 671.1, Workers: 4
[41.316s][debug][gc,phases         ] GC(90)     Termination (ms):         Min:  0.0, Avg:  0.0, Max:  0.0, Diff:  0.0, Sum:  0.0, Workers: 4
[41.316s][debug][gc,phases         ] GC(90)       Termination Attempts:     Min: 2, Avg:  3.0, Max: 5, Diff: 3, Sum: 12, Workers: 4
[41.316s][debug][gc,phases         ] GC(90)     GC Worker Other (ms):     Min:  0.9, Avg:  1.0, Max:  1.0, Diff:  0.1, Sum:  4.0, Workers: 4
[41.316s][debug][gc,phases         ] GC(90)     GC Worker Total (ms):     Min: 179.5, Avg: 179.6, Max: 179.7, Diff:  0.2, Sum: 718.4, Workers: 4
[41.316s][info ][gc,phases         ] GC(90)   Post Evacuate Collection Set: 0.7ms
[41.316s][debug][gc,phases         ] GC(90)     Code Roots Fixup: 0.0ms
[41.316s][debug][gc,phases         ] GC(90)     Clear Card Table: 0.1ms
[41.316s][debug][gc,phases         ] GC(90)     Reference Processing: 0.0ms
[41.316s][debug][gc,phases,ref     ] GC(90)       Reconsider SoftReferences: 0.0ms
[41.316s][debug][gc,phases,ref     ] GC(90)         SoftRef (ms):             skipped
[41.316s][debug][gc,phases,ref     ] GC(90)       Notify Soft/WeakReferences: 0.0ms
[41.316s][debug][gc,phases,ref     ] GC(90)         SoftRef (ms):             skipped
[41.316s][debug][gc,phases,ref     ] GC(90)         WeakRef (ms):             skipped
[41.316s][debug][gc,phases,ref     ] GC(90)         FinalRef (ms):            skipped
[41.316s][debug][gc,phases,ref     ] GC(90)         Total (ms):               skipped
[41.316s][debug][gc,phases,ref     ] GC(90)       Notify and keep alive finalizable: 0.0ms
[41.316s][debug][gc,phases,ref     ] GC(90)         FinalRef (ms):            skipped
[41.316s][debug][gc,phases,ref     ] GC(90)       Notify PhantomReferences: 0.0ms
[41.316s][debug][gc,phases,ref     ] GC(90)         PhantomRef (ms):          skipped
[41.316s][debug][gc,phases,ref     ] GC(90)       SoftReference:
[41.316s][debug][gc,phases,ref     ] GC(90)         Discovered: 0
[41.316s][debug][gc,phases,ref     ] GC(90)         Cleared: 0
[41.316s][debug][gc,phases,ref     ] GC(90)       WeakReference:
[41.316s][debug][gc,phases,ref     ] GC(90)         Discovered: 0
[41.316s][debug][gc,phases,ref     ] GC(90)         Cleared: 0
[41.316s][debug][gc,phases,ref     ] GC(90)       FinalReference:
[41.316s][debug][gc,phases,ref     ] GC(90)         Discovered: 0
[41.317s][debug][gc,phases,ref     ] GC(90)         Cleared: 0
[41.317s][debug][gc,phases,ref     ] GC(90)       PhantomReference:
[41.317s][debug][gc,phases,ref     ] GC(90)         Discovered: 0
[41.317s][debug][gc,phases,ref     ] GC(90)         Cleared: 0
[41.317s][debug][gc,phases         ] GC(90)     Weak Processing: 0.0ms
[41.317s][debug][gc,phases         ] GC(90)     Merge Per-Thread State: 0.0ms
[41.317s][debug][gc,phases         ] GC(90)     Code Roots Purge: 0.0ms
[41.317s][debug][gc,phases         ] GC(90)     Redirty Cards: 0.0ms
[41.317s][debug][gc,phases         ] GC(90)     DerivedPointerTable Update: 0.0ms
[41.317s][debug][gc,phases         ] GC(90)     Free Collection Set: 0.2ms
[41.317s][debug][gc,phases         ] GC(90)     Humongous Reclaim: 0.4ms
[41.317s][debug][gc,phases         ] GC(90)     Start New Collection Set: 0.0ms
[41.317s][debug][gc,phases         ] GC(90)     Resize TLABs: 0.0ms
[41.317s][debug][gc,phases         ] GC(90)     Expand Heap After Collection: 0.0ms
[41.317s][info ][gc,phases         ] GC(90)   Other: 0.7ms
[41.317s][info ][gc,heap           ] GC(90) Eden regions: 210->0(188)
[41.317s][info ][gc,heap           ] GC(90) Survivor regions: 44->32(32)
[41.317s][info ][gc,heap           ] GC(90) Old regions: 46->224
[41.317s][info ][gc,heap           ] GC(90) Humongous regions: 63->63
[41.317s][info ][gc,metaspace      ] GC(90) Metaspace: 13298K->13298K(1060864K)
[41.317s][debug][gc,heap           ] GC(90) Heap after GC invocations=91 (full 0): garbage-first heap   total 1524736K, used 326144K [0x0000000780000000, 0x0000000800000000)
[41.317s][debug][gc,heap           ] GC(90)   region size 1024K, 32 young (32768K), 32 survivors (32768K)
[41.317s][debug][gc,heap           ] GC(90)  Metaspace       used 13298K, capacity 13734K, committed 13824K, reserved 1060864K
[41.317s][debug][gc,heap           ] GC(90)   class space    used 1352K, capacity 1515K, committed 1536K, reserved 1048576K
[41.317s][info ][gc                ] GC(90) Pause Young (Normal) (G1 Evacuation Pause) 363M->318M(1489M) 181.817ms
[41.317s][info ][gc,cpu            ] GC(90) User=0.66s Sys=0.01s Real=0.18s
[41.317s][debug][gc,refine         ] Deactivated worker 0, off threshold: 46, current: 12, processed: 0
[41.318s][debug][gc,ergo,ihop      ] Request concurrent cycle initiation (occupancy higher than threshold) occupancy: 300941312B allocation request: 524304B threshold: 281394577B (18.02) source: concurrent humongous allocation
[41.318s][debug][gc,ergo           ] Request concurrent cycle initiation (requested by GC cause). GC cause: G1 Humongous Allocation
[41.318s][debug][gc,heap           ] GC(91) Heap before GC invocations=91 (full 0): garbage-first heap   total 1524736K, used 330240K [0x0000000780000000, 0x0000000800000000)
[41.318s][debug][gc,heap           ] GC(91)   region size 1024K, 37 young (37888K), 32 survivors (32768K)
[41.318s][debug][gc,heap           ] GC(91)  Metaspace       used 13298K, capacity 13734K, committed 13824K, reserved 1060864K
[41.318s][debug][gc,heap           ] GC(91)   class space    used 1352K, capacity 1515K, committed 1536K, reserved 1048576K
[41.318s][debug][gc,ergo           ] GC(91) Initiate concurrent cycle (concurrent cycle initiation requested)
[41.318s][info ][gc,start          ] GC(91) Pause Young (Concurrent Start) (G1 Humongous Allocation)
[41.318s][info ][gc,task           ] GC(91) Using 4 workers of 4 for evacuation
[41.318s][debug][gc,tlab           ] GC(91) TLAB totals: thrds: 1  refills: 14 max: 14 slow allocs: 2 max 2 waste:  1.9% gc: 79496B max: 79496B slow: 7680B max: 7680B fast: 0B max: 0B
[41.318s][debug][gc,alloc,region   ] GC(91) Mutator Allocation stats, regions: 5, wasted size: 0B ( 0.0%)
[41.318s][debug][gc,age            ] GC(91) Desired survivor size 14680064 bytes, new threshold 1 (max threshold 15)
[41.318s][debug][gc,ergo,cset      ] GC(91) Finish choosing CSet. old: 0 regions, predicted old region time: 0.00ms, time remaining: 160.11
[41.319s][debug][gc,task,stats     ] GC(91) GC Termination Stats
[41.319s][debug][gc,task,stats     ] GC(91)      elapsed  --strong roots-- -------termination------- ------waste (KiB)------
[41.319s][debug][gc,task,stats     ] GC(91) thr     ms        ms      %        ms      %    attempts  total   alloc    undo
[41.319s][debug][gc,task,stats     ] GC(91) --- --------- --------- ------ --------- ------ -------- ------- ------- -------
[41.341s][debug][gc,task,stats     ] GC(91)   3     22.75     19.49  85.68      0.00   0.00        1       0       0       0
[41.341s][debug][gc,task,stats     ] GC(91)   2     22.82     22.74  99.65      0.00   0.00        1       0       0       0
[41.341s][debug][gc,task,stats     ] GC(91)   1     22.87     19.92  87.09      0.00   0.01        2       0       0       0
[41.341s][debug][gc,task,stats     ] GC(91)   0     22.89     16.33  71.33      0.00   0.00        1       0       0       0
[41.342s][debug][gc,ergo           ] GC(91) Running G1 Clear Card Table Task using 1 workers for 1 units of work for 46 regions.
[41.342s][debug][gc,ref            ] GC(91) Skipped phase1 of Reference Processing due to unavailable references
[41.342s][debug][gc,ref            ] GC(91) Skipped phase2 of Reference Processing due to unavailable references
[41.342s][debug][gc,ref            ] GC(91) Skipped phase3 of Reference Processing due to unavailable references
[41.342s][debug][gc,ref            ] GC(91) Skipped phase4 of Reference Processing due to unavailable references
[41.342s][debug][gc,ergo           ] GC(91) Running G1 Free Collection Set using 1 workers for collection set length 37
[41.342s][debug][gc,humongous      ] GC(91) Live humongous region 5 object size 524304 start 0x0000000780500000  with remset 0 code roots 0 is marked 0 reclaim candidate 0 type array 0
[41.342s][debug][gc,humongous      ] GC(91) Live humongous region 6 object size 1048592 start 0x0000000780600000  with remset 0 code roots 0 is marked 0 reclaim candidate 0 type array 0
[41.342s][debug][gc,humongous      ] GC(91) Live humongous region 8 object size 524304 start 0x0000000780800000  with remset 0 code roots 0 is marked 0 reclaim candidate 0 type array 0
[41.342s][debug][gc,humongous      ] GC(91) Live humongous region 13 object size 1048592 start 0x0000000780d00000  with remset 0 code roots 0 is marked 0 reclaim candidate 0 type array 0
[41.342s][debug][gc,humongous      ] GC(91) Live humongous region 17 object size 524304 start 0x0000000781100000  with remset 0 code roots 0 is marked 0 reclaim candidate 0 type array 0
[41.342s][debug][gc,humongous      ] GC(91) Live humongous region 19 object size 1048592 start 0x0000000781300000  with remset 0 code roots 0 is marked 0 reclaim candidate 0 type array 0
[41.342s][debug][gc,humongous      ] GC(91) Live humongous region 22 object size 524304 start 0x0000000781600000  with remset 0 code roots 0 is marked 0 reclaim candidate 0 type array 0
[41.342s][debug][gc,humongous      ] GC(91) Live humongous region 23 object size 1048592 start 0x0000000781700000  with remset 0 code roots 0 is marked 0 reclaim candidate 0 type array 0
[41.342s][debug][gc,humongous      ] GC(91) Live humongous region 25 object size 524304 start 0x0000000781900000  with remset 0 code roots 0 is marked 0 reclaim candidate 0 type array 0
[41.342s][debug][gc,humongous      ] GC(91) Live humongous region 26 object size 1048592 start 0x0000000781a00000  with remset 0 code roots 0 is marked 0 reclaim candidate 0 type array 0
[41.342s][debug][gc,humongous      ] GC(91) Live humongous region 29 object size 524304 start 0x0000000781d00000  with remset 0 code roots 0 is marked 0 reclaim candidate 0 type array 0
[41.342s][debug][gc,humongous      ] GC(91) Live humongous region 30 object size 1048592 start 0x0000000781e00000  with remset 0 code roots 0 is marked 0 reclaim candidate 0 type array 0
[41.342s][debug][gc,humongous      ] GC(91) Live humongous region 32 object size 524304 start 0x0000000782000000  with remset 0 code roots 0 is marked 0 reclaim candidate 0 type array 0
[41.342s][debug][gc,humongous      ] GC(91) Live humongous region 34 object size 1048592 start 0x0000000782200000  with remset 0 code roots 0 is marked 0 reclaim candidate 0 type array 0
[41.342s][debug][gc,humongous      ] GC(91) Live humongous region 36 object size 524304 start 0x0000000782400000  with remset 0 code roots 0 is marked 0 reclaim candidate 0 type array 0
[41.342s][debug][gc,humongous      ] GC(91) Live humongous region 38 object size 1048592 start 0x0000000782600000  with remset 0 code roots 0 is marked 0 reclaim candidate 0 type array 0
[41.342s][debug][gc,humongous      ] GC(91) Live humongous region 40 object size 524304 start 0x0000000782800000  with remset 0 code roots 0 is marked 0 reclaim candidate 0 type array 0
[41.342s][debug][gc,humongous      ] GC(91) Live humongous region 41 object size 1048592 start 0x0000000782900000  with remset 0 code roots 0 is marked 0 reclaim candidate 0 type array 0
[41.342s][debug][gc,humongous      ] GC(91) Live humongous region 43 object size 524304 start 0x0000000782b00000  with remset 0 code roots 0 is marked 0 reclaim candidate 0 type array 0
[41.342s][debug][gc,humongous      ] GC(91) Live humongous region 44 object size 1048592 start 0x0000000782c00000  with remset 0 code roots 0 is marked 0 reclaim candidate 0 type array 0
[41.342s][debug][gc,humongous      ] GC(91) Live humongous region 46 object size 524304 start 0x0000000782e00000  with remset 0 code roots 0 is marked 0 reclaim candidate 0 type array 0
[41.342s][debug][gc,humongous      ] GC(91) Live humongous region 47 object size 524304 start 0x0000000782f00000  with remset 0 code roots 0 is marked 0 reclaim candidate 0 type array 0
[41.342s][debug][gc,humongous      ] GC(91) Live humongous region 49 object size 1048592 start 0x0000000783100000  with remset 0 code roots 0 is marked 0 reclaim candidate 0 type array 0
[41.342s][debug][gc,humongous      ] GC(91) Live humongous region 51 object size 1048592 start 0x0000000783300000  with remset 0 code roots 0 is marked 0 reclaim candidate 0 type array 0
[41.342s][debug][gc,humongous      ] GC(91) Live humongous region 53 object size 524304 start 0x0000000783500000  with remset 0 code roots 0 is marked 0 reclaim candidate 0 type array 0
[41.342s][debug][gc,humongous      ] GC(91) Live humongous region 54 object size 1048592 start 0x0000000783600000  with remset 0 code roots 0 is marked 0 reclaim candidate 0 type array 0
[41.342s][debug][gc,humongous      ] GC(91) Live humongous region 56 object size 524304 start 0x0000000783800000  with remset 0 code roots 0 is marked 0 reclaim candidate 0 type array 0
[41.342s][debug][gc,humongous      ] GC(91) Live humongous region 57 object size 1048592 start 0x0000000783900000  with remset 0 code roots 0 is marked 0 reclaim candidate 0 type array 0
[41.342s][debug][gc,humongous      ] GC(91) Live humongous region 59 object size 524304 start 0x0000000783b00000  with remset 0 code roots 0 is marked 0 reclaim candidate 0 type array 0
[41.342s][debug][gc,humongous      ] GC(91) Live humongous region 61 object size 1048592 start 0x0000000783d00000  with remset 0 code roots 0 is marked 0 reclaim candidate 0 type array 0
[41.342s][debug][gc,humongous      ] GC(91) Live humongous region 63 object size 524304 start 0x0000000783f00000  with remset 0 code roots 0 is marked 0 reclaim candidate 0 type array 0
[41.342s][debug][gc,humongous      ] GC(91) Live humongous region 64 object size 1048592 start 0x0000000784000000  with remset 0 code roots 0 is marked 0 reclaim candidate 0 type array 0
[41.342s][debug][gc,humongous      ] GC(91) Live humongous region 66 object size 524304 start 0x0000000784200000  with remset 0 code roots 0 is marked 0 reclaim candidate 0 type array 0
[41.342s][debug][gc,humongous      ] GC(91) Live humongous region 67 object size 1048592 start 0x0000000784300000  with remset 0 code roots 0 is marked 0 reclaim candidate 0 type array 0
[41.342s][debug][gc,humongous      ] GC(91) Live humongous region 69 object size 524304 start 0x0000000784500000  with remset 0 code roots 0 is marked 0 reclaim candidate 0 type array 0
[41.342s][debug][gc,humongous      ] GC(91) Live humongous region 70 object size 1048592 start 0x0000000784600000  with remset 0 code roots 0 is marked 0 reclaim candidate 0 type array 0
[41.342s][debug][gc,humongous      ] GC(91) Live humongous region 72 object size 524304 start 0x0000000784800000  with remset 0 code roots 0 is marked 0 reclaim candidate 0 type array 0
[41.342s][debug][gc,humongous      ] GC(91) Live humongous region 73 object size 1048592 start 0x0000000784900000  with remset 0 code roots 0 is marked 0 reclaim candidate 0 type array 0
[41.342s][debug][gc,humongous      ] GC(91) Live humongous region 75 object size 524304 start 0x0000000784b00000  with remset 0 code roots 0 is marked 0 reclaim candidate 0 type array 0
[41.342s][debug][gc,humongous      ] GC(91) Live humongous region 76 object size 1048592 start 0x0000000784c00000  with remset 0 code roots 0 is marked 0 reclaim candidate 0 type array 0
[41.342s][debug][gc,humongous      ] GC(91) Live humongous region 81 object size 524304 start 0x0000000785100000  with remset 0 code roots 0 is marked 0 reclaim candidate 0 type array 0
[41.342s][debug][gc,humongous      ] GC(91) Live humongous region 273 object size 1048592 start 0x0000000791100000  with remset 0 code roots 0 is marked 0 reclaim candidate 0 type array 0
[41.342s][debug][gc,plab           ] GC(91) Young PLAB allocation: allocated: 4980720B, wasted: 160B, unused: 740344B, used: 4240216B, undo waste: 0B, 
[41.342s][debug][gc,plab           ] GC(91) Young other allocation: region end waste: 0B, regions filled: 5, direct allocated: 262160B, failure used: 0B, failure wasted: 0B
[41.342s][debug][gc,plab           ] GC(91) Young sizing: calculated: 848040B, actual: 2376008B
[41.342s][debug][gc,plab           ] GC(91) Old PLAB allocation: allocated: 35127296B, wasted: 1560B, unused: 1638408B, used: 33487328B, undo waste: 0B, 
[41.342s][debug][gc,plab           ] GC(91) Old other allocation: region end waste: 0B, regions filled: 34, direct allocated: 0B, failure used: 0B, failure wasted: 0B
[41.342s][debug][gc,plab           ] GC(91) Old sizing: calculated: 6697464B, actual: 13690416B
[41.342s][debug][gc,alloc,stats    ] Old generation allocation in the last mutator period, old gen allocated: 35127296B, humongous allocated: 0B,old gen growth: 35127296B.
[41.342s][debug][gc,ihop           ] GC(91) Basic information (value update), threshold: 0B (0.00), target occupancy: 1561329664B, current occupancy: 340787200B, recent allocation size: 35127296B, recent allocation duration: 2.41ms, recent old gen allocation rate: 14576597137.94B/s, recent marking phase length: 232.15ms
[41.342s][debug][gc,ihop           ] GC(91) Adaptive IHOP information (value update), threshold: 0B (0.00), internal target occupancy: 1483263180B, occupancy: 340787200B, additional buffer size: 169869312B, predicted old gen allocation rate: 3907326270.32B/s, predicted marking phase length: 354.98ms, prediction active: true
[41.342s][debug][gc,ergo,refine    ] GC(91) Updated Refinement Zones: green: 46, yellow: 138, red: 230
[41.342s][info ][gc,phases         ] GC(91)   Pre Evacuate Collection Set: 0.1ms
[41.342s][debug][gc,phases         ] GC(91)     Prepare TLABs: 0.0ms
[41.342s][debug][gc,phases         ] GC(91)     Choose Collection Set: 0.0ms
[41.342s][debug][gc,phases         ] GC(91)     Humongous Register: 0.0ms
[41.342s][debug][gc,phases         ] GC(91)     Clear Claimed Marks: 0.0ms
[41.342s][info ][gc,phases         ] GC(91)   Evacuate Collection Set: 22.9ms
[41.342s][debug][gc,phases         ] GC(91)     Ext Root Scanning (ms):   Min:  0.2, Avg:  0.2, Max:  0.2, Diff:  0.0, Sum:  0.8, Workers: 4
[41.342s][debug][gc,phases         ] GC(91)     Update RS (ms):           Min:  0.7, Avg:  0.9, Max:  1.1, Diff:  0.3, Sum:  3.5, Workers: 4
[41.342s][debug][gc,phases         ] GC(91)       Processed Buffers:        Min: 3, Avg:  3.0, Max: 3, Diff: 0, Sum: 12, Workers: 4
[41.342s][debug][gc,phases         ] GC(91)       Scanned Cards:            Min: 513, Avg: 631.2, Max: 752, Diff: 239, Sum: 2525, Workers: 4
[41.342s][debug][gc,phases         ] GC(91)       Skipped Cards:            Min: 0, Avg:  0.0, Max: 0, Diff: 0, Sum: 0, Workers: 4
[41.342s][debug][gc,phases         ] GC(91)     Scan RS (ms):             Min:  0.0, Avg:  0.0, Max:  0.0, Diff:  0.0, Sum:  0.0, Workers: 4
[41.342s][debug][gc,phases         ] GC(91)       Scanned Cards:            Min: 0, Avg:  0.0, Max: 0, Diff: 0, Sum: 0, Workers: 4
[41.342s][debug][gc,phases         ] GC(91)       Claimed Cards:            Min: 0, Avg:  0.0, Max: 0, Diff: 0, Sum: 0, Workers: 4
[41.342s][debug][gc,phases         ] GC(91)       Skipped Cards:            Min: 0, Avg:  0.0, Max: 0, Diff: 0, Sum: 0, Workers: 4
[41.342s][debug][gc,phases         ] GC(91)     Code Root Scanning (ms):  Min:  0.0, Avg:  0.0, Max:  0.0, Diff:  0.0, Sum:  0.0, Workers: 4
[41.342s][debug][gc,phases         ] GC(91)     JVMCI Root Scan (ms):     skipped
[41.342s][debug][gc,phases         ] GC(91)     Object Copy (ms):         Min: 21.5, Avg: 21.7, Max: 21.9, Diff:  0.4, Sum: 86.7, Workers: 4
[41.342s][debug][gc,phases         ] GC(91)     Termination (ms):         Min:  0.0, Avg:  0.0, Max:  0.0, Diff:  0.0, Sum:  0.0, Workers: 4
[41.342s][debug][gc,phases         ] GC(91)       Termination Attempts:     Min: 1, Avg:  1.2, Max: 2, Diff: 1, Sum: 5, Workers: 4
[41.342s][debug][gc,phases         ] GC(91)     GC Worker Other (ms):     Min:  0.1, Avg:  0.1, Max:  0.1, Diff:  0.1, Sum:  0.4, Workers: 4
[41.342s][debug][gc,phases         ] GC(91)     GC Worker Total (ms):     Min: 22.8, Avg: 22.9, Max: 22.9, Diff:  0.1, Sum: 91.4, Workers: 4
[41.342s][info ][gc,phases         ] GC(91)   Post Evacuate Collection Set: 0.6ms
[41.342s][debug][gc,phases         ] GC(91)     Code Roots Fixup: 0.0ms
[41.342s][debug][gc,phases         ] GC(91)     Clear Card Table: 0.0ms
[41.342s][debug][gc,phases         ] GC(91)     Reference Processing: 0.0ms
[41.342s][debug][gc,phases,ref     ] GC(91)       Reconsider SoftReferences: 0.0ms
[41.342s][debug][gc,phases,ref     ] GC(91)         SoftRef (ms):             skipped
[41.342s][debug][gc,phases,ref     ] GC(91)       Notify Soft/WeakReferences: 0.0ms
[41.342s][debug][gc,phases,ref     ] GC(91)         SoftRef (ms):             skipped
[41.342s][debug][gc,phases,ref     ] GC(91)         WeakRef (ms):             skipped
[41.342s][debug][gc,phases,ref     ] GC(91)         FinalRef (ms):            skipped
[41.342s][debug][gc,phases,ref     ] GC(91)         Total (ms):               skipped
[41.342s][debug][gc,phases,ref     ] GC(91)       Notify and keep alive finalizable: 0.0ms
[41.342s][debug][gc,phases,ref     ] GC(91)         FinalRef (ms):            skipped
[41.342s][debug][gc,phases,ref     ] GC(91)       Notify PhantomReferences: 0.0ms
[41.342s][debug][gc,phases,ref     ] GC(91)         PhantomRef (ms):          skipped
[41.342s][debug][gc,phases,ref     ] GC(91)       SoftReference:
[41.342s][debug][gc,phases,ref     ] GC(91)         Discovered: 0
[41.343s][debug][gc,phases,ref     ] GC(91)         Cleared: 0
[41.343s][debug][gc,phases,ref     ] GC(91)       WeakReference:
[41.343s][debug][gc,phases,ref     ] GC(91)         Discovered: 0
[41.343s][debug][gc,phases,ref     ] GC(91)         Cleared: 0
[41.343s][debug][gc,phases,ref     ] GC(91)       FinalReference:
[41.343s][debug][gc,phases,ref     ] GC(91)         Discovered: 0
[41.343s][debug][gc,phases,ref     ] GC(91)         Cleared: 0
[41.343s][debug][gc,phases,ref     ] GC(91)       PhantomReference:
[41.343s][debug][gc,phases,ref     ] GC(91)         Discovered: 0
[41.343s][debug][gc,phases,ref     ] GC(91)         Cleared: 0
[41.343s][debug][gc,phases         ] GC(91)     Weak Processing: 0.0ms
[41.343s][debug][gc,phases         ] GC(91)     Merge Per-Thread State: 0.0ms
[41.343s][debug][gc,phases         ] GC(91)     Code Roots Purge: 0.0ms
[41.343s][debug][gc,phases         ] GC(91)     Redirty Cards: 0.0ms
[41.343s][debug][gc,phases         ] GC(91)     DerivedPointerTable Update: 0.0ms
[41.343s][debug][gc,phases         ] GC(91)     Free Collection Set: 0.1ms
[41.343s][debug][gc,phases         ] GC(91)     Humongous Reclaim: 0.4ms
[41.343s][debug][gc,phases         ] GC(91)     Start New Collection Set: 0.0ms
[41.343s][debug][gc,phases         ] GC(91)     Resize TLABs: 0.0ms
[41.343s][debug][gc,phases         ] GC(91)     Expand Heap After Collection: 0.0ms
[41.343s][info ][gc,phases         ] GC(91)   Other: 0.3ms
[41.343s][info ][gc,heap           ] GC(91) Eden regions: 5->0(157)
[41.343s][info ][gc,heap           ] GC(91) Survivor regions: 32->5(28)
[41.343s][info ][gc,heap           ] GC(91) Old regions: 224->257
[41.343s][info ][gc,heap           ] GC(91) Humongous regions: 63->63
[41.343s][info ][gc,metaspace      ] GC(91) Metaspace: 13298K->13298K(1060864K)
[41.343s][debug][gc,heap           ] GC(91) Heap after GC invocations=92 (full 0): garbage-first heap   total 1524736K, used 332800K [0x0000000780000000, 0x0000000800000000)
[41.343s][debug][gc,heap           ] GC(91)   region size 1024K, 5 young (5120K), 5 survivors (5120K)
[41.343s][debug][gc,heap           ] GC(91)  Metaspace       used 13298K, capacity 13734K, committed 13824K, reserved 1060864K
[41.343s][debug][gc,heap           ] GC(91)   class space    used 1352K, capacity 1515K, committed 1536K, reserved 1048576K
[41.343s][info ][gc                ] GC(91) Pause Young (Concurrent Start) (G1 Humongous Allocation) 323M->325M(1489M) 24.366ms
[41.343s][info ][gc,cpu            ] GC(91) User=0.09s Sys=0.00s Real=0.02s
[41.343s][info ][gc                ] GC(92) Concurrent Cycle
[41.343s][info ][gc,marking        ] GC(92) Concurrent Clear Claimed Marks
[41.343s][info ][gc,marking        ] GC(92) Concurrent Clear Claimed Marks 0.115ms
[41.343s][info ][gc,marking        ] GC(92) Concurrent Scan Root Regions
[41.343s][debug][gc,ergo           ] GC(92) Running G1 Root Region Scan using 1 workers for 5 work units.
[41.344s][info ][gc,marking        ] GC(92) Concurrent Scan Root Regions 1.492ms
[41.344s][info ][gc,marking        ] GC(92) Concurrent Mark (41.344s)
[41.344s][info ][gc,marking        ] GC(92) Concurrent Mark From Roots
[41.344s][info ][gc,task           ] GC(92) Using 1 workers of 1 for marking
[41.350s][debug][gc,stats          ] ---------------------------------------------------------------------
[41.350s][debug][gc,stats          ] Marking Stats, task = 0, calls = 1
[41.350s][debug][gc,stats          ]   Elapsed time = 5.91ms, Termination time = 0.00ms
[41.350s][debug][gc,stats          ]   Step Times (cum): num = 639, avg = 0.52ms, sd = 1.95ms max = 9.88ms, total = 332.41ms
[41.350s][debug][gc,stats          ]   Mark Stats Cache: hits 92820 misses 47 ratio 99.949
[41.350s][debug][gc,stats          ] ---------------------------------------------------------------------
[41.351s][info ][gc,marking        ] GC(92) Concurrent Mark From Roots 6.044ms
[41.351s][info ][gc,marking        ] GC(92) Concurrent Preclean
[41.351s][debug][gc,ref,start      ] GC(92) Preclean SoftReferences
[41.351s][debug][gc,ref            ] GC(92) Preclean SoftReferences 0.012ms
[41.351s][debug][gc,ref,start      ] GC(92) Preclean WeakReferences
[41.351s][debug][gc,ref            ] GC(92) Preclean WeakReferences 0.013ms
[41.351s][debug][gc,ref,start      ] GC(92) Preclean FinalReferences
[41.351s][debug][gc,ref            ] GC(92) Preclean FinalReferences 0.009ms
[41.351s][debug][gc,ref,start      ] GC(92) Preclean PhantomReferences
[41.351s][debug][gc,ref            ] GC(92) Preclean PhantomReferences 0.009ms
[41.351s][info ][gc,marking        ] GC(92) Concurrent Preclean 0.085ms
[41.351s][info ][gc,marking        ] GC(92) Concurrent Mark (41.344s, 41.351s) 6.154ms
[41.351s][info ][gc,start          ] GC(92) Pause Remark
[41.351s][debug][gc,phases,start   ] GC(92) Finalize Marking
[41.351s][debug][gc,stats          ] ---------------------------------------------------------------------
[41.351s][debug][gc,stats          ] Marking Stats, task = 0, calls = 18
[41.351s][debug][gc,stats          ]   Elapsed time = 0.14ms, Termination time = 0.10ms
[41.351s][debug][gc,stats          ]   Step Times (cum): num = 656, avg = 0.51ms, sd = 1.92ms max = 9.88ms, total = 332.55ms
[41.351s][debug][gc,stats          ]   Mark Stats Cache: hits 92976 misses 47 ratio 99.949
[41.351s][debug][gc,stats          ] ---------------------------------------------------------------------
[41.351s][debug][gc,stats          ] Marking Stats, task = 1, calls = 1
[41.351s][debug][gc,stats          ]   Elapsed time = 0.14ms, Termination time = 0.10ms
[41.351s][debug][gc,stats          ]   Step Times (cum): num = 37, avg = 0.18ms, sd = 0.23ms max = 0.77ms, total = 6.78ms
[41.351s][debug][gc,stats          ]   Mark Stats Cache: hits 606 misses 6 ratio 99.020
[41.351s][debug][gc,stats          ] ---------------------------------------------------------------------
[41.351s][debug][gc,stats          ] Marking Stats, task = 2, calls = 1
[41.351s][debug][gc,stats          ]   Elapsed time = 0.15ms, Termination time = 0.10ms
[41.351s][debug][gc,stats          ]   Step Times (cum): num = 36, avg = 0.15ms, sd = 0.24ms max = 0.75ms, total = 5.25ms
[41.351s][debug][gc,stats          ]   Mark Stats Cache: hits 157 misses 5 ratio 96.914
[41.351s][debug][gc,stats          ] ---------------------------------------------------------------------
[41.351s][debug][gc,stats          ] Marking Stats, task = 3, calls = 1
[41.351s][debug][gc,stats          ]   Elapsed time = 0.00ms, Termination time = 0.00ms
[41.351s][debug][gc,stats          ]   Step Times (cum): num = 34, avg = 0.01ms, sd = 0.01ms max = 0.08ms, total = 0.22ms
[41.351s][debug][gc,stats          ]   Mark Stats Cache: hits 41 misses 3 ratio 93.182
[41.351s][debug][gc,stats          ] ---------------------------------------------------------------------
[41.351s][debug][gc,phases         ] GC(92) Finalize Marking 0.336ms
[41.351s][debug][gc,phases,start   ] GC(92) Reference Processing
[41.351s][debug][gc,ref            ] GC(92) Skipped phase1 of Reference Processing due to unavailable references
[41.351s][debug][gc,ref            ] GC(92) Skipped phase2 of Reference Processing due to unavailable references
[41.351s][debug][gc,ref            ] GC(92) Skipped phase3 of Reference Processing due to unavailable references
[41.351s][debug][gc,ref            ] GC(92) Skipped phase4 of Reference Processing due to unavailable references
[41.351s][debug][gc,phases,ref     ] GC(92) Reference Processing: 0.0ms
[41.351s][debug][gc,phases,ref     ] GC(92)   Reconsider SoftReferences: 0.0ms
[41.351s][debug][gc,phases,ref     ] GC(92)     SoftRef (ms):             skipped
[41.351s][debug][gc,phases,ref     ] GC(92)   Notify Soft/WeakReferences: 0.0ms
[41.351s][debug][gc,phases,ref     ] GC(92)     SoftRef (ms):             skipped
[41.351s][debug][gc,phases,ref     ] GC(92)     WeakRef (ms):             skipped
[41.351s][debug][gc,phases,ref     ] GC(92)     FinalRef (ms):            skipped
[41.351s][debug][gc,phases,ref     ] GC(92)     Total (ms):               skipped
[41.351s][debug][gc,phases,ref     ] GC(92)   Notify and keep alive finalizable: 0.0ms
[41.351s][debug][gc,phases,ref     ] GC(92)     FinalRef (ms):            skipped
[41.351s][debug][gc,phases,ref     ] GC(92)   Notify PhantomReferences: 0.0ms
[41.351s][debug][gc,phases,ref     ] GC(92)     PhantomRef (ms):          skipped
[41.351s][debug][gc,phases,ref     ] GC(92)   SoftReference:
[41.351s][debug][gc,phases,ref     ] GC(92)     Discovered: 0
[41.351s][debug][gc,phases,ref     ] GC(92)     Cleared: 0
[41.351s][debug][gc,phases,ref     ] GC(92)   WeakReference:
[41.351s][debug][gc,phases,ref     ] GC(92)     Discovered: 0
[41.351s][debug][gc,phases,ref     ] GC(92)     Cleared: 0
[41.351s][debug][gc,phases,ref     ] GC(92)   FinalReference:
[41.351s][debug][gc,phases,ref     ] GC(92)     Discovered: 0
[41.351s][debug][gc,phases,ref     ] GC(92)     Cleared: 0
[41.351s][debug][gc,phases,ref     ] GC(92)   PhantomReference:
[41.351s][debug][gc,phases,ref     ] GC(92)     Discovered: 0
[41.351s][debug][gc,phases,ref     ] GC(92)     Cleared: 0
[41.351s][debug][gc,phases         ] GC(92) Reference Processing 0.226ms
[41.351s][debug][gc,phases,start   ] GC(92) Weak Processing
[41.351s][debug][gc,phases         ] GC(92) Weak Processing 0.017ms
[41.351s][debug][gc,phases,start   ] GC(92) Class Unloading
[41.351s][debug][gc,phases,start   ] GC(92) ClassLoaderData
[41.351s][debug][gc,phases         ] GC(92) ClassLoaderData 0.042ms
[41.351s][debug][gc,phases,start   ] GC(92) ProtectionDomainCacheTable
[41.351s][debug][gc,phases         ] GC(92) ProtectionDomainCacheTable 0.009ms
[41.352s][info ][gc,stringtable    ] GC(92) Cleaned string and symbol table, strings: 6167 processed, 6 removed, symbols: 45233 processed, 0 removed
[41.352s][debug][gc,phases         ] GC(92) Class Unloading 0.997ms
[41.352s][debug][gc,phases,start   ] GC(92) Flush Task Caches
[41.352s][debug][gc,stats          ] Mark stats cache hits 93780 misses 61 ratio 99.935
[41.352s][debug][gc,phases         ] GC(92) Flush Task Caches 0.024ms
[41.352s][debug][gc,phases,start   ] GC(92) Update Remembered Set Tracking Before Rebuild
[41.352s][debug][gc,ergo           ] GC(92) Running G1 Update RemSet Tracking Before Rebuild using 4 workers for 1489 regions in heap
[41.352s][debug][gc,remset,tracking] GC(92) Remembered Set Tracking update regions total 1489, selected 50
[41.352s][debug][gc,phases         ] GC(92) Update Remembered Set Tracking Before Rebuild 0.150ms
[41.353s][debug][gc,phases,start   ] GC(92) Reclaim Empty Regions
[41.353s][debug][gc                ] GC(92) Reclaimed 270 empty regions
[41.353s][debug][gc,phases         ] GC(92) Reclaim Empty Regions 0.265ms
[41.353s][debug][gc,phases,start   ] GC(92) Purge Metaspace
[41.353s][debug][gc,phases         ] GC(92) Purge Metaspace 0.008ms
[41.353s][debug][gc,phases,start   ] GC(92) Report Object Count
[41.353s][debug][gc,phases         ] GC(92) Report Object Count 0.008ms
[41.353s][info ][gc                ] GC(92) Pause Remark 333M->63M(1489M) 2.137ms
[41.353s][info ][gc,cpu            ] GC(92) User=0.00s Sys=0.00s Real=0.00s
[41.353s][info ][gc,marking        ] GC(92) Concurrent Rebuild Remembered Sets
[41.358s][info ][gc,marking        ] GC(92) Concurrent Rebuild Remembered Sets 5.410ms
[41.358s][info ][gc,start          ] GC(92) Pause Cleanup
[41.358s][debug][gc,phases,start   ] GC(92) Update Remembered Set Tracking After Rebuild
[41.358s][debug][gc,phases         ] GC(92) Update Remembered Set Tracking After Rebuild 0.036ms
[41.358s][debug][gc,phases,start   ] GC(92) Finalize Concurrent Mark Cleanup
[41.359s][debug][gc,ergo           ] GC(92) request young-only gcs (reclaimable percentage not over threshold). candidate old regions: 49 reclaimable: 48875912 (3.13) threshold: 5
[41.359s][debug][gc,phases         ] GC(92) Finalize Concurrent Mark Cleanup 0.184ms
[41.359s][info ][gc                ] GC(92) Pause Cleanup 63M->63M(1489M) 0.261ms
[41.359s][info ][gc,cpu            ] GC(92) User=0.00s Sys=0.00s Real=0.00s
[41.359s][info ][gc,marking        ] GC(92) Concurrent Cleanup for Next Mark
[41.359s][debug][gc,ergo           ] GC(92) Running G1 Clear Bitmap with 1 workers for 24 work units.
[41.360s][info ][gc,marking        ] GC(92) Concurrent Cleanup for Next Mark 1.800ms
[41.361s][info ][gc                ] GC(92) Concurrent Cycle 17.730ms
[41.458s][debug][gc,ergo,ihop      ] Request concurrent cycle initiation (occupancy higher than threshold) occupancy: 55574528B allocation request: 524304B threshold: 0B (0.00) source: concurrent humongous allocation
[41.458s][debug][gc,ergo           ] Request concurrent cycle initiation (requested by GC cause). GC cause: G1 Humongous Allocation
[41.458s][debug][gc,heap           ] GC(93) Heap before GC invocations=93 (full 0): garbage-first heap   total 1524736K, used 69632K [0x0000000780000000, 0x0000000800000000)
[41.458s][debug][gc,heap           ] GC(93)   region size 1024K, 16 young (16384K), 5 survivors (5120K)
[41.458s][debug][gc,heap           ] GC(93)  Metaspace       used 13298K, capacity 13734K, committed 13824K, reserved 1060864K
[41.458s][debug][gc,heap           ] GC(93)   class space    used 1352K, capacity 1515K, committed 1536K, reserved 1048576K
[41.458s][debug][gc,ergo           ] GC(93) Initiate concurrent cycle (concurrent cycle initiation requested)
[41.458s][info ][gc,start          ] GC(93) Pause Young (Concurrent Start) (G1 Humongous Allocation)
[41.458s][info ][gc,task           ] GC(93) Using 4 workers of 4 for evacuation
[41.458s][debug][gc,tlab           ] GC(93) TLAB totals: thrds: 1  refills: 31 max: 31 slow allocs: 3 max 3 waste:  0.9% gc: 80072B max: 80072B slow: 17672B max: 17672B fast: 0B max: 0B
[41.458s][debug][gc,alloc,region   ] GC(93) Mutator Allocation stats, regions: 11, wasted size: 0B ( 0.0%)
[41.458s][debug][gc,age            ] GC(93) Desired survivor size 11010048 bytes, new threshold 15 (max threshold 15)
[41.459s][debug][gc,ergo,cset      ] GC(93) Finish choosing CSet. old: 0 regions, predicted old region time: 0.00ms, time remaining: 176.66
[41.459s][debug][gc,task,stats     ] GC(93) GC Termination Stats
[41.459s][debug][gc,task,stats     ] GC(93)      elapsed  --strong roots-- -------termination------- ------waste (KiB)------
[41.459s][debug][gc,task,stats     ] GC(93) thr     ms        ms      %        ms      %    attempts  total   alloc    undo
[41.459s][debug][gc,task,stats     ] GC(93) --- --------- --------- ------ --------- ------ -------- ------- ------- -------
[41.479s][debug][gc,task,stats     ] GC(93)   3     20.28     17.90  88.25      0.01   0.04        8       0       0       0
[41.479s][debug][gc,task,stats     ] GC(93)   2     20.42      4.70  23.02      0.02   0.10        5       0       0       0
[41.479s][debug][gc,task,stats     ] GC(93)   0     20.50     14.43  70.37      0.01   0.04        8       0       0       0
[41.479s][debug][gc,task,stats     ] GC(93)   1     20.55     17.66  85.96      0.01   0.05        6       0       0       0
[41.479s][debug][gc,ergo           ] GC(93) Running G1 Clear Card Table Task using 1 workers for 1 units of work for 24 regions.
[41.479s][debug][gc,ref            ] GC(93) Skipped phase1 of Reference Processing due to unavailable references
[41.479s][debug][gc,ref            ] GC(93) Skipped phase2 of Reference Processing due to unavailable references
[41.480s][debug][gc,ref            ] GC(93) Skipped phase3 of Reference Processing due to unavailable references
[41.480s][debug][gc,ref            ] GC(93) Skipped phase4 of Reference Processing due to unavailable references
[41.480s][debug][gc,ergo           ] GC(93) Running G1 Free Collection Set using 1 workers for collection set length 16
[41.480s][debug][gc,humongous      ] GC(93) Live humongous region 310 object size 524304 start 0x0000000793600000  with remset 0 code roots 0 is marked 0 reclaim candidate 0 type array 0
[41.480s][debug][gc,humongous      ] GC(93) Live humongous region 311 object size 1048592 start 0x0000000793700000  with remset 1 code roots 0 is marked 0 reclaim candidate 0 type array 0
[41.480s][debug][gc,plab           ] GC(93) Young PLAB allocation: allocated: 15728640B, wasted: 640B, unused: 835704B, used: 14892296B, undo waste: 0B, 
[41.480s][debug][gc,plab           ] GC(93) Young other allocation: region end waste: 0B, regions filled: 15, direct allocated: 0B, failure used: 0B, failure wasted: 0B
[41.480s][debug][gc,plab           ] GC(93) Young sizing: calculated: 2978456B, actual: 2827840B
[41.480s][debug][gc,plab           ] GC(93) Old PLAB allocation: allocated: 0B, wasted: 0B, unused: 0B, used: 0B, undo waste: 0B, 
[41.480s][debug][gc,plab           ] GC(93) Old other allocation: region end waste: 0B, regions filled: 0, direct allocated: 0B, failure used: 0B, failure wasted: 0B
[41.480s][debug][gc,plab           ] GC(93) Old sizing: calculated: 0B, actual: 3422600B
[41.480s][debug][gc,alloc,stats    ] Old generation allocation in the last mutator period, old gen allocated: 0B, humongous allocated: 3145728B,old gen growth: 0B.
[41.480s][debug][gc,ihop           ] GC(93) Basic information (value update), threshold: 0B (0.00), target occupancy: 1561329664B, current occupancy: 71303168B, recent allocation size: 3145728B, recent allocation duration: 113.93ms, recent old gen allocation rate: 27610164.69B/s, recent marking phase length: 232.15ms
[41.480s][debug][gc,ihop           ] GC(93) Adaptive IHOP information (value update), threshold: 0B (0.00), internal target occupancy: 1483263180B, occupancy: 71303168B, additional buffer size: 190840832B, predicted old gen allocation rate: 3773815024.81B/s, predicted marking phase length: 354.98ms, prediction active: true
[41.480s][debug][gc,ergo,refine    ] GC(93) Updated Refinement Zones: green: 46, yellow: 138, red: 230
[41.480s][info ][gc,phases         ] GC(93)   Pre Evacuate Collection Set: 0.1ms
[41.480s][debug][gc,phases         ] GC(93)     Prepare TLABs: 0.0ms
[41.480s][debug][gc,phases         ] GC(93)     Choose Collection Set: 0.0ms
[41.480s][debug][gc,phases         ] GC(93)     Humongous Register: 0.0ms
[41.480s][debug][gc,phases         ] GC(93)     Clear Claimed Marks: 0.1ms
[41.480s][info ][gc,phases         ] GC(93)   Evacuate Collection Set: 20.7ms
[41.480s][debug][gc,phases         ] GC(93)     Ext Root Scanning (ms):   Min:  0.4, Avg:  0.4, Max:  0.5, Diff:  0.1, Sum:  1.7, Workers: 4
[41.480s][debug][gc,phases         ] GC(93)     Update RS (ms):           Min:  1.0, Avg:  1.5, Max:  2.7, Diff:  1.7, Sum:  5.9, Workers: 4
[41.480s][debug][gc,phases         ] GC(93)       Processed Buffers:        Min: 2, Avg:  3.8, Max: 8, Diff: 6, Sum: 15, Workers: 4
[41.480s][debug][gc,phases         ] GC(93)       Scanned Cards:            Min: 512, Avg: 775.8, Max: 1566, Diff: 1054, Sum: 3103, Workers: 4
[41.480s][debug][gc,phases         ] GC(93)       Skipped Cards:            Min: 0, Avg:  0.0, Max: 0, Diff: 0, Sum: 0, Workers: 4
[41.480s][debug][gc,phases         ] GC(93)     Scan RS (ms):             Min:  0.0, Avg:  0.1, Max:  0.3, Diff:  0.3, Sum:  0.3, Workers: 4
[41.480s][debug][gc,phases         ] GC(93)       Scanned Cards:            Min: 0, Avg: 37.8, Max: 151, Diff: 151, Sum: 151, Workers: 4
[41.480s][debug][gc,phases         ] GC(93)       Claimed Cards:            Min: 0, Avg: 230.5, Max: 922, Diff: 922, Sum: 922, Workers: 4
[41.480s][debug][gc,phases         ] GC(93)       Skipped Cards:            Min: 0, Avg:  0.0, Max: 0, Diff: 0, Sum: 0, Workers: 4
[41.480s][debug][gc,phases         ] GC(93)     Code Root Scanning (ms):  Min:  0.0, Avg:  0.0, Max:  0.0, Diff:  0.0, Sum:  0.0, Workers: 4
[41.480s][debug][gc,phases         ] GC(93)     JVMCI Root Scan (ms):     skipped
[41.480s][debug][gc,phases         ] GC(93)     Object Copy (ms):         Min: 16.9, Avg: 18.3, Max: 18.9, Diff:  2.0, Sum: 73.2, Workers: 4
[41.480s][debug][gc,phases         ] GC(93)     Termination (ms):         Min:  0.0, Avg:  0.0, Max:  0.0, Diff:  0.0, Sum:  0.0, Workers: 4
[41.480s][debug][gc,phases         ] GC(93)       Termination Attempts:     Min: 5, Avg:  6.8, Max: 8, Diff: 3, Sum: 27, Workers: 4
[41.480s][debug][gc,phases         ] GC(93)     GC Worker Other (ms):     Min:  0.1, Avg:  0.2, Max:  0.3, Diff:  0.2, Sum:  0.8, Workers: 4
[41.480s][debug][gc,phases         ] GC(93)     GC Worker Total (ms):     Min: 20.4, Avg: 20.5, Max: 20.6, Diff:  0.2, Sum: 82.0, Workers: 4
[41.480s][info ][gc,phases         ] GC(93)   Post Evacuate Collection Set: 0.4ms
[41.480s][debug][gc,phases         ] GC(93)     Code Roots Fixup: 0.0ms
[41.480s][debug][gc,phases         ] GC(93)     Clear Card Table: 0.0ms
[41.480s][debug][gc,phases         ] GC(93)     Reference Processing: 0.1ms
[41.480s][debug][gc,phases,ref     ] GC(93)       Reconsider SoftReferences: 0.0ms
[41.480s][debug][gc,phases,ref     ] GC(93)         SoftRef (ms):             skipped
[41.480s][debug][gc,phases,ref     ] GC(93)       Notify Soft/WeakReferences: 0.0ms
[41.481s][debug][gc,phases,ref     ] GC(93)         SoftRef (ms):             skipped
[41.481s][debug][gc,phases,ref     ] GC(93)         WeakRef (ms):             skipped
[41.481s][debug][gc,phases,ref     ] GC(93)         FinalRef (ms):            skipped
[41.481s][debug][gc,phases,ref     ] GC(93)         Total (ms):               skipped
[41.481s][debug][gc,phases,ref     ] GC(93)       Notify and keep alive finalizable: 0.0ms
[41.481s][debug][gc,phases,ref     ] GC(93)         FinalRef (ms):            skipped
[41.481s][debug][gc,phases,ref     ] GC(93)       Notify PhantomReferences: 0.0ms
[41.481s][debug][gc,phases,ref     ] GC(93)         PhantomRef (ms):          skipped
[41.481s][debug][gc,phases,ref     ] GC(93)       SoftReference:
[41.481s][debug][gc,phases,ref     ] GC(93)         Discovered: 0
[41.481s][debug][gc,phases,ref     ] GC(93)         Cleared: 0
[41.481s][debug][gc,phases,ref     ] GC(93)       WeakReference:
[41.481s][debug][gc,phases,ref     ] GC(93)         Discovered: 0
[41.481s][debug][gc,phases,ref     ] GC(93)         Cleared: 0
[41.481s][debug][gc,phases,ref     ] GC(93)       FinalReference:
[41.481s][debug][gc,phases,ref     ] GC(93)         Discovered: 0
[41.481s][debug][gc,phases,ref     ] GC(93)         Cleared: 0
[41.481s][debug][gc,phases,ref     ] GC(93)       PhantomReference:
[41.481s][debug][gc,phases,ref     ] GC(93)         Discovered: 0
[41.481s][debug][gc,phases,ref     ] GC(93)         Cleared: 0
[41.481s][debug][gc,phases         ] GC(93)     Weak Processing: 0.0ms
[41.481s][debug][gc,phases         ] GC(93)     Merge Per-Thread State: 0.0ms
[41.481s][debug][gc,phases         ] GC(93)     Code Roots Purge: 0.0ms
[41.481s][debug][gc,phases         ] GC(93)     Redirty Cards: 0.0ms
[41.481s][debug][gc,phases         ] GC(93)     DerivedPointerTable Update: 0.0ms
[41.481s][debug][gc,phases         ] GC(93)     Free Collection Set: 0.2ms
[41.481s][debug][gc,phases         ] GC(93)     Humongous Reclaim: 0.1ms
[41.481s][debug][gc,phases         ] GC(93)     Start New Collection Set: 0.0ms
[41.481s][debug][gc,phases         ] GC(93)     Resize TLABs: 0.0ms
[41.481s][debug][gc,phases         ] GC(93)     Expand Heap After Collection: 0.0ms
[41.481s][info ][gc,phases         ] GC(93)   Other: 0.6ms
[41.481s][info ][gc,heap           ] GC(93) Eden regions: 11->0(167)
[41.481s][info ][gc,heap           ] GC(93) Survivor regions: 5->15(21)
[41.481s][info ][gc,heap           ] GC(93) Old regions: 50->50
[41.481s][info ][gc,heap           ] GC(93) Humongous regions: 3->3
[41.481s][info ][gc,metaspace      ] GC(93) Metaspace: 13298K->13298K(1060864K)
[41.481s][debug][gc,heap           ] GC(93) Heap after GC invocations=94 (full 0): garbage-first heap   total 1524736K, used 69632K [0x0000000780000000, 0x0000000800000000)
[41.481s][debug][gc,heap           ] GC(93)   region size 1024K, 15 young (15360K), 15 survivors (15360K)
[41.481s][debug][gc,heap           ] GC(93)  Metaspace       used 13298K, capacity 13734K, committed 13824K, reserved 1060864K
[41.481s][debug][gc,heap           ] GC(93)   class space    used 1352K, capacity 1515K, committed 1536K, reserved 1048576K
[41.481s][info ][gc                ] GC(93) Pause Young (Concurrent Start) (G1 Humongous Allocation) 68M->68M(1489M) 22.974ms
[41.481s][info ][gc,cpu            ] GC(93) User=0.08s Sys=0.01s Real=0.02s
[41.481s][info ][gc                ] GC(94) Concurrent Cycle
[41.481s][info ][gc,marking        ] GC(94) Concurrent Clear Claimed Marks
[41.482s][info ][gc,marking        ] GC(94) Concurrent Clear Claimed Marks 0.175ms
[41.482s][info ][gc,marking        ] GC(94) Concurrent Scan Root Regions
[41.482s][debug][gc,ergo           ] GC(94) Running G1 Root Region Scan using 1 workers for 15 work units.
[41.495s][info ][gc,marking        ] GC(94) Concurrent Scan Root Regions 12.829ms
[41.495s][info ][gc,marking        ] GC(94) Concurrent Mark (41.495s)
[41.495s][info ][gc,marking        ] GC(94) Concurrent Mark From Roots
[41.495s][info ][gc,task           ] GC(94) Using 1 workers of 1 for marking
[41.503s][debug][gc,stats          ] ---------------------------------------------------------------------
[41.503s][debug][gc,stats          ] Marking Stats, task = 0, calls = 1
[41.503s][debug][gc,stats          ]   Elapsed time = 8.00ms, Termination time = 0.00ms
[41.503s][debug][gc,stats          ]   Step Times (cum): num = 657, avg = 0.52ms, sd = 1.94ms max = 9.88ms, total = 340.55ms
[41.503s][debug][gc,stats          ]   Mark Stats Cache: hits 60182 misses 46 ratio 99.924
[41.503s][debug][gc,stats          ] ---------------------------------------------------------------------
[41.503s][info ][gc,marking        ] GC(94) Concurrent Mark From Roots 8.322ms
[41.503s][info ][gc,marking        ] GC(94) Concurrent Preclean
[41.503s][debug][gc,ref,start      ] GC(94) Preclean SoftReferences
[41.503s][debug][gc,ref            ] GC(94) Preclean SoftReferences 0.027ms
[41.503s][debug][gc,ref,start      ] GC(94) Preclean WeakReferences
[41.503s][debug][gc,ref            ] GC(94) Preclean WeakReferences 0.031ms
[41.503s][debug][gc,ref,start      ] GC(94) Preclean FinalReferences
[41.503s][debug][gc,ref            ] GC(94) Preclean FinalReferences 0.017ms
[41.503s][debug][gc,ref,start      ] GC(94) Preclean PhantomReferences
[41.503s][debug][gc,ref            ] GC(94) Preclean PhantomReferences 0.017ms
[41.503s][info ][gc,marking        ] GC(94) Concurrent Preclean 0.175ms
[41.503s][info ][gc,marking        ] GC(94) Concurrent Mark (41.495s, 41.503s) 8.545ms
[41.503s][info ][gc,start          ] GC(94) Pause Remark
[41.503s][debug][gc,phases,start   ] GC(94) Finalize Marking
[41.504s][debug][gc,stats          ] ---------------------------------------------------------------------
[41.504s][debug][gc,stats          ] Marking Stats, task = 0, calls = 18
[41.504s][debug][gc,stats          ]   Elapsed time = 0.06ms, Termination time = 0.02ms
[41.504s][debug][gc,stats          ]   Step Times (cum): num = 674, avg = 0.51ms, sd = 1.92ms max = 9.88ms, total = 340.59ms
[41.504s][debug][gc,stats          ]   Mark Stats Cache: hits 60182 misses 46 ratio 99.924
[41.504s][debug][gc,stats          ] ---------------------------------------------------------------------
[41.504s][debug][gc,stats          ] Marking Stats, task = 1, calls = 1
[41.504s][debug][gc,stats          ]   Elapsed time = 0.06ms, Termination time = 0.03ms
[41.504s][debug][gc,stats          ]   Step Times (cum): num = 38, avg = 0.18ms, sd = 0.23ms max = 0.77ms, total = 6.82ms
[41.504s][debug][gc,stats          ]   Mark Stats Cache: hits 32 misses 2 ratio 94.118
[41.504s][debug][gc,stats          ] ---------------------------------------------------------------------
[41.504s][debug][gc,stats          ] Marking Stats, task = 2, calls = 1
[41.504s][debug][gc,stats          ]   Elapsed time = 0.01ms, Termination time = 0.00ms
[41.504s][debug][gc,stats          ]   Step Times (cum): num = 37, avg = 0.14ms, sd = 0.24ms max = 0.75ms, total = 5.26ms
[41.504s][debug][gc,stats          ]   Mark Stats Cache: hits 56 misses 3 ratio 94.915
[41.504s][debug][gc,stats          ] ---------------------------------------------------------------------
[41.504s][debug][gc,stats          ] Marking Stats, task = 3, calls = 1
[41.504s][debug][gc,stats          ]   Elapsed time = 0.01ms, Termination time = 0.00ms
[41.504s][debug][gc,stats          ]   Step Times (cum): num = 35, avg = 0.01ms, sd = 0.01ms max = 0.08ms, total = 0.22ms
[41.504s][debug][gc,stats          ]   Mark Stats Cache: hits 115 misses 3 ratio 97.458
[41.504s][debug][gc,stats          ] ---------------------------------------------------------------------
[41.504s][debug][gc,phases         ] GC(94) Finalize Marking 0.474ms
[41.504s][debug][gc,phases,start   ] GC(94) Reference Processing
[41.504s][debug][gc,ref            ] GC(94) Skipped phase1 of Reference Processing due to unavailable references
[41.504s][debug][gc,ref            ] GC(94) Skipped phase2 of Reference Processing due to unavailable references
[41.504s][debug][gc,ref            ] GC(94) Skipped phase3 of Reference Processing due to unavailable references
[41.504s][debug][gc,ref            ] GC(94) Skipped phase4 of Reference Processing due to unavailable references
[41.504s][debug][gc,phases,ref     ] GC(94) Reference Processing: 0.1ms
[41.504s][debug][gc,phases,ref     ] GC(94)   Reconsider SoftReferences: 0.0ms
[41.504s][debug][gc,phases,ref     ] GC(94)     SoftRef (ms):             skipped
[41.504s][debug][gc,phases,ref     ] GC(94)   Notify Soft/WeakReferences: 0.0ms
[41.504s][debug][gc,phases,ref     ] GC(94)     SoftRef (ms):             skipped
[41.504s][debug][gc,phases,ref     ] GC(94)     WeakRef (ms):             skipped
[41.504s][debug][gc,phases,ref     ] GC(94)     FinalRef (ms):            skipped
[41.504s][debug][gc,phases,ref     ] GC(94)     Total (ms):               skipped
[41.504s][debug][gc,phases,ref     ] GC(94)   Notify and keep alive finalizable: 0.0ms
[41.504s][debug][gc,phases,ref     ] GC(94)     FinalRef (ms):            skipped
[41.504s][debug][gc,phases,ref     ] GC(94)   Notify PhantomReferences: 0.0ms
[41.504s][debug][gc,phases,ref     ] GC(94)     PhantomRef (ms):          skipped
[41.504s][debug][gc,phases,ref     ] GC(94)   SoftReference:
[41.504s][debug][gc,phases,ref     ] GC(94)     Discovered: 0
[41.504s][debug][gc,phases,ref     ] GC(94)     Cleared: 0
[41.504s][debug][gc,phases,ref     ] GC(94)   WeakReference:
[41.504s][debug][gc,phases,ref     ] GC(94)     Discovered: 0
[41.504s][debug][gc,phases,ref     ] GC(94)     Cleared: 0
[41.504s][debug][gc,phases,ref     ] GC(94)   FinalReference:
[41.504s][debug][gc,phases,ref     ] GC(94)     Discovered: 0
[41.504s][debug][gc,phases,ref     ] GC(94)     Cleared: 0
[41.504s][debug][gc,phases,ref     ] GC(94)   PhantomReference:
[41.504s][debug][gc,phases,ref     ] GC(94)     Discovered: 0
[41.504s][debug][gc,phases,ref     ] GC(94)     Cleared: 0
[41.504s][debug][gc,phases         ] GC(94) Reference Processing 0.485ms
[41.504s][debug][gc,phases,start   ] GC(94) Weak Processing
[41.504s][debug][gc,phases         ] GC(94) Weak Processing 0.032ms
[41.504s][debug][gc,phases,start   ] GC(94) Class Unloading
[41.505s][debug][gc,phases,start   ] GC(94) ClassLoaderData
[41.505s][debug][gc,phases         ] GC(94) ClassLoaderData 0.083ms
[41.505s][debug][gc,phases,start   ] GC(94) ProtectionDomainCacheTable
[41.505s][debug][gc,phases         ] GC(94) ProtectionDomainCacheTable 0.015ms
[41.506s][info ][gc,stringtable    ] GC(94) Cleaned string and symbol table, strings: 6161 processed, 2 removed, symbols: 45233 processed, 0 removed
[41.506s][debug][gc,phases         ] GC(94) Class Unloading 1.767ms
[41.506s][debug][gc,phases,start   ] GC(94) Flush Task Caches
[41.506s][debug][gc,stats          ] Mark stats cache hits 60385 misses 54 ratio 99.911
[41.506s][debug][gc,phases         ] GC(94) Flush Task Caches 0.039ms
[41.506s][debug][gc,phases,start   ] GC(94) Update Remembered Set Tracking Before Rebuild
[41.506s][debug][gc,ergo           ] GC(94) Running G1 Update RemSet Tracking Before Rebuild using 4 workers for 1489 regions in heap
[41.506s][debug][gc,remset,tracking] GC(94) Remembered Set Tracking update regions total 1489, selected 48
[41.507s][debug][gc,phases         ] GC(94) Update Remembered Set Tracking Before Rebuild 0.189ms
[41.507s][debug][gc,phases,start   ] GC(94) Reclaim Empty Regions
[41.507s][debug][gc                ] GC(94) Reclaimed 5 empty regions
[41.507s][debug][gc,phases         ] GC(94) Reclaim Empty Regions 0.188ms
[41.507s][debug][gc,phases,start   ] GC(94) Purge Metaspace
[41.507s][debug][gc,phases         ] GC(94) Purge Metaspace 0.015ms
[41.507s][debug][gc,phases,start   ] GC(94) Report Object Count
[41.507s][debug][gc,phases         ] GC(94) Report Object Count 0.014ms
[41.507s][info ][gc                ] GC(94) Pause Remark 76M->71M(1489M) 3.418ms
[41.507s][info ][gc,cpu            ] GC(94) User=0.00s Sys=0.00s Real=0.01s
[41.507s][info ][gc,marking        ] GC(94) Concurrent Rebuild Remembered Sets
[41.515s][info ][gc,marking        ] GC(94) Concurrent Rebuild Remembered Sets 8.063ms
[41.515s][info ][gc,start          ] GC(94) Pause Cleanup
[41.515s][debug][gc,phases,start   ] GC(94) Update Remembered Set Tracking After Rebuild
[41.515s][debug][gc,phases         ] GC(94) Update Remembered Set Tracking After Rebuild 0.053ms
[41.515s][debug][gc,phases,start   ] GC(94) Finalize Concurrent Mark Cleanup
[41.515s][debug][gc,ergo           ] GC(94) request young-only gcs (reclaimable percentage not over threshold). candidate old regions: 47 reclaimable: 47640520 (3.05) threshold: 5
[41.515s][debug][gc,phases         ] GC(94) Finalize Concurrent Mark Cleanup 0.182ms
[41.515s][info ][gc                ] GC(94) Pause Cleanup 71M->71M(1489M) 0.301ms
[41.515s][info ][gc,cpu            ] GC(94) User=0.00s Sys=0.00s Real=0.00s
[41.515s][info ][gc,marking        ] GC(94) Concurrent Cleanup for Next Mark
[41.516s][debug][gc,ergo           ] GC(94) Running G1 Clear Bitmap with 1 workers for 24 work units.
[41.518s][info ][gc,marking        ] GC(94) Concurrent Cleanup for Next Mark 2.522ms
[41.518s][info ][gc                ] GC(94) Concurrent Cycle 36.728ms
[41.600s][debug][gc,ergo,ihop      ] Request concurrent cycle initiation (occupancy higher than threshold) occupancy: 53477376B allocation request: 524304B threshold: 0B (0.00) source: concurrent humongous allocation
[41.600s][debug][gc,ergo           ] Request concurrent cycle initiation (requested by GC cause). GC cause: G1 Humongous Allocation
[41.600s][debug][gc,heap           ] GC(95) Heap before GC invocations=95 (full 0): garbage-first heap   total 1524736K, used 77824K [0x0000000780000000, 0x0000000800000000)
[41.600s][debug][gc,heap           ] GC(95)   region size 1024K, 26 young (26624K), 15 survivors (15360K)
[41.600s][debug][gc,heap           ] GC(95)  Metaspace       used 13298K, capacity 13734K, committed 13824K, reserved 1060864K
[41.600s][debug][gc,heap           ] GC(95)   class space    used 1352K, capacity 1515K, committed 1536K, reserved 1048576K
[41.600s][debug][gc,ergo           ] GC(95) Initiate concurrent cycle (concurrent cycle initiation requested)
[41.600s][info ][gc,start          ] GC(95) Pause Young (Concurrent Start) (G1 Humongous Allocation)
[41.600s][info ][gc,task           ] GC(95) Using 4 workers of 4 for evacuation
[41.600s][debug][gc,tlab           ] GC(95) TLAB totals: thrds: 1  refills: 31 max: 31 slow allocs: 3 max 3 waste:  0.9% gc: 80072B max: 80072B slow: 17672B max: 17672B fast: 0B max: 0B
[41.600s][debug][gc,alloc,region   ] GC(95) Mutator Allocation stats, regions: 11, wasted size: 0B ( 0.0%)
[41.600s][debug][gc,age            ] GC(95) Desired survivor size 12058624 bytes, new threshold 2 (max threshold 15)
[41.601s][debug][gc,ergo,cset      ] GC(95) Finish choosing CSet. old: 0 regions, predicted old region time: 0.00ms, time remaining: 166.16
[41.601s][debug][gc,task,stats     ] GC(95) GC Termination Stats
[41.601s][debug][gc,task,stats     ] GC(95)      elapsed  --strong roots-- -------termination------- ------waste (KiB)------
[41.601s][debug][gc,task,stats     ] GC(95) thr     ms        ms      %        ms      %    attempts  total   alloc    undo
[41.601s][debug][gc,task,stats     ] GC(95) --- --------- --------- ------ --------- ------ -------- ------- ------- -------
[41.620s][debug][gc,task,stats     ] GC(95)   1     19.12     17.81  93.18      0.01   0.03        4       0       0       0
[41.620s][debug][gc,task,stats     ] GC(95)   3     18.91     15.30  80.90      0.05   0.26        9       0       0       0
[41.621s][debug][gc,task,stats     ] GC(95)   0     19.31     15.92  82.43      0.01   0.04        5       0       0       0
[41.621s][debug][gc,task,stats     ] GC(95)   2     19.33      3.50  18.12      0.01   0.03        2       0       0       0
[41.621s][debug][gc,ergo           ] GC(95) Running G1 Clear Card Table Task using 1 workers for 1 units of work for 33 regions.
[41.621s][debug][gc,ref            ] GC(95) Skipped phase1 of Reference Processing due to unavailable references
[41.621s][debug][gc,ref            ] GC(95) Skipped phase2 of Reference Processing due to unavailable references
[41.621s][debug][gc,ref            ] GC(95) Skipped phase3 of Reference Processing due to unavailable references
[41.621s][debug][gc,ref            ] GC(95) Skipped phase4 of Reference Processing due to unavailable references
[41.621s][debug][gc,ergo           ] GC(95) Running G1 Free Collection Set using 1 workers for collection set length 26
[41.621s][debug][gc,humongous      ] GC(95) Live humongous region 5 object size 524304 start 0x0000000780500000  with remset 0 code roots 0 is marked 0 reclaim candidate 0 type array 0
[41.621s][debug][gc,humongous      ] GC(95) Live humongous region 6 object size 1048592 start 0x0000000780600000  with remset 0 code roots 0 is marked 0 reclaim candidate 0 type array 0
[41.621s][debug][gc,plab           ] GC(95) Young PLAB allocation: allocated: 16252928B, wasted: 712B, unused: 498248B, used: 15753968B, undo waste: 0B, 
[41.621s][debug][gc,plab           ] GC(95) Young other allocation: region end waste: 0B, regions filled: 16, direct allocated: 0B, failure used: 0B, failure wasted: 0B
[41.621s][debug][gc,plab           ] GC(95) Young sizing: calculated: 3150792B, actual: 3070048B
[41.621s][debug][gc,plab           ] GC(95) Old PLAB allocation: allocated: 0B, wasted: 0B, unused: 0B, used: 0B, undo waste: 0B, 
[41.621s][debug][gc,plab           ] GC(95) Old other allocation: region end waste: 0B, regions filled: 0, direct allocated: 0B, failure used: 0B, failure wasted: 0B
[41.621s][debug][gc,plab           ] GC(95) Old sizing: calculated: 0B, actual: 855648B
[41.621s][debug][gc,alloc,stats    ] Old generation allocation in the last mutator period, old gen allocated: 0B, humongous allocated: 3145728B,old gen growth: 0B.
[41.621s][debug][gc,ihop           ] GC(95) Basic information (value update), threshold: 0B (0.00), target occupancy: 1561329664B, current occupancy: 69730304B, recent allocation size: 3145728B, recent allocation duration: 116.92ms, recent old gen allocation rate: 26905346.79B/s, recent marking phase length: 232.15ms
[41.621s][debug][gc,ihop           ] GC(95) Adaptive IHOP information (value update), threshold: 0B (0.00), internal target occupancy: 1483263180B, occupancy: 69730304B, additional buffer size: 221249536B, predicted old gen allocation rate: 3645201505.67B/s, predicted marking phase length: 354.98ms, prediction active: true
[41.621s][debug][gc,ergo,refine    ] GC(95) Updated Refinement Zones: green: 46, yellow: 138, red: 230
[41.621s][info ][gc,phases         ] GC(95)   Pre Evacuate Collection Set: 0.3ms
[41.621s][debug][gc,phases         ] GC(95)     Prepare TLABs: 0.0ms
[41.621s][debug][gc,phases         ] GC(95)     Choose Collection Set: 0.2ms
[41.621s][debug][gc,phases         ] GC(95)     Humongous Register: 0.1ms
[41.621s][debug][gc,phases         ] GC(95)     Clear Claimed Marks: 0.1ms
[41.621s][info ][gc,phases         ] GC(95)   Evacuate Collection Set: 19.5ms
[41.621s][debug][gc,phases         ] GC(95)     Ext Root Scanning (ms):   Min:  0.2, Avg:  0.4, Max:  0.5, Diff:  0.3, Sum:  1.6, Workers: 4
[41.621s][debug][gc,phases         ] GC(95)     Update RS (ms):           Min:  0.9, Avg:  1.2, Max:  1.8, Diff:  0.9, Sum:  4.7, Workers: 4
[41.621s][debug][gc,phases         ] GC(95)       Processed Buffers:        Min: 3, Avg:  4.5, Max: 9, Diff: 6, Sum: 18, Workers: 4
[41.621s][debug][gc,phases         ] GC(95)       Scanned Cards:            Min: 512, Avg: 775.5, Max: 1566, Diff: 1054, Sum: 3102, Workers: 4
[41.621s][debug][gc,phases         ] GC(95)       Skipped Cards:            Min: 15, Avg: 179.2, Max: 256, Diff: 241, Sum: 717, Workers: 4
[41.621s][debug][gc,phases         ] GC(95)     Scan RS (ms):             Min:  0.0, Avg:  0.1, Max:  0.2, Diff:  0.2, Sum:  0.2, Workers: 4
[41.621s][debug][gc,phases         ] GC(95)       Scanned Cards:            Min: 0, Avg: 35.8, Max: 143, Diff: 143, Sum: 143, Workers: 4
[41.621s][debug][gc,phases         ] GC(95)       Claimed Cards:            Min: 0, Avg: 269.5, Max: 1078, Diff: 1078, Sum: 1078, Workers: 4
[41.621s][debug][gc,phases         ] GC(95)       Skipped Cards:            Min: 0, Avg:  0.0, Max: 0, Diff: 0, Sum: 0, Workers: 4
[41.621s][debug][gc,phases         ] GC(95)     Code Root Scanning (ms):  Min:  0.0, Avg:  0.0, Max:  0.0, Diff:  0.0, Sum:  0.0, Workers: 4
[41.621s][debug][gc,phases         ] GC(95)     JVMCI Root Scan (ms):     skipped
[41.621s][debug][gc,phases         ] GC(95)     Object Copy (ms):         Min: 16.5, Avg: 17.4, Max: 17.7, Diff:  1.2, Sum: 69.4, Workers: 4
[41.621s][debug][gc,phases         ] GC(95)     Termination (ms):         Min:  0.0, Avg:  0.0, Max:  0.1, Diff:  0.0, Sum:  0.1, Workers: 4
[41.621s][debug][gc,phases         ] GC(95)       Termination Attempts:     Min: 2, Avg:  5.0, Max: 9, Diff: 7, Sum: 20, Workers: 4
[41.622s][debug][gc,phases         ] GC(95)     GC Worker Other (ms):     Min:  0.1, Avg:  0.2, Max:  0.3, Diff:  0.1, Sum:  0.8, Workers: 4
[41.622s][debug][gc,phases         ] GC(95)     GC Worker Total (ms):     Min: 19.0, Avg: 19.2, Max: 19.4, Diff:  0.4, Sum: 76.9, Workers: 4
[41.622s][info ][gc,phases         ] GC(95)   Post Evacuate Collection Set: 0.4ms
[41.622s][debug][gc,phases         ] GC(95)     Code Roots Fixup: 0.0ms
[41.622s][debug][gc,phases         ] GC(95)     Clear Card Table: 0.0ms
[41.622s][debug][gc,phases         ] GC(95)     Reference Processing: 0.1ms
[41.622s][debug][gc,phases,ref     ] GC(95)       Reconsider SoftReferences: 0.0ms
[41.622s][debug][gc,phases,ref     ] GC(95)         SoftRef (ms):             skipped
[41.622s][debug][gc,phases,ref     ] GC(95)       Notify Soft/WeakReferences: 0.0ms
[41.622s][debug][gc,phases,ref     ] GC(95)         SoftRef (ms):             skipped
[41.622s][debug][gc,phases,ref     ] GC(95)         WeakRef (ms):             skipped
[41.622s][debug][gc,phases,ref     ] GC(95)         FinalRef (ms):            skipped
[41.622s][debug][gc,phases,ref     ] GC(95)         Total (ms):               skipped
[41.622s][debug][gc,phases,ref     ] GC(95)       Notify and keep alive finalizable: 0.0ms
[41.622s][debug][gc,phases,ref     ] GC(95)         FinalRef (ms):            skipped
[41.622s][debug][gc,phases,ref     ] GC(95)       Notify PhantomReferences: 0.0ms
[41.622s][debug][gc,phases,ref     ] GC(95)         PhantomRef (ms):          skipped
[41.622s][debug][gc,phases,ref     ] GC(95)       SoftReference:
[41.622s][debug][gc,phases,ref     ] GC(95)         Discovered: 0
[41.622s][debug][gc,phases,ref     ] GC(95)         Cleared: 0
[41.622s][debug][gc,phases,ref     ] GC(95)       WeakReference:
[41.622s][debug][gc,phases,ref     ] GC(95)         Discovered: 0
[41.622s][debug][gc,phases,ref     ] GC(95)         Cleared: 0
[41.622s][debug][gc,phases,ref     ] GC(95)       FinalReference:
[41.622s][debug][gc,phases,ref     ] GC(95)         Discovered: 0
[41.622s][debug][gc,phases,ref     ] GC(95)         Cleared: 0
[41.622s][debug][gc,phases,ref     ] GC(95)       PhantomReference:
[41.622s][debug][gc,phases,ref     ] GC(95)         Discovered: 0
[41.622s][debug][gc,phases,ref     ] GC(95)         Cleared: 0
[41.622s][debug][gc,phases         ] GC(95)     Weak Processing: 0.0ms
[41.622s][debug][gc,phases         ] GC(95)     Merge Per-Thread State: 0.0ms
[41.622s][debug][gc,phases         ] GC(95)     Code Roots Purge: 0.0ms
[41.622s][debug][gc,phases         ] GC(95)     Redirty Cards: 0.0ms
[41.622s][debug][gc,phases         ] GC(95)     DerivedPointerTable Update: 0.0ms
[41.622s][debug][gc,phases         ] GC(95)     Free Collection Set: 0.2ms
[41.622s][debug][gc,phases         ] GC(95)     Humongous Reclaim: 0.1ms
[41.622s][debug][gc,phases         ] GC(95)     Start New Collection Set: 0.0ms
[41.622s][debug][gc,phases         ] GC(95)     Resize TLABs: 0.0ms
[41.622s][debug][gc,phases         ] GC(95)     Expand Heap After Collection: 0.0ms
[41.622s][info ][gc,phases         ] GC(95)   Other: 0.9ms
[41.622s][info ][gc,heap           ] GC(95) Eden regions: 11->0(195)
[41.622s][info ][gc,heap           ] GC(95) Survivor regions: 15->16(23)
[41.622s][info ][gc,heap           ] GC(95) Old regions: 48->48
[41.622s][info ][gc,heap           ] GC(95) Humongous regions: 3->3
[41.622s][info ][gc,metaspace      ] GC(95) Metaspace: 13298K->13298K(1060864K)
[41.622s][debug][gc,heap           ] GC(95) Heap after GC invocations=96 (full 0): garbage-first heap   total 1524736K, used 68096K [0x0000000780000000, 0x0000000800000000)
[41.622s][debug][gc,heap           ] GC(95)   region size 1024K, 16 young (16384K), 16 survivors (16384K)
[41.622s][debug][gc,heap           ] GC(95)  Metaspace       used 13298K, capacity 13734K, committed 13824K, reserved 1060864K
[41.622s][debug][gc,heap           ] GC(95)   class space    used 1352K, capacity 1515K, committed 1536K, reserved 1048576K
[41.622s][info ][gc                ] GC(95) Pause Young (Concurrent Start) (G1 Humongous Allocation) 76M->66M(1489M) 22.138ms
[41.623s][info ][gc,cpu            ] GC(95) User=0.07s Sys=0.00s Real=0.02s
[41.623s][info ][gc                ] GC(96) Concurrent Cycle
[41.623s][info ][gc,marking        ] GC(96) Concurrent Clear Claimed Marks
[41.623s][info ][gc,marking        ] GC(96) Concurrent Clear Claimed Marks 0.059ms
[41.623s][info ][gc,marking        ] GC(96) Concurrent Scan Root Regions
[41.623s][debug][gc,ergo           ] GC(96) Running G1 Root Region Scan using 1 workers for 16 work units.
[41.632s][info ][gc,marking        ] GC(96) Concurrent Scan Root Regions 9.002ms
[41.632s][info ][gc,marking        ] GC(96) Concurrent Mark (41.632s)
[41.632s][info ][gc,marking        ] GC(96) Concurrent Mark From Roots
[41.632s][info ][gc,task           ] GC(96) Using 1 workers of 1 for marking
[41.639s][debug][gc,stats          ] ---------------------------------------------------------------------
[41.639s][debug][gc,stats          ] Marking Stats, task = 0, calls = 1
[41.639s][debug][gc,stats          ]   Elapsed time = 7.49ms, Termination time = 0.00ms
[41.639s][debug][gc,stats          ]   Step Times (cum): num = 675, avg = 0.52ms, sd = 1.94ms max = 9.88ms, total = 348.08ms
[41.639s][debug][gc,stats          ]   Mark Stats Cache: hits 60181 misses 45 ratio 99.925
[41.639s][debug][gc,stats          ] ---------------------------------------------------------------------
[41.639s][info ][gc,marking        ] GC(96) Concurrent Mark From Roots 7.688ms
[41.639s][info ][gc,marking        ] GC(96) Concurrent Preclean
[41.639s][debug][gc,ref,start      ] GC(96) Preclean SoftReferences
[41.639s][debug][gc,ref            ] GC(96) Preclean SoftReferences 0.020ms
[41.639s][debug][gc,ref,start      ] GC(96) Preclean WeakReferences
[41.640s][debug][gc,ref            ] GC(96) Preclean WeakReferences 0.021ms
[41.640s][debug][gc,ref,start      ] GC(96) Preclean FinalReferences
[41.640s][debug][gc,ref            ] GC(96) Preclean FinalReferences 0.017ms
[41.640s][debug][gc,ref,start      ] GC(96) Preclean PhantomReferences
[41.640s][debug][gc,ref            ] GC(96) Preclean PhantomReferences 0.016ms
[41.640s][info ][gc,marking        ] GC(96) Concurrent Preclean 0.146ms
[41.640s][info ][gc,marking        ] GC(96) Concurrent Mark (41.632s, 41.640s) 7.880ms
[41.640s][info ][gc,start          ] GC(96) Pause Remark
[41.640s][debug][gc,phases,start   ] GC(96) Finalize Marking
[41.640s][debug][gc,stats          ] ---------------------------------------------------------------------
[41.640s][debug][gc,stats          ] Marking Stats, task = 0, calls = 18
[41.640s][debug][gc,stats          ]   Elapsed time = 0.21ms, Termination time = 0.19ms
[41.640s][debug][gc,stats          ]   Step Times (cum): num = 692, avg = 0.50ms, sd = 1.92ms max = 9.88ms, total = 348.28ms
[41.640s][debug][gc,stats          ]   Mark Stats Cache: hits 60181 misses 45 ratio 99.925
[41.640s][debug][gc,stats          ] ---------------------------------------------------------------------
[41.640s][debug][gc,stats          ] Marking Stats, task = 1, calls = 1
[41.640s][debug][gc,stats          ]   Elapsed time = 0.23ms, Termination time = 0.21ms
[41.640s][debug][gc,stats          ]   Step Times (cum): num = 39, avg = 0.18ms, sd = 0.23ms max = 0.77ms, total = 7.03ms
[41.640s][debug][gc,stats          ]   Mark Stats Cache: hits 87 misses 2 ratio 97.753
[41.640s][debug][gc,stats          ] ---------------------------------------------------------------------
[41.640s][debug][gc,stats          ] Marking Stats, task = 2, calls = 1
[41.640s][debug][gc,stats          ]   Elapsed time = 0.20ms, Termination time = 0.18ms
[41.640s][debug][gc,stats          ]   Step Times (cum): num = 38, avg = 0.14ms, sd = 0.24ms max = 0.75ms, total = 5.44ms
[41.640s][debug][gc,stats          ]   Mark Stats Cache: hits 117 misses 4 ratio 96.694
[41.640s][debug][gc,stats          ] ---------------------------------------------------------------------
[41.640s][debug][gc,stats          ] Marking Stats, task = 3, calls = 1
[41.640s][debug][gc,stats          ]   Elapsed time = 0.01ms, Termination time = 0.00ms
[41.640s][debug][gc,stats          ]   Step Times (cum): num = 36, avg = 0.01ms, sd = 0.01ms max = 0.08ms, total = 0.23ms
[41.640s][debug][gc,stats          ]   Mark Stats Cache: hits 0 misses 0 ratio 0.000
[41.640s][debug][gc,stats          ] ---------------------------------------------------------------------
[41.640s][debug][gc,phases         ] GC(96) Finalize Marking 0.571ms
[41.640s][debug][gc,phases,start   ] GC(96) Reference Processing
[41.640s][debug][gc,ref            ] GC(96) Skipped phase1 of Reference Processing due to unavailable references
[41.640s][debug][gc,ref            ] GC(96) Skipped phase2 of Reference Processing due to unavailable references
[41.640s][debug][gc,ref            ] GC(96) Skipped phase3 of Reference Processing due to unavailable references
[41.640s][debug][gc,ref            ] GC(96) Skipped phase4 of Reference Processing due to unavailable references
[41.640s][debug][gc,phases,ref     ] GC(96) Reference Processing: 0.1ms
[41.640s][debug][gc,phases,ref     ] GC(96)   Reconsider SoftReferences: 0.0ms
[41.640s][debug][gc,phases,ref     ] GC(96)     SoftRef (ms):             skipped
[41.640s][debug][gc,phases,ref     ] GC(96)   Notify Soft/WeakReferences: 0.0ms
[41.640s][debug][gc,phases,ref     ] GC(96)     SoftRef (ms):             skipped
[41.641s][debug][gc,phases,ref     ] GC(96)     WeakRef (ms):             skipped
[41.641s][debug][gc,phases,ref     ] GC(96)     FinalRef (ms):            skipped
[41.641s][debug][gc,phases,ref     ] GC(96)     Total (ms):               skipped
[41.641s][debug][gc,phases,ref     ] GC(96)   Notify and keep alive finalizable: 0.0ms
[41.641s][debug][gc,phases,ref     ] GC(96)     FinalRef (ms):            skipped
[41.641s][debug][gc,phases,ref     ] GC(96)   Notify PhantomReferences: 0.0ms
[41.641s][debug][gc,phases,ref     ] GC(96)     PhantomRef (ms):          skipped
[41.641s][debug][gc,phases,ref     ] GC(96)   SoftReference:
[41.641s][debug][gc,phases,ref     ] GC(96)     Discovered: 0
[41.641s][debug][gc,phases,ref     ] GC(96)     Cleared: 0
[41.641s][debug][gc,phases,ref     ] GC(96)   WeakReference:
[41.641s][debug][gc,phases,ref     ] GC(96)     Discovered: 0
[41.641s][debug][gc,phases,ref     ] GC(96)     Cleared: 0
[41.641s][debug][gc,phases,ref     ] GC(96)   FinalReference:
[41.641s][debug][gc,phases,ref     ] GC(96)     Discovered: 0
[41.641s][debug][gc,phases,ref     ] GC(96)     Cleared: 0
[41.641s][debug][gc,phases,ref     ] GC(96)   PhantomReference:
[41.641s][debug][gc,phases,ref     ] GC(96)     Discovered: 0
[41.641s][debug][gc,phases,ref     ] GC(96)     Cleared: 0
[41.641s][debug][gc,phases         ] GC(96) Reference Processing 0.401ms
[41.641s][debug][gc,phases,start   ] GC(96) Weak Processing
[41.641s][debug][gc,phases         ] GC(96) Weak Processing 0.029ms
[41.641s][debug][gc,phases,start   ] GC(96) Class Unloading
[41.641s][debug][gc,phases,start   ] GC(96) ClassLoaderData
[41.641s][debug][gc,phases         ] GC(96) ClassLoaderData 0.056ms
[41.641s][debug][gc,phases,start   ] GC(96) ProtectionDomainCacheTable
[41.641s][debug][gc,phases         ] GC(96) ProtectionDomainCacheTable 0.015ms
[41.642s][info ][gc,stringtable    ] GC(96) Cleaned string and symbol table, strings: 6159 processed, 0 removed, symbols: 45233 processed, 0 removed
[41.642s][debug][gc,phases         ] GC(96) Class Unloading 1.531ms
[41.642s][debug][gc,phases,start   ] GC(96) Flush Task Caches
[41.642s][debug][gc,stats          ] Mark stats cache hits 60385 misses 51 ratio 99.916
[41.642s][debug][gc,phases         ] GC(96) Flush Task Caches 0.041ms
[41.642s][debug][gc,phases,start   ] GC(96) Update Remembered Set Tracking Before Rebuild
[41.642s][debug][gc,ergo           ] GC(96) Running G1 Update RemSet Tracking Before Rebuild using 4 workers for 1489 regions in heap
[41.643s][debug][gc,remset,tracking] GC(96) Remembered Set Tracking update regions total 1489, selected 47
[41.643s][debug][gc,phases         ] GC(96) Update Remembered Set Tracking Before Rebuild 0.182ms
[41.643s][debug][gc,phases,start   ] GC(96) Reclaim Empty Regions
[41.643s][debug][gc                ] GC(96) Reclaimed 4 empty regions
[41.643s][debug][gc,phases         ] GC(96) Reclaim Empty Regions 0.186ms
[41.643s][debug][gc,phases,start   ] GC(96) Purge Metaspace
[41.643s][debug][gc,phases         ] GC(96) Purge Metaspace 0.015ms
[41.643s][debug][gc,phases,start   ] GC(96) Report Object Count
[41.643s][debug][gc,phases         ] GC(96) Report Object Count 0.015ms
[41.643s][info ][gc                ] GC(96) Pause Remark 75M->71M(1489M) 3.178ms
[41.643s][info ][gc,cpu            ] GC(96) User=0.01s Sys=0.00s Real=0.00s
[41.643s][info ][gc,marking        ] GC(96) Concurrent Rebuild Remembered Sets
[41.651s][info ][gc,marking        ] GC(96) Concurrent Rebuild Remembered Sets 7.928ms
[41.651s][info ][gc,start          ] GC(96) Pause Cleanup
[41.651s][debug][gc,phases,start   ] GC(96) Update Remembered Set Tracking After Rebuild
[41.651s][debug][gc,phases         ] GC(96) Update Remembered Set Tracking After Rebuild 0.059ms
[41.651s][debug][gc,phases,start   ] GC(96) Finalize Concurrent Mark Cleanup
[41.651s][debug][gc,ergo           ] GC(96) request young-only gcs (reclaimable percentage not over threshold). candidate old regions: 46 reclaimable: 46592016 (2.98) threshold: 5
[41.651s][debug][gc,phases         ] GC(96) Finalize Concurrent Mark Cleanup 0.198ms
[41.651s][info ][gc                ] GC(96) Pause Cleanup 71M->71M(1489M) 0.356ms
[41.651s][info ][gc,cpu            ] GC(96) User=0.00s Sys=0.00s Real=0.00s
[41.652s][info ][gc,marking        ] GC(96) Concurrent Cleanup for Next Mark
[41.652s][debug][gc,ergo           ] GC(96) Running G1 Clear Bitmap with 1 workers for 24 work units.
[41.654s][info ][gc,marking        ] GC(96) Concurrent Cleanup for Next Mark 2.711ms
[41.654s][info ][gc                ] GC(96) Concurrent Cycle 31.767ms
[41.737s][debug][gc,ergo,ihop      ] Request concurrent cycle initiation (occupancy higher than threshold) occupancy: 52428800B allocation request: 524304B threshold: 0B (0.00) source: concurrent humongous allocation
[41.737s][debug][gc,ergo           ] Request concurrent cycle initiation (requested by GC cause). GC cause: G1 Humongous Allocation
[41.737s][debug][gc,heap           ] GC(97) Heap before GC invocations=97 (full 0): garbage-first heap   total 1524736K, used 77312K [0x0000000780000000, 0x0000000800000000)
[41.737s][debug][gc,heap           ] GC(97)   region size 1024K, 27 young (27648K), 16 survivors (16384K)
[41.737s][debug][gc,heap           ] GC(97)  Metaspace       used 13331K, capacity 13735K, committed 13824K, reserved 1060864K
[41.737s][debug][gc,heap           ] GC(97)   class space    used 1352K, capacity 1515K, committed 1536K, reserved 1048576K
[41.737s][debug][gc,ergo           ] GC(97) Initiate concurrent cycle (concurrent cycle initiation requested)
[41.737s][info ][gc,start          ] GC(97) Pause Young (Concurrent Start) (G1 Humongous Allocation)
[41.737s][info ][gc,task           ] GC(97) Using 4 workers of 4 for evacuation
[41.737s][debug][gc,tlab           ] GC(97) TLAB totals: thrds: 4  refills: 40 max: 31 slow allocs: 5 max 3 waste:  4.5% gc: 488120B max: 432400B slow: 21264B max: 17624B fast: 0B max: 0B
[41.737s][debug][gc,alloc,region   ] GC(97) Mutator Allocation stats, regions: 11, wasted size: 0B ( 0.0%)
[41.737s][debug][gc,age            ] GC(97) Desired survivor size 14155776 bytes, new threshold 2 (max threshold 15)
[41.738s][debug][gc,ergo,cset      ] GC(97) Finish choosing CSet. old: 0 regions, predicted old region time: 0.00ms, time remaining: 172.23
[41.738s][debug][gc,task,stats     ] GC(97) GC Termination Stats
[41.738s][debug][gc,task,stats     ] GC(97)      elapsed  --strong roots-- -------termination------- ------waste (KiB)------
[41.738s][debug][gc,task,stats     ] GC(97) thr     ms        ms      %        ms      %    attempts  total   alloc    undo
[41.738s][debug][gc,task,stats     ] GC(97) --- --------- --------- ------ --------- ------ -------- ------- ------- -------
[41.758s][debug][gc,task,stats     ] GC(97)   2     20.36      4.41  21.68      0.01   0.05        7       0       0       0
[41.758s][debug][gc,task,stats     ] GC(97)   3     20.48     18.07  88.23      0.02   0.12        8       0       0       0
[41.758s][debug][gc,task,stats     ] GC(97)   1     20.60     17.86  86.71      0.01   0.03        3       0       0       0
[41.759s][debug][gc,task,stats     ] GC(97)   0     20.67     18.10  87.57      0.01   0.05        5       0       0       0
[41.759s][debug][gc,ergo           ] GC(97) Running G1 Clear Card Table Task using 1 workers for 1 units of work for 34 regions.
[41.759s][debug][gc,ref            ] GC(97) Skipped phase1 of Reference Processing due to unavailable references
[41.759s][debug][gc,ref            ] GC(97) Skipped phase2 of Reference Processing due to unavailable references
[41.759s][debug][gc,ref            ] GC(97) Skipped phase3 of Reference Processing due to unavailable references
[41.759s][debug][gc,ref            ] GC(97) Skipped phase4 of Reference Processing due to unavailable references
[41.759s][debug][gc,ergo           ] GC(97) Running G1 Free Collection Set using 1 workers for collection set length 27
[41.759s][debug][gc,humongous      ] GC(97) Live humongous region 8 object size 524304 start 0x0000000780800000  with remset 0 code roots 0 is marked 0 reclaim candidate 0 type array 0
[41.759s][debug][gc,humongous      ] GC(97) Live humongous region 13 object size 1048592 start 0x0000000780d00000  with remset 0 code roots 0 is marked 0 reclaim candidate 0 type array 0
[41.759s][debug][gc,plab           ] GC(97) Young PLAB allocation: allocated: 17301504B, wasted: 704B, unused: 1545232B, used: 15755568B, undo waste: 0B, 
[41.759s][debug][gc,plab           ] GC(97) Young other allocation: region end waste: 0B, regions filled: 17, direct allocated: 0B, failure used: 0B, failure wasted: 0B
[41.759s][debug][gc,plab           ] GC(97) Young sizing: calculated: 3151112B, actual: 3130840B
[41.759s][debug][gc,plab           ] GC(97) Old PLAB allocation: allocated: 0B, wasted: 0B, unused: 0B, used: 0B, undo waste: 0B, 
[41.759s][debug][gc,plab           ] GC(97) Old other allocation: region end waste: 0B, regions filled: 0, direct allocated: 0B, failure used: 0B, failure wasted: 0B
[41.759s][debug][gc,plab           ] GC(97) Old sizing: calculated: 0B, actual: 213912B
[41.759s][debug][gc,alloc,stats    ] Old generation allocation in the last mutator period, old gen allocated: 0B, humongous allocated: 3145728B,old gen growth: 0B.
[41.759s][debug][gc,ihop           ] GC(97) Basic information (value update), threshold: 0B (0.00), target occupancy: 1561329664B, current occupancy: 69730304B, recent allocation size: 3145728B, recent allocation duration: 112.94ms, recent old gen allocation rate: 27853316.04B/s, recent marking phase length: 232.15ms
[41.759s][debug][gc,ihop           ] GC(97) Adaptive IHOP information (value update), threshold: 0B (0.00), internal target occupancy: 1483263180B, occupancy: 69730304B, additional buffer size: 272629760B, predicted old gen allocation rate: 3521303513.72B/s, predicted marking phase length: 354.98ms, prediction active: true
[41.759s][debug][gc,ergo,refine    ] GC(97) Updated Refinement Zones: green: 46, yellow: 138, red: 230
[41.759s][info ][gc,phases         ] GC(97)   Pre Evacuate Collection Set: 0.1ms
[41.759s][debug][gc,phases         ] GC(97)     Prepare TLABs: 0.0ms
[41.759s][debug][gc,phases         ] GC(97)     Choose Collection Set: 0.0ms
[41.759s][debug][gc,phases         ] GC(97)     Humongous Register: 0.0ms
[41.759s][debug][gc,phases         ] GC(97)     Clear Claimed Marks: 0.1ms
[41.759s][info ][gc,phases         ] GC(97)   Evacuate Collection Set: 20.8ms
[41.759s][debug][gc,phases         ] GC(97)     Ext Root Scanning (ms):   Min:  0.4, Avg:  0.4, Max:  0.4, Diff:  0.1, Sum:  1.6, Workers: 4
[41.759s][debug][gc,phases         ] GC(97)     Update RS (ms):           Min:  1.0, Avg:  1.4, Max:  2.4, Diff:  1.3, Sum:  5.6, Workers: 4
[41.759s][debug][gc,phases         ] GC(97)       Processed Buffers:        Min: 2, Avg:  5.0, Max: 10, Diff: 8, Sum: 20, Workers: 4
[41.759s][debug][gc,phases         ] GC(97)       Scanned Cards:            Min: 512, Avg: 777.2, Max: 1573, Diff: 1061, Sum: 3109, Workers: 4
[41.759s][debug][gc,phases         ] GC(97)       Skipped Cards:            Min: 0, Avg: 195.5, Max: 782, Diff: 782, Sum: 782, Workers: 4
[41.759s][debug][gc,phases         ] GC(97)     Scan RS (ms):             Min:  0.0, Avg:  0.1, Max:  0.3, Diff:  0.3, Sum:  0.3, Workers: 4
[41.759s][debug][gc,phases         ] GC(97)       Scanned Cards:            Min: 0, Avg: 37.5, Max: 150, Diff: 150, Sum: 150, Workers: 4
[41.759s][debug][gc,phases         ] GC(97)       Claimed Cards:            Min: 0, Avg: 257.8, Max: 1031, Diff: 1031, Sum: 1031, Workers: 4
[41.760s][debug][gc,phases         ] GC(97)       Skipped Cards:            Min: 0, Avg:  0.0, Max: 0, Diff: 0, Sum: 0, Workers: 4
[41.760s][debug][gc,phases         ] GC(97)     Code Root Scanning (ms):  Min:  0.0, Avg:  0.0, Max:  0.1, Diff:  0.1, Sum:  0.1, Workers: 4
[41.760s][debug][gc,phases         ] GC(97)     JVMCI Root Scan (ms):     skipped
[41.760s][debug][gc,phases         ] GC(97)     Object Copy (ms):         Min: 17.1, Avg: 18.4, Max: 18.9, Diff:  1.8, Sum: 73.8, Workers: 4
[41.760s][debug][gc,phases         ] GC(97)     Termination (ms):         Min:  0.0, Avg:  0.0, Max:  0.0, Diff:  0.0, Sum:  0.1, Workers: 4
[41.760s][debug][gc,phases         ] GC(97)       Termination Attempts:     Min: 3, Avg:  5.8, Max: 8, Diff: 5, Sum: 23, Workers: 4
[41.760s][debug][gc,phases         ] GC(97)     GC Worker Other (ms):     Min:  0.1, Avg:  0.2, Max:  0.3, Diff:  0.1, Sum:  0.9, Workers: 4
[41.760s][debug][gc,phases         ] GC(97)     GC Worker Total (ms):     Min: 20.5, Avg: 20.6, Max: 20.7, Diff:  0.2, Sum: 82.4, Workers: 4
[41.760s][info ][gc,phases         ] GC(97)   Post Evacuate Collection Set: 0.4ms
[41.760s][debug][gc,phases         ] GC(97)     Code Roots Fixup: 0.0ms
[41.760s][debug][gc,phases         ] GC(97)     Clear Card Table: 0.0ms
[41.760s][debug][gc,phases         ] GC(97)     Reference Processing: 0.1ms
[41.760s][debug][gc,phases,ref     ] GC(97)       Reconsider SoftReferences: 0.0ms
[41.760s][debug][gc,phases,ref     ] GC(97)         SoftRef (ms):             skipped
[41.760s][debug][gc,phases,ref     ] GC(97)       Notify Soft/WeakReferences: 0.0ms
[41.760s][debug][gc,phases,ref     ] GC(97)         SoftRef (ms):             skipped
[41.760s][debug][gc,phases,ref     ] GC(97)         WeakRef (ms):             skipped
[41.760s][debug][gc,phases,ref     ] GC(97)         FinalRef (ms):            skipped
[41.760s][debug][gc,phases,ref     ] GC(97)         Total (ms):               skipped
[41.760s][debug][gc,phases,ref     ] GC(97)       Notify and keep alive finalizable: 0.0ms
[41.760s][debug][gc,phases,ref     ] GC(97)         FinalRef (ms):            skipped
[41.760s][debug][gc,phases,ref     ] GC(97)       Notify PhantomReferences: 0.0ms
[41.760s][debug][gc,phases,ref     ] GC(97)         PhantomRef (ms):          skipped
[41.760s][debug][gc,phases,ref     ] GC(97)       SoftReference:
[41.760s][debug][gc,phases,ref     ] GC(97)         Discovered: 0
[41.760s][debug][gc,phases,ref     ] GC(97)         Cleared: 0
[41.760s][debug][gc,phases,ref     ] GC(97)       WeakReference:
[41.760s][debug][gc,phases,ref     ] GC(97)         Discovered: 0
[41.760s][debug][gc,phases,ref     ] GC(97)         Cleared: 0
[41.760s][debug][gc,phases,ref     ] GC(97)       FinalReference:
[41.760s][debug][gc,phases,ref     ] GC(97)         Discovered: 0
[41.760s][debug][gc,phases,ref     ] GC(97)         Cleared: 0
[41.760s][debug][gc,phases,ref     ] GC(97)       PhantomReference:
[41.760s][debug][gc,phases,ref     ] GC(97)         Discovered: 0
[41.760s][debug][gc,phases,ref     ] GC(97)         Cleared: 0
[41.760s][debug][gc,phases         ] GC(97)     Weak Processing: 0.0ms
[41.760s][debug][gc,phases         ] GC(97)     Merge Per-Thread State: 0.0ms
[41.760s][debug][gc,phases         ] GC(97)     Code Roots Purge: 0.0ms
[41.760s][debug][gc,phases         ] GC(97)     Redirty Cards: 0.0ms
[41.760s][debug][gc,phases         ] GC(97)     DerivedPointerTable Update: 0.0ms
[41.760s][debug][gc,phases         ] GC(97)     Free Collection Set: 0.2ms
[41.760s][debug][gc,phases         ] GC(97)     Humongous Reclaim: 0.1ms
[41.760s][debug][gc,phases         ] GC(97)     Start New Collection Set: 0.0ms
[41.760s][debug][gc,phases         ] GC(97)     Resize TLABs: 0.0ms
[41.760s][debug][gc,phases         ] GC(97)     Expand Heap After Collection: 0.0ms
[41.760s][info ][gc,phases         ] GC(97)   Other: 0.6ms
[41.760s][info ][gc,heap           ] GC(97) Eden regions: 11->0(243)
[41.760s][info ][gc,heap           ] GC(97) Survivor regions: 16->17(27)
[41.760s][info ][gc,heap           ] GC(97) Old regions: 47->47
[41.760s][info ][gc,heap           ] GC(97) Humongous regions: 3->3
[41.760s][info ][gc,metaspace      ] GC(97) Metaspace: 13331K->13331K(1060864K)
[41.760s][debug][gc,heap           ] GC(97) Heap after GC invocations=98 (full 0): garbage-first heap   total 1524736K, used 68096K [0x0000000780000000, 0x0000000800000000)
[41.760s][debug][gc,heap           ] GC(97)   region size 1024K, 17 young (17408K), 17 survivors (17408K)
[41.760s][debug][gc,heap           ] GC(97)  Metaspace       used 13331K, capacity 13735K, committed 13824K, reserved 1060864K
[41.760s][debug][gc,heap           ] GC(97)   class space    used 1352K, capacity 1515K, committed 1536K, reserved 1048576K
[41.760s][info ][gc                ] GC(97) Pause Young (Concurrent Start) (G1 Humongous Allocation) 76M->66M(1489M) 23.014ms
[41.760s][info ][gc,cpu            ] GC(97) User=0.08s Sys=0.00s Real=0.02s
[41.760s][info ][gc                ] GC(98) Concurrent Cycle
[41.761s][info ][gc,marking        ] GC(98) Concurrent Clear Claimed Marks
[41.761s][info ][gc,marking        ] GC(98) Concurrent Clear Claimed Marks 0.086ms
[41.761s][info ][gc,marking        ] GC(98) Concurrent Scan Root Regions
[41.761s][debug][gc,ergo           ] GC(98) Running G1 Root Region Scan using 1 workers for 17 work units.
[41.770s][info ][gc,marking        ] GC(98) Concurrent Scan Root Regions 8.976ms
[41.770s][info ][gc,marking        ] GC(98) Concurrent Mark (41.770s)
[41.770s][info ][gc,marking        ] GC(98) Concurrent Mark From Roots
[41.770s][info ][gc,task           ] GC(98) Using 1 workers of 1 for marking
[41.777s][debug][gc,stats          ] ---------------------------------------------------------------------
[41.777s][debug][gc,stats          ] Marking Stats, task = 0, calls = 1
[41.777s][debug][gc,stats          ]   Elapsed time = 7.27ms, Termination time = 0.00ms
[41.777s][debug][gc,stats          ]   Step Times (cum): num = 693, avg = 0.51ms, sd = 1.93ms max = 9.88ms, total = 355.55ms
[41.777s][debug][gc,stats          ]   Mark Stats Cache: hits 60180 misses 45 ratio 99.925
[41.777s][debug][gc,stats          ] ---------------------------------------------------------------------
[41.777s][info ][gc,marking        ] GC(98) Concurrent Mark From Roots 7.489ms
[41.777s][info ][gc,marking        ] GC(98) Concurrent Preclean
[41.777s][debug][gc,ref,start      ] GC(98) Preclean SoftReferences
[41.777s][debug][gc,ref            ] GC(98) Preclean SoftReferences 0.020ms
[41.777s][debug][gc,ref,start      ] GC(98) Preclean WeakReferences
[41.777s][debug][gc,ref            ] GC(98) Preclean WeakReferences 0.022ms
[41.777s][debug][gc,ref,start      ] GC(98) Preclean FinalReferences
[41.777s][debug][gc,ref            ] GC(98) Preclean FinalReferences 0.016ms
[41.777s][debug][gc,ref,start      ] GC(98) Preclean PhantomReferences
[41.777s][debug][gc,ref            ] GC(98) Preclean PhantomReferences 0.016ms
[41.777s][info ][gc,marking        ] GC(98) Concurrent Preclean 0.145ms
[41.777s][info ][gc,marking        ] GC(98) Concurrent Mark (41.770s, 41.777s) 7.681ms
[41.778s][info ][gc,start          ] GC(98) Pause Remark
[41.778s][debug][gc,phases,start   ] GC(98) Finalize Marking
[41.778s][debug][gc,stats          ] ---------------------------------------------------------------------
[41.778s][debug][gc,stats          ] Marking Stats, task = 0, calls = 18
[41.778s][debug][gc,stats          ]   Elapsed time = 0.07ms, Termination time = 0.05ms
[41.778s][debug][gc,stats          ]   Step Times (cum): num = 710, avg = 0.50ms, sd = 1.91ms max = 9.88ms, total = 355.61ms
[41.778s][debug][gc,stats          ]   Mark Stats Cache: hits 60180 misses 45 ratio 99.925
[41.778s][debug][gc,stats          ] ---------------------------------------------------------------------
[41.778s][debug][gc,stats          ] Marking Stats, task = 1, calls = 1
[41.778s][debug][gc,stats          ]   Elapsed time = 0.08ms, Termination time = 0.06ms
[41.778s][debug][gc,stats          ]   Step Times (cum): num = 40, avg = 0.18ms, sd = 0.22ms max = 0.77ms, total = 7.09ms
[41.778s][debug][gc,stats          ]   Mark Stats Cache: hits 104 misses 2 ratio 98.113
[41.778s][debug][gc,stats          ] ---------------------------------------------------------------------
[41.778s][debug][gc,stats          ] Marking Stats, task = 2, calls = 1
[41.778s][debug][gc,stats          ]   Elapsed time = 0.01ms, Termination time = 0.00ms
[41.778s][debug][gc,stats          ]   Step Times (cum): num = 39, avg = 0.14ms, sd = 0.24ms max = 0.75ms, total = 5.45ms
[41.778s][debug][gc,stats          ]   Mark Stats Cache: hits 50 misses 3 ratio 94.340
[41.778s][debug][gc,stats          ] ---------------------------------------------------------------------
[41.778s][debug][gc,stats          ] Marking Stats, task = 3, calls = 1
[41.778s][debug][gc,stats          ]   Elapsed time = 0.01ms, Termination time = 0.00ms
[41.778s][debug][gc,stats          ]   Step Times (cum): num = 37, avg = 0.01ms, sd = 0.01ms max = 0.08ms, total = 0.23ms
[41.778s][debug][gc,stats          ]   Mark Stats Cache: hits 49 misses 3 ratio 94.231
[41.778s][debug][gc,stats          ] ---------------------------------------------------------------------
[41.778s][debug][gc,phases         ] GC(98) Finalize Marking 0.437ms
[41.778s][debug][gc,phases,start   ] GC(98) Reference Processing
[41.778s][debug][gc,ref            ] GC(98) Skipped phase1 of Reference Processing due to unavailable references
[41.778s][debug][gc,ref            ] GC(98) Skipped phase2 of Reference Processing due to unavailable references
[41.778s][debug][gc,ref            ] GC(98) Skipped phase3 of Reference Processing due to unavailable references
[41.778s][debug][gc,ref            ] GC(98) Skipped phase4 of Reference Processing due to unavailable references
[41.778s][debug][gc,phases,ref     ] GC(98) Reference Processing: 0.1ms
[41.778s][debug][gc,phases,ref     ] GC(98)   Reconsider SoftReferences: 0.0ms
[41.778s][debug][gc,phases,ref     ] GC(98)     SoftRef (ms):             skipped
[41.778s][debug][gc,phases,ref     ] GC(98)   Notify Soft/WeakReferences: 0.0ms
[41.778s][debug][gc,phases,ref     ] GC(98)     SoftRef (ms):             skipped
[41.778s][debug][gc,phases,ref     ] GC(98)     WeakRef (ms):             skipped
[41.778s][debug][gc,phases,ref     ] GC(98)     FinalRef (ms):            skipped
[41.778s][debug][gc,phases,ref     ] GC(98)     Total (ms):               skipped
[41.778s][debug][gc,phases,ref     ] GC(98)   Notify and keep alive finalizable: 0.0ms
[41.778s][debug][gc,phases,ref     ] GC(98)     FinalRef (ms):            skipped
[41.778s][debug][gc,phases,ref     ] GC(98)   Notify PhantomReferences: 0.0ms
[41.778s][debug][gc,phases,ref     ] GC(98)     PhantomRef (ms):          skipped
[41.778s][debug][gc,phases,ref     ] GC(98)   SoftReference:
[41.778s][debug][gc,phases,ref     ] GC(98)     Discovered: 0
[41.778s][debug][gc,phases,ref     ] GC(98)     Cleared: 0
[41.778s][debug][gc,phases,ref     ] GC(98)   WeakReference:
[41.778s][debug][gc,phases,ref     ] GC(98)     Discovered: 0
[41.778s][debug][gc,phases,ref     ] GC(98)     Cleared: 0
[41.778s][debug][gc,phases,ref     ] GC(98)   FinalReference:
[41.778s][debug][gc,phases,ref     ] GC(98)     Discovered: 0
[41.778s][debug][gc,phases,ref     ] GC(98)     Cleared: 0
[41.778s][debug][gc,phases,ref     ] GC(98)   PhantomReference:
[41.778s][debug][gc,phases,ref     ] GC(98)     Discovered: 0
[41.778s][debug][gc,phases,ref     ] GC(98)     Cleared: 0
[41.778s][debug][gc,phases         ] GC(98) Reference Processing 0.403ms
[41.778s][debug][gc,phases,start   ] GC(98) Weak Processing
[41.778s][debug][gc,phases         ] GC(98) Weak Processing 0.028ms
[41.778s][debug][gc,phases,start   ] GC(98) Class Unloading
[41.778s][debug][gc,phases,start   ] GC(98) ClassLoaderData
[41.779s][debug][gc,phases         ] GC(98) ClassLoaderData 0.061ms
[41.779s][debug][gc,phases,start   ] GC(98) ProtectionDomainCacheTable
[41.779s][debug][gc,phases         ] GC(98) ProtectionDomainCacheTable 0.016ms
[41.780s][info ][gc,stringtable    ] GC(98) Cleaned string and symbol table, strings: 6182 processed, 0 removed, symbols: 45233 processed, 0 removed
[41.780s][debug][gc,phases         ] GC(98) Class Unloading 1.601ms
[41.780s][debug][gc,phases,start   ] GC(98) Flush Task Caches
[41.780s][debug][gc,stats          ] Mark stats cache hits 60383 misses 53 ratio 99.912
[41.780s][debug][gc,phases         ] GC(98) Flush Task Caches 0.039ms
[41.780s][debug][gc,phases,start   ] GC(98) Update Remembered Set Tracking Before Rebuild
[41.780s][debug][gc,ergo           ] GC(98) Running G1 Update RemSet Tracking Before Rebuild using 4 workers for 1489 regions in heap
[41.780s][debug][gc,remset,tracking] GC(98) Remembered Set Tracking update regions total 1489, selected 47
[41.780s][debug][gc,phases         ] GC(98) Update Remembered Set Tracking Before Rebuild 0.225ms
[41.780s][debug][gc,phases,start   ] GC(98) Reclaim Empty Regions
[41.781s][debug][gc                ] GC(98) Reclaimed 3 empty regions
[41.781s][debug][gc,phases         ] GC(98) Reclaim Empty Regions 0.197ms
[41.781s][debug][gc,phases,start   ] GC(98) Purge Metaspace
[41.781s][debug][gc,phases         ] GC(98) Purge Metaspace 0.015ms
[41.781s][debug][gc,phases,start   ] GC(98) Report Object Count
[41.781s][debug][gc,phases         ] GC(98) Report Object Count 0.014ms
[41.781s][info ][gc                ] GC(98) Pause Remark 75M->72M(1489M) 3.146ms
[41.781s][info ][gc,cpu            ] GC(98) User=0.00s Sys=0.00s Real=0.00s
[41.781s][info ][gc,marking        ] GC(98) Concurrent Rebuild Remembered Sets
[41.789s][info ][gc,marking        ] GC(98) Concurrent Rebuild Remembered Sets 8.080ms
[41.789s][info ][gc,start          ] GC(98) Pause Cleanup
[41.789s][debug][gc,phases,start   ] GC(98) Update Remembered Set Tracking After Rebuild
[41.789s][debug][gc,phases         ] GC(98) Update Remembered Set Tracking After Rebuild 0.053ms
[41.789s][debug][gc,phases,start   ] GC(98) Finalize Concurrent Mark Cleanup
[41.789s][debug][gc,ergo           ] GC(98) request young-only gcs (reclaimable percentage not over threshold). candidate old regions: 46 reclaimable: 46592016 (2.98) threshold: 5
[41.789s][debug][gc,phases         ] GC(98) Finalize Concurrent Mark Cleanup 0.185ms
[41.789s][info ][gc                ] GC(98) Pause Cleanup 72M->72M(1489M) 0.328ms
[41.789s][info ][gc,cpu            ] GC(98) User=0.00s Sys=0.00s Real=0.00s
[41.789s][info ][gc,marking        ] GC(98) Concurrent Cleanup for Next Mark
[41.789s][debug][gc,ergo           ] GC(98) Running G1 Clear Bitmap with 1 workers for 24 work units.
[41.792s][info ][gc,marking        ] GC(98) Concurrent Cleanup for Next Mark 2.684ms
[41.792s][info ][gc                ] GC(98) Concurrent Cycle 31.736ms
[41.873s][debug][gc,ergo,ihop      ] Request concurrent cycle initiation (occupancy higher than threshold) occupancy: 52428800B allocation request: 524304B threshold: 0B (0.00) source: concurrent humongous allocation
[41.873s][debug][gc,ergo           ] Request concurrent cycle initiation (requested by GC cause). GC cause: G1 Humongous Allocation
[41.873s][debug][gc,heap           ] GC(99) Heap before GC invocations=99 (full 0): garbage-first heap   total 1524736K, used 78336K [0x0000000780000000, 0x0000000800000000)
[41.873s][debug][gc,heap           ] GC(99)   region size 1024K, 28 young (28672K), 17 survivors (17408K)
[41.873s][debug][gc,heap           ] GC(99)  Metaspace       used 13331K, capacity 13735K, committed 13824K, reserved 1060864K
[41.873s][debug][gc,heap           ] GC(99)   class space    used 1352K, capacity 1515K, committed 1536K, reserved 1048576K
[41.873s][debug][gc,ergo           ] GC(99) Initiate concurrent cycle (concurrent cycle initiation requested)
[41.873s][info ][gc,start          ] GC(99) Pause Young (Concurrent Start) (G1 Humongous Allocation)
[41.873s][info ][gc,task           ] GC(99) Using 4 workers of 4 for evacuation
[41.873s][debug][gc,tlab           ] GC(99) TLAB totals: thrds: 1  refills: 31 max: 31 slow allocs: 3 max 3 waste:  0.9% gc: 80072B max: 80072B slow: 17672B max: 17672B fast: 0B max: 0B
[41.873s][debug][gc,alloc,region   ] GC(99) Mutator Allocation stats, regions: 11, wasted size: 0B ( 0.0%)
[41.873s][debug][gc,age            ] GC(99) Desired survivor size 17301504 bytes, new threshold 15 (max threshold 15)
[41.874s][debug][gc,ergo,cset      ] GC(99) Finish choosing CSet. old: 0 regions, predicted old region time: 0.00ms, time remaining: 165.76
[41.874s][debug][gc,task,stats     ] GC(99) GC Termination Stats
[41.874s][debug][gc,task,stats     ] GC(99)      elapsed  --strong roots-- -------termination------- ------waste (KiB)------
[41.874s][debug][gc,task,stats     ] GC(99) thr     ms        ms      %        ms      %    attempts  total   alloc    undo
[41.874s][debug][gc,task,stats     ] GC(99) --- --------- --------- ------ --------- ------ -------- ------- ------- -------
[41.895s][debug][gc,task,stats     ] GC(99)   3     20.62     17.66  85.63      0.00   0.01        1       0       0       0
[41.895s][debug][gc,task,stats     ] GC(99)   0     20.78     18.17  87.45      0.01   0.06        3       0       0       0
[41.895s][debug][gc,task,stats     ] GC(99)   2     20.77      5.02  24.18      0.01   0.06        3       0       0       0
[41.895s][debug][gc,task,stats     ] GC(99)   1     20.83     17.62  84.60      0.04   0.19        4       0       0       0
[41.895s][debug][gc,ergo           ] GC(99) Running G1 Clear Card Table Task using 1 workers for 1 units of work for 35 regions.
[41.895s][debug][gc,ref            ] GC(99) Skipped phase1 of Reference Processing due to unavailable references
[41.895s][debug][gc,ref            ] GC(99) Skipped phase2 of Reference Processing due to unavailable references
[41.895s][debug][gc,ref            ] GC(99) Skipped phase3 of Reference Processing due to unavailable references
[41.895s][debug][gc,ref            ] GC(99) Skipped phase4 of Reference Processing due to unavailable references
[41.895s][debug][gc,ergo           ] GC(99) Running G1 Free Collection Set using 1 workers for collection set length 28
[41.895s][debug][gc,humongous      ] GC(99) Live humongous region 5 object size 524304 start 0x0000000780500000  with remset 0 code roots 0 is marked 0 reclaim candidate 0 type array 0
[41.895s][debug][gc,humongous      ] GC(99) Live humongous region 6 object size 1048592 start 0x0000000780600000  with remset 0 code roots 0 is marked 0 reclaim candidate 0 type array 0
[41.895s][debug][gc,plab           ] GC(99) Young PLAB allocation: allocated: 16777216B, wasted: 688B, unused: 1020960B, used: 15755568B, undo waste: 0B, 
[41.895s][debug][gc,plab           ] GC(99) Young other allocation: region end waste: 0B, regions filled: 16, direct allocated: 0B, failure used: 0B, failure wasted: 0B
[41.895s][debug][gc,plab           ] GC(99) Young sizing: calculated: 3151112B, actual: 3146040B
[41.895s][debug][gc,plab           ] GC(99) Old PLAB allocation: allocated: 0B, wasted: 0B, unused: 0B, used: 0B, undo waste: 0B, 
[41.895s][debug][gc,plab           ] GC(99) Old other allocation: region end waste: 0B, regions filled: 0, direct allocated: 0B, failure used: 0B, failure wasted: 0B
[41.895s][debug][gc,plab           ] GC(99) Old sizing: calculated: 0B, actual: 53472B
[41.895s][debug][gc,alloc,stats    ] Old generation allocation in the last mutator period, old gen allocated: 0B, humongous allocated: 3145728B,old gen growth: 0B.
[41.895s][debug][gc,ihop           ] GC(99) Basic information (value update), threshold: 0B (0.00), target occupancy: 1561329664B, current occupancy: 69206016B, recent allocation size: 3145728B, recent allocation duration: 111.07ms, recent old gen allocation rate: 28322310.12B/s, recent marking phase length: 232.15ms
[41.895s][debug][gc,ihop           ] GC(99) Adaptive IHOP information (value update), threshold: 0B (0.00), internal target occupancy: 1483263180B, occupancy: 69206016B, additional buffer size: 353370112B, predicted old gen allocation rate: 3401944794.24B/s, predicted marking phase length: 354.98ms, prediction active: true
[41.895s][debug][gc,ergo,refine    ] GC(99) Updated Refinement Zones: green: 46, yellow: 138, red: 230
[41.895s][info ][gc,phases         ] GC(99)   Pre Evacuate Collection Set: 0.1ms
[41.895s][debug][gc,phases         ] GC(99)     Prepare TLABs: 0.1ms
[41.895s][debug][gc,phases         ] GC(99)     Choose Collection Set: 0.0ms
[41.895s][debug][gc,phases         ] GC(99)     Humongous Register: 0.0ms
[41.895s][debug][gc,phases         ] GC(99)     Clear Claimed Marks: 0.1ms
[41.896s][info ][gc,phases         ] GC(99)   Evacuate Collection Set: 21.0ms
[41.896s][debug][gc,phases         ] GC(99)     Ext Root Scanning (ms):   Min:  0.4, Avg:  0.4, Max:  0.5, Diff:  0.1, Sum:  1.7, Workers: 4
[41.896s][debug][gc,phases         ] GC(99)     Update RS (ms):           Min:  1.0, Avg:  1.4, Max:  2.4, Diff:  1.4, Sum:  5.6, Workers: 4
[41.896s][debug][gc,phases         ] GC(99)       Processed Buffers:        Min: 2, Avg:  4.5, Max: 8, Diff: 6, Sum: 18, Workers: 4
[41.896s][debug][gc,phases         ] GC(99)       Scanned Cards:            Min: 512, Avg: 776.8, Max: 1566, Diff: 1054, Sum: 3107, Workers: 4
[41.896s][debug][gc,phases         ] GC(99)       Skipped Cards:            Min: 0, Avg: 195.5, Max: 782, Diff: 782, Sum: 782, Workers: 4
[41.896s][debug][gc,phases         ] GC(99)     Scan RS (ms):             Min:  0.0, Avg:  0.1, Max:  0.4, Diff:  0.4, Sum:  0.4, Workers: 4
[41.896s][debug][gc,phases         ] GC(99)       Scanned Cards:            Min: 0, Avg: 43.5, Max: 174, Diff: 174, Sum: 174, Workers: 4
[41.896s][debug][gc,phases         ] GC(99)       Claimed Cards:            Min: 0, Avg: 266.8, Max: 1067, Diff: 1067, Sum: 1067, Workers: 4
[41.896s][debug][gc,phases         ] GC(99)       Skipped Cards:            Min: 0, Avg:  0.0, Max: 0, Diff: 0, Sum: 0, Workers: 4
[41.896s][debug][gc,phases         ] GC(99)     Code Root Scanning (ms):  Min:  0.0, Avg:  0.0, Max:  0.1, Diff:  0.1, Sum:  0.1, Workers: 4
[41.896s][debug][gc,phases         ] GC(99)     JVMCI Root Scan (ms):     skipped
[41.896s][debug][gc,phases         ] GC(99)     Object Copy (ms):         Min: 17.3, Avg: 18.7, Max: 19.1, Diff:  1.8, Sum: 74.7, Workers: 4
[41.896s][debug][gc,phases         ] GC(99)     Termination (ms):         Min:  0.0, Avg:  0.0, Max:  0.0, Diff:  0.0, Sum:  0.1, Workers: 4
[41.896s][debug][gc,phases         ] GC(99)       Termination Attempts:     Min: 1, Avg:  2.8, Max: 4, Diff: 3, Sum: 11, Workers: 4
[41.896s][debug][gc,phases         ] GC(99)     GC Worker Other (ms):     Min:  0.1, Avg:  0.2, Max:  0.2, Diff:  0.1, Sum:  0.7, Workers: 4
[41.896s][debug][gc,phases         ] GC(99)     GC Worker Total (ms):     Min: 20.7, Avg: 20.8, Max: 20.8, Diff:  0.1, Sum: 83.2, Workers: 4
[41.896s][info ][gc,phases         ] GC(99)   Post Evacuate Collection Set: 0.5ms
[41.896s][debug][gc,phases         ] GC(99)     Code Roots Fixup: 0.0ms
[41.896s][debug][gc,phases         ] GC(99)     Clear Card Table: 0.0ms
[41.896s][debug][gc,phases         ] GC(99)     Reference Processing: 0.1ms
[41.896s][debug][gc,phases,ref     ] GC(99)       Reconsider SoftReferences: 0.0ms
[41.896s][debug][gc,phases,ref     ] GC(99)         SoftRef (ms):             skipped
[41.896s][debug][gc,phases,ref     ] GC(99)       Notify Soft/WeakReferences: 0.0ms
[41.896s][debug][gc,phases,ref     ] GC(99)         SoftRef (ms):             skipped
[41.896s][debug][gc,phases,ref     ] GC(99)         WeakRef (ms):             skipped
[41.896s][debug][gc,phases,ref     ] GC(99)         FinalRef (ms):            skipped
[41.896s][debug][gc,phases,ref     ] GC(99)         Total (ms):               skipped
[41.896s][debug][gc,phases,ref     ] GC(99)       Notify and keep alive finalizable: 0.0ms
[41.896s][debug][gc,phases,ref     ] GC(99)         FinalRef (ms):            skipped
[41.896s][debug][gc,phases,ref     ] GC(99)       Notify PhantomReferences: 0.0ms
[41.896s][debug][gc,phases,ref     ] GC(99)         PhantomRef (ms):          skipped
[41.896s][debug][gc,phases,ref     ] GC(99)       SoftReference:
[41.896s][debug][gc,phases,ref     ] GC(99)         Discovered: 0
[41.896s][debug][gc,phases,ref     ] GC(99)         Cleared: 0
[41.896s][debug][gc,phases,ref     ] GC(99)       WeakReference:
[41.896s][debug][gc,phases,ref     ] GC(99)         Discovered: 0
[41.896s][debug][gc,phases,ref     ] GC(99)         Cleared: 0
[41.896s][debug][gc,phases,ref     ] GC(99)       FinalReference:
[41.896s][debug][gc,phases,ref     ] GC(99)         Discovered: 0
[41.896s][debug][gc,phases,ref     ] GC(99)         Cleared: 0
[41.896s][debug][gc,phases,ref     ] GC(99)       PhantomReference:
[41.896s][debug][gc,phases,ref     ] GC(99)         Discovered: 0
[41.896s][debug][gc,phases,ref     ] GC(99)         Cleared: 0
[41.896s][debug][gc,phases         ] GC(99)     Weak Processing: 0.0ms
[41.896s][debug][gc,phases         ] GC(99)     Merge Per-Thread State: 0.0ms
[41.896s][debug][gc,phases         ] GC(99)     Code Roots Purge: 0.0ms
[41.896s][debug][gc,phases         ] GC(99)     Redirty Cards: 0.0ms
[41.896s][debug][gc,phases         ] GC(99)     DerivedPointerTable Update: 0.0ms
[41.896s][debug][gc,phases         ] GC(99)     Free Collection Set: 0.2ms
[41.896s][debug][gc,phases         ] GC(99)     Humongous Reclaim: 0.1ms
[41.896s][debug][gc,phases         ] GC(99)     Start New Collection Set: 0.0ms
[41.896s][debug][gc,phases         ] GC(99)     Resize TLABs: 0.0ms
[41.896s][debug][gc,phases         ] GC(99)     Expand Heap After Collection: 0.0ms
[41.896s][info ][gc,phases         ] GC(99)   Other: 0.9ms
[41.896s][info ][gc,heap           ] GC(99) Eden regions: 11->0(321)
[41.896s][info ][gc,heap           ] GC(99) Survivor regions: 17->16(33)
[41.897s][info ][gc,heap           ] GC(99) Old regions: 47->47
[41.897s][info ][gc,heap           ] GC(99) Humongous regions: 3->3
[41.897s][info ][gc,metaspace      ] GC(99) Metaspace: 13331K->13331K(1060864K)
[41.897s][debug][gc,heap           ] GC(99) Heap after GC invocations=100 (full 0): garbage-first heap   total 1524736K, used 67584K [0x0000000780000000, 0x0000000800000000)
[41.897s][debug][gc,heap           ] GC(99)   region size 1024K, 16 young (16384K), 16 survivors (16384K)
[41.897s][debug][gc,heap           ] GC(99)  Metaspace       used 13331K, capacity 13735K, committed 13824K, reserved 1060864K
[41.897s][debug][gc,heap           ] GC(99)   class space    used 1352K, capacity 1515K, committed 1536K, reserved 1048576K
[41.897s][info ][gc                ] GC(99) Pause Young (Concurrent Start) (G1 Humongous Allocation) 77M->66M(1489M) 23.374ms
[41.897s][info ][gc,cpu            ] GC(99) User=0.08s Sys=0.00s Real=0.03s
[41.897s][info ][gc                ] GC(100) Concurrent Cycle
[41.897s][info ][gc,marking        ] GC(100) Concurrent Clear Claimed Marks
[41.897s][info ][gc,marking        ] GC(100) Concurrent Clear Claimed Marks 0.190ms
[41.897s][info ][gc,marking        ] GC(100) Concurrent Scan Root Regions
[41.897s][debug][gc,ergo           ] GC(100) Running G1 Root Region Scan using 1 workers for 16 work units.
[41.910s][info ][gc,marking        ] GC(100) Concurrent Scan Root Regions 12.812ms
[41.910s][info ][gc,marking        ] GC(100) Concurrent Mark (41.910s)
[41.910s][info ][gc,marking        ] GC(100) Concurrent Mark From Roots
[41.910s][info ][gc,task           ] GC(100) Using 1 workers of 1 for marking
[41.918s][debug][gc,stats          ] ---------------------------------------------------------------------
[41.918s][debug][gc,stats          ] Marking Stats, task = 0, calls = 1
[41.918s][debug][gc,stats          ]   Elapsed time = 8.14ms, Termination time = 0.00ms
[41.918s][debug][gc,stats          ]   Step Times (cum): num = 711, avg = 0.51ms, sd = 1.93ms max = 9.88ms, total = 363.75ms
[41.918s][debug][gc,stats          ]   Mark Stats Cache: hits 60180 misses 45 ratio 99.925
[41.918s][debug][gc,stats          ] ---------------------------------------------------------------------
[41.918s][info ][gc,marking        ] GC(100) Concurrent Mark From Roots 8.347ms
[41.919s][info ][gc,marking        ] GC(100) Concurrent Preclean
[41.919s][debug][gc,ref,start      ] GC(100) Preclean SoftReferences
[41.919s][debug][gc,ref            ] GC(100) Preclean SoftReferences 0.020ms
[41.919s][debug][gc,ref,start      ] GC(100) Preclean WeakReferences
[41.919s][debug][gc,ref            ] GC(100) Preclean WeakReferences 0.021ms
[41.919s][debug][gc,ref,start      ] GC(100) Preclean FinalReferences
[41.919s][debug][gc,ref            ] GC(100) Preclean FinalReferences 0.016ms
[41.919s][debug][gc,ref,start      ] GC(100) Preclean PhantomReferences
[41.919s][debug][gc,ref            ] GC(100) Preclean PhantomReferences 0.016ms
[41.919s][info ][gc,marking        ] GC(100) Concurrent Preclean 0.145ms
[41.919s][info ][gc,marking        ] GC(100) Concurrent Mark (41.910s, 41.919s) 8.539ms
[41.919s][info ][gc,start          ] GC(100) Pause Remark
[41.919s][debug][gc,phases,start   ] GC(100) Finalize Marking
[41.919s][debug][gc,stats          ] ---------------------------------------------------------------------
[41.919s][debug][gc,stats          ] Marking Stats, task = 0, calls = 18
[41.919s][debug][gc,stats          ]   Elapsed time = 0.07ms, Termination time = 0.05ms
[41.919s][debug][gc,stats          ]   Step Times (cum): num = 728, avg = 0.50ms, sd = 1.91ms max = 9.88ms, total = 363.81ms
[41.919s][debug][gc,stats          ]   Mark Stats Cache: hits 60180 misses 45 ratio 99.925
[41.919s][debug][gc,stats          ] ---------------------------------------------------------------------
[41.919s][debug][gc,stats          ] Marking Stats, task = 1, calls = 1
[41.919s][debug][gc,stats          ]   Elapsed time = 0.08ms, Termination time = 0.06ms
[41.919s][debug][gc,stats          ]   Step Times (cum): num = 41, avg = 0.17ms, sd = 0.22ms max = 0.77ms, total = 7.15ms
[41.919s][debug][gc,stats          ]   Mark Stats Cache: hits 38 misses 2 ratio 95.000
[41.919s][debug][gc,stats          ] ---------------------------------------------------------------------
[41.919s][debug][gc,stats          ] Marking Stats, task = 2, calls = 1
[41.919s][debug][gc,stats          ]   Elapsed time = 0.01ms, Termination time = 0.01ms
[41.919s][debug][gc,stats          ]   Step Times (cum): num = 40, avg = 0.14ms, sd = 0.23ms max = 0.75ms, total = 5.46ms
[41.919s][debug][gc,stats          ]   Mark Stats Cache: hits 112 misses 3 ratio 97.391
[41.919s][debug][gc,stats          ] ---------------------------------------------------------------------
[41.919s][debug][gc,stats          ] Marking Stats, task = 3, calls = 1
[41.919s][debug][gc,stats          ]   Elapsed time = 0.01ms, Termination time = 0.00ms
[41.919s][debug][gc,stats          ]   Step Times (cum): num = 38, avg = 0.01ms, sd = 0.01ms max = 0.08ms, total = 0.23ms
[41.919s][debug][gc,stats          ]   Mark Stats Cache: hits 53 misses 3 ratio 94.643
[41.919s][debug][gc,stats          ] ---------------------------------------------------------------------
[41.919s][debug][gc,phases         ] GC(100) Finalize Marking 0.443ms
[41.919s][debug][gc,phases,start   ] GC(100) Reference Processing
[41.919s][debug][gc,ref            ] GC(100) Skipped phase1 of Reference Processing due to unavailable references
[41.919s][debug][gc,ref            ] GC(100) Skipped phase2 of Reference Processing due to unavailable references
[41.919s][debug][gc,ref            ] GC(100) Skipped phase3 of Reference Processing due to unavailable references
[41.919s][debug][gc,ref            ] GC(100) Skipped phase4 of Reference Processing due to unavailable references
[41.919s][debug][gc,phases,ref     ] GC(100) Reference Processing: 0.1ms
[41.919s][debug][gc,phases,ref     ] GC(100)   Reconsider SoftReferences: 0.0ms
[41.919s][debug][gc,phases,ref     ] GC(100)     SoftRef (ms):             skipped
[41.919s][debug][gc,phases,ref     ] GC(100)   Notify Soft/WeakReferences: 0.0ms
[41.919s][debug][gc,phases,ref     ] GC(100)     SoftRef (ms):             skipped
[41.919s][debug][gc,phases,ref     ] GC(100)     WeakRef (ms):             skipped
[41.919s][debug][gc,phases,ref     ] GC(100)     FinalRef (ms):            skipped
[41.919s][debug][gc,phases,ref     ] GC(100)     Total (ms):               skipped
[41.920s][debug][gc,phases,ref     ] GC(100)   Notify and keep alive finalizable: 0.0ms
[41.920s][debug][gc,phases,ref     ] GC(100)     FinalRef (ms):            skipped
[41.920s][debug][gc,phases,ref     ] GC(100)   Notify PhantomReferences: 0.0ms
[41.920s][debug][gc,phases,ref     ] GC(100)     PhantomRef (ms):          skipped
[41.920s][debug][gc,phases,ref     ] GC(100)   SoftReference:
[41.920s][debug][gc,phases,ref     ] GC(100)     Discovered: 0
[41.920s][debug][gc,phases,ref     ] GC(100)     Cleared: 0
[41.920s][debug][gc,phases,ref     ] GC(100)   WeakReference:
[41.920s][debug][gc,phases,ref     ] GC(100)     Discovered: 0
[41.920s][debug][gc,phases,ref     ] GC(100)     Cleared: 0
[41.920s][debug][gc,phases,ref     ] GC(100)   FinalReference:
[41.920s][debug][gc,phases,ref     ] GC(100)     Discovered: 0
[41.920s][debug][gc,phases,ref     ] GC(100)     Cleared: 0
[41.920s][debug][gc,phases,ref     ] GC(100)   PhantomReference:
[41.920s][debug][gc,phases,ref     ] GC(100)     Discovered: 0
[41.920s][debug][gc,phases,ref     ] GC(100)     Cleared: 0
[41.920s][debug][gc,phases         ] GC(100) Reference Processing 0.400ms
[41.920s][debug][gc,phases,start   ] GC(100) Weak Processing
[41.920s][debug][gc,phases         ] GC(100) Weak Processing 0.027ms
[41.920s][debug][gc,phases,start   ] GC(100) Class Unloading
[41.920s][debug][gc,phases,start   ] GC(100) ClassLoaderData
[41.920s][debug][gc,phases         ] GC(100) ClassLoaderData 0.061ms
[41.920s][debug][gc,phases,start   ] GC(100) ProtectionDomainCacheTable
[41.920s][debug][gc,phases         ] GC(100) ProtectionDomainCacheTable 0.016ms
[41.921s][info ][gc,stringtable    ] GC(100) Cleaned string and symbol table, strings: 6182 processed, 0 removed, symbols: 45233 processed, 0 removed
[41.922s][debug][gc,phases         ] GC(100) Class Unloading 1.759ms
[41.922s][debug][gc,phases,start   ] GC(100) Flush Task Caches
[41.922s][debug][gc,stats          ] Mark stats cache hits 60383 misses 53 ratio 99.912
[41.922s][debug][gc,phases         ] GC(100) Flush Task Caches 0.044ms
[41.922s][debug][gc,phases,start   ] GC(100) Update Remembered Set Tracking Before Rebuild
[41.922s][debug][gc,ergo           ] GC(100) Running G1 Update RemSet Tracking Before Rebuild using 4 workers for 1489 regions in heap
[41.922s][debug][gc,remset,tracking] GC(100) Remembered Set Tracking update regions total 1489, selected 47
[41.922s][debug][gc,phases         ] GC(100) Update Remembered Set Tracking Before Rebuild 0.237ms
[41.922s][debug][gc,phases,start   ] GC(100) Reclaim Empty Regions
[41.922s][debug][gc                ] GC(100) Reclaimed 3 empty regions
[41.922s][debug][gc,phases         ] GC(100) Reclaim Empty Regions 0.185ms
[41.922s][debug][gc,phases,start   ] GC(100) Purge Metaspace
[41.922s][debug][gc,phases         ] GC(100) Purge Metaspace 0.016ms
[41.922s][debug][gc,phases,start   ] GC(100) Report Object Count
[41.922s][debug][gc,phases         ] GC(100) Report Object Count 0.014ms
[41.922s][info ][gc                ] GC(100) Pause Remark 74M->71M(1489M) 3.347ms
[41.922s][info ][gc,cpu            ] GC(100) User=0.01s Sys=0.00s Real=0.00s
[41.922s][info ][gc,marking        ] GC(100) Concurrent Rebuild Remembered Sets
[41.930s][info ][gc,marking        ] GC(100) Concurrent Rebuild Remembered Sets 8.076ms
[41.931s][info ][gc,start          ] GC(100) Pause Cleanup
[41.931s][debug][gc,phases,start   ] GC(100) Update Remembered Set Tracking After Rebuild
[41.931s][debug][gc,phases         ] GC(100) Update Remembered Set Tracking After Rebuild 0.052ms
[41.931s][debug][gc,phases,start   ] GC(100) Finalize Concurrent Mark Cleanup
[41.931s][debug][gc,ergo           ] GC(100) request young-only gcs (reclaimable percentage not over threshold). candidate old regions: 46 reclaimable: 46592016 (2.98) threshold: 5
[41.931s][debug][gc,phases         ] GC(100) Finalize Concurrent Mark Cleanup 0.176ms
[41.931s][info ][gc                ] GC(100) Pause Cleanup 71M->71M(1489M) 0.297ms
[41.931s][info ][gc,cpu            ] GC(100) User=0.00s Sys=0.00s Real=0.00s
[41.931s][info ][gc,marking        ] GC(100) Concurrent Cleanup for Next Mark
[41.931s][debug][gc,ergo           ] GC(100) Running G1 Clear Bitmap with 1 workers for 24 work units.
[41.933s][info ][gc,marking        ] GC(100) Concurrent Cleanup for Next Mark 2.309ms
[41.933s][info ][gc                ] GC(100) Concurrent Cycle 36.424ms
[42.012s][debug][gc,ergo,ihop      ] Request concurrent cycle initiation (occupancy higher than threshold) occupancy: 52428800B allocation request: 524304B threshold: 0B (0.00) source: concurrent humongous allocation
[42.012s][debug][gc,ergo           ] Request concurrent cycle initiation (requested by GC cause). GC cause: G1 Humongous Allocation
[42.012s][debug][gc,heap           ] GC(101) Heap before GC invocations=101 (full 0): garbage-first heap   total 1524736K, used 77824K [0x0000000780000000, 0x0000000800000000)
[42.012s][debug][gc,heap           ] GC(101)   region size 1024K, 27 young (27648K), 16 survivors (16384K)
[42.012s][debug][gc,heap           ] GC(101)  Metaspace       used 13331K, capacity 13735K, committed 13824K, reserved 1060864K
[42.012s][debug][gc,heap           ] GC(101)   class space    used 1352K, capacity 1515K, committed 1536K, reserved 1048576K
[42.012s][debug][gc,ergo           ] GC(101) Initiate concurrent cycle (concurrent cycle initiation requested)
[42.012s][info ][gc,start          ] GC(101) Pause Young (Concurrent Start) (G1 Humongous Allocation)
[42.012s][info ][gc,task           ] GC(101) Using 4 workers of 4 for evacuation
[42.012s][debug][gc,tlab           ] GC(101) TLAB totals: thrds: 1  refills: 31 max: 31 slow allocs: 3 max 3 waste:  0.9% gc: 80072B max: 80072B slow: 17672B max: 17672B fast: 0B max: 0B
[42.012s][debug][gc,alloc,region   ] GC(101) Mutator Allocation stats, regions: 11, wasted size: 0B ( 0.0%)
[42.012s][debug][gc,age            ] GC(101) Desired survivor size 22544384 bytes, new threshold 15 (max threshold 15)
[42.013s][debug][gc,ergo,cset      ] GC(101) Finish choosing CSet. old: 0 regions, predicted old region time: 0.00ms, time remaining: 169.07
[42.013s][debug][gc,task,stats     ] GC(101) GC Termination Stats
[42.013s][debug][gc,task,stats     ] GC(101)      elapsed  --strong roots-- -------termination------- ------waste (KiB)------
[42.013s][debug][gc,task,stats     ] GC(101) thr     ms        ms      %        ms      %    attempts  total   alloc    undo
[42.013s][debug][gc,task,stats     ] GC(101) --- --------- --------- ------ --------- ------ -------- ------- ------- -------
[42.032s][debug][gc,task,stats     ] GC(101)   0     18.92      5.30  28.01      0.01   0.05        4       0       0       0
[42.032s][debug][gc,task,stats     ] GC(101)   3     19.01     15.39  80.98      0.02   0.11        4       0       0       0
[42.032s][debug][gc,task,stats     ] GC(101)   1     19.08     16.20  84.86      0.06   0.30        3       0       0       0
[42.032s][debug][gc,task,stats     ] GC(101)   2     19.07     15.61  81.82      0.05   0.28        5       0       0       0
[42.032s][debug][gc,ergo           ] GC(101) Running G1 Clear Card Table Task using 1 workers for 1 units of work for 34 regions.
[42.032s][debug][gc,ref            ] GC(101) Skipped phase1 of Reference Processing due to unavailable references
[42.032s][debug][gc,ref            ] GC(101) Skipped phase2 of Reference Processing due to unavailable references
[42.032s][debug][gc,ref            ] GC(101) Skipped phase3 of Reference Processing due to unavailable references
[42.032s][debug][gc,ref            ] GC(101) Skipped phase4 of Reference Processing due to unavailable references
[42.032s][debug][gc,ergo           ] GC(101) Running G1 Free Collection Set using 1 workers for collection set length 27
[42.032s][debug][gc,humongous      ] GC(101) Live humongous region 8 object size 524304 start 0x0000000780800000  with remset 0 code roots 0 is marked 0 reclaim candidate 0 type array 0
[42.032s][debug][gc,humongous      ] GC(101) Live humongous region 13 object size 1048592 start 0x0000000780d00000  with remset 0 code roots 0 is marked 0 reclaim candidate 0 type array 0
[42.033s][debug][gc,plab           ] GC(101) Young PLAB allocation: allocated: 16777216B, wasted: 704B, unused: 1020944B, used: 15755568B, undo waste: 0B, 
[42.033s][debug][gc,plab           ] GC(101) Young other allocation: region end waste: 0B, regions filled: 16, direct allocated: 0B, failure used: 0B, failure wasted: 0B
[42.033s][debug][gc,plab           ] GC(101) Young sizing: calculated: 3151112B, actual: 3149840B
[42.033s][debug][gc,plab           ] GC(101) Old PLAB allocation: allocated: 0B, wasted: 0B, unused: 0B, used: 0B, undo waste: 0B, 
[42.033s][debug][gc,plab           ] GC(101) Old other allocation: region end waste: 0B, regions filled: 0, direct allocated: 0B, failure used: 0B, failure wasted: 0B
[42.033s][debug][gc,plab           ] GC(101) Old sizing: calculated: 0B, actual: 13368B
[42.033s][debug][gc,alloc,stats    ] Old generation allocation in the last mutator period, old gen allocated: 0B, humongous allocated: 3145728B,old gen growth: 0B.
[42.033s][debug][gc,ihop           ] GC(101) Basic information (value update), threshold: 0B (0.00), target occupancy: 1561329664B, current occupancy: 69206016B, recent allocation size: 3145728B, recent allocation duration: 113.57ms, recent old gen allocation rate: 27698611.40B/s, recent marking phase length: 232.15ms
[42.033s][debug][gc,ihop           ] GC(101) Adaptive IHOP information (value update), threshold: 0B (0.00), internal target occupancy: 1483263180B, occupancy: 69206016B, additional buffer size: 374341632B, predicted old gen allocation rate: 3286954974.55B/s, predicted marking phase length: 354.98ms, prediction active: true
[42.033s][debug][gc,ergo,refine    ] GC(101) Updated Refinement Zones: green: 46, yellow: 138, red: 230
[42.033s][info ][gc,phases         ] GC(101)   Pre Evacuate Collection Set: 0.2ms
[42.033s][debug][gc,phases         ] GC(101)     Prepare TLABs: 0.0ms
[42.033s][debug][gc,phases         ] GC(101)     Choose Collection Set: 0.0ms
[42.033s][debug][gc,phases         ] GC(101)     Humongous Register: 0.0ms
[42.033s][debug][gc,phases         ] GC(101)     Clear Claimed Marks: 0.1ms
[42.033s][info ][gc,phases         ] GC(101)   Evacuate Collection Set: 19.3ms
[42.033s][debug][gc,phases         ] GC(101)     Ext Root Scanning (ms):   Min:  0.5, Avg:  0.5, Max:  0.5, Diff:  0.0, Sum:  2.0, Workers: 4
[42.033s][debug][gc,phases         ] GC(101)     Update RS (ms):           Min:  0.9, Avg:  1.6, Max:  3.4, Diff:  2.5, Sum:  6.5, Workers: 4
[42.033s][debug][gc,phases         ] GC(101)       Processed Buffers:        Min: 2, Avg:  4.5, Max: 11, Diff: 9, Sum: 18, Workers: 4
[42.033s][debug][gc,phases         ] GC(101)       Scanned Cards:            Min: 512, Avg: 776.8, Max: 1571, Diff: 1059, Sum: 3107, Workers: 4
[42.033s][debug][gc,phases         ] GC(101)       Skipped Cards:            Min: 0, Avg: 195.5, Max: 526, Diff: 526, Sum: 782, Workers: 4
[42.033s][debug][gc,phases         ] GC(101)     Scan RS (ms):             Min:  0.0, Avg:  0.1, Max:  0.4, Diff:  0.4, Sum:  0.4, Workers: 4
[42.033s][debug][gc,phases         ] GC(101)       Scanned Cards:            Min: 0, Avg: 56.0, Max: 224, Diff: 224, Sum: 224, Workers: 4
[42.033s][debug][gc,phases         ] GC(101)       Claimed Cards:            Min: 0, Avg: 255.5, Max: 1022, Diff: 1022, Sum: 1022, Workers: 4
[42.033s][debug][gc,phases         ] GC(101)       Skipped Cards:            Min: 0, Avg:  0.0, Max: 0, Diff: 0, Sum: 0, Workers: 4
[42.033s][debug][gc,phases         ] GC(101)     Code Root Scanning (ms):  Min:  0.0, Avg:  0.0, Max:  0.1, Diff:  0.1, Sum:  0.1, Workers: 4
[42.033s][debug][gc,phases         ] GC(101)     JVMCI Root Scan (ms):     skipped
[42.033s][debug][gc,phases         ] GC(101)     Object Copy (ms):         Min: 14.5, Avg: 16.6, Max: 17.4, Diff:  2.9, Sum: 66.4, Workers: 4
[42.033s][debug][gc,phases         ] GC(101)     Termination (ms):         Min:  0.0, Avg:  0.0, Max:  0.1, Diff:  0.0, Sum:  0.1, Workers: 4
[42.033s][debug][gc,phases         ] GC(101)       Termination Attempts:     Min: 3, Avg:  4.0, Max: 5, Diff: 2, Sum: 16, Workers: 4
[42.033s][debug][gc,phases         ] GC(101)     GC Worker Other (ms):     Min:  0.2, Avg:  0.2, Max:  0.2, Diff:  0.1, Sum:  0.8, Workers: 4
[42.033s][debug][gc,phases         ] GC(101)     GC Worker Total (ms):     Min: 19.0, Avg: 19.1, Max: 19.1, Diff:  0.1, Sum: 76.3, Workers: 4
[42.033s][info ][gc,phases         ] GC(101)   Post Evacuate Collection Set: 0.4ms
[42.033s][debug][gc,phases         ] GC(101)     Code Roots Fixup: 0.0ms
[42.033s][debug][gc,phases         ] GC(101)     Clear Card Table: 0.0ms
[42.033s][debug][gc,phases         ] GC(101)     Reference Processing: 0.1ms
[42.033s][debug][gc,phases,ref     ] GC(101)       Reconsider SoftReferences: 0.0ms
[42.033s][debug][gc,phases,ref     ] GC(101)         SoftRef (ms):             skipped
[42.033s][debug][gc,phases,ref     ] GC(101)       Notify Soft/WeakReferences: 0.0ms
[42.033s][debug][gc,phases,ref     ] GC(101)         SoftRef (ms):             skipped
[42.033s][debug][gc,phases,ref     ] GC(101)         WeakRef (ms):             skipped
[42.033s][debug][gc,phases,ref     ] GC(101)         FinalRef (ms):            skipped
[42.033s][debug][gc,phases,ref     ] GC(101)         Total (ms):               skipped
[42.033s][debug][gc,phases,ref     ] GC(101)       Notify and keep alive finalizable: 0.0ms
[42.033s][debug][gc,phases,ref     ] GC(101)         FinalRef (ms):            skipped
[42.033s][debug][gc,phases,ref     ] GC(101)       Notify PhantomReferences: 0.0ms
[42.033s][debug][gc,phases,ref     ] GC(101)         PhantomRef (ms):          skipped
[42.033s][debug][gc,phases,ref     ] GC(101)       SoftReference:
[42.033s][debug][gc,phases,ref     ] GC(101)         Discovered: 0
[42.033s][debug][gc,phases,ref     ] GC(101)         Cleared: 0
[42.033s][debug][gc,phases,ref     ] GC(101)       WeakReference:
[42.033s][debug][gc,phases,ref     ] GC(101)         Discovered: 0
[42.033s][debug][gc,phases,ref     ] GC(101)         Cleared: 0
[42.033s][debug][gc,phases,ref     ] GC(101)       FinalReference:
[42.033s][debug][gc,phases,ref     ] GC(101)         Discovered: 0
[42.033s][debug][gc,phases,ref     ] GC(101)         Cleared: 0
[42.033s][debug][gc,phases,ref     ] GC(101)       PhantomReference:
[42.033s][debug][gc,phases,ref     ] GC(101)         Discovered: 0
[42.033s][debug][gc,phases,ref     ] GC(101)         Cleared: 0
[42.033s][debug][gc,phases         ] GC(101)     Weak Processing: 0.0ms
[42.033s][debug][gc,phases         ] GC(101)     Merge Per-Thread State: 0.0ms
[42.033s][debug][gc,phases         ] GC(101)     Code Roots Purge: 0.0ms
[42.033s][debug][gc,phases         ] GC(101)     Redirty Cards: 0.0ms
[42.033s][debug][gc,phases         ] GC(101)     DerivedPointerTable Update: 0.0ms
[42.033s][debug][gc,phases         ] GC(101)     Free Collection Set: 0.2ms
[42.033s][debug][gc,phases         ] GC(101)     Humongous Reclaim: 0.1ms
[42.034s][debug][gc,phases         ] GC(101)     Start New Collection Set: 0.0ms
[42.034s][debug][gc,phases         ] GC(101)     Resize TLABs: 0.0ms
[42.034s][debug][gc,phases         ] GC(101)     Expand Heap After Collection: 0.0ms
[42.034s][info ][gc,phases         ] GC(101)   Other: 0.7ms
[42.034s][info ][gc,heap           ] GC(101) Eden regions: 11->0(341)
[42.034s][info ][gc,heap           ] GC(101) Survivor regions: 16->16(43)
[42.034s][info ][gc,heap           ] GC(101) Old regions: 47->47
[42.034s][info ][gc,heap           ] GC(101) Humongous regions: 3->3
[42.034s][info ][gc,metaspace      ] GC(101) Metaspace: 13331K->13331K(1060864K)
[42.034s][debug][gc,heap           ] GC(101) Heap after GC invocations=102 (full 0): garbage-first heap   total 1524736K, used 67584K [0x0000000780000000, 0x0000000800000000)
[42.034s][debug][gc,heap           ] GC(101)   region size 1024K, 16 young (16384K), 16 survivors (16384K)
[42.034s][debug][gc,heap           ] GC(101)  Metaspace       used 13331K, capacity 13735K, committed 13824K, reserved 1060864K
[42.034s][debug][gc,heap           ] GC(101)   class space    used 1352K, capacity 1515K, committed 1536K, reserved 1048576K
[42.034s][info ][gc                ] GC(101) Pause Young (Concurrent Start) (G1 Humongous Allocation) 76M->66M(1489M) 21.367ms
[42.034s][info ][gc,cpu            ] GC(101) User=0.07s Sys=0.00s Real=0.02s
[42.034s][info ][gc                ] GC(102) Concurrent Cycle
[42.034s][info ][gc,marking        ] GC(102) Concurrent Clear Claimed Marks
[42.034s][info ][gc,marking        ] GC(102) Concurrent Clear Claimed Marks 0.079ms
[42.034s][info ][gc,marking        ] GC(102) Concurrent Scan Root Regions
[42.034s][debug][gc,ergo           ] GC(102) Running G1 Root Region Scan using 1 workers for 16 work units.
[42.043s][info ][gc,marking        ] GC(102) Concurrent Scan Root Regions 9.167ms
[42.043s][info ][gc,marking        ] GC(102) Concurrent Mark (42.043s)
[42.043s][info ][gc,marking        ] GC(102) Concurrent Mark From Roots
[42.043s][info ][gc,task           ] GC(102) Using 1 workers of 1 for marking
[42.051s][debug][gc,stats          ] ---------------------------------------------------------------------
[42.051s][debug][gc,stats          ] Marking Stats, task = 0, calls = 1
[42.051s][debug][gc,stats          ]   Elapsed time = 7.30ms, Termination time = 0.00ms
[42.051s][debug][gc,stats          ]   Step Times (cum): num = 729, avg = 0.51ms, sd = 1.92ms max = 9.88ms, total = 371.10ms
[42.051s][debug][gc,stats          ]   Mark Stats Cache: hits 60180 misses 45 ratio 99.925
[42.051s][debug][gc,stats          ] ---------------------------------------------------------------------
[42.051s][info ][gc,marking        ] GC(102) Concurrent Mark From Roots 7.482ms
[42.051s][info ][gc,marking        ] GC(102) Concurrent Preclean
[42.051s][debug][gc,ref,start      ] GC(102) Preclean SoftReferences
[42.051s][debug][gc,ref            ] GC(102) Preclean SoftReferences 0.021ms
[42.051s][debug][gc,ref,start      ] GC(102) Preclean WeakReferences
[42.051s][debug][gc,ref            ] GC(102) Preclean WeakReferences 0.097ms
[42.051s][debug][gc,ref,start      ] GC(102) Preclean FinalReferences
[42.051s][debug][gc,ref            ] GC(102) Preclean FinalReferences 0.017ms
[42.051s][debug][gc,ref,start      ] GC(102) Preclean PhantomReferences
[42.051s][debug][gc,ref            ] GC(102) Preclean PhantomReferences 0.037ms
[42.051s][info ][gc,marking        ] GC(102) Concurrent Preclean 0.281ms
[42.051s][info ][gc,marking        ] GC(102) Concurrent Mark (42.043s, 42.051s) 7.821ms
[42.051s][info ][gc,start          ] GC(102) Pause Remark
[42.051s][debug][gc,phases,start   ] GC(102) Finalize Marking
[42.051s][debug][gc,stats          ] ---------------------------------------------------------------------
[42.051s][debug][gc,stats          ] Marking Stats, task = 0, calls = 18
[42.051s][debug][gc,stats          ]   Elapsed time = 0.08ms, Termination time = 0.06ms
[42.051s][debug][gc,stats          ]   Step Times (cum): num = 746, avg = 0.50ms, sd = 1.90ms max = 9.88ms, total = 371.19ms
[42.051s][debug][gc,stats          ]   Mark Stats Cache: hits 60180 misses 45 ratio 99.925
[42.051s][debug][gc,stats          ] ---------------------------------------------------------------------
[42.051s][debug][gc,stats          ] Marking Stats, task = 1, calls = 1
[42.051s][debug][gc,stats          ]   Elapsed time = 0.11ms, Termination time = 0.09ms
[42.051s][debug][gc,stats          ]   Step Times (cum): num = 42, avg = 0.17ms, sd = 0.22ms max = 0.77ms, total = 7.25ms
[42.051s][debug][gc,stats          ]   Mark Stats Cache: hits 97 misses 2 ratio 97.980
[42.052s][debug][gc,stats          ] ---------------------------------------------------------------------
[42.052s][debug][gc,stats          ] Marking Stats, task = 2, calls = 1
[42.052s][debug][gc,stats          ]   Elapsed time = 0.05ms, Termination time = 0.05ms
[42.052s][debug][gc,stats          ]   Step Times (cum): num = 41, avg = 0.13ms, sd = 0.23ms max = 0.75ms, total = 5.51ms
[42.052s][debug][gc,stats          ]   Mark Stats Cache: hits 51 misses 3 ratio 94.444
[42.052s][debug][gc,stats          ] ---------------------------------------------------------------------
[42.052s][debug][gc,stats          ] Marking Stats, task = 3, calls = 1
[42.052s][debug][gc,stats          ]   Elapsed time = 0.01ms, Termination time = 0.00ms
[42.052s][debug][gc,stats          ]   Step Times (cum): num = 39, avg = 0.01ms, sd = 0.01ms max = 0.08ms, total = 0.24ms
[42.052s][debug][gc,stats          ]   Mark Stats Cache: hits 55 misses 3 ratio 94.828
[42.052s][debug][gc,stats          ] ---------------------------------------------------------------------
[42.052s][debug][gc,phases         ] GC(102) Finalize Marking 0.438ms
[42.052s][debug][gc,phases,start   ] GC(102) Reference Processing
[42.052s][debug][gc,ref            ] GC(102) Skipped phase1 of Reference Processing due to unavailable references
[42.052s][debug][gc,ref            ] GC(102) Skipped phase2 of Reference Processing due to unavailable references
[42.052s][debug][gc,ref            ] GC(102) Skipped phase3 of Reference Processing due to unavailable references
[42.052s][debug][gc,ref            ] GC(102) Skipped phase4 of Reference Processing due to unavailable references
[42.052s][debug][gc,phases,ref     ] GC(102) Reference Processing: 0.1ms
[42.052s][debug][gc,phases,ref     ] GC(102)   Reconsider SoftReferences: 0.0ms
[42.052s][debug][gc,phases,ref     ] GC(102)     SoftRef (ms):             skipped
[42.052s][debug][gc,phases,ref     ] GC(102)   Notify Soft/WeakReferences: 0.0ms
[42.052s][debug][gc,phases,ref     ] GC(102)     SoftRef (ms):             skipped
[42.052s][debug][gc,phases,ref     ] GC(102)     WeakRef (ms):             skipped
[42.052s][debug][gc,phases,ref     ] GC(102)     FinalRef (ms):            skipped
[42.052s][debug][gc,phases,ref     ] GC(102)     Total (ms):               skipped
[42.052s][debug][gc,phases,ref     ] GC(102)   Notify and keep alive finalizable: 0.0ms
[42.052s][debug][gc,phases,ref     ] GC(102)     FinalRef (ms):            skipped
[42.052s][debug][gc,phases,ref     ] GC(102)   Notify PhantomReferences: 0.0ms
[42.052s][debug][gc,phases,ref     ] GC(102)     PhantomRef (ms):          skipped
[42.052s][debug][gc,phases,ref     ] GC(102)   SoftReference:
[42.052s][debug][gc,phases,ref     ] GC(102)     Discovered: 0
[42.052s][debug][gc,phases,ref     ] GC(102)     Cleared: 0
[42.052s][debug][gc,phases,ref     ] GC(102)   WeakReference:
[42.052s][debug][gc,phases,ref     ] GC(102)     Discovered: 0
[42.052s][debug][gc,phases,ref     ] GC(102)     Cleared: 0
[42.052s][debug][gc,phases,ref     ] GC(102)   FinalReference:
[42.052s][debug][gc,phases,ref     ] GC(102)     Discovered: 0
[42.052s][debug][gc,phases,ref     ] GC(102)     Cleared: 0
[42.052s][debug][gc,phases,ref     ] GC(102)   PhantomReference:
[42.052s][debug][gc,phases,ref     ] GC(102)     Discovered: 0
[42.052s][debug][gc,phases,ref     ] GC(102)     Cleared: 0
[42.052s][debug][gc,phases         ] GC(102) Reference Processing 0.412ms
[42.052s][debug][gc,phases,start   ] GC(102) Weak Processing
[42.052s][debug][gc,phases         ] GC(102) Weak Processing 0.028ms
[42.052s][debug][gc,phases,start   ] GC(102) Class Unloading
[42.052s][debug][gc,phases,start   ] GC(102) ClassLoaderData
[42.052s][debug][gc,phases         ] GC(102) ClassLoaderData 0.061ms
[42.052s][debug][gc,phases,start   ] GC(102) ProtectionDomainCacheTable
[42.052s][debug][gc,phases         ] GC(102) ProtectionDomainCacheTable 0.016ms
[42.054s][info ][gc,stringtable    ] GC(102) Cleaned string and symbol table, strings: 6182 processed, 0 removed, symbols: 45233 processed, 0 removed
[42.054s][debug][gc,phases         ] GC(102) Class Unloading 1.835ms
[42.054s][debug][gc,phases,start   ] GC(102) Flush Task Caches
[42.054s][debug][gc,stats          ] Mark stats cache hits 60383 misses 53 ratio 99.912
[42.054s][debug][gc,phases         ] GC(102) Flush Task Caches 0.042ms
[42.054s][debug][gc,phases,start   ] GC(102) Update Remembered Set Tracking Before Rebuild
[42.054s][debug][gc,ergo           ] GC(102) Running G1 Update RemSet Tracking Before Rebuild using 4 workers for 1489 regions in heap
[42.054s][debug][gc,remset,tracking] GC(102) Remembered Set Tracking update regions total 1489, selected 47
[42.054s][debug][gc,phases         ] GC(102) Update Remembered Set Tracking Before Rebuild 0.235ms
[42.054s][debug][gc,phases,start   ] GC(102) Reclaim Empty Regions
[42.054s][debug][gc                ] GC(102) Reclaimed 3 empty regions
[42.054s][debug][gc,phases         ] GC(102) Reclaim Empty Regions 0.157ms
[42.054s][debug][gc,phases,start   ] GC(102) Purge Metaspace
[42.054s][debug][gc,phases         ] GC(102) Purge Metaspace 0.014ms
[42.055s][debug][gc,phases,start   ] GC(102) Report Object Count
[42.055s][debug][gc,phases         ] GC(102) Report Object Count 0.014ms
[42.055s][info ][gc                ] GC(102) Pause Remark 74M->71M(1489M) 3.367ms
[42.055s][info ][gc,cpu            ] GC(102) User=0.00s Sys=0.00s Real=0.00s
[42.055s][info ][gc,marking        ] GC(102) Concurrent Rebuild Remembered Sets
[42.063s][info ][gc,marking        ] GC(102) Concurrent Rebuild Remembered Sets 8.090ms
[42.063s][info ][gc,start          ] GC(102) Pause Cleanup
[42.063s][debug][gc,phases,start   ] GC(102) Update Remembered Set Tracking After Rebuild
[42.063s][debug][gc,phases         ] GC(102) Update Remembered Set Tracking After Rebuild 0.062ms
[42.063s][debug][gc,phases,start   ] GC(102) Finalize Concurrent Mark Cleanup
[42.063s][debug][gc,ergo           ] GC(102) request young-only gcs (reclaimable percentage not over threshold). candidate old regions: 46 reclaimable: 46592016 (2.98) threshold: 5
[42.063s][debug][gc,phases         ] GC(102) Finalize Concurrent Mark Cleanup 0.213ms
[42.063s][info ][gc                ] GC(102) Pause Cleanup 71M->71M(1489M) 0.363ms
[42.063s][info ][gc,cpu            ] GC(102) User=0.00s Sys=0.00s Real=0.00s
[42.063s][info ][gc,marking        ] GC(102) Concurrent Cleanup for Next Mark
[42.063s][debug][gc,ergo           ] GC(102) Running G1 Clear Bitmap with 1 workers for 24 work units.
[42.066s][info ][gc,marking        ] GC(102) Concurrent Cleanup for Next Mark 2.358ms
[42.066s][info ][gc                ] GC(102) Concurrent Cycle 31.916ms
[42.151s][debug][gc,ergo,ihop      ] Request concurrent cycle initiation (occupancy higher than threshold) occupancy: 52428800B allocation request: 524304B threshold: 0B (0.00) source: concurrent humongous allocation
[42.151s][debug][gc,ergo           ] Request concurrent cycle initiation (requested by GC cause). GC cause: G1 Humongous Allocation
[42.151s][debug][gc,heap           ] GC(103) Heap before GC invocations=103 (full 0): garbage-first heap   total 1524736K, used 77824K [0x0000000780000000, 0x0000000800000000)
[42.151s][debug][gc,heap           ] GC(103)   region size 1024K, 27 young (27648K), 16 survivors (16384K)
[42.151s][debug][gc,heap           ] GC(103)  Metaspace       used 13331K, capacity 13735K, committed 13824K, reserved 1060864K
[42.151s][debug][gc,heap           ] GC(103)   class space    used 1352K, capacity 1515K, committed 1536K, reserved 1048576K
[42.151s][debug][gc,ergo           ] GC(103) Initiate concurrent cycle (concurrent cycle initiation requested)
[42.151s][info ][gc,start          ] GC(103) Pause Young (Concurrent Start) (G1 Humongous Allocation)
[42.151s][info ][gc,task           ] GC(103) Using 4 workers of 4 for evacuation
[42.151s][debug][gc,tlab           ] GC(103) TLAB totals: thrds: 1  refills: 31 max: 31 slow allocs: 3 max 3 waste:  0.9% gc: 80072B max: 80072B slow: 17672B max: 17672B fast: 0B max: 0B
[42.151s][debug][gc,alloc,region   ] GC(103) Mutator Allocation stats, regions: 11, wasted size: 0B ( 0.0%)
[42.151s][debug][gc,age            ] GC(103) Desired survivor size 23592960 bytes, new threshold 15 (max threshold 15)
[42.151s][debug][gc,ergo,cset      ] GC(103) Finish choosing CSet. old: 0 regions, predicted old region time: 0.00ms, time remaining: 175.10
[42.151s][debug][gc,task,stats     ] GC(103) GC Termination Stats
[42.152s][debug][gc,task,stats     ] GC(103)      elapsed  --strong roots-- -------termination------- ------waste (KiB)------
[42.152s][debug][gc,task,stats     ] GC(103) thr     ms        ms      %        ms      %    attempts  total   alloc    undo
[42.152s][debug][gc,task,stats     ] GC(103) --- --------- --------- ------ --------- ------ -------- ------- ------- -------
[42.173s][debug][gc,task,stats     ] GC(103)   0     21.37     18.50  86.59      0.01   0.05        4       0       0       0
[42.173s][debug][gc,task,stats     ] GC(103)   2     21.45     18.76  87.44      0.01   0.07        5       0       0       0
[42.173s][debug][gc,task,stats     ] GC(103)   1     21.51     19.09  88.73      0.02   0.11        7       0       0       0
[42.173s][debug][gc,task,stats     ] GC(103)   3     21.50      4.76  22.15      0.01   0.04        7       0       0       0
[42.173s][debug][gc,ergo           ] GC(103) Running G1 Clear Card Table Task using 1 workers for 1 units of work for 34 regions.
[42.173s][debug][gc,ref            ] GC(103) Skipped phase1 of Reference Processing due to unavailable references
[42.173s][debug][gc,ref            ] GC(103) Skipped phase2 of Reference Processing due to unavailable references
[42.173s][debug][gc,ref            ] GC(103) Skipped phase3 of Reference Processing due to unavailable references
[42.173s][debug][gc,ref            ] GC(103) Skipped phase4 of Reference Processing due to unavailable references
[42.173s][debug][gc,ergo           ] GC(103) Running G1 Free Collection Set using 1 workers for collection set length 27
[42.174s][debug][gc,humongous      ] GC(103) Live humongous region 5 object size 524304 start 0x0000000780500000  with remset 0 code roots 0 is marked 0 reclaim candidate 0 type array 0
[42.174s][debug][gc,humongous      ] GC(103) Live humongous region 6 object size 1048592 start 0x0000000780600000  with remset 0 code roots 0 is marked 0 reclaim candidate 0 type array 0
[42.174s][debug][gc,plab           ] GC(103) Young PLAB allocation: allocated: 16777216B, wasted: 672B, unused: 1020976B, used: 15755568B, undo waste: 0B, 
[42.174s][debug][gc,plab           ] GC(103) Young other allocation: region end waste: 0B, regions filled: 16, direct allocated: 0B, failure used: 0B, failure wasted: 0B
[42.174s][debug][gc,plab           ] GC(103) Young sizing: calculated: 3151112B, actual: 3150792B
[42.174s][debug][gc,plab           ] GC(103) Old PLAB allocation: allocated: 0B, wasted: 0B, unused: 0B, used: 0B, undo waste: 0B, 
[42.174s][debug][gc,plab           ] GC(103) Old other allocation: region end waste: 0B, regions filled: 0, direct allocated: 0B, failure used: 0B, failure wasted: 0B
[42.174s][debug][gc,plab           ] GC(103) Old sizing: calculated: 0B, actual: 3336B
[42.174s][debug][gc,alloc,stats    ] Old generation allocation in the last mutator period, old gen allocated: 0B, humongous allocated: 3145728B,old gen growth: 0B.
[42.174s][debug][gc,ihop           ] GC(103) Basic information (value update), threshold: 0B (0.00), target occupancy: 1561329664B, current occupancy: 69206016B, recent allocation size: 3145728B, recent allocation duration: 114.95ms, recent old gen allocation rate: 27365432.75B/s, recent marking phase length: 232.15ms
[42.174s][debug][gc,ihop           ] GC(103) Adaptive IHOP information (value update), threshold: 0B (0.00), internal target occupancy: 1483263180B, occupancy: 69206016B, additional buffer size: 422576128B, predicted old gen allocation rate: 3176169481.70B/s, predicted marking phase length: 354.98ms, prediction active: true
[42.174s][debug][gc,ergo,refine    ] GC(103) Updated Refinement Zones: green: 46, yellow: 138, red: 230
[42.174s][info ][gc,phases         ] GC(103)   Pre Evacuate Collection Set: 0.1ms
[42.174s][debug][gc,phases         ] GC(103)     Prepare TLABs: 0.0ms
[42.174s][debug][gc,phases         ] GC(103)     Choose Collection Set: 0.0ms
[42.174s][debug][gc,phases         ] GC(103)     Humongous Register: 0.0ms
[42.174s][debug][gc,phases         ] GC(103)     Clear Claimed Marks: 0.1ms
[42.174s][info ][gc,phases         ] GC(103)   Evacuate Collection Set: 21.7ms
[42.174s][debug][gc,phases         ] GC(103)     Ext Root Scanning (ms):   Min:  0.4, Avg:  0.4, Max:  0.4, Diff:  0.0, Sum:  1.7, Workers: 4
[42.174s][debug][gc,phases         ] GC(103)     Update RS (ms):           Min:  1.1, Avg:  1.4, Max:  2.5, Diff:  1.4, Sum:  5.7, Workers: 4
[42.174s][debug][gc,phases         ] GC(103)       Processed Buffers:        Min: 2, Avg:  4.5, Max: 8, Diff: 6, Sum: 18, Workers: 4
[42.174s][debug][gc,phases         ] GC(103)       Scanned Cards:            Min: 512, Avg: 776.8, Max: 1566, Diff: 1054, Sum: 3107, Workers: 4
[42.174s][debug][gc,phases         ] GC(103)       Skipped Cards:            Min: 0, Avg: 195.5, Max: 782, Diff: 782, Sum: 782, Workers: 4
[42.174s][debug][gc,phases         ] GC(103)     Scan RS (ms):             Min:  0.0, Avg:  0.1, Max:  0.4, Diff:  0.4, Sum:  0.4, Workers: 4
[42.174s][debug][gc,phases         ] GC(103)       Scanned Cards:            Min: 0, Avg: 36.8, Max: 147, Diff: 147, Sum: 147, Workers: 4
[42.174s][debug][gc,phases         ] GC(103)       Claimed Cards:            Min: 0, Avg: 264.0, Max: 1056, Diff: 1056, Sum: 1056, Workers: 4
[42.174s][debug][gc,phases         ] GC(103)       Skipped Cards:            Min: 0, Avg:  0.0, Max: 0, Diff: 0, Sum: 0, Workers: 4
[42.174s][debug][gc,phases         ] GC(103)     Code Root Scanning (ms):  Min:  0.0, Avg:  0.0, Max:  0.1, Diff:  0.1, Sum:  0.1, Workers: 4
[42.174s][debug][gc,phases         ] GC(103)     JVMCI Root Scan (ms):     skipped
[42.174s][debug][gc,phases         ] GC(103)     Object Copy (ms):         Min: 17.9, Avg: 19.3, Max: 19.9, Diff:  2.0, Sum: 77.4, Workers: 4
[42.174s][debug][gc,phases         ] GC(103)     Termination (ms):         Min:  0.0, Avg:  0.0, Max:  0.0, Diff:  0.0, Sum:  0.1, Workers: 4
[42.174s][debug][gc,phases         ] GC(103)       Termination Attempts:     Min: 4, Avg:  5.8, Max: 7, Diff: 3, Sum: 23, Workers: 4
[42.174s][debug][gc,phases         ] GC(103)     GC Worker Other (ms):     Min:  0.1, Avg:  0.2, Max:  0.2, Diff:  0.1, Sum:  0.7, Workers: 4
[42.174s][debug][gc,phases         ] GC(103)     GC Worker Total (ms):     Min: 21.5, Avg: 21.5, Max: 21.5, Diff:  0.1, Sum: 86.0, Workers: 4
[42.174s][info ][gc,phases         ] GC(103)   Post Evacuate Collection Set: 0.4ms
[42.174s][debug][gc,phases         ] GC(103)     Code Roots Fixup: 0.0ms
[42.174s][debug][gc,phases         ] GC(103)     Clear Card Table: 0.0ms
[42.174s][debug][gc,phases         ] GC(103)     Reference Processing: 0.1ms
[42.174s][debug][gc,phases,ref     ] GC(103)       Reconsider SoftReferences: 0.0ms
[42.174s][debug][gc,phases,ref     ] GC(103)         SoftRef (ms):             skipped
[42.174s][debug][gc,phases,ref     ] GC(103)       Notify Soft/WeakReferences: 0.0ms
[42.174s][debug][gc,phases,ref     ] GC(103)         SoftRef (ms):             skipped
[42.174s][debug][gc,phases,ref     ] GC(103)         WeakRef (ms):             skipped
[42.174s][debug][gc,phases,ref     ] GC(103)         FinalRef (ms):            skipped
[42.174s][debug][gc,phases,ref     ] GC(103)         Total (ms):               skipped
[42.174s][debug][gc,phases,ref     ] GC(103)       Notify and keep alive finalizable: 0.0ms
[42.174s][debug][gc,phases,ref     ] GC(103)         FinalRef (ms):            skipped
[42.174s][debug][gc,phases,ref     ] GC(103)       Notify PhantomReferences: 0.0ms
[42.174s][debug][gc,phases,ref     ] GC(103)         PhantomRef (ms):          skipped
[42.174s][debug][gc,phases,ref     ] GC(103)       SoftReference:
[42.174s][debug][gc,phases,ref     ] GC(103)         Discovered: 0
[42.174s][debug][gc,phases,ref     ] GC(103)         Cleared: 0
[42.174s][debug][gc,phases,ref     ] GC(103)       WeakReference:
[42.174s][debug][gc,phases,ref     ] GC(103)         Discovered: 0
[42.174s][debug][gc,phases,ref     ] GC(103)         Cleared: 0
[42.174s][debug][gc,phases,ref     ] GC(103)       FinalReference:
[42.174s][debug][gc,phases,ref     ] GC(103)         Discovered: 0
[42.174s][debug][gc,phases,ref     ] GC(103)         Cleared: 0
[42.174s][debug][gc,phases,ref     ] GC(103)       PhantomReference:
[42.174s][debug][gc,phases,ref     ] GC(103)         Discovered: 0
[42.174s][debug][gc,phases,ref     ] GC(103)         Cleared: 0
[42.174s][debug][gc,phases         ] GC(103)     Weak Processing: 0.0ms
[42.174s][debug][gc,phases         ] GC(103)     Merge Per-Thread State: 0.0ms
[42.175s][debug][gc,phases         ] GC(103)     Code Roots Purge: 0.0ms
[42.175s][debug][gc,phases         ] GC(103)     Redirty Cards: 0.0ms
[42.175s][debug][gc,phases         ] GC(103)     DerivedPointerTable Update: 0.0ms
[42.175s][debug][gc,phases         ] GC(103)     Free Collection Set: 0.2ms
[42.175s][debug][gc,phases         ] GC(103)     Humongous Reclaim: 0.1ms
[42.175s][debug][gc,phases         ] GC(103)     Start New Collection Set: 0.0ms
[42.175s][debug][gc,phases         ] GC(103)     Resize TLABs: 0.0ms
[42.175s][debug][gc,phases         ] GC(103)     Expand Heap After Collection: 0.0ms
[42.175s][info ][gc,phases         ] GC(103)   Other: 0.6ms
[42.175s][info ][gc,heap           ] GC(103) Eden regions: 11->0(387)
[42.175s][info ][gc,heap           ] GC(103) Survivor regions: 16->16(45)
[42.175s][info ][gc,heap           ] GC(103) Old regions: 47->47
[42.175s][info ][gc,heap           ] GC(103) Humongous regions: 3->3
[42.175s][info ][gc,metaspace      ] GC(103) Metaspace: 13331K->13331K(1060864K)
[42.175s][debug][gc,heap           ] GC(103) Heap after GC invocations=104 (full 0): garbage-first heap   total 1524736K, used 67584K [0x0000000780000000, 0x0000000800000000)
[42.175s][debug][gc,heap           ] GC(103)   region size 1024K, 16 young (16384K), 16 survivors (16384K)
[42.175s][debug][gc,heap           ] GC(103)  Metaspace       used 13331K, capacity 13735K, committed 13824K, reserved 1060864K
[42.175s][debug][gc,heap           ] GC(103)   class space    used 1352K, capacity 1515K, committed 1536K, reserved 1048576K
[42.175s][info ][gc                ] GC(103) Pause Young (Concurrent Start) (G1 Humongous Allocation) 76M->66M(1489M) 23.674ms
[42.175s][info ][gc,cpu            ] GC(103) User=0.08s Sys=0.00s Real=0.03s
[42.175s][info ][gc                ] GC(104) Concurrent Cycle
[42.175s][info ][gc,marking        ] GC(104) Concurrent Clear Claimed Marks
[42.175s][info ][gc,marking        ] GC(104) Concurrent Clear Claimed Marks 0.087ms
[42.175s][info ][gc,marking        ] GC(104) Concurrent Scan Root Regions
[42.175s][debug][gc,ergo           ] GC(104) Running G1 Root Region Scan using 1 workers for 16 work units.
[42.184s][info ][gc,marking        ] GC(104) Concurrent Scan Root Regions 8.884ms
[42.184s][info ][gc,marking        ] GC(104) Concurrent Mark (42.184s)
[42.184s][info ][gc,marking        ] GC(104) Concurrent Mark From Roots
[42.184s][info ][gc,task           ] GC(104) Using 1 workers of 1 for marking
[42.192s][debug][gc,stats          ] ---------------------------------------------------------------------
[42.192s][debug][gc,stats          ] Marking Stats, task = 0, calls = 1
[42.192s][debug][gc,stats          ]   Elapsed time = 7.54ms, Termination time = 0.00ms
[42.192s][debug][gc,stats          ]   Step Times (cum): num = 747, avg = 0.51ms, sd = 1.92ms max = 9.88ms, total = 378.74ms
[42.192s][debug][gc,stats          ]   Mark Stats Cache: hits 60180 misses 45 ratio 99.925
[42.192s][debug][gc,stats          ] ---------------------------------------------------------------------
[42.192s][info ][gc,marking        ] GC(104) Concurrent Mark From Roots 7.753ms
[42.192s][info ][gc,marking        ] GC(104) Concurrent Preclean
[42.192s][debug][gc,ref,start      ] GC(104) Preclean SoftReferences
[42.192s][debug][gc,ref            ] GC(104) Preclean SoftReferences 0.020ms
[42.192s][debug][gc,ref,start      ] GC(104) Preclean WeakReferences
[42.192s][debug][gc,ref            ] GC(104) Preclean WeakReferences 0.022ms
[42.192s][debug][gc,ref,start      ] GC(104) Preclean FinalReferences
[42.192s][debug][gc,ref            ] GC(104) Preclean FinalReferences 0.016ms
[42.192s][debug][gc,ref,start      ] GC(104) Preclean PhantomReferences
[42.192s][debug][gc,ref            ] GC(104) Preclean PhantomReferences 0.016ms
[42.192s][info ][gc,marking        ] GC(104) Concurrent Preclean 0.146ms
[42.192s][info ][gc,marking        ] GC(104) Concurrent Mark (42.184s, 42.192s) 7.944ms
[42.192s][info ][gc,start          ] GC(104) Pause Remark
[42.192s][debug][gc,phases,start   ] GC(104) Finalize Marking
[42.192s][debug][gc,stats          ] ---------------------------------------------------------------------
[42.192s][debug][gc,stats          ] Marking Stats, task = 0, calls = 18
[42.192s][debug][gc,stats          ]   Elapsed time = 0.07ms, Termination time = 0.05ms
[42.192s][debug][gc,stats          ]   Step Times (cum): num = 764, avg = 0.50ms, sd = 1.90ms max = 9.88ms, total = 378.80ms
[42.192s][debug][gc,stats          ]   Mark Stats Cache: hits 60180 misses 45 ratio 99.925
[42.192s][debug][gc,stats          ] ---------------------------------------------------------------------
[42.192s][debug][gc,stats          ] Marking Stats, task = 1, calls = 1
[42.192s][debug][gc,stats          ]   Elapsed time = 0.08ms, Termination time = 0.06ms
[42.192s][debug][gc,stats          ]   Step Times (cum): num = 43, avg = 0.17ms, sd = 0.22ms max = 0.77ms, total = 7.31ms
[42.192s][debug][gc,stats          ]   Mark Stats Cache: hits 97 misses 2 ratio 97.980
[42.192s][debug][gc,stats          ] ---------------------------------------------------------------------
[42.192s][debug][gc,stats          ] Marking Stats, task = 2, calls = 1
[42.192s][debug][gc,stats          ]   Elapsed time = 0.01ms, Termination time = 0.00ms
[42.192s][debug][gc,stats          ]   Step Times (cum): num = 42, avg = 0.13ms, sd = 0.23ms max = 0.75ms, total = 5.51ms
[42.192s][debug][gc,stats          ]   Mark Stats Cache: hits 55 misses 3 ratio 94.828
[42.193s][debug][gc,stats          ] ---------------------------------------------------------------------
[42.193s][debug][gc,stats          ] Marking Stats, task = 3, calls = 1
[42.193s][debug][gc,stats          ]   Elapsed time = 0.01ms, Termination time = 0.00ms
[42.193s][debug][gc,stats          ]   Step Times (cum): num = 40, avg = 0.01ms, sd = 0.01ms max = 0.08ms, total = 0.24ms
[42.193s][debug][gc,stats          ]   Mark Stats Cache: hits 51 misses 3 ratio 94.444
[42.193s][debug][gc,stats          ] ---------------------------------------------------------------------
[42.193s][debug][gc,phases         ] GC(104) Finalize Marking 0.443ms
[42.193s][debug][gc,phases,start   ] GC(104) Reference Processing
[42.193s][debug][gc,ref            ] GC(104) Skipped phase1 of Reference Processing due to unavailable references
[42.193s][debug][gc,ref            ] GC(104) Skipped phase2 of Reference Processing due to unavailable references
[42.193s][debug][gc,ref            ] GC(104) Skipped phase3 of Reference Processing due to unavailable references
[42.193s][debug][gc,ref            ] GC(104) Skipped phase4 of Reference Processing due to unavailable references
[42.193s][debug][gc,phases,ref     ] GC(104) Reference Processing: 0.1ms
[42.193s][debug][gc,phases,ref     ] GC(104)   Reconsider SoftReferences: 0.0ms
[42.193s][debug][gc,phases,ref     ] GC(104)     SoftRef (ms):             skipped
[42.193s][debug][gc,phases,ref     ] GC(104)   Notify Soft/WeakReferences: 0.0ms
[42.193s][debug][gc,phases,ref     ] GC(104)     SoftRef (ms):             skipped
[42.193s][debug][gc,phases,ref     ] GC(104)     WeakRef (ms):             skipped
[42.193s][debug][gc,phases,ref     ] GC(104)     FinalRef (ms):            skipped
[42.193s][debug][gc,phases,ref     ] GC(104)     Total (ms):               skipped
[42.193s][debug][gc,phases,ref     ] GC(104)   Notify and keep alive finalizable: 0.0ms
[42.193s][debug][gc,phases,ref     ] GC(104)     FinalRef (ms):            skipped
[42.193s][debug][gc,phases,ref     ] GC(104)   Notify PhantomReferences: 0.0ms
[42.193s][debug][gc,phases,ref     ] GC(104)     PhantomRef (ms):          skipped
[42.193s][debug][gc,phases,ref     ] GC(104)   SoftReference:
[42.193s][debug][gc,phases,ref     ] GC(104)     Discovered: 0
[42.193s][debug][gc,phases,ref     ] GC(104)     Cleared: 0
[42.193s][debug][gc,phases,ref     ] GC(104)   WeakReference:
[42.193s][debug][gc,phases,ref     ] GC(104)     Discovered: 0
[42.193s][debug][gc,phases,ref     ] GC(104)     Cleared: 0
[42.193s][debug][gc,phases,ref     ] GC(104)   FinalReference:
[42.193s][debug][gc,phases,ref     ] GC(104)     Discovered: 0
[42.193s][debug][gc,phases,ref     ] GC(104)     Cleared: 0
[42.193s][debug][gc,phases,ref     ] GC(104)   PhantomReference:
[42.193s][debug][gc,phases,ref     ] GC(104)     Discovered: 0
[42.193s][debug][gc,phases,ref     ] GC(104)     Cleared: 0
[42.193s][debug][gc,phases         ] GC(104) Reference Processing 0.409ms
[42.193s][debug][gc,phases,start   ] GC(104) Weak Processing
[42.193s][debug][gc,phases         ] GC(104) Weak Processing 0.042ms
[42.193s][debug][gc,phases,start   ] GC(104) Class Unloading
[42.193s][debug][gc,phases,start   ] GC(104) ClassLoaderData
[42.193s][debug][gc,phases         ] GC(104) ClassLoaderData 0.061ms
[42.193s][debug][gc,phases,start   ] GC(104) ProtectionDomainCacheTable
[42.193s][debug][gc,phases         ] GC(104) ProtectionDomainCacheTable 0.016ms
[42.195s][info ][gc,stringtable    ] GC(104) Cleaned string and symbol table, strings: 6182 processed, 0 removed, symbols: 45233 processed, 0 removed
[42.195s][debug][gc,phases         ] GC(104) Class Unloading 1.620ms
[42.195s][debug][gc,phases,start   ] GC(104) Flush Task Caches
[42.195s][debug][gc,stats          ] Mark stats cache hits 60383 misses 53 ratio 99.912
[42.195s][debug][gc,phases         ] GC(104) Flush Task Caches 0.039ms
[42.195s][debug][gc,phases,start   ] GC(104) Update Remembered Set Tracking Before Rebuild
[42.195s][debug][gc,ergo           ] GC(104) Running G1 Update RemSet Tracking Before Rebuild using 4 workers for 1489 regions in heap
[42.195s][debug][gc,remset,tracking] GC(104) Remembered Set Tracking update regions total 1489, selected 47
[42.195s][debug][gc,phases         ] GC(104) Update Remembered Set Tracking Before Rebuild 0.230ms
[42.195s][debug][gc,phases,start   ] GC(104) Reclaim Empty Regions
[42.195s][debug][gc                ] GC(104) Reclaimed 3 empty regions
[42.195s][debug][gc,phases         ] GC(104) Reclaim Empty Regions 0.216ms
[42.195s][debug][gc,phases,start   ] GC(104) Purge Metaspace
[42.195s][debug][gc,phases         ] GC(104) Purge Metaspace 0.016ms
[42.195s][debug][gc,phases,start   ] GC(104) Report Object Count
[42.195s][debug][gc,phases         ] GC(104) Report Object Count 0.015ms
[42.195s][info ][gc                ] GC(104) Pause Remark 74M->71M(1489M) 3.220ms
[42.195s][info ][gc,cpu            ] GC(104) User=0.00s Sys=0.00s Real=0.01s
[42.195s][info ][gc,marking        ] GC(104) Concurrent Rebuild Remembered Sets
[42.204s][info ][gc,marking        ] GC(104) Concurrent Rebuild Remembered Sets 8.328ms
[42.204s][info ][gc,start          ] GC(104) Pause Cleanup
[42.204s][debug][gc,phases,start   ] GC(104) Update Remembered Set Tracking After Rebuild
[42.204s][debug][gc,phases         ] GC(104) Update Remembered Set Tracking After Rebuild 0.085ms
[42.204s][debug][gc,phases,start   ] GC(104) Finalize Concurrent Mark Cleanup
[42.204s][debug][gc,ergo           ] GC(104) request young-only gcs (reclaimable percentage not over threshold). candidate old regions: 46 reclaimable: 46592016 (2.98) threshold: 5
[42.204s][debug][gc,phases         ] GC(104) Finalize Concurrent Mark Cleanup 0.204ms
[42.204s][info ][gc                ] GC(104) Pause Cleanup 71M->71M(1489M) 0.381ms
[42.204s][info ][gc,cpu            ] GC(104) User=0.00s Sys=0.00s Real=0.00s
[42.204s][info ][gc,marking        ] GC(104) Concurrent Cleanup for Next Mark
[42.204s][debug][gc,ergo           ] GC(104) Running G1 Clear Bitmap with 1 workers for 24 work units.
[42.209s][info ][gc,marking        ] GC(104) Concurrent Cleanup for Next Mark 4.176ms
[42.209s][info ][gc                ] GC(104) Concurrent Cycle 34.222ms
[42.286s][debug][gc,ergo,ihop      ] Request concurrent cycle initiation (occupancy higher than threshold) occupancy: 52428800B allocation request: 524304B threshold: 0B (0.00) source: concurrent humongous allocation
[42.287s][debug][gc,ergo           ] Request concurrent cycle initiation (requested by GC cause). GC cause: G1 Humongous Allocation
[42.287s][debug][gc,heap           ] GC(105) Heap before GC invocations=105 (full 0): garbage-first heap   total 1524736K, used 77824K [0x0000000780000000, 0x0000000800000000)
[42.287s][debug][gc,heap           ] GC(105)   region size 1024K, 27 young (27648K), 16 survivors (16384K)
[42.287s][debug][gc,heap           ] GC(105)  Metaspace       used 13331K, capacity 13735K, committed 13824K, reserved 1060864K
[42.287s][debug][gc,heap           ] GC(105)   class space    used 1352K, capacity 1515K, committed 1536K, reserved 1048576K
[42.287s][debug][gc,ergo           ] GC(105) Initiate concurrent cycle (concurrent cycle initiation requested)
[42.287s][info ][gc,start          ] GC(105) Pause Young (Concurrent Start) (G1 Humongous Allocation)
[42.287s][info ][gc,task           ] GC(105) Using 4 workers of 4 for evacuation
[42.287s][debug][gc,tlab           ] GC(105) TLAB totals: thrds: 1  refills: 31 max: 31 slow allocs: 3 max 3 waste:  0.9% gc: 80072B max: 80072B slow: 17672B max: 17672B fast: 0B max: 0B
[42.287s][debug][gc,alloc,region   ] GC(105) Mutator Allocation stats, regions: 11, wasted size: 0B ( 0.0%)
[42.287s][debug][gc,age            ] GC(105) Desired survivor size 26738688 bytes, new threshold 15 (max threshold 15)
[42.287s][debug][gc,ergo,cset      ] GC(105) Finish choosing CSet. old: 0 regions, predicted old region time: 0.00ms, time remaining: 168.99
[42.287s][debug][gc,task,stats     ] GC(105) GC Termination Stats
[42.287s][debug][gc,task,stats     ] GC(105)      elapsed  --strong roots-- -------termination------- ------waste (KiB)------
[42.287s][debug][gc,task,stats     ] GC(105) thr     ms        ms      %        ms      %    attempts  total   alloc    undo
[42.287s][debug][gc,task,stats     ] GC(105) --- --------- --------- ------ --------- ------ -------- ------- ------- -------
[42.308s][debug][gc,task,stats     ] GC(105)   3     20.53     17.78  86.61      0.00   0.02        4       0       0       0
[42.308s][debug][gc,task,stats     ] GC(105)   0     20.77      4.67  22.49      0.08   0.41        7       0       0       0
[42.308s][debug][gc,task,stats     ] GC(105)   2     20.81     18.16  87.25      0.05   0.24        4       0       0       0
[42.308s][debug][gc,task,stats     ] GC(105)   1     20.91     18.06  86.36      0.05   0.25        6       0       0       0
[42.308s][debug][gc,ergo           ] GC(105) Running G1 Clear Card Table Task using 1 workers for 1 units of work for 34 regions.
[42.308s][debug][gc,ref            ] GC(105) Skipped phase1 of Reference Processing due to unavailable references
[42.308s][debug][gc,ref            ] GC(105) Skipped phase2 of Reference Processing due to unavailable references
[42.308s][debug][gc,ref            ] GC(105) Skipped phase3 of Reference Processing due to unavailable references
[42.308s][debug][gc,ref            ] GC(105) Skipped phase4 of Reference Processing due to unavailable references
[42.308s][debug][gc,ergo           ] GC(105) Running G1 Free Collection Set using 1 workers for collection set length 27
[42.309s][debug][gc,humongous      ] GC(105) Live humongous region 8 object size 524304 start 0x0000000780800000  with remset 0 code roots 0 is marked 0 reclaim candidate 0 type array 0
[42.309s][debug][gc,humongous      ] GC(105) Live humongous region 13 object size 1048592 start 0x0000000780d00000  with remset 0 code roots 0 is marked 0 reclaim candidate 0 type array 0
[42.309s][debug][gc,plab           ] GC(105) Young PLAB allocation: allocated: 16777216B, wasted: 712B, unused: 1020936B, used: 15755568B, undo waste: 0B, 
[42.309s][debug][gc,plab           ] GC(105) Young other allocation: region end waste: 0B, regions filled: 16, direct allocated: 0B, failure used: 0B, failure wasted: 0B
[42.309s][debug][gc,plab           ] GC(105) Young sizing: calculated: 3151112B, actual: 3151032B
[42.309s][debug][gc,plab           ] GC(105) Old PLAB allocation: allocated: 0B, wasted: 0B, unused: 0B, used: 0B, undo waste: 0B, 
[42.309s][debug][gc,plab           ] GC(105) Old other allocation: region end waste: 0B, regions filled: 0, direct allocated: 0B, failure used: 0B, failure wasted: 0B
[42.309s][debug][gc,plab           ] GC(105) Old sizing: calculated: 0B, actual: 2064B
[42.309s][debug][gc,alloc,stats    ] Old generation allocation in the last mutator period, old gen allocated: 0B, humongous allocated: 3145728B,old gen growth: 0B.
[42.309s][debug][gc,ihop           ] GC(105) Basic information (value update), threshold: 0B (0.00), target occupancy: 1561329664B, current occupancy: 69206016B, recent allocation size: 3145728B, recent allocation duration: 109.65ms, recent old gen allocation rate: 28688508.71B/s, recent marking phase length: 232.15ms
[42.309s][debug][gc,ihop           ] GC(105) Adaptive IHOP information (value update), threshold: 0B (0.00), internal target occupancy: 1483263180B, occupancy: 69206016B, additional buffer size: 408944640B, predicted old gen allocation rate: 3069429444.11B/s, predicted marking phase length: 354.98ms, prediction active: true
[42.309s][debug][gc,ergo,refine    ] GC(105) Updated Refinement Zones: green: 46, yellow: 138, red: 230
[42.309s][info ][gc,phases         ] GC(105)   Pre Evacuate Collection Set: 0.1ms
[42.309s][debug][gc,phases         ] GC(105)     Prepare TLABs: 0.0ms
[42.309s][debug][gc,phases         ] GC(105)     Choose Collection Set: 0.0ms
[42.309s][debug][gc,phases         ] GC(105)     Humongous Register: 0.0ms
[42.309s][debug][gc,phases         ] GC(105)     Clear Claimed Marks: 0.1ms
[42.309s][info ][gc,phases         ] GC(105)   Evacuate Collection Set: 21.1ms
[42.309s][debug][gc,phases         ] GC(105)     Ext Root Scanning (ms):   Min:  0.4, Avg:  0.4, Max:  0.4, Diff:  0.0, Sum:  1.6, Workers: 4
[42.309s][debug][gc,phases         ] GC(105)     Update RS (ms):           Min:  1.0, Avg:  1.4, Max:  2.5, Diff:  1.5, Sum:  5.6, Workers: 4
[42.309s][debug][gc,phases         ] GC(105)       Processed Buffers:        Min: 2, Avg:  4.5, Max: 12, Diff: 10, Sum: 18, Workers: 4
[42.309s][debug][gc,phases         ] GC(105)       Scanned Cards:            Min: 512, Avg: 776.8, Max: 1571, Diff: 1059, Sum: 3107, Workers: 4
[42.309s][debug][gc,phases         ] GC(105)       Skipped Cards:            Min: 0, Avg: 195.5, Max: 782, Diff: 782, Sum: 782, Workers: 4
[42.309s][debug][gc,phases         ] GC(105)     Scan RS (ms):             Min:  0.0, Avg:  0.1, Max:  0.3, Diff:  0.3, Sum:  0.3, Workers: 4
[42.309s][debug][gc,phases         ] GC(105)       Scanned Cards:            Min: 0, Avg: 39.0, Max: 156, Diff: 156, Sum: 156, Workers: 4
[42.309s][debug][gc,phases         ] GC(105)       Claimed Cards:            Min: 0, Avg: 259.0, Max: 1036, Diff: 1036, Sum: 1036, Workers: 4
[42.309s][debug][gc,phases         ] GC(105)       Skipped Cards:            Min: 0, Avg:  0.0, Max: 0, Diff: 0, Sum: 0, Workers: 4
[42.309s][debug][gc,phases         ] GC(105)     Code Root Scanning (ms):  Min:  0.0, Avg:  0.0, Max:  0.1, Diff:  0.1, Sum:  0.1, Workers: 4
[42.309s][debug][gc,phases         ] GC(105)     JVMCI Root Scan (ms):     skipped
[42.309s][debug][gc,phases         ] GC(105)     Object Copy (ms):         Min: 17.2, Avg: 18.6, Max: 19.1, Diff:  1.9, Sum: 74.4, Workers: 4
[42.309s][debug][gc,phases         ] GC(105)     Termination (ms):         Min:  0.0, Avg:  0.0, Max:  0.1, Diff:  0.1, Sum:  0.2, Workers: 4
[42.309s][debug][gc,phases         ] GC(105)       Termination Attempts:     Min: 4, Avg:  5.2, Max: 7, Diff: 3, Sum: 21, Workers: 4
[42.309s][debug][gc,phases         ] GC(105)     GC Worker Other (ms):     Min:  0.2, Avg:  0.3, Max:  0.4, Diff:  0.2, Sum:  1.1, Workers: 4
[42.309s][debug][gc,phases         ] GC(105)     GC Worker Total (ms):     Min: 20.7, Avg: 20.8, Max: 20.9, Diff:  0.3, Sum: 83.3, Workers: 4
[42.309s][info ][gc,phases         ] GC(105)   Post Evacuate Collection Set: 0.4ms
[42.309s][debug][gc,phases         ] GC(105)     Code Roots Fixup: 0.0ms
[42.309s][debug][gc,phases         ] GC(105)     Clear Card Table: 0.0ms
[42.309s][debug][gc,phases         ] GC(105)     Reference Processing: 0.1ms
[42.309s][debug][gc,phases,ref     ] GC(105)       Reconsider SoftReferences: 0.0ms
[42.309s][debug][gc,phases,ref     ] GC(105)         SoftRef (ms):             skipped
[42.309s][debug][gc,phases,ref     ] GC(105)       Notify Soft/WeakReferences: 0.0ms
[42.309s][debug][gc,phases,ref     ] GC(105)         SoftRef (ms):             skipped
[42.309s][debug][gc,phases,ref     ] GC(105)         WeakRef (ms):             skipped
[42.309s][debug][gc,phases,ref     ] GC(105)         FinalRef (ms):            skipped
[42.310s][debug][gc,phases,ref     ] GC(105)         Total (ms):               skipped
[42.310s][debug][gc,phases,ref     ] GC(105)       Notify and keep alive finalizable: 0.0ms
[42.310s][debug][gc,phases,ref     ] GC(105)         FinalRef (ms):            skipped
[42.310s][debug][gc,phases,ref     ] GC(105)       Notify PhantomReferences: 0.0ms
[42.310s][debug][gc,phases,ref     ] GC(105)         PhantomRef (ms):          skipped
[42.310s][debug][gc,phases,ref     ] GC(105)       SoftReference:
[42.310s][debug][gc,phases,ref     ] GC(105)         Discovered: 0
[42.310s][debug][gc,phases,ref     ] GC(105)         Cleared: 0
[42.310s][debug][gc,phases,ref     ] GC(105)       WeakReference:
[42.310s][debug][gc,phases,ref     ] GC(105)         Discovered: 0
[42.310s][debug][gc,phases,ref     ] GC(105)         Cleared: 0
[42.310s][debug][gc,phases,ref     ] GC(105)       FinalReference:
[42.310s][debug][gc,phases,ref     ] GC(105)         Discovered: 0
[42.310s][debug][gc,phases,ref     ] GC(105)         Cleared: 0
[42.310s][debug][gc,phases,ref     ] GC(105)       PhantomReference:
[42.310s][debug][gc,phases,ref     ] GC(105)         Discovered: 0
[42.310s][debug][gc,phases,ref     ] GC(105)         Cleared: 0
[42.310s][debug][gc,phases         ] GC(105)     Weak Processing: 0.0ms
[42.310s][debug][gc,phases         ] GC(105)     Merge Per-Thread State: 0.0ms
[42.310s][debug][gc,phases         ] GC(105)     Code Roots Purge: 0.0ms
[42.310s][debug][gc,phases         ] GC(105)     Redirty Cards: 0.1ms
[42.310s][debug][gc,phases         ] GC(105)     DerivedPointerTable Update: 0.0ms
[42.310s][debug][gc,phases         ] GC(105)     Free Collection Set: 0.2ms
[42.310s][debug][gc,phases         ] GC(105)     Humongous Reclaim: 0.0ms
[42.310s][debug][gc,phases         ] GC(105)     Start New Collection Set: 0.0ms
[42.310s][debug][gc,phases         ] GC(105)     Resize TLABs: 0.0ms
[42.310s][debug][gc,phases         ] GC(105)     Expand Heap After Collection: 0.0ms
[42.310s][info ][gc,phases         ] GC(105)   Other: 0.7ms
[42.310s][info ][gc,heap           ] GC(105) Eden regions: 11->0(374)
[42.310s][info ][gc,heap           ] GC(105) Survivor regions: 16->16(51)
[42.310s][info ][gc,heap           ] GC(105) Old regions: 47->47
[42.310s][info ][gc,heap           ] GC(105) Humongous regions: 3->3
[42.310s][info ][gc,metaspace      ] GC(105) Metaspace: 13331K->13331K(1060864K)
[42.310s][debug][gc,heap           ] GC(105) Heap after GC invocations=106 (full 0): garbage-first heap   total 1524736K, used 67584K [0x0000000780000000, 0x0000000800000000)
[42.310s][debug][gc,heap           ] GC(105)   region size 1024K, 16 young (16384K), 16 survivors (16384K)
[42.310s][debug][gc,heap           ] GC(105)  Metaspace       used 13331K, capacity 13735K, committed 13824K, reserved 1060864K
[42.310s][debug][gc,heap           ] GC(105)   class space    used 1352K, capacity 1515K, committed 1536K, reserved 1048576K
[42.311s][info ][gc                ] GC(105) Pause Young (Concurrent Start) (G1 Humongous Allocation) 76M->66M(1489M) 23.792ms
[42.311s][info ][gc,cpu            ] GC(105) User=0.08s Sys=0.01s Real=0.02s
[42.311s][info ][gc                ] GC(106) Concurrent Cycle
[42.311s][info ][gc,marking        ] GC(106) Concurrent Clear Claimed Marks
[42.311s][info ][gc,marking        ] GC(106) Concurrent Clear Claimed Marks 0.085ms
[42.311s][info ][gc,marking        ] GC(106) Concurrent Scan Root Regions
[42.311s][debug][gc,ergo           ] GC(106) Running G1 Root Region Scan using 1 workers for 16 work units.
[42.323s][info ][gc,marking        ] GC(106) Concurrent Scan Root Regions 12.469ms
[42.323s][info ][gc,marking        ] GC(106) Concurrent Mark (42.323s)
[42.323s][info ][gc,marking        ] GC(106) Concurrent Mark From Roots
[42.323s][info ][gc,task           ] GC(106) Using 1 workers of 1 for marking
[42.331s][debug][gc,stats          ] ---------------------------------------------------------------------
[42.331s][debug][gc,stats          ] Marking Stats, task = 0, calls = 1
[42.331s][debug][gc,stats          ]   Elapsed time = 7.75ms, Termination time = 0.00ms
[42.331s][debug][gc,stats          ]   Step Times (cum): num = 765, avg = 0.51ms, sd = 1.92ms max = 9.88ms, total = 386.55ms
[42.331s][debug][gc,stats          ]   Mark Stats Cache: hits 60180 misses 45 ratio 99.925
[42.331s][debug][gc,stats          ] ---------------------------------------------------------------------
[42.331s][info ][gc,marking        ] GC(106) Concurrent Mark From Roots 7.983ms
[42.331s][info ][gc,marking        ] GC(106) Concurrent Preclean
[42.331s][debug][gc,ref,start      ] GC(106) Preclean SoftReferences
[42.332s][debug][gc,ref            ] GC(106) Preclean SoftReferences 0.020ms
[42.332s][debug][gc,ref,start      ] GC(106) Preclean WeakReferences
[42.332s][debug][gc,ref            ] GC(106) Preclean WeakReferences 0.021ms
[42.332s][debug][gc,ref,start      ] GC(106) Preclean FinalReferences
[42.332s][debug][gc,ref            ] GC(106) Preclean FinalReferences 0.016ms
[42.332s][debug][gc,ref,start      ] GC(106) Preclean PhantomReferences
[42.332s][debug][gc,ref            ] GC(106) Preclean PhantomReferences 0.016ms
[42.332s][info ][gc,marking        ] GC(106) Concurrent Preclean 0.145ms
[42.332s][info ][gc,marking        ] GC(106) Concurrent Mark (42.323s, 42.332s) 8.182ms
[42.332s][info ][gc,start          ] GC(106) Pause Remark
[42.332s][debug][gc,phases,start   ] GC(106) Finalize Marking
[42.332s][debug][gc,stats          ] ---------------------------------------------------------------------
[42.332s][debug][gc,stats          ] Marking Stats, task = 0, calls = 18
[42.332s][debug][gc,stats          ]   Elapsed time = 0.07ms, Termination time = 0.05ms
[42.332s][debug][gc,stats          ]   Step Times (cum): num = 782, avg = 0.49ms, sd = 1.90ms max = 9.88ms, total = 386.61ms
[42.332s][debug][gc,stats          ]   Mark Stats Cache: hits 60180 misses 45 ratio 99.925
[42.332s][debug][gc,stats          ] ---------------------------------------------------------------------
[42.332s][debug][gc,stats          ] Marking Stats, task = 1, calls = 1
[42.332s][debug][gc,stats          ]   Elapsed time = 0.08ms, Termination time = 0.06ms
[42.332s][debug][gc,stats          ]   Step Times (cum): num = 44, avg = 0.17ms, sd = 0.22ms max = 0.77ms, total = 7.37ms
[42.332s][debug][gc,stats          ]   Mark Stats Cache: hits 38 misses 2 ratio 95.000
[42.332s][debug][gc,stats          ] ---------------------------------------------------------------------
[42.332s][debug][gc,stats          ] Marking Stats, task = 2, calls = 1
[42.332s][debug][gc,stats          ]   Elapsed time = 0.01ms, Termination time = 0.00ms
[42.332s][debug][gc,stats          ]   Step Times (cum): num = 43, avg = 0.13ms, sd = 0.23ms max = 0.75ms, total = 5.52ms
[42.332s][debug][gc,stats          ]   Mark Stats Cache: hits 54 misses 3 ratio 94.737
[42.332s][debug][gc,stats          ] ---------------------------------------------------------------------
[42.332s][debug][gc,stats          ] Marking Stats, task = 3, calls = 1
[42.332s][debug][gc,stats          ]   Elapsed time = 0.01ms, Termination time = 0.00ms
[42.332s][debug][gc,stats          ]   Step Times (cum): num = 41, avg = 0.01ms, sd = 0.01ms max = 0.08ms, total = 0.25ms
[42.332s][debug][gc,stats          ]   Mark Stats Cache: hits 111 misses 3 ratio 97.368
[42.332s][debug][gc,stats          ] ---------------------------------------------------------------------
[42.332s][debug][gc,phases         ] GC(106) Finalize Marking 0.464ms
[42.332s][debug][gc,phases,start   ] GC(106) Reference Processing
[42.332s][debug][gc,ref            ] GC(106) Skipped phase1 of Reference Processing due to unavailable references
[42.332s][debug][gc,ref            ] GC(106) Skipped phase2 of Reference Processing due to unavailable references
[42.332s][debug][gc,ref            ] GC(106) Skipped phase3 of Reference Processing due to unavailable references
[42.332s][debug][gc,ref            ] GC(106) Skipped phase4 of Reference Processing due to unavailable references
[42.332s][debug][gc,phases,ref     ] GC(106) Reference Processing: 0.1ms
[42.332s][debug][gc,phases,ref     ] GC(106)   Reconsider SoftReferences: 0.0ms
[42.332s][debug][gc,phases,ref     ] GC(106)     SoftRef (ms):             skipped
[42.332s][debug][gc,phases,ref     ] GC(106)   Notify Soft/WeakReferences: 0.0ms
[42.332s][debug][gc,phases,ref     ] GC(106)     SoftRef (ms):             skipped
[42.332s][debug][gc,phases,ref     ] GC(106)     WeakRef (ms):             skipped
[42.332s][debug][gc,phases,ref     ] GC(106)     FinalRef (ms):            skipped
[42.332s][debug][gc,phases,ref     ] GC(106)     Total (ms):               skipped
[42.332s][debug][gc,phases,ref     ] GC(106)   Notify and keep alive finalizable: 0.0ms
[42.332s][debug][gc,phases,ref     ] GC(106)     FinalRef (ms):            skipped
[42.333s][debug][gc,phases,ref     ] GC(106)   Notify PhantomReferences: 0.0ms
[42.333s][debug][gc,phases,ref     ] GC(106)     PhantomRef (ms):          skipped
[42.333s][debug][gc,phases,ref     ] GC(106)   SoftReference:
[42.333s][debug][gc,phases,ref     ] GC(106)     Discovered: 0
[42.333s][debug][gc,phases,ref     ] GC(106)     Cleared: 0
[42.333s][debug][gc,phases,ref     ] GC(106)   WeakReference:
[42.333s][debug][gc,phases,ref     ] GC(106)     Discovered: 0
[42.333s][debug][gc,phases,ref     ] GC(106)     Cleared: 0
[42.333s][debug][gc,phases,ref     ] GC(106)   FinalReference:
[42.333s][debug][gc,phases,ref     ] GC(106)     Discovered: 0
[42.333s][debug][gc,phases,ref     ] GC(106)     Cleared: 0
[42.333s][debug][gc,phases,ref     ] GC(106)   PhantomReference:
[42.333s][debug][gc,phases,ref     ] GC(106)     Discovered: 0
[42.333s][debug][gc,phases,ref     ] GC(106)     Cleared: 0
[42.333s][debug][gc,phases         ] GC(106) Reference Processing 0.398ms
[42.333s][debug][gc,phases,start   ] GC(106) Weak Processing
[42.333s][debug][gc,phases         ] GC(106) Weak Processing 0.028ms
[42.333s][debug][gc,phases,start   ] GC(106) Class Unloading
[42.333s][debug][gc,phases,start   ] GC(106) ClassLoaderData
[42.333s][debug][gc,phases         ] GC(106) ClassLoaderData 0.061ms
[42.333s][debug][gc,phases,start   ] GC(106) ProtectionDomainCacheTable
[42.333s][debug][gc,phases         ] GC(106) ProtectionDomainCacheTable 0.015ms
[42.335s][info ][gc,stringtable    ] GC(106) Cleaned string and symbol table, strings: 6182 processed, 0 removed, symbols: 45233 processed, 0 removed
[42.335s][debug][gc,phases         ] GC(106) Class Unloading 2.401ms
[42.335s][debug][gc,phases,start   ] GC(106) Flush Task Caches
[42.335s][debug][gc,stats          ] Mark stats cache hits 60383 misses 53 ratio 99.912
[42.335s][debug][gc,phases         ] GC(106) Flush Task Caches 0.057ms
[42.335s][debug][gc,phases,start   ] GC(106) Update Remembered Set Tracking Before Rebuild
[42.335s][debug][gc,ergo           ] GC(106) Running G1 Update RemSet Tracking Before Rebuild using 4 workers for 1489 regions in heap
[42.336s][debug][gc,remset,tracking] GC(106) Remembered Set Tracking update regions total 1489, selected 47
[42.336s][debug][gc,phases         ] GC(106) Update Remembered Set Tracking Before Rebuild 0.307ms
[42.336s][debug][gc,phases,start   ] GC(106) Reclaim Empty Regions
[42.336s][debug][gc                ] GC(106) Reclaimed 3 empty regions
[42.336s][debug][gc,phases         ] GC(106) Reclaim Empty Regions 0.137ms
[42.336s][debug][gc,phases,start   ] GC(106) Purge Metaspace
[42.336s][debug][gc,phases         ] GC(106) Purge Metaspace 0.014ms
[42.336s][debug][gc,phases,start   ] GC(106) Report Object Count
[42.336s][debug][gc,phases         ] GC(106) Report Object Count 0.014ms
[42.336s][info ][gc                ] GC(106) Pause Remark 74M->71M(1489M) 4.037ms
[42.336s][info ][gc,cpu            ] GC(106) User=0.01s Sys=0.00s Real=0.01s
[42.336s][info ][gc,marking        ] GC(106) Concurrent Rebuild Remembered Sets
[42.344s][info ][gc,marking        ] GC(106) Concurrent Rebuild Remembered Sets 8.523ms
[42.345s][info ][gc,start          ] GC(106) Pause Cleanup
[42.345s][debug][gc,phases,start   ] GC(106) Update Remembered Set Tracking After Rebuild
[42.345s][debug][gc,phases         ] GC(106) Update Remembered Set Tracking After Rebuild 0.058ms
[42.345s][debug][gc,phases,start   ] GC(106) Finalize Concurrent Mark Cleanup
[42.345s][debug][gc,ergo           ] GC(106) request young-only gcs (reclaimable percentage not over threshold). candidate old regions: 46 reclaimable: 46592016 (2.98) threshold: 5
[42.345s][debug][gc,phases         ] GC(106) Finalize Concurrent Mark Cleanup 0.215ms
[42.345s][info ][gc                ] GC(106) Pause Cleanup 71M->71M(1489M) 0.387ms
[42.345s][info ][gc,cpu            ] GC(106) User=0.00s Sys=0.00s Real=0.00s
[42.345s][info ][gc,marking        ] GC(106) Concurrent Cleanup for Next Mark
[42.345s][debug][gc,ergo           ] GC(106) Running G1 Clear Bitmap with 1 workers for 24 work units.
[42.348s][info ][gc,marking        ] GC(106) Concurrent Cleanup for Next Mark 2.479ms
[42.348s][info ][gc                ] GC(106) Concurrent Cycle 36.967ms
[42.428s][debug][gc,ergo,ihop      ] Request concurrent cycle initiation (occupancy higher than threshold) occupancy: 52428800B allocation request: 524304B threshold: 0B (0.00) source: concurrent humongous allocation
[42.428s][debug][gc,ergo           ] Request concurrent cycle initiation (requested by GC cause). GC cause: G1 Humongous Allocation
[42.428s][debug][gc,heap           ] GC(107) Heap before GC invocations=107 (full 0): garbage-first heap   total 1524736K, used 77824K [0x0000000780000000, 0x0000000800000000)
[42.428s][debug][gc,heap           ] GC(107)   region size 1024K, 27 young (27648K), 16 survivors (16384K)
[42.428s][debug][gc,heap           ] GC(107)  Metaspace       used 13331K, capacity 13735K, committed 13824K, reserved 1060864K
[42.428s][debug][gc,heap           ] GC(107)   class space    used 1352K, capacity 1515K, committed 1536K, reserved 1048576K
[42.428s][debug][gc,ergo           ] GC(107) Initiate concurrent cycle (concurrent cycle initiation requested)
[42.428s][info ][gc,start          ] GC(107) Pause Young (Concurrent Start) (G1 Humongous Allocation)
[42.428s][info ][gc,task           ] GC(107) Using 4 workers of 4 for evacuation
[42.428s][debug][gc,tlab           ] GC(107) TLAB totals: thrds: 1  refills: 31 max: 31 slow allocs: 3 max 3 waste:  0.9% gc: 80072B max: 80072B slow: 17672B max: 17672B fast: 0B max: 0B
[42.428s][debug][gc,alloc,region   ] GC(107) Mutator Allocation stats, regions: 11, wasted size: 0B ( 0.0%)
[42.428s][debug][gc,age            ] GC(107) Desired survivor size 25690112 bytes, new threshold 15 (max threshold 15)
[42.428s][debug][gc,ergo,cset      ] GC(107) Finish choosing CSet. old: 0 regions, predicted old region time: 0.00ms, time remaining: 176.01
[42.428s][debug][gc,task,stats     ] GC(107) GC Termination Stats
[42.428s][debug][gc,task,stats     ] GC(107)      elapsed  --strong roots-- -------termination------- ------waste (KiB)------
[42.428s][debug][gc,task,stats     ] GC(107) thr     ms        ms      %        ms      %    attempts  total   alloc    undo
[42.428s][debug][gc,task,stats     ] GC(107) --- --------- --------- ------ --------- ------ -------- ------- ------- -------
[42.446s][debug][gc,task,stats     ] GC(107)   0     18.02     15.33  85.10      0.01   0.04        5       0       0       0
[42.447s][debug][gc,task,stats     ] GC(107)   3     17.71     15.21  85.89      0.01   0.05        5       0       0       0
[42.447s][debug][gc,task,stats     ] GC(107)   2     18.13     15.07  83.09      0.02   0.09        7       0       0       0
[42.447s][debug][gc,task,stats     ] GC(107)   1     18.20      3.50  19.23      0.02   0.12        6       0       0       0
[42.447s][debug][gc,ergo           ] GC(107) Running G1 Clear Card Table Task using 1 workers for 1 units of work for 34 regions.
[42.447s][debug][gc,ref            ] GC(107) Skipped phase1 of Reference Processing due to unavailable references
[42.447s][debug][gc,ref            ] GC(107) Skipped phase2 of Reference Processing due to unavailable references
[42.447s][debug][gc,ref            ] GC(107) Skipped phase3 of Reference Processing due to unavailable references
[42.447s][debug][gc,ref            ] GC(107) Skipped phase4 of Reference Processing due to unavailable references
[42.447s][debug][gc,ergo           ] GC(107) Running G1 Free Collection Set using 1 workers for collection set length 27
[42.447s][debug][gc,humongous      ] GC(107) Live humongous region 5 object size 524304 start 0x0000000780500000  with remset 0 code roots 0 is marked 0 reclaim candidate 0 type array 0
[42.447s][debug][gc,humongous      ] GC(107) Live humongous region 6 object size 1048592 start 0x0000000780600000  with remset 0 code roots 0 is marked 0 reclaim candidate 0 type array 0
[42.447s][debug][gc,plab           ] GC(107) Young PLAB allocation: allocated: 16777216B, wasted: 672B, unused: 1020976B, used: 15755568B, undo waste: 0B, 
[42.447s][debug][gc,plab           ] GC(107) Young other allocation: region end waste: 0B, regions filled: 16, direct allocated: 0B, failure used: 0B, failure wasted: 0B
[42.447s][debug][gc,plab           ] GC(107) Young sizing: calculated: 3151112B, actual: 3151088B
[42.447s][debug][gc,plab           ] GC(107) Old PLAB allocation: allocated: 0B, wasted: 0B, unused: 0B, used: 0B, undo waste: 0B, 
[42.447s][debug][gc,plab           ] GC(107) Old other allocation: region end waste: 0B, regions filled: 0, direct allocated: 0B, failure used: 0B, failure wasted: 0B
[42.447s][debug][gc,plab           ] GC(107) Old sizing: calculated: 0B, actual: 2064B
[42.447s][debug][gc,ergo,heap      ] GC(107) Attempt heap expansion (recent GC overhead higher than threshold after GC) recent GC overhead: 9.01 % threshold: 7.69 % uncommitted: 586153984B base expansion amount and scale: 117230796B (20.00%)
[42.447s][debug][gc,ergo,heap      ] GC(107) Expand the heap. requested expansion amount: 23446159B expansion amount: 24117248B
[42.448s][debug][gc,ihop           ] GC(107) Target occupancy update: old: 1561329664B, new: 1585446912B
[42.448s][debug][gc,alloc,stats    ] Old generation allocation in the last mutator period, old gen allocated: 0B, humongous allocated: 3145728B,old gen growth: 0B.
[42.448s][debug][gc,ihop           ] GC(107) Basic information (value update), threshold: 8514107B (0.54), target occupancy: 1585446912B, current occupancy: 69206016B, recent allocation size: 3145728B, recent allocation duration: 115.12ms, recent old gen allocation rate: 27325187.07B/s, recent marking phase length: 232.15ms
[42.448s][debug][gc,ihop           ] GC(107) Adaptive IHOP information (value update), threshold: 8514107B (0.57), internal target occupancy: 1506174566B, occupancy: 69206016B, additional buffer size: 444596224B, predicted old gen allocation rate: 2966581580.24B/s, predicted marking phase length: 354.98ms, prediction active: true
[42.448s][debug][gc,ergo,refine    ] GC(107) Updated Refinement Zones: green: 46, yellow: 138, red: 230
[42.448s][info ][gc,phases         ] GC(107)   Pre Evacuate Collection Set: 0.1ms
[42.448s][debug][gc,phases         ] GC(107)     Prepare TLABs: 0.0ms
[42.448s][debug][gc,phases         ] GC(107)     Choose Collection Set: 0.0ms
[42.448s][debug][gc,phases         ] GC(107)     Humongous Register: 0.0ms
[42.448s][debug][gc,phases         ] GC(107)     Clear Claimed Marks: 0.0ms
[42.448s][info ][gc,phases         ] GC(107)   Evacuate Collection Set: 18.3ms
[42.448s][debug][gc,phases         ] GC(107)     Ext Root Scanning (ms):   Min:  0.1, Avg:  0.4, Max:  0.5, Diff:  0.4, Sum:  1.5, Workers: 4
[42.448s][debug][gc,phases         ] GC(107)     Update RS (ms):           Min:  0.8, Avg:  1.1, Max:  1.7, Diff:  0.9, Sum:  4.2, Workers: 4
[42.448s][debug][gc,phases         ] GC(107)       Processed Buffers:        Min: 3, Avg:  4.5, Max: 9, Diff: 6, Sum: 18, Workers: 4
[42.448s][debug][gc,phases         ] GC(107)       Scanned Cards:            Min: 512, Avg: 776.8, Max: 1571, Diff: 1059, Sum: 3107, Workers: 4
[42.448s][debug][gc,phases         ] GC(107)       Skipped Cards:            Min: 15, Avg: 195.5, Max: 256, Diff: 241, Sum: 782, Workers: 4
[42.448s][debug][gc,phases         ] GC(107)     Scan RS (ms):             Min:  0.0, Avg:  0.1, Max:  0.2, Diff:  0.2, Sum:  0.2, Workers: 4
[42.448s][debug][gc,phases         ] GC(107)       Scanned Cards:            Min: 0, Avg: 36.5, Max: 146, Diff: 146, Sum: 146, Workers: 4
[42.448s][debug][gc,phases         ] GC(107)       Claimed Cards:            Min: 0, Avg: 262.0, Max: 1048, Diff: 1048, Sum: 1048, Workers: 4
[42.448s][debug][gc,phases         ] GC(107)       Skipped Cards:            Min: 0, Avg:  0.0, Max: 0, Diff: 0, Sum: 0, Workers: 4
[42.448s][debug][gc,phases         ] GC(107)     Code Root Scanning (ms):  Min:  0.0, Avg:  0.0, Max:  0.1, Diff:  0.1, Sum:  0.1, Workers: 4
[42.448s][debug][gc,phases         ] GC(107)     JVMCI Root Scan (ms):     skipped
[42.448s][debug][gc,phases         ] GC(107)     Object Copy (ms):         Min: 15.5, Avg: 16.4, Max: 16.7, Diff:  1.2, Sum: 65.5, Workers: 4
[42.448s][debug][gc,phases         ] GC(107)     Termination (ms):         Min:  0.0, Avg:  0.0, Max:  0.0, Diff:  0.0, Sum:  0.1, Workers: 4
[42.448s][debug][gc,phases         ] GC(107)       Termination Attempts:     Min: 5, Avg:  5.8, Max: 7, Diff: 2, Sum: 23, Workers: 4
[42.448s][debug][gc,phases         ] GC(107)     GC Worker Other (ms):     Min:  0.1, Avg:  0.2, Max:  0.2, Diff:  0.1, Sum:  0.7, Workers: 4
[42.448s][debug][gc,phases         ] GC(107)     GC Worker Total (ms):     Min: 17.7, Avg: 18.1, Max: 18.2, Diff:  0.5, Sum: 72.2, Workers: 4
[42.448s][info ][gc,phases         ] GC(107)   Post Evacuate Collection Set: 0.9ms
[42.448s][debug][gc,phases         ] GC(107)     Code Roots Fixup: 0.0ms
[42.448s][debug][gc,phases         ] GC(107)     Clear Card Table: 0.0ms
[42.448s][debug][gc,phases         ] GC(107)     Reference Processing: 0.1ms
[42.448s][debug][gc,phases,ref     ] GC(107)       Reconsider SoftReferences: 0.0ms
[42.448s][debug][gc,phases,ref     ] GC(107)         SoftRef (ms):             skipped
[42.448s][debug][gc,phases,ref     ] GC(107)       Notify Soft/WeakReferences: 0.0ms
[42.448s][debug][gc,phases,ref     ] GC(107)         SoftRef (ms):             skipped
[42.448s][debug][gc,phases,ref     ] GC(107)         WeakRef (ms):             skipped
[42.448s][debug][gc,phases,ref     ] GC(107)         FinalRef (ms):            skipped
[42.448s][debug][gc,phases,ref     ] GC(107)         Total (ms):               skipped
[42.448s][debug][gc,phases,ref     ] GC(107)       Notify and keep alive finalizable: 0.0ms
[42.448s][debug][gc,phases,ref     ] GC(107)         FinalRef (ms):            skipped
[42.448s][debug][gc,phases,ref     ] GC(107)       Notify PhantomReferences: 0.0ms
[42.448s][debug][gc,phases,ref     ] GC(107)         PhantomRef (ms):          skipped
[42.448s][debug][gc,phases,ref     ] GC(107)       SoftReference:
[42.448s][debug][gc,phases,ref     ] GC(107)         Discovered: 0
[42.448s][debug][gc,phases,ref     ] GC(107)         Cleared: 0
[42.448s][debug][gc,phases,ref     ] GC(107)       WeakReference:
[42.449s][debug][gc,phases,ref     ] GC(107)         Discovered: 0
[42.449s][debug][gc,phases,ref     ] GC(107)         Cleared: 0
[42.449s][debug][gc,phases,ref     ] GC(107)       FinalReference:
[42.449s][debug][gc,phases,ref     ] GC(107)         Discovered: 0
[42.449s][debug][gc,phases,ref     ] GC(107)         Cleared: 0
[42.449s][debug][gc,phases,ref     ] GC(107)       PhantomReference:
[42.449s][debug][gc,phases,ref     ] GC(107)         Discovered: 0
[42.449s][debug][gc,phases,ref     ] GC(107)         Cleared: 0
[42.449s][debug][gc,phases         ] GC(107)     Weak Processing: 0.0ms
[42.449s][debug][gc,phases         ] GC(107)     Merge Per-Thread State: 0.0ms
[42.449s][debug][gc,phases         ] GC(107)     Code Roots Purge: 0.0ms
[42.449s][debug][gc,phases         ] GC(107)     Redirty Cards: 0.0ms
[42.449s][debug][gc,phases         ] GC(107)     DerivedPointerTable Update: 0.0ms
[42.449s][debug][gc,phases         ] GC(107)     Free Collection Set: 0.2ms
[42.449s][debug][gc,phases         ] GC(107)     Humongous Reclaim: 0.1ms
[42.449s][debug][gc,phases         ] GC(107)     Start New Collection Set: 0.0ms
[42.449s][debug][gc,phases         ] GC(107)     Resize TLABs: 0.0ms
[42.449s][debug][gc,phases         ] GC(107)     Expand Heap After Collection: 0.5ms
[42.449s][info ][gc,phases         ] GC(107)   Other: 0.7ms
[42.449s][info ][gc,heap           ] GC(107) Eden regions: 11->0(408)
[42.449s][info ][gc,heap           ] GC(107) Survivor regions: 16->16(49)
[42.449s][info ][gc,heap           ] GC(107) Old regions: 47->47
[42.449s][info ][gc,heap           ] GC(107) Humongous regions: 3->3
[42.449s][info ][gc,metaspace      ] GC(107) Metaspace: 13331K->13331K(1060864K)
[42.449s][debug][gc,heap           ] GC(107) Heap after GC invocations=108 (full 0): garbage-first heap   total 1548288K, used 67584K [0x0000000780000000, 0x0000000800000000)
[42.449s][debug][gc,heap           ] GC(107)   region size 1024K, 16 young (16384K), 16 survivors (16384K)
[42.449s][debug][gc,heap           ] GC(107)  Metaspace       used 13331K, capacity 13735K, committed 13824K, reserved 1060864K
[42.449s][debug][gc,heap           ] GC(107)   class space    used 1352K, capacity 1515K, committed 1536K, reserved 1048576K
[42.449s][info ][gc                ] GC(107) Pause Young (Concurrent Start) (G1 Humongous Allocation) 76M->66M(1512M) 20.869ms
[42.449s][info ][gc,cpu            ] GC(107) User=0.08s Sys=0.00s Real=0.02s
[42.449s][info ][gc                ] GC(108) Concurrent Cycle
[42.449s][info ][gc,marking        ] GC(108) Concurrent Clear Claimed Marks
[42.449s][info ][gc,marking        ] GC(108) Concurrent Clear Claimed Marks 0.089ms
[42.449s][info ][gc,marking        ] GC(108) Concurrent Scan Root Regions
[42.449s][debug][gc,ergo           ] GC(108) Running G1 Root Region Scan using 1 workers for 16 work units.
[42.461s][info ][gc,marking        ] GC(108) Concurrent Scan Root Regions 12.181ms
[42.461s][info ][gc,marking        ] GC(108) Concurrent Mark (42.461s)
[42.461s][info ][gc,marking        ] GC(108) Concurrent Mark From Roots
[42.461s][info ][gc,task           ] GC(108) Using 1 workers of 1 for marking
[42.469s][debug][gc,stats          ] ---------------------------------------------------------------------
[42.469s][debug][gc,stats          ] Marking Stats, task = 0, calls = 1
[42.469s][debug][gc,stats          ]   Elapsed time = 7.43ms, Termination time = 0.00ms
[42.469s][debug][gc,stats          ]   Step Times (cum): num = 783, avg = 0.50ms, sd = 1.91ms max = 9.88ms, total = 394.04ms
[42.469s][debug][gc,stats          ]   Mark Stats Cache: hits 60181 misses 45 ratio 99.925
[42.469s][debug][gc,stats          ] ---------------------------------------------------------------------
[42.469s][info ][gc,marking        ] GC(108) Concurrent Mark From Roots 7.663ms
[42.469s][info ][gc,marking        ] GC(108) Concurrent Preclean
[42.469s][debug][gc,ref,start      ] GC(108) Preclean SoftReferences
[42.469s][debug][gc,ref            ] GC(108) Preclean SoftReferences 0.020ms
[42.469s][debug][gc,ref,start      ] GC(108) Preclean WeakReferences
[42.469s][debug][gc,ref            ] GC(108) Preclean WeakReferences 0.021ms
[42.469s][debug][gc,ref,start      ] GC(108) Preclean FinalReferences
[42.469s][debug][gc,ref            ] GC(108) Preclean FinalReferences 0.016ms
[42.469s][debug][gc,ref,start      ] GC(108) Preclean PhantomReferences
[42.469s][debug][gc,ref            ] GC(108) Preclean PhantomReferences 0.017ms
[42.469s][info ][gc,marking        ] GC(108) Concurrent Preclean 0.146ms
[42.469s][info ][gc,marking        ] GC(108) Concurrent Mark (42.461s, 42.469s) 7.854ms
[42.469s][info ][gc,start          ] GC(108) Pause Remark
[42.470s][debug][gc,phases,start   ] GC(108) Finalize Marking
[42.470s][debug][gc,stats          ] ---------------------------------------------------------------------
[42.470s][debug][gc,stats          ] Marking Stats, task = 0, calls = 18
[42.470s][debug][gc,stats          ]   Elapsed time = 0.06ms, Termination time = 0.04ms
[42.470s][debug][gc,stats          ]   Step Times (cum): num = 800, avg = 0.49ms, sd = 1.89ms max = 9.88ms, total = 394.09ms
[42.470s][debug][gc,stats          ]   Mark Stats Cache: hits 60181 misses 45 ratio 99.925
[42.470s][debug][gc,stats          ] ---------------------------------------------------------------------
[42.470s][debug][gc,stats          ] Marking Stats, task = 1, calls = 1
[42.470s][debug][gc,stats          ]   Elapsed time = 0.08ms, Termination time = 0.06ms
[42.470s][debug][gc,stats          ]   Step Times (cum): num = 45, avg = 0.17ms, sd = 0.21ms max = 0.77ms, total = 7.43ms
[42.470s][debug][gc,stats          ]   Mark Stats Cache: hits 179 misses 4 ratio 97.814
[42.470s][debug][gc,stats          ] ---------------------------------------------------------------------
[42.470s][debug][gc,stats          ] Marking Stats, task = 2, calls = 1
[42.470s][debug][gc,stats          ]   Elapsed time = 0.01ms, Termination time = 0.00ms
[42.470s][debug][gc,stats          ]   Step Times (cum): num = 44, avg = 0.13ms, sd = 0.22ms max = 0.75ms, total = 5.52ms
[42.470s][debug][gc,stats          ]   Mark Stats Cache: hits 26 misses 1 ratio 96.296
[42.470s][debug][gc,stats          ] ---------------------------------------------------------------------
[42.470s][debug][gc,stats          ] Marking Stats, task = 3, calls = 1
[42.470s][debug][gc,stats          ]   Elapsed time = 0.01ms, Termination time = 0.00ms
[42.470s][debug][gc,stats          ]   Step Times (cum): num = 42, avg = 0.01ms, sd = 0.01ms max = 0.08ms, total = 0.25ms
[42.470s][debug][gc,stats          ]   Mark Stats Cache: hits 0 misses 0 ratio 0.000
[42.470s][debug][gc,stats          ] ---------------------------------------------------------------------
[42.470s][debug][gc,phases         ] GC(108) Finalize Marking 0.414ms
[42.470s][debug][gc,phases,start   ] GC(108) Reference Processing
[42.470s][debug][gc,ref            ] GC(108) Skipped phase1 of Reference Processing due to unavailable references
[42.470s][debug][gc,ref            ] GC(108) Skipped phase2 of Reference Processing due to unavailable references
[42.470s][debug][gc,ref            ] GC(108) Skipped phase3 of Reference Processing due to unavailable references
[42.470s][debug][gc,ref            ] GC(108) Skipped phase4 of Reference Processing due to unavailable references
[42.470s][debug][gc,phases,ref     ] GC(108) Reference Processing: 0.1ms
[42.470s][debug][gc,phases,ref     ] GC(108)   Reconsider SoftReferences: 0.0ms
[42.470s][debug][gc,phases,ref     ] GC(108)     SoftRef (ms):             skipped
[42.470s][debug][gc,phases,ref     ] GC(108)   Notify Soft/WeakReferences: 0.0ms
[42.470s][debug][gc,phases,ref     ] GC(108)     SoftRef (ms):             skipped
[42.470s][debug][gc,phases,ref     ] GC(108)     WeakRef (ms):             skipped
[42.470s][debug][gc,phases,ref     ] GC(108)     FinalRef (ms):            skipped
[42.470s][debug][gc,phases,ref     ] GC(108)     Total (ms):               skipped
[42.470s][debug][gc,phases,ref     ] GC(108)   Notify and keep alive finalizable: 0.0ms
[42.470s][debug][gc,phases,ref     ] GC(108)     FinalRef (ms):            skipped
[42.470s][debug][gc,phases,ref     ] GC(108)   Notify PhantomReferences: 0.0ms
[42.470s][debug][gc,phases,ref     ] GC(108)     PhantomRef (ms):          skipped
[42.470s][debug][gc,phases,ref     ] GC(108)   SoftReference:
[42.470s][debug][gc,phases,ref     ] GC(108)     Discovered: 0
[42.470s][debug][gc,phases,ref     ] GC(108)     Cleared: 0
[42.470s][debug][gc,phases,ref     ] GC(108)   WeakReference:
[42.470s][debug][gc,phases,ref     ] GC(108)     Discovered: 0
[42.470s][debug][gc,phases,ref     ] GC(108)     Cleared: 0
[42.470s][debug][gc,phases,ref     ] GC(108)   FinalReference:
[42.470s][debug][gc,phases,ref     ] GC(108)     Discovered: 0
[42.470s][debug][gc,phases,ref     ] GC(108)     Cleared: 0
[42.470s][debug][gc,phases,ref     ] GC(108)   PhantomReference:
[42.470s][debug][gc,phases,ref     ] GC(108)     Discovered: 0
[42.470s][debug][gc,phases,ref     ] GC(108)     Cleared: 0
[42.470s][debug][gc,phases         ] GC(108) Reference Processing 0.408ms
[42.470s][debug][gc,phases,start   ] GC(108) Weak Processing
[42.470s][debug][gc,phases         ] GC(108) Weak Processing 0.028ms
[42.470s][debug][gc,phases,start   ] GC(108) Class Unloading
[42.470s][debug][gc,phases,start   ] GC(108) ClassLoaderData
[42.470s][debug][gc,phases         ] GC(108) ClassLoaderData 0.059ms
[42.470s][debug][gc,phases,start   ] GC(108) ProtectionDomainCacheTable
[42.470s][debug][gc,phases         ] GC(108) ProtectionDomainCacheTable 0.015ms
[42.472s][info ][gc,stringtable    ] GC(108) Cleaned string and symbol table, strings: 6182 processed, 0 removed, symbols: 45233 processed, 0 removed
[42.472s][debug][gc,phases         ] GC(108) Class Unloading 1.839ms
[42.472s][debug][gc,phases,start   ] GC(108) Flush Task Caches
[42.472s][debug][gc,stats          ] Mark stats cache hits 60386 misses 50 ratio 99.917
[42.472s][debug][gc,phases         ] GC(108) Flush Task Caches 0.048ms
[42.472s][debug][gc,phases,start   ] GC(108) Update Remembered Set Tracking Before Rebuild
[42.472s][debug][gc,ergo           ] GC(108) Running G1 Update RemSet Tracking Before Rebuild using 4 workers for 1512 regions in heap
[42.473s][debug][gc,remset,tracking] GC(108) Remembered Set Tracking update regions total 1512, selected 47
[42.473s][debug][gc,phases         ] GC(108) Update Remembered Set Tracking Before Rebuild 0.277ms
[42.473s][debug][gc,phases,start   ] GC(108) Reclaim Empty Regions
[42.473s][debug][gc                ] GC(108) Reclaimed 3 empty regions
[42.473s][debug][gc,phases         ] GC(108) Reclaim Empty Regions 0.147ms
[42.473s][debug][gc,phases,start   ] GC(108) Purge Metaspace
[42.473s][debug][gc,phases         ] GC(108) Purge Metaspace 0.015ms
[42.473s][debug][gc,phases,start   ] GC(108) Report Object Count
[42.473s][debug][gc,phases         ] GC(108) Report Object Count 0.014ms
[42.473s][info ][gc                ] GC(108) Pause Remark 74M->71M(1512M) 3.413ms
[42.473s][info ][gc,cpu            ] GC(108) User=0.00s Sys=0.00s Real=0.00s
[42.473s][info ][gc,marking        ] GC(108) Concurrent Rebuild Remembered Sets
[42.480s][info ][gc,marking        ] GC(108) Concurrent Rebuild Remembered Sets 7.459ms
[42.481s][info ][gc,start          ] GC(108) Pause Cleanup
[42.481s][debug][gc,phases,start   ] GC(108) Update Remembered Set Tracking After Rebuild
[42.481s][debug][gc,phases         ] GC(108) Update Remembered Set Tracking After Rebuild 0.053ms
[42.481s][debug][gc,phases,start   ] GC(108) Finalize Concurrent Mark Cleanup
[42.481s][debug][gc,ergo           ] GC(108) request young-only gcs (reclaimable percentage not over threshold). candidate old regions: 46 reclaimable: 46592016 (2.94) threshold: 5
[42.481s][debug][gc,phases         ] GC(108) Finalize Concurrent Mark Cleanup 0.190ms
[42.481s][info ][gc                ] GC(108) Pause Cleanup 71M->71M(1512M) 0.317ms
[42.481s][info ][gc,cpu            ] GC(108) User=0.00s Sys=0.00s Real=0.00s
[42.481s][info ][gc,marking        ] GC(108) Concurrent Cleanup for Next Mark
[42.481s][debug][gc,ergo           ] GC(108) Running G1 Clear Bitmap with 1 workers for 24 work units.
[42.483s][info ][gc,marking        ] GC(108) Concurrent Cleanup for Next Mark 2.496ms
[42.483s][info ][gc                ] GC(108) Concurrent Cycle 34.496ms
[42.578s][debug][gc,ergo,ihop      ] Request concurrent cycle initiation (occupancy higher than threshold) occupancy: 52428800B allocation request: 524304B threshold: 8514107B (0.54) source: concurrent humongous allocation
[42.578s][debug][gc,ergo           ] Request concurrent cycle initiation (requested by GC cause). GC cause: G1 Humongous Allocation
[42.578s][debug][gc,heap           ] GC(109) Heap before GC invocations=109 (full 0): garbage-first heap   total 1548288K, used 77824K [0x0000000780000000, 0x0000000800000000)
[42.578s][debug][gc,heap           ] GC(109)   region size 1024K, 27 young (27648K), 16 survivors (16384K)
[42.578s][debug][gc,heap           ] GC(109)  Metaspace       used 13331K, capacity 13735K, committed 13824K, reserved 1060864K
[42.578s][debug][gc,heap           ] GC(109)   class space    used 1352K, capacity 1515K, committed 1536K, reserved 1048576K
[42.578s][debug][gc,ergo           ] GC(109) Initiate concurrent cycle (concurrent cycle initiation requested)
[42.578s][info ][gc,start          ] GC(109) Pause Young (Concurrent Start) (G1 Humongous Allocation)
[42.578s][info ][gc,task           ] GC(109) Using 4 workers of 4 for evacuation
[42.578s][debug][gc,tlab           ] GC(109) TLAB totals: thrds: 1  refills: 31 max: 31 slow allocs: 3 max 3 waste:  0.9% gc: 80072B max: 80072B slow: 17672B max: 17672B fast: 0B max: 0B
[42.578s][debug][gc,alloc,region   ] GC(109) Mutator Allocation stats, regions: 11, wasted size: 0B ( 0.0%)
[42.578s][debug][gc,age            ] GC(109) Desired survivor size 27787264 bytes, new threshold 15 (max threshold 15)
[42.578s][debug][gc,ergo,cset      ] GC(109) Finish choosing CSet. old: 0 regions, predicted old region time: 0.00ms, time remaining: 169.74
[42.579s][debug][gc,task,stats     ] GC(109) GC Termination Stats
[42.579s][debug][gc,task,stats     ] GC(109)      elapsed  --strong roots-- -------termination------- ------waste (KiB)------
[42.579s][debug][gc,task,stats     ] GC(109) thr     ms        ms      %        ms      %    attempts  total   alloc    undo
[42.579s][debug][gc,task,stats     ] GC(109) --- --------- --------- ------ --------- ------ -------- ------- ------- -------
[42.608s][debug][gc,task,stats     ] GC(109)   1     29.09     25.98  89.32      0.00   0.00        1       0       0       0
[42.608s][debug][gc,task,stats     ] GC(109)   0     29.20     22.90  78.42      0.01   0.02        3       0       0       0
[42.608s][debug][gc,task,stats     ] GC(109)   2     29.22      9.27  31.72      0.02   0.07        7       0       0       0
[42.608s][debug][gc,task,stats     ] GC(109)   3     28.88     20.50  70.96      0.00   0.02        3       0       0       0
[42.608s][debug][gc,ergo           ] GC(109) Running G1 Clear Card Table Task using 1 workers for 1 units of work for 34 regions.
[42.608s][debug][gc,ref            ] GC(109) Skipped phase1 of Reference Processing due to unavailable references
[42.608s][debug][gc,ref            ] GC(109) Skipped phase2 of Reference Processing due to unavailable references
[42.608s][debug][gc,ref            ] GC(109) Skipped phase3 of Reference Processing due to unavailable references
[42.608s][debug][gc,ref            ] GC(109) Skipped phase4 of Reference Processing due to unavailable references
[42.608s][debug][gc,ergo           ] GC(109) Running G1 Free Collection Set using 1 workers for collection set length 27
[42.608s][debug][gc,humongous      ] GC(109) Live humongous region 8 object size 524304 start 0x0000000780800000  with remset 0 code roots 0 is marked 0 reclaim candidate 0 type array 0
[42.608s][debug][gc,humongous      ] GC(109) Live humongous region 13 object size 1048592 start 0x0000000780d00000  with remset 0 code roots 0 is marked 0 reclaim candidate 0 type array 0
[42.608s][debug][gc,plab           ] GC(109) Young PLAB allocation: allocated: 17301504B, wasted: 704B, unused: 1545232B, used: 15755568B, undo waste: 0B, 
[42.608s][debug][gc,plab           ] GC(109) Young other allocation: region end waste: 0B, regions filled: 17, direct allocated: 0B, failure used: 0B, failure wasted: 0B
[42.609s][debug][gc,plab           ] GC(109) Young sizing: calculated: 3151112B, actual: 3151104B
[42.609s][debug][gc,plab           ] GC(109) Old PLAB allocation: allocated: 0B, wasted: 0B, unused: 0B, used: 0B, undo waste: 0B, 
[42.609s][debug][gc,plab           ] GC(109) Old other allocation: region end waste: 0B, regions filled: 0, direct allocated: 0B, failure used: 0B, failure wasted: 0B
[42.609s][debug][gc,plab           ] GC(109) Old sizing: calculated: 0B, actual: 2064B
[42.609s][debug][gc,alloc,stats    ] Old generation allocation in the last mutator period, old gen allocated: 0B, humongous allocated: 3145728B,old gen growth: 0B.
[42.609s][debug][gc,ihop           ] GC(109) Basic information (value update), threshold: 154842494B (9.77), target occupancy: 1585446912B, current occupancy: 69730304B, recent allocation size: 3145728B, recent allocation duration: 126.97ms, recent old gen allocation rate: 24774956.25B/s, recent marking phase length: 232.15ms
[42.609s][debug][gc,ihop           ] GC(109) Adaptive IHOP information (value update), threshold: 154842494B (10.28), internal target occupancy: 1506174566B, occupancy: 69730304B, additional buffer size: 333447168B, predicted old gen allocation rate: 2867478076.83B/s, predicted marking phase length: 354.98ms, prediction active: true
[42.609s][debug][gc,ergo,refine    ] GC(109) Updated Refinement Zones: green: 46, yellow: 138, red: 230
[42.609s][info ][gc,phases         ] GC(109)   Pre Evacuate Collection Set: 0.1ms
[42.609s][debug][gc,phases         ] GC(109)     Prepare TLABs: 0.0ms
[42.609s][debug][gc,phases         ] GC(109)     Choose Collection Set: 0.0ms
[42.609s][debug][gc,phases         ] GC(109)     Humongous Register: 0.1ms
[42.609s][debug][gc,phases         ] GC(109)     Clear Claimed Marks: 0.0ms
[42.609s][info ][gc,phases         ] GC(109)   Evacuate Collection Set: 29.4ms
[42.609s][debug][gc,phases         ] GC(109)     Ext Root Scanning (ms):   Min:  0.1, Avg:  1.5, Max:  4.9, Diff:  4.8, Sum:  6.0, Workers: 4
[42.609s][debug][gc,phases         ] GC(109)     Update RS (ms):           Min:  1.0, Avg:  1.2, Max:  1.8, Diff:  0.8, Sum:  5.0, Workers: 4
[42.609s][debug][gc,phases         ] GC(109)       Processed Buffers:        Min: 3, Avg:  4.5, Max: 7, Diff: 4, Sum: 18, Workers: 4
[42.609s][debug][gc,phases         ] GC(109)       Scanned Cards:            Min: 512, Avg: 776.8, Max: 1310, Diff: 798, Sum: 3107, Workers: 4
[42.609s][debug][gc,phases         ] GC(109)       Skipped Cards:            Min: 0, Avg: 195.5, Max: 512, Diff: 512, Sum: 782, Workers: 4
[42.609s][debug][gc,phases         ] GC(109)     Scan RS (ms):             Min:  0.0, Avg:  0.1, Max:  0.4, Diff:  0.4, Sum:  0.4, Workers: 4
[42.609s][debug][gc,phases         ] GC(109)       Scanned Cards:            Min: 0, Avg: 60.5, Max: 242, Diff: 242, Sum: 242, Workers: 4
[42.609s][debug][gc,phases         ] GC(109)       Claimed Cards:            Min: 0, Avg: 245.5, Max: 982, Diff: 982, Sum: 982, Workers: 4
[42.609s][debug][gc,phases         ] GC(109)       Skipped Cards:            Min: 0, Avg:  0.0, Max: 0, Diff: 0, Sum: 0, Workers: 4
[42.609s][debug][gc,phases         ] GC(109)     Code Root Scanning (ms):  Min:  0.0, Avg:  0.0, Max:  0.1, Diff:  0.1, Sum:  0.1, Workers: 4
[42.609s][debug][gc,phases         ] GC(109)     JVMCI Root Scan (ms):     skipped
[42.609s][debug][gc,phases         ] GC(109)     Object Copy (ms):         Min: 21.9, Avg: 26.1, Max: 27.6, Diff:  5.7, Sum: 104.4, Workers: 4
[42.609s][debug][gc,phases         ] GC(109)     Termination (ms):         Min:  0.0, Avg:  0.0, Max:  0.0, Diff:  0.0, Sum:  0.0, Workers: 4
[42.609s][debug][gc,phases         ] GC(109)       Termination Attempts:     Min: 1, Avg:  3.5, Max: 7, Diff: 6, Sum: 14, Workers: 4
[42.609s][debug][gc,phases         ] GC(109)     GC Worker Other (ms):     Min:  0.1, Avg:  0.2, Max:  0.2, Diff:  0.1, Sum:  0.7, Workers: 4
[42.609s][debug][gc,phases         ] GC(109)     GC Worker Total (ms):     Min: 28.9, Avg: 29.1, Max: 29.2, Diff:  0.3, Sum: 116.6, Workers: 4
[42.609s][info ][gc,phases         ] GC(109)   Post Evacuate Collection Set: 0.5ms
[42.609s][debug][gc,phases         ] GC(109)     Code Roots Fixup: 0.0ms
[42.609s][debug][gc,phases         ] GC(109)     Clear Card Table: 0.0ms
[42.609s][debug][gc,phases         ] GC(109)     Reference Processing: 0.1ms
[42.609s][debug][gc,phases,ref     ] GC(109)       Reconsider SoftReferences: 0.0ms
[42.609s][debug][gc,phases,ref     ] GC(109)         SoftRef (ms):             skipped
[42.609s][debug][gc,phases,ref     ] GC(109)       Notify Soft/WeakReferences: 0.0ms
[42.609s][debug][gc,phases,ref     ] GC(109)         SoftRef (ms):             skipped
[42.609s][debug][gc,phases,ref     ] GC(109)         WeakRef (ms):             skipped
[42.609s][debug][gc,phases,ref     ] GC(109)         FinalRef (ms):            skipped
[42.609s][debug][gc,phases,ref     ] GC(109)         Total (ms):               skipped
[42.609s][debug][gc,phases,ref     ] GC(109)       Notify and keep alive finalizable: 0.0ms
[42.609s][debug][gc,phases,ref     ] GC(109)         FinalRef (ms):            skipped
[42.609s][debug][gc,phases,ref     ] GC(109)       Notify PhantomReferences: 0.0ms
[42.609s][debug][gc,phases,ref     ] GC(109)         PhantomRef (ms):          skipped
[42.609s][debug][gc,phases,ref     ] GC(109)       SoftReference:
[42.609s][debug][gc,phases,ref     ] GC(109)         Discovered: 0
[42.609s][debug][gc,phases,ref     ] GC(109)         Cleared: 0
[42.609s][debug][gc,phases,ref     ] GC(109)       WeakReference:
[42.609s][debug][gc,phases,ref     ] GC(109)         Discovered: 0
[42.609s][debug][gc,phases,ref     ] GC(109)         Cleared: 0
[42.609s][debug][gc,phases,ref     ] GC(109)       FinalReference:
[42.609s][debug][gc,phases,ref     ] GC(109)         Discovered: 0
[42.609s][debug][gc,phases,ref     ] GC(109)         Cleared: 0
[42.609s][debug][gc,phases,ref     ] GC(109)       PhantomReference:
[42.609s][debug][gc,phases,ref     ] GC(109)         Discovered: 0
[42.609s][debug][gc,phases,ref     ] GC(109)         Cleared: 0
[42.609s][debug][gc,phases         ] GC(109)     Weak Processing: 0.0ms
[42.609s][debug][gc,phases         ] GC(109)     Merge Per-Thread State: 0.0ms
[42.609s][debug][gc,phases         ] GC(109)     Code Roots Purge: 0.0ms
[42.609s][debug][gc,phases         ] GC(109)     Redirty Cards: 0.1ms
[42.609s][debug][gc,phases         ] GC(109)     DerivedPointerTable Update: 0.0ms
[42.609s][debug][gc,phases         ] GC(109)     Free Collection Set: 0.2ms
[42.609s][debug][gc,phases         ] GC(109)     Humongous Reclaim: 0.1ms
[42.610s][debug][gc,phases         ] GC(109)     Start New Collection Set: 0.0ms
[42.610s][debug][gc,phases         ] GC(109)     Resize TLABs: 0.0ms
[42.610s][debug][gc,phases         ] GC(109)     Expand Heap After Collection: 0.0ms
[42.610s][info ][gc,phases         ] GC(109)   Other: 0.6ms
[42.610s][info ][gc,heap           ] GC(109) Eden regions: 11->0(301)
[42.610s][info ][gc,heap           ] GC(109) Survivor regions: 16->17(53)
[42.610s][info ][gc,heap           ] GC(109) Old regions: 47->47
[42.610s][info ][gc,heap           ] GC(109) Humongous regions: 3->3
[42.610s][info ][gc,metaspace      ] GC(109) Metaspace: 13331K->13331K(1060864K)
[42.610s][debug][gc,heap           ] GC(109) Heap after GC invocations=110 (full 0): garbage-first heap   total 1548288K, used 68096K [0x0000000780000000, 0x0000000800000000)
[42.610s][debug][gc,heap           ] GC(109)   region size 1024K, 17 young (17408K), 17 survivors (17408K)
[42.610s][debug][gc,heap           ] GC(109)  Metaspace       used 13331K, capacity 13735K, committed 13824K, reserved 1060864K
[42.610s][debug][gc,heap           ] GC(109)   class space    used 1352K, capacity 1515K, committed 1536K, reserved 1048576K
[42.610s][info ][gc                ] GC(109) Pause Young (Concurrent Start) (G1 Humongous Allocation) 76M->66M(1512M) 31.728ms
[42.610s][info ][gc,cpu            ] GC(109) User=0.08s Sys=0.01s Real=0.03s
[42.610s][info ][gc                ] GC(110) Concurrent Cycle
[42.610s][info ][gc,marking        ] GC(110) Concurrent Clear Claimed Marks
[42.610s][info ][gc,marking        ] GC(110) Concurrent Clear Claimed Marks 0.066ms
[42.610s][info ][gc,marking        ] GC(110) Concurrent Scan Root Regions
[42.610s][debug][gc,ergo           ] GC(110) Running G1 Root Region Scan using 1 workers for 17 work units.
[42.621s][info ][gc,marking        ] GC(110) Concurrent Scan Root Regions 10.366ms
[42.621s][info ][gc,marking        ] GC(110) Concurrent Mark (42.621s)
[42.621s][info ][gc,marking        ] GC(110) Concurrent Mark From Roots
[42.621s][info ][gc,task           ] GC(110) Using 1 workers of 1 for marking
[42.630s][debug][gc,stats          ] ---------------------------------------------------------------------
[42.631s][debug][gc,stats          ] Marking Stats, task = 0, calls = 1
[42.631s][debug][gc,stats          ]   Elapsed time = 9.70ms, Termination time = 0.00ms
[42.631s][debug][gc,stats          ]   Step Times (cum): num = 801, avg = 0.50ms, sd = 1.92ms max = 9.88ms, total = 403.79ms
[42.631s][debug][gc,stats          ]   Mark Stats Cache: hits 57601 misses 45 ratio 99.922
[42.631s][debug][gc,stats          ] ---------------------------------------------------------------------
[42.631s][info ][gc,marking        ] GC(110) Concurrent Mark From Roots 9.958ms
[42.631s][info ][gc,marking        ] GC(110) Concurrent Preclean
[42.631s][debug][gc,ref,start      ] GC(110) Preclean SoftReferences
[42.631s][debug][gc,ref            ] GC(110) Preclean SoftReferences 0.050ms
[42.631s][debug][gc,ref,start      ] GC(110) Preclean WeakReferences
[42.631s][debug][gc,ref            ] GC(110) Preclean WeakReferences 0.022ms
[42.631s][debug][gc,ref,start      ] GC(110) Preclean FinalReferences
[42.631s][debug][gc,ref            ] GC(110) Preclean FinalReferences 0.017ms
[42.631s][debug][gc,ref,start      ] GC(110) Preclean PhantomReferences
[42.631s][debug][gc,ref            ] GC(110) Preclean PhantomReferences 0.016ms
[42.631s][info ][gc,marking        ] GC(110) Concurrent Preclean 0.176ms
[42.631s][info ][gc,marking        ] GC(110) Concurrent Mark (42.621s, 42.631s) 10.188ms
[42.631s][info ][gc,start          ] GC(110) Pause Remark
[42.631s][debug][gc,phases,start   ] GC(110) Finalize Marking
[42.631s][debug][gc,stats          ] ---------------------------------------------------------------------
[42.631s][debug][gc,stats          ] Marking Stats, task = 0, calls = 18
[42.631s][debug][gc,stats          ]   Elapsed time = 0.07ms, Termination time = 0.05ms
[42.631s][debug][gc,stats          ]   Step Times (cum): num = 818, avg = 0.49ms, sd = 1.90ms max = 9.88ms, total = 403.85ms
[42.631s][debug][gc,stats          ]   Mark Stats Cache: hits 57601 misses 45 ratio 99.922
[42.631s][debug][gc,stats          ] ---------------------------------------------------------------------
[42.631s][debug][gc,stats          ] Marking Stats, task = 1, calls = 1
[42.631s][debug][gc,stats          ]   Elapsed time = 0.08ms, Termination time = 0.06ms
[42.631s][debug][gc,stats          ]   Step Times (cum): num = 46, avg = 0.16ms, sd = 0.21ms max = 0.77ms, total = 7.50ms
[42.631s][debug][gc,stats          ]   Mark Stats Cache: hits 2773 misses 5 ratio 99.820
[42.631s][debug][gc,stats          ] ---------------------------------------------------------------------
[42.631s][debug][gc,stats          ] Marking Stats, task = 2, calls = 1
[42.631s][debug][gc,stats          ]   Elapsed time = 0.01ms, Termination time = 0.00ms
[42.631s][debug][gc,stats          ]   Step Times (cum): num = 45, avg = 0.12ms, sd = 0.22ms max = 0.75ms, total = 5.53ms
[42.631s][debug][gc,stats          ]   Mark Stats Cache: hits 11 misses 1 ratio 91.667
[42.631s][debug][gc,stats          ] ---------------------------------------------------------------------
[42.631s][debug][gc,stats          ] Marking Stats, task = 3, calls = 1
[42.631s][debug][gc,stats          ]   Elapsed time = 0.01ms, Termination time = 0.00ms
[42.631s][debug][gc,stats          ]   Step Times (cum): num = 43, avg = 0.01ms, sd = 0.01ms max = 0.08ms, total = 0.26ms
[42.631s][debug][gc,stats          ]   Mark Stats Cache: hits 0 misses 0 ratio 0.000
[42.631s][debug][gc,stats          ] ---------------------------------------------------------------------
[42.631s][debug][gc,phases         ] GC(110) Finalize Marking 0.448ms
[42.632s][debug][gc,phases,start   ] GC(110) Reference Processing
[42.632s][debug][gc,ref            ] GC(110) Skipped phase1 of Reference Processing due to unavailable references
[42.632s][debug][gc,ref            ] GC(110) Skipped phase2 of Reference Processing due to unavailable references
[42.632s][debug][gc,ref            ] GC(110) Skipped phase3 of Reference Processing due to unavailable references
[42.632s][debug][gc,ref            ] GC(110) Skipped phase4 of Reference Processing due to unavailable references
[42.632s][debug][gc,phases,ref     ] GC(110) Reference Processing: 0.1ms
[42.632s][debug][gc,phases,ref     ] GC(110)   Reconsider SoftReferences: 0.0ms
[42.632s][debug][gc,phases,ref     ] GC(110)     SoftRef (ms):             skipped
[42.632s][debug][gc,phases,ref     ] GC(110)   Notify Soft/WeakReferences: 0.0ms
[42.632s][debug][gc,phases,ref     ] GC(110)     SoftRef (ms):             skipped
[42.632s][debug][gc,phases,ref     ] GC(110)     WeakRef (ms):             skipped
[42.632s][debug][gc,phases,ref     ] GC(110)     FinalRef (ms):            skipped
[42.632s][debug][gc,phases,ref     ] GC(110)     Total (ms):               skipped
[42.632s][debug][gc,phases,ref     ] GC(110)   Notify and keep alive finalizable: 0.0ms
[42.632s][debug][gc,phases,ref     ] GC(110)     FinalRef (ms):            skipped
[42.632s][debug][gc,phases,ref     ] GC(110)   Notify PhantomReferences: 0.0ms
[42.632s][debug][gc,phases,ref     ] GC(110)     PhantomRef (ms):          skipped
[42.632s][debug][gc,phases,ref     ] GC(110)   SoftReference:
[42.632s][debug][gc,phases,ref     ] GC(110)     Discovered: 0
[42.632s][debug][gc,phases,ref     ] GC(110)     Cleared: 0
[42.632s][debug][gc,phases,ref     ] GC(110)   WeakReference:
[42.632s][debug][gc,phases,ref     ] GC(110)     Discovered: 0
[42.632s][debug][gc,phases,ref     ] GC(110)     Cleared: 0
[42.632s][debug][gc,phases,ref     ] GC(110)   FinalReference:
[42.632s][debug][gc,phases,ref     ] GC(110)     Discovered: 0
[42.632s][debug][gc,phases,ref     ] GC(110)     Cleared: 0
[42.632s][debug][gc,phases,ref     ] GC(110)   PhantomReference:
[42.632s][debug][gc,phases,ref     ] GC(110)     Discovered: 0
[42.632s][debug][gc,phases,ref     ] GC(110)     Cleared: 0
[42.632s][debug][gc,phases         ] GC(110) Reference Processing 0.400ms
[42.632s][debug][gc,phases,start   ] GC(110) Weak Processing
[42.632s][debug][gc,phases         ] GC(110) Weak Processing 0.029ms
[42.632s][debug][gc,phases,start   ] GC(110) Class Unloading
[42.632s][debug][gc,phases,start   ] GC(110) ClassLoaderData
[42.632s][debug][gc,phases         ] GC(110) ClassLoaderData 0.059ms
[42.632s][debug][gc,phases,start   ] GC(110) ProtectionDomainCacheTable
[42.632s][debug][gc,phases         ] GC(110) ProtectionDomainCacheTable 0.016ms
[42.633s][info ][gc,stringtable    ] GC(110) Cleaned string and symbol table, strings: 6182 processed, 0 removed, symbols: 45233 processed, 0 removed
[42.634s][debug][gc,phases         ] GC(110) Class Unloading 1.607ms
[42.634s][debug][gc,phases,start   ] GC(110) Flush Task Caches
[42.634s][debug][gc,stats          ] Mark stats cache hits 60385 misses 51 ratio 99.916
[42.634s][debug][gc,phases         ] GC(110) Flush Task Caches 0.038ms
[42.634s][debug][gc,phases,start   ] GC(110) Update Remembered Set Tracking Before Rebuild
[42.634s][debug][gc,ergo           ] GC(110) Running G1 Update RemSet Tracking Before Rebuild using 4 workers for 1512 regions in heap
[42.634s][debug][gc,remset,tracking] GC(110) Remembered Set Tracking update regions total 1512, selected 47
[42.634s][debug][gc,phases         ] GC(110) Update Remembered Set Tracking Before Rebuild 0.247ms
[42.634s][debug][gc,phases,start   ] GC(110) Reclaim Empty Regions
[42.634s][debug][gc                ] GC(110) Reclaimed 3 empty regions
[42.634s][debug][gc,phases         ] GC(110) Reclaim Empty Regions 0.194ms
[42.634s][debug][gc,phases,start   ] GC(110) Purge Metaspace
[42.634s][debug][gc,phases         ] GC(110) Purge Metaspace 0.014ms
[42.634s][debug][gc,phases,start   ] GC(110) Report Object Count
[42.634s][debug][gc,phases         ] GC(110) Report Object Count 0.014ms
[42.634s][info ][gc                ] GC(110) Pause Remark 75M->72M(1512M) 3.237ms
[42.634s][info ][gc,cpu            ] GC(110) User=0.01s Sys=0.00s Real=0.00s
[42.634s][info ][gc,marking        ] GC(110) Concurrent Rebuild Remembered Sets
[42.642s][info ][gc,marking        ] GC(110) Concurrent Rebuild Remembered Sets 7.797ms
[42.642s][info ][gc,start          ] GC(110) Pause Cleanup
[42.642s][debug][gc,phases,start   ] GC(110) Update Remembered Set Tracking After Rebuild
[42.642s][debug][gc,phases         ] GC(110) Update Remembered Set Tracking After Rebuild 0.044ms
[42.642s][debug][gc,phases,start   ] GC(110) Finalize Concurrent Mark Cleanup
[42.643s][debug][gc,ergo           ] GC(110) request young-only gcs (reclaimable percentage not over threshold). candidate old regions: 46 reclaimable: 46592016 (2.94) threshold: 5
[42.643s][debug][gc,phases         ] GC(110) Finalize Concurrent Mark Cleanup 0.259ms
[42.643s][info ][gc                ] GC(110) Pause Cleanup 72M->72M(1512M) 0.375ms
[42.643s][info ][gc,cpu            ] GC(110) User=0.00s Sys=0.00s Real=0.00s
[42.643s][info ][gc,marking        ] GC(110) Concurrent Cleanup for Next Mark
[42.643s][debug][gc,ergo           ] GC(110) Running G1 Clear Bitmap with 1 workers for 24 work units.
[42.645s][info ][gc,marking        ] GC(110) Concurrent Cleanup for Next Mark 2.256ms
[42.645s][info ][gc                ] GC(110) Concurrent Cycle 35.046ms
[43.071s][debug][gc,refine         ] Activated worker 0, on threshold: 48, current: 50
[43.075s][debug][gc,refine         ] Deactivated worker 0, off threshold: 46, current: 46, processed: 6
[43.078s][debug][gc,refine         ] Activated worker 0, on threshold: 48, current: 50
[43.080s][debug][gc,refine         ] Deactivated worker 0, off threshold: 46, current: 46, processed: 4
[43.083s][debug][gc,refine         ] Activated worker 0, on threshold: 48, current: 48
[43.084s][debug][gc,refine         ] Deactivated worker 0, off threshold: 46, current: 46, processed: 3
[43.189s][debug][gc,refine         ] Activated worker 0, on threshold: 48, current: 51
[43.190s][debug][gc,refine         ] Deactivated worker 0, off threshold: 46, current: 46, processed: 5
[43.196s][debug][gc,refine         ] Activated worker 0, on threshold: 48, current: 50
[43.196s][debug][gc,refine         ] Deactivated worker 0, off threshold: 46, current: 46, processed: 4
[43.201s][debug][gc,refine         ] Activated worker 0, on threshold: 48, current: 48
[43.201s][debug][gc,refine         ] Deactivated worker 0, off threshold: 46, current: 46, processed: 2
[43.307s][debug][gc,refine         ] Activated worker 0, on threshold: 48, current: 52
[43.308s][debug][gc,refine         ] Deactivated worker 0, off threshold: 46, current: 46, processed: 6
[43.314s][debug][gc,refine         ] Activated worker 0, on threshold: 48, current: 50
[43.316s][debug][gc,refine         ] Deactivated worker 0, off threshold: 46, current: 46, processed: 4
[43.319s][debug][gc,refine         ] Activated worker 0, on threshold: 48, current: 48
[43.320s][debug][gc,refine         ] Deactivated worker 0, off threshold: 46, current: 46, processed: 3
[43.421s][debug][gc,refine         ] Activated worker 0, on threshold: 48, current: 51
[43.421s][debug][gc,refine         ] Deactivated worker 0, off threshold: 46, current: 46, processed: 5
[43.427s][debug][gc,refine         ] Activated worker 0, on threshold: 48, current: 50
[43.429s][debug][gc,refine         ] Deactivated worker 0, off threshold: 46, current: 46, processed: 4
[43.432s][debug][gc,refine         ] Activated worker 0, on threshold: 48, current: 48
[43.433s][debug][gc,refine         ] Deactivated worker 0, off threshold: 46, current: 46, processed: 3
[43.535s][debug][gc,refine         ] Activated worker 0, on threshold: 48, current: 51
[43.535s][debug][gc,refine         ] Deactivated worker 0, off threshold: 46, current: 46, processed: 5
[43.541s][debug][gc,refine         ] Activated worker 0, on threshold: 48, current: 50
[43.543s][debug][gc,refine         ] Deactivated worker 0, off threshold: 46, current: 46, processed: 4
[43.546s][debug][gc,refine         ] Activated worker 0, on threshold: 48, current: 48
[43.547s][debug][gc,refine         ] Deactivated worker 0, off threshold: 46, current: 46, processed: 8
[43.654s][debug][gc,refine         ] Activated worker 0, on threshold: 48, current: 50
[43.656s][debug][gc,refine         ] Deactivated worker 0, off threshold: 46, current: 46, processed: 4
[43.659s][debug][gc,refine         ] Activated worker 0, on threshold: 48, current: 48
[43.661s][debug][gc,refine         ] Deactivated worker 0, off threshold: 46, current: 46, processed: 8
[43.771s][debug][gc,refine         ] Activated worker 0, on threshold: 48, current: 50
[43.773s][debug][gc,refine         ] Deactivated worker 0, off threshold: 46, current: 46, processed: 4
[43.777s][debug][gc,refine         ] Activated worker 0, on threshold: 48, current: 48
[43.779s][debug][gc,refine         ] Deactivated worker 0, off threshold: 46, current: 46, processed: 8
[43.885s][debug][gc,refine         ] Activated worker 0, on threshold: 48, current: 50
[43.886s][debug][gc,refine         ] Deactivated worker 0, off threshold: 46, current: 46, processed: 4
[43.889s][debug][gc,refine         ] Activated worker 0, on threshold: 48, current: 48
[43.890s][debug][gc,refine         ] Deactivated worker 0, off threshold: 46, current: 46, processed: 3
[43.994s][debug][gc,refine         ] Activated worker 0, on threshold: 48, current: 51
[43.995s][debug][gc,refine         ] Deactivated worker 0, off threshold: 46, current: 46, processed: 5
[44.001s][debug][gc,refine         ] Activated worker 0, on threshold: 48, current: 50
[44.003s][debug][gc,refine         ] Deactivated worker 0, off threshold: 46, current: 46, processed: 4
[44.006s][debug][gc,refine         ] Activated worker 0, on threshold: 48, current: 48
[44.007s][debug][gc,refine         ] Deactivated worker 0, off threshold: 46, current: 46, processed: 3
[44.109s][debug][gc,refine         ] Activated worker 0, on threshold: 48, current: 51
[44.110s][debug][gc,refine         ] Deactivated worker 0, off threshold: 46, current: 46, processed: 5
[44.115s][debug][gc,refine         ] Activated worker 0, on threshold: 48, current: 50
[44.117s][debug][gc,refine         ] Deactivated worker 0, off threshold: 46, current: 46, processed: 4
[44.120s][debug][gc,refine         ] Activated worker 0, on threshold: 48, current: 48
[44.121s][debug][gc,refine         ] Deactivated worker 0, off threshold: 46, current: 46, processed: 3
[44.222s][debug][gc,refine         ] Activated worker 0, on threshold: 48, current: 51
[44.223s][debug][gc,refine         ] Deactivated worker 0, off threshold: 46, current: 46, processed: 5
[44.229s][debug][gc,refine         ] Activated worker 0, on threshold: 48, current: 50
[44.231s][debug][gc,refine         ] Deactivated worker 0, off threshold: 46, current: 46, processed: 4
[44.234s][debug][gc,refine         ] Activated worker 0, on threshold: 48, current: 48
[44.235s][debug][gc,refine         ] Deactivated worker 0, off threshold: 46, current: 46, processed: 3
[44.340s][debug][gc,refine         ] Activated worker 0, on threshold: 48, current: 51
[44.341s][debug][gc,refine         ] Deactivated worker 0, off threshold: 46, current: 46, processed: 5
[44.347s][debug][gc,refine         ] Activated worker 0, on threshold: 48, current: 50
[44.349s][debug][gc,refine         ] Deactivated worker 0, off threshold: 46, current: 46, processed: 4
[44.353s][debug][gc,refine         ] Activated worker 0, on threshold: 48, current: 48
[44.354s][debug][gc,refine         ] Deactivated worker 0, off threshold: 46, current: 46, processed: 3
[44.459s][debug][gc,refine         ] Activated worker 0, on threshold: 48, current: 48
[44.460s][debug][gc,refine         ] Deactivated worker 0, off threshold: 46, current: 46, processed: 5
[44.466s][debug][gc,refine         ] Activated worker 0, on threshold: 48, current: 50
[44.468s][debug][gc,refine         ] Deactivated worker 0, off threshold: 46, current: 46, processed: 4
[44.471s][debug][gc,refine         ] Activated worker 0, on threshold: 48, current: 48
[44.472s][debug][gc,refine         ] Deactivated worker 0, off threshold: 46, current: 46, processed: 8
[44.579s][debug][gc,refine         ] Activated worker 0, on threshold: 48, current: 50
[44.581s][debug][gc,refine         ] Deactivated worker 0, off threshold: 46, current: 46, processed: 4
[44.584s][debug][gc,refine         ] Activated worker 0, on threshold: 48, current: 48
[44.585s][debug][gc,refine         ] Deactivated worker 0, off threshold: 46, current: 46, processed: 8
[44.693s][debug][gc,refine         ] Activated worker 0, on threshold: 48, current: 50
[44.695s][debug][gc,refine         ] Deactivated worker 0, off threshold: 46, current: 46, processed: 4
[44.697s][debug][gc,refine         ] Activated worker 0, on threshold: 48, current: 48
[44.699s][debug][gc,refine         ] Deactivated worker 0, off threshold: 46, current: 46, processed: 8
[44.815s][debug][gc,refine         ] Activated worker 0, on threshold: 48, current: 50
[44.817s][debug][gc,refine         ] Deactivated worker 0, off threshold: 46, current: 46, processed: 4
[44.822s][debug][gc,refine         ] Activated worker 0, on threshold: 48, current: 48
[44.824s][debug][gc,refine         ] Deactivated worker 0, off threshold: 46, current: 46, processed: 8
[44.930s][debug][gc,refine         ] Activated worker 0, on threshold: 48, current: 50
[44.932s][debug][gc,refine         ] Deactivated worker 0, off threshold: 46, current: 46, processed: 4
[44.936s][debug][gc,refine         ] Activated worker 0, on threshold: 48, current: 48
[44.937s][debug][gc,refine         ] Deactivated worker 0, off threshold: 46, current: 46, processed: 3
[45.040s][debug][gc,refine         ] Activated worker 0, on threshold: 48, current: 51
[45.041s][debug][gc,refine         ] Deactivated worker 0, off threshold: 46, current: 46, processed: 5
[45.047s][debug][gc,refine         ] Activated worker 0, on threshold: 48, current: 50
[45.049s][debug][gc,refine         ] Deactivated worker 0, off threshold: 46, current: 46, processed: 4
[45.052s][debug][gc,refine         ] Activated worker 0, on threshold: 48, current: 48
[45.053s][debug][gc,refine         ] Deactivated worker 0, off threshold: 46, current: 46, processed: 3
[45.157s][debug][gc,refine         ] Activated worker 0, on threshold: 48, current: 51
[45.158s][debug][gc,refine         ] Deactivated worker 0, off threshold: 46, current: 46, processed: 5
[45.164s][debug][gc,refine         ] Activated worker 0, on threshold: 48, current: 50
[45.166s][debug][gc,refine         ] Deactivated worker 0, off threshold: 46, current: 46, processed: 4
[45.169s][debug][gc,refine         ] Activated worker 0, on threshold: 48, current: 48
[45.170s][debug][gc,refine         ] Deactivated worker 0, off threshold: 46, current: 46, processed: 3
[45.277s][debug][gc,refine         ] Activated worker 0, on threshold: 48, current: 51
[45.278s][debug][gc,refine         ] Deactivated worker 0, off threshold: 46, current: 46, processed: 5
[45.284s][debug][gc,refine         ] Activated worker 0, on threshold: 48, current: 50
[45.286s][debug][gc,refine         ] Deactivated worker 0, off threshold: 46, current: 46, processed: 4
[45.289s][debug][gc,refine         ] Activated worker 0, on threshold: 48, current: 48
[45.290s][debug][gc,refine         ] Deactivated worker 0, off threshold: 46, current: 46, processed: 3
[45.395s][debug][gc,refine         ] Activated worker 0, on threshold: 48, current: 51
[45.397s][debug][gc,refine         ] Deactivated worker 0, off threshold: 46, current: 46, processed: 5
[45.402s][debug][gc,refine         ] Activated worker 0, on threshold: 48, current: 50
[45.404s][debug][gc,refine         ] Deactivated worker 0, off threshold: 46, current: 46, processed: 4
[45.408s][debug][gc,refine         ] Activated worker 0, on threshold: 48, current: 48
[45.409s][debug][gc,refine         ] Deactivated worker 0, off threshold: 46, current: 46, processed: 8
[45.519s][debug][gc,refine         ] Activated worker 0, on threshold: 48, current: 50
[45.521s][debug][gc,refine         ] Deactivated worker 0, off threshold: 46, current: 46, processed: 4
[45.523s][debug][gc,refine         ] Activated worker 0, on threshold: 48, current: 48
[45.525s][debug][gc,refine         ] Deactivated worker 0, off threshold: 46, current: 46, processed: 8
[45.633s][debug][gc,refine         ] Activated worker 0, on threshold: 48, current: 50
[45.635s][debug][gc,refine         ] Deactivated worker 0, off threshold: 46, current: 46, processed: 4
[45.641s][debug][gc,refine         ] Activated worker 0, on threshold: 48, current: 48
[45.643s][debug][gc,refine         ] Deactivated worker 0, off threshold: 46, current: 46, processed: 8
[45.752s][debug][gc,refine         ] Activated worker 0, on threshold: 48, current: 50
[45.754s][debug][gc,refine         ] Deactivated worker 0, off threshold: 46, current: 46, processed: 4
[45.756s][debug][gc,refine         ] Activated worker 0, on threshold: 48, current: 48
[45.757s][debug][gc,refine         ] Deactivated worker 0, off threshold: 46, current: 46, processed: 8
[45.865s][debug][gc,refine         ] Activated worker 0, on threshold: 48, current: 50
[45.867s][debug][gc,refine         ] Deactivated worker 0, off threshold: 46, current: 46, processed: 4
[45.875s][debug][gc,refine         ] Activated worker 0, on threshold: 48, current: 48
[45.876s][debug][gc,refine         ] Deactivated worker 0, off threshold: 46, current: 46, processed: 3
[45.979s][debug][gc,refine         ] Activated worker 0, on threshold: 48, current: 48
[45.980s][debug][gc,refine         ] Deactivated worker 0, off threshold: 46, current: 46, processed: 5
[45.992s][debug][gc,refine         ] Activated worker 0, on threshold: 48, current: 50
[45.994s][debug][gc,refine         ] Deactivated worker 0, off threshold: 46, current: 46, processed: 4
[46.001s][debug][gc,refine         ] Activated worker 0, on threshold: 48, current: 48
[46.002s][debug][gc,refine         ] Deactivated worker 0, off threshold: 46, current: 46, processed: 3
[46.110s][debug][gc,refine         ] Activated worker 0, on threshold: 48, current: 51
[46.111s][debug][gc,refine         ] Deactivated worker 0, off threshold: 46, current: 46, processed: 5
[46.123s][debug][gc,refine         ] Activated worker 0, on threshold: 48, current: 50
[46.124s][debug][gc,refine         ] Deactivated worker 0, off threshold: 46, current: 46, processed: 4
[46.131s][debug][gc,refine         ] Activated worker 0, on threshold: 48, current: 48
[46.132s][debug][gc,refine         ] Deactivated worker 0, off threshold: 46, current: 46, processed: 3
[46.233s][debug][gc,refine         ] Activated worker 0, on threshold: 48, current: 51
[46.234s][debug][gc,refine         ] Deactivated worker 0, off threshold: 46, current: 46, processed: 5
[46.245s][debug][gc,refine         ] Activated worker 0, on threshold: 48, current: 50
[46.247s][debug][gc,refine         ] Deactivated worker 0, off threshold: 46, current: 46, processed: 4
[46.257s][debug][gc,refine         ] Activated worker 0, on threshold: 48, current: 48
[46.258s][debug][gc,refine         ] Deactivated worker 0, off threshold: 46, current: 46, processed: 2
[46.360s][debug][gc,heap           ] GC(111) Heap before GC invocations=111 (full 0): garbage-first heap   total 1548288K, used 500224K [0x0000000780000000, 0x0000000800000000)
[46.360s][debug][gc,heap           ] GC(111)   region size 1024K, 346 young (354304K), 17 survivors (17408K)
[46.360s][debug][gc,heap           ] GC(111)  Metaspace       used 13339K, capacity 13739K, committed 13824K, reserved 1060864K
[46.360s][debug][gc,heap           ] GC(111)   class space    used 1352K, capacity 1515K, committed 1536K, reserved 1048576K
[46.360s][info ][gc,start          ] GC(111) Pause Young (Normal) (G1 Evacuation Pause)
[46.360s][info ][gc,task           ] GC(111) Using 4 workers of 4 for evacuation
[46.360s][debug][gc,tlab           ] GC(111) TLAB totals: thrds: 4  refills: 988 max: 965 slow allocs: 97 max 95 waste:  0.2% gc: 26208B max: 15880B slow: 588784B max: 577032B fast: 0B max: 0B
[46.361s][debug][gc,refine         ] Activated worker 0, on threshold: 48, current: 48
[46.361s][debug][gc,alloc,region   ] GC(111) Mutator Allocation stats, regions: 329, wasted size: 0B ( 0.0%)
[46.361s][debug][gc,age            ] GC(111) Desired survivor size 23068672 bytes, new threshold 15 (max threshold 15)
[46.361s][debug][gc,ergo,cset      ] GC(111) Finish choosing CSet. old: 0 regions, predicted old region time: 0.00ms, time remaining: 0.00
[46.361s][debug][gc,task,stats     ] GC(111) GC Termination Stats
[46.362s][debug][gc,task,stats     ] GC(111)      elapsed  --strong roots-- -------termination------- ------waste (KiB)------
[46.362s][debug][gc,task,stats     ] GC(111) thr     ms        ms      %        ms      %    attempts  total   alloc    undo
[46.362s][debug][gc,task,stats     ] GC(111) --- --------- --------- ------ --------- ------ -------- ------- ------- -------
[46.640s][debug][gc,task,stats     ] GC(111)   1    277.96    276.88  99.61      0.00   0.00        1     658     658       0
[46.640s][debug][gc,task,stats     ] GC(111)   3    278.03    276.20  99.34      0.00   0.00        1     651     651       0
[46.640s][debug][gc,task,stats     ] GC(111)   2    278.63    277.93  99.75      0.00   0.00        1     633     633       0
[46.640s][debug][gc,task,stats     ] GC(111)   0    278.69    277.71  99.65      0.00   0.00        1     629     629       0
[46.640s][debug][gc,ergo           ] GC(111) Running G1 Clear Card Table Task using 1 workers for 1 units of work for 391 regions.
[46.640s][debug][gc,ref            ] GC(111) Skipped phase1 of Reference Processing due to unavailable references
[46.640s][debug][gc,ref            ] GC(111) Skipped phase2 of Reference Processing due to unavailable references
[46.640s][debug][gc,ref            ] GC(111) Skipped phase3 of Reference Processing due to unavailable references
[46.640s][debug][gc,ref            ] GC(111) Skipped phase4 of Reference Processing due to unavailable references
[46.641s][debug][gc,ergo           ] GC(111) Running G1 Free Collection Set using 4 workers for collection set length 346
[46.641s][debug][gc,humongous      ] GC(111) Live humongous region 5 object size 524304 start 0x0000000780500000  with remset 0 code roots 0 is marked 0 reclaim candidate 0 type array 0
[46.641s][debug][gc,humongous      ] GC(111) Live humongous region 6 object size 1048592 start 0x0000000780600000  with remset 0 code roots 0 is marked 0 reclaim candidate 0 type array 0
[46.641s][debug][gc,humongous      ] GC(111) Live humongous region 8 object size 524304 start 0x0000000780800000  with remset 0 code roots 0 is marked 0 reclaim candidate 0 type array 0
[46.641s][debug][gc,humongous      ] GC(111) Live humongous region 13 object size 1048592 start 0x0000000780d00000  with remset 0 code roots 0 is marked 0 reclaim candidate 0 type array 0
[46.641s][debug][gc,humongous      ] GC(111) Live humongous region 17 object size 524304 start 0x0000000781100000  with remset 0 code roots 0 is marked 0 reclaim candidate 0 type array 0
[46.641s][debug][gc,humongous      ] GC(111) Live humongous region 19 object size 1048592 start 0x0000000781300000  with remset 0 code roots 0 is marked 0 reclaim candidate 0 type array 0
[46.641s][debug][gc,humongous      ] GC(111) Live humongous region 22 object size 524304 start 0x0000000781600000  with remset 0 code roots 0 is marked 0 reclaim candidate 0 type array 0
[46.641s][debug][gc,humongous      ] GC(111) Live humongous region 23 object size 1048592 start 0x0000000781700000  with remset 0 code roots 0 is marked 0 reclaim candidate 0 type array 0
[46.641s][debug][gc,humongous      ] GC(111) Live humongous region 25 object size 524304 start 0x0000000781900000  with remset 0 code roots 0 is marked 0 reclaim candidate 0 type array 0
[46.641s][debug][gc,humongous      ] GC(111) Live humongous region 26 object size 1048592 start 0x0000000781a00000  with remset 0 code roots 0 is marked 0 reclaim candidate 0 type array 0
[46.641s][debug][gc,humongous      ] GC(111) Live humongous region 29 object size 524304 start 0x0000000781d00000  with remset 0 code roots 0 is marked 0 reclaim candidate 0 type array 0
[46.641s][debug][gc,humongous      ] GC(111) Live humongous region 30 object size 1048592 start 0x0000000781e00000  with remset 0 code roots 0 is marked 0 reclaim candidate 0 type array 0
[46.641s][debug][gc,humongous      ] GC(111) Live humongous region 32 object size 524304 start 0x0000000782000000  with remset 0 code roots 0 is marked 0 reclaim candidate 0 type array 0
[46.641s][debug][gc,humongous      ] GC(111) Live humongous region 34 object size 1048592 start 0x0000000782200000  with remset 0 code roots 0 is marked 0 reclaim candidate 0 type array 0
[46.641s][debug][gc,humongous      ] GC(111) Live humongous region 36 object size 524304 start 0x0000000782400000  with remset 0 code roots 0 is marked 0 reclaim candidate 0 type array 0
[46.641s][debug][gc,humongous      ] GC(111) Live humongous region 38 object size 1048592 start 0x0000000782600000  with remset 0 code roots 0 is marked 0 reclaim candidate 0 type array 0
[46.641s][debug][gc,humongous      ] GC(111) Live humongous region 40 object size 524304 start 0x0000000782800000  with remset 0 code roots 0 is marked 0 reclaim candidate 0 type array 0
[46.641s][debug][gc,humongous      ] GC(111) Live humongous region 41 object size 1048592 start 0x0000000782900000  with remset 0 code roots 0 is marked 0 reclaim candidate 0 type array 0
[46.641s][debug][gc,humongous      ] GC(111) Live humongous region 43 object size 524304 start 0x0000000782b00000  with remset 0 code roots 0 is marked 0 reclaim candidate 0 type array 0
[46.641s][debug][gc,humongous      ] GC(111) Live humongous region 44 object size 1048592 start 0x0000000782c00000  with remset 0 code roots 0 is marked 0 reclaim candidate 0 type array 0
[46.641s][debug][gc,humongous      ] GC(111) Live humongous region 46 object size 524304 start 0x0000000782e00000  with remset 0 code roots 0 is marked 0 reclaim candidate 0 type array 0
[46.641s][debug][gc,humongous      ] GC(111) Live humongous region 47 object size 524304 start 0x0000000782f00000  with remset 0 code roots 0 is marked 0 reclaim candidate 0 type array 0
[46.641s][debug][gc,humongous      ] GC(111) Live humongous region 49 object size 1048592 start 0x0000000783100000  with remset 0 code roots 0 is marked 0 reclaim candidate 0 type array 0
[46.641s][debug][gc,humongous      ] GC(111) Live humongous region 51 object size 1048592 start 0x0000000783300000  with remset 0 code roots 0 is marked 0 reclaim candidate 0 type array 0
[46.641s][debug][gc,humongous      ] GC(111) Live humongous region 53 object size 524304 start 0x0000000783500000  with remset 0 code roots 0 is marked 0 reclaim candidate 0 type array 0
[46.641s][debug][gc,humongous      ] GC(111) Live humongous region 54 object size 1048592 start 0x0000000783600000  with remset 0 code roots 0 is marked 0 reclaim candidate 0 type array 0
[46.641s][debug][gc,humongous      ] GC(111) Live humongous region 56 object size 524304 start 0x0000000783800000  with remset 0 code roots 0 is marked 0 reclaim candidate 0 type array 0
[46.641s][debug][gc,humongous      ] GC(111) Live humongous region 57 object size 1048592 start 0x0000000783900000  with remset 0 code roots 0 is marked 0 reclaim candidate 0 type array 0
[46.641s][debug][gc,humongous      ] GC(111) Live humongous region 59 object size 524304 start 0x0000000783b00000  with remset 0 code roots 0 is marked 0 reclaim candidate 0 type array 0
[46.641s][debug][gc,humongous      ] GC(111) Live humongous region 61 object size 1048592 start 0x0000000783d00000  with remset 0 code roots 0 is marked 0 reclaim candidate 0 type array 0
[46.641s][debug][gc,humongous      ] GC(111) Live humongous region 63 object size 524304 start 0x0000000783f00000  with remset 0 code roots 0 is marked 0 reclaim candidate 0 type array 0
[46.641s][debug][gc,humongous      ] GC(111) Live humongous region 64 object size 1048592 start 0x0000000784000000  with remset 0 code roots 0 is marked 0 reclaim candidate 0 type array 0
[46.641s][debug][gc,humongous      ] GC(111) Live humongous region 66 object size 524304 start 0x0000000784200000  with remset 0 code roots 0 is marked 0 reclaim candidate 0 type array 0
[46.641s][debug][gc,humongous      ] GC(111) Live humongous region 67 object size 1048592 start 0x0000000784300000  with remset 0 code roots 0 is marked 0 reclaim candidate 0 type array 0
[46.641s][debug][gc,humongous      ] GC(111) Live humongous region 69 object size 524304 start 0x0000000784500000  with remset 0 code roots 0 is marked 0 reclaim candidate 0 type array 0
[46.641s][debug][gc,humongous      ] GC(111) Live humongous region 70 object size 1048592 start 0x0000000784600000  with remset 0 code roots 0 is marked 0 reclaim candidate 0 type array 0
[46.641s][debug][gc,humongous      ] GC(111) Live humongous region 72 object size 524304 start 0x0000000784800000  with remset 0 code roots 0 is marked 0 reclaim candidate 0 type array 0
[46.641s][debug][gc,humongous      ] GC(111) Live humongous region 73 object size 1048592 start 0x0000000784900000  with remset 0 code roots 0 is marked 0 reclaim candidate 0 type array 0
[46.641s][debug][gc,humongous      ] GC(111) Live humongous region 75 object size 524304 start 0x0000000784b00000  with remset 0 code roots 0 is marked 0 reclaim candidate 0 type array 0
[46.641s][debug][gc,humongous      ] GC(111) Live humongous region 76 object size 1048592 start 0x0000000784c00000  with remset 0 code roots 0 is marked 0 reclaim candidate 0 type array 0
[46.641s][debug][gc,humongous      ] GC(111) Live humongous region 79 object size 524304 start 0x0000000784f00000  with remset 0 code roots 0 is marked 0 reclaim candidate 0 type array 0
[46.641s][debug][gc,humongous      ] GC(111) Live humongous region 80 object size 1048592 start 0x0000000785000000  with remset 0 code roots 0 is marked 0 reclaim candidate 0 type array 0
[46.641s][debug][gc,humongous      ] GC(111) Live humongous region 82 object size 524304 start 0x0000000785200000  with remset 0 code roots 0 is marked 0 reclaim candidate 0 type array 0
[46.641s][debug][gc,humongous      ] GC(111) Live humongous region 83 object size 1048592 start 0x0000000785300000  with remset 0 code roots 0 is marked 0 reclaim candidate 0 type array 0
[46.641s][debug][gc,humongous      ] GC(111) Live humongous region 85 object size 524304 start 0x0000000785500000  with remset 0 code roots 0 is marked 0 reclaim candidate 0 type array 0
[46.641s][debug][gc,humongous      ] GC(111) Live humongous region 86 object size 1048592 start 0x0000000785600000  with remset 0 code roots 0 is marked 0 reclaim candidate 0 type array 0
[46.641s][debug][gc,humongous      ] GC(111) Live humongous region 88 object size 524304 start 0x0000000785800000  with remset 0 code roots 0 is marked 0 reclaim candidate 0 type array 0
[46.641s][debug][gc,humongous      ] GC(111) Live humongous region 89 object size 1048592 start 0x0000000785900000  with remset 0 code roots 0 is marked 0 reclaim candidate 0 type array 0
[46.641s][debug][gc,humongous      ] GC(111) Live humongous region 91 object size 524304 start 0x0000000785b00000  with remset 0 code roots 0 is marked 0 reclaim candidate 0 type array 0
[46.641s][debug][gc,humongous      ] GC(111) Live humongous region 92 object size 1048592 start 0x0000000785c00000  with remset 0 code roots 0 is marked 0 reclaim candidate 0 type array 0
[46.641s][debug][gc,humongous      ] GC(111) Live humongous region 95 object size 524304 start 0x0000000785f00000  with remset 0 code roots 0 is marked 0 reclaim candidate 0 type array 0
[46.641s][debug][gc,humongous      ] GC(111) Live humongous region 96 object size 1048592 start 0x0000000786000000  with remset 0 code roots 0 is marked 0 reclaim candidate 0 type array 0
[46.641s][debug][gc,humongous      ] GC(111) Live humongous region 98 object size 524304 start 0x0000000786200000  with remset 0 code roots 0 is marked 0 reclaim candidate 0 type array 0
[46.641s][debug][gc,humongous      ] GC(111) Live humongous region 99 object size 1048592 start 0x0000000786300000  with remset 0 code roots 0 is marked 0 reclaim candidate 0 type array 0
[46.641s][debug][gc,humongous      ] GC(111) Live humongous region 101 object size 524304 start 0x0000000786500000  with remset 0 code roots 0 is marked 0 reclaim candidate 0 type array 0
[46.641s][debug][gc,humongous      ] GC(111) Live humongous region 102 object size 1048592 start 0x0000000786600000  with remset 0 code roots 0 is marked 0 reclaim candidate 0 type array 0
[46.641s][debug][gc,humongous      ] GC(111) Live humongous region 104 object size 524304 start 0x0000000786800000  with remset 0 code roots 0 is marked 0 reclaim candidate 0 type array 0
[46.641s][debug][gc,humongous      ] GC(111) Live humongous region 105 object size 1048592 start 0x0000000786900000  with remset 0 code roots 0 is marked 0 reclaim candidate 0 type array 0
[46.641s][debug][gc,humongous      ] GC(111) Live humongous region 108 object size 524304 start 0x0000000786c00000  with remset 0 code roots 0 is marked 0 reclaim candidate 0 type array 0
[46.641s][debug][gc,humongous      ] GC(111) Live humongous region 109 object size 524304 start 0x0000000786d00000  with remset 0 code roots 0 is marked 0 reclaim candidate 0 type array 0
[46.641s][debug][gc,humongous      ] GC(111) Live humongous region 111 object size 1048592 start 0x0000000786f00000  with remset 0 code roots 0 is marked 0 reclaim candidate 0 type array 0
[46.641s][debug][gc,humongous      ] GC(111) Live humongous region 113 object size 1048592 start 0x0000000787100000  with remset 0 code roots 0 is marked 0 reclaim candidate 0 type array 0
[46.641s][debug][gc,humongous      ] GC(111) Live humongous region 116 object size 524304 start 0x0000000787400000  with remset 0 code roots 0 is marked 0 reclaim candidate 0 type array 0
[46.641s][debug][gc,humongous      ] GC(111) Live humongous region 117 object size 1048592 start 0x0000000787500000  with remset 0 code roots 0 is marked 0 reclaim candidate 0 type array 0
[46.641s][debug][gc,plab           ] GC(111) Young PLAB allocation: allocated: 46137344B, wasted: 2136B, unused: 0B, used: 46135208B, undo waste: 0B, 
[46.641s][debug][gc,plab           ] GC(111) Young other allocation: region end waste: 0B, regions filled: 44, direct allocated: 0B, failure used: 0B, failure wasted: 0B
[46.641s][debug][gc,plab           ] GC(111) Young sizing: calculated: 9227040B, actual: 7708056B
[46.641s][debug][gc,plab           ] GC(111) Old PLAB allocation: allocated: 289229520B, wasted: 2632072B, unused: 3656B, used: 286593792B, undo waste: 0B, 
[46.641s][debug][gc,plab           ] GC(111) Old other allocation: region end waste: 0B, regions filled: 276, direct allocated: 16400B, failure used: 0B, failure wasted: 0B
[46.641s][debug][gc,plab           ] GC(111) Old sizing: calculated: 57318752B, actual: 42989080B
[46.641s][info ][gc,mmu            ] GC(111) MMU target violated: 201.0ms (200.0ms/201.0ms)
[46.641s][debug][gc,ergo,ihop      ] GC(111) Request concurrent cycle initiation (occupancy higher than threshold) occupancy: 439353344B allocation request: 0B threshold: 154842494B (9.77) source: end of GC
[46.641s][debug][gc,alloc,stats    ] Old generation allocation in the last mutator period, old gen allocated: 289229520B, humongous allocated: 100663296B,old gen growth: 386747088B.
[46.641s][debug][gc,ihop           ] GC(111) Basic information (value update), threshold: 241681785B (15.24), target occupancy: 1585446912B, current occupancy: 485329920B, recent allocation size: 389892816B, recent allocation duration: 3748.64ms, recent old gen allocation rate: 104009209.19B/s, recent marking phase length: 232.15ms
[46.641s][debug][gc,ihop           ] GC(111) Adaptive IHOP information (value update), threshold: 241681785B (16.05), internal target occupancy: 1506174566B, occupancy: 485329920B, additional buffer size: 278921216B, predicted old gen allocation rate: 2776448344.29B/s, predicted marking phase length: 354.98ms, prediction active: true
[46.641s][debug][gc,ergo,refine    ] GC(111) Updated Refinement Zones: green: 50, yellow: 150, red: 250
[46.641s][info ][gc,phases         ] GC(111)   Pre Evacuate Collection Set: 0.4ms
[46.641s][debug][gc,phases         ] GC(111)     Prepare TLABs: 0.1ms
[46.641s][debug][gc,phases         ] GC(111)     Choose Collection Set: 0.1ms
[46.641s][debug][gc,phases         ] GC(111)     Humongous Register: 0.3ms
[46.641s][info ][gc,phases         ] GC(111)   Evacuate Collection Set: 278.9ms
[46.641s][debug][gc,phases         ] GC(111)     Ext Root Scanning (ms):   Min:  0.0, Avg:  0.2, Max:  0.2, Diff:  0.2, Sum:  0.7, Workers: 4
[46.641s][debug][gc,phases         ] GC(111)     Update RS (ms):           Min:  3.1, Avg:  4.8, Max:  8.7, Diff:  5.7, Sum: 19.3, Workers: 4
[46.641s][debug][gc,phases         ] GC(111)       Processed Buffers:        Min: 6, Avg: 14.0, Max: 33, Diff: 27, Sum: 56, Workers: 4
[46.641s][debug][gc,phases         ] GC(111)       Scanned Cards:            Min: 1536, Avg: 3351.8, Max: 7698, Diff: 6162, Sum: 13407, Workers: 4
[46.641s][debug][gc,phases         ] GC(111)       Skipped Cards:            Min: 0, Avg:  0.0, Max: 0, Diff: 0, Sum: 0, Workers: 4
[46.641s][debug][gc,phases         ] GC(111)     Scan RS (ms):             Min:  8.9, Avg:  9.1, Max:  9.4, Diff:  0.5, Sum: 36.4, Workers: 4
[46.642s][debug][gc,phases         ] GC(111)       Scanned Cards:            Min: 5345, Avg: 5475.2, Max: 5613, Diff: 268, Sum: 21901, Workers: 4
[46.642s][debug][gc,phases         ] GC(111)       Claimed Cards:            Min: 5421, Avg: 5675.0, Max: 6078, Diff: 657, Sum: 22700, Workers: 4
[46.642s][debug][gc,phases         ] GC(111)       Skipped Cards:            Min: 143, Avg: 1218.5, Max: 2168, Diff: 2025, Sum: 4874, Workers: 4
[46.642s][debug][gc,phases         ] GC(111)     Code Root Scanning (ms):  Min:  0.0, Avg:  0.0, Max:  0.1, Diff:  0.1, Sum:  0.2, Workers: 4
[46.642s][debug][gc,phases         ] GC(111)     JVMCI Root Scan (ms):     skipped
[46.642s][debug][gc,phases         ] GC(111)     Object Copy (ms):         Min: 259.6, Avg: 263.6, Max: 265.4, Diff:  5.7, Sum: 1054.5, Workers: 4
[46.642s][debug][gc,phases         ] GC(111)     Termination (ms):         Min:  0.0, Avg:  0.0, Max:  0.0, Diff:  0.0, Sum:  0.0, Workers: 4
[46.642s][debug][gc,phases         ] GC(111)       Termination Attempts:     Min: 1, Avg:  1.0, Max: 1, Diff: 0, Sum: 4, Workers: 4
[46.642s][debug][gc,phases         ] GC(111)     GC Worker Other (ms):     Min:  0.7, Avg:  0.7, Max:  0.8, Diff:  0.1, Sum:  3.0, Workers: 4
[46.642s][debug][gc,phases         ] GC(111)     GC Worker Total (ms):     Min: 278.1, Avg: 278.5, Max: 278.7, Diff:  0.6, Sum: 1114.0, Workers: 4
[46.642s][info ][gc,phases         ] GC(111)   Post Evacuate Collection Set: 0.9ms
[46.642s][debug][gc,phases         ] GC(111)     Code Roots Fixup: 0.0ms
[46.642s][debug][gc,phases         ] GC(111)     Clear Card Table: 0.1ms
[46.642s][debug][gc,phases         ] GC(111)     Reference Processing: 0.0ms
[46.642s][debug][gc,phases,ref     ] GC(111)       Reconsider SoftReferences: 0.0ms
[46.642s][debug][gc,phases,ref     ] GC(111)         SoftRef (ms):             skipped
[46.642s][debug][gc,phases,ref     ] GC(111)       Notify Soft/WeakReferences: 0.0ms
[46.642s][debug][gc,phases,ref     ] GC(111)         SoftRef (ms):             skipped
[46.642s][debug][gc,phases,ref     ] GC(111)         WeakRef (ms):             skipped
[46.642s][debug][gc,phases,ref     ] GC(111)         FinalRef (ms):            skipped
[46.642s][debug][gc,phases,ref     ] GC(111)         Total (ms):               skipped
[46.642s][debug][gc,phases,ref     ] GC(111)       Notify and keep alive finalizable: 0.0ms
[46.642s][debug][gc,phases,ref     ] GC(111)         FinalRef (ms):            skipped
[46.642s][debug][gc,phases,ref     ] GC(111)       Notify PhantomReferences: 0.0ms
[46.642s][debug][gc,phases,ref     ] GC(111)         PhantomRef (ms):          skipped
[46.642s][debug][gc,phases,ref     ] GC(111)       SoftReference:
[46.642s][debug][gc,phases,ref     ] GC(111)         Discovered: 0
[46.642s][debug][gc,phases,ref     ] GC(111)         Cleared: 0
[46.642s][debug][gc,phases,ref     ] GC(111)       WeakReference:
[46.642s][debug][gc,phases,ref     ] GC(111)         Discovered: 0
[46.642s][debug][gc,phases,ref     ] GC(111)         Cleared: 0
[46.642s][debug][gc,phases,ref     ] GC(111)       FinalReference:
[46.642s][debug][gc,phases,ref     ] GC(111)         Discovered: 0
[46.642s][debug][gc,phases,ref     ] GC(111)         Cleared: 0
[46.642s][debug][gc,phases,ref     ] GC(111)       PhantomReference:
[46.642s][debug][gc,phases,ref     ] GC(111)         Discovered: 0
[46.642s][debug][gc,phases,ref     ] GC(111)         Cleared: 0
[46.642s][debug][gc,phases         ] GC(111)     Weak Processing: 0.0ms
[46.642s][debug][gc,phases         ] GC(111)     Merge Per-Thread State: 0.0ms
[46.642s][debug][gc,phases         ] GC(111)     Code Roots Purge: 0.0ms
[46.642s][debug][gc,phases         ] GC(111)     Redirty Cards: 0.0ms
[46.642s][debug][gc,phases         ] GC(111)     DerivedPointerTable Update: 0.0ms
[46.642s][debug][gc,phases         ] GC(111)     Free Collection Set: 0.2ms
[46.642s][debug][gc,phases         ] GC(111)     Humongous Reclaim: 0.5ms
[46.642s][debug][gc,phases         ] GC(111)     Start New Collection Set: 0.0ms
[46.642s][debug][gc,phases         ] GC(111)     Resize TLABs: 0.0ms
[46.642s][debug][gc,phases         ] GC(111)     Expand Heap After Collection: 0.0ms
[46.642s][info ][gc,phases         ] GC(111)   Other: 1.1ms
[46.642s][info ][gc,heap           ] GC(111) Eden regions: 329->0(222)
[46.642s][info ][gc,heap           ] GC(111) Survivor regions: 17->44(44)
[46.642s][info ][gc,heap           ] GC(111) Old regions: 47->323
[46.642s][info ][gc,heap           ] GC(111) Humongous regions: 96->96
[46.642s][info ][gc,metaspace      ] GC(111) Metaspace: 13339K->13339K(1060864K)
[46.642s][debug][gc,heap           ] GC(111) Heap after GC invocations=112 (full 0): garbage-first heap   total 1548288K, used 473955K [0x0000000780000000, 0x0000000800000000)
[46.642s][debug][gc,heap           ] GC(111)   region size 1024K, 44 young (45056K), 44 survivors (45056K)
[46.642s][debug][gc,heap           ] GC(111)  Metaspace       used 13339K, capacity 13739K, committed 13824K, reserved 1060864K
[46.642s][debug][gc,heap           ] GC(111)   class space    used 1352K, capacity 1515K, committed 1536K, reserved 1048576K
[46.642s][info ][gc                ] GC(111) Pause Young (Normal) (G1 Evacuation Pause) 488M->462M(1512M) 281.601ms
[46.642s][info ][gc,cpu            ] GC(111) User=0.93s Sys=0.04s Real=0.28s
[46.642s][debug][gc,refine         ] Deactivated worker 0, off threshold: 50, current: 15, processed: 0
[46.644s][debug][gc,ergo,ihop      ] Request concurrent cycle initiation (occupancy higher than threshold) occupancy: 439353344B allocation request: 524304B threshold: 241681785B (15.24) source: concurrent humongous allocation
[46.644s][debug][gc,ergo           ] Request concurrent cycle initiation (requested by GC cause). GC cause: G1 Humongous Allocation
[46.644s][debug][gc,heap           ] GC(112) Heap before GC invocations=112 (full 0): garbage-first heap   total 1548288K, used 479075K [0x0000000780000000, 0x0000000800000000)
[46.644s][debug][gc,heap           ] GC(112)   region size 1024K, 50 young (51200K), 44 survivors (45056K)
[46.644s][debug][gc,heap           ] GC(112)  Metaspace       used 13339K, capacity 13739K, committed 13824K, reserved 1060864K
[46.644s][debug][gc,heap           ] GC(112)   class space    used 1352K, capacity 1515K, committed 1536K, reserved 1048576K
[46.644s][debug][gc,ergo           ] GC(112) Initiate concurrent cycle (concurrent cycle initiation requested)
[46.644s][info ][gc,start          ] GC(112) Pause Young (Concurrent Start) (G1 Humongous Allocation)
[46.644s][info ][gc,task           ] GC(112) Using 4 workers of 4 for evacuation
[46.644s][debug][gc,tlab           ] GC(112) TLAB totals: thrds: 1  refills: 17 max: 17 slow allocs: 2 max 2 waste:  7.8% gc: 417760B max: 417760B slow: 9432B max: 9432B fast: 0B max: 0B
[46.644s][debug][gc,alloc,region   ] GC(112) Mutator Allocation stats, regions: 6, wasted size: 0B ( 0.0%)
[46.644s][debug][gc,age            ] GC(112) Desired survivor size 17825792 bytes, new threshold 1 (max threshold 15)
[46.644s][debug][gc,ergo,cset      ] GC(112) Finish choosing CSet. old: 0 regions, predicted old region time: 0.00ms, time remaining: 178.70
[46.644s][debug][gc,task,stats     ] GC(112) GC Termination Stats
[46.644s][debug][gc,task,stats     ] GC(112)      elapsed  --strong roots-- -------termination------- ------waste (KiB)------
[46.644s][debug][gc,task,stats     ] GC(112) thr     ms        ms      %        ms      %    attempts  total   alloc    undo
[46.644s][debug][gc,task,stats     ] GC(112) --- --------- --------- ------ --------- ------ -------- ------- ------- -------
[46.682s][debug][gc,task,stats     ] GC(112)   0     38.11     32.24  84.58      0.00   0.00        1       0       0       0
[46.682s][debug][gc,task,stats     ] GC(112)   1     38.18     38.09  99.75      0.00   0.00        1       0       0       0
[46.682s][debug][gc,task,stats     ] GC(112)   2     38.21     29.51  77.23      0.00   0.00        1       0       0       0
[46.682s][debug][gc,task,stats     ] GC(112)   3     38.26     36.46  95.29      0.00   0.00        1       0       0       0
[46.683s][debug][gc,ergo           ] GC(112) Running G1 Clear Card Table Task using 1 workers for 1 units of work for 60 regions.
[46.683s][debug][gc,ref            ] GC(112) Skipped phase1 of Reference Processing due to unavailable references
[46.683s][debug][gc,ref            ] GC(112) Skipped phase2 of Reference Processing due to unavailable references
[46.683s][debug][gc,ref            ] GC(112) Skipped phase3 of Reference Processing due to unavailable references
[46.683s][debug][gc,ref            ] GC(112) Skipped phase4 of Reference Processing due to unavailable references
[46.683s][debug][gc,ergo           ] GC(112) Running G1 Free Collection Set using 1 workers for collection set length 50
[46.683s][debug][gc,humongous      ] GC(112) Live humongous region 5 object size 524304 start 0x0000000780500000  with remset 0 code roots 0 is marked 0 reclaim candidate 0 type array 0
[46.683s][debug][gc,humongous      ] GC(112) Live humongous region 6 object size 1048592 start 0x0000000780600000  with remset 0 code roots 0 is marked 0 reclaim candidate 0 type array 0
[46.683s][debug][gc,humongous      ] GC(112) Live humongous region 8 object size 524304 start 0x0000000780800000  with remset 0 code roots 0 is marked 0 reclaim candidate 0 type array 0
[46.683s][debug][gc,humongous      ] GC(112) Live humongous region 13 object size 1048592 start 0x0000000780d00000  with remset 0 code roots 0 is marked 0 reclaim candidate 0 type array 0
[46.683s][debug][gc,humongous      ] GC(112) Live humongous region 17 object size 524304 start 0x0000000781100000  with remset 0 code roots 0 is marked 0 reclaim candidate 0 type array 0
[46.683s][debug][gc,humongous      ] GC(112) Live humongous region 19 object size 1048592 start 0x0000000781300000  with remset 0 code roots 0 is marked 0 reclaim candidate 0 type array 0
[46.683s][debug][gc,humongous      ] GC(112) Live humongous region 22 object size 524304 start 0x0000000781600000  with remset 0 code roots 0 is marked 0 reclaim candidate 0 type array 0
[46.683s][debug][gc,humongous      ] GC(112) Live humongous region 23 object size 1048592 start 0x0000000781700000  with remset 0 code roots 0 is marked 0 reclaim candidate 0 type array 0
[46.683s][debug][gc,humongous      ] GC(112) Live humongous region 25 object size 524304 start 0x0000000781900000  with remset 0 code roots 0 is marked 0 reclaim candidate 0 type array 0
[46.683s][debug][gc,humongous      ] GC(112) Live humongous region 26 object size 1048592 start 0x0000000781a00000  with remset 0 code roots 0 is marked 0 reclaim candidate 0 type array 0
[46.683s][debug][gc,humongous      ] GC(112) Live humongous region 29 object size 524304 start 0x0000000781d00000  with remset 0 code roots 0 is marked 0 reclaim candidate 0 type array 0
[46.683s][debug][gc,humongous      ] GC(112) Live humongous region 30 object size 1048592 start 0x0000000781e00000  with remset 0 code roots 0 is marked 0 reclaim candidate 0 type array 0
[46.683s][debug][gc,humongous      ] GC(112) Live humongous region 32 object size 524304 start 0x0000000782000000  with remset 0 code roots 0 is marked 0 reclaim candidate 0 type array 0
[46.683s][debug][gc,humongous      ] GC(112) Live humongous region 34 object size 1048592 start 0x0000000782200000  with remset 0 code roots 0 is marked 0 reclaim candidate 0 type array 0
[46.683s][debug][gc,humongous      ] GC(112) Live humongous region 36 object size 524304 start 0x0000000782400000  with remset 0 code roots 0 is marked 0 reclaim candidate 0 type array 0
[46.683s][debug][gc,humongous      ] GC(112) Live humongous region 38 object size 1048592 start 0x0000000782600000  with remset 0 code roots 0 is marked 0 reclaim candidate 0 type array 0
[46.684s][debug][gc,humongous      ] GC(112) Live humongous region 40 object size 524304 start 0x0000000782800000  with remset 0 code roots 0 is marked 0 reclaim candidate 0 type array 0
[46.684s][debug][gc,humongous      ] GC(112) Live humongous region 41 object size 1048592 start 0x0000000782900000  with remset 0 code roots 0 is marked 0 reclaim candidate 0 type array 0
[46.684s][debug][gc,humongous      ] GC(112) Live humongous region 43 object size 524304 start 0x0000000782b00000  with remset 0 code roots 0 is marked 0 reclaim candidate 0 type array 0
[46.684s][debug][gc,humongous      ] GC(112) Live humongous region 44 object size 1048592 start 0x0000000782c00000  with remset 0 code roots 0 is marked 0 reclaim candidate 0 type array 0
[46.684s][debug][gc,humongous      ] GC(112) Live humongous region 46 object size 524304 start 0x0000000782e00000  with remset 0 code roots 0 is marked 0 reclaim candidate 0 type array 0
[46.684s][debug][gc,humongous      ] GC(112) Live humongous region 47 object size 524304 start 0x0000000782f00000  with remset 0 code roots 0 is marked 0 reclaim candidate 0 type array 0
[46.684s][debug][gc,humongous      ] GC(112) Live humongous region 49 object size 1048592 start 0x0000000783100000  with remset 0 code roots 0 is marked 0 reclaim candidate 0 type array 0
[46.684s][debug][gc,humongous      ] GC(112) Live humongous region 51 object size 1048592 start 0x0000000783300000  with remset 0 code roots 0 is marked 0 reclaim candidate 0 type array 0
[46.684s][debug][gc,humongous      ] GC(112) Live humongous region 53 object size 524304 start 0x0000000783500000  with remset 0 code roots 0 is marked 0 reclaim candidate 0 type array 0
[46.684s][debug][gc,humongous      ] GC(112) Live humongous region 54 object size 1048592 start 0x0000000783600000  with remset 0 code roots 0 is marked 0 reclaim candidate 0 type array 0
[46.684s][debug][gc,humongous      ] GC(112) Live humongous region 56 object size 524304 start 0x0000000783800000  with remset 0 code roots 0 is marked 0 reclaim candidate 0 type array 0
[46.684s][debug][gc,humongous      ] GC(112) Live humongous region 57 object size 1048592 start 0x0000000783900000  with remset 0 code roots 0 is marked 0 reclaim candidate 0 type array 0
[46.684s][debug][gc,humongous      ] GC(112) Live humongous region 59 object size 524304 start 0x0000000783b00000  with remset 0 code roots 0 is marked 0 reclaim candidate 0 type array 0
[46.684s][debug][gc,humongous      ] GC(112) Live humongous region 61 object size 1048592 start 0x0000000783d00000  with remset 0 code roots 0 is marked 0 reclaim candidate 0 type array 0
[46.684s][debug][gc,humongous      ] GC(112) Live humongous region 63 object size 524304 start 0x0000000783f00000  with remset 0 code roots 0 is marked 0 reclaim candidate 0 type array 0
[46.684s][debug][gc,humongous      ] GC(112) Live humongous region 64 object size 1048592 start 0x0000000784000000  with remset 0 code roots 0 is marked 0 reclaim candidate 0 type array 0
[46.684s][debug][gc,humongous      ] GC(112) Live humongous region 66 object size 524304 start 0x0000000784200000  with remset 0 code roots 0 is marked 0 reclaim candidate 0 type array 0
[46.684s][debug][gc,humongous      ] GC(112) Live humongous region 67 object size 1048592 start 0x0000000784300000  with remset 0 code roots 0 is marked 0 reclaim candidate 0 type array 0
[46.684s][debug][gc,humongous      ] GC(112) Live humongous region 69 object size 524304 start 0x0000000784500000  with remset 0 code roots 0 is marked 0 reclaim candidate 0 type array 0
[46.684s][debug][gc,humongous      ] GC(112) Live humongous region 70 object size 1048592 start 0x0000000784600000  with remset 0 code roots 0 is marked 0 reclaim candidate 0 type array 0
[46.684s][debug][gc,humongous      ] GC(112) Live humongous region 72 object size 524304 start 0x0000000784800000  with remset 0 code roots 0 is marked 0 reclaim candidate 0 type array 0
[46.684s][debug][gc,humongous      ] GC(112) Live humongous region 73 object size 1048592 start 0x0000000784900000  with remset 0 code roots 0 is marked 0 reclaim candidate 0 type array 0
[46.684s][debug][gc,humongous      ] GC(112) Live humongous region 75 object size 524304 start 0x0000000784b00000  with remset 0 code roots 0 is marked 0 reclaim candidate 0 type array 0
[46.684s][debug][gc,humongous      ] GC(112) Live humongous region 76 object size 1048592 start 0x0000000784c00000  with remset 0 code roots 0 is marked 0 reclaim candidate 0 type array 0
[46.684s][debug][gc,humongous      ] GC(112) Live humongous region 79 object size 524304 start 0x0000000784f00000  with remset 0 code roots 0 is marked 0 reclaim candidate 0 type array 0
[46.684s][debug][gc,humongous      ] GC(112) Live humongous region 80 object size 1048592 start 0x0000000785000000  with remset 0 code roots 0 is marked 0 reclaim candidate 0 type array 0
[46.684s][debug][gc,humongous      ] GC(112) Live humongous region 82 object size 524304 start 0x0000000785200000  with remset 0 code roots 0 is marked 0 reclaim candidate 0 type array 0
[46.684s][debug][gc,humongous      ] GC(112) Live humongous region 83 object size 1048592 start 0x0000000785300000  with remset 0 code roots 0 is marked 0 reclaim candidate 0 type array 0
[46.684s][debug][gc,humongous      ] GC(112) Live humongous region 85 object size 524304 start 0x0000000785500000  with remset 0 code roots 0 is marked 0 reclaim candidate 0 type array 0
[46.684s][debug][gc,humongous      ] GC(112) Live humongous region 86 object size 1048592 start 0x0000000785600000  with remset 0 code roots 0 is marked 0 reclaim candidate 0 type array 0
[46.684s][debug][gc,humongous      ] GC(112) Live humongous region 88 object size 524304 start 0x0000000785800000  with remset 0 code roots 0 is marked 0 reclaim candidate 0 type array 0
[46.684s][debug][gc,humongous      ] GC(112) Live humongous region 89 object size 1048592 start 0x0000000785900000  with remset 0 code roots 0 is marked 0 reclaim candidate 0 type array 0
[46.684s][debug][gc,humongous      ] GC(112) Live humongous region 91 object size 524304 start 0x0000000785b00000  with remset 0 code roots 0 is marked 0 reclaim candidate 0 type array 0
[46.684s][debug][gc,humongous      ] GC(112) Live humongous region 92 object size 1048592 start 0x0000000785c00000  with remset 0 code roots 0 is marked 0 reclaim candidate 0 type array 0
[46.684s][debug][gc,humongous      ] GC(112) Live humongous region 95 object size 524304 start 0x0000000785f00000  with remset 0 code roots 0 is marked 0 reclaim candidate 0 type array 0
[46.684s][debug][gc,humongous      ] GC(112) Live humongous region 96 object size 1048592 start 0x0000000786000000  with remset 0 code roots 0 is marked 0 reclaim candidate 0 type array 0
[46.684s][debug][gc,humongous      ] GC(112) Live humongous region 98 object size 524304 start 0x0000000786200000  with remset 0 code roots 0 is marked 0 reclaim candidate 0 type array 0
[46.684s][debug][gc,humongous      ] GC(112) Live humongous region 99 object size 1048592 start 0x0000000786300000  with remset 0 code roots 0 is marked 0 reclaim candidate 0 type array 0
[46.684s][debug][gc,humongous      ] GC(112) Live humongous region 101 object size 524304 start 0x0000000786500000  with remset 0 code roots 0 is marked 0 reclaim candidate 0 type array 0
[46.684s][debug][gc,humongous      ] GC(112) Live humongous region 102 object size 1048592 start 0x0000000786600000  with remset 0 code roots 0 is marked 0 reclaim candidate 0 type array 0
[46.684s][debug][gc,humongous      ] GC(112) Live humongous region 104 object size 524304 start 0x0000000786800000  with remset 0 code roots 0 is marked 0 reclaim candidate 0 type array 0
[46.684s][debug][gc,humongous      ] GC(112) Live humongous region 105 object size 1048592 start 0x0000000786900000  with remset 0 code roots 0 is marked 0 reclaim candidate 0 type array 0
[46.684s][debug][gc,humongous      ] GC(112) Live humongous region 108 object size 524304 start 0x0000000786c00000  with remset 0 code roots 0 is marked 0 reclaim candidate 0 type array 0
[46.684s][debug][gc,humongous      ] GC(112) Live humongous region 109 object size 524304 start 0x0000000786d00000  with remset 0 code roots 0 is marked 0 reclaim candidate 0 type array 0
[46.684s][debug][gc,humongous      ] GC(112) Live humongous region 111 object size 1048592 start 0x0000000786f00000  with remset 0 code roots 0 is marked 0 reclaim candidate 0 type array 0
[46.684s][debug][gc,humongous      ] GC(112) Live humongous region 113 object size 1048592 start 0x0000000787100000  with remset 0 code roots 0 is marked 0 reclaim candidate 0 type array 0
[46.684s][debug][gc,humongous      ] GC(112) Live humongous region 116 object size 524304 start 0x0000000787400000  with remset 0 code roots 0 is marked 0 reclaim candidate 0 type array 0
[46.684s][debug][gc,humongous      ] GC(112) Live humongous region 117 object size 1048592 start 0x0000000787500000  with remset 0 code roots 0 is marked 0 reclaim candidate 0 type array 0
[46.684s][debug][gc,plab           ] GC(112) Young PLAB allocation: allocated: 5505008B, wasted: 200B, unused: 654368B, used: 4850440B, undo waste: 0B, 
[46.684s][debug][gc,plab           ] GC(112) Young other allocation: region end waste: 0B, regions filled: 6, direct allocated: 262160B, failure used: 0B, failure wasted: 0B
[46.684s][debug][gc,plab           ] GC(112) Young sizing: calculated: 970088B, actual: 2654576B
[46.684s][debug][gc,plab           ] GC(112) Old PLAB allocation: allocated: 47346688B, wasted: 2152B, unused: 1209328B, used: 46135208B, undo waste: 0B, 
[46.684s][debug][gc,plab           ] GC(112) Old other allocation: region end waste: 0B, regions filled: 46, direct allocated: 0B, failure used: 0B, failure wasted: 0B
[46.684s][debug][gc,plab           ] GC(112) Old sizing: calculated: 9227040B, actual: 17667544B
[46.684s][debug][gc,alloc,stats    ] Old generation allocation in the last mutator period, old gen allocated: 47346688B, humongous allocated: 0B,old gen growth: 47346688B.
[46.684s][debug][gc,ihop           ] GC(112) Basic information (value update), threshold: 0B (0.00), target occupancy: 1585446912B, current occupancy: 492306432B, recent allocation size: 47346688B, recent allocation duration: 2.70ms, recent old gen allocation rate: 17513607008.56B/s, recent marking phase length: 232.15ms
[46.684s][debug][gc,ihop           ] GC(112) Adaptive IHOP information (value update), threshold: 0B (0.00), internal target occupancy: 1506174566B, occupancy: 492306432B, additional buffer size: 181403648B, predicted old gen allocation rate: 4296455063.26B/s, predicted marking phase length: 354.98ms, prediction active: true
[46.684s][debug][gc,ergo,refine    ] GC(112) Updated Refinement Zones: green: 50, yellow: 150, red: 250
[46.684s][info ][gc,phases         ] GC(112)   Pre Evacuate Collection Set: 0.1ms
[46.684s][debug][gc,phases         ] GC(112)     Prepare TLABs: 0.0ms
[46.684s][debug][gc,phases         ] GC(112)     Choose Collection Set: 0.0ms
[46.684s][debug][gc,phases         ] GC(112)     Humongous Register: 0.0ms
[46.684s][debug][gc,phases         ] GC(112)     Clear Claimed Marks: 0.0ms
[46.684s][info ][gc,phases         ] GC(112)   Evacuate Collection Set: 38.3ms
[46.684s][debug][gc,phases         ] GC(112)     Ext Root Scanning (ms):   Min:  0.2, Avg:  0.2, Max:  0.2, Diff:  0.0, Sum:  0.8, Workers: 4
[46.684s][debug][gc,phases         ] GC(112)     Update RS (ms):           Min:  1.0, Avg:  1.2, Max:  1.3, Diff:  0.3, Sum:  4.8, Workers: 4
[46.684s][debug][gc,phases         ] GC(112)       Processed Buffers:        Min: 4, Avg:  4.0, Max: 4, Diff: 0, Sum: 16, Workers: 4
[46.684s][debug][gc,phases         ] GC(112)       Scanned Cards:            Min: 773, Avg: 871.2, Max: 973, Diff: 200, Sum: 3485, Workers: 4
[46.684s][debug][gc,phases         ] GC(112)       Skipped Cards:            Min: 0, Avg:  0.0, Max: 0, Diff: 0, Sum: 0, Workers: 4
[46.684s][debug][gc,phases         ] GC(112)     Scan RS (ms):             Min:  0.0, Avg:  0.0, Max:  0.0, Diff:  0.0, Sum:  0.0, Workers: 4
[46.684s][debug][gc,phases         ] GC(112)       Scanned Cards:            Min: 0, Avg:  0.0, Max: 0, Diff: 0, Sum: 0, Workers: 4
[46.684s][debug][gc,phases         ] GC(112)       Claimed Cards:            Min: 0, Avg:  0.0, Max: 0, Diff: 0, Sum: 0, Workers: 4
[46.684s][debug][gc,phases         ] GC(112)       Skipped Cards:            Min: 0, Avg:  0.0, Max: 0, Diff: 0, Sum: 0, Workers: 4
[46.684s][debug][gc,phases         ] GC(112)     Code Root Scanning (ms):  Min:  0.0, Avg:  0.0, Max:  0.1, Diff:  0.1, Sum:  0.1, Workers: 4
[46.684s][debug][gc,phases         ] GC(112)     JVMCI Root Scan (ms):     skipped
[46.684s][debug][gc,phases         ] GC(112)     Object Copy (ms):         Min: 36.6, Avg: 36.7, Max: 36.8, Diff:  0.2, Sum: 146.7, Workers: 4
[46.684s][debug][gc,phases         ] GC(112)     Termination (ms):         Min:  0.0, Avg:  0.0, Max:  0.0, Diff:  0.0, Sum:  0.0, Workers: 4
[46.684s][debug][gc,phases         ] GC(112)       Termination Attempts:     Min: 1, Avg:  1.0, Max: 1, Diff: 0, Sum: 4, Workers: 4
[46.684s][debug][gc,phases         ] GC(112)     GC Worker Other (ms):     Min:  0.1, Avg:  0.1, Max:  0.2, Diff:  0.1, Sum:  0.5, Workers: 4
[46.684s][debug][gc,phases         ] GC(112)     GC Worker Total (ms):     Min: 38.2, Avg: 38.2, Max: 38.3, Diff:  0.1, Sum: 152.9, Workers: 4
[46.684s][info ][gc,phases         ] GC(112)   Post Evacuate Collection Set: 1.5ms
[46.684s][debug][gc,phases         ] GC(112)     Code Roots Fixup: 0.0ms
[46.684s][debug][gc,phases         ] GC(112)     Clear Card Table: 0.1ms
[46.684s][debug][gc,phases         ] GC(112)     Reference Processing: 0.1ms
[46.684s][debug][gc,phases,ref     ] GC(112)       Reconsider SoftReferences: 0.0ms
[46.684s][debug][gc,phases,ref     ] GC(112)         SoftRef (ms):             skipped
[46.684s][debug][gc,phases,ref     ] GC(112)       Notify Soft/WeakReferences: 0.0ms
[46.684s][debug][gc,phases,ref     ] GC(112)         SoftRef (ms):             skipped
[46.684s][debug][gc,phases,ref     ] GC(112)         WeakRef (ms):             skipped
[46.684s][debug][gc,phases,ref     ] GC(112)         FinalRef (ms):            skipped
[46.684s][debug][gc,phases,ref     ] GC(112)         Total (ms):               skipped
[46.684s][debug][gc,phases,ref     ] GC(112)       Notify and keep alive finalizable: 0.0ms
[46.684s][debug][gc,phases,ref     ] GC(112)         FinalRef (ms):            skipped
[46.685s][debug][gc,phases,ref     ] GC(112)       Notify PhantomReferences: 0.0ms
[46.685s][debug][gc,phases,ref     ] GC(112)         PhantomRef (ms):          skipped
[46.685s][debug][gc,phases,ref     ] GC(112)       SoftReference:
[46.685s][debug][gc,phases,ref     ] GC(112)         Discovered: 0
[46.685s][debug][gc,phases,ref     ] GC(112)         Cleared: 0
[46.685s][debug][gc,phases,ref     ] GC(112)       WeakReference:
[46.685s][debug][gc,phases,ref     ] GC(112)         Discovered: 0
[46.685s][debug][gc,phases,ref     ] GC(112)         Cleared: 0
[46.685s][debug][gc,phases,ref     ] GC(112)       FinalReference:
[46.685s][debug][gc,phases,ref     ] GC(112)         Discovered: 0
[46.685s][debug][gc,phases,ref     ] GC(112)         Cleared: 0
[46.685s][debug][gc,phases,ref     ] GC(112)       PhantomReference:
[46.685s][debug][gc,phases,ref     ] GC(112)         Discovered: 0
[46.685s][debug][gc,phases,ref     ] GC(112)         Cleared: 0
[46.685s][debug][gc,phases         ] GC(112)     Weak Processing: 0.0ms
[46.685s][debug][gc,phases         ] GC(112)     Merge Per-Thread State: 0.0ms
[46.685s][debug][gc,phases         ] GC(112)     Code Roots Purge: 0.0ms
[46.685s][debug][gc,phases         ] GC(112)     Redirty Cards: 0.2ms
[46.685s][debug][gc,phases         ] GC(112)     DerivedPointerTable Update: 0.0ms
[46.685s][debug][gc,phases         ] GC(112)     Free Collection Set: 0.3ms
[46.685s][debug][gc,phases         ] GC(112)     Humongous Reclaim: 0.9ms
[46.685s][debug][gc,phases         ] GC(112)     Start New Collection Set: 0.0ms
[46.685s][debug][gc,phases         ] GC(112)     Resize TLABs: 0.0ms
[46.685s][debug][gc,phases         ] GC(112)     Expand Heap After Collection: 0.0ms
[46.685s][info ][gc,phases         ] GC(112)   Other: 0.4ms
[46.685s][info ][gc,heap           ] GC(112) Eden regions: 6->0(167)
[46.685s][info ][gc,heap           ] GC(112) Survivor regions: 44->6(34)
[46.685s][info ][gc,heap           ] GC(112) Old regions: 323->368
[46.685s][info ][gc,heap           ] GC(112) Humongous regions: 96->96
[46.685s][info ][gc,metaspace      ] GC(112) Metaspace: 13339K->13339K(1060864K)
[46.685s][debug][gc,heap           ] GC(112) Heap after GC invocations=113 (full 0): garbage-first heap   total 1548288K, used 480768K [0x0000000780000000, 0x0000000800000000)
[46.685s][debug][gc,heap           ] GC(112)   region size 1024K, 6 young (6144K), 6 survivors (6144K)
[46.685s][debug][gc,heap           ] GC(112)  Metaspace       used 13339K, capacity 13739K, committed 13824K, reserved 1060864K
[46.685s][debug][gc,heap           ] GC(112)   class space    used 1352K, capacity 1515K, committed 1536K, reserved 1048576K
[46.685s][info ][gc                ] GC(112) Pause Young (Concurrent Start) (G1 Humongous Allocation) 468M->469M(1512M) 40.823ms
[46.685s][info ][gc,cpu            ] GC(112) User=0.13s Sys=0.01s Real=0.05s
[46.685s][info ][gc                ] GC(113) Concurrent Cycle
[46.685s][info ][gc,marking        ] GC(113) Concurrent Clear Claimed Marks
[46.685s][info ][gc,marking        ] GC(113) Concurrent Clear Claimed Marks 0.085ms
[46.685s][info ][gc,marking        ] GC(113) Concurrent Scan Root Regions
[46.685s][debug][gc,ergo           ] GC(113) Running G1 Root Region Scan using 1 workers for 6 work units.
[46.688s][info ][gc,marking        ] GC(113) Concurrent Scan Root Regions 3.230ms
[46.688s][info ][gc,marking        ] GC(113) Concurrent Mark (46.688s)
[46.688s][info ][gc,marking        ] GC(113) Concurrent Mark From Roots
[46.688s][info ][gc,task           ] GC(113) Using 1 workers of 1 for marking
[46.698s][debug][gc,stats          ] ---------------------------------------------------------------------
[46.698s][debug][gc,stats          ] Marking Stats, task = 0, calls = 2
[46.698s][debug][gc,stats          ]   Elapsed time = 9.87ms, Termination time = 0.00ms
[46.698s][debug][gc,stats          ]   Step Times (cum): num = 820, avg = 0.50ms, sd = 1.91ms max = 9.88ms, total = 413.56ms
[46.698s][debug][gc,stats          ]   Mark Stats Cache: hits 70129 misses 48 ratio 99.932
[46.698s][debug][gc,stats          ] ---------------------------------------------------------------------
[46.698s][info ][gc,marking        ] GC(113) Concurrent Mark From Roots 10.041ms
[46.698s][info ][gc,marking        ] GC(113) Concurrent Preclean
[46.698s][debug][gc,ref,start      ] GC(113) Preclean SoftReferences
[46.698s][debug][gc,ref            ] GC(113) Preclean SoftReferences 0.016ms
[46.698s][debug][gc,ref,start      ] GC(113) Preclean WeakReferences
[46.698s][debug][gc,ref            ] GC(113) Preclean WeakReferences 0.014ms
[46.698s][debug][gc,ref,start      ] GC(113) Preclean FinalReferences
[46.699s][debug][gc,ref            ] GC(113) Preclean FinalReferences 0.009ms
[46.699s][debug][gc,ref,start      ] GC(113) Preclean PhantomReferences
[46.699s][debug][gc,ref            ] GC(113) Preclean PhantomReferences 0.094ms
[46.699s][info ][gc,marking        ] GC(113) Concurrent Preclean 0.210ms
[46.699s][info ][gc,marking        ] GC(113) Concurrent Mark (46.688s, 46.699s) 10.302ms
[46.699s][info ][gc,start          ] GC(113) Pause Remark
[46.699s][debug][gc,phases,start   ] GC(113) Finalize Marking
[46.699s][debug][gc,stats          ] ---------------------------------------------------------------------
[46.699s][debug][gc,stats          ] Marking Stats, task = 0, calls = 19
[46.699s][debug][gc,stats          ]   Elapsed time = 0.31ms, Termination time = 0.29ms
[46.699s][debug][gc,stats          ]   Step Times (cum): num = 837, avg = 0.49ms, sd = 1.89ms max = 9.88ms, total = 413.85ms
[46.699s][debug][gc,stats          ]   Mark Stats Cache: hits 70129 misses 48 ratio 99.932
[46.699s][debug][gc,stats          ] ---------------------------------------------------------------------
[46.699s][debug][gc,stats          ] Marking Stats, task = 1, calls = 1
[46.699s][debug][gc,stats          ]   Elapsed time = 0.42ms, Termination time = 0.40ms
[46.699s][debug][gc,stats          ]   Step Times (cum): num = 47, avg = 0.17ms, sd = 0.21ms max = 0.77ms, total = 7.90ms
[46.699s][debug][gc,stats          ]   Mark Stats Cache: hits 114 misses 3 ratio 97.436
[46.699s][debug][gc,stats          ] ---------------------------------------------------------------------
[46.699s][debug][gc,stats          ] Marking Stats, task = 2, calls = 1
[46.700s][debug][gc,stats          ]   Elapsed time = 0.42ms, Termination time = 0.41ms
[46.700s][debug][gc,stats          ]   Step Times (cum): num = 46, avg = 0.13ms, sd = 0.22ms max = 0.75ms, total = 5.94ms
[46.700s][debug][gc,stats          ]   Mark Stats Cache: hits 57 misses 3 ratio 95.000
[46.700s][debug][gc,stats          ] ---------------------------------------------------------------------
[46.700s][debug][gc,stats          ] Marking Stats, task = 3, calls = 1
[46.700s][debug][gc,stats          ]   Elapsed time = 0.00ms, Termination time = 0.00ms
[46.700s][debug][gc,stats          ]   Step Times (cum): num = 44, avg = 0.01ms, sd = 0.01ms max = 0.08ms, total = 0.26ms
[46.700s][debug][gc,stats          ]   Mark Stats Cache: hits 54 misses 5 ratio 91.525
[46.700s][debug][gc,stats          ] ---------------------------------------------------------------------
[46.700s][debug][gc,phases         ] GC(113) Finalize Marking 0.794ms
[46.700s][debug][gc,phases,start   ] GC(113) Reference Processing
[46.700s][debug][gc,ref            ] GC(113) Skipped phase1 of Reference Processing due to unavailable references
[46.700s][debug][gc,ref            ] GC(113) Skipped phase2 of Reference Processing due to unavailable references
[46.700s][debug][gc,ref            ] GC(113) Skipped phase3 of Reference Processing due to unavailable references
[46.700s][debug][gc,ref            ] GC(113) Skipped phase4 of Reference Processing due to unavailable references
[46.700s][debug][gc,phases,ref     ] GC(113) Reference Processing: 0.0ms
[46.700s][debug][gc,phases,ref     ] GC(113)   Reconsider SoftReferences: 0.0ms
[46.700s][debug][gc,phases,ref     ] GC(113)     SoftRef (ms):             skipped
[46.700s][debug][gc,phases,ref     ] GC(113)   Notify Soft/WeakReferences: 0.0ms
[46.700s][debug][gc,phases,ref     ] GC(113)     SoftRef (ms):             skipped
[46.700s][debug][gc,phases,ref     ] GC(113)     WeakRef (ms):             skipped
[46.700s][debug][gc,phases,ref     ] GC(113)     FinalRef (ms):            skipped
[46.700s][debug][gc,phases,ref     ] GC(113)     Total (ms):               skipped
[46.700s][debug][gc,phases,ref     ] GC(113)   Notify and keep alive finalizable: 0.0ms
[46.700s][debug][gc,phases,ref     ] GC(113)     FinalRef (ms):            skipped
[46.700s][debug][gc,phases,ref     ] GC(113)   Notify PhantomReferences: 0.0ms
[46.700s][debug][gc,phases,ref     ] GC(113)     PhantomRef (ms):          skipped
[46.700s][debug][gc,phases,ref     ] GC(113)   SoftReference:
[46.700s][debug][gc,phases,ref     ] GC(113)     Discovered: 0
[46.700s][debug][gc,phases,ref     ] GC(113)     Cleared: 0
[46.700s][debug][gc,phases,ref     ] GC(113)   WeakReference:
[46.700s][debug][gc,phases,ref     ] GC(113)     Discovered: 0
[46.700s][debug][gc,phases,ref     ] GC(113)     Cleared: 0
[46.700s][debug][gc,phases,ref     ] GC(113)   FinalReference:
[46.700s][debug][gc,phases,ref     ] GC(113)     Discovered: 0
[46.700s][debug][gc,phases,ref     ] GC(113)     Cleared: 0
[46.700s][debug][gc,phases,ref     ] GC(113)   PhantomReference:
[46.700s][debug][gc,phases,ref     ] GC(113)     Discovered: 0
[46.700s][debug][gc,phases,ref     ] GC(113)     Cleared: 0
[46.700s][debug][gc,phases         ] GC(113) Reference Processing 0.228ms
[46.700s][debug][gc,phases,start   ] GC(113) Weak Processing
[46.700s][debug][gc,phases         ] GC(113) Weak Processing 0.019ms
[46.700s][debug][gc,phases,start   ] GC(113) Class Unloading
[46.700s][debug][gc,phases,start   ] GC(113) ClassLoaderData
[46.700s][debug][gc,phases         ] GC(113) ClassLoaderData 0.043ms
[46.700s][debug][gc,phases,start   ] GC(113) ProtectionDomainCacheTable
[46.700s][debug][gc,phases         ] GC(113) ProtectionDomainCacheTable 0.009ms
[46.701s][info ][gc,stringtable    ] GC(113) Cleaned string and symbol table, strings: 6183 processed, 0 removed, symbols: 45233 processed, 0 removed
[46.701s][debug][gc,phases         ] GC(113) Class Unloading 1.013ms
[46.701s][debug][gc,phases,start   ] GC(113) Flush Task Caches
[46.701s][debug][gc,stats          ] Mark stats cache hits 70354 misses 59 ratio 99.916
[46.701s][debug][gc,phases         ] GC(113) Flush Task Caches 0.023ms
[46.701s][debug][gc,phases,start   ] GC(113) Update Remembered Set Tracking Before Rebuild
[46.701s][debug][gc,ergo           ] GC(113) Running G1 Update RemSet Tracking Before Rebuild using 4 workers for 1512 regions in heap
[46.701s][debug][gc,remset,tracking] GC(113) Remembered Set Tracking update regions total 1512, selected 51
[46.701s][debug][gc,phases         ] GC(113) Update Remembered Set Tracking Before Rebuild 0.139ms
[46.701s][debug][gc,phases,start   ] GC(113) Reclaim Empty Regions
[46.701s][debug][gc                ] GC(113) Reclaimed 413 empty regions
[46.701s][debug][gc,phases         ] GC(113) Reclaim Empty Regions 0.260ms
[46.701s][debug][gc,phases,start   ] GC(113) Purge Metaspace
[46.701s][debug][gc,phases         ] GC(113) Purge Metaspace 0.009ms
[46.701s][debug][gc,phases,start   ] GC(113) Report Object Count
[46.701s][debug][gc,phases         ] GC(113) Report Object Count 0.008ms
[46.701s][info ][gc                ] GC(113) Pause Remark 478M->65M(1512M) 2.610ms
[46.701s][info ][gc,cpu            ] GC(113) User=0.00s Sys=0.00s Real=0.00s
[46.701s][info ][gc,marking        ] GC(113) Concurrent Rebuild Remembered Sets
[46.706s][info ][gc,marking        ] GC(113) Concurrent Rebuild Remembered Sets 4.713ms
[46.706s][info ][gc,start          ] GC(113) Pause Cleanup
[46.706s][debug][gc,phases,start   ] GC(113) Update Remembered Set Tracking After Rebuild
[46.706s][debug][gc,phases         ] GC(113) Update Remembered Set Tracking After Rebuild 0.033ms
[46.706s][debug][gc,phases,start   ] GC(113) Finalize Concurrent Mark Cleanup
[46.706s][debug][gc,ergo           ] GC(113) request young-only gcs (reclaimable percentage not over threshold). candidate old regions: 50 reclaimable: 50533224 (3.19) threshold: 5
[46.706s][debug][gc,phases         ] GC(113) Finalize Concurrent Mark Cleanup 0.152ms
[46.706s][info ][gc                ] GC(113) Pause Cleanup 65M->65M(1512M) 0.230ms
[46.706s][info ][gc,cpu            ] GC(113) User=0.00s Sys=0.00s Real=0.00s
[46.706s][info ][gc,marking        ] GC(113) Concurrent Cleanup for Next Mark
[46.706s][debug][gc,ergo           ] GC(113) Running G1 Clear Bitmap with 1 workers for 24 work units.
[46.709s][info ][gc,marking        ] GC(113) Concurrent Cleanup for Next Mark 2.353ms
[46.709s][info ][gc                ] GC(113) Concurrent Cycle 23.966ms
[46.803s][debug][gc,ergo,ihop      ] Request concurrent cycle initiation (occupancy higher than threshold) occupancy: 56623104B allocation request: 524304B threshold: 0B (0.00) source: concurrent humongous allocation
[46.804s][debug][gc,ergo           ] Request concurrent cycle initiation (requested by GC cause). GC cause: G1 Humongous Allocation
[46.804s][debug][gc,heap           ] GC(114) Heap before GC invocations=114 (full 0): garbage-first heap   total 1548288K, used 71168K [0x0000000780000000, 0x0000000800000000)
[46.804s][debug][gc,heap           ] GC(114)   region size 1024K, 17 young (17408K), 6 survivors (6144K)
[46.804s][debug][gc,heap           ] GC(114)  Metaspace       used 13342K, capacity 13739K, committed 13824K, reserved 1060864K
[46.804s][debug][gc,heap           ] GC(114)   class space    used 1352K, capacity 1515K, committed 1536K, reserved 1048576K
[46.804s][debug][gc,ergo           ] GC(114) Initiate concurrent cycle (concurrent cycle initiation requested)
[46.804s][info ][gc,start          ] GC(114) Pause Young (Concurrent Start) (G1 Humongous Allocation)
[46.804s][info ][gc,task           ] GC(114) Using 4 workers of 4 for evacuation
[46.804s][debug][gc,tlab           ] GC(114) TLAB totals: thrds: 3  refills: 43 max: 28 slow allocs: 4 max 3 waste:  4.5% gc: 487640B max: 482632B slow: 23648B max: 15832B fast: 0B max: 0B
[46.804s][debug][gc,alloc,region   ] GC(114) Mutator Allocation stats, regions: 11, wasted size: 0B ( 0.0%)
[46.804s][debug][gc,age            ] GC(114) Desired survivor size 11534336 bytes, new threshold 15 (max threshold 15)
[46.804s][debug][gc,ergo,cset      ] GC(114) Finish choosing CSet. old: 0 regions, predicted old region time: 0.00ms, time remaining: 175.18
[46.804s][debug][gc,task,stats     ] GC(114) GC Termination Stats
[46.804s][debug][gc,task,stats     ] GC(114)      elapsed  --strong roots-- -------termination------- ------waste (KiB)------
[46.805s][debug][gc,task,stats     ] GC(114) thr     ms        ms      %        ms      %    attempts  total   alloc    undo
[46.805s][debug][gc,task,stats     ] GC(114) --- --------- --------- ------ --------- ------ -------- ------- ------- -------
[46.825s][debug][gc,task,stats     ] GC(114)   2     20.51     17.20  83.88      0.01   0.03        2       0       0       0
[46.825s][debug][gc,task,stats     ] GC(114)   0     20.63     17.74  85.99      0.01   0.05        2       0       0       0
[46.825s][debug][gc,task,stats     ] GC(114)   1     20.66      4.80  23.25      0.02   0.12        3       0       0       0
[46.825s][debug][gc,task,stats     ] GC(114)   3     20.34     17.30  85.05      0.01   0.05        4       0       0       0
[46.825s][debug][gc,ergo           ] GC(114) Running G1 Clear Card Table Task using 1 workers for 1 units of work for 25 regions.
[46.825s][debug][gc,ref            ] GC(114) Skipped phase1 of Reference Processing due to unavailable references
[46.825s][debug][gc,ref            ] GC(114) Skipped phase2 of Reference Processing due to unavailable references
[46.825s][debug][gc,ref            ] GC(114) Skipped phase3 of Reference Processing due to unavailable references
[46.825s][debug][gc,ref            ] GC(114) Skipped phase4 of Reference Processing due to unavailable references
[46.825s][debug][gc,ergo           ] GC(114) Running G1 Free Collection Set using 1 workers for collection set length 17
[46.826s][debug][gc,humongous      ] GC(114) Live humongous region 464 object size 524304 start 0x000000079d000000  with remset 0 code roots 0 is marked 0 reclaim candidate 0 type array 0
[46.826s][debug][gc,humongous      ] GC(114) Live humongous region 465 object size 1048592 start 0x000000079d100000  with remset 1 code roots 0 is marked 0 reclaim candidate 0 type array 0
[46.826s][debug][gc,plab           ] GC(114) Young PLAB allocation: allocated: 16777216B, wasted: 656B, unused: 1273992B, used: 15502568B, undo waste: 0B, 
[46.826s][debug][gc,plab           ] GC(114) Young other allocation: region end waste: 0B, regions filled: 16, direct allocated: 0B, failure used: 0B, failure wasted: 0B
[46.826s][debug][gc,plab           ] GC(114) Young sizing: calculated: 3100512B, actual: 2989024B
[46.826s][debug][gc,plab           ] GC(114) Old PLAB allocation: allocated: 0B, wasted: 0B, unused: 0B, used: 0B, undo waste: 0B, 
[46.826s][debug][gc,plab           ] GC(114) Old other allocation: region end waste: 0B, regions filled: 0, direct allocated: 0B, failure used: 0B, failure wasted: 0B
[46.826s][debug][gc,plab           ] GC(114) Old sizing: calculated: 0B, actual: 4416880B
[46.826s][debug][gc,alloc,stats    ] Old generation allocation in the last mutator period, old gen allocated: 0B, humongous allocated: 3145728B,old gen growth: 0B.
[46.826s][debug][gc,ihop           ] GC(114) Basic information (value update), threshold: 0B (0.00), target occupancy: 1585446912B, current occupancy: 73400320B, recent allocation size: 3145728B, recent allocation duration: 117.06ms, recent old gen allocation rate: 26871861.29B/s, recent marking phase length: 232.15ms
[46.826s][debug][gc,ihop           ] GC(114) Adaptive IHOP information (value update), threshold: 0B (0.00), internal target occupancy: 1506174566B, occupancy: 73400320B, additional buffer size: 230686720B, predicted old gen allocation rate: 4150014939.83B/s, predicted marking phase length: 354.98ms, prediction active: true
[46.826s][debug][gc,ergo,refine    ] GC(114) Updated Refinement Zones: green: 50, yellow: 150, red: 250
[46.826s][info ][gc,phases         ] GC(114)   Pre Evacuate Collection Set: 0.2ms
[46.826s][debug][gc,phases         ] GC(114)     Prepare TLABs: 0.0ms
[46.826s][debug][gc,phases         ] GC(114)     Choose Collection Set: 0.0ms
[46.826s][debug][gc,phases         ] GC(114)     Humongous Register: 0.0ms
[46.826s][debug][gc,phases         ] GC(114)     Clear Claimed Marks: 0.1ms
[46.826s][info ][gc,phases         ] GC(114)   Evacuate Collection Set: 21.0ms
[46.826s][debug][gc,phases         ] GC(114)     Ext Root Scanning (ms):   Min:  0.3, Avg:  0.5, Max:  0.7, Diff:  0.3, Sum:  2.2, Workers: 4
[46.826s][debug][gc,phases         ] GC(114)     Update RS (ms):           Min:  1.0, Avg:  1.4, Max:  2.5, Diff:  1.5, Sum:  5.6, Workers: 4
[46.826s][debug][gc,phases         ] GC(114)       Processed Buffers:        Min: 2, Avg:  4.0, Max: 9, Diff: 7, Sum: 16, Workers: 4
[46.826s][debug][gc,phases         ] GC(114)       Scanned Cards:            Min: 512, Avg: 776.2, Max: 1568, Diff: 1056, Sum: 3105, Workers: 4
[46.826s][debug][gc,phases         ] GC(114)       Skipped Cards:            Min: 0, Avg:  0.0, Max: 0, Diff: 0, Sum: 0, Workers: 4
[46.826s][debug][gc,phases         ] GC(114)     Scan RS (ms):             Min:  0.0, Avg:  0.1, Max:  0.3, Diff:  0.3, Sum:  0.3, Workers: 4
[46.826s][debug][gc,phases         ] GC(114)       Scanned Cards:            Min: 0, Avg: 38.0, Max: 152, Diff: 152, Sum: 152, Workers: 4
[46.826s][debug][gc,phases         ] GC(114)       Claimed Cards:            Min: 0, Avg: 235.5, Max: 942, Diff: 942, Sum: 942, Workers: 4
[46.826s][debug][gc,phases         ] GC(114)       Skipped Cards:            Min: 0, Avg:  0.0, Max: 0, Diff: 0, Sum: 0, Workers: 4
[46.826s][debug][gc,phases         ] GC(114)     Code Root Scanning (ms):  Min:  0.0, Avg:  0.0, Max:  0.0, Diff:  0.0, Sum:  0.0, Workers: 4
[46.826s][debug][gc,phases         ] GC(114)     JVMCI Root Scan (ms):     skipped
[46.826s][debug][gc,phases         ] GC(114)     Object Copy (ms):         Min: 17.0, Avg: 18.4, Max: 18.9, Diff:  1.9, Sum: 73.5, Workers: 4
[46.826s][debug][gc,phases         ] GC(114)     Termination (ms):         Min:  0.0, Avg:  0.0, Max:  0.0, Diff:  0.0, Sum:  0.1, Workers: 4
[46.826s][debug][gc,phases         ] GC(114)       Termination Attempts:     Min: 2, Avg:  2.8, Max: 4, Diff: 2, Sum: 11, Workers: 4
[46.826s][debug][gc,phases         ] GC(114)     GC Worker Other (ms):     Min:  0.1, Avg:  0.2, Max:  0.2, Diff:  0.1, Sum:  0.7, Workers: 4
[46.826s][debug][gc,phases         ] GC(114)     GC Worker Total (ms):     Min: 20.4, Avg: 20.6, Max: 20.7, Diff:  0.3, Sum: 82.3, Workers: 4
[46.826s][info ][gc,phases         ] GC(114)   Post Evacuate Collection Set: 0.5ms
[46.826s][debug][gc,phases         ] GC(114)     Code Roots Fixup: 0.0ms
[46.826s][debug][gc,phases         ] GC(114)     Clear Card Table: 0.0ms
[46.826s][debug][gc,phases         ] GC(114)     Reference Processing: 0.1ms
[46.826s][debug][gc,phases,ref     ] GC(114)       Reconsider SoftReferences: 0.0ms
[46.826s][debug][gc,phases,ref     ] GC(114)         SoftRef (ms):             skipped
[46.826s][debug][gc,phases,ref     ] GC(114)       Notify Soft/WeakReferences: 0.0ms
[46.826s][debug][gc,phases,ref     ] GC(114)         SoftRef (ms):             skipped
[46.826s][debug][gc,phases,ref     ] GC(114)         WeakRef (ms):             skipped
[46.826s][debug][gc,phases,ref     ] GC(114)         FinalRef (ms):            skipped
[46.826s][debug][gc,phases,ref     ] GC(114)         Total (ms):               skipped
[46.826s][debug][gc,phases,ref     ] GC(114)       Notify and keep alive finalizable: 0.0ms
[46.826s][debug][gc,phases,ref     ] GC(114)         FinalRef (ms):            skipped
[46.826s][debug][gc,phases,ref     ] GC(114)       Notify PhantomReferences: 0.0ms
[46.826s][debug][gc,phases,ref     ] GC(114)         PhantomRef (ms):          skipped
[46.826s][debug][gc,phases,ref     ] GC(114)       SoftReference:
[46.827s][debug][gc,phases,ref     ] GC(114)         Discovered: 0
[46.827s][debug][gc,phases,ref     ] GC(114)         Cleared: 0
[46.827s][debug][gc,phases,ref     ] GC(114)       WeakReference:
[46.827s][debug][gc,phases,ref     ] GC(114)         Discovered: 0
[46.827s][debug][gc,phases,ref     ] GC(114)         Cleared: 0
[46.827s][debug][gc,phases,ref     ] GC(114)       FinalReference:
[46.827s][debug][gc,phases,ref     ] GC(114)         Discovered: 0
[46.827s][debug][gc,phases,ref     ] GC(114)         Cleared: 0
[46.827s][debug][gc,phases,ref     ] GC(114)       PhantomReference:
[46.827s][debug][gc,phases,ref     ] GC(114)         Discovered: 0
[46.827s][debug][gc,phases,ref     ] GC(114)         Cleared: 0
[46.827s][debug][gc,phases         ] GC(114)     Weak Processing: 0.0ms
[46.827s][debug][gc,phases         ] GC(114)     Merge Per-Thread State: 0.0ms
[46.827s][debug][gc,phases         ] GC(114)     Code Roots Purge: 0.0ms
[46.827s][debug][gc,phases         ] GC(114)     Redirty Cards: 0.0ms
[46.827s][debug][gc,phases         ] GC(114)     DerivedPointerTable Update: 0.0ms
[46.827s][debug][gc,phases         ] GC(114)     Free Collection Set: 0.2ms
[46.827s][debug][gc,phases         ] GC(114)     Humongous Reclaim: 0.1ms
[46.827s][debug][gc,phases         ] GC(114)     Start New Collection Set: 0.0ms
[46.827s][debug][gc,phases         ] GC(114)     Resize TLABs: 0.0ms
[46.827s][debug][gc,phases         ] GC(114)     Expand Heap After Collection: 0.0ms
[46.827s][info ][gc,phases         ] GC(114)   Other: 0.7ms
[46.827s][info ][gc,heap           ] GC(114) Eden regions: 11->0(204)
[46.827s][info ][gc,heap           ] GC(114) Survivor regions: 6->16(22)
[46.827s][info ][gc,heap           ] GC(114) Old regions: 51->51
[46.827s][info ][gc,heap           ] GC(114) Humongous regions: 3->3
[46.827s][info ][gc,metaspace      ] GC(114) Metaspace: 13342K->13342K(1060864K)
[46.827s][debug][gc,heap           ] GC(114) Heap after GC invocations=115 (full 0): garbage-first heap   total 1548288K, used 71680K [0x0000000780000000, 0x0000000800000000)
[46.827s][debug][gc,heap           ] GC(114)   region size 1024K, 16 young (16384K), 16 survivors (16384K)
[46.827s][debug][gc,heap           ] GC(114)  Metaspace       used 13342K, capacity 13739K, committed 13824K, reserved 1060864K
[46.827s][debug][gc,heap           ] GC(114)   class space    used 1352K, capacity 1515K, committed 1536K, reserved 1048576K
[46.827s][info ][gc                ] GC(114) Pause Young (Concurrent Start) (G1 Humongous Allocation) 70M->70M(1512M) 23.115ms
[46.827s][info ][gc,cpu            ] GC(114) User=0.08s Sys=0.00s Real=0.03s
[46.827s][info ][gc                ] GC(115) Concurrent Cycle
[46.827s][info ][gc,marking        ] GC(115) Concurrent Clear Claimed Marks
[46.827s][info ][gc,marking        ] GC(115) Concurrent Clear Claimed Marks 0.058ms
[46.827s][info ][gc,marking        ] GC(115) Concurrent Scan Root Regions
[46.827s][debug][gc,ergo           ] GC(115) Running G1 Root Region Scan using 1 workers for 16 work units.
[46.836s][info ][gc,marking        ] GC(115) Concurrent Scan Root Regions 8.702ms
[46.836s][info ][gc,marking        ] GC(115) Concurrent Mark (46.836s)
[46.836s][info ][gc,marking        ] GC(115) Concurrent Mark From Roots
[46.836s][info ][gc,task           ] GC(115) Using 1 workers of 1 for marking
[46.843s][debug][gc,stats          ] ---------------------------------------------------------------------
[46.843s][debug][gc,stats          ] Marking Stats, task = 0, calls = 1
[46.843s][debug][gc,stats          ]   Elapsed time = 7.35ms, Termination time = 0.00ms
[46.843s][debug][gc,stats          ]   Step Times (cum): num = 838, avg = 0.50ms, sd = 1.91ms max = 9.88ms, total = 421.20ms
[46.843s][debug][gc,stats          ]   Mark Stats Cache: hits 60202 misses 48 ratio 99.920
[46.843s][debug][gc,stats          ] ---------------------------------------------------------------------
[46.843s][info ][gc,marking        ] GC(115) Concurrent Mark From Roots 7.562ms
[46.843s][info ][gc,marking        ] GC(115) Concurrent Preclean
[46.844s][debug][gc,ref,start      ] GC(115) Preclean SoftReferences
[46.844s][debug][gc,ref            ] GC(115) Preclean SoftReferences 0.020ms
[46.844s][debug][gc,ref,start      ] GC(115) Preclean WeakReferences
[46.844s][debug][gc,ref            ] GC(115) Preclean WeakReferences 0.021ms
[46.844s][debug][gc,ref,start      ] GC(115) Preclean FinalReferences
[46.844s][debug][gc,ref            ] GC(115) Preclean FinalReferences 0.017ms
[46.844s][debug][gc,ref,start      ] GC(115) Preclean PhantomReferences
[46.844s][debug][gc,ref            ] GC(115) Preclean PhantomReferences 0.016ms
[46.844s][info ][gc,marking        ] GC(115) Concurrent Preclean 0.147ms
[46.844s][info ][gc,marking        ] GC(115) Concurrent Mark (46.836s, 46.844s) 7.753ms
[46.844s][info ][gc,start          ] GC(115) Pause Remark
[46.844s][debug][gc,phases,start   ] GC(115) Finalize Marking
[46.844s][debug][gc,stats          ] ---------------------------------------------------------------------
[46.844s][debug][gc,stats          ] Marking Stats, task = 0, calls = 18
[46.844s][debug][gc,stats          ]   Elapsed time = 0.07ms, Termination time = 0.05ms
[46.844s][debug][gc,stats          ]   Step Times (cum): num = 855, avg = 0.49ms, sd = 1.89ms max = 9.88ms, total = 421.26ms
[46.844s][debug][gc,stats          ]   Mark Stats Cache: hits 60202 misses 48 ratio 99.920
[46.844s][debug][gc,stats          ] ---------------------------------------------------------------------
[46.844s][debug][gc,stats          ] Marking Stats, task = 1, calls = 1
[46.844s][debug][gc,stats          ]   Elapsed time = 0.08ms, Termination time = 0.06ms
[46.844s][debug][gc,stats          ]   Step Times (cum): num = 48, avg = 0.17ms, sd = 0.21ms max = 0.77ms, total = 7.96ms
[46.844s][debug][gc,stats          ]   Mark Stats Cache: hits 116 misses 4 ratio 96.667
[46.844s][debug][gc,stats          ] ---------------------------------------------------------------------
[46.844s][debug][gc,stats          ] Marking Stats, task = 2, calls = 1
[46.844s][debug][gc,stats          ]   Elapsed time = 0.01ms, Termination time = 0.00ms
[46.844s][debug][gc,stats          ]   Step Times (cum): num = 47, avg = 0.13ms, sd = 0.22ms max = 0.75ms, total = 5.95ms
[46.844s][debug][gc,stats          ]   Mark Stats Cache: hits 99 misses 2 ratio 98.020
[46.844s][debug][gc,stats          ] ---------------------------------------------------------------------
[46.844s][debug][gc,stats          ] Marking Stats, task = 3, calls = 1
[46.844s][debug][gc,stats          ]   Elapsed time = 0.01ms, Termination time = 0.00ms
[46.844s][debug][gc,stats          ]   Step Times (cum): num = 45, avg = 0.01ms, sd = 0.01ms max = 0.08ms, total = 0.26ms
[46.844s][debug][gc,stats          ]   Mark Stats Cache: hits 0 misses 0 ratio 0.000
[46.844s][debug][gc,stats          ] ---------------------------------------------------------------------
[46.844s][debug][gc,phases         ] GC(115) Finalize Marking 0.402ms
[46.844s][debug][gc,phases,start   ] GC(115) Reference Processing
[46.844s][debug][gc,ref            ] GC(115) Skipped phase1 of Reference Processing due to unavailable references
[46.844s][debug][gc,ref            ] GC(115) Skipped phase2 of Reference Processing due to unavailable references
[46.844s][debug][gc,ref            ] GC(115) Skipped phase3 of Reference Processing due to unavailable references
[46.844s][debug][gc,ref            ] GC(115) Skipped phase4 of Reference Processing due to unavailable references
[46.844s][debug][gc,phases,ref     ] GC(115) Reference Processing: 0.1ms
[46.844s][debug][gc,phases,ref     ] GC(115)   Reconsider SoftReferences: 0.0ms
[46.844s][debug][gc,phases,ref     ] GC(115)     SoftRef (ms):             skipped
[46.844s][debug][gc,phases,ref     ] GC(115)   Notify Soft/WeakReferences: 0.0ms
[46.844s][debug][gc,phases,ref     ] GC(115)     SoftRef (ms):             skipped
[46.844s][debug][gc,phases,ref     ] GC(115)     WeakRef (ms):             skipped
[46.844s][debug][gc,phases,ref     ] GC(115)     FinalRef (ms):            skipped
[46.844s][debug][gc,phases,ref     ] GC(115)     Total (ms):               skipped
[46.844s][debug][gc,phases,ref     ] GC(115)   Notify and keep alive finalizable: 0.0ms
[46.844s][debug][gc,phases,ref     ] GC(115)     FinalRef (ms):            skipped
[46.844s][debug][gc,phases,ref     ] GC(115)   Notify PhantomReferences: 0.0ms
[46.844s][debug][gc,phases,ref     ] GC(115)     PhantomRef (ms):          skipped
[46.844s][debug][gc,phases,ref     ] GC(115)   SoftReference:
[46.844s][debug][gc,phases,ref     ] GC(115)     Discovered: 0
[46.845s][debug][gc,phases,ref     ] GC(115)     Cleared: 0
[46.845s][debug][gc,phases,ref     ] GC(115)   WeakReference:
[46.845s][debug][gc,phases,ref     ] GC(115)     Discovered: 0
[46.845s][debug][gc,phases,ref     ] GC(115)     Cleared: 0
[46.845s][debug][gc,phases,ref     ] GC(115)   FinalReference:
[46.845s][debug][gc,phases,ref     ] GC(115)     Discovered: 0
[46.845s][debug][gc,phases,ref     ] GC(115)     Cleared: 0
[46.845s][debug][gc,phases,ref     ] GC(115)   PhantomReference:
[46.845s][debug][gc,phases,ref     ] GC(115)     Discovered: 0
[46.845s][debug][gc,phases,ref     ] GC(115)     Cleared: 0
[46.845s][debug][gc,phases         ] GC(115) Reference Processing 0.484ms
[46.845s][debug][gc,phases,start   ] GC(115) Weak Processing
[46.845s][debug][gc,phases         ] GC(115) Weak Processing 0.046ms
[46.845s][debug][gc,phases,start   ] GC(115) Class Unloading
[46.845s][debug][gc,phases,start   ] GC(115) ClassLoaderData
[46.845s][debug][gc,phases         ] GC(115) ClassLoaderData 0.073ms
[46.845s][debug][gc,phases,start   ] GC(115) ProtectionDomainCacheTable
[46.845s][debug][gc,phases         ] GC(115) ProtectionDomainCacheTable 0.016ms
[46.846s][info ][gc,stringtable    ] GC(115) Cleaned string and symbol table, strings: 6183 processed, 6 removed, symbols: 45233 processed, 0 removed
[46.847s][debug][gc,phases         ] GC(115) Class Unloading 1.753ms
[46.847s][debug][gc,phases,start   ] GC(115) Flush Task Caches
[46.847s][debug][gc,stats          ] Mark stats cache hits 60417 misses 54 ratio 99.911
[46.847s][debug][gc,phases         ] GC(115) Flush Task Caches 0.041ms
[46.847s][debug][gc,phases,start   ] GC(115) Update Remembered Set Tracking Before Rebuild
[46.847s][debug][gc,ergo           ] GC(115) Running G1 Update RemSet Tracking Before Rebuild using 4 workers for 1512 regions in heap
[46.847s][debug][gc,remset,tracking] GC(115) Remembered Set Tracking update regions total 1512, selected 50
[46.847s][debug][gc,phases         ] GC(115) Update Remembered Set Tracking Before Rebuild 0.201ms
[46.847s][debug][gc,phases,start   ] GC(115) Reclaim Empty Regions
[46.847s][debug][gc                ] GC(115) Reclaimed 4 empty regions
[46.847s][debug][gc,phases         ] GC(115) Reclaim Empty Regions 0.202ms
[46.847s][debug][gc,phases,start   ] GC(115) Purge Metaspace
[46.847s][debug][gc,phases         ] GC(115) Purge Metaspace 0.015ms
[46.847s][debug][gc,phases,start   ] GC(115) Report Object Count
[46.847s][debug][gc,phases         ] GC(115) Report Object Count 0.014ms
[46.847s][info ][gc                ] GC(115) Pause Remark 78M->74M(1512M) 3.381ms
[46.847s][info ][gc,cpu            ] GC(115) User=0.00s Sys=0.00s Real=0.01s
[46.847s][info ][gc,marking        ] GC(115) Concurrent Rebuild Remembered Sets
[46.855s][info ][gc,marking        ] GC(115) Concurrent Rebuild Remembered Sets 8.042ms
[46.855s][info ][gc,start          ] GC(115) Pause Cleanup
[46.856s][debug][gc,phases,start   ] GC(115) Update Remembered Set Tracking After Rebuild
[46.856s][debug][gc,phases         ] GC(115) Update Remembered Set Tracking After Rebuild 0.063ms
[46.856s][debug][gc,phases,start   ] GC(115) Finalize Concurrent Mark Cleanup
[46.856s][debug][gc,ergo           ] GC(115) request young-only gcs (reclaimable percentage not over threshold). candidate old regions: 49 reclaimable: 49736464 (3.14) threshold: 5
[46.856s][debug][gc,phases         ] GC(115) Finalize Concurrent Mark Cleanup 0.220ms
[46.856s][info ][gc                ] GC(115) Pause Cleanup 74M->74M(1512M) 0.370ms
[46.856s][info ][gc,cpu            ] GC(115) User=0.00s Sys=0.01s Real=0.00s
[46.856s][info ][gc,marking        ] GC(115) Concurrent Cleanup for Next Mark
[46.856s][debug][gc,ergo           ] GC(115) Running G1 Clear Bitmap with 1 workers for 24 work units.
[46.858s][info ][gc,marking        ] GC(115) Concurrent Cleanup for Next Mark 2.518ms
[46.858s][info ][gc                ] GC(115) Concurrent Cycle 31.396ms
[46.942s][debug][gc,ergo,ihop      ] Request concurrent cycle initiation (occupancy higher than threshold) occupancy: 55574528B allocation request: 524304B threshold: 0B (0.00) source: concurrent humongous allocation
[46.942s][debug][gc,ergo           ] Request concurrent cycle initiation (requested by GC cause). GC cause: G1 Humongous Allocation
[46.943s][debug][gc,heap           ] GC(116) Heap before GC invocations=116 (full 0): garbage-first heap   total 1548288K, used 80896K [0x0000000780000000, 0x0000000800000000)
[46.943s][debug][gc,heap           ] GC(116)   region size 1024K, 27 young (27648K), 16 survivors (16384K)
[46.943s][debug][gc,heap           ] GC(116)  Metaspace       used 13342K, capacity 13739K, committed 13824K, reserved 1060864K
[46.943s][debug][gc,heap           ] GC(116)   class space    used 1352K, capacity 1515K, committed 1536K, reserved 1048576K
[46.943s][debug][gc,ergo           ] GC(116) Initiate concurrent cycle (concurrent cycle initiation requested)
[46.943s][info ][gc,start          ] GC(116) Pause Young (Concurrent Start) (G1 Humongous Allocation)
[46.943s][info ][gc,task           ] GC(116) Using 4 workers of 4 for evacuation
[46.943s][debug][gc,tlab           ] GC(116) TLAB totals: thrds: 1  refills: 31 max: 31 slow allocs: 3 max 3 waste:  0.9% gc: 80072B max: 80072B slow: 17672B max: 17672B fast: 0B max: 0B
[46.943s][debug][gc,alloc,region   ] GC(116) Mutator Allocation stats, regions: 11, wasted size: 0B ( 0.0%)
[46.943s][debug][gc,age            ] GC(116) Desired survivor size 14680064 bytes, new threshold 2 (max threshold 15)
[46.943s][debug][gc,ergo,cset      ] GC(116) Finish choosing CSet. old: 0 regions, predicted old region time: 0.00ms, time remaining: 165.10
[46.943s][debug][gc,task,stats     ] GC(116) GC Termination Stats
[46.943s][debug][gc,task,stats     ] GC(116)      elapsed  --strong roots-- -------termination------- ------waste (KiB)------
[46.943s][debug][gc,task,stats     ] GC(116) thr     ms        ms      %        ms      %    attempts  total   alloc    undo
[46.943s][debug][gc,task,stats     ] GC(116) --- --------- --------- ------ --------- ------ -------- ------- ------- -------
[46.964s][debug][gc,task,stats     ] GC(116)   2     20.49     18.01  87.90      0.02   0.07        5       0       0       0
[46.964s][debug][gc,task,stats     ] GC(116)   0     20.63     17.86  86.57      0.01   0.04        6       0       0       0
[46.964s][debug][gc,task,stats     ] GC(116)   1     20.67     17.89  86.53      0.02   0.10        4       0       0       0
[46.964s][debug][gc,task,stats     ] GC(116)   3     20.66      4.54  22.00      0.01   0.06        7       0       0       0
[46.964s][debug][gc,ergo           ] GC(116) Running G1 Clear Card Table Task using 1 workers for 1 units of work for 34 regions.
[46.964s][debug][gc,ref            ] GC(116) Skipped phase1 of Reference Processing due to unavailable references
[46.964s][debug][gc,ref            ] GC(116) Skipped phase2 of Reference Processing due to unavailable references
[46.964s][debug][gc,ref            ] GC(116) Skipped phase3 of Reference Processing due to unavailable references
[46.964s][debug][gc,ref            ] GC(116) Skipped phase4 of Reference Processing due to unavailable references
[46.964s][debug][gc,ergo           ] GC(116) Running G1 Free Collection Set using 1 workers for collection set length 27
[46.964s][debug][gc,humongous      ] GC(116) Live humongous region 5 object size 524304 start 0x0000000780500000  with remset 0 code roots 0 is marked 0 reclaim candidate 0 type array 0
[46.964s][debug][gc,humongous      ] GC(116) Live humongous region 6 object size 1048592 start 0x0000000780600000  with remset 0 code roots 0 is marked 0 reclaim candidate 0 type array 0
[46.964s][debug][gc,plab           ] GC(116) Young PLAB allocation: allocated: 16777216B, wasted: 680B, unused: 1022520B, used: 15754016B, undo waste: 0B, 
[46.964s][debug][gc,plab           ] GC(116) Young other allocation: region end waste: 0B, regions filled: 16, direct allocated: 0B, failure used: 0B, failure wasted: 0B
[46.964s][debug][gc,plab           ] GC(116) Young sizing: calculated: 3150800B, actual: 3110352B
[46.964s][debug][gc,plab           ] GC(116) Old PLAB allocation: allocated: 0B, wasted: 0B, unused: 0B, used: 0B, undo waste: 0B, 
[46.964s][debug][gc,plab           ] GC(116) Old other allocation: region end waste: 0B, regions filled: 0, direct allocated: 0B, failure used: 0B, failure wasted: 0B
[46.964s][debug][gc,plab           ] GC(116) Old sizing: calculated: 0B, actual: 1104216B
[46.964s][debug][gc,alloc,stats    ] Old generation allocation in the last mutator period, old gen allocated: 0B, humongous allocated: 3145728B,old gen growth: 0B.
[46.964s][debug][gc,ihop           ] GC(116) Basic information (value update), threshold: 0B (0.00), target occupancy: 1585446912B, current occupancy: 72351744B, recent allocation size: 3145728B, recent allocation duration: 113.28ms, recent old gen allocation rate: 27769711.42B/s, recent marking phase length: 232.15ms
[46.964s][debug][gc,ihop           ] GC(116) Adaptive IHOP information (value update), threshold: 0B (0.00), internal target occupancy: 1506174566B, occupancy: 72351744B, additional buffer size: 275775488B, predicted old gen allocation rate: 4008944074.50B/s, predicted marking phase length: 354.98ms, prediction active: true
[46.964s][debug][gc,ergo,refine    ] GC(116) Updated Refinement Zones: green: 50, yellow: 150, red: 250
[46.964s][info ][gc,phases         ] GC(116)   Pre Evacuate Collection Set: 0.1ms
[46.964s][debug][gc,phases         ] GC(116)     Prepare TLABs: 0.0ms
[46.965s][debug][gc,phases         ] GC(116)     Choose Collection Set: 0.0ms
[46.965s][debug][gc,phases         ] GC(116)     Humongous Register: 0.0ms
[46.965s][debug][gc,phases         ] GC(116)     Clear Claimed Marks: 0.1ms
[46.965s][info ][gc,phases         ] GC(116)   Evacuate Collection Set: 20.8ms
[46.965s][debug][gc,phases         ] GC(116)     Ext Root Scanning (ms):   Min:  0.4, Avg:  0.4, Max:  0.5, Diff:  0.1, Sum:  1.7, Workers: 4
[46.965s][debug][gc,phases         ] GC(116)     Update RS (ms):           Min:  1.0, Avg:  1.4, Max:  2.4, Diff:  1.4, Sum:  5.6, Workers: 4
[46.965s][debug][gc,phases         ] GC(116)       Processed Buffers:        Min: 2, Avg:  4.5, Max: 8, Diff: 6, Sum: 18, Workers: 4
[46.965s][debug][gc,phases         ] GC(116)       Scanned Cards:            Min: 512, Avg: 775.5, Max: 1566, Diff: 1054, Sum: 3102, Workers: 4
[46.965s][debug][gc,phases         ] GC(116)       Skipped Cards:            Min: 0, Avg: 190.8, Max: 763, Diff: 763, Sum: 763, Workers: 4
[46.965s][debug][gc,phases         ] GC(116)     Scan RS (ms):             Min:  0.0, Avg:  0.1, Max:  0.3, Diff:  0.3, Sum:  0.3, Workers: 4
[46.965s][debug][gc,phases         ] GC(116)       Scanned Cards:            Min: 0, Avg: 37.0, Max: 148, Diff: 148, Sum: 148, Workers: 4
[46.965s][debug][gc,phases         ] GC(116)       Claimed Cards:            Min: 0, Avg: 262.2, Max: 1049, Diff: 1049, Sum: 1049, Workers: 4
[46.965s][debug][gc,phases         ] GC(116)       Skipped Cards:            Min: 0, Avg:  0.0, Max: 0, Diff: 0, Sum: 0, Workers: 4
[46.965s][debug][gc,phases         ] GC(116)     Code Root Scanning (ms):  Min:  0.0, Avg:  0.0, Max:  0.0, Diff:  0.0, Sum:  0.0, Workers: 4
[46.965s][debug][gc,phases         ] GC(116)     JVMCI Root Scan (ms):     skipped
[46.965s][debug][gc,phases         ] GC(116)     Object Copy (ms):         Min: 17.3, Avg: 18.6, Max: 19.1, Diff:  1.8, Sum: 74.3, Workers: 4
[46.965s][debug][gc,phases         ] GC(116)     Termination (ms):         Min:  0.0, Avg:  0.0, Max:  0.0, Diff:  0.0, Sum:  0.1, Workers: 4
[46.965s][debug][gc,phases         ] GC(116)       Termination Attempts:     Min: 4, Avg:  5.5, Max: 7, Diff: 3, Sum: 22, Workers: 4
[46.965s][debug][gc,phases         ] GC(116)     GC Worker Other (ms):     Min:  0.1, Avg:  0.2, Max:  0.2, Diff:  0.1, Sum:  0.7, Workers: 4
[46.965s][debug][gc,phases         ] GC(116)     GC Worker Total (ms):     Min: 20.6, Avg: 20.7, Max: 20.7, Diff:  0.1, Sum: 82.6, Workers: 4
[46.965s][info ][gc,phases         ] GC(116)   Post Evacuate Collection Set: 0.4ms
[46.965s][debug][gc,phases         ] GC(116)     Code Roots Fixup: 0.0ms
[46.965s][debug][gc,phases         ] GC(116)     Clear Card Table: 0.0ms
[46.965s][debug][gc,phases         ] GC(116)     Reference Processing: 0.1ms
[46.965s][debug][gc,phases,ref     ] GC(116)       Reconsider SoftReferences: 0.0ms
[46.965s][debug][gc,phases,ref     ] GC(116)         SoftRef (ms):             skipped
[46.965s][debug][gc,phases,ref     ] GC(116)       Notify Soft/WeakReferences: 0.0ms
[46.965s][debug][gc,phases,ref     ] GC(116)         SoftRef (ms):             skipped
[46.965s][debug][gc,phases,ref     ] GC(116)         WeakRef (ms):             skipped
[46.965s][debug][gc,phases,ref     ] GC(116)         FinalRef (ms):            skipped
[46.965s][debug][gc,phases,ref     ] GC(116)         Total (ms):               skipped
[46.965s][debug][gc,phases,ref     ] GC(116)       Notify and keep alive finalizable: 0.0ms
[46.965s][debug][gc,phases,ref     ] GC(116)         FinalRef (ms):            skipped
[46.965s][debug][gc,phases,ref     ] GC(116)       Notify PhantomReferences: 0.0ms
[46.965s][debug][gc,phases,ref     ] GC(116)         PhantomRef (ms):          skipped
[46.965s][debug][gc,phases,ref     ] GC(116)       SoftReference:
[46.965s][debug][gc,phases,ref     ] GC(116)         Discovered: 0
[46.965s][debug][gc,phases,ref     ] GC(116)         Cleared: 0
[46.965s][debug][gc,phases,ref     ] GC(116)       WeakReference:
[46.965s][debug][gc,phases,ref     ] GC(116)         Discovered: 0
[46.965s][debug][gc,phases,ref     ] GC(116)         Cleared: 0
[46.965s][debug][gc,phases,ref     ] GC(116)       FinalReference:
[46.965s][debug][gc,phases,ref     ] GC(116)         Discovered: 0
[46.965s][debug][gc,phases,ref     ] GC(116)         Cleared: 0
[46.965s][debug][gc,phases,ref     ] GC(116)       PhantomReference:
[46.965s][debug][gc,phases,ref     ] GC(116)         Discovered: 0
[46.965s][debug][gc,phases,ref     ] GC(116)         Cleared: 0
[46.965s][debug][gc,phases         ] GC(116)     Weak Processing: 0.0ms
[46.965s][debug][gc,phases         ] GC(116)     Merge Per-Thread State: 0.0ms
[46.965s][debug][gc,phases         ] GC(116)     Code Roots Purge: 0.0ms
[46.965s][debug][gc,phases         ] GC(116)     Redirty Cards: 0.0ms
[46.965s][debug][gc,phases         ] GC(116)     DerivedPointerTable Update: 0.0ms
[46.965s][debug][gc,phases         ] GC(116)     Free Collection Set: 0.2ms
[46.965s][debug][gc,phases         ] GC(116)     Humongous Reclaim: 0.1ms
[46.965s][debug][gc,phases         ] GC(116)     Start New Collection Set: 0.0ms
[46.965s][debug][gc,phases         ] GC(116)     Resize TLABs: 0.0ms
[46.965s][debug][gc,phases         ] GC(116)     Expand Heap After Collection: 0.0ms
[46.965s][info ][gc,phases         ] GC(116)   Other: 0.6ms
[46.965s][info ][gc,heap           ] GC(116) Eden regions: 11->0(247)
[46.965s][info ][gc,heap           ] GC(116) Survivor regions: 16->16(28)
[46.965s][info ][gc,heap           ] GC(116) Old regions: 50->50
[46.965s][info ][gc,heap           ] GC(116) Humongous regions: 3->3
[46.965s][info ][gc,metaspace      ] GC(116) Metaspace: 13342K->13342K(1060864K)
[46.965s][debug][gc,heap           ] GC(116) Heap after GC invocations=117 (full 0): garbage-first heap   total 1548288K, used 70656K [0x0000000780000000, 0x0000000800000000)
[46.965s][debug][gc,heap           ] GC(116)   region size 1024K, 16 young (16384K), 16 survivors (16384K)
[46.965s][debug][gc,heap           ] GC(116)  Metaspace       used 13342K, capacity 13739K, committed 13824K, reserved 1060864K
[46.965s][debug][gc,heap           ] GC(116)   class space    used 1352K, capacity 1515K, committed 1536K, reserved 1048576K
[46.965s][info ][gc                ] GC(116) Pause Young (Concurrent Start) (G1 Humongous Allocation) 79M->69M(1512M) 22.781ms
[46.965s][info ][gc,cpu            ] GC(116) User=0.08s Sys=0.00s Real=0.03s
[46.966s][info ][gc                ] GC(117) Concurrent Cycle
[46.966s][info ][gc,marking        ] GC(117) Concurrent Clear Claimed Marks
[46.966s][info ][gc,marking        ] GC(117) Concurrent Clear Claimed Marks 0.092ms
[46.966s][info ][gc,marking        ] GC(117) Concurrent Scan Root Regions
[46.966s][debug][gc,ergo           ] GC(117) Running G1 Root Region Scan using 1 workers for 16 work units.
[46.975s][info ][gc,marking        ] GC(117) Concurrent Scan Root Regions 9.113ms
[46.975s][info ][gc,marking        ] GC(117) Concurrent Mark (46.975s)
[46.975s][info ][gc,marking        ] GC(117) Concurrent Mark From Roots
[46.975s][info ][gc,task           ] GC(117) Using 1 workers of 1 for marking
[46.984s][debug][gc,stats          ] ---------------------------------------------------------------------
[46.984s][debug][gc,stats          ] Marking Stats, task = 0, calls = 1
[46.984s][debug][gc,stats          ]   Elapsed time = 9.02ms, Termination time = 0.00ms
[46.985s][debug][gc,stats          ]   Step Times (cum): num = 856, avg = 0.50ms, sd = 1.91ms max = 9.88ms, total = 430.28ms
[46.985s][debug][gc,stats          ]   Mark Stats Cache: hits 60212 misses 47 ratio 99.922
[46.985s][debug][gc,stats          ] ---------------------------------------------------------------------
[46.985s][info ][gc,marking        ] GC(117) Concurrent Mark From Roots 10.152ms
[46.985s][info ][gc,marking        ] GC(117) Concurrent Preclean
[46.985s][debug][gc,ref,start      ] GC(117) Preclean SoftReferences
[46.985s][debug][gc,ref            ] GC(117) Preclean SoftReferences 0.049ms
[46.985s][debug][gc,ref,start      ] GC(117) Preclean WeakReferences
[46.985s][debug][gc,ref            ] GC(117) Preclean WeakReferences 0.121ms
[46.985s][debug][gc,ref,start      ] GC(117) Preclean FinalReferences
[46.986s][debug][gc,ref            ] GC(117) Preclean FinalReferences 0.116ms
[46.986s][debug][gc,ref,start      ] GC(117) Preclean PhantomReferences
[46.986s][debug][gc,ref            ] GC(117) Preclean PhantomReferences 0.090ms
[46.986s][info ][gc,marking        ] GC(117) Concurrent Preclean 0.700ms
[46.986s][info ][gc,marking        ] GC(117) Concurrent Mark (46.975s, 46.986s) 10.971ms
[46.986s][info ][gc,start          ] GC(117) Pause Remark
[46.986s][debug][gc,phases,start   ] GC(117) Finalize Marking
[46.987s][debug][gc,stats          ] ---------------------------------------------------------------------
[46.987s][debug][gc,stats          ] Marking Stats, task = 0, calls = 18
[46.987s][debug][gc,stats          ]   Elapsed time = 0.24ms, Termination time = 0.20ms
[46.987s][debug][gc,stats          ]   Step Times (cum): num = 873, avg = 0.49ms, sd = 1.89ms max = 9.88ms, total = 430.51ms
[46.987s][debug][gc,stats          ]   Mark Stats Cache: hits 60212 misses 47 ratio 99.922
[46.987s][debug][gc,stats          ] ---------------------------------------------------------------------
[46.987s][debug][gc,stats          ] Marking Stats, task = 1, calls = 1
[46.987s][debug][gc,stats          ]   Elapsed time = 0.23ms, Termination time = 0.18ms
[46.987s][debug][gc,stats          ]   Step Times (cum): num = 49, avg = 0.17ms, sd = 0.21ms max = 0.77ms, total = 8.15ms
[46.987s][debug][gc,stats          ]   Mark Stats Cache: hits 38 misses 2 ratio 95.000
[46.987s][debug][gc,stats          ] ---------------------------------------------------------------------
[46.987s][debug][gc,stats          ] Marking Stats, task = 2, calls = 1
[46.987s][debug][gc,stats          ]   Elapsed time = 0.11ms, Termination time = 0.10ms
[46.987s][debug][gc,stats          ]   Step Times (cum): num = 48, avg = 0.13ms, sd = 0.22ms max = 0.75ms, total = 6.05ms
[46.987s][debug][gc,stats          ]   Mark Stats Cache: hits 53 misses 3 ratio 94.643
[46.987s][debug][gc,stats          ] ---------------------------------------------------------------------
[46.987s][debug][gc,stats          ] Marking Stats, task = 3, calls = 1
[46.987s][debug][gc,stats          ]   Elapsed time = 0.01ms, Termination time = 0.00ms
[46.987s][debug][gc,stats          ]   Step Times (cum): num = 46, avg = 0.01ms, sd = 0.01ms max = 0.08ms, total = 0.27ms
[46.987s][debug][gc,stats          ]   Mark Stats Cache: hits 112 misses 3 ratio 97.391
[46.987s][debug][gc,stats          ] ---------------------------------------------------------------------
[46.987s][debug][gc,phases         ] GC(117) Finalize Marking 0.632ms
[46.987s][debug][gc,phases,start   ] GC(117) Reference Processing
[46.987s][debug][gc,ref            ] GC(117) Skipped phase1 of Reference Processing due to unavailable references
[46.987s][debug][gc,ref            ] GC(117) Skipped phase2 of Reference Processing due to unavailable references
[46.987s][debug][gc,ref            ] GC(117) Skipped phase3 of Reference Processing due to unavailable references
[46.987s][debug][gc,ref            ] GC(117) Skipped phase4 of Reference Processing due to unavailable references
[46.987s][debug][gc,phases,ref     ] GC(117) Reference Processing: 0.1ms
[46.987s][debug][gc,phases,ref     ] GC(117)   Reconsider SoftReferences: 0.0ms
[46.987s][debug][gc,phases,ref     ] GC(117)     SoftRef (ms):             skipped
[46.987s][debug][gc,phases,ref     ] GC(117)   Notify Soft/WeakReferences: 0.0ms
[46.987s][debug][gc,phases,ref     ] GC(117)     SoftRef (ms):             skipped
[46.987s][debug][gc,phases,ref     ] GC(117)     WeakRef (ms):             skipped
[46.987s][debug][gc,phases,ref     ] GC(117)     FinalRef (ms):            skipped
[46.987s][debug][gc,phases,ref     ] GC(117)     Total (ms):               skipped
[46.987s][debug][gc,phases,ref     ] GC(117)   Notify and keep alive finalizable: 0.0ms
[46.987s][debug][gc,phases,ref     ] GC(117)     FinalRef (ms):            skipped
[46.987s][debug][gc,phases,ref     ] GC(117)   Notify PhantomReferences: 0.0ms
[46.987s][debug][gc,phases,ref     ] GC(117)     PhantomRef (ms):          skipped
[46.987s][debug][gc,phases,ref     ] GC(117)   SoftReference:
[46.987s][debug][gc,phases,ref     ] GC(117)     Discovered: 0
[46.987s][debug][gc,phases,ref     ] GC(117)     Cleared: 0
[46.987s][debug][gc,phases,ref     ] GC(117)   WeakReference:
[46.987s][debug][gc,phases,ref     ] GC(117)     Discovered: 0
[46.987s][debug][gc,phases,ref     ] GC(117)     Cleared: 0
[46.987s][debug][gc,phases,ref     ] GC(117)   FinalReference:
[46.987s][debug][gc,phases,ref     ] GC(117)     Discovered: 0
[46.987s][debug][gc,phases,ref     ] GC(117)     Cleared: 0
[46.987s][debug][gc,phases,ref     ] GC(117)   PhantomReference:
[46.987s][debug][gc,phases,ref     ] GC(117)     Discovered: 0
[46.987s][debug][gc,phases,ref     ] GC(117)     Cleared: 0
[46.987s][debug][gc,phases         ] GC(117) Reference Processing 0.412ms
[46.987s][debug][gc,phases,start   ] GC(117) Weak Processing
[46.987s][debug][gc,phases         ] GC(117) Weak Processing 0.044ms
[46.987s][debug][gc,phases,start   ] GC(117) Class Unloading
[46.987s][debug][gc,phases,start   ] GC(117) ClassLoaderData
[46.987s][debug][gc,phases         ] GC(117) ClassLoaderData 0.113ms
[46.988s][debug][gc,phases,start   ] GC(117) ProtectionDomainCacheTable
[46.988s][debug][gc,phases         ] GC(117) ProtectionDomainCacheTable 0.019ms
[46.989s][info ][gc,stringtable    ] GC(117) Cleaned string and symbol table, strings: 6177 processed, 0 removed, symbols: 45233 processed, 0 removed
[46.989s][debug][gc,phases         ] GC(117) Class Unloading 1.808ms
[46.989s][debug][gc,phases,start   ] GC(117) Flush Task Caches
[46.989s][debug][gc,stats          ] Mark stats cache hits 60415 misses 55 ratio 99.909
[46.989s][debug][gc,phases         ] GC(117) Flush Task Caches 0.039ms
[46.989s][debug][gc,phases,start   ] GC(117) Update Remembered Set Tracking Before Rebuild
[46.989s][debug][gc,ergo           ] GC(117) Running G1 Update RemSet Tracking Before Rebuild using 4 workers for 1512 regions in heap
[46.989s][debug][gc,remset,tracking] GC(117) Remembered Set Tracking update regions total 1512, selected 49
[46.989s][debug][gc,phases         ] GC(117) Update Remembered Set Tracking Before Rebuild 0.184ms
[46.989s][debug][gc,phases,start   ] GC(117) Reclaim Empty Regions
[46.990s][debug][gc                ] GC(117) Reclaimed 4 empty regions
[46.990s][debug][gc,phases         ] GC(117) Reclaim Empty Regions 0.145ms
[46.990s][debug][gc,phases,start   ] GC(117) Purge Metaspace
[46.990s][debug][gc,phases         ] GC(117) Purge Metaspace 0.014ms
[46.990s][debug][gc,phases,start   ] GC(117) Report Object Count
[46.990s][debug][gc,phases         ] GC(117) Report Object Count 0.015ms
[46.990s][info ][gc                ] GC(117) Pause Remark 77M->73M(1512M) 3.491ms
[46.990s][info ][gc,cpu            ] GC(117) User=0.00s Sys=0.00s Real=0.00s
[46.990s][info ][gc,marking        ] GC(117) Concurrent Rebuild Remembered Sets
[46.999s][info ][gc,marking        ] GC(117) Concurrent Rebuild Remembered Sets 8.741ms
[46.999s][info ][gc,start          ] GC(117) Pause Cleanup
[46.999s][debug][gc,phases,start   ] GC(117) Update Remembered Set Tracking After Rebuild
[46.999s][debug][gc,phases         ] GC(117) Update Remembered Set Tracking After Rebuild 0.063ms
[46.999s][debug][gc,phases,start   ] GC(117) Finalize Concurrent Mark Cleanup
[46.999s][debug][gc,ergo           ] GC(117) request young-only gcs (reclaimable percentage not over threshold). candidate old regions: 48 reclaimable: 48687904 (3.07) threshold: 5
[46.999s][debug][gc,phases         ] GC(117) Finalize Concurrent Mark Cleanup 0.229ms
[46.999s][info ][gc                ] GC(117) Pause Cleanup 73M->73M(1512M) 0.382ms
[46.999s][info ][gc,cpu            ] GC(117) User=0.00s Sys=0.00s Real=0.00s
[46.999s][info ][gc,marking        ] GC(117) Concurrent Cleanup for Next Mark
[46.999s][debug][gc,ergo           ] GC(117) Running G1 Clear Bitmap with 1 workers for 24 work units.
[47.002s][info ][gc,marking        ] GC(117) Concurrent Cleanup for Next Mark 2.760ms
[47.002s][info ][gc                ] GC(117) Concurrent Cycle 36.492ms
[47.077s][debug][gc,ergo,ihop      ] Request concurrent cycle initiation (occupancy higher than threshold) occupancy: 54525952B allocation request: 524304B threshold: 0B (0.00) source: concurrent humongous allocation
[47.078s][debug][gc,ergo           ] Request concurrent cycle initiation (requested by GC cause). GC cause: G1 Humongous Allocation
[47.078s][debug][gc,heap           ] GC(118) Heap before GC invocations=118 (full 0): garbage-first heap   total 1548288K, used 79872K [0x0000000780000000, 0x0000000800000000)
[47.078s][debug][gc,heap           ] GC(118)   region size 1024K, 27 young (27648K), 16 survivors (16384K)
[47.078s][debug][gc,heap           ] GC(118)  Metaspace       used 13342K, capacity 13739K, committed 13824K, reserved 1060864K
[47.078s][debug][gc,heap           ] GC(118)   class space    used 1352K, capacity 1515K, committed 1536K, reserved 1048576K
[47.078s][debug][gc,ergo           ] GC(118) Initiate concurrent cycle (concurrent cycle initiation requested)
[47.078s][info ][gc,start          ] GC(118) Pause Young (Concurrent Start) (G1 Humongous Allocation)
[47.078s][info ][gc,task           ] GC(118) Using 4 workers of 4 for evacuation
[47.078s][debug][gc,tlab           ] GC(118) TLAB totals: thrds: 1  refills: 31 max: 31 slow allocs: 3 max 3 waste:  0.9% gc: 80072B max: 80072B slow: 17672B max: 17672B fast: 0B max: 0B
[47.078s][debug][gc,alloc,region   ] GC(118) Mutator Allocation stats, regions: 11, wasted size: 0B ( 0.0%)
[47.078s][debug][gc,age            ] GC(118) Desired survivor size 17301504 bytes, new threshold 15 (max threshold 15)
[47.078s][debug][gc,ergo,cset      ] GC(118) Finish choosing CSet. old: 0 regions, predicted old region time: 0.00ms, time remaining: 171.19
[47.078s][debug][gc,task,stats     ] GC(118) GC Termination Stats
[47.079s][debug][gc,task,stats     ] GC(118)      elapsed  --strong roots-- -------termination------- ------waste (KiB)------
[47.079s][debug][gc,task,stats     ] GC(118) thr     ms        ms      %        ms      %    attempts  total   alloc    undo
[47.079s][debug][gc,task,stats     ] GC(118) --- --------- --------- ------ --------- ------ -------- ------- ------- -------
[47.105s][debug][gc,task,stats     ] GC(118)   2     26.30     20.22  76.91      0.01   0.02        4       0       0       0
[47.105s][debug][gc,task,stats     ] GC(118)   3     26.44     14.68  55.54      0.02   0.06        4       0       0       0
[47.105s][debug][gc,task,stats     ] GC(118)   0     26.60     20.46  76.92      0.02   0.06        8       0       0       0
[47.105s][debug][gc,task,stats     ] GC(118)   1     26.64     23.74  89.13      0.01   0.05        6       0       0       0
[47.105s][debug][gc,ergo           ] GC(118) Running G1 Clear Card Table Task using 1 workers for 1 units of work for 34 regions.
[47.105s][debug][gc,ref            ] GC(118) Skipped phase1 of Reference Processing due to unavailable references
[47.105s][debug][gc,ref            ] GC(118) Skipped phase2 of Reference Processing due to unavailable references
[47.105s][debug][gc,ref            ] GC(118) Skipped phase3 of Reference Processing due to unavailable references
[47.105s][debug][gc,ref            ] GC(118) Skipped phase4 of Reference Processing due to unavailable references
[47.105s][debug][gc,ergo           ] GC(118) Running G1 Free Collection Set using 1 workers for collection set length 27
[47.106s][debug][gc,humongous      ] GC(118) Live humongous region 8 object size 524304 start 0x0000000780800000  with remset 0 code roots 0 is marked 0 reclaim candidate 0 type array 0
[47.106s][debug][gc,humongous      ] GC(118) Live humongous region 13 object size 1048592 start 0x0000000780d00000  with remset 0 code roots 0 is marked 0 reclaim candidate 0 type array 0
[47.106s][debug][gc,plab           ] GC(118) Young PLAB allocation: allocated: 16777216B, wasted: 720B, unused: 1022480B, used: 15754016B, undo waste: 0B, 
[47.106s][debug][gc,plab           ] GC(118) Young other allocation: region end waste: 0B, regions filled: 16, direct allocated: 0B, failure used: 0B, failure wasted: 0B
[47.106s][debug][gc,plab           ] GC(118) Young sizing: calculated: 3150800B, actual: 3140688B
[47.106s][debug][gc,plab           ] GC(118) Old PLAB allocation: allocated: 0B, wasted: 0B, unused: 0B, used: 0B, undo waste: 0B, 
[47.106s][debug][gc,plab           ] GC(118) Old other allocation: region end waste: 0B, regions filled: 0, direct allocated: 0B, failure used: 0B, failure wasted: 0B
[47.106s][debug][gc,plab           ] GC(118) Old sizing: calculated: 0B, actual: 276048B
[47.106s][debug][gc,alloc,stats    ] Old generation allocation in the last mutator period, old gen allocated: 0B, humongous allocated: 3145728B,old gen growth: 0B.
[47.106s][debug][gc,ihop           ] GC(118) Basic information (value update), threshold: 0B (0.00), target occupancy: 1585446912B, current occupancy: 71303168B, recent allocation size: 3145728B, recent allocation duration: 110.05ms, recent old gen allocation rate: 28583739.26B/s, recent marking phase length: 232.15ms
[47.106s][debug][gc,ihop           ] GC(118) Adaptive IHOP information (value update), threshold: 0B (0.00), internal target occupancy: 1506174566B, occupancy: 71303168B, additional buffer size: 293601280B, predicted old gen allocation rate: 3873041811.78B/s, predicted marking phase length: 354.98ms, prediction active: true
[47.106s][debug][gc,ergo,refine    ] GC(118) Updated Refinement Zones: green: 50, yellow: 150, red: 250
[47.106s][info ][gc,phases         ] GC(118)   Pre Evacuate Collection Set: 0.1ms
[47.106s][debug][gc,phases         ] GC(118)     Prepare TLABs: 0.0ms
[47.106s][debug][gc,phases         ] GC(118)     Choose Collection Set: 0.0ms
[47.106s][debug][gc,phases         ] GC(118)     Humongous Register: 0.0ms
[47.106s][debug][gc,phases         ] GC(118)     Clear Claimed Marks: 0.1ms
[47.106s][info ][gc,phases         ] GC(118)   Evacuate Collection Set: 26.8ms
[47.106s][debug][gc,phases         ] GC(118)     Ext Root Scanning (ms):   Min:  0.4, Avg:  0.4, Max:  0.4, Diff:  0.0, Sum:  1.6, Workers: 4
[47.106s][debug][gc,phases         ] GC(118)     Update RS (ms):           Min:  1.3, Avg:  4.4, Max: 12.6, Diff: 11.4, Sum: 17.8, Workers: 4
[47.106s][debug][gc,phases         ] GC(118)       Processed Buffers:        Min: 2, Avg:  4.5, Max: 8, Diff: 6, Sum: 18, Workers: 4
[47.106s][debug][gc,phases         ] GC(118)       Scanned Cards:            Min: 512, Avg: 775.5, Max: 1566, Diff: 1054, Sum: 3102, Workers: 4
[47.106s][debug][gc,phases         ] GC(118)       Skipped Cards:            Min: 0, Avg: 195.5, Max: 782, Diff: 782, Sum: 782, Workers: 4
[47.106s][debug][gc,phases         ] GC(118)     Scan RS (ms):             Min:  0.0, Avg:  0.2, Max:  0.7, Diff:  0.7, Sum:  0.7, Workers: 4
[47.106s][debug][gc,phases         ] GC(118)       Scanned Cards:            Min: 0, Avg: 118.0, Max: 472, Diff: 472, Sum: 472, Workers: 4
[47.106s][debug][gc,phases         ] GC(118)       Claimed Cards:            Min: 0, Avg: 268.5, Max: 1074, Diff: 1074, Sum: 1074, Workers: 4
[47.106s][debug][gc,phases         ] GC(118)       Skipped Cards:            Min: 0, Avg:  0.0, Max: 0, Diff: 0, Sum: 0, Workers: 4
[47.106s][debug][gc,phases         ] GC(118)     Code Root Scanning (ms):  Min:  0.0, Avg:  0.0, Max:  0.0, Diff:  0.0, Sum:  0.0, Workers: 4
[47.106s][debug][gc,phases         ] GC(118)     JVMCI Root Scan (ms):     skipped
[47.106s][debug][gc,phases         ] GC(118)     Object Copy (ms):         Min: 12.5, Avg: 21.3, Max: 24.6, Diff: 12.1, Sum: 85.1, Workers: 4
[47.106s][debug][gc,phases         ] GC(118)     Termination (ms):         Min:  0.0, Avg:  0.0, Max:  0.0, Diff:  0.0, Sum:  0.0, Workers: 4
[47.106s][debug][gc,phases         ] GC(118)       Termination Attempts:     Min: 4, Avg:  5.5, Max: 8, Diff: 4, Sum: 22, Workers: 4
[47.106s][debug][gc,phases         ] GC(118)     GC Worker Other (ms):     Min:  0.2, Avg:  0.3, Max:  0.3, Diff:  0.1, Sum:  1.1, Workers: 4
[47.106s][debug][gc,phases         ] GC(118)     GC Worker Total (ms):     Min: 26.5, Avg: 26.6, Max: 26.7, Diff:  0.2, Sum: 106.3, Workers: 4
[47.106s][info ][gc,phases         ] GC(118)   Post Evacuate Collection Set: 0.4ms
[47.106s][debug][gc,phases         ] GC(118)     Code Roots Fixup: 0.0ms
[47.106s][debug][gc,phases         ] GC(118)     Clear Card Table: 0.1ms
[47.106s][debug][gc,phases         ] GC(118)     Reference Processing: 0.1ms
[47.106s][debug][gc,phases,ref     ] GC(118)       Reconsider SoftReferences: 0.0ms
[47.106s][debug][gc,phases,ref     ] GC(118)         SoftRef (ms):             skipped
[47.106s][debug][gc,phases,ref     ] GC(118)       Notify Soft/WeakReferences: 0.0ms
[47.106s][debug][gc,phases,ref     ] GC(118)         SoftRef (ms):             skipped
[47.106s][debug][gc,phases,ref     ] GC(118)         WeakRef (ms):             skipped
[47.106s][debug][gc,phases,ref     ] GC(118)         FinalRef (ms):            skipped
[47.106s][debug][gc,phases,ref     ] GC(118)         Total (ms):               skipped
[47.106s][debug][gc,phases,ref     ] GC(118)       Notify and keep alive finalizable: 0.0ms
[47.106s][debug][gc,phases,ref     ] GC(118)         FinalRef (ms):            skipped
[47.106s][debug][gc,phases,ref     ] GC(118)       Notify PhantomReferences: 0.0ms
[47.106s][debug][gc,phases,ref     ] GC(118)         PhantomRef (ms):          skipped
[47.106s][debug][gc,phases,ref     ] GC(118)       SoftReference:
[47.106s][debug][gc,phases,ref     ] GC(118)         Discovered: 0
[47.106s][debug][gc,phases,ref     ] GC(118)         Cleared: 0
[47.106s][debug][gc,phases,ref     ] GC(118)       WeakReference:
[47.106s][debug][gc,phases,ref     ] GC(118)         Discovered: 0
[47.106s][debug][gc,phases,ref     ] GC(118)         Cleared: 0
[47.106s][debug][gc,phases,ref     ] GC(118)       FinalReference:
[47.106s][debug][gc,phases,ref     ] GC(118)         Discovered: 0
[47.106s][debug][gc,phases,ref     ] GC(118)         Cleared: 0
[47.107s][debug][gc,phases,ref     ] GC(118)       PhantomReference:
[47.107s][debug][gc,phases,ref     ] GC(118)         Discovered: 0
[47.107s][debug][gc,phases,ref     ] GC(118)         Cleared: 0
[47.107s][debug][gc,phases         ] GC(118)     Weak Processing: 0.0ms
[47.107s][debug][gc,phases         ] GC(118)     Merge Per-Thread State: 0.0ms
[47.107s][debug][gc,phases         ] GC(118)     Code Roots Purge: 0.0ms
[47.107s][debug][gc,phases         ] GC(118)     Redirty Cards: 0.0ms
[47.107s][debug][gc,phases         ] GC(118)     DerivedPointerTable Update: 0.0ms
[47.107s][debug][gc,phases         ] GC(118)     Free Collection Set: 0.2ms
[47.107s][debug][gc,phases         ] GC(118)     Humongous Reclaim: 0.0ms
[47.107s][debug][gc,phases         ] GC(118)     Start New Collection Set: 0.0ms
[47.107s][debug][gc,phases         ] GC(118)     Resize TLABs: 0.0ms
[47.107s][debug][gc,phases         ] GC(118)     Expand Heap After Collection: 0.0ms
[47.107s][info ][gc,phases         ] GC(118)   Other: 0.6ms
[47.107s][info ][gc,heap           ] GC(118) Eden regions: 11->0(264)
[47.107s][info ][gc,heap           ] GC(118) Survivor regions: 16->16(33)
[47.107s][info ][gc,heap           ] GC(118) Old regions: 49->49
[47.107s][info ][gc,heap           ] GC(118) Humongous regions: 3->3
[47.107s][info ][gc,metaspace      ] GC(118) Metaspace: 13342K->13342K(1060864K)
[47.107s][debug][gc,heap           ] GC(118) Heap after GC invocations=119 (full 0): garbage-first heap   total 1548288K, used 69632K [0x0000000780000000, 0x0000000800000000)
[47.107s][debug][gc,heap           ] GC(118)   region size 1024K, 16 young (16384K), 16 survivors (16384K)
[47.107s][debug][gc,heap           ] GC(118)  Metaspace       used 13342K, capacity 13739K, committed 13824K, reserved 1060864K
[47.107s][debug][gc,heap           ] GC(118)   class space    used 1352K, capacity 1515K, committed 1536K, reserved 1048576K
[47.107s][info ][gc                ] GC(118) Pause Young (Concurrent Start) (G1 Humongous Allocation) 78M->68M(1512M) 28.730ms
[47.107s][info ][gc,cpu            ] GC(118) User=0.08s Sys=0.00s Real=0.03s
[47.107s][info ][gc                ] GC(119) Concurrent Cycle
[47.107s][info ][gc,marking        ] GC(119) Concurrent Clear Claimed Marks
[47.107s][info ][gc,marking        ] GC(119) Concurrent Clear Claimed Marks 0.052ms
[47.107s][info ][gc,marking        ] GC(119) Concurrent Scan Root Regions
[47.107s][debug][gc,ergo           ] GC(119) Running G1 Root Region Scan using 1 workers for 16 work units.
[47.116s][info ][gc,marking        ] GC(119) Concurrent Scan Root Regions 9.017ms
[47.116s][info ][gc,marking        ] GC(119) Concurrent Mark (47.116s)
[47.116s][info ][gc,marking        ] GC(119) Concurrent Mark From Roots
[47.116s][info ][gc,task           ] GC(119) Using 1 workers of 1 for marking
[47.124s][debug][gc,stats          ] ---------------------------------------------------------------------
[47.124s][debug][gc,stats          ] Marking Stats, task = 0, calls = 1
[47.124s][debug][gc,stats          ]   Elapsed time = 7.46ms, Termination time = 0.00ms
[47.124s][debug][gc,stats          ]   Step Times (cum): num = 874, avg = 0.50ms, sd = 1.91ms max = 9.88ms, total = 437.97ms
[47.124s][debug][gc,stats          ]   Mark Stats Cache: hits 60212 misses 47 ratio 99.922
[47.124s][debug][gc,stats          ] ---------------------------------------------------------------------
[47.124s][info ][gc,marking        ] GC(119) Concurrent Mark From Roots 7.686ms
[47.124s][info ][gc,marking        ] GC(119) Concurrent Preclean
[47.124s][debug][gc,ref,start      ] GC(119) Preclean SoftReferences
[47.124s][debug][gc,ref            ] GC(119) Preclean SoftReferences 0.021ms
[47.124s][debug][gc,ref,start      ] GC(119) Preclean WeakReferences
[47.124s][debug][gc,ref            ] GC(119) Preclean WeakReferences 0.022ms
[47.124s][debug][gc,ref,start      ] GC(119) Preclean FinalReferences
[47.124s][debug][gc,ref            ] GC(119) Preclean FinalReferences 0.016ms
[47.124s][debug][gc,ref,start      ] GC(119) Preclean PhantomReferences
[47.124s][debug][gc,ref            ] GC(119) Preclean PhantomReferences 0.016ms
[47.124s][info ][gc,marking        ] GC(119) Concurrent Preclean 0.147ms
[47.124s][info ][gc,marking        ] GC(119) Concurrent Mark (47.116s, 47.124s) 7.877ms
[47.124s][info ][gc,start          ] GC(119) Pause Remark
[47.124s][debug][gc,phases,start   ] GC(119) Finalize Marking
[47.124s][debug][gc,stats          ] ---------------------------------------------------------------------
[47.124s][debug][gc,stats          ] Marking Stats, task = 0, calls = 18
[47.124s][debug][gc,stats          ]   Elapsed time = 0.08ms, Termination time = 0.06ms
[47.124s][debug][gc,stats          ]   Step Times (cum): num = 891, avg = 0.49ms, sd = 1.89ms max = 9.88ms, total = 438.04ms
[47.124s][debug][gc,stats          ]   Mark Stats Cache: hits 60212 misses 47 ratio 99.922
[47.124s][debug][gc,stats          ] ---------------------------------------------------------------------
[47.124s][debug][gc,stats          ] Marking Stats, task = 1, calls = 1
[47.124s][debug][gc,stats          ]   Elapsed time = 0.07ms, Termination time = 0.05ms
[47.124s][debug][gc,stats          ]   Step Times (cum): num = 50, avg = 0.16ms, sd = 0.21ms max = 0.77ms, total = 8.20ms
[47.124s][debug][gc,stats          ]   Mark Stats Cache: hits 97 misses 2 ratio 97.980
[47.124s][debug][gc,stats          ] ---------------------------------------------------------------------
[47.124s][debug][gc,stats          ] Marking Stats, task = 2, calls = 1
[47.124s][debug][gc,stats          ]   Elapsed time = 0.01ms, Termination time = 0.01ms
[47.124s][debug][gc,stats          ]   Step Times (cum): num = 49, avg = 0.12ms, sd = 0.22ms max = 0.75ms, total = 6.06ms
[47.124s][debug][gc,stats          ]   Mark Stats Cache: hits 55 misses 3 ratio 94.828
[47.124s][debug][gc,stats          ] ---------------------------------------------------------------------
[47.124s][debug][gc,stats          ] Marking Stats, task = 3, calls = 1
[47.125s][debug][gc,stats          ]   Elapsed time = 0.01ms, Termination time = 0.00ms
[47.125s][debug][gc,stats          ]   Step Times (cum): num = 47, avg = 0.01ms, sd = 0.01ms max = 0.08ms, total = 0.27ms
[47.125s][debug][gc,stats          ]   Mark Stats Cache: hits 51 misses 3 ratio 94.444
[47.125s][debug][gc,stats          ] ---------------------------------------------------------------------
[47.125s][debug][gc,phases         ] GC(119) Finalize Marking 0.438ms
[47.125s][debug][gc,phases,start   ] GC(119) Reference Processing
[47.125s][debug][gc,ref            ] GC(119) Skipped phase1 of Reference Processing due to unavailable references
[47.125s][debug][gc,ref            ] GC(119) Skipped phase2 of Reference Processing due to unavailable references
[47.125s][debug][gc,ref            ] GC(119) Skipped phase3 of Reference Processing due to unavailable references
[47.125s][debug][gc,ref            ] GC(119) Skipped phase4 of Reference Processing due to unavailable references
[47.125s][debug][gc,phases,ref     ] GC(119) Reference Processing: 0.1ms
[47.125s][debug][gc,phases,ref     ] GC(119)   Reconsider SoftReferences: 0.0ms
[47.125s][debug][gc,phases,ref     ] GC(119)     SoftRef (ms):             skipped
[47.125s][debug][gc,phases,ref     ] GC(119)   Notify Soft/WeakReferences: 0.0ms
[47.125s][debug][gc,phases,ref     ] GC(119)     SoftRef (ms):             skipped
[47.125s][debug][gc,phases,ref     ] GC(119)     WeakRef (ms):             skipped
[47.125s][debug][gc,phases,ref     ] GC(119)     FinalRef (ms):            skipped
[47.125s][debug][gc,phases,ref     ] GC(119)     Total (ms):               skipped
[47.125s][debug][gc,phases,ref     ] GC(119)   Notify and keep alive finalizable: 0.0ms
[47.125s][debug][gc,phases,ref     ] GC(119)     FinalRef (ms):            skipped
[47.125s][debug][gc,phases,ref     ] GC(119)   Notify PhantomReferences: 0.0ms
[47.125s][debug][gc,phases,ref     ] GC(119)     PhantomRef (ms):          skipped
[47.125s][debug][gc,phases,ref     ] GC(119)   SoftReference:
[47.125s][debug][gc,phases,ref     ] GC(119)     Discovered: 0
[47.125s][debug][gc,phases,ref     ] GC(119)     Cleared: 0
[47.125s][debug][gc,phases,ref     ] GC(119)   WeakReference:
[47.125s][debug][gc,phases,ref     ] GC(119)     Discovered: 0
[47.125s][debug][gc,phases,ref     ] GC(119)     Cleared: 0
[47.125s][debug][gc,phases,ref     ] GC(119)   FinalReference:
[47.125s][debug][gc,phases,ref     ] GC(119)     Discovered: 0
[47.125s][debug][gc,phases,ref     ] GC(119)     Cleared: 0
[47.125s][debug][gc,phases,ref     ] GC(119)   PhantomReference:
[47.125s][debug][gc,phases,ref     ] GC(119)     Discovered: 0
[47.125s][debug][gc,phases,ref     ] GC(119)     Cleared: 0
[47.125s][debug][gc,phases         ] GC(119) Reference Processing 0.402ms
[47.125s][debug][gc,phases,start   ] GC(119) Weak Processing
[47.125s][debug][gc,phases         ] GC(119) Weak Processing 0.027ms
[47.125s][debug][gc,phases,start   ] GC(119) Class Unloading
[47.125s][debug][gc,phases,start   ] GC(119) ClassLoaderData
[47.125s][debug][gc,phases         ] GC(119) ClassLoaderData 0.061ms
[47.125s][debug][gc,phases,start   ] GC(119) ProtectionDomainCacheTable
[47.125s][debug][gc,phases         ] GC(119) ProtectionDomainCacheTable 0.016ms
[47.127s][info ][gc,stringtable    ] GC(119) Cleaned string and symbol table, strings: 6177 processed, 0 removed, symbols: 45233 processed, 0 removed
[47.127s][debug][gc,phases         ] GC(119) Class Unloading 1.622ms
[47.127s][debug][gc,phases,start   ] GC(119) Flush Task Caches
[47.127s][debug][gc,stats          ] Mark stats cache hits 60415 misses 55 ratio 99.909
[47.127s][debug][gc,phases         ] GC(119) Flush Task Caches 0.039ms
[47.127s][debug][gc,phases,start   ] GC(119) Update Remembered Set Tracking Before Rebuild
[47.127s][debug][gc,ergo           ] GC(119) Running G1 Update RemSet Tracking Before Rebuild using 4 workers for 1512 regions in heap
[47.127s][debug][gc,remset,tracking] GC(119) Remembered Set Tracking update regions total 1512, selected 49
[47.127s][debug][gc,phases         ] GC(119) Update Remembered Set Tracking Before Rebuild 0.190ms
[47.127s][debug][gc,phases,start   ] GC(119) Reclaim Empty Regions
[47.127s][debug][gc                ] GC(119) Reclaimed 3 empty regions
[47.127s][debug][gc,phases         ] GC(119) Reclaim Empty Regions 0.146ms
[47.127s][debug][gc,phases,start   ] GC(119) Purge Metaspace
[47.127s][debug][gc,phases         ] GC(119) Purge Metaspace 0.014ms
[47.127s][debug][gc,phases,start   ] GC(119) Report Object Count
[47.127s][debug][gc,phases         ] GC(119) Report Object Count 0.014ms
[47.127s][info ][gc                ] GC(119) Pause Remark 76M->73M(1512M) 3.090ms
[47.127s][info ][gc,cpu            ] GC(119) User=0.01s Sys=0.01s Real=0.01s
[47.127s][info ][gc,marking        ] GC(119) Concurrent Rebuild Remembered Sets
[47.135s][info ][gc,marking        ] GC(119) Concurrent Rebuild Remembered Sets 7.957ms
[47.135s][info ][gc,start          ] GC(119) Pause Cleanup
[47.135s][debug][gc,phases,start   ] GC(119) Update Remembered Set Tracking After Rebuild
[47.135s][debug][gc,phases         ] GC(119) Update Remembered Set Tracking After Rebuild 0.060ms
[47.136s][debug][gc,phases,start   ] GC(119) Finalize Concurrent Mark Cleanup
[47.136s][debug][gc,ergo           ] GC(119) request young-only gcs (reclaimable percentage not over threshold). candidate old regions: 48 reclaimable: 48687904 (3.07) threshold: 5
[47.136s][debug][gc,phases         ] GC(119) Finalize Concurrent Mark Cleanup 0.178ms
[47.136s][info ][gc                ] GC(119) Pause Cleanup 73M->73M(1512M) 0.317ms
[47.136s][info ][gc,cpu            ] GC(119) User=0.00s Sys=0.00s Real=0.00s
[47.136s][info ][gc,marking        ] GC(119) Concurrent Cleanup for Next Mark
[47.136s][debug][gc,ergo           ] GC(119) Running G1 Clear Bitmap with 1 workers for 24 work units.
[47.138s][info ][gc,marking        ] GC(119) Concurrent Cleanup for Next Mark 2.600ms
[47.138s][info ][gc                ] GC(119) Concurrent Cycle 31.532ms
[47.222s][debug][gc,ergo,ihop      ] Request concurrent cycle initiation (occupancy higher than threshold) occupancy: 54525952B allocation request: 524304B threshold: 0B (0.00) source: concurrent humongous allocation
[47.222s][debug][gc,ergo           ] Request concurrent cycle initiation (requested by GC cause). GC cause: G1 Humongous Allocation
[47.222s][debug][gc,heap           ] GC(120) Heap before GC invocations=120 (full 0): garbage-first heap   total 1548288K, used 79872K [0x0000000780000000, 0x0000000800000000)
[47.222s][debug][gc,heap           ] GC(120)   region size 1024K, 27 young (27648K), 16 survivors (16384K)
[47.222s][debug][gc,heap           ] GC(120)  Metaspace       used 13342K, capacity 13739K, committed 13824K, reserved 1060864K
[47.222s][debug][gc,heap           ] GC(120)   class space    used 1352K, capacity 1515K, committed 1536K, reserved 1048576K
[47.222s][debug][gc,ergo           ] GC(120) Initiate concurrent cycle (concurrent cycle initiation requested)
[47.222s][info ][gc,start          ] GC(120) Pause Young (Concurrent Start) (G1 Humongous Allocation)
[47.222s][info ][gc,task           ] GC(120) Using 4 workers of 4 for evacuation
[47.222s][debug][gc,tlab           ] GC(120) TLAB totals: thrds: 1  refills: 31 max: 31 slow allocs: 3 max 3 waste:  0.9% gc: 80072B max: 80072B slow: 17672B max: 17672B fast: 0B max: 0B
[47.222s][debug][gc,alloc,region   ] GC(120) Mutator Allocation stats, regions: 11, wasted size: 0B ( 0.0%)
[47.222s][debug][gc,age            ] GC(120) Desired survivor size 18350080 bytes, new threshold 15 (max threshold 15)
[47.222s][debug][gc,ergo,cset      ] GC(120) Finish choosing CSet. old: 0 regions, predicted old region time: 0.00ms, time remaining: 165.27
[47.223s][debug][gc,task,stats     ] GC(120) GC Termination Stats
[47.223s][debug][gc,task,stats     ] GC(120)      elapsed  --strong roots-- -------termination------- ------waste (KiB)------
[47.223s][debug][gc,task,stats     ] GC(120) thr     ms        ms      %        ms      %    attempts  total   alloc    undo
[47.223s][debug][gc,task,stats     ] GC(120) --- --------- --------- ------ --------- ------ -------- ------- ------- -------
[47.243s][debug][gc,task,stats     ] GC(120)   0     20.69     17.62  85.15      0.01   0.03        7       0       0       0
[47.243s][debug][gc,task,stats     ] GC(120)   1     20.78     18.20  87.58      0.02   0.11        7       0       0       0
[47.244s][debug][gc,task,stats     ] GC(120)   3     20.77     17.85  85.96      0.01   0.03        3       0       0       0
[47.244s][debug][gc,task,stats     ] GC(120)   2     20.79      4.54  21.84      0.01   0.07        8       0       0       0
[47.244s][debug][gc,ergo           ] GC(120) Running G1 Clear Card Table Task using 1 workers for 1 units of work for 34 regions.
[47.244s][debug][gc,ref            ] GC(120) Skipped phase1 of Reference Processing due to unavailable references
[47.244s][debug][gc,ref            ] GC(120) Skipped phase2 of Reference Processing due to unavailable references
[47.244s][debug][gc,ref            ] GC(120) Skipped phase3 of Reference Processing due to unavailable references
[47.244s][debug][gc,ref            ] GC(120) Skipped phase4 of Reference Processing due to unavailable references
[47.244s][debug][gc,ergo           ] GC(120) Running G1 Free Collection Set using 1 workers for collection set length 27
[47.244s][debug][gc,humongous      ] GC(120) Live humongous region 5 object size 524304 start 0x0000000780500000  with remset 0 code roots 0 is marked 0 reclaim candidate 0 type array 0
[47.244s][debug][gc,humongous      ] GC(120) Live humongous region 6 object size 1048592 start 0x0000000780600000  with remset 0 code roots 0 is marked 0 reclaim candidate 0 type array 0
[47.244s][debug][gc,plab           ] GC(120) Young PLAB allocation: allocated: 16777216B, wasted: 664B, unused: 1022536B, used: 15754016B, undo waste: 0B, 
[47.244s][debug][gc,plab           ] GC(120) Young other allocation: region end waste: 0B, regions filled: 16, direct allocated: 0B, failure used: 0B, failure wasted: 0B
[47.244s][debug][gc,plab           ] GC(120) Young sizing: calculated: 3150800B, actual: 3148272B
[47.244s][debug][gc,plab           ] GC(120) Old PLAB allocation: allocated: 0B, wasted: 0B, unused: 0B, used: 0B, undo waste: 0B, 
[47.244s][debug][gc,plab           ] GC(120) Old other allocation: region end waste: 0B, regions filled: 0, direct allocated: 0B, failure used: 0B, failure wasted: 0B
[47.244s][debug][gc,plab           ] GC(120) Old sizing: calculated: 0B, actual: 69008B
[47.244s][debug][gc,alloc,stats    ] Old generation allocation in the last mutator period, old gen allocated: 0B, humongous allocated: 3145728B,old gen growth: 0B.
[47.244s][debug][gc,ihop           ] GC(120) Basic information (value update), threshold: 0B (0.00), target occupancy: 1585446912B, current occupancy: 71303168B, recent allocation size: 3145728B, recent allocation duration: 113.28ms, recent old gen allocation rate: 27769814.87B/s, recent marking phase length: 232.15ms
[47.244s][debug][gc,ihop           ] GC(120) Adaptive IHOP information (value update), threshold: 0B (0.00), internal target occupancy: 1506174566B, occupancy: 71303168B, additional buffer size: 325058560B, predicted old gen allocation rate: 3742114187.08B/s, predicted marking phase length: 354.98ms, prediction active: true
[47.244s][debug][gc,ergo,refine    ] GC(120) Updated Refinement Zones: green: 50, yellow: 150, red: 250
[47.244s][info ][gc,phases         ] GC(120)   Pre Evacuate Collection Set: 0.1ms
[47.244s][debug][gc,phases         ] GC(120)     Prepare TLABs: 0.0ms
[47.244s][debug][gc,phases         ] GC(120)     Choose Collection Set: 0.0ms
[47.244s][debug][gc,phases         ] GC(120)     Humongous Register: 0.0ms
[47.244s][debug][gc,phases         ] GC(120)     Clear Claimed Marks: 0.1ms
[47.244s][info ][gc,phases         ] GC(120)   Evacuate Collection Set: 21.0ms
[47.244s][debug][gc,phases         ] GC(120)     Ext Root Scanning (ms):   Min:  0.4, Avg:  0.4, Max:  0.5, Diff:  0.1, Sum:  1.7, Workers: 4
[47.244s][debug][gc,phases         ] GC(120)     Update RS (ms):           Min:  1.0, Avg:  1.4, Max:  2.5, Diff:  1.5, Sum:  5.7, Workers: 4
[47.244s][debug][gc,phases         ] GC(120)       Processed Buffers:        Min: 2, Avg:  4.5, Max: 8, Diff: 6, Sum: 18, Workers: 4
[47.244s][debug][gc,phases         ] GC(120)       Scanned Cards:            Min: 512, Avg: 775.5, Max: 1566, Diff: 1054, Sum: 3102, Workers: 4
[47.244s][debug][gc,phases         ] GC(120)       Skipped Cards:            Min: 0, Avg: 195.5, Max: 782, Diff: 782, Sum: 782, Workers: 4
[47.244s][debug][gc,phases         ] GC(120)     Scan RS (ms):             Min:  0.0, Avg:  0.1, Max:  0.3, Diff:  0.3, Sum:  0.3, Workers: 4
[47.244s][debug][gc,phases         ] GC(120)       Scanned Cards:            Min: 0, Avg: 34.0, Max: 136, Diff: 136, Sum: 136, Workers: 4
[47.244s][debug][gc,phases         ] GC(120)       Claimed Cards:            Min: 0, Avg: 273.2, Max: 1093, Diff: 1093, Sum: 1093, Workers: 4
[47.244s][debug][gc,phases         ] GC(120)       Skipped Cards:            Min: 0, Avg:  0.0, Max: 0, Diff: 0, Sum: 0, Workers: 4
[47.244s][debug][gc,phases         ] GC(120)     Code Root Scanning (ms):  Min:  0.0, Avg:  0.0, Max:  0.0, Diff:  0.0, Sum:  0.0, Workers: 4
[47.244s][debug][gc,phases         ] GC(120)     JVMCI Root Scan (ms):     skipped
[47.244s][debug][gc,phases         ] GC(120)     Object Copy (ms):         Min: 17.4, Avg: 18.7, Max: 19.2, Diff:  1.8, Sum: 74.8, Workers: 4
[47.244s][debug][gc,phases         ] GC(120)     Termination (ms):         Min:  0.0, Avg:  0.0, Max:  0.0, Diff:  0.0, Sum:  0.0, Workers: 4
[47.244s][debug][gc,phases         ] GC(120)       Termination Attempts:     Min: 3, Avg:  6.2, Max: 8, Diff: 5, Sum: 25, Workers: 4
[47.244s][debug][gc,phases         ] GC(120)     GC Worker Other (ms):     Min:  0.1, Avg:  0.1, Max:  0.2, Diff:  0.1, Sum:  0.6, Workers: 4
[47.244s][debug][gc,phases         ] GC(120)     GC Worker Total (ms):     Min: 20.8, Avg: 20.8, Max: 20.8, Diff:  0.0, Sum: 83.2, Workers: 4
[47.244s][info ][gc,phases         ] GC(120)   Post Evacuate Collection Set: 0.4ms
[47.244s][debug][gc,phases         ] GC(120)     Code Roots Fixup: 0.0ms
[47.245s][debug][gc,phases         ] GC(120)     Clear Card Table: 0.0ms
[47.245s][debug][gc,phases         ] GC(120)     Reference Processing: 0.1ms
[47.245s][debug][gc,phases,ref     ] GC(120)       Reconsider SoftReferences: 0.0ms
[47.245s][debug][gc,phases,ref     ] GC(120)         SoftRef (ms):             skipped
[47.245s][debug][gc,phases,ref     ] GC(120)       Notify Soft/WeakReferences: 0.0ms
[47.245s][debug][gc,phases,ref     ] GC(120)         SoftRef (ms):             skipped
[47.245s][debug][gc,phases,ref     ] GC(120)         WeakRef (ms):             skipped
[47.245s][debug][gc,phases,ref     ] GC(120)         FinalRef (ms):            skipped
[47.245s][debug][gc,phases,ref     ] GC(120)         Total (ms):               skipped
[47.245s][debug][gc,phases,ref     ] GC(120)       Notify and keep alive finalizable: 0.0ms
[47.245s][debug][gc,phases,ref     ] GC(120)         FinalRef (ms):            skipped
[47.245s][debug][gc,phases,ref     ] GC(120)       Notify PhantomReferences: 0.0ms
[47.245s][debug][gc,phases,ref     ] GC(120)         PhantomRef (ms):          skipped
[47.245s][debug][gc,phases,ref     ] GC(120)       SoftReference:
[47.245s][debug][gc,phases,ref     ] GC(120)         Discovered: 0
[47.245s][debug][gc,phases,ref     ] GC(120)         Cleared: 0
[47.245s][debug][gc,phases,ref     ] GC(120)       WeakReference:
[47.245s][debug][gc,phases,ref     ] GC(120)         Discovered: 0
[47.245s][debug][gc,phases,ref     ] GC(120)         Cleared: 0
[47.245s][debug][gc,phases,ref     ] GC(120)       FinalReference:
[47.245s][debug][gc,phases,ref     ] GC(120)         Discovered: 0
[47.245s][debug][gc,phases,ref     ] GC(120)         Cleared: 0
[47.245s][debug][gc,phases,ref     ] GC(120)       PhantomReference:
[47.245s][debug][gc,phases,ref     ] GC(120)         Discovered: 0
[47.245s][debug][gc,phases,ref     ] GC(120)         Cleared: 0
[47.245s][debug][gc,phases         ] GC(120)     Weak Processing: 0.0ms
[47.245s][debug][gc,phases         ] GC(120)     Merge Per-Thread State: 0.0ms
[47.245s][debug][gc,phases         ] GC(120)     Code Roots Purge: 0.0ms
[47.245s][debug][gc,phases         ] GC(120)     Redirty Cards: 0.0ms
[47.245s][debug][gc,phases         ] GC(120)     DerivedPointerTable Update: 0.0ms
[47.245s][debug][gc,phases         ] GC(120)     Free Collection Set: 0.2ms
[47.245s][debug][gc,phases         ] GC(120)     Humongous Reclaim: 0.1ms
[47.245s][debug][gc,phases         ] GC(120)     Start New Collection Set: 0.0ms
[47.245s][debug][gc,phases         ] GC(120)     Resize TLABs: 0.0ms
[47.245s][debug][gc,phases         ] GC(120)     Expand Heap After Collection: 0.0ms
[47.245s][info ][gc,phases         ] GC(120)   Other: 0.6ms
[47.245s][info ][gc,heap           ] GC(120) Eden regions: 11->0(294)
[47.245s][info ][gc,heap           ] GC(120) Survivor regions: 16->16(35)
[47.245s][info ][gc,heap           ] GC(120) Old regions: 49->49
[47.245s][info ][gc,heap           ] GC(120) Humongous regions: 3->3
[47.245s][info ][gc,metaspace      ] GC(120) Metaspace: 13342K->13342K(1060864K)
[47.245s][debug][gc,heap           ] GC(120) Heap after GC invocations=121 (full 0): garbage-first heap   total 1548288K, used 69632K [0x0000000780000000, 0x0000000800000000)
[47.245s][debug][gc,heap           ] GC(120)   region size 1024K, 16 young (16384K), 16 survivors (16384K)
[47.245s][debug][gc,heap           ] GC(120)  Metaspace       used 13342K, capacity 13739K, committed 13824K, reserved 1060864K
[47.245s][debug][gc,heap           ] GC(120)   class space    used 1352K, capacity 1515K, committed 1536K, reserved 1048576K
[47.245s][info ][gc                ] GC(120) Pause Young (Concurrent Start) (G1 Humongous Allocation) 78M->68M(1512M) 22.897ms
[47.245s][info ][gc,cpu            ] GC(120) User=0.08s Sys=0.00s Real=0.03s
[47.245s][info ][gc                ] GC(121) Concurrent Cycle
[47.245s][info ][gc,marking        ] GC(121) Concurrent Clear Claimed Marks
[47.245s][info ][gc,marking        ] GC(121) Concurrent Clear Claimed Marks 0.062ms
[47.245s][info ][gc,marking        ] GC(121) Concurrent Scan Root Regions
[47.245s][debug][gc,ergo           ] GC(121) Running G1 Root Region Scan using 1 workers for 16 work units.
[47.254s][info ][gc,marking        ] GC(121) Concurrent Scan Root Regions 9.076ms
[47.254s][info ][gc,marking        ] GC(121) Concurrent Mark (47.254s)
[47.254s][info ][gc,marking        ] GC(121) Concurrent Mark From Roots
[47.254s][info ][gc,task           ] GC(121) Using 1 workers of 1 for marking
[47.262s][debug][gc,stats          ] ---------------------------------------------------------------------
[47.262s][debug][gc,stats          ] Marking Stats, task = 0, calls = 1
[47.262s][debug][gc,stats          ]   Elapsed time = 7.57ms, Termination time = 0.00ms
[47.262s][debug][gc,stats          ]   Step Times (cum): num = 892, avg = 0.50ms, sd = 1.90ms max = 9.88ms, total = 445.61ms
[47.262s][debug][gc,stats          ]   Mark Stats Cache: hits 60212 misses 47 ratio 99.922
[47.262s][debug][gc,stats          ] ---------------------------------------------------------------------
[47.262s][info ][gc,marking        ] GC(121) Concurrent Mark From Roots 7.779ms
[47.262s][info ][gc,marking        ] GC(121) Concurrent Preclean
[47.262s][debug][gc,ref,start      ] GC(121) Preclean SoftReferences
[47.262s][debug][gc,ref            ] GC(121) Preclean SoftReferences 0.020ms
[47.262s][debug][gc,ref,start      ] GC(121) Preclean WeakReferences
[47.262s][debug][gc,ref            ] GC(121) Preclean WeakReferences 0.021ms
[47.262s][debug][gc,ref,start      ] GC(121) Preclean FinalReferences
[47.262s][debug][gc,ref            ] GC(121) Preclean FinalReferences 0.016ms
[47.262s][debug][gc,ref,start      ] GC(121) Preclean PhantomReferences
[47.262s][debug][gc,ref            ] GC(121) Preclean PhantomReferences 0.017ms
[47.262s][info ][gc,marking        ] GC(121) Concurrent Preclean 0.146ms
[47.262s][info ][gc,marking        ] GC(121) Concurrent Mark (47.254s, 47.262s) 7.972ms
[47.263s][info ][gc,start          ] GC(121) Pause Remark
[47.263s][debug][gc,phases,start   ] GC(121) Finalize Marking
[47.263s][debug][gc,stats          ] ---------------------------------------------------------------------
[47.263s][debug][gc,stats          ] Marking Stats, task = 0, calls = 18
[47.263s][debug][gc,stats          ]   Elapsed time = 0.07ms, Termination time = 0.05ms
[47.263s][debug][gc,stats          ]   Step Times (cum): num = 909, avg = 0.49ms, sd = 1.89ms max = 9.88ms, total = 445.66ms
[47.263s][debug][gc,stats          ]   Mark Stats Cache: hits 60212 misses 47 ratio 99.922
[47.263s][debug][gc,stats          ] ---------------------------------------------------------------------
[47.263s][debug][gc,stats          ] Marking Stats, task = 1, calls = 1
[47.263s][debug][gc,stats          ]   Elapsed time = 0.09ms, Termination time = 0.06ms
[47.263s][debug][gc,stats          ]   Step Times (cum): num = 51, avg = 0.16ms, sd = 0.21ms max = 0.77ms, total = 8.26ms
[47.263s][debug][gc,stats          ]   Mark Stats Cache: hits 39 misses 2 ratio 95.122
[47.263s][debug][gc,stats          ] ---------------------------------------------------------------------
[47.263s][debug][gc,stats          ] Marking Stats, task = 2, calls = 1
[47.263s][debug][gc,stats          ]   Elapsed time = 0.01ms, Termination time = 0.00ms
[47.263s][debug][gc,stats          ]   Step Times (cum): num = 50, avg = 0.12ms, sd = 0.22ms max = 0.75ms, total = 6.07ms
[47.263s][debug][gc,stats          ]   Mark Stats Cache: hits 52 misses 3 ratio 94.545
[47.263s][debug][gc,stats          ] ---------------------------------------------------------------------
[47.263s][debug][gc,stats          ] Marking Stats, task = 3, calls = 1
[47.263s][debug][gc,stats          ]   Elapsed time = 0.01ms, Termination time = 0.00ms
[47.263s][debug][gc,stats          ]   Step Times (cum): num = 48, avg = 0.01ms, sd = 0.01ms max = 0.08ms, total = 0.27ms
[47.263s][debug][gc,stats          ]   Mark Stats Cache: hits 112 misses 3 ratio 97.391
[47.263s][debug][gc,stats          ] ---------------------------------------------------------------------
[47.263s][debug][gc,phases         ] GC(121) Finalize Marking 0.449ms
[47.263s][debug][gc,phases,start   ] GC(121) Reference Processing
[47.263s][debug][gc,ref            ] GC(121) Skipped phase1 of Reference Processing due to unavailable references
[47.263s][debug][gc,ref            ] GC(121) Skipped phase2 of Reference Processing due to unavailable references
[47.263s][debug][gc,ref            ] GC(121) Skipped phase3 of Reference Processing due to unavailable references
[47.263s][debug][gc,ref            ] GC(121) Skipped phase4 of Reference Processing due to unavailable references
[47.263s][debug][gc,phases,ref     ] GC(121) Reference Processing: 0.1ms
[47.263s][debug][gc,phases,ref     ] GC(121)   Reconsider SoftReferences: 0.0ms
[47.263s][debug][gc,phases,ref     ] GC(121)     SoftRef (ms):             skipped
[47.263s][debug][gc,phases,ref     ] GC(121)   Notify Soft/WeakReferences: 0.0ms
[47.263s][debug][gc,phases,ref     ] GC(121)     SoftRef (ms):             skipped
[47.263s][debug][gc,phases,ref     ] GC(121)     WeakRef (ms):             skipped
[47.263s][debug][gc,phases,ref     ] GC(121)     FinalRef (ms):            skipped
[47.263s][debug][gc,phases,ref     ] GC(121)     Total (ms):               skipped
[47.263s][debug][gc,phases,ref     ] GC(121)   Notify and keep alive finalizable: 0.0ms
[47.263s][debug][gc,phases,ref     ] GC(121)     FinalRef (ms):            skipped
[47.263s][debug][gc,phases,ref     ] GC(121)   Notify PhantomReferences: 0.0ms
[47.263s][debug][gc,phases,ref     ] GC(121)     PhantomRef (ms):          skipped
[47.263s][debug][gc,phases,ref     ] GC(121)   SoftReference:
[47.263s][debug][gc,phases,ref     ] GC(121)     Discovered: 0
[47.263s][debug][gc,phases,ref     ] GC(121)     Cleared: 0
[47.263s][debug][gc,phases,ref     ] GC(121)   WeakReference:
[47.263s][debug][gc,phases,ref     ] GC(121)     Discovered: 0
[47.263s][debug][gc,phases,ref     ] GC(121)     Cleared: 0
[47.263s][debug][gc,phases,ref     ] GC(121)   FinalReference:
[47.263s][debug][gc,phases,ref     ] GC(121)     Discovered: 0
[47.263s][debug][gc,phases,ref     ] GC(121)     Cleared: 0
[47.263s][debug][gc,phases,ref     ] GC(121)   PhantomReference:
[47.263s][debug][gc,phases,ref     ] GC(121)     Discovered: 0
[47.263s][debug][gc,phases,ref     ] GC(121)     Cleared: 0
[47.263s][debug][gc,phases         ] GC(121) Reference Processing 0.399ms
[47.263s][debug][gc,phases,start   ] GC(121) Weak Processing
[47.264s][debug][gc,phases         ] GC(121) Weak Processing 0.027ms
[47.264s][debug][gc,phases,start   ] GC(121) Class Unloading
[47.264s][debug][gc,phases,start   ] GC(121) ClassLoaderData
[47.264s][debug][gc,phases         ] GC(121) ClassLoaderData 0.061ms
[47.264s][debug][gc,phases,start   ] GC(121) ProtectionDomainCacheTable
[47.264s][debug][gc,phases         ] GC(121) ProtectionDomainCacheTable 0.015ms
[47.265s][info ][gc,stringtable    ] GC(121) Cleaned string and symbol table, strings: 6177 processed, 0 removed, symbols: 45233 processed, 0 removed
[47.265s][debug][gc,phases         ] GC(121) Class Unloading 1.792ms
[47.265s][debug][gc,phases,start   ] GC(121) Flush Task Caches
[47.265s][debug][gc,stats          ] Mark stats cache hits 60415 misses 55 ratio 99.909
[47.265s][debug][gc,phases         ] GC(121) Flush Task Caches 0.045ms
[47.265s][debug][gc,phases,start   ] GC(121) Update Remembered Set Tracking Before Rebuild
[47.265s][debug][gc,ergo           ] GC(121) Running G1 Update RemSet Tracking Before Rebuild using 4 workers for 1512 regions in heap
[47.266s][debug][gc,remset,tracking] GC(121) Remembered Set Tracking update regions total 1512, selected 49
[47.266s][debug][gc,phases         ] GC(121) Update Remembered Set Tracking Before Rebuild 0.227ms
[47.266s][debug][gc,phases,start   ] GC(121) Reclaim Empty Regions
[47.266s][debug][gc                ] GC(121) Reclaimed 3 empty regions
[47.266s][debug][gc,phases         ] GC(121) Reclaim Empty Regions 0.183ms
[47.266s][debug][gc,phases,start   ] GC(121) Purge Metaspace
[47.266s][debug][gc,phases         ] GC(121) Purge Metaspace 0.015ms
[47.266s][debug][gc,phases,start   ] GC(121) Report Object Count
[47.266s][debug][gc,phases         ] GC(121) Report Object Count 0.014ms
[47.266s][info ][gc                ] GC(121) Pause Remark 76M->73M(1512M) 3.431ms
[47.266s][info ][gc,cpu            ] GC(121) User=0.01s Sys=0.00s Real=0.01s
[47.266s][info ][gc,marking        ] GC(121) Concurrent Rebuild Remembered Sets
[47.274s][info ][gc,marking        ] GC(121) Concurrent Rebuild Remembered Sets 7.921ms
[47.274s][info ][gc,start          ] GC(121) Pause Cleanup
[47.274s][debug][gc,phases,start   ] GC(121) Update Remembered Set Tracking After Rebuild
[47.274s][debug][gc,phases         ] GC(121) Update Remembered Set Tracking After Rebuild 0.056ms
[47.274s][debug][gc,phases,start   ] GC(121) Finalize Concurrent Mark Cleanup
[47.275s][debug][gc,ergo           ] GC(121) request young-only gcs (reclaimable percentage not over threshold). candidate old regions: 48 reclaimable: 48687904 (3.07) threshold: 5
[47.275s][debug][gc,phases         ] GC(121) Finalize Concurrent Mark Cleanup 0.202ms
[47.275s][info ][gc                ] GC(121) Pause Cleanup 73M->73M(1512M) 0.359ms
[47.275s][info ][gc,cpu            ] GC(121) User=0.00s Sys=0.00s Real=0.00s
[47.275s][info ][gc,marking        ] GC(121) Concurrent Cleanup for Next Mark
[47.275s][debug][gc,ergo           ] GC(121) Running G1 Clear Bitmap with 1 workers for 24 work units.
[47.277s][info ][gc,marking        ] GC(121) Concurrent Cleanup for Next Mark 2.469ms
[47.277s][info ][gc                ] GC(121) Concurrent Cycle 31.959ms
[47.363s][debug][gc,ergo,ihop      ] Request concurrent cycle initiation (occupancy higher than threshold) occupancy: 54525952B allocation request: 524304B threshold: 0B (0.00) source: concurrent humongous allocation
[47.363s][debug][gc,ergo           ] Request concurrent cycle initiation (requested by GC cause). GC cause: G1 Humongous Allocation
[47.363s][debug][gc,heap           ] GC(122) Heap before GC invocations=122 (full 0): garbage-first heap   total 1548288K, used 79872K [0x0000000780000000, 0x0000000800000000)
[47.363s][debug][gc,heap           ] GC(122)   region size 1024K, 27 young (27648K), 16 survivors (16384K)
[47.363s][debug][gc,heap           ] GC(122)  Metaspace       used 13342K, capacity 13739K, committed 13824K, reserved 1060864K
[47.363s][debug][gc,heap           ] GC(122)   class space    used 1352K, capacity 1515K, committed 1536K, reserved 1048576K
[47.363s][debug][gc,ergo           ] GC(122) Initiate concurrent cycle (concurrent cycle initiation requested)
[47.363s][info ][gc,start          ] GC(122) Pause Young (Concurrent Start) (G1 Humongous Allocation)
[47.363s][info ][gc,task           ] GC(122) Using 4 workers of 4 for evacuation
[47.363s][debug][gc,tlab           ] GC(122) TLAB totals: thrds: 1  refills: 31 max: 31 slow allocs: 3 max 3 waste:  0.9% gc: 80072B max: 80072B slow: 17672B max: 17672B fast: 0B max: 0B
[47.364s][debug][gc,alloc,region   ] GC(122) Mutator Allocation stats, regions: 11, wasted size: 0B ( 0.0%)
[47.364s][debug][gc,age            ] GC(122) Desired survivor size 20447232 bytes, new threshold 15 (max threshold 15)
[47.364s][debug][gc,ergo,cset      ] GC(122) Finish choosing CSet. old: 0 regions, predicted old region time: 0.00ms, time remaining: 172.14
[47.364s][debug][gc,task,stats     ] GC(122) GC Termination Stats
[47.364s][debug][gc,task,stats     ] GC(122)      elapsed  --strong roots-- -------termination------- ------waste (KiB)------
[47.364s][debug][gc,task,stats     ] GC(122) thr     ms        ms      %        ms      %    attempts  total   alloc    undo
[47.364s][debug][gc,task,stats     ] GC(122) --- --------- --------- ------ --------- ------ -------- ------- ------- -------
[47.385s][debug][gc,task,stats     ] GC(122)   1     20.55     18.53  90.14      0.02   0.12        4       0       0       0
[47.385s][debug][gc,task,stats     ] GC(122)   3     20.62      4.58  22.19      0.05   0.26        7       0       0       0
[47.385s][debug][gc,task,stats     ] GC(122)   2     20.65     17.87  86.56      0.01   0.05        5       0       0       0
[47.385s][debug][gc,task,stats     ] GC(122)   0     20.71     18.09  87.33      0.03   0.14        6       0       0       0
[47.385s][debug][gc,ergo           ] GC(122) Running G1 Clear Card Table Task using 1 workers for 1 units of work for 34 regions.
[47.385s][debug][gc,ref            ] GC(122) Skipped phase1 of Reference Processing due to unavailable references
[47.385s][debug][gc,ref            ] GC(122) Skipped phase2 of Reference Processing due to unavailable references
[47.385s][debug][gc,ref            ] GC(122) Skipped phase3 of Reference Processing due to unavailable references
[47.385s][debug][gc,ref            ] GC(122) Skipped phase4 of Reference Processing due to unavailable references
[47.385s][debug][gc,ergo           ] GC(122) Running G1 Free Collection Set using 1 workers for collection set length 27
[47.385s][debug][gc,humongous      ] GC(122) Live humongous region 8 object size 524304 start 0x0000000780800000  with remset 0 code roots 0 is marked 0 reclaim candidate 0 type array 0
[47.385s][debug][gc,humongous      ] GC(122) Live humongous region 13 object size 1048592 start 0x0000000780d00000  with remset 0 code roots 0 is marked 0 reclaim candidate 0 type array 0
[47.385s][debug][gc,plab           ] GC(122) Young PLAB allocation: allocated: 16777216B, wasted: 680B, unused: 1022520B, used: 15754016B, undo waste: 0B, 
[47.385s][debug][gc,plab           ] GC(122) Young other allocation: region end waste: 0B, regions filled: 16, direct allocated: 0B, failure used: 0B, failure wasted: 0B
[47.385s][debug][gc,plab           ] GC(122) Young sizing: calculated: 3150800B, actual: 3150168B
[47.385s][debug][gc,plab           ] GC(122) Old PLAB allocation: allocated: 0B, wasted: 0B, unused: 0B, used: 0B, undo waste: 0B, 
[47.385s][debug][gc,plab           ] GC(122) Old other allocation: region end waste: 0B, regions filled: 0, direct allocated: 0B, failure used: 0B, failure wasted: 0B
[47.385s][debug][gc,plab           ] GC(122) Old sizing: calculated: 0B, actual: 17248B
[47.385s][debug][gc,alloc,stats    ] Old generation allocation in the last mutator period, old gen allocated: 0B, humongous allocated: 3145728B,old gen growth: 0B.
[47.385s][debug][gc,ihop           ] GC(122) Basic information (value update), threshold: 0B (0.00), target occupancy: 1585446912B, current occupancy: 71303168B, recent allocation size: 3145728B, recent allocation duration: 115.83ms, recent old gen allocation rate: 27157685.54B/s, recent marking phase length: 232.15ms
[47.385s][debug][gc,ihop           ] GC(122) Adaptive IHOP information (value update), threshold: 0B (0.00), internal target occupancy: 1506174566B, occupancy: 71303168B, additional buffer size: 347078656B, predicted old gen allocation rate: 3615973833.97B/s, predicted marking phase length: 354.98ms, prediction active: true
[47.385s][debug][gc,ergo,refine    ] GC(122) Updated Refinement Zones: green: 50, yellow: 150, red: 250
[47.385s][info ][gc,phases         ] GC(122)   Pre Evacuate Collection Set: 0.1ms
[47.385s][debug][gc,phases         ] GC(122)     Prepare TLABs: 0.0ms
[47.385s][debug][gc,phases         ] GC(122)     Choose Collection Set: 0.0ms
[47.385s][debug][gc,phases         ] GC(122)     Humongous Register: 0.0ms
[47.385s][debug][gc,phases         ] GC(122)     Clear Claimed Marks: 0.1ms
[47.385s][info ][gc,phases         ] GC(122)   Evacuate Collection Set: 20.9ms
[47.385s][debug][gc,phases         ] GC(122)     Ext Root Scanning (ms):   Min:  0.4, Avg:  0.4, Max:  0.4, Diff:  0.0, Sum:  1.7, Workers: 4
[47.385s][debug][gc,phases         ] GC(122)     Update RS (ms):           Min:  1.0, Avg:  1.4, Max:  2.5, Diff:  1.5, Sum:  5.8, Workers: 4
[47.385s][debug][gc,phases         ] GC(122)       Processed Buffers:        Min: 2, Avg:  4.5, Max: 8, Diff: 6, Sum: 18, Workers: 4
[47.385s][debug][gc,phases         ] GC(122)       Scanned Cards:            Min: 512, Avg: 775.5, Max: 1566, Diff: 1054, Sum: 3102, Workers: 4
[47.385s][debug][gc,phases         ] GC(122)       Skipped Cards:            Min: 0, Avg: 195.5, Max: 782, Diff: 782, Sum: 782, Workers: 4
[47.385s][debug][gc,phases         ] GC(122)     Scan RS (ms):             Min:  0.0, Avg:  0.1, Max:  0.3, Diff:  0.3, Sum:  0.3, Workers: 4
[47.385s][debug][gc,phases         ] GC(122)       Scanned Cards:            Min: 0, Avg: 36.8, Max: 147, Diff: 147, Sum: 147, Workers: 4
[47.385s][debug][gc,phases         ] GC(122)       Claimed Cards:            Min: 0, Avg: 269.8, Max: 1079, Diff: 1079, Sum: 1079, Workers: 4
[47.385s][debug][gc,phases         ] GC(122)       Skipped Cards:            Min: 0, Avg:  0.0, Max: 0, Diff: 0, Sum: 0, Workers: 4
[47.385s][debug][gc,phases         ] GC(122)     Code Root Scanning (ms):  Min:  0.0, Avg:  0.0, Max:  0.0, Diff:  0.0, Sum:  0.0, Workers: 4
[47.385s][debug][gc,phases         ] GC(122)     JVMCI Root Scan (ms):     skipped
[47.386s][debug][gc,phases         ] GC(122)     Object Copy (ms):         Min: 17.2, Avg: 18.6, Max: 19.1, Diff:  1.9, Sum: 74.2, Workers: 4
[47.386s][debug][gc,phases         ] GC(122)     Termination (ms):         Min:  0.0, Avg:  0.0, Max:  0.1, Diff:  0.0, Sum:  0.1, Workers: 4
[47.386s][debug][gc,phases         ] GC(122)       Termination Attempts:     Min: 4, Avg:  5.5, Max: 7, Diff: 3, Sum: 22, Workers: 4
[47.386s][debug][gc,phases         ] GC(122)     GC Worker Other (ms):     Min:  0.1, Avg:  0.1, Max:  0.2, Diff:  0.1, Sum:  0.6, Workers: 4
[47.386s][debug][gc,phases         ] GC(122)     GC Worker Total (ms):     Min: 20.6, Avg: 20.7, Max: 20.7, Diff:  0.1, Sum: 82.7, Workers: 4
[47.386s][info ][gc,phases         ] GC(122)   Post Evacuate Collection Set: 0.4ms
[47.386s][debug][gc,phases         ] GC(122)     Code Roots Fixup: 0.0ms
[47.386s][debug][gc,phases         ] GC(122)     Clear Card Table: 0.0ms
[47.386s][debug][gc,phases         ] GC(122)     Reference Processing: 0.1ms
[47.386s][debug][gc,phases,ref     ] GC(122)       Reconsider SoftReferences: 0.0ms
[47.386s][debug][gc,phases,ref     ] GC(122)         SoftRef (ms):             skipped
[47.386s][debug][gc,phases,ref     ] GC(122)       Notify Soft/WeakReferences: 0.0ms
[47.386s][debug][gc,phases,ref     ] GC(122)         SoftRef (ms):             skipped
[47.386s][debug][gc,phases,ref     ] GC(122)         WeakRef (ms):             skipped
[47.386s][debug][gc,phases,ref     ] GC(122)         FinalRef (ms):            skipped
[47.386s][debug][gc,phases,ref     ] GC(122)         Total (ms):               skipped
[47.386s][debug][gc,phases,ref     ] GC(122)       Notify and keep alive finalizable: 0.0ms
[47.386s][debug][gc,phases,ref     ] GC(122)         FinalRef (ms):            skipped
[47.386s][debug][gc,phases,ref     ] GC(122)       Notify PhantomReferences: 0.0ms
[47.386s][debug][gc,phases,ref     ] GC(122)         PhantomRef (ms):          skipped
[47.386s][debug][gc,phases,ref     ] GC(122)       SoftReference:
[47.386s][debug][gc,phases,ref     ] GC(122)         Discovered: 0
[47.386s][debug][gc,phases,ref     ] GC(122)         Cleared: 0
[47.386s][debug][gc,phases,ref     ] GC(122)       WeakReference:
[47.386s][debug][gc,phases,ref     ] GC(122)         Discovered: 0
[47.386s][debug][gc,phases,ref     ] GC(122)         Cleared: 0
[47.386s][debug][gc,phases,ref     ] GC(122)       FinalReference:
[47.386s][debug][gc,phases,ref     ] GC(122)         Discovered: 0
[47.386s][debug][gc,phases,ref     ] GC(122)         Cleared: 0
[47.386s][debug][gc,phases,ref     ] GC(122)       PhantomReference:
[47.386s][debug][gc,phases,ref     ] GC(122)         Discovered: 0
[47.386s][debug][gc,phases,ref     ] GC(122)         Cleared: 0
[47.386s][debug][gc,phases         ] GC(122)     Weak Processing: 0.0ms
[47.386s][debug][gc,phases         ] GC(122)     Merge Per-Thread State: 0.0ms
[47.386s][debug][gc,phases         ] GC(122)     Code Roots Purge: 0.0ms
[47.386s][debug][gc,phases         ] GC(122)     Redirty Cards: 0.0ms
[47.386s][debug][gc,phases         ] GC(122)     DerivedPointerTable Update: 0.0ms
[47.386s][debug][gc,phases         ] GC(122)     Free Collection Set: 0.2ms
[47.386s][debug][gc,phases         ] GC(122)     Humongous Reclaim: 0.1ms
[47.386s][debug][gc,phases         ] GC(122)     Start New Collection Set: 0.0ms
[47.386s][debug][gc,phases         ] GC(122)     Resize TLABs: 0.0ms
[47.386s][debug][gc,phases         ] GC(122)     Expand Heap After Collection: 0.0ms
[47.386s][info ][gc,phases         ] GC(122)   Other: 0.7ms
[47.386s][info ][gc,heap           ] GC(122) Eden regions: 11->0(315)
[47.386s][info ][gc,heap           ] GC(122) Survivor regions: 16->16(39)
[47.386s][info ][gc,heap           ] GC(122) Old regions: 49->49
[47.386s][info ][gc,heap           ] GC(122) Humongous regions: 3->3
[47.386s][info ][gc,metaspace      ] GC(122) Metaspace: 13342K->13342K(1060864K)
[47.386s][debug][gc,heap           ] GC(122) Heap after GC invocations=123 (full 0): garbage-first heap   total 1548288K, used 69632K [0x0000000780000000, 0x0000000800000000)
[47.386s][debug][gc,heap           ] GC(122)   region size 1024K, 16 young (16384K), 16 survivors (16384K)
[47.386s][debug][gc,heap           ] GC(122)  Metaspace       used 13342K, capacity 13739K, committed 13824K, reserved 1060864K
[47.386s][debug][gc,heap           ] GC(122)   class space    used 1352K, capacity 1515K, committed 1536K, reserved 1048576K
[47.386s][info ][gc                ] GC(122) Pause Young (Concurrent Start) (G1 Humongous Allocation) 78M->68M(1512M) 22.900ms
[47.386s][info ][gc,cpu            ] GC(122) User=0.09s Sys=0.00s Real=0.03s
[47.386s][info ][gc                ] GC(123) Concurrent Cycle
[47.386s][info ][gc,marking        ] GC(123) Concurrent Clear Claimed Marks
[47.386s][info ][gc,marking        ] GC(123) Concurrent Clear Claimed Marks 0.068ms
[47.386s][info ][gc,marking        ] GC(123) Concurrent Scan Root Regions
[47.386s][debug][gc,ergo           ] GC(123) Running G1 Root Region Scan using 1 workers for 16 work units.
[47.398s][info ][gc,marking        ] GC(123) Concurrent Scan Root Regions 11.647ms
[47.398s][info ][gc,marking        ] GC(123) Concurrent Mark (47.398s)
[47.398s][info ][gc,marking        ] GC(123) Concurrent Mark From Roots
[47.398s][info ][gc,task           ] GC(123) Using 1 workers of 1 for marking
[47.408s][debug][gc,stats          ] ---------------------------------------------------------------------
[47.408s][debug][gc,stats          ] Marking Stats, task = 0, calls = 1
[47.408s][debug][gc,stats          ]   Elapsed time = 9.30ms, Termination time = 0.00ms
[47.408s][debug][gc,stats          ]   Step Times (cum): num = 910, avg = 0.50ms, sd = 1.91ms max = 9.88ms, total = 454.96ms
[47.408s][debug][gc,stats          ]   Mark Stats Cache: hits 60212 misses 47 ratio 99.922
[47.408s][debug][gc,stats          ] ---------------------------------------------------------------------
[47.408s][info ][gc,marking        ] GC(123) Concurrent Mark From Roots 9.507ms
[47.408s][info ][gc,marking        ] GC(123) Concurrent Preclean
[47.408s][debug][gc,ref,start      ] GC(123) Preclean SoftReferences
[47.408s][debug][gc,ref            ] GC(123) Preclean SoftReferences 0.021ms
[47.408s][debug][gc,ref,start      ] GC(123) Preclean WeakReferences
[47.408s][debug][gc,ref            ] GC(123) Preclean WeakReferences 0.021ms
[47.408s][debug][gc,ref,start      ] GC(123) Preclean FinalReferences
[47.408s][debug][gc,ref            ] GC(123) Preclean FinalReferences 0.017ms
[47.408s][debug][gc,ref,start      ] GC(123) Preclean PhantomReferences
[47.408s][debug][gc,ref            ] GC(123) Preclean PhantomReferences 0.016ms
[47.408s][info ][gc,marking        ] GC(123) Concurrent Preclean 0.151ms
[47.408s][info ][gc,marking        ] GC(123) Concurrent Mark (47.398s, 47.408s) 9.706ms
[47.408s][info ][gc,start          ] GC(123) Pause Remark
[47.408s][debug][gc,phases,start   ] GC(123) Finalize Marking
[47.408s][debug][gc,stats          ] ---------------------------------------------------------------------
[47.408s][debug][gc,stats          ] Marking Stats, task = 0, calls = 18
[47.409s][debug][gc,stats          ]   Elapsed time = 0.21ms, Termination time = 0.19ms
[47.409s][debug][gc,stats          ]   Step Times (cum): num = 927, avg = 0.49ms, sd = 1.89ms max = 9.88ms, total = 455.16ms
[47.409s][debug][gc,stats          ]   Mark Stats Cache: hits 60212 misses 47 ratio 99.922
[47.409s][debug][gc,stats          ] ---------------------------------------------------------------------
[47.409s][debug][gc,stats          ] Marking Stats, task = 1, calls = 1
[47.409s][debug][gc,stats          ]   Elapsed time = 0.22ms, Termination time = 0.20ms
[47.409s][debug][gc,stats          ]   Step Times (cum): num = 52, avg = 0.16ms, sd = 0.20ms max = 0.77ms, total = 8.47ms
[47.409s][debug][gc,stats          ]   Mark Stats Cache: hits 33 misses 2 ratio 94.286
[47.409s][debug][gc,stats          ] ---------------------------------------------------------------------
[47.409s][debug][gc,stats          ] Marking Stats, task = 2, calls = 1
[47.409s][debug][gc,stats          ]   Elapsed time = 0.23ms, Termination time = 0.22ms
[47.409s][debug][gc,stats          ]   Step Times (cum): num = 51, avg = 0.12ms, sd = 0.22ms max = 0.75ms, total = 6.29ms
[47.409s][debug][gc,stats          ]   Mark Stats Cache: hits 55 misses 3 ratio 94.828
[47.409s][debug][gc,stats          ] ---------------------------------------------------------------------
[47.409s][debug][gc,stats          ] Marking Stats, task = 3, calls = 1
[47.409s][debug][gc,stats          ]   Elapsed time = 0.01ms, Termination time = 0.00ms
[47.409s][debug][gc,stats          ]   Step Times (cum): num = 49, avg = 0.01ms, sd = 0.01ms max = 0.08ms, total = 0.28ms
[47.409s][debug][gc,stats          ]   Mark Stats Cache: hits 115 misses 3 ratio 97.458
[47.409s][debug][gc,stats          ] ---------------------------------------------------------------------
[47.409s][debug][gc,phases         ] GC(123) Finalize Marking 0.636ms
[47.409s][debug][gc,phases,start   ] GC(123) Reference Processing
[47.409s][debug][gc,ref            ] GC(123) Skipped phase1 of Reference Processing due to unavailable references
[47.409s][debug][gc,ref            ] GC(123) Skipped phase2 of Reference Processing due to unavailable references
[47.409s][debug][gc,ref            ] GC(123) Skipped phase3 of Reference Processing due to unavailable references
[47.409s][debug][gc,ref            ] GC(123) Skipped phase4 of Reference Processing due to unavailable references
[47.409s][debug][gc,phases,ref     ] GC(123) Reference Processing: 0.1ms
[47.409s][debug][gc,phases,ref     ] GC(123)   Reconsider SoftReferences: 0.0ms
[47.409s][debug][gc,phases,ref     ] GC(123)     SoftRef (ms):             skipped
[47.409s][debug][gc,phases,ref     ] GC(123)   Notify Soft/WeakReferences: 0.0ms
[47.409s][debug][gc,phases,ref     ] GC(123)     SoftRef (ms):             skipped
[47.409s][debug][gc,phases,ref     ] GC(123)     WeakRef (ms):             skipped
[47.409s][debug][gc,phases,ref     ] GC(123)     FinalRef (ms):            skipped
[47.409s][debug][gc,phases,ref     ] GC(123)     Total (ms):               skipped
[47.409s][debug][gc,phases,ref     ] GC(123)   Notify and keep alive finalizable: 0.0ms
[47.409s][debug][gc,phases,ref     ] GC(123)     FinalRef (ms):            skipped
[47.409s][debug][gc,phases,ref     ] GC(123)   Notify PhantomReferences: 0.0ms
[47.409s][debug][gc,phases,ref     ] GC(123)     PhantomRef (ms):          skipped
[47.409s][debug][gc,phases,ref     ] GC(123)   SoftReference:
[47.409s][debug][gc,phases,ref     ] GC(123)     Discovered: 0
[47.409s][debug][gc,phases,ref     ] GC(123)     Cleared: 0
[47.409s][debug][gc,phases,ref     ] GC(123)   WeakReference:
[47.409s][debug][gc,phases,ref     ] GC(123)     Discovered: 0
[47.409s][debug][gc,phases,ref     ] GC(123)     Cleared: 0
[47.409s][debug][gc,phases,ref     ] GC(123)   FinalReference:
[47.409s][debug][gc,phases,ref     ] GC(123)     Discovered: 0
[47.409s][debug][gc,phases,ref     ] GC(123)     Cleared: 0
[47.409s][debug][gc,phases,ref     ] GC(123)   PhantomReference:
[47.409s][debug][gc,phases,ref     ] GC(123)     Discovered: 0
[47.409s][debug][gc,phases,ref     ] GC(123)     Cleared: 0
[47.409s][debug][gc,phases         ] GC(123) Reference Processing 0.400ms
[47.409s][debug][gc,phases,start   ] GC(123) Weak Processing
[47.409s][debug][gc,phases         ] GC(123) Weak Processing 0.028ms
[47.409s][debug][gc,phases,start   ] GC(123) Class Unloading
[47.409s][debug][gc,phases,start   ] GC(123) ClassLoaderData
[47.409s][debug][gc,phases         ] GC(123) ClassLoaderData 0.057ms
[47.409s][debug][gc,phases,start   ] GC(123) ProtectionDomainCacheTable
[47.409s][debug][gc,phases         ] GC(123) ProtectionDomainCacheTable 0.015ms
[47.411s][info ][gc,stringtable    ] GC(123) Cleaned string and symbol table, strings: 6177 processed, 0 removed, symbols: 45233 processed, 0 removed
[47.411s][debug][gc,phases         ] GC(123) Class Unloading 1.614ms
[47.411s][debug][gc,phases,start   ] GC(123) Flush Task Caches
[47.411s][debug][gc,stats          ] Mark stats cache hits 60415 misses 55 ratio 99.909
[47.411s][debug][gc,phases         ] GC(123) Flush Task Caches 0.040ms
[47.411s][debug][gc,phases,start   ] GC(123) Update Remembered Set Tracking Before Rebuild
[47.411s][debug][gc,ergo           ] GC(123) Running G1 Update RemSet Tracking Before Rebuild using 4 workers for 1512 regions in heap
[47.411s][debug][gc,remset,tracking] GC(123) Remembered Set Tracking update regions total 1512, selected 49
[47.411s][debug][gc,phases         ] GC(123) Update Remembered Set Tracking Before Rebuild 0.158ms
[47.411s][debug][gc,phases,start   ] GC(123) Reclaim Empty Regions
[47.411s][debug][gc                ] GC(123) Reclaimed 3 empty regions
[47.411s][debug][gc,phases         ] GC(123) Reclaim Empty Regions 0.191ms
[47.411s][debug][gc,phases,start   ] GC(123) Purge Metaspace
[47.411s][debug][gc,phases         ] GC(123) Purge Metaspace 0.015ms
[47.411s][debug][gc,phases,start   ] GC(123) Report Object Count
[47.411s][debug][gc,phases         ] GC(123) Report Object Count 0.016ms
[47.411s][info ][gc                ] GC(123) Pause Remark 76M->73M(1512M) 3.322ms
[47.411s][info ][gc,cpu            ] GC(123) User=0.00s Sys=0.00s Real=0.00s
[47.411s][info ][gc,marking        ] GC(123) Concurrent Rebuild Remembered Sets
[47.420s][info ][gc,marking        ] GC(123) Concurrent Rebuild Remembered Sets 8.067ms
[47.420s][info ][gc,start          ] GC(123) Pause Cleanup
[47.420s][debug][gc,phases,start   ] GC(123) Update Remembered Set Tracking After Rebuild
[47.420s][debug][gc,phases         ] GC(123) Update Remembered Set Tracking After Rebuild 0.273ms
[47.420s][debug][gc,phases,start   ] GC(123) Finalize Concurrent Mark Cleanup
[47.420s][debug][gc,ergo           ] GC(123) request young-only gcs (reclaimable percentage not over threshold). candidate old regions: 48 reclaimable: 48687904 (3.07) threshold: 5
[47.421s][debug][gc,phases         ] GC(123) Finalize Concurrent Mark Cleanup 0.338ms
[47.421s][info ][gc                ] GC(123) Pause Cleanup 73M->73M(1512M) 0.751ms
[47.421s][info ][gc,cpu            ] GC(123) User=0.00s Sys=0.01s Real=0.00s
[47.421s][info ][gc,marking        ] GC(123) Concurrent Cleanup for Next Mark
[47.421s][debug][gc,ergo           ] GC(123) Running G1 Clear Bitmap with 1 workers for 24 work units.
[47.423s][info ][gc,marking        ] GC(123) Concurrent Cleanup for Next Mark 2.294ms
[47.423s][info ][gc                ] GC(123) Concurrent Cycle 36.632ms
[47.502s][debug][gc,ergo,ihop      ] Request concurrent cycle initiation (occupancy higher than threshold) occupancy: 54525952B allocation request: 524304B threshold: 0B (0.00) source: concurrent humongous allocation
[47.503s][debug][gc,ergo           ] Request concurrent cycle initiation (requested by GC cause). GC cause: G1 Humongous Allocation
[47.503s][debug][gc,heap           ] GC(124) Heap before GC invocations=124 (full 0): garbage-first heap   total 1548288K, used 79872K [0x0000000780000000, 0x0000000800000000)
[47.503s][debug][gc,heap           ] GC(124)   region size 1024K, 27 young (27648K), 16 survivors (16384K)
[47.503s][debug][gc,heap           ] GC(124)  Metaspace       used 13342K, capacity 13739K, committed 13824K, reserved 1060864K
[47.503s][debug][gc,heap           ] GC(124)   class space    used 1352K, capacity 1515K, committed 1536K, reserved 1048576K
[47.503s][debug][gc,ergo           ] GC(124) Initiate concurrent cycle (concurrent cycle initiation requested)
[47.503s][info ][gc,start          ] GC(124) Pause Young (Concurrent Start) (G1 Humongous Allocation)
[47.503s][info ][gc,task           ] GC(124) Using 4 workers of 4 for evacuation
[47.503s][debug][gc,tlab           ] GC(124) TLAB totals: thrds: 1  refills: 31 max: 31 slow allocs: 3 max 3 waste:  0.9% gc: 80072B max: 80072B slow: 17672B max: 17672B fast: 0B max: 0B
[47.503s][debug][gc,alloc,region   ] GC(124) Mutator Allocation stats, regions: 11, wasted size: 0B ( 0.0%)
[47.503s][debug][gc,age            ] GC(124) Desired survivor size 22020096 bytes, new threshold 15 (max threshold 15)
[47.503s][debug][gc,ergo,cset      ] GC(124) Finish choosing CSet. old: 0 regions, predicted old region time: 0.00ms, time remaining: 166.76
[47.503s][debug][gc,task,stats     ] GC(124) GC Termination Stats
[47.503s][debug][gc,task,stats     ] GC(124)      elapsed  --strong roots-- -------termination------- ------waste (KiB)------
[47.503s][debug][gc,task,stats     ] GC(124) thr     ms        ms      %        ms      %    attempts  total   alloc    undo
[47.503s][debug][gc,task,stats     ] GC(124) --- --------- --------- ------ --------- ------ -------- ------- ------- -------
[47.525s][debug][gc,task,stats     ] GC(124)   1     21.14     17.13  81.05      0.06   0.29        5       0       0       0
[47.525s][debug][gc,task,stats     ] GC(124)   3     21.24     17.09  80.48      0.04   0.21       10       0       0       0
[47.525s][debug][gc,task,stats     ] GC(124)   2     21.66     18.64  86.06      0.01   0.05        5       0       0       0
[47.525s][debug][gc,task,stats     ] GC(124)   0     21.82      4.11  18.85      0.01   0.03        5       0       0       0
[47.525s][debug][gc,ergo           ] GC(124) Running G1 Clear Card Table Task using 1 workers for 1 units of work for 34 regions.
[47.526s][debug][gc,ref            ] GC(124) Skipped phase1 of Reference Processing due to unavailable references
[47.526s][debug][gc,ref            ] GC(124) Skipped phase2 of Reference Processing due to unavailable references
[47.526s][debug][gc,ref            ] GC(124) Skipped phase3 of Reference Processing due to unavailable references
[47.526s][debug][gc,ref            ] GC(124) Skipped phase4 of Reference Processing due to unavailable references
[47.526s][debug][gc,ergo           ] GC(124) Running G1 Free Collection Set using 1 workers for collection set length 27
[47.526s][debug][gc,humongous      ] GC(124) Live humongous region 5 object size 524304 start 0x0000000780500000  with remset 0 code roots 0 is marked 0 reclaim candidate 0 type array 0
[47.526s][debug][gc,humongous      ] GC(124) Live humongous region 6 object size 1048592 start 0x0000000780600000  with remset 0 code roots 0 is marked 0 reclaim candidate 0 type array 0
[47.526s][debug][gc,plab           ] GC(124) Young PLAB allocation: allocated: 16777216B, wasted: 696B, unused: 1022504B, used: 15754016B, undo waste: 0B, 
[47.526s][debug][gc,plab           ] GC(124) Young other allocation: region end waste: 0B, regions filled: 16, direct allocated: 0B, failure used: 0B, failure wasted: 0B
[47.526s][debug][gc,plab           ] GC(124) Young sizing: calculated: 3150800B, actual: 3150640B
[47.526s][debug][gc,plab           ] GC(124) Old PLAB allocation: allocated: 0B, wasted: 0B, unused: 0B, used: 0B, undo waste: 0B, 
[47.526s][debug][gc,plab           ] GC(124) Old other allocation: region end waste: 0B, regions filled: 0, direct allocated: 0B, failure used: 0B, failure wasted: 0B
[47.526s][debug][gc,plab           ] GC(124) Old sizing: calculated: 0B, actual: 4312B
[47.526s][debug][gc,alloc,stats    ] Old generation allocation in the last mutator period, old gen allocated: 0B, humongous allocated: 3145728B,old gen growth: 0B.
[47.526s][debug][gc,ihop           ] GC(124) Basic information (value update), threshold: 0B (0.00), target occupancy: 1585446912B, current occupancy: 71303168B, recent allocation size: 3145728B, recent allocation duration: 113.98ms, recent old gen allocation rate: 27599779.68B/s, recent marking phase length: 232.15ms
[47.526s][debug][gc,ihop           ] GC(124) Adaptive IHOP information (value update), threshold: 0B (0.00), internal target occupancy: 1506174566B, occupancy: 71303168B, additional buffer size: 352321536B, predicted old gen allocation rate: 3494439872.96B/s, predicted marking phase length: 354.98ms, prediction active: true
[47.526s][debug][gc,ergo,refine    ] GC(124) Updated Refinement Zones: green: 50, yellow: 150, red: 250
[47.526s][info ][gc,phases         ] GC(124)   Pre Evacuate Collection Set: 0.1ms
[47.526s][debug][gc,phases         ] GC(124)     Prepare TLABs: 0.0ms
[47.526s][debug][gc,phases         ] GC(124)     Choose Collection Set: 0.0ms
[47.526s][debug][gc,phases         ] GC(124)     Humongous Register: 0.0ms
[47.526s][debug][gc,phases         ] GC(124)     Clear Claimed Marks: 0.1ms
[47.526s][info ][gc,phases         ] GC(124)   Evacuate Collection Set: 22.1ms
[47.526s][debug][gc,phases         ] GC(124)     Ext Root Scanning (ms):   Min:  0.2, Avg:  0.4, Max:  0.5, Diff:  0.3, Sum:  1.5, Workers: 4
[47.526s][debug][gc,phases         ] GC(124)     Update RS (ms):           Min:  1.0, Avg:  1.3, Max:  2.2, Diff:  1.2, Sum:  5.1, Workers: 4
[47.526s][debug][gc,phases         ] GC(124)       Processed Buffers:        Min: 2, Avg:  4.5, Max: 10, Diff: 8, Sum: 18, Workers: 4
[47.526s][debug][gc,phases         ] GC(124)       Scanned Cards:            Min: 512, Avg: 775.5, Max: 1566, Diff: 1054, Sum: 3102, Workers: 4
[47.526s][debug][gc,phases         ] GC(124)       Skipped Cards:            Min: 0, Avg: 195.5, Max: 511, Diff: 511, Sum: 782, Workers: 4
[47.526s][debug][gc,phases         ] GC(124)     Scan RS (ms):             Min:  0.0, Avg:  0.1, Max:  0.3, Diff:  0.3, Sum:  0.3, Workers: 4
[47.526s][debug][gc,phases         ] GC(124)       Scanned Cards:            Min: 0, Avg: 36.0, Max: 144, Diff: 144, Sum: 144, Workers: 4
[47.526s][debug][gc,phases         ] GC(124)       Claimed Cards:            Min: 0, Avg: 253.5, Max: 1014, Diff: 1014, Sum: 1014, Workers: 4
[47.526s][debug][gc,phases         ] GC(124)       Skipped Cards:            Min: 0, Avg:  0.0, Max: 0, Diff: 0, Sum: 0, Workers: 4
[47.526s][debug][gc,phases         ] GC(124)     Code Root Scanning (ms):  Min:  0.0, Avg:  0.0, Max:  0.0, Diff:  0.0, Sum:  0.0, Workers: 4
[47.527s][debug][gc,phases         ] GC(124)     JVMCI Root Scan (ms):     skipped
[47.527s][debug][gc,phases         ] GC(124)     Object Copy (ms):         Min: 18.2, Avg: 19.3, Max: 19.7, Diff:  1.5, Sum: 77.1, Workers: 4
[47.527s][debug][gc,phases         ] GC(124)     Termination (ms):         Min:  0.0, Avg:  0.0, Max:  0.1, Diff:  0.1, Sum:  0.1, Workers: 4
[47.527s][debug][gc,phases         ] GC(124)       Termination Attempts:     Min: 5, Avg:  6.2, Max: 10, Diff: 5, Sum: 25, Workers: 4
[47.527s][debug][gc,phases         ] GC(124)     GC Worker Other (ms):     Min:  0.4, Avg:  0.6, Max:  0.8, Diff:  0.4, Sum:  2.5, Workers: 4
[47.527s][debug][gc,phases         ] GC(124)     GC Worker Total (ms):     Min: 21.4, Avg: 21.7, Max: 21.9, Diff:  0.6, Sum: 86.6, Workers: 4
[47.527s][info ][gc,phases         ] GC(124)   Post Evacuate Collection Set: 0.7ms
[47.527s][debug][gc,phases         ] GC(124)     Code Roots Fixup: 0.0ms
[47.527s][debug][gc,phases         ] GC(124)     Clear Card Table: 0.1ms
[47.527s][debug][gc,phases         ] GC(124)     Reference Processing: 0.1ms
[47.527s][debug][gc,phases,ref     ] GC(124)       Reconsider SoftReferences: 0.1ms
[47.527s][debug][gc,phases,ref     ] GC(124)         SoftRef (ms):             skipped
[47.527s][debug][gc,phases,ref     ] GC(124)       Notify Soft/WeakReferences: 0.0ms
[47.527s][debug][gc,phases,ref     ] GC(124)         SoftRef (ms):             skipped
[47.527s][debug][gc,phases,ref     ] GC(124)         WeakRef (ms):             skipped
[47.527s][debug][gc,phases,ref     ] GC(124)         FinalRef (ms):            skipped
[47.527s][debug][gc,phases,ref     ] GC(124)         Total (ms):               skipped
[47.527s][debug][gc,phases,ref     ] GC(124)       Notify and keep alive finalizable: 0.0ms
[47.527s][debug][gc,phases,ref     ] GC(124)         FinalRef (ms):            skipped
[47.527s][debug][gc,phases,ref     ] GC(124)       Notify PhantomReferences: 0.0ms
[47.527s][debug][gc,phases,ref     ] GC(124)         PhantomRef (ms):          skipped
[47.527s][debug][gc,phases,ref     ] GC(124)       SoftReference:
[47.527s][debug][gc,phases,ref     ] GC(124)         Discovered: 0
[47.527s][debug][gc,phases,ref     ] GC(124)         Cleared: 0
[47.527s][debug][gc,phases,ref     ] GC(124)       WeakReference:
[47.527s][debug][gc,phases,ref     ] GC(124)         Discovered: 0
[47.527s][debug][gc,phases,ref     ] GC(124)         Cleared: 0
[47.527s][debug][gc,phases,ref     ] GC(124)       FinalReference:
[47.527s][debug][gc,phases,ref     ] GC(124)         Discovered: 0
[47.527s][debug][gc,phases,ref     ] GC(124)         Cleared: 0
[47.527s][debug][gc,phases,ref     ] GC(124)       PhantomReference:
[47.527s][debug][gc,phases,ref     ] GC(124)         Discovered: 0
[47.527s][debug][gc,phases,ref     ] GC(124)         Cleared: 0
[47.527s][debug][gc,phases         ] GC(124)     Weak Processing: 0.0ms
[47.527s][debug][gc,phases         ] GC(124)     Merge Per-Thread State: 0.0ms
[47.527s][debug][gc,phases         ] GC(124)     Code Roots Purge: 0.0ms
[47.527s][debug][gc,phases         ] GC(124)     Redirty Cards: 0.0ms
[47.527s][debug][gc,phases         ] GC(124)     DerivedPointerTable Update: 0.0ms
[47.527s][debug][gc,phases         ] GC(124)     Free Collection Set: 0.2ms
[47.527s][debug][gc,phases         ] GC(124)     Humongous Reclaim: 0.1ms
[47.527s][debug][gc,phases         ] GC(124)     Start New Collection Set: 0.0ms
[47.527s][debug][gc,phases         ] GC(124)     Resize TLABs: 0.0ms
[47.527s][debug][gc,phases         ] GC(124)     Expand Heap After Collection: 0.0ms
[47.527s][info ][gc,phases         ] GC(124)   Other: 0.7ms
[47.527s][info ][gc,heap           ] GC(124) Eden regions: 11->0(320)
[47.527s][info ][gc,heap           ] GC(124) Survivor regions: 16->16(42)
[47.527s][info ][gc,heap           ] GC(124) Old regions: 49->49
[47.527s][info ][gc,heap           ] GC(124) Humongous regions: 3->3
[47.527s][info ][gc,metaspace      ] GC(124) Metaspace: 13342K->13342K(1060864K)
[47.527s][debug][gc,heap           ] GC(124) Heap after GC invocations=125 (full 0): garbage-first heap   total 1548288K, used 69632K [0x0000000780000000, 0x0000000800000000)
[47.527s][debug][gc,heap           ] GC(124)   region size 1024K, 16 young (16384K), 16 survivors (16384K)
[47.527s][debug][gc,heap           ] GC(124)  Metaspace       used 13342K, capacity 13739K, committed 13824K, reserved 1060864K
[47.527s][debug][gc,heap           ] GC(124)   class space    used 1352K, capacity 1515K, committed 1536K, reserved 1048576K
[47.527s][info ][gc                ] GC(124) Pause Young (Concurrent Start) (G1 Humongous Allocation) 78M->68M(1512M) 24.332ms
[47.527s][info ][gc,cpu            ] GC(124) User=0.08s Sys=0.00s Real=0.03s
[47.527s][info ][gc                ] GC(125) Concurrent Cycle
[47.527s][info ][gc,marking        ] GC(125) Concurrent Clear Claimed Marks
[47.527s][info ][gc,marking        ] GC(125) Concurrent Clear Claimed Marks 0.058ms
[47.527s][info ][gc,marking        ] GC(125) Concurrent Scan Root Regions
[47.527s][debug][gc,ergo           ] GC(125) Running G1 Root Region Scan using 1 workers for 16 work units.
[47.537s][info ][gc,marking        ] GC(125) Concurrent Scan Root Regions 9.583ms
[47.537s][info ][gc,marking        ] GC(125) Concurrent Mark (47.537s)
[47.537s][info ][gc,marking        ] GC(125) Concurrent Mark From Roots
[47.537s][info ][gc,task           ] GC(125) Using 1 workers of 1 for marking
[47.545s][debug][gc,stats          ] ---------------------------------------------------------------------
[47.545s][debug][gc,stats          ] Marking Stats, task = 0, calls = 1
[47.545s][debug][gc,stats          ]   Elapsed time = 7.56ms, Termination time = 0.00ms
[47.545s][debug][gc,stats          ]   Step Times (cum): num = 928, avg = 0.50ms, sd = 1.90ms max = 9.88ms, total = 462.72ms
[47.545s][debug][gc,stats          ]   Mark Stats Cache: hits 60211 misses 47 ratio 99.922
[47.545s][debug][gc,stats          ] ---------------------------------------------------------------------
[47.545s][info ][gc,marking        ] GC(125) Concurrent Mark From Roots 7.769ms
[47.545s][info ][gc,marking        ] GC(125) Concurrent Preclean
[47.545s][debug][gc,ref,start      ] GC(125) Preclean SoftReferences
[47.545s][debug][gc,ref            ] GC(125) Preclean SoftReferences 0.020ms
[47.545s][debug][gc,ref,start      ] GC(125) Preclean WeakReferences
[47.545s][debug][gc,ref            ] GC(125) Preclean WeakReferences 0.022ms
[47.545s][debug][gc,ref,start      ] GC(125) Preclean FinalReferences
[47.545s][debug][gc,ref            ] GC(125) Preclean FinalReferences 0.016ms
[47.545s][debug][gc,ref,start      ] GC(125) Preclean PhantomReferences
[47.545s][debug][gc,ref            ] GC(125) Preclean PhantomReferences 0.016ms
[47.545s][info ][gc,marking        ] GC(125) Concurrent Preclean 0.148ms
[47.545s][info ][gc,marking        ] GC(125) Concurrent Mark (47.537s, 47.545s) 7.962ms
[47.545s][info ][gc,start          ] GC(125) Pause Remark
[47.545s][debug][gc,phases,start   ] GC(125) Finalize Marking
[47.545s][debug][gc,stats          ] ---------------------------------------------------------------------
[47.545s][debug][gc,stats          ] Marking Stats, task = 0, calls = 18
[47.545s][debug][gc,stats          ]   Elapsed time = 0.07ms, Termination time = 0.05ms
[47.545s][debug][gc,stats          ]   Step Times (cum): num = 945, avg = 0.49ms, sd = 1.89ms max = 9.88ms, total = 462.78ms
[47.545s][debug][gc,stats          ]   Mark Stats Cache: hits 60211 misses 47 ratio 99.922
[47.545s][debug][gc,stats          ] ---------------------------------------------------------------------
[47.545s][debug][gc,stats          ] Marking Stats, task = 1, calls = 1
[47.545s][debug][gc,stats          ]   Elapsed time = 0.08ms, Termination time = 0.06ms
[47.545s][debug][gc,stats          ]   Step Times (cum): num = 53, avg = 0.16ms, sd = 0.20ms max = 0.77ms, total = 8.53ms
[47.546s][debug][gc,stats          ]   Mark Stats Cache: hits 57 misses 2 ratio 96.610
[47.546s][debug][gc,stats          ] ---------------------------------------------------------------------
[47.546s][debug][gc,stats          ] Marking Stats, task = 2, calls = 1
[47.546s][debug][gc,stats          ]   Elapsed time = 0.01ms, Termination time = 0.00ms
[47.546s][debug][gc,stats          ]   Step Times (cum): num = 52, avg = 0.12ms, sd = 0.21ms max = 0.75ms, total = 6.29ms
[47.546s][debug][gc,stats          ]   Mark Stats Cache: hits 149 misses 4 ratio 97.386
[47.546s][debug][gc,stats          ] ---------------------------------------------------------------------
[47.546s][debug][gc,stats          ] Marking Stats, task = 3, calls = 1
[47.546s][debug][gc,stats          ]   Elapsed time = 0.01ms, Termination time = 0.00ms
[47.546s][debug][gc,stats          ]   Step Times (cum): num = 50, avg = 0.01ms, sd = 0.01ms max = 0.08ms, total = 0.28ms
[47.546s][debug][gc,stats          ]   Mark Stats Cache: hits 0 misses 0 ratio 0.000
[47.546s][debug][gc,stats          ] ---------------------------------------------------------------------
[47.546s][debug][gc,phases         ] GC(125) Finalize Marking 0.452ms
[47.546s][debug][gc,phases,start   ] GC(125) Reference Processing
[47.546s][debug][gc,ref            ] GC(125) Skipped phase1 of Reference Processing due to unavailable references
[47.546s][debug][gc,ref            ] GC(125) Skipped phase2 of Reference Processing due to unavailable references
[47.546s][debug][gc,ref            ] GC(125) Skipped phase3 of Reference Processing due to unavailable references
[47.546s][debug][gc,ref            ] GC(125) Skipped phase4 of Reference Processing due to unavailable references
[47.546s][debug][gc,phases,ref     ] GC(125) Reference Processing: 0.1ms
[47.546s][debug][gc,phases,ref     ] GC(125)   Reconsider SoftReferences: 0.0ms
[47.546s][debug][gc,phases,ref     ] GC(125)     SoftRef (ms):             skipped
[47.546s][debug][gc,phases,ref     ] GC(125)   Notify Soft/WeakReferences: 0.0ms
[47.546s][debug][gc,phases,ref     ] GC(125)     SoftRef (ms):             skipped
[47.546s][debug][gc,phases,ref     ] GC(125)     WeakRef (ms):             skipped
[47.546s][debug][gc,phases,ref     ] GC(125)     FinalRef (ms):            skipped
[47.546s][debug][gc,phases,ref     ] GC(125)     Total (ms):               skipped
[47.546s][debug][gc,phases,ref     ] GC(125)   Notify and keep alive finalizable: 0.0ms
[47.546s][debug][gc,phases,ref     ] GC(125)     FinalRef (ms):            skipped
[47.546s][debug][gc,phases,ref     ] GC(125)   Notify PhantomReferences: 0.0ms
[47.546s][debug][gc,phases,ref     ] GC(125)     PhantomRef (ms):          skipped
[47.546s][debug][gc,phases,ref     ] GC(125)   SoftReference:
[47.546s][debug][gc,phases,ref     ] GC(125)     Discovered: 0
[47.546s][debug][gc,phases,ref     ] GC(125)     Cleared: 0
[47.546s][debug][gc,phases,ref     ] GC(125)   WeakReference:
[47.546s][debug][gc,phases,ref     ] GC(125)     Discovered: 0
[47.546s][debug][gc,phases,ref     ] GC(125)     Cleared: 0
[47.546s][debug][gc,phases,ref     ] GC(125)   FinalReference:
[47.546s][debug][gc,phases,ref     ] GC(125)     Discovered: 0
[47.546s][debug][gc,phases,ref     ] GC(125)     Cleared: 0
[47.546s][debug][gc,phases,ref     ] GC(125)   PhantomReference:
[47.546s][debug][gc,phases,ref     ] GC(125)     Discovered: 0
[47.546s][debug][gc,phases,ref     ] GC(125)     Cleared: 0
[47.546s][debug][gc,phases         ] GC(125) Reference Processing 0.404ms
[47.546s][debug][gc,phases,start   ] GC(125) Weak Processing
[47.546s][debug][gc,phases         ] GC(125) Weak Processing 0.029ms
[47.546s][debug][gc,phases,start   ] GC(125) Class Unloading
[47.546s][debug][gc,phases,start   ] GC(125) ClassLoaderData
[47.546s][debug][gc,phases         ] GC(125) ClassLoaderData 0.062ms
[47.546s][debug][gc,phases,start   ] GC(125) ProtectionDomainCacheTable
[47.546s][debug][gc,phases         ] GC(125) ProtectionDomainCacheTable 0.016ms
[47.548s][info ][gc,stringtable    ] GC(125) Cleaned string and symbol table, strings: 6177 processed, 0 removed, symbols: 45233 processed, 0 removed
[47.548s][debug][gc,phases         ] GC(125) Class Unloading 1.646ms
[47.548s][debug][gc,phases,start   ] GC(125) Flush Task Caches
[47.548s][debug][gc,stats          ] Mark stats cache hits 60417 misses 53 ratio 99.912
[47.548s][debug][gc,phases         ] GC(125) Flush Task Caches 0.041ms
[47.548s][debug][gc,phases,start   ] GC(125) Update Remembered Set Tracking Before Rebuild
[47.548s][debug][gc,ergo           ] GC(125) Running G1 Update RemSet Tracking Before Rebuild using 4 workers for 1512 regions in heap
[47.548s][debug][gc,remset,tracking] GC(125) Remembered Set Tracking update regions total 1512, selected 49
[47.548s][debug][gc,phases         ] GC(125) Update Remembered Set Tracking Before Rebuild 0.189ms
[47.548s][debug][gc,phases,start   ] GC(125) Reclaim Empty Regions
[47.548s][debug][gc                ] GC(125) Reclaimed 3 empty regions
[47.548s][debug][gc,phases         ] GC(125) Reclaim Empty Regions 0.159ms
[47.548s][debug][gc,phases,start   ] GC(125) Purge Metaspace
[47.548s][debug][gc,phases         ] GC(125) Purge Metaspace 0.019ms
[47.548s][debug][gc,phases,start   ] GC(125) Report Object Count
[47.548s][debug][gc,phases         ] GC(125) Report Object Count 0.015ms
[47.548s][info ][gc                ] GC(125) Pause Remark 76M->73M(1512M) 3.140ms
[47.548s][info ][gc,cpu            ] GC(125) User=0.01s Sys=0.00s Real=0.00s
[47.548s][info ][gc,marking        ] GC(125) Concurrent Rebuild Remembered Sets
[47.556s][info ][gc,marking        ] GC(125) Concurrent Rebuild Remembered Sets 8.007ms
[47.557s][info ][gc,start          ] GC(125) Pause Cleanup
[47.557s][debug][gc,phases,start   ] GC(125) Update Remembered Set Tracking After Rebuild
[47.557s][debug][gc,phases         ] GC(125) Update Remembered Set Tracking After Rebuild 0.059ms
[47.557s][debug][gc,phases,start   ] GC(125) Finalize Concurrent Mark Cleanup
[47.557s][debug][gc,ergo           ] GC(125) request young-only gcs (reclaimable percentage not over threshold). candidate old regions: 48 reclaimable: 48687904 (3.07) threshold: 5
[47.557s][debug][gc,phases         ] GC(125) Finalize Concurrent Mark Cleanup 0.197ms
[47.557s][info ][gc                ] GC(125) Pause Cleanup 73M->73M(1512M) 0.340ms
[47.557s][info ][gc,cpu            ] GC(125) User=0.00s Sys=0.00s Real=0.00s
[47.557s][info ][gc,marking        ] GC(125) Concurrent Cleanup for Next Mark
[47.557s][debug][gc,ergo           ] GC(125) Running G1 Clear Bitmap with 1 workers for 24 work units.
[47.560s][info ][gc,marking        ] GC(125) Concurrent Cleanup for Next Mark 2.493ms
[47.560s][info ][gc                ] GC(125) Concurrent Cycle 32.263ms
[47.644s][debug][gc,ergo,ihop      ] Request concurrent cycle initiation (occupancy higher than threshold) occupancy: 54525952B allocation request: 524304B threshold: 0B (0.00) source: concurrent humongous allocation
[47.644s][debug][gc,ergo           ] Request concurrent cycle initiation (requested by GC cause). GC cause: G1 Humongous Allocation
[47.644s][debug][gc,heap           ] GC(126) Heap before GC invocations=126 (full 0): garbage-first heap   total 1548288K, used 79872K [0x0000000780000000, 0x0000000800000000)
[47.644s][debug][gc,heap           ] GC(126)   region size 1024K, 27 young (27648K), 16 survivors (16384K)
[47.644s][debug][gc,heap           ] GC(126)  Metaspace       used 13342K, capacity 13739K, committed 13824K, reserved 1060864K
[47.644s][debug][gc,heap           ] GC(126)   class space    used 1352K, capacity 1515K, committed 1536K, reserved 1048576K
[47.644s][debug][gc,ergo           ] GC(126) Initiate concurrent cycle (concurrent cycle initiation requested)
[47.644s][info ][gc,start          ] GC(126) Pause Young (Concurrent Start) (G1 Humongous Allocation)
[47.644s][info ][gc,task           ] GC(126) Using 4 workers of 4 for evacuation
[47.645s][debug][gc,tlab           ] GC(126) TLAB totals: thrds: 1  refills: 31 max: 31 slow allocs: 3 max 3 waste:  0.9% gc: 80072B max: 80072B slow: 17672B max: 17672B fast: 0B max: 0B
[47.645s][debug][gc,alloc,region   ] GC(126) Mutator Allocation stats, regions: 11, wasted size: 0B ( 0.0%)
[47.645s][debug][gc,age            ] GC(126) Desired survivor size 22020096 bytes, new threshold 15 (max threshold 15)
[47.645s][debug][gc,ergo,cset      ] GC(126) Finish choosing CSet. old: 0 regions, predicted old region time: 0.00ms, time remaining: 175.58
[47.645s][debug][gc,task,stats     ] GC(126) GC Termination Stats
[47.645s][debug][gc,task,stats     ] GC(126)      elapsed  --strong roots-- -------termination------- ------waste (KiB)------
[47.645s][debug][gc,task,stats     ] GC(126) thr     ms        ms      %        ms      %    attempts  total   alloc    undo
[47.645s][debug][gc,task,stats     ] GC(126) --- --------- --------- ------ --------- ------ -------- ------- ------- -------
[47.666s][debug][gc,task,stats     ] GC(126)   2     21.33     19.09  89.49      0.02   0.07        6       0       0       0
[47.666s][debug][gc,task,stats     ] GC(126)   3     21.46     17.94  83.60      0.01   0.05        5       0       0       0
[47.667s][debug][gc,task,stats     ] GC(126)   1     21.55     18.66  86.57      0.00   0.02        3       0       0       0
[47.667s][debug][gc,task,stats     ] GC(126)   0     21.58      4.96  22.98      0.02   0.10        3       0       0       0
[47.667s][debug][gc,ergo           ] GC(126) Running G1 Clear Card Table Task using 1 workers for 1 units of work for 34 regions.
[47.667s][debug][gc,ref            ] GC(126) Skipped phase1 of Reference Processing due to unavailable references
[47.667s][debug][gc,ref            ] GC(126) Skipped phase2 of Reference Processing due to unavailable references
[47.667s][debug][gc,ref            ] GC(126) Skipped phase3 of Reference Processing due to unavailable references
[47.667s][debug][gc,ref            ] GC(126) Skipped phase4 of Reference Processing due to unavailable references
[47.667s][debug][gc,ergo           ] GC(126) Running G1 Free Collection Set using 1 workers for collection set length 27
[47.667s][debug][gc,humongous      ] GC(126) Live humongous region 8 object size 524304 start 0x0000000780800000  with remset 0 code roots 0 is marked 0 reclaim candidate 0 type array 0
[47.667s][debug][gc,humongous      ] GC(126) Live humongous region 13 object size 1048592 start 0x0000000780d00000  with remset 0 code roots 0 is marked 0 reclaim candidate 0 type array 0
[47.667s][debug][gc,plab           ] GC(126) Young PLAB allocation: allocated: 16777216B, wasted: 696B, unused: 1022504B, used: 15754016B, undo waste: 0B, 
[47.667s][debug][gc,plab           ] GC(126) Young other allocation: region end waste: 0B, regions filled: 16, direct allocated: 0B, failure used: 0B, failure wasted: 0B
[47.667s][debug][gc,plab           ] GC(126) Young sizing: calculated: 3150800B, actual: 3150760B
[47.667s][debug][gc,plab           ] GC(126) Old PLAB allocation: allocated: 0B, wasted: 0B, unused: 0B, used: 0B, undo waste: 0B, 
[47.667s][debug][gc,plab           ] GC(126) Old other allocation: region end waste: 0B, regions filled: 0, direct allocated: 0B, failure used: 0B, failure wasted: 0B
[47.667s][debug][gc,plab           ] GC(126) Old sizing: calculated: 0B, actual: 2064B
[47.667s][debug][gc,alloc,stats    ] Old generation allocation in the last mutator period, old gen allocated: 0B, humongous allocated: 3145728B,old gen growth: 0B.
[47.667s][debug][gc,ihop           ] GC(126) Basic information (value update), threshold: 0B (0.00), target occupancy: 1585446912B, current occupancy: 71303168B, recent allocation size: 3145728B, recent allocation duration: 114.99ms, recent old gen allocation rate: 27356418.30B/s, recent marking phase length: 232.15ms
[47.667s][debug][gc,ihop           ] GC(126) Adaptive IHOP information (value update), threshold: 0B (0.00), internal target occupancy: 1506174566B, occupancy: 71303168B, additional buffer size: 380633088B, predicted old gen allocation rate: 3377337785.35B/s, predicted marking phase length: 354.98ms, prediction active: true
[47.667s][debug][gc,ergo,refine    ] GC(126) Updated Refinement Zones: green: 50, yellow: 150, red: 250
[47.667s][info ][gc,phases         ] GC(126)   Pre Evacuate Collection Set: 0.1ms
[47.667s][debug][gc,phases         ] GC(126)     Prepare TLABs: 0.0ms
[47.667s][debug][gc,phases         ] GC(126)     Choose Collection Set: 0.0ms
[47.667s][debug][gc,phases         ] GC(126)     Humongous Register: 0.0ms
[47.667s][debug][gc,phases         ] GC(126)     Clear Claimed Marks: 0.1ms
[47.667s][info ][gc,phases         ] GC(126)   Evacuate Collection Set: 21.7ms
[47.667s][debug][gc,phases         ] GC(126)     Ext Root Scanning (ms):   Min:  0.5, Avg:  0.5, Max:  0.6, Diff:  0.1, Sum:  2.0, Workers: 4
[47.667s][debug][gc,phases         ] GC(126)     Update RS (ms):           Min:  1.0, Avg:  1.5, Max:  2.8, Diff:  1.8, Sum:  6.2, Workers: 4
[47.667s][debug][gc,phases         ] GC(126)       Processed Buffers:        Min: 2, Avg:  4.5, Max: 8, Diff: 6, Sum: 18, Workers: 4
[47.667s][debug][gc,phases         ] GC(126)       Scanned Cards:            Min: 512, Avg: 775.5, Max: 1566, Diff: 1054, Sum: 3102, Workers: 4
[47.667s][debug][gc,phases         ] GC(126)       Skipped Cards:            Min: 0, Avg: 195.5, Max: 782, Diff: 782, Sum: 782, Workers: 4
[47.667s][debug][gc,phases         ] GC(126)     Scan RS (ms):             Min:  0.0, Avg:  0.1, Max:  0.3, Diff:  0.3, Sum:  0.3, Workers: 4
[47.667s][debug][gc,phases         ] GC(126)       Scanned Cards:            Min: 0, Avg: 35.2, Max: 141, Diff: 141, Sum: 141, Workers: 4
[47.667s][debug][gc,phases         ] GC(126)       Claimed Cards:            Min: 0, Avg: 261.2, Max: 1045, Diff: 1045, Sum: 1045, Workers: 4
[47.667s][debug][gc,phases         ] GC(126)       Skipped Cards:            Min: 0, Avg:  0.0, Max: 0, Diff: 0, Sum: 0, Workers: 4
[47.667s][debug][gc,phases         ] GC(126)     Code Root Scanning (ms):  Min:  0.0, Avg:  0.0, Max:  0.0, Diff:  0.0, Sum:  0.0, Workers: 4
[47.667s][debug][gc,phases         ] GC(126)     JVMCI Root Scan (ms):     skipped
[47.667s][debug][gc,phases         ] GC(126)     Object Copy (ms):         Min: 17.7, Avg: 19.2, Max: 19.8, Diff:  2.1, Sum: 76.7, Workers: 4
[47.667s][debug][gc,phases         ] GC(126)     Termination (ms):         Min:  0.0, Avg:  0.0, Max:  0.0, Diff:  0.0, Sum:  0.1, Workers: 4
[47.667s][debug][gc,phases         ] GC(126)       Termination Attempts:     Min: 3, Avg:  4.2, Max: 6, Diff: 3, Sum: 17, Workers: 4
[47.667s][debug][gc,phases         ] GC(126)     GC Worker Other (ms):     Min:  0.1, Avg:  0.2, Max:  0.3, Diff:  0.1, Sum:  0.8, Workers: 4
[47.667s][debug][gc,phases         ] GC(126)     GC Worker Total (ms):     Min: 21.5, Avg: 21.5, Max: 21.6, Diff:  0.1, Sum: 86.1, Workers: 4
[47.667s][info ][gc,phases         ] GC(126)   Post Evacuate Collection Set: 0.4ms
[47.667s][debug][gc,phases         ] GC(126)     Code Roots Fixup: 0.0ms
[47.667s][debug][gc,phases         ] GC(126)     Clear Card Table: 0.0ms
[47.668s][debug][gc,phases         ] GC(126)     Reference Processing: 0.1ms
[47.668s][debug][gc,phases,ref     ] GC(126)       Reconsider SoftReferences: 0.0ms
[47.668s][debug][gc,phases,ref     ] GC(126)         SoftRef (ms):             skipped
[47.668s][debug][gc,phases,ref     ] GC(126)       Notify Soft/WeakReferences: 0.0ms
[47.668s][debug][gc,phases,ref     ] GC(126)         SoftRef (ms):             skipped
[47.668s][debug][gc,phases,ref     ] GC(126)         WeakRef (ms):             skipped
[47.668s][debug][gc,phases,ref     ] GC(126)         FinalRef (ms):            skipped
[47.668s][debug][gc,phases,ref     ] GC(126)         Total (ms):               skipped
[47.668s][debug][gc,phases,ref     ] GC(126)       Notify and keep alive finalizable: 0.0ms
[47.668s][debug][gc,phases,ref     ] GC(126)         FinalRef (ms):            skipped
[47.668s][debug][gc,phases,ref     ] GC(126)       Notify PhantomReferences: 0.0ms
[47.668s][debug][gc,phases,ref     ] GC(126)         PhantomRef (ms):          skipped
[47.668s][debug][gc,phases,ref     ] GC(126)       SoftReference:
[47.668s][debug][gc,phases,ref     ] GC(126)         Discovered: 0
[47.668s][debug][gc,phases,ref     ] GC(126)         Cleared: 0
[47.668s][debug][gc,phases,ref     ] GC(126)       WeakReference:
[47.668s][debug][gc,phases,ref     ] GC(126)         Discovered: 0
[47.668s][debug][gc,phases,ref     ] GC(126)         Cleared: 0
[47.668s][debug][gc,phases,ref     ] GC(126)       FinalReference:
[47.668s][debug][gc,phases,ref     ] GC(126)         Discovered: 0
[47.668s][debug][gc,phases,ref     ] GC(126)         Cleared: 0
[47.668s][debug][gc,phases,ref     ] GC(126)       PhantomReference:
[47.668s][debug][gc,phases,ref     ] GC(126)         Discovered: 0
[47.668s][debug][gc,phases,ref     ] GC(126)         Cleared: 0
[47.668s][debug][gc,phases         ] GC(126)     Weak Processing: 0.0ms
[47.668s][debug][gc,phases         ] GC(126)     Merge Per-Thread State: 0.0ms
[47.668s][debug][gc,phases         ] GC(126)     Code Roots Purge: 0.0ms
[47.668s][debug][gc,phases         ] GC(126)     Redirty Cards: 0.0ms
[47.668s][debug][gc,phases         ] GC(126)     DerivedPointerTable Update: 0.0ms
[47.668s][debug][gc,phases         ] GC(126)     Free Collection Set: 0.2ms
[47.668s][debug][gc,phases         ] GC(126)     Humongous Reclaim: 0.1ms
[47.668s][debug][gc,phases         ] GC(126)     Start New Collection Set: 0.0ms
[47.668s][debug][gc,phases         ] GC(126)     Resize TLABs: 0.0ms
[47.668s][debug][gc,phases         ] GC(126)     Expand Heap After Collection: 0.0ms
[47.668s][info ][gc,phases         ] GC(126)   Other: 0.6ms
[47.668s][info ][gc,heap           ] GC(126) Eden regions: 11->0(347)
[47.668s][info ][gc,heap           ] GC(126) Survivor regions: 16->16(42)
[47.668s][info ][gc,heap           ] GC(126) Old regions: 49->49
[47.668s][info ][gc,heap           ] GC(126) Humongous regions: 3->3
[47.668s][info ][gc,metaspace      ] GC(126) Metaspace: 13342K->13342K(1060864K)
[47.668s][debug][gc,heap           ] GC(126) Heap after GC invocations=127 (full 0): garbage-first heap   total 1548288K, used 69632K [0x0000000780000000, 0x0000000800000000)
[47.668s][debug][gc,heap           ] GC(126)   region size 1024K, 16 young (16384K), 16 survivors (16384K)
[47.668s][debug][gc,heap           ] GC(126)  Metaspace       used 13342K, capacity 13739K, committed 13824K, reserved 1060864K
[47.668s][debug][gc,heap           ] GC(126)   class space    used 1352K, capacity 1515K, committed 1536K, reserved 1048576K
[47.668s][info ][gc                ] GC(126) Pause Young (Concurrent Start) (G1 Humongous Allocation) 78M->68M(1512M) 23.672ms
[47.668s][info ][gc,cpu            ] GC(126) User=0.08s Sys=0.00s Real=0.03s
[47.668s][info ][gc                ] GC(127) Concurrent Cycle
[47.668s][info ][gc,marking        ] GC(127) Concurrent Clear Claimed Marks
[47.668s][info ][gc,marking        ] GC(127) Concurrent Clear Claimed Marks 0.058ms
[47.668s][info ][gc,marking        ] GC(127) Concurrent Scan Root Regions
[47.668s][debug][gc,ergo           ] GC(127) Running G1 Root Region Scan using 1 workers for 16 work units.
[47.683s][info ][gc,marking        ] GC(127) Concurrent Scan Root Regions 14.284ms
[47.683s][info ][gc,marking        ] GC(127) Concurrent Mark (47.683s)
[47.683s][info ][gc,marking        ] GC(127) Concurrent Mark From Roots
[47.683s][info ][gc,task           ] GC(127) Using 1 workers of 1 for marking
[47.690s][debug][gc,stats          ] ---------------------------------------------------------------------
[47.690s][debug][gc,stats          ] Marking Stats, task = 0, calls = 1
[47.690s][debug][gc,stats          ]   Elapsed time = 7.65ms, Termination time = 0.00ms
[47.690s][debug][gc,stats          ]   Step Times (cum): num = 946, avg = 0.50ms, sd = 1.90ms max = 9.88ms, total = 470.43ms
[47.691s][debug][gc,stats          ]   Mark Stats Cache: hits 57537 misses 46 ratio 99.920
[47.691s][debug][gc,stats          ] ---------------------------------------------------------------------
[47.691s][info ][gc,marking        ] GC(127) Concurrent Mark From Roots 7.863ms
[47.691s][info ][gc,marking        ] GC(127) Concurrent Preclean
[47.691s][debug][gc,ref,start      ] GC(127) Preclean SoftReferences
[47.691s][debug][gc,ref            ] GC(127) Preclean SoftReferences 0.021ms
[47.691s][debug][gc,ref,start      ] GC(127) Preclean WeakReferences
[47.691s][debug][gc,ref            ] GC(127) Preclean WeakReferences 0.022ms
[47.691s][debug][gc,ref,start      ] GC(127) Preclean FinalReferences
[47.691s][debug][gc,ref            ] GC(127) Preclean FinalReferences 0.016ms
[47.691s][debug][gc,ref,start      ] GC(127) Preclean PhantomReferences
[47.691s][debug][gc,ref            ] GC(127) Preclean PhantomReferences 0.017ms
[47.691s][info ][gc,marking        ] GC(127) Concurrent Preclean 0.149ms
[47.691s][info ][gc,marking        ] GC(127) Concurrent Mark (47.683s, 47.691s) 8.058ms
[47.691s][info ][gc,start          ] GC(127) Pause Remark
[47.691s][debug][gc,phases,start   ] GC(127) Finalize Marking
[47.692s][debug][gc,stats          ] ---------------------------------------------------------------------
[47.692s][debug][gc,stats          ] Marking Stats, task = 0, calls = 18
[47.692s][debug][gc,stats          ]   Elapsed time = 0.76ms, Termination time = 0.73ms
[47.692s][debug][gc,stats          ]   Step Times (cum): num = 963, avg = 0.49ms, sd = 1.89ms max = 9.88ms, total = 471.18ms
[47.692s][debug][gc,stats          ]   Mark Stats Cache: hits 57537 misses 46 ratio 99.920
[47.692s][debug][gc,stats          ] ---------------------------------------------------------------------
[47.692s][debug][gc,stats          ] Marking Stats, task = 1, calls = 1
[47.692s][debug][gc,stats          ]   Elapsed time = 0.78ms, Termination time = 0.74ms
[47.692s][debug][gc,stats          ]   Step Times (cum): num = 54, avg = 0.17ms, sd = 0.22ms max = 0.77ms, total = 9.27ms
[47.692s][debug][gc,stats          ]   Mark Stats Cache: hits 2770 misses 5 ratio 99.820
[47.692s][debug][gc,stats          ] ---------------------------------------------------------------------
[47.692s][debug][gc,stats          ] Marking Stats, task = 2, calls = 1
[47.692s][debug][gc,stats          ]   Elapsed time = 0.74ms, Termination time = 0.73ms
[47.692s][debug][gc,stats          ]   Step Times (cum): num = 53, avg = 0.13ms, sd = 0.23ms max = 0.75ms, total = 7.03ms
[47.692s][debug][gc,stats          ]   Mark Stats Cache: hits 55 misses 3 ratio 94.828
[47.692s][debug][gc,stats          ] ---------------------------------------------------------------------
[47.692s][debug][gc,stats          ] Marking Stats, task = 3, calls = 1
[47.692s][debug][gc,stats          ]   Elapsed time = 0.01ms, Termination time = 0.00ms
[47.692s][debug][gc,stats          ]   Step Times (cum): num = 51, avg = 0.01ms, sd = 0.01ms max = 0.08ms, total = 0.28ms
[47.692s][debug][gc,stats          ]   Mark Stats Cache: hits 51 misses 3 ratio 94.444
[47.692s][debug][gc,stats          ] ---------------------------------------------------------------------
[47.692s][debug][gc,phases         ] GC(127) Finalize Marking 1.140ms
[47.692s][debug][gc,phases,start   ] GC(127) Reference Processing
[47.692s][debug][gc,ref            ] GC(127) Skipped phase1 of Reference Processing due to unavailable references
[47.692s][debug][gc,ref            ] GC(127) Skipped phase2 of Reference Processing due to unavailable references
[47.692s][debug][gc,ref            ] GC(127) Skipped phase3 of Reference Processing due to unavailable references
[47.692s][debug][gc,ref            ] GC(127) Skipped phase4 of Reference Processing due to unavailable references
[47.692s][debug][gc,phases,ref     ] GC(127) Reference Processing: 0.1ms
[47.692s][debug][gc,phases,ref     ] GC(127)   Reconsider SoftReferences: 0.0ms
[47.692s][debug][gc,phases,ref     ] GC(127)     SoftRef (ms):             skipped
[47.692s][debug][gc,phases,ref     ] GC(127)   Notify Soft/WeakReferences: 0.0ms
[47.692s][debug][gc,phases,ref     ] GC(127)     SoftRef (ms):             skipped
[47.692s][debug][gc,phases,ref     ] GC(127)     WeakRef (ms):             skipped
[47.692s][debug][gc,phases,ref     ] GC(127)     FinalRef (ms):            skipped
[47.692s][debug][gc,phases,ref     ] GC(127)     Total (ms):               skipped
[47.692s][debug][gc,phases,ref     ] GC(127)   Notify and keep alive finalizable: 0.0ms
[47.692s][debug][gc,phases,ref     ] GC(127)     FinalRef (ms):            skipped
[47.692s][debug][gc,phases,ref     ] GC(127)   Notify PhantomReferences: 0.0ms
[47.692s][debug][gc,phases,ref     ] GC(127)     PhantomRef (ms):          skipped
[47.692s][debug][gc,phases,ref     ] GC(127)   SoftReference:
[47.692s][debug][gc,phases,ref     ] GC(127)     Discovered: 0
[47.692s][debug][gc,phases,ref     ] GC(127)     Cleared: 0
[47.692s][debug][gc,phases,ref     ] GC(127)   WeakReference:
[47.692s][debug][gc,phases,ref     ] GC(127)     Discovered: 0
[47.692s][debug][gc,phases,ref     ] GC(127)     Cleared: 0
[47.693s][debug][gc,phases,ref     ] GC(127)   FinalReference:
[47.693s][debug][gc,phases,ref     ] GC(127)     Discovered: 0
[47.693s][debug][gc,phases,ref     ] GC(127)     Cleared: 0
[47.693s][debug][gc,phases,ref     ] GC(127)   PhantomReference:
[47.693s][debug][gc,phases,ref     ] GC(127)     Discovered: 0
[47.693s][debug][gc,phases,ref     ] GC(127)     Cleared: 0
[47.693s][debug][gc,phases         ] GC(127) Reference Processing 0.545ms
[47.693s][debug][gc,phases,start   ] GC(127) Weak Processing
[47.693s][debug][gc,phases         ] GC(127) Weak Processing 0.030ms
[47.693s][debug][gc,phases,start   ] GC(127) Class Unloading
[47.693s][debug][gc,phases,start   ] GC(127) ClassLoaderData
[47.693s][debug][gc,phases         ] GC(127) ClassLoaderData 0.064ms
[47.693s][debug][gc,phases,start   ] GC(127) ProtectionDomainCacheTable
[47.693s][debug][gc,phases         ] GC(127) ProtectionDomainCacheTable 0.015ms
[47.694s][info ][gc,stringtable    ] GC(127) Cleaned string and symbol table, strings: 6184 processed, 0 removed, symbols: 45233 processed, 0 removed
[47.694s][debug][gc,phases         ] GC(127) Class Unloading 1.657ms
[47.694s][debug][gc,phases,start   ] GC(127) Flush Task Caches
[47.694s][debug][gc,stats          ] Mark stats cache hits 60413 misses 57 ratio 99.906
[47.694s][debug][gc,phases         ] GC(127) Flush Task Caches 0.040ms
[47.694s][debug][gc,phases,start   ] GC(127) Update Remembered Set Tracking Before Rebuild
[47.694s][debug][gc,ergo           ] GC(127) Running G1 Update RemSet Tracking Before Rebuild using 4 workers for 1512 regions in heap
[47.695s][debug][gc,remset,tracking] GC(127) Remembered Set Tracking update regions total 1512, selected 49
[47.695s][debug][gc,phases         ] GC(127) Update Remembered Set Tracking Before Rebuild 0.182ms
[47.695s][debug][gc,phases,start   ] GC(127) Reclaim Empty Regions
[47.695s][debug][gc                ] GC(127) Reclaimed 3 empty regions
[47.695s][debug][gc,phases         ] GC(127) Reclaim Empty Regions 0.183ms
[47.695s][debug][gc,phases,start   ] GC(127) Purge Metaspace
[47.695s][debug][gc,phases         ] GC(127) Purge Metaspace 0.016ms
[47.695s][debug][gc,phases,start   ] GC(127) Report Object Count
[47.695s][debug][gc,phases         ] GC(127) Report Object Count 0.019ms
[47.695s][info ][gc                ] GC(127) Pause Remark 76M->73M(1512M) 4.059ms
[47.695s][info ][gc,cpu            ] GC(127) User=0.01s Sys=0.00s Real=0.01s
[47.695s][info ][gc,marking        ] GC(127) Concurrent Rebuild Remembered Sets
[47.705s][info ][gc,marking        ] GC(127) Concurrent Rebuild Remembered Sets 9.795ms
[47.705s][info ][gc,start          ] GC(127) Pause Cleanup
[47.705s][debug][gc,phases,start   ] GC(127) Update Remembered Set Tracking After Rebuild
[47.705s][debug][gc,phases         ] GC(127) Update Remembered Set Tracking After Rebuild 0.082ms
[47.705s][debug][gc,phases,start   ] GC(127) Finalize Concurrent Mark Cleanup
[47.706s][debug][gc,ergo           ] GC(127) request young-only gcs (reclaimable percentage not over threshold). candidate old regions: 48 reclaimable: 48687904 (3.07) threshold: 5
[47.706s][debug][gc,phases         ] GC(127) Finalize Concurrent Mark Cleanup 0.269ms
[47.706s][info ][gc                ] GC(127) Pause Cleanup 73M->73M(1512M) 0.436ms
[47.706s][info ][gc,cpu            ] GC(127) User=0.00s Sys=0.00s Real=0.00s
[47.706s][info ][gc,marking        ] GC(127) Concurrent Cleanup for Next Mark
[47.706s][debug][gc,ergo           ] GC(127) Running G1 Clear Bitmap with 1 workers for 24 work units.
[47.711s][info ][gc,marking        ] GC(127) Concurrent Cleanup for Next Mark 5.244ms
[47.711s][info ][gc                ] GC(127) Concurrent Cycle 42.922ms
[47.787s][debug][gc,ergo,ihop      ] Request concurrent cycle initiation (occupancy higher than threshold) occupancy: 54525952B allocation request: 524304B threshold: 0B (0.00) source: concurrent humongous allocation
[47.788s][debug][gc,ergo           ] Request concurrent cycle initiation (requested by GC cause). GC cause: G1 Humongous Allocation
[47.788s][debug][gc,heap           ] GC(128) Heap before GC invocations=128 (full 0): garbage-first heap   total 1548288K, used 79872K [0x0000000780000000, 0x0000000800000000)
[47.788s][debug][gc,heap           ] GC(128)   region size 1024K, 27 young (27648K), 16 survivors (16384K)
[47.788s][debug][gc,heap           ] GC(128)  Metaspace       used 13355K, capacity 13746K, committed 13824K, reserved 1060864K
[47.788s][debug][gc,heap           ] GC(128)   class space    used 1352K, capacity 1515K, committed 1536K, reserved 1048576K
[47.788s][debug][gc,ergo           ] GC(128) Initiate concurrent cycle (concurrent cycle initiation requested)
[47.788s][info ][gc,start          ] GC(128) Pause Young (Concurrent Start) (G1 Humongous Allocation)
[47.788s][info ][gc,task           ] GC(128) Using 4 workers of 4 for evacuation
[47.788s][debug][gc,tlab           ] GC(128) TLAB totals: thrds: 4  refills: 39 max: 29 slow allocs: 3 max 3 waste:  4.5% gc: 490296B max: 450136B slow: 20720B max: 16480B fast: 0B max: 0B
[47.788s][debug][gc,alloc,region   ] GC(128) Mutator Allocation stats, regions: 11, wasted size: 0B ( 0.0%)
[47.788s][debug][gc,age            ] GC(128) Desired survivor size 24117248 bytes, new threshold 15 (max threshold 15)
[47.788s][debug][gc,ergo,cset      ] GC(128) Finish choosing CSet. old: 0 regions, predicted old region time: 0.00ms, time remaining: 166.73
[47.788s][debug][gc,task,stats     ] GC(128) GC Termination Stats
[47.788s][debug][gc,task,stats     ] GC(128)      elapsed  --strong roots-- -------termination------- ------waste (KiB)------
[47.788s][debug][gc,task,stats     ] GC(128) thr     ms        ms      %        ms      %    attempts  total   alloc    undo
[47.788s][debug][gc,task,stats     ] GC(128) --- --------- --------- ------ --------- ------ -------- ------- ------- -------
[47.810s][debug][gc,task,stats     ] GC(128)   0     21.31     18.10  84.93      0.00   0.01        1       0       0       0
[47.810s][debug][gc,task,stats     ] GC(128)   3     21.50     18.15  84.42      0.02   0.08        4       0       0       0
[47.810s][debug][gc,task,stats     ] GC(128)   2     21.56      5.01  23.23      0.02   0.08        3       0       0       0
[47.810s][debug][gc,task,stats     ] GC(128)   1     21.67     17.92  82.66      0.01   0.07        3       0       0       0
[47.810s][debug][gc,ergo           ] GC(128) Running G1 Clear Card Table Task using 1 workers for 1 units of work for 34 regions.
[47.810s][debug][gc,ref            ] GC(128) Skipped phase1 of Reference Processing due to unavailable references
[47.810s][debug][gc,ref            ] GC(128) Skipped phase2 of Reference Processing due to unavailable references
[47.810s][debug][gc,ref            ] GC(128) Skipped phase3 of Reference Processing due to unavailable references
[47.810s][debug][gc,ref            ] GC(128) Skipped phase4 of Reference Processing due to unavailable references
[47.810s][debug][gc,ergo           ] GC(128) Running G1 Free Collection Set using 1 workers for collection set length 27
[47.811s][debug][gc,humongous      ] GC(128) Live humongous region 5 object size 524304 start 0x0000000780500000  with remset 0 code roots 0 is marked 0 reclaim candidate 0 type array 0
[47.811s][debug][gc,humongous      ] GC(128) Live humongous region 6 object size 1048592 start 0x0000000780600000  with remset 0 code roots 0 is marked 0 reclaim candidate 0 type array 0
[47.811s][debug][gc,plab           ] GC(128) Young PLAB allocation: allocated: 16777216B, wasted: 648B, unused: 1022112B, used: 15754456B, undo waste: 0B, 
[47.811s][debug][gc,plab           ] GC(128) Young other allocation: region end waste: 0B, regions filled: 16, direct allocated: 0B, failure used: 0B, failure wasted: 0B
[47.811s][debug][gc,plab           ] GC(128) Young sizing: calculated: 3150888B, actual: 3150856B
[47.811s][debug][gc,plab           ] GC(128) Old PLAB allocation: allocated: 0B, wasted: 0B, unused: 0B, used: 0B, undo waste: 0B, 
[47.811s][debug][gc,plab           ] GC(128) Old other allocation: region end waste: 0B, regions filled: 0, direct allocated: 0B, failure used: 0B, failure wasted: 0B
[47.811s][debug][gc,plab           ] GC(128) Old sizing: calculated: 0B, actual: 2064B
[47.811s][debug][gc,alloc,stats    ] Old generation allocation in the last mutator period, old gen allocated: 0B, humongous allocated: 3145728B,old gen growth: 0B.
[47.811s][debug][gc,ihop           ] GC(128) Basic information (value update), threshold: 0B (0.00), target occupancy: 1585446912B, current occupancy: 71303168B, recent allocation size: 3145728B, recent allocation duration: 116.55ms, recent old gen allocation rate: 26991109.67B/s, recent marking phase length: 232.15ms
[47.811s][debug][gc,ihop           ] GC(128) Adaptive IHOP information (value update), threshold: 0B (0.00), internal target occupancy: 1506174566B, occupancy: 71303168B, additional buffer size: 371195904B, predicted old gen allocation rate: 3264499275.31B/s, predicted marking phase length: 354.98ms, prediction active: true
[47.811s][debug][gc,ergo,refine    ] GC(128) Updated Refinement Zones: green: 50, yellow: 150, red: 250
[47.811s][info ][gc,phases         ] GC(128)   Pre Evacuate Collection Set: 0.1ms
[47.811s][debug][gc,phases         ] GC(128)     Prepare TLABs: 0.0ms
[47.811s][debug][gc,phases         ] GC(128)     Choose Collection Set: 0.0ms
[47.811s][debug][gc,phases         ] GC(128)     Humongous Register: 0.0ms
[47.811s][debug][gc,phases         ] GC(128)     Clear Claimed Marks: 0.1ms
[47.811s][info ][gc,phases         ] GC(128)   Evacuate Collection Set: 21.8ms
[47.811s][debug][gc,phases         ] GC(128)     Ext Root Scanning (ms):   Min:  0.4, Avg:  0.4, Max:  0.4, Diff:  0.0, Sum:  1.6, Workers: 4
[47.811s][debug][gc,phases         ] GC(128)     Update RS (ms):           Min:  1.0, Avg:  1.5, Max:  3.0, Diff:  1.9, Sum:  6.1, Workers: 4
[47.811s][debug][gc,phases         ] GC(128)       Processed Buffers:        Min: 2, Avg:  4.8, Max: 9, Diff: 7, Sum: 19, Workers: 4
[47.811s][debug][gc,phases         ] GC(128)       Scanned Cards:            Min: 512, Avg: 776.2, Max: 1569, Diff: 1057, Sum: 3105, Workers: 4
[47.811s][debug][gc,phases         ] GC(128)       Skipped Cards:            Min: 0, Avg: 195.5, Max: 782, Diff: 782, Sum: 782, Workers: 4
[47.811s][debug][gc,phases         ] GC(128)     Scan RS (ms):             Min:  0.0, Avg:  0.1, Max:  0.4, Diff:  0.4, Sum:  0.4, Workers: 4
[47.811s][debug][gc,phases         ] GC(128)       Scanned Cards:            Min: 0, Avg: 42.5, Max: 170, Diff: 170, Sum: 170, Workers: 4
[47.812s][debug][gc,phases         ] GC(128)       Claimed Cards:            Min: 0, Avg: 255.0, Max: 1020, Diff: 1020, Sum: 1020, Workers: 4
[47.812s][debug][gc,phases         ] GC(128)       Skipped Cards:            Min: 0, Avg:  0.0, Max: 0, Diff: 0, Sum: 0, Workers: 4
[47.812s][debug][gc,phases         ] GC(128)     Code Root Scanning (ms):  Min:  0.0, Avg:  0.0, Max:  0.0, Diff:  0.0, Sum:  0.0, Workers: 4
[47.812s][debug][gc,phases         ] GC(128)     JVMCI Root Scan (ms):     skipped
[47.812s][debug][gc,phases         ] GC(128)     Object Copy (ms):         Min: 17.5, Avg: 19.2, Max: 19.8, Diff:  2.3, Sum: 76.9, Workers: 4
[47.812s][debug][gc,phases         ] GC(128)     Termination (ms):         Min:  0.0, Avg:  0.0, Max:  0.0, Diff:  0.0, Sum:  0.1, Workers: 4
[47.812s][debug][gc,phases         ] GC(128)       Termination Attempts:     Min: 1, Avg:  2.8, Max: 4, Diff: 3, Sum: 11, Workers: 4
[47.812s][debug][gc,phases         ] GC(128)     GC Worker Other (ms):     Min:  0.2, Avg:  0.3, Max:  0.4, Diff:  0.2, Sum:  1.4, Workers: 4
[47.812s][debug][gc,phases         ] GC(128)     GC Worker Total (ms):     Min: 21.5, Avg: 21.6, Max: 21.7, Diff:  0.2, Sum: 86.4, Workers: 4
[47.812s][info ][gc,phases         ] GC(128)   Post Evacuate Collection Set: 0.6ms
[47.812s][debug][gc,phases         ] GC(128)     Code Roots Fixup: 0.0ms
[47.812s][debug][gc,phases         ] GC(128)     Clear Card Table: 0.1ms
[47.812s][debug][gc,phases         ] GC(128)     Reference Processing: 0.1ms
[47.812s][debug][gc,phases,ref     ] GC(128)       Reconsider SoftReferences: 0.0ms
[47.812s][debug][gc,phases,ref     ] GC(128)         SoftRef (ms):             skipped
[47.812s][debug][gc,phases,ref     ] GC(128)       Notify Soft/WeakReferences: 0.0ms
[47.812s][debug][gc,phases,ref     ] GC(128)         SoftRef (ms):             skipped
[47.812s][debug][gc,phases,ref     ] GC(128)         WeakRef (ms):             skipped
[47.812s][debug][gc,phases,ref     ] GC(128)         FinalRef (ms):            skipped
[47.812s][debug][gc,phases,ref     ] GC(128)         Total (ms):               skipped
[47.812s][debug][gc,phases,ref     ] GC(128)       Notify and keep alive finalizable: 0.0ms
[47.812s][debug][gc,phases,ref     ] GC(128)         FinalRef (ms):            skipped
[47.812s][debug][gc,phases,ref     ] GC(128)       Notify PhantomReferences: 0.0ms
[47.812s][debug][gc,phases,ref     ] GC(128)         PhantomRef (ms):          skipped
[47.812s][debug][gc,phases,ref     ] GC(128)       SoftReference:
[47.812s][debug][gc,phases,ref     ] GC(128)         Discovered: 0
[47.812s][debug][gc,phases,ref     ] GC(128)         Cleared: 0
[47.812s][debug][gc,phases,ref     ] GC(128)       WeakReference:
[47.812s][debug][gc,phases,ref     ] GC(128)         Discovered: 0
[47.812s][debug][gc,phases,ref     ] GC(128)         Cleared: 0
[47.812s][debug][gc,phases,ref     ] GC(128)       FinalReference:
[47.812s][debug][gc,phases,ref     ] GC(128)         Discovered: 0
[47.812s][debug][gc,phases,ref     ] GC(128)         Cleared: 0
[47.812s][debug][gc,phases,ref     ] GC(128)       PhantomReference:
[47.812s][debug][gc,phases,ref     ] GC(128)         Discovered: 0
[47.812s][debug][gc,phases,ref     ] GC(128)         Cleared: 0
[47.812s][debug][gc,phases         ] GC(128)     Weak Processing: 0.0ms
[47.813s][debug][gc,phases         ] GC(128)     Merge Per-Thread State: 0.0ms
[47.813s][debug][gc,phases         ] GC(128)     Code Roots Purge: 0.0ms
[47.813s][debug][gc,phases         ] GC(128)     Redirty Cards: 0.0ms
[47.813s][debug][gc,phases         ] GC(128)     DerivedPointerTable Update: 0.0ms
[47.813s][debug][gc,phases         ] GC(128)     Free Collection Set: 0.3ms
[47.813s][debug][gc,phases         ] GC(128)     Humongous Reclaim: 0.1ms
[47.813s][debug][gc,phases         ] GC(128)     Start New Collection Set: 0.0ms
[47.813s][debug][gc,phases         ] GC(128)     Resize TLABs: 0.0ms
[47.813s][debug][gc,phases         ] GC(128)     Expand Heap After Collection: 0.0ms
[47.813s][info ][gc,phases         ] GC(128)   Other: 0.9ms
[47.813s][info ][gc,heap           ] GC(128) Eden regions: 11->0(338)
[47.813s][info ][gc,heap           ] GC(128) Survivor regions: 16->16(46)
[47.813s][info ][gc,heap           ] GC(128) Old regions: 49->49
[47.813s][info ][gc,heap           ] GC(128) Humongous regions: 3->3
[47.813s][info ][gc,metaspace      ] GC(128) Metaspace: 13355K->13355K(1060864K)
[47.813s][debug][gc,heap           ] GC(128) Heap after GC invocations=129 (full 0): garbage-first heap   total 1548288K, used 69632K [0x0000000780000000, 0x0000000800000000)
[47.813s][debug][gc,heap           ] GC(128)   region size 1024K, 16 young (16384K), 16 survivors (16384K)
[47.813s][debug][gc,heap           ] GC(128)  Metaspace       used 13355K, capacity 13746K, committed 13824K, reserved 1060864K
[47.813s][debug][gc,heap           ] GC(128)   class space    used 1352K, capacity 1515K, committed 1536K, reserved 1048576K
[47.813s][info ][gc                ] GC(128) Pause Young (Concurrent Start) (G1 Humongous Allocation) 79M->68M(1512M) 25.084ms
[47.813s][info ][gc,cpu            ] GC(128) User=0.08s Sys=0.00s Real=0.02s
[47.813s][info ][gc                ] GC(129) Concurrent Cycle
[47.813s][info ][gc,marking        ] GC(129) Concurrent Clear Claimed Marks
[47.814s][info ][gc,marking        ] GC(129) Concurrent Clear Claimed Marks 0.119ms
[47.814s][info ][gc,marking        ] GC(129) Concurrent Scan Root Regions
[47.814s][debug][gc,ergo           ] GC(129) Running G1 Root Region Scan using 1 workers for 16 work units.
[47.826s][info ][gc,marking        ] GC(129) Concurrent Scan Root Regions 12.796ms
[47.826s][info ][gc,marking        ] GC(129) Concurrent Mark (47.826s)
[47.826s][info ][gc,marking        ] GC(129) Concurrent Mark From Roots
[47.827s][info ][gc,task           ] GC(129) Using 1 workers of 1 for marking
[47.834s][debug][gc,stats          ] ---------------------------------------------------------------------
[47.834s][debug][gc,stats          ] Marking Stats, task = 0, calls = 1
[47.834s][debug][gc,stats          ]   Elapsed time = 7.46ms, Termination time = 0.00ms
[47.834s][debug][gc,stats          ]   Step Times (cum): num = 964, avg = 0.50ms, sd = 1.90ms max = 9.88ms, total = 478.64ms
[47.834s][debug][gc,stats          ]   Mark Stats Cache: hits 60212 misses 47 ratio 99.922
[47.834s][debug][gc,stats          ] ---------------------------------------------------------------------
[47.834s][info ][gc,marking        ] GC(129) Concurrent Mark From Roots 7.764ms
[47.834s][info ][gc,marking        ] GC(129) Concurrent Preclean
[47.834s][debug][gc,ref,start      ] GC(129) Preclean SoftReferences
[47.834s][debug][gc,ref            ] GC(129) Preclean SoftReferences 0.022ms
[47.834s][debug][gc,ref,start      ] GC(129) Preclean WeakReferences
[47.834s][debug][gc,ref            ] GC(129) Preclean WeakReferences 0.028ms
[47.834s][debug][gc,ref,start      ] GC(129) Preclean FinalReferences
[47.834s][debug][gc,ref            ] GC(129) Preclean FinalReferences 0.017ms
[47.834s][debug][gc,ref,start      ] GC(129) Preclean PhantomReferences
[47.834s][debug][gc,ref            ] GC(129) Preclean PhantomReferences 0.017ms
[47.834s][info ][gc,marking        ] GC(129) Concurrent Preclean 0.188ms
[47.834s][info ][gc,marking        ] GC(129) Concurrent Mark (47.826s, 47.834s) 8.002ms
[47.835s][info ][gc,start          ] GC(129) Pause Remark
[47.835s][debug][gc,phases,start   ] GC(129) Finalize Marking
[47.835s][debug][gc,stats          ] ---------------------------------------------------------------------
[47.835s][debug][gc,stats          ] Marking Stats, task = 0, calls = 18
[47.835s][debug][gc,stats          ]   Elapsed time = 0.07ms, Termination time = 0.05ms
[47.835s][debug][gc,stats          ]   Step Times (cum): num = 981, avg = 0.49ms, sd = 1.88ms max = 9.88ms, total = 478.70ms
[47.835s][debug][gc,stats          ]   Mark Stats Cache: hits 60212 misses 47 ratio 99.922
[47.835s][debug][gc,stats          ] ---------------------------------------------------------------------
[47.835s][debug][gc,stats          ] Marking Stats, task = 1, calls = 1
[47.835s][debug][gc,stats          ]   Elapsed time = 0.08ms, Termination time = 0.06ms
[47.835s][debug][gc,stats          ]   Step Times (cum): num = 55, avg = 0.17ms, sd = 0.21ms max = 0.77ms, total = 9.34ms
[47.835s][debug][gc,stats          ]   Mark Stats Cache: hits 35 misses 2 ratio 94.595
[47.835s][debug][gc,stats          ] ---------------------------------------------------------------------
[47.835s][debug][gc,stats          ] Marking Stats, task = 2, calls = 1
[47.835s][debug][gc,stats          ]   Elapsed time = 0.01ms, Termination time = 0.01ms
[47.835s][debug][gc,stats          ]   Step Times (cum): num = 54, avg = 0.13ms, sd = 0.23ms max = 0.75ms, total = 7.04ms
[47.835s][debug][gc,stats          ]   Mark Stats Cache: hits 119 misses 3 ratio 97.541
[47.835s][debug][gc,stats          ] ---------------------------------------------------------------------
[47.835s][debug][gc,stats          ] Marking Stats, task = 3, calls = 1
[47.835s][debug][gc,stats          ]   Elapsed time = 0.01ms, Termination time = 0.00ms
[47.835s][debug][gc,stats          ]   Step Times (cum): num = 52, avg = 0.01ms, sd = 0.01ms max = 0.08ms, total = 0.29ms
[47.835s][debug][gc,stats          ]   Mark Stats Cache: hits 49 misses 3 ratio 94.231
[47.835s][debug][gc,stats          ] ---------------------------------------------------------------------
[47.835s][debug][gc,phases         ] GC(129) Finalize Marking 0.444ms
[47.835s][debug][gc,phases,start   ] GC(129) Reference Processing
[47.835s][debug][gc,ref            ] GC(129) Skipped phase1 of Reference Processing due to unavailable references
[47.835s][debug][gc,ref            ] GC(129) Skipped phase2 of Reference Processing due to unavailable references
[47.835s][debug][gc,ref            ] GC(129) Skipped phase3 of Reference Processing due to unavailable references
[47.835s][debug][gc,ref            ] GC(129) Skipped phase4 of Reference Processing due to unavailable references
[47.835s][debug][gc,phases,ref     ] GC(129) Reference Processing: 0.1ms
[47.835s][debug][gc,phases,ref     ] GC(129)   Reconsider SoftReferences: 0.0ms
[47.835s][debug][gc,phases,ref     ] GC(129)     SoftRef (ms):             skipped
[47.835s][debug][gc,phases,ref     ] GC(129)   Notify Soft/WeakReferences: 0.0ms
[47.835s][debug][gc,phases,ref     ] GC(129)     SoftRef (ms):             skipped
[47.835s][debug][gc,phases,ref     ] GC(129)     WeakRef (ms):             skipped
[47.835s][debug][gc,phases,ref     ] GC(129)     FinalRef (ms):            skipped
[47.835s][debug][gc,phases,ref     ] GC(129)     Total (ms):               skipped
[47.835s][debug][gc,phases,ref     ] GC(129)   Notify and keep alive finalizable: 0.0ms
[47.835s][debug][gc,phases,ref     ] GC(129)     FinalRef (ms):            skipped
[47.835s][debug][gc,phases,ref     ] GC(129)   Notify PhantomReferences: 0.0ms
[47.835s][debug][gc,phases,ref     ] GC(129)     PhantomRef (ms):          skipped
[47.835s][debug][gc,phases,ref     ] GC(129)   SoftReference:
[47.835s][debug][gc,phases,ref     ] GC(129)     Discovered: 0
[47.835s][debug][gc,phases,ref     ] GC(129)     Cleared: 0
[47.835s][debug][gc,phases,ref     ] GC(129)   WeakReference:
[47.835s][debug][gc,phases,ref     ] GC(129)     Discovered: 0
[47.835s][debug][gc,phases,ref     ] GC(129)     Cleared: 0
[47.835s][debug][gc,phases,ref     ] GC(129)   FinalReference:
[47.835s][debug][gc,phases,ref     ] GC(129)     Discovered: 0
[47.835s][debug][gc,phases,ref     ] GC(129)     Cleared: 0
[47.836s][debug][gc,phases,ref     ] GC(129)   PhantomReference:
[47.836s][debug][gc,phases,ref     ] GC(129)     Discovered: 0
[47.836s][debug][gc,phases,ref     ] GC(129)     Cleared: 0
[47.836s][debug][gc,phases         ] GC(129) Reference Processing 0.413ms
[47.836s][debug][gc,phases,start   ] GC(129) Weak Processing
[47.836s][debug][gc,phases         ] GC(129) Weak Processing 0.039ms
[47.836s][debug][gc,phases,start   ] GC(129) Class Unloading
[47.836s][debug][gc,phases,start   ] GC(129) ClassLoaderData
[47.836s][debug][gc,phases         ] GC(129) ClassLoaderData 0.100ms
[47.836s][debug][gc,phases,start   ] GC(129) ProtectionDomainCacheTable
[47.836s][debug][gc,phases         ] GC(129) ProtectionDomainCacheTable 0.054ms
[47.837s][info ][gc,stringtable    ] GC(129) Cleaned string and symbol table, strings: 6184 processed, 0 removed, symbols: 45233 processed, 0 removed
[47.838s][debug][gc,phases         ] GC(129) Class Unloading 1.906ms
[47.838s][debug][gc,phases,start   ] GC(129) Flush Task Caches
[47.838s][debug][gc,stats          ] Mark stats cache hits 60415 misses 55 ratio 99.909
[47.838s][debug][gc,phases         ] GC(129) Flush Task Caches 0.041ms
[47.838s][debug][gc,phases,start   ] GC(129) Update Remembered Set Tracking Before Rebuild
[47.838s][debug][gc,ergo           ] GC(129) Running G1 Update RemSet Tracking Before Rebuild using 4 workers for 1512 regions in heap
[47.838s][debug][gc,remset,tracking] GC(129) Remembered Set Tracking update regions total 1512, selected 49
[47.838s][debug][gc,phases         ] GC(129) Update Remembered Set Tracking Before Rebuild 0.189ms
[47.838s][debug][gc,phases,start   ] GC(129) Reclaim Empty Regions
[47.838s][debug][gc                ] GC(129) Reclaimed 3 empty regions
[47.838s][debug][gc,phases         ] GC(129) Reclaim Empty Regions 0.198ms
[47.838s][debug][gc,phases,start   ] GC(129) Purge Metaspace
[47.838s][debug][gc,phases         ] GC(129) Purge Metaspace 0.015ms
[47.838s][debug][gc,phases,start   ] GC(129) Report Object Count
[47.838s][debug][gc,phases         ] GC(129) Report Object Count 0.014ms
[47.838s][info ][gc                ] GC(129) Pause Remark 76M->73M(1512M) 3.471ms
[47.838s][info ][gc,cpu            ] GC(129) User=0.01s Sys=0.00s Real=0.01s
[47.838s][info ][gc,marking        ] GC(129) Concurrent Rebuild Remembered Sets
[47.847s][info ][gc,marking        ] GC(129) Concurrent Rebuild Remembered Sets 8.325ms
[47.847s][info ][gc,start          ] GC(129) Pause Cleanup
[47.847s][debug][gc,phases,start   ] GC(129) Update Remembered Set Tracking After Rebuild
[47.847s][debug][gc,phases         ] GC(129) Update Remembered Set Tracking After Rebuild 0.056ms
[47.847s][debug][gc,phases,start   ] GC(129) Finalize Concurrent Mark Cleanup
[47.847s][debug][gc,ergo           ] GC(129) request young-only gcs (reclaimable percentage not over threshold). candidate old regions: 48 reclaimable: 48687904 (3.07) threshold: 5
[47.847s][debug][gc,phases         ] GC(129) Finalize Concurrent Mark Cleanup 0.258ms
[47.847s][info ][gc                ] GC(129) Pause Cleanup 73M->73M(1512M) 0.410ms
[47.847s][info ][gc,cpu            ] GC(129) User=0.00s Sys=0.00s Real=0.00s
[47.847s][info ][gc,marking        ] GC(129) Concurrent Cleanup for Next Mark
[47.847s][debug][gc,ergo           ] GC(129) Running G1 Clear Bitmap with 1 workers for 24 work units.
[47.850s][info ][gc,marking        ] GC(129) Concurrent Cleanup for Next Mark 2.904ms
[47.850s][info ][gc                ] GC(129) Concurrent Cycle 36.772ms
[47.930s][debug][gc,ergo,ihop      ] Request concurrent cycle initiation (occupancy higher than threshold) occupancy: 54525952B allocation request: 524304B threshold: 0B (0.00) source: concurrent humongous allocation
[47.930s][debug][gc,ergo           ] Request concurrent cycle initiation (requested by GC cause). GC cause: G1 Humongous Allocation
[47.930s][debug][gc,heap           ] GC(130) Heap before GC invocations=130 (full 0): garbage-first heap   total 1548288K, used 79872K [0x0000000780000000, 0x0000000800000000)
[47.930s][debug][gc,heap           ] GC(130)   region size 1024K, 27 young (27648K), 16 survivors (16384K)
[47.930s][debug][gc,heap           ] GC(130)  Metaspace       used 13355K, capacity 13746K, committed 13824K, reserved 1060864K
[47.930s][debug][gc,heap           ] GC(130)   class space    used 1352K, capacity 1515K, committed 1536K, reserved 1048576K
[47.930s][debug][gc,ergo           ] GC(130) Initiate concurrent cycle (concurrent cycle initiation requested)
[47.930s][info ][gc,start          ] GC(130) Pause Young (Concurrent Start) (G1 Humongous Allocation)
[47.930s][info ][gc,task           ] GC(130) Using 4 workers of 4 for evacuation
[47.931s][debug][gc,tlab           ] GC(130) TLAB totals: thrds: 1  refills: 31 max: 31 slow allocs: 3 max 3 waste:  0.9% gc: 80072B max: 80072B slow: 17672B max: 17672B fast: 0B max: 0B
[47.931s][debug][gc,alloc,region   ] GC(130) Mutator Allocation stats, regions: 11, wasted size: 0B ( 0.0%)
[47.931s][debug][gc,age            ] GC(130) Desired survivor size 23592960 bytes, new threshold 15 (max threshold 15)
[47.931s][debug][gc,ergo,cset      ] GC(130) Finish choosing CSet. old: 0 regions, predicted old region time: 0.00ms, time remaining: 176.72
[47.931s][debug][gc,task,stats     ] GC(130) GC Termination Stats
[47.931s][debug][gc,task,stats     ] GC(130)      elapsed  --strong roots-- -------termination------- ------waste (KiB)------
[47.931s][debug][gc,task,stats     ] GC(130) thr     ms        ms      %        ms      %    attempts  total   alloc    undo
[47.931s][debug][gc,task,stats     ] GC(130) --- --------- --------- ------ --------- ------ -------- ------- ------- -------
[47.951s][debug][gc,task,stats     ] GC(130)   1     19.95      4.24  21.25      0.01   0.07        3       0       0       0
[47.951s][debug][gc,task,stats     ] GC(130)   2     20.14     17.90  88.86      0.01   0.06        5       0       0       0
[47.951s][debug][gc,task,stats     ] GC(130)   3     20.22     17.04  84.25      0.01   0.06        6       0       0       0
[47.951s][debug][gc,task,stats     ] GC(130)   0     20.31     17.33  85.34      0.01   0.04        3       0       0       0
[47.951s][debug][gc,ergo           ] GC(130) Running G1 Clear Card Table Task using 1 workers for 1 units of work for 34 regions.
[47.951s][debug][gc,ref            ] GC(130) Skipped phase1 of Reference Processing due to unavailable references
[47.951s][debug][gc,ref            ] GC(130) Skipped phase2 of Reference Processing due to unavailable references
[47.951s][debug][gc,ref            ] GC(130) Skipped phase3 of Reference Processing due to unavailable references
[47.951s][debug][gc,ref            ] GC(130) Skipped phase4 of Reference Processing due to unavailable references
[47.951s][debug][gc,ergo           ] GC(130) Running G1 Free Collection Set using 1 workers for collection set length 27
[47.952s][debug][gc,humongous      ] GC(130) Live humongous region 8 object size 524304 start 0x0000000780800000  with remset 0 code roots 0 is marked 0 reclaim candidate 0 type array 0
[47.952s][debug][gc,humongous      ] GC(130) Live humongous region 13 object size 1048592 start 0x0000000780d00000  with remset 0 code roots 0 is marked 0 reclaim candidate 0 type array 0
[47.952s][debug][gc,plab           ] GC(130) Young PLAB allocation: allocated: 16777216B, wasted: 696B, unused: 1022064B, used: 15754456B, undo waste: 0B, 
[47.952s][debug][gc,plab           ] GC(130) Young other allocation: region end waste: 0B, regions filled: 16, direct allocated: 0B, failure used: 0B, failure wasted: 0B
[47.952s][debug][gc,plab           ] GC(130) Young sizing: calculated: 3150888B, actual: 3150880B
[47.952s][debug][gc,plab           ] GC(130) Old PLAB allocation: allocated: 0B, wasted: 0B, unused: 0B, used: 0B, undo waste: 0B, 
[47.952s][debug][gc,plab           ] GC(130) Old other allocation: region end waste: 0B, regions filled: 0, direct allocated: 0B, failure used: 0B, failure wasted: 0B
[47.952s][debug][gc,plab           ] GC(130) Old sizing: calculated: 0B, actual: 2064B
[47.952s][debug][gc,ergo,heap      ] GC(130) Attempt heap expansion (recent GC overhead higher than threshold after GC) recent GC overhead: 9.68 % threshold: 7.69 % uncommitted: 562036736B base expansion amount and scale: 112407347B (25.85%)
[47.952s][debug][gc,ergo,heap      ] GC(130) Expand the heap. requested expansion amount: 29054638B expansion amount: 29360128B
[47.952s][debug][gc,ihop           ] GC(130) Target occupancy update: old: 1585446912B, new: 1614807040B
[47.952s][debug][gc,alloc,stats    ] Old generation allocation in the last mutator period, old gen allocated: 0B, humongous allocated: 3145728B,old gen growth: 0B.
[47.952s][debug][gc,ihop           ] GC(130) Basic information (value update), threshold: 14340511B (0.89), target occupancy: 1614807040B, current occupancy: 71303168B, recent allocation size: 3145728B, recent allocation duration: 115.99ms, recent old gen allocation rate: 27120139.43B/s, recent marking phase length: 232.15ms
[47.952s][debug][gc,ihop           ] GC(130) Adaptive IHOP information (value update), threshold: 14340511B (0.93), internal target occupancy: 1534066688B, occupancy: 71303168B, additional buffer size: 399507456B, predicted old gen allocation rate: 3155762122.65B/s, predicted marking phase length: 354.98ms, prediction active: true
[47.952s][debug][gc,ergo,refine    ] GC(130) Updated Refinement Zones: green: 50, yellow: 150, red: 250
[47.952s][info ][gc,phases         ] GC(130)   Pre Evacuate Collection Set: 0.1ms
[47.952s][debug][gc,phases         ] GC(130)     Prepare TLABs: 0.0ms
[47.952s][debug][gc,phases         ] GC(130)     Choose Collection Set: 0.0ms
[47.952s][debug][gc,phases         ] GC(130)     Humongous Register: 0.0ms
[47.952s][debug][gc,phases         ] GC(130)     Clear Claimed Marks: 0.1ms
[47.952s][info ][gc,phases         ] GC(130)   Evacuate Collection Set: 20.5ms
[47.953s][debug][gc,phases         ] GC(130)     Ext Root Scanning (ms):   Min:  0.4, Avg:  0.4, Max:  0.5, Diff:  0.0, Sum:  1.8, Workers: 4
[47.953s][debug][gc,phases         ] GC(130)     Update RS (ms):           Min:  1.0, Avg:  1.4, Max:  2.3, Diff:  1.3, Sum:  5.6, Workers: 4
[47.953s][debug][gc,phases         ] GC(130)       Processed Buffers:        Min: 2, Avg:  4.5, Max: 8, Diff: 6, Sum: 18, Workers: 4
[47.953s][debug][gc,phases         ] GC(130)       Scanned Cards:            Min: 512, Avg: 775.8, Max: 1566, Diff: 1054, Sum: 3103, Workers: 4
[47.953s][debug][gc,phases         ] GC(130)       Skipped Cards:            Min: 0, Avg: 195.5, Max: 782, Diff: 782, Sum: 782, Workers: 4
[47.953s][debug][gc,phases         ] GC(130)     Scan RS (ms):             Min:  0.0, Avg:  0.1, Max:  0.3, Diff:  0.3, Sum:  0.3, Workers: 4
[47.953s][debug][gc,phases         ] GC(130)       Scanned Cards:            Min: 0, Avg: 37.8, Max: 151, Diff: 151, Sum: 151, Workers: 4
[47.953s][debug][gc,phases         ] GC(130)       Claimed Cards:            Min: 0, Avg: 254.5, Max: 1018, Diff: 1018, Sum: 1018, Workers: 4
[47.953s][debug][gc,phases         ] GC(130)       Skipped Cards:            Min: 0, Avg:  0.0, Max: 0, Diff: 0, Sum: 0, Workers: 4
[47.953s][debug][gc,phases         ] GC(130)     Code Root Scanning (ms):  Min:  0.0, Avg:  0.0, Max:  0.0, Diff:  0.0, Sum:  0.0, Workers: 4
[47.953s][debug][gc,phases         ] GC(130)     JVMCI Root Scan (ms):     skipped
[47.953s][debug][gc,phases         ] GC(130)     Object Copy (ms):         Min: 16.8, Avg: 18.0, Max: 18.5, Diff:  1.6, Sum: 72.0, Workers: 4
[47.953s][debug][gc,phases         ] GC(130)     Termination (ms):         Min:  0.0, Avg:  0.0, Max:  0.0, Diff:  0.0, Sum:  0.0, Workers: 4
[47.953s][debug][gc,phases         ] GC(130)       Termination Attempts:     Min: 3, Avg:  4.2, Max: 6, Diff: 3, Sum: 17, Workers: 4
[47.953s][debug][gc,phases         ] GC(130)     GC Worker Other (ms):     Min:  0.1, Avg:  0.3, Max:  0.4, Diff:  0.3, Sum:  1.2, Workers: 4
[47.953s][debug][gc,phases         ] GC(130)     GC Worker Total (ms):     Min: 20.1, Avg: 20.2, Max: 20.3, Diff:  0.3, Sum: 80.9, Workers: 4
[47.953s][info ][gc,phases         ] GC(130)   Post Evacuate Collection Set: 0.9ms
[47.953s][debug][gc,phases         ] GC(130)     Code Roots Fixup: 0.0ms
[47.953s][debug][gc,phases         ] GC(130)     Clear Card Table: 0.0ms
[47.953s][debug][gc,phases         ] GC(130)     Reference Processing: 0.1ms
[47.953s][debug][gc,phases,ref     ] GC(130)       Reconsider SoftReferences: 0.0ms
[47.953s][debug][gc,phases,ref     ] GC(130)         SoftRef (ms):             skipped
[47.953s][debug][gc,phases,ref     ] GC(130)       Notify Soft/WeakReferences: 0.0ms
[47.953s][debug][gc,phases,ref     ] GC(130)         SoftRef (ms):             skipped
[47.953s][debug][gc,phases,ref     ] GC(130)         WeakRef (ms):             skipped
[47.953s][debug][gc,phases,ref     ] GC(130)         FinalRef (ms):            skipped
[47.953s][debug][gc,phases,ref     ] GC(130)         Total (ms):               skipped
[47.953s][debug][gc,phases,ref     ] GC(130)       Notify and keep alive finalizable: 0.0ms
[47.953s][debug][gc,phases,ref     ] GC(130)         FinalRef (ms):            skipped
[47.953s][debug][gc,phases,ref     ] GC(130)       Notify PhantomReferences: 0.0ms
[47.953s][debug][gc,phases,ref     ] GC(130)         PhantomRef (ms):          skipped
[47.953s][debug][gc,phases,ref     ] GC(130)       SoftReference:
[47.953s][debug][gc,phases,ref     ] GC(130)         Discovered: 0
[47.953s][debug][gc,phases,ref     ] GC(130)         Cleared: 0
[47.953s][debug][gc,phases,ref     ] GC(130)       WeakReference:
[47.953s][debug][gc,phases,ref     ] GC(130)         Discovered: 0
[47.953s][debug][gc,phases,ref     ] GC(130)         Cleared: 0
[47.953s][debug][gc,phases,ref     ] GC(130)       FinalReference:
[47.953s][debug][gc,phases,ref     ] GC(130)         Discovered: 0
[47.953s][debug][gc,phases,ref     ] GC(130)         Cleared: 0
[47.953s][debug][gc,phases,ref     ] GC(130)       PhantomReference:
[47.953s][debug][gc,phases,ref     ] GC(130)         Discovered: 0
[47.953s][debug][gc,phases,ref     ] GC(130)         Cleared: 0
[47.953s][debug][gc,phases         ] GC(130)     Weak Processing: 0.0ms
[47.953s][debug][gc,phases         ] GC(130)     Merge Per-Thread State: 0.0ms
[47.953s][debug][gc,phases         ] GC(130)     Code Roots Purge: 0.0ms
[47.953s][debug][gc,phases         ] GC(130)     Redirty Cards: 0.0ms
[47.953s][debug][gc,phases         ] GC(130)     DerivedPointerTable Update: 0.0ms
[47.953s][debug][gc,phases         ] GC(130)     Free Collection Set: 0.2ms
[47.953s][debug][gc,phases         ] GC(130)     Humongous Reclaim: 0.1ms
[47.953s][debug][gc,phases         ] GC(130)     Start New Collection Set: 0.0ms
[47.953s][debug][gc,phases         ] GC(130)     Resize TLABs: 0.0ms
[47.953s][debug][gc,phases         ] GC(130)     Expand Heap After Collection: 0.4ms
[47.953s][info ][gc,phases         ] GC(130)   Other: 0.7ms
[47.953s][info ][gc,heap           ] GC(130) Eden regions: 11->0(365)
[47.953s][info ][gc,heap           ] GC(130) Survivor regions: 16->16(45)
[47.953s][info ][gc,heap           ] GC(130) Old regions: 49->49
[47.953s][info ][gc,heap           ] GC(130) Humongous regions: 3->3
[47.953s][info ][gc,metaspace      ] GC(130) Metaspace: 13355K->13355K(1060864K)
[47.953s][debug][gc,heap           ] GC(130) Heap after GC invocations=131 (full 0): garbage-first heap   total 1576960K, used 69632K [0x0000000780000000, 0x0000000800000000)
[47.953s][debug][gc,heap           ] GC(130)   region size 1024K, 16 young (16384K), 16 survivors (16384K)
[47.953s][debug][gc,heap           ] GC(130)  Metaspace       used 13355K, capacity 13746K, committed 13824K, reserved 1060864K
[47.953s][debug][gc,heap           ] GC(130)   class space    used 1352K, capacity 1515K, committed 1536K, reserved 1048576K
[47.953s][info ][gc                ] GC(130) Pause Young (Concurrent Start) (G1 Humongous Allocation) 78M->68M(1540M) 22.960ms
[47.953s][info ][gc,cpu            ] GC(130) User=0.07s Sys=0.01s Real=0.02s
[47.954s][info ][gc                ] GC(131) Concurrent Cycle
[47.954s][info ][gc,marking        ] GC(131) Concurrent Clear Claimed Marks
[47.954s][info ][gc,marking        ] GC(131) Concurrent Clear Claimed Marks 0.091ms
[47.954s][info ][gc,marking        ] GC(131) Concurrent Scan Root Regions
[47.954s][debug][gc,ergo           ] GC(131) Running G1 Root Region Scan using 1 workers for 16 work units.
[47.964s][info ][gc,marking        ] GC(131) Concurrent Scan Root Regions 10.510ms
[47.964s][info ][gc,marking        ] GC(131) Concurrent Mark (47.964s)
[47.964s][info ][gc,marking        ] GC(131) Concurrent Mark From Roots
[47.964s][info ][gc,task           ] GC(131) Using 1 workers of 1 for marking
[47.972s][debug][gc,stats          ] ---------------------------------------------------------------------
[47.972s][debug][gc,stats          ] Marking Stats, task = 0, calls = 1
[47.972s][debug][gc,stats          ]   Elapsed time = 7.52ms, Termination time = 0.00ms
[47.972s][debug][gc,stats          ]   Step Times (cum): num = 982, avg = 0.50ms, sd = 1.90ms max = 9.88ms, total = 486.22ms
[47.972s][debug][gc,stats          ]   Mark Stats Cache: hits 60212 misses 47 ratio 99.922
[47.972s][debug][gc,stats          ] ---------------------------------------------------------------------
[47.972s][info ][gc,marking        ] GC(131) Concurrent Mark From Roots 7.731ms
[47.972s][info ][gc,marking        ] GC(131) Concurrent Preclean
[47.972s][debug][gc,ref,start      ] GC(131) Preclean SoftReferences
[47.972s][debug][gc,ref            ] GC(131) Preclean SoftReferences 0.021ms
[47.972s][debug][gc,ref,start      ] GC(131) Preclean WeakReferences
[47.972s][debug][gc,ref            ] GC(131) Preclean WeakReferences 0.023ms
[47.972s][debug][gc,ref,start      ] GC(131) Preclean FinalReferences
[47.972s][debug][gc,ref            ] GC(131) Preclean FinalReferences 0.016ms
[47.972s][debug][gc,ref,start      ] GC(131) Preclean PhantomReferences
[47.972s][debug][gc,ref            ] GC(131) Preclean PhantomReferences 0.017ms
[47.972s][info ][gc,marking        ] GC(131) Concurrent Preclean 0.148ms
[47.972s][info ][gc,marking        ] GC(131) Concurrent Mark (47.964s, 47.972s) 7.923ms
[47.972s][info ][gc,start          ] GC(131) Pause Remark
[47.972s][debug][gc,phases,start   ] GC(131) Finalize Marking
[47.973s][debug][gc,stats          ] ---------------------------------------------------------------------
[47.973s][debug][gc,stats          ] Marking Stats, task = 0, calls = 18
[47.973s][debug][gc,stats          ]   Elapsed time = 0.07ms, Termination time = 0.05ms
[47.973s][debug][gc,stats          ]   Step Times (cum): num = 999, avg = 0.49ms, sd = 1.88ms max = 9.88ms, total = 486.28ms
[47.973s][debug][gc,stats          ]   Mark Stats Cache: hits 60212 misses 47 ratio 99.922
[47.973s][debug][gc,stats          ] ---------------------------------------------------------------------
[47.973s][debug][gc,stats          ] Marking Stats, task = 1, calls = 1
[47.973s][debug][gc,stats          ]   Elapsed time = 0.08ms, Termination time = 0.06ms
[47.973s][debug][gc,stats          ]   Step Times (cum): num = 56, avg = 0.17ms, sd = 0.21ms max = 0.77ms, total = 9.40ms
[47.973s][debug][gc,stats          ]   Mark Stats Cache: hits 94 misses 2 ratio 97.917
[47.973s][debug][gc,stats          ] ---------------------------------------------------------------------
[47.973s][debug][gc,stats          ] Marking Stats, task = 2, calls = 1
[47.973s][debug][gc,stats          ]   Elapsed time = 0.01ms, Termination time = 0.00ms
[47.973s][debug][gc,stats          ]   Step Times (cum): num = 55, avg = 0.13ms, sd = 0.23ms max = 0.75ms, total = 7.04ms
[47.973s][debug][gc,stats          ]   Mark Stats Cache: hits 54 misses 3 ratio 94.737
[47.973s][debug][gc,stats          ] ---------------------------------------------------------------------
[47.973s][debug][gc,stats          ] Marking Stats, task = 3, calls = 1
[47.973s][debug][gc,stats          ]   Elapsed time = 0.01ms, Termination time = 0.00ms
[47.973s][debug][gc,stats          ]   Step Times (cum): num = 53, avg = 0.01ms, sd = 0.01ms max = 0.08ms, total = 0.29ms
[47.973s][debug][gc,stats          ]   Mark Stats Cache: hits 55 misses 3 ratio 94.828
[47.973s][debug][gc,stats          ] ---------------------------------------------------------------------
[47.973s][debug][gc,phases         ] GC(131) Finalize Marking 0.444ms
[47.973s][debug][gc,phases,start   ] GC(131) Reference Processing
[47.973s][debug][gc,ref            ] GC(131) Skipped phase1 of Reference Processing due to unavailable references
[47.973s][debug][gc,ref            ] GC(131) Skipped phase2 of Reference Processing due to unavailable references
[47.973s][debug][gc,ref            ] GC(131) Skipped phase3 of Reference Processing due to unavailable references
[47.973s][debug][gc,ref            ] GC(131) Skipped phase4 of Reference Processing due to unavailable references
[47.973s][debug][gc,phases,ref     ] GC(131) Reference Processing: 0.1ms
[47.973s][debug][gc,phases,ref     ] GC(131)   Reconsider SoftReferences: 0.0ms
[47.973s][debug][gc,phases,ref     ] GC(131)     SoftRef (ms):             skipped
[47.973s][debug][gc,phases,ref     ] GC(131)   Notify Soft/WeakReferences: 0.0ms
[47.973s][debug][gc,phases,ref     ] GC(131)     SoftRef (ms):             skipped
[47.973s][debug][gc,phases,ref     ] GC(131)     WeakRef (ms):             skipped
[47.973s][debug][gc,phases,ref     ] GC(131)     FinalRef (ms):            skipped
[47.973s][debug][gc,phases,ref     ] GC(131)     Total (ms):               skipped
[47.973s][debug][gc,phases,ref     ] GC(131)   Notify and keep alive finalizable: 0.0ms
[47.973s][debug][gc,phases,ref     ] GC(131)     FinalRef (ms):            skipped
[47.973s][debug][gc,phases,ref     ] GC(131)   Notify PhantomReferences: 0.0ms
[47.973s][debug][gc,phases,ref     ] GC(131)     PhantomRef (ms):          skipped
[47.973s][debug][gc,phases,ref     ] GC(131)   SoftReference:
[47.973s][debug][gc,phases,ref     ] GC(131)     Discovered: 0
[47.973s][debug][gc,phases,ref     ] GC(131)     Cleared: 0
[47.973s][debug][gc,phases,ref     ] GC(131)   WeakReference:
[47.973s][debug][gc,phases,ref     ] GC(131)     Discovered: 0
[47.973s][debug][gc,phases,ref     ] GC(131)     Cleared: 0
[47.973s][debug][gc,phases,ref     ] GC(131)   FinalReference:
[47.973s][debug][gc,phases,ref     ] GC(131)     Discovered: 0
[47.973s][debug][gc,phases,ref     ] GC(131)     Cleared: 0
[47.973s][debug][gc,phases,ref     ] GC(131)   PhantomReference:
[47.973s][debug][gc,phases,ref     ] GC(131)     Discovered: 0
[47.973s][debug][gc,phases,ref     ] GC(131)     Cleared: 0
[47.973s][debug][gc,phases         ] GC(131) Reference Processing 0.396ms
[47.973s][debug][gc,phases,start   ] GC(131) Weak Processing
[47.973s][debug][gc,phases         ] GC(131) Weak Processing 0.027ms
[47.973s][debug][gc,phases,start   ] GC(131) Class Unloading
[47.973s][debug][gc,phases,start   ] GC(131) ClassLoaderData
[47.973s][debug][gc,phases         ] GC(131) ClassLoaderData 0.056ms
[47.973s][debug][gc,phases,start   ] GC(131) ProtectionDomainCacheTable
[47.973s][debug][gc,phases         ] GC(131) ProtectionDomainCacheTable 0.015ms
[47.975s][info ][gc,stringtable    ] GC(131) Cleaned string and symbol table, strings: 6184 processed, 0 removed, symbols: 45233 processed, 0 removed
[47.975s][debug][gc,phases         ] GC(131) Class Unloading 1.677ms
[47.975s][debug][gc,phases,start   ] GC(131) Flush Task Caches
[47.975s][debug][gc,stats          ] Mark stats cache hits 60415 misses 55 ratio 99.909
[47.975s][debug][gc,phases         ] GC(131) Flush Task Caches 0.039ms
[47.975s][debug][gc,phases,start   ] GC(131) Update Remembered Set Tracking Before Rebuild
[47.975s][debug][gc,ergo           ] GC(131) Running G1 Update RemSet Tracking Before Rebuild using 4 workers for 1540 regions in heap
[47.975s][debug][gc,remset,tracking] GC(131) Remembered Set Tracking update regions total 1540, selected 49
[47.975s][debug][gc,phases         ] GC(131) Update Remembered Set Tracking Before Rebuild 0.198ms
[47.975s][debug][gc,phases,start   ] GC(131) Reclaim Empty Regions
[47.975s][debug][gc                ] GC(131) Reclaimed 3 empty regions
[47.975s][debug][gc,phases         ] GC(131) Reclaim Empty Regions 0.153ms
[47.975s][debug][gc,phases,start   ] GC(131) Purge Metaspace
[47.975s][debug][gc,phases         ] GC(131) Purge Metaspace 0.014ms
[47.975s][debug][gc,phases,start   ] GC(131) Report Object Count
[47.975s][debug][gc,phases         ] GC(131) Report Object Count 0.014ms
[47.976s][info ][gc                ] GC(131) Pause Remark 76M->73M(1540M) 3.157ms
[47.976s][info ][gc,cpu            ] GC(131) User=0.01s Sys=0.00s Real=0.01s
[47.976s][info ][gc,marking        ] GC(131) Concurrent Rebuild Remembered Sets
[47.984s][info ][gc,marking        ] GC(131) Concurrent Rebuild Remembered Sets 7.994ms
[47.984s][info ][gc,start          ] GC(131) Pause Cleanup
[47.984s][debug][gc,phases,start   ] GC(131) Update Remembered Set Tracking After Rebuild
[47.984s][debug][gc,phases         ] GC(131) Update Remembered Set Tracking After Rebuild 0.063ms
[47.984s][debug][gc,phases,start   ] GC(131) Finalize Concurrent Mark Cleanup
[47.984s][debug][gc,ergo           ] GC(131) request young-only gcs (reclaimable percentage not over threshold). candidate old regions: 48 reclaimable: 48687904 (3.02) threshold: 5
[47.984s][debug][gc,phases         ] GC(131) Finalize Concurrent Mark Cleanup 0.188ms
[47.984s][info ][gc                ] GC(131) Pause Cleanup 73M->73M(1540M) 0.335ms
[47.984s][info ][gc,cpu            ] GC(131) User=0.00s Sys=0.00s Real=0.00s
[47.984s][info ][gc,marking        ] GC(131) Concurrent Cleanup for Next Mark
[47.984s][debug][gc,ergo           ] GC(131) Running G1 Clear Bitmap with 1 workers for 25 work units.
[47.987s][info ][gc,marking        ] GC(131) Concurrent Cleanup for Next Mark 2.990ms
[47.987s][info ][gc                ] GC(131) Concurrent Cycle 33.712ms
[48.077s][debug][gc,ergo,ihop      ] Request concurrent cycle initiation (occupancy higher than threshold) occupancy: 54525952B allocation request: 524304B threshold: 14340511B (0.89) source: concurrent humongous allocation
[48.078s][debug][gc,ergo           ] Request concurrent cycle initiation (requested by GC cause). GC cause: G1 Humongous Allocation
[48.078s][debug][gc,heap           ] GC(132) Heap before GC invocations=132 (full 0): garbage-first heap   total 1576960K, used 79872K [0x0000000780000000, 0x0000000800000000)
[48.078s][debug][gc,heap           ] GC(132)   region size 1024K, 27 young (27648K), 16 survivors (16384K)
[48.078s][debug][gc,heap           ] GC(132)  Metaspace       used 13355K, capacity 13746K, committed 13824K, reserved 1060864K
[48.078s][debug][gc,heap           ] GC(132)   class space    used 1352K, capacity 1515K, committed 1536K, reserved 1048576K
[48.078s][debug][gc,ergo           ] GC(132) Initiate concurrent cycle (concurrent cycle initiation requested)
[48.078s][info ][gc,start          ] GC(132) Pause Young (Concurrent Start) (G1 Humongous Allocation)
[48.078s][info ][gc,task           ] GC(132) Using 4 workers of 4 for evacuation
[48.078s][debug][gc,tlab           ] GC(132) TLAB totals: thrds: 1  refills: 31 max: 31 slow allocs: 3 max 3 waste:  0.9% gc: 80072B max: 80072B slow: 17672B max: 17672B fast: 0B max: 0B
[48.078s][debug][gc,alloc,region   ] GC(132) Mutator Allocation stats, regions: 11, wasted size: 0B ( 0.0%)
[48.078s][debug][gc,age            ] GC(132) Desired survivor size 25165824 bytes, new threshold 15 (max threshold 15)
[48.078s][debug][gc,ergo,cset      ] GC(132) Finish choosing CSet. old: 0 regions, predicted old region time: 0.00ms, time remaining: 168.14
[48.078s][debug][gc,task,stats     ] GC(132) GC Termination Stats
[48.078s][debug][gc,task,stats     ] GC(132)      elapsed  --strong roots-- -------termination------- ------waste (KiB)------
[48.078s][debug][gc,task,stats     ] GC(132) thr     ms        ms      %        ms      %    attempts  total   alloc    undo
[48.078s][debug][gc,task,stats     ] GC(132) --- --------- --------- ------ --------- ------ -------- ------- ------- -------
[48.106s][debug][gc,task,stats     ] GC(132)   3     27.60     23.40  84.78      0.00   0.01        1       0       0       0
[48.106s][debug][gc,task,stats     ] GC(132)   0     27.81      4.55  16.35      0.74   2.66        8       0       0       0
[48.106s][debug][gc,task,stats     ] GC(132)   2     27.95     22.84  81.73      1.09   3.89        1       0       0       0
[48.106s][debug][gc,task,stats     ] GC(132)   1     28.07     19.92  70.97      1.16   4.15        1       0       0       0
[48.106s][debug][gc,ergo           ] GC(132) Running G1 Clear Card Table Task using 1 workers for 1 units of work for 34 regions.
[48.106s][debug][gc,ref            ] GC(132) Skipped phase1 of Reference Processing due to unavailable references
[48.107s][debug][gc,ref            ] GC(132) Skipped phase2 of Reference Processing due to unavailable references
[48.107s][debug][gc,ref            ] GC(132) Skipped phase3 of Reference Processing due to unavailable references
[48.107s][debug][gc,ref            ] GC(132) Skipped phase4 of Reference Processing due to unavailable references
[48.107s][debug][gc,ergo           ] GC(132) Running G1 Free Collection Set using 1 workers for collection set length 27
[48.107s][debug][gc,humongous      ] GC(132) Live humongous region 5 object size 524304 start 0x0000000780500000  with remset 0 code roots 0 is marked 0 reclaim candidate 0 type array 0
[48.107s][debug][gc,humongous      ] GC(132) Live humongous region 6 object size 1048592 start 0x0000000780600000  with remset 0 code roots 0 is marked 0 reclaim candidate 0 type array 0
[48.107s][debug][gc,plab           ] GC(132) Young PLAB allocation: allocated: 16777216B, wasted: 688B, unused: 1022072B, used: 15754456B, undo waste: 0B, 
[48.107s][debug][gc,plab           ] GC(132) Young other allocation: region end waste: 0B, regions filled: 16, direct allocated: 0B, failure used: 0B, failure wasted: 0B
[48.107s][debug][gc,plab           ] GC(132) Young sizing: calculated: 3150888B, actual: 3150880B
[48.107s][debug][gc,plab           ] GC(132) Old PLAB allocation: allocated: 0B, wasted: 0B, unused: 0B, used: 0B, undo waste: 0B, 
[48.107s][debug][gc,plab           ] GC(132) Old other allocation: region end waste: 0B, regions filled: 0, direct allocated: 0B, failure used: 0B, failure wasted: 0B
[48.107s][debug][gc,plab           ] GC(132) Old sizing: calculated: 0B, actual: 2064B
[48.107s][debug][gc,alloc,stats    ] Old generation allocation in the last mutator period, old gen allocated: 0B, humongous allocated: 3145728B,old gen growth: 0B.
[48.107s][debug][gc,ihop           ] GC(132) Basic information (value update), threshold: 105016529B (6.50), target occupancy: 1614807040B, current occupancy: 71303168B, recent allocation size: 3145728B, recent allocation duration: 122.28ms, recent old gen allocation rate: 25725164.82B/s, recent marking phase length: 232.15ms
[48.107s][debug][gc,ihop           ] GC(132) Adaptive IHOP information (value update), threshold: 105016529B (6.85), internal target occupancy: 1534066688B, occupancy: 71303168B, additional buffer size: 346030080B, predicted old gen allocation rate: 3050970028.65B/s, predicted marking phase length: 354.98ms, prediction active: true
[48.107s][debug][gc,ergo,refine    ] GC(132) Updated Refinement Zones: green: 50, yellow: 150, red: 250
[48.107s][info ][gc,phases         ] GC(132)   Pre Evacuate Collection Set: 0.1ms
[48.107s][debug][gc,phases         ] GC(132)     Prepare TLABs: 0.0ms
[48.107s][debug][gc,phases         ] GC(132)     Choose Collection Set: 0.0ms
[48.107s][debug][gc,phases         ] GC(132)     Humongous Register: 0.0ms
[48.107s][debug][gc,phases         ] GC(132)     Clear Claimed Marks: 0.0ms
[48.107s][info ][gc,phases         ] GC(132)   Evacuate Collection Set: 28.2ms
[48.107s][debug][gc,phases         ] GC(132)     Ext Root Scanning (ms):   Min:  0.5, Avg:  0.5, Max:  0.6, Diff:  0.1, Sum:  2.0, Workers: 4
[48.107s][debug][gc,phases         ] GC(132)     Update RS (ms):           Min:  1.0, Avg:  1.3, Max:  2.2, Diff:  1.2, Sum:  5.2, Workers: 4
[48.107s][debug][gc,phases         ] GC(132)       Processed Buffers:        Min: 2, Avg:  4.5, Max: 8, Diff: 6, Sum: 18, Workers: 4
[48.107s][debug][gc,phases         ] GC(132)       Scanned Cards:            Min: 512, Avg: 775.8, Max: 1566, Diff: 1054, Sum: 3103, Workers: 4
[48.107s][debug][gc,phases         ] GC(132)       Skipped Cards:            Min: 0, Avg: 195.5, Max: 782, Diff: 782, Sum: 782, Workers: 4
[48.107s][debug][gc,phases         ] GC(132)     Scan RS (ms):             Min:  0.0, Avg:  0.1, Max:  0.3, Diff:  0.3, Sum:  0.3, Workers: 4
[48.107s][debug][gc,phases         ] GC(132)       Scanned Cards:            Min: 0, Avg: 32.2, Max: 129, Diff: 129, Sum: 129, Workers: 4
[48.107s][debug][gc,phases         ] GC(132)       Claimed Cards:            Min: 0, Avg: 255.0, Max: 1020, Diff: 1020, Sum: 1020, Workers: 4
[48.107s][debug][gc,phases         ] GC(132)       Skipped Cards:            Min: 0, Avg:  0.0, Max: 0, Diff: 0, Sum: 0, Workers: 4
[48.107s][debug][gc,phases         ] GC(132)     Code Root Scanning (ms):  Min:  0.0, Avg:  0.0, Max:  0.0, Diff:  0.0, Sum:  0.0, Workers: 4
[48.107s][debug][gc,phases         ] GC(132)     JVMCI Root Scan (ms):     skipped
[48.107s][debug][gc,phases         ] GC(132)     Object Copy (ms):         Min: 23.8, Avg: 25.2, Max: 26.1, Diff:  2.3, Sum: 100.6, Workers: 4
[48.107s][debug][gc,phases         ] GC(132)     Termination (ms):         Min:  0.0, Avg:  0.7, Max:  1.2, Diff:  1.2, Sum:  3.0, Workers: 4
[48.107s][debug][gc,phases         ] GC(132)       Termination Attempts:     Min: 1, Avg:  2.8, Max: 8, Diff: 7, Sum: 11, Workers: 4
[48.107s][debug][gc,phases         ] GC(132)     GC Worker Other (ms):     Min:  0.0, Avg:  0.1, Max:  0.3, Diff:  0.2, Sum:  0.5, Workers: 4
[48.107s][debug][gc,phases         ] GC(132)     GC Worker Total (ms):     Min: 27.7, Avg: 27.9, Max: 28.1, Diff:  0.4, Sum: 111.7, Workers: 4
[48.108s][info ][gc,phases         ] GC(132)   Post Evacuate Collection Set: 0.4ms
[48.108s][debug][gc,phases         ] GC(132)     Code Roots Fixup: 0.0ms
[48.108s][debug][gc,phases         ] GC(132)     Clear Card Table: 0.0ms
[48.108s][debug][gc,phases         ] GC(132)     Reference Processing: 0.1ms
[48.108s][debug][gc,phases,ref     ] GC(132)       Reconsider SoftReferences: 0.0ms
[48.108s][debug][gc,phases,ref     ] GC(132)         SoftRef (ms):             skipped
[48.108s][debug][gc,phases,ref     ] GC(132)       Notify Soft/WeakReferences: 0.0ms
[48.108s][debug][gc,phases,ref     ] GC(132)         SoftRef (ms):             skipped
[48.108s][debug][gc,phases,ref     ] GC(132)         WeakRef (ms):             skipped
[48.108s][debug][gc,phases,ref     ] GC(132)         FinalRef (ms):            skipped
[48.108s][debug][gc,phases,ref     ] GC(132)         Total (ms):               skipped
[48.108s][debug][gc,phases,ref     ] GC(132)       Notify and keep alive finalizable: 0.0ms
[48.108s][debug][gc,phases,ref     ] GC(132)         FinalRef (ms):            skipped
[48.108s][debug][gc,phases,ref     ] GC(132)       Notify PhantomReferences: 0.0ms
[48.108s][debug][gc,phases,ref     ] GC(132)         PhantomRef (ms):          skipped
[48.108s][debug][gc,phases,ref     ] GC(132)       SoftReference:
[48.108s][debug][gc,phases,ref     ] GC(132)         Discovered: 0
[48.108s][debug][gc,phases,ref     ] GC(132)         Cleared: 0
[48.108s][debug][gc,phases,ref     ] GC(132)       WeakReference:
[48.108s][debug][gc,phases,ref     ] GC(132)         Discovered: 0
[48.108s][debug][gc,phases,ref     ] GC(132)         Cleared: 0
[48.108s][debug][gc,phases,ref     ] GC(132)       FinalReference:
[48.108s][debug][gc,phases,ref     ] GC(132)         Discovered: 0
[48.108s][debug][gc,phases,ref     ] GC(132)         Cleared: 0
[48.108s][debug][gc,phases,ref     ] GC(132)       PhantomReference:
[48.108s][debug][gc,phases,ref     ] GC(132)         Discovered: 0
[48.108s][debug][gc,phases,ref     ] GC(132)         Cleared: 0
[48.108s][debug][gc,phases         ] GC(132)     Weak Processing: 0.0ms
[48.108s][debug][gc,phases         ] GC(132)     Merge Per-Thread State: 0.0ms
[48.108s][debug][gc,phases         ] GC(132)     Code Roots Purge: 0.0ms
[48.108s][debug][gc,phases         ] GC(132)     Redirty Cards: 0.1ms
[48.108s][debug][gc,phases         ] GC(132)     DerivedPointerTable Update: 0.0ms
[48.108s][debug][gc,phases         ] GC(132)     Free Collection Set: 0.2ms
[48.108s][debug][gc,phases         ] GC(132)     Humongous Reclaim: 0.1ms
[48.108s][debug][gc,phases         ] GC(132)     Start New Collection Set: 0.0ms
[48.108s][debug][gc,phases         ] GC(132)     Resize TLABs: 0.0ms
[48.108s][debug][gc,phases         ] GC(132)     Expand Heap After Collection: 0.0ms
[48.108s][info ][gc,phases         ] GC(132)   Other: 0.6ms
[48.108s][info ][gc,heap           ] GC(132) Eden regions: 11->0(314)
[48.108s][info ][gc,heap           ] GC(132) Survivor regions: 16->16(48)
[48.108s][info ][gc,heap           ] GC(132) Old regions: 49->49
[48.108s][info ][gc,heap           ] GC(132) Humongous regions: 3->3
[48.108s][info ][gc,metaspace      ] GC(132) Metaspace: 13355K->13355K(1060864K)
[48.108s][debug][gc,heap           ] GC(132) Heap after GC invocations=133 (full 0): garbage-first heap   total 1576960K, used 69632K [0x0000000780000000, 0x0000000800000000)
[48.109s][debug][gc,heap           ] GC(132)   region size 1024K, 16 young (16384K), 16 survivors (16384K)
[48.109s][debug][gc,heap           ] GC(132)  Metaspace       used 13355K, capacity 13746K, committed 13824K, reserved 1060864K
[48.109s][debug][gc,heap           ] GC(132)   class space    used 1352K, capacity 1515K, committed 1536K, reserved 1048576K
[48.109s][info ][gc                ] GC(132) Pause Young (Concurrent Start) (G1 Humongous Allocation) 78M->68M(1540M) 30.725ms
[48.109s][info ][gc,cpu            ] GC(132) User=0.08s Sys=0.02s Real=0.03s
[48.109s][info ][gc                ] GC(133) Concurrent Cycle
[48.109s][info ][gc,marking        ] GC(133) Concurrent Clear Claimed Marks
[48.109s][info ][gc,marking        ] GC(133) Concurrent Clear Claimed Marks 0.080ms
[48.109s][info ][gc,marking        ] GC(133) Concurrent Scan Root Regions
[48.109s][debug][gc,ergo           ] GC(133) Running G1 Root Region Scan using 1 workers for 16 work units.
[48.122s][info ][gc,marking        ] GC(133) Concurrent Scan Root Regions 13.205ms
[48.122s][info ][gc,marking        ] GC(133) Concurrent Mark (48.122s)
[48.122s][info ][gc,marking        ] GC(133) Concurrent Mark From Roots
[48.122s][info ][gc,task           ] GC(133) Using 1 workers of 1 for marking
[48.131s][debug][gc,stats          ] ---------------------------------------------------------------------
[48.131s][debug][gc,stats          ] Marking Stats, task = 0, calls = 1
[48.131s][debug][gc,stats          ]   Elapsed time = 8.36ms, Termination time = 0.00ms
[48.131s][debug][gc,stats          ]   Step Times (cum): num = 1000, avg = 0.49ms, sd = 1.90ms max = 9.88ms, total = 494.64ms
[48.131s][debug][gc,stats          ]   Mark Stats Cache: hits 60215 misses 47 ratio 99.922
[48.131s][debug][gc,stats          ] ---------------------------------------------------------------------
[48.131s][info ][gc,marking        ] GC(133) Concurrent Mark From Roots 8.606ms
[48.131s][info ][gc,marking        ] GC(133) Concurrent Preclean
[48.131s][debug][gc,ref,start      ] GC(133) Preclean SoftReferences
[48.131s][debug][gc,ref            ] GC(133) Preclean SoftReferences 0.021ms
[48.131s][debug][gc,ref,start      ] GC(133) Preclean WeakReferences
[48.131s][debug][gc,ref            ] GC(133) Preclean WeakReferences 0.022ms
[48.131s][debug][gc,ref,start      ] GC(133) Preclean FinalReferences
[48.131s][debug][gc,ref            ] GC(133) Preclean FinalReferences 0.016ms
[48.131s][debug][gc,ref,start      ] GC(133) Preclean PhantomReferences
[48.131s][debug][gc,ref            ] GC(133) Preclean PhantomReferences 0.016ms
[48.131s][info ][gc,marking        ] GC(133) Concurrent Preclean 0.153ms
[48.131s][info ][gc,marking        ] GC(133) Concurrent Mark (48.122s, 48.131s) 8.806ms
[48.131s][info ][gc,start          ] GC(133) Pause Remark
[48.131s][debug][gc,phases,start   ] GC(133) Finalize Marking
[48.131s][debug][gc,stats          ] ---------------------------------------------------------------------
[48.131s][debug][gc,stats          ] Marking Stats, task = 0, calls = 18
[48.131s][debug][gc,stats          ]   Elapsed time = 0.07ms, Termination time = 0.05ms
[48.131s][debug][gc,stats          ]   Step Times (cum): num = 1017, avg = 0.49ms, sd = 1.88ms max = 9.88ms, total = 494.70ms
[48.131s][debug][gc,stats          ]   Mark Stats Cache: hits 60215 misses 47 ratio 99.922
[48.131s][debug][gc,stats          ] ---------------------------------------------------------------------
[48.131s][debug][gc,stats          ] Marking Stats, task = 1, calls = 1
[48.131s][debug][gc,stats          ]   Elapsed time = 0.08ms, Termination time = 0.06ms
[48.131s][debug][gc,stats          ]   Step Times (cum): num = 57, avg = 0.17ms, sd = 0.21ms max = 0.77ms, total = 9.46ms
[48.131s][debug][gc,stats          ]   Mark Stats Cache: hits 11 misses 1 ratio 91.667
[48.131s][debug][gc,stats          ] ---------------------------------------------------------------------
[48.131s][debug][gc,stats          ] Marking Stats, task = 2, calls = 1
[48.132s][debug][gc,stats          ]   Elapsed time = 0.01ms, Termination time = 0.00ms
[48.132s][debug][gc,stats          ]   Step Times (cum): num = 56, avg = 0.13ms, sd = 0.22ms max = 0.75ms, total = 7.05ms
[48.132s][debug][gc,stats          ]   Mark Stats Cache: hits 78 misses 3 ratio 96.296
[48.132s][debug][gc,stats          ] ---------------------------------------------------------------------
[48.132s][debug][gc,stats          ] Marking Stats, task = 3, calls = 1
[48.132s][debug][gc,stats          ]   Elapsed time = 0.01ms, Termination time = 0.00ms
[48.132s][debug][gc,stats          ]   Step Times (cum): num = 54, avg = 0.01ms, sd = 0.01ms max = 0.08ms, total = 0.30ms
[48.132s][debug][gc,stats          ]   Mark Stats Cache: hits 112 misses 3 ratio 97.391
[48.132s][debug][gc,stats          ] ---------------------------------------------------------------------
[48.132s][debug][gc,phases         ] GC(133) Finalize Marking 0.443ms
[48.132s][debug][gc,phases,start   ] GC(133) Reference Processing
[48.132s][debug][gc,ref            ] GC(133) Skipped phase1 of Reference Processing due to unavailable references
[48.132s][debug][gc,ref            ] GC(133) Skipped phase2 of Reference Processing due to unavailable references
[48.132s][debug][gc,ref            ] GC(133) Skipped phase3 of Reference Processing due to unavailable references
[48.132s][debug][gc,ref            ] GC(133) Skipped phase4 of Reference Processing due to unavailable references
[48.132s][debug][gc,phases,ref     ] GC(133) Reference Processing: 0.1ms
[48.132s][debug][gc,phases,ref     ] GC(133)   Reconsider SoftReferences: 0.0ms
[48.132s][debug][gc,phases,ref     ] GC(133)     SoftRef (ms):             skipped
[48.132s][debug][gc,phases,ref     ] GC(133)   Notify Soft/WeakReferences: 0.0ms
[48.132s][debug][gc,phases,ref     ] GC(133)     SoftRef (ms):             skipped
[48.132s][debug][gc,phases,ref     ] GC(133)     WeakRef (ms):             skipped
[48.132s][debug][gc,phases,ref     ] GC(133)     FinalRef (ms):            skipped
[48.132s][debug][gc,phases,ref     ] GC(133)     Total (ms):               skipped
[48.132s][debug][gc,phases,ref     ] GC(133)   Notify and keep alive finalizable: 0.0ms
[48.132s][debug][gc,phases,ref     ] GC(133)     FinalRef (ms):            skipped
[48.132s][debug][gc,phases,ref     ] GC(133)   Notify PhantomReferences: 0.0ms
[48.132s][debug][gc,phases,ref     ] GC(133)     PhantomRef (ms):          skipped
[48.132s][debug][gc,phases,ref     ] GC(133)   SoftReference:
[48.132s][debug][gc,phases,ref     ] GC(133)     Discovered: 0
[48.132s][debug][gc,phases,ref     ] GC(133)     Cleared: 0
[48.132s][debug][gc,phases,ref     ] GC(133)   WeakReference:
[48.132s][debug][gc,phases,ref     ] GC(133)     Discovered: 0
[48.132s][debug][gc,phases,ref     ] GC(133)     Cleared: 0
[48.132s][debug][gc,phases,ref     ] GC(133)   FinalReference:
[48.132s][debug][gc,phases,ref     ] GC(133)     Discovered: 0
[48.132s][debug][gc,phases,ref     ] GC(133)     Cleared: 0
[48.132s][debug][gc,phases,ref     ] GC(133)   PhantomReference:
[48.132s][debug][gc,phases,ref     ] GC(133)     Discovered: 0
[48.132s][debug][gc,phases,ref     ] GC(133)     Cleared: 0
[48.132s][debug][gc,phases         ] GC(133) Reference Processing 0.406ms
[48.132s][debug][gc,phases,start   ] GC(133) Weak Processing
[48.132s][debug][gc,phases         ] GC(133) Weak Processing 0.028ms
[48.132s][debug][gc,phases,start   ] GC(133) Class Unloading
[48.132s][debug][gc,phases,start   ] GC(133) ClassLoaderData
[48.132s][debug][gc,phases         ] GC(133) ClassLoaderData 0.086ms
[48.132s][debug][gc,phases,start   ] GC(133) ProtectionDomainCacheTable
[48.132s][debug][gc,phases         ] GC(133) ProtectionDomainCacheTable 0.044ms
[48.134s][info ][gc,stringtable    ] GC(133) Cleaned string and symbol table, strings: 6184 processed, 0 removed, symbols: 45233 processed, 0 removed
[48.134s][debug][gc,phases         ] GC(133) Class Unloading 1.774ms
[48.134s][debug][gc,phases,start   ] GC(133) Flush Task Caches
[48.134s][debug][gc,stats          ] Mark stats cache hits 60416 misses 54 ratio 99.911
[48.134s][debug][gc,phases         ] GC(133) Flush Task Caches 0.039ms
[48.134s][debug][gc,phases,start   ] GC(133) Update Remembered Set Tracking Before Rebuild
[48.134s][debug][gc,ergo           ] GC(133) Running G1 Update RemSet Tracking Before Rebuild using 4 workers for 1540 regions in heap
[48.134s][debug][gc,remset,tracking] GC(133) Remembered Set Tracking update regions total 1540, selected 49
[48.134s][debug][gc,phases         ] GC(133) Update Remembered Set Tracking Before Rebuild 0.206ms
[48.134s][debug][gc,phases,start   ] GC(133) Reclaim Empty Regions
[48.134s][debug][gc                ] GC(133) Reclaimed 3 empty regions
[48.134s][debug][gc,phases         ] GC(133) Reclaim Empty Regions 0.152ms
[48.134s][debug][gc,phases,start   ] GC(133) Purge Metaspace
[48.134s][debug][gc,phases         ] GC(133) Purge Metaspace 0.012ms
[48.134s][debug][gc,phases,start   ] GC(133) Report Object Count
[48.134s][debug][gc,phases         ] GC(133) Report Object Count 0.012ms
[48.134s][info ][gc                ] GC(133) Pause Remark 76M->73M(1540M) 3.329ms
[48.134s][info ][gc,cpu            ] GC(133) User=0.00s Sys=0.00s Real=0.00s
[48.135s][info ][gc,marking        ] GC(133) Concurrent Rebuild Remembered Sets
[48.141s][info ][gc,marking        ] GC(133) Concurrent Rebuild Remembered Sets 6.834ms
[48.142s][info ][gc,start          ] GC(133) Pause Cleanup
[48.142s][debug][gc,phases,start   ] GC(133) Update Remembered Set Tracking After Rebuild
[48.142s][debug][gc,phases         ] GC(133) Update Remembered Set Tracking After Rebuild 0.044ms
[48.142s][debug][gc,phases,start   ] GC(133) Finalize Concurrent Mark Cleanup
[48.142s][debug][gc,ergo           ] GC(133) request young-only gcs (reclaimable percentage not over threshold). candidate old regions: 48 reclaimable: 48687904 (3.02) threshold: 5
[48.142s][debug][gc,phases         ] GC(133) Finalize Concurrent Mark Cleanup 0.169ms
[48.142s][info ][gc                ] GC(133) Pause Cleanup 73M->73M(1540M) 0.266ms
[48.142s][info ][gc,cpu            ] GC(133) User=0.00s Sys=0.00s Real=0.00s
[48.142s][info ][gc,marking        ] GC(133) Concurrent Cleanup for Next Mark
[48.142s][debug][gc,ergo           ] GC(133) Running G1 Clear Bitmap with 1 workers for 25 work units.
[48.144s][info ][gc,marking        ] GC(133) Concurrent Cleanup for Next Mark 2.370ms
[48.144s][info ][gc                ] GC(133) Concurrent Cycle 35.540ms
[48.567s][debug][gc,refine         ] Activated worker 0, on threshold: 52, current: 52
[48.568s][debug][gc,refine         ] Deactivated worker 0, off threshold: 50, current: 50, processed: 2
[48.573s][debug][gc,refine         ] Activated worker 0, on threshold: 52, current: 54
[48.575s][debug][gc,refine         ] Deactivated worker 0, off threshold: 50, current: 50, processed: 4
[48.578s][debug][gc,refine         ] Activated worker 0, on threshold: 52, current: 52
[48.579s][debug][gc,refine         ] Deactivated worker 0, off threshold: 50, current: 50, processed: 2
[48.680s][debug][gc,refine         ] Activated worker 0, on threshold: 52, current: 55
[48.684s][debug][gc,refine         ] Deactivated worker 0, off threshold: 50, current: 50, processed: 6
[48.686s][debug][gc,refine         ] Activated worker 0, on threshold: 52, current: 54
[48.686s][debug][gc,refine         ] Deactivated worker 0, off threshold: 50, current: 50, processed: 4
[48.691s][debug][gc,refine         ] Activated worker 0, on threshold: 52, current: 52
[48.691s][debug][gc,refine         ] Deactivated worker 0, off threshold: 50, current: 50, processed: 2
[48.795s][debug][gc,refine         ] Activated worker 0, on threshold: 52, current: 56
[48.796s][debug][gc,refine         ] Deactivated worker 0, off threshold: 50, current: 50, processed: 6
[48.802s][debug][gc,refine         ] Activated worker 0, on threshold: 52, current: 54
[48.803s][debug][gc,refine         ] Deactivated worker 0, off threshold: 50, current: 50, processed: 4
[48.808s][debug][gc,refine         ] Activated worker 0, on threshold: 52, current: 52
[48.808s][debug][gc,refine         ] Deactivated worker 0, off threshold: 50, current: 50, processed: 2
[48.911s][debug][gc,refine         ] Activated worker 0, on threshold: 52, current: 56
[48.915s][debug][gc,refine         ] Deactivated worker 0, off threshold: 50, current: 50, processed: 6
[48.917s][debug][gc,refine         ] Activated worker 0, on threshold: 52, current: 54
[48.917s][debug][gc,refine         ] Deactivated worker 0, off threshold: 50, current: 50, processed: 4
[48.922s][debug][gc,refine         ] Activated worker 0, on threshold: 52, current: 52
[48.922s][debug][gc,refine         ] Deactivated worker 0, off threshold: 50, current: 50, processed: 2
[49.024s][debug][gc,refine         ] Activated worker 0, on threshold: 52, current: 56
[49.028s][debug][gc,refine         ] Deactivated worker 0, off threshold: 50, current: 50, processed: 6
[49.031s][debug][gc,refine         ] Activated worker 0, on threshold: 52, current: 54
[49.032s][debug][gc,refine         ] Deactivated worker 0, off threshold: 50, current: 50, processed: 4
[49.036s][debug][gc,refine         ] Activated worker 0, on threshold: 52, current: 52
[49.036s][debug][gc,refine         ] Deactivated worker 0, off threshold: 50, current: 50, processed: 2
[49.037s][debug][gc,refine         ] Activated worker 0, on threshold: 52, current: 56
[49.040s][debug][gc,refine         ] Deactivated worker 0, off threshold: 50, current: 50, processed: 6
[49.147s][debug][gc,refine         ] Activated worker 0, on threshold: 52, current: 54
[49.147s][debug][gc,refine         ] Deactivated worker 0, off threshold: 50, current: 50, processed: 4
[49.153s][debug][gc,refine         ] Activated worker 0, on threshold: 52, current: 52
[49.153s][debug][gc,refine         ] Deactivated worker 0, off threshold: 50, current: 50, processed: 2
[49.154s][debug][gc,refine         ] Activated worker 0, on threshold: 52, current: 56
[49.158s][debug][gc,refine         ] Deactivated worker 0, off threshold: 50, current: 50, processed: 6
[49.262s][debug][gc,refine         ] Activated worker 0, on threshold: 52, current: 54
[49.263s][debug][gc,refine         ] Deactivated worker 0, off threshold: 50, current: 50, processed: 4
[49.268s][debug][gc,refine         ] Activated worker 0, on threshold: 52, current: 52
[49.268s][debug][gc,refine         ] Deactivated worker 0, off threshold: 50, current: 50, processed: 2
[49.370s][debug][gc,refine         ] Activated worker 0, on threshold: 52, current: 56
[49.374s][debug][gc,refine         ] Deactivated worker 0, off threshold: 50, current: 50, processed: 6
[49.377s][debug][gc,refine         ] Activated worker 0, on threshold: 52, current: 54
[49.377s][debug][gc,refine         ] Deactivated worker 0, off threshold: 50, current: 50, processed: 4
[49.381s][debug][gc,refine         ] Activated worker 0, on threshold: 52, current: 52
[49.381s][debug][gc,refine         ] Deactivated worker 0, off threshold: 50, current: 50, processed: 2
[49.488s][debug][gc,refine         ] Activated worker 0, on threshold: 52, current: 56
[49.492s][debug][gc,refine         ] Deactivated worker 0, off threshold: 50, current: 50, processed: 6
[49.495s][debug][gc,refine         ] Activated worker 0, on threshold: 52, current: 54
[49.495s][debug][gc,refine         ] Deactivated worker 0, off threshold: 50, current: 50, processed: 4
[49.499s][debug][gc,refine         ] Activated worker 0, on threshold: 52, current: 52
[49.500s][debug][gc,refine         ] Deactivated worker 0, off threshold: 50, current: 50, processed: 2
[49.602s][debug][gc,refine         ] Activated worker 0, on threshold: 52, current: 56
[49.607s][debug][gc,refine         ] Deactivated worker 0, off threshold: 50, current: 50, processed: 6
[49.610s][debug][gc,refine         ] Activated worker 0, on threshold: 52, current: 54
[49.611s][debug][gc,refine         ] Deactivated worker 0, off threshold: 50, current: 50, processed: 4
[49.615s][debug][gc,refine         ] Activated worker 0, on threshold: 52, current: 52
[49.616s][debug][gc,refine         ] Deactivated worker 0, off threshold: 50, current: 50, processed: 2
[49.717s][debug][gc,refine         ] Activated worker 0, on threshold: 52, current: 56
[49.721s][debug][gc,refine         ] Deactivated worker 0, off threshold: 50, current: 50, processed: 6
[49.724s][debug][gc,refine         ] Activated worker 0, on threshold: 52, current: 54
[49.724s][debug][gc,refine         ] Deactivated worker 0, off threshold: 50, current: 50, processed: 4
[49.729s][debug][gc,refine         ] Activated worker 0, on threshold: 52, current: 52
[49.729s][debug][gc,refine         ] Deactivated worker 0, off threshold: 50, current: 50, processed: 2
[49.834s][debug][gc,refine         ] Activated worker 0, on threshold: 52, current: 56
[49.838s][debug][gc,refine         ] Deactivated worker 0, off threshold: 50, current: 50, processed: 6
[49.840s][debug][gc,refine         ] Activated worker 0, on threshold: 52, current: 54
[49.841s][debug][gc,refine         ] Deactivated worker 0, off threshold: 50, current: 50, processed: 4
[49.845s][debug][gc,refine         ] Activated worker 0, on threshold: 52, current: 52
[49.846s][debug][gc,refine         ] Deactivated worker 0, off threshold: 50, current: 50, processed: 2
[49.947s][debug][gc,refine         ] Activated worker 0, on threshold: 52, current: 53
[49.952s][debug][gc,refine         ] Deactivated worker 0, off threshold: 50, current: 50, processed: 6
[49.954s][debug][gc,refine         ] Activated worker 0, on threshold: 52, current: 54
[49.954s][debug][gc,refine         ] Deactivated worker 0, off threshold: 50, current: 50, processed: 4
[49.959s][debug][gc,refine         ] Activated worker 0, on threshold: 52, current: 52
[49.959s][debug][gc,refine         ] Deactivated worker 0, off threshold: 50, current: 50, processed: 2
[50.061s][debug][gc,refine         ] Activated worker 0, on threshold: 52, current: 56
[50.065s][debug][gc,refine         ] Deactivated worker 0, off threshold: 50, current: 50, processed: 6
[50.066s][debug][gc,ergo,ihop      ] Request concurrent cycle initiation (occupancy higher than threshold) occupancy: 104857600B allocation request: 524304B threshold: 105016529B (6.50) source: concurrent humongous allocation
[50.066s][debug][gc,ergo           ] Request concurrent cycle initiation (requested by GC cause). GC cause: G1 Humongous Allocation
[50.066s][debug][gc,heap           ] GC(134) Heap before GC invocations=134 (full 0): garbage-first heap   total 1576960K, used 300032K [0x0000000780000000, 0x0000000800000000)
[50.066s][debug][gc,heap           ] GC(134)   region size 1024K, 194 young (198656K), 16 survivors (16384K)
[50.066s][debug][gc,heap           ] GC(134)  Metaspace       used 13361K, capacity 13810K, committed 14080K, reserved 1062912K
[50.066s][debug][gc,heap           ] GC(134)   class space    used 1352K, capacity 1515K, committed 1536K, reserved 1048576K
[50.066s][debug][gc,ergo           ] GC(134) Initiate concurrent cycle (concurrent cycle initiation requested)
[50.066s][info ][gc,start          ] GC(134) Pause Young (Concurrent Start) (G1 Humongous Allocation)
[50.066s][info ][gc,task           ] GC(134) Using 4 workers of 4 for evacuation
[50.066s][debug][gc,tlab           ] GC(134) TLAB totals: thrds: 5  refills: 541 max: 524 slow allocs: 48 max 45 waste:  0.5% gc: 554376B max: 469112B slow: 330720B max: 322840B fast: 0B max: 0B
[50.066s][debug][gc,alloc,region   ] GC(134) Mutator Allocation stats, regions: 178, wasted size: 0B ( 0.0%)
[50.066s][debug][gc,age            ] GC(134) Desired survivor size 24117248 bytes, new threshold 15 (max threshold 15)
[50.066s][debug][gc,ergo,cset      ] GC(134) Finish choosing CSet. old: 0 regions, predicted old region time: 0.00ms, time remaining: 80.45
[50.066s][debug][gc,refine         ] Activated worker 0, on threshold: 52, current: 55
[50.067s][debug][gc,task,stats     ] GC(134) GC Termination Stats
[50.067s][debug][gc,task,stats     ] GC(134)      elapsed  --strong roots-- -------termination------- ------waste (KiB)------
[50.067s][debug][gc,task,stats     ] GC(134) thr     ms        ms      %        ms      %    attempts  total   alloc    undo
[50.067s][debug][gc,task,stats     ] GC(134) --- --------- --------- ------ --------- ------ -------- ------- ------- -------
[50.228s][debug][gc,task,stats     ] GC(134)   1    160.93    157.05  97.59      0.01   0.00        5     281     281       0
[50.228s][debug][gc,task,stats     ] GC(134)   3    160.96    157.30  97.72      0.01   0.01        7     303     303       0
[50.228s][debug][gc,task,stats     ] GC(134)   0    161.03    157.17  97.60      0.00   0.00        4     305     305       0
[50.228s][debug][gc,task,stats     ] GC(134)   2    160.99    158.32  98.34      0.01   0.01        5     311     311       0
[50.228s][debug][gc,ergo           ] GC(134) Running G1 Clear Card Table Task using 1 workers for 1 units of work for 224 regions.
[50.228s][debug][gc,ref            ] GC(134) Skipped phase1 of Reference Processing due to unavailable references
[50.228s][debug][gc,ref            ] GC(134) Skipped phase2 of Reference Processing due to unavailable references
[50.228s][debug][gc,ref            ] GC(134) Skipped phase3 of Reference Processing due to unavailable references
[50.228s][debug][gc,ref            ] GC(134) Skipped phase4 of Reference Processing due to unavailable references
[50.228s][debug][gc,ergo           ] GC(134) Running G1 Free Collection Set using 4 workers for collection set length 194
[50.228s][debug][gc,humongous      ] GC(134) Live humongous region 5 object size 524304 start 0x0000000780500000  with remset 0 code roots 0 is marked 0 reclaim candidate 0 type array 0
[50.228s][debug][gc,humongous      ] GC(134) Live humongous region 6 object size 1048592 start 0x0000000780600000  with remset 0 code roots 0 is marked 0 reclaim candidate 0 type array 0
[50.228s][debug][gc,humongous      ] GC(134) Live humongous region 8 object size 524304 start 0x0000000780800000  with remset 0 code roots 0 is marked 0 reclaim candidate 0 type array 0
[50.228s][debug][gc,humongous      ] GC(134) Live humongous region 13 object size 1048592 start 0x0000000780d00000  with remset 0 code roots 0 is marked 0 reclaim candidate 0 type array 0
[50.228s][debug][gc,humongous      ] GC(134) Live humongous region 17 object size 524304 start 0x0000000781100000  with remset 0 code roots 0 is marked 0 reclaim candidate 0 type array 0
[50.228s][debug][gc,humongous      ] GC(134) Live humongous region 19 object size 1048592 start 0x0000000781300000  with remset 0 code roots 0 is marked 0 reclaim candidate 0 type array 0
[50.228s][debug][gc,humongous      ] GC(134) Live humongous region 22 object size 524304 start 0x0000000781600000  with remset 0 code roots 0 is marked 0 reclaim candidate 0 type array 0
[50.228s][debug][gc,humongous      ] GC(134) Live humongous region 23 object size 1048592 start 0x0000000781700000  with remset 0 code roots 0 is marked 0 reclaim candidate 0 type array 0
[50.228s][debug][gc,humongous      ] GC(134) Live humongous region 25 object size 524304 start 0x0000000781900000  with remset 0 code roots 0 is marked 0 reclaim candidate 0 type array 0
[50.228s][debug][gc,humongous      ] GC(134) Live humongous region 26 object size 1048592 start 0x0000000781a00000  with remset 0 code roots 0 is marked 0 reclaim candidate 0 type array 0
[50.228s][debug][gc,humongous      ] GC(134) Live humongous region 29 object size 524304 start 0x0000000781d00000  with remset 0 code roots 0 is marked 0 reclaim candidate 0 type array 0
[50.228s][debug][gc,humongous      ] GC(134) Live humongous region 30 object size 1048592 start 0x0000000781e00000  with remset 0 code roots 0 is marked 0 reclaim candidate 0 type array 0
[50.228s][debug][gc,humongous      ] GC(134) Live humongous region 32 object size 524304 start 0x0000000782000000  with remset 0 code roots 0 is marked 0 reclaim candidate 0 type array 0
[50.228s][debug][gc,humongous      ] GC(134) Live humongous region 34 object size 1048592 start 0x0000000782200000  with remset 0 code roots 0 is marked 0 reclaim candidate 0 type array 0
[50.228s][debug][gc,humongous      ] GC(134) Live humongous region 36 object size 524304 start 0x0000000782400000  with remset 0 code roots 0 is marked 0 reclaim candidate 0 type array 0
[50.228s][debug][gc,humongous      ] GC(134) Live humongous region 38 object size 1048592 start 0x0000000782600000  with remset 0 code roots 0 is marked 0 reclaim candidate 0 type array 0
[50.228s][debug][gc,humongous      ] GC(134) Live humongous region 40 object size 524304 start 0x0000000782800000  with remset 0 code roots 0 is marked 0 reclaim candidate 0 type array 0
[50.228s][debug][gc,humongous      ] GC(134) Live humongous region 41 object size 1048592 start 0x0000000782900000  with remset 0 code roots 0 is marked 0 reclaim candidate 0 type array 0
[50.228s][debug][gc,humongous      ] GC(134) Live humongous region 43 object size 524304 start 0x0000000782b00000  with remset 0 code roots 0 is marked 0 reclaim candidate 0 type array 0
[50.228s][debug][gc,humongous      ] GC(134) Live humongous region 44 object size 1048592 start 0x0000000782c00000  with remset 0 code roots 0 is marked 0 reclaim candidate 0 type array 0
[50.228s][debug][gc,humongous      ] GC(134) Live humongous region 46 object size 524304 start 0x0000000782e00000  with remset 0 code roots 0 is marked 0 reclaim candidate 0 type array 0
[50.228s][debug][gc,humongous      ] GC(134) Live humongous region 47 object size 524304 start 0x0000000782f00000  with remset 0 code roots 0 is marked 0 reclaim candidate 0 type array 0
[50.228s][debug][gc,humongous      ] GC(134) Live humongous region 49 object size 1048592 start 0x0000000783100000  with remset 0 code roots 0 is marked 0 reclaim candidate 0 type array 0
[50.228s][debug][gc,humongous      ] GC(134) Live humongous region 51 object size 1048592 start 0x0000000783300000  with remset 0 code roots 0 is marked 0 reclaim candidate 0 type array 0
[50.228s][debug][gc,humongous      ] GC(134) Live humongous region 53 object size 524304 start 0x0000000783500000  with remset 0 code roots 0 is marked 0 reclaim candidate 0 type array 0
[50.228s][debug][gc,humongous      ] GC(134) Live humongous region 54 object size 1048592 start 0x0000000783600000  with remset 0 code roots 0 is marked 0 reclaim candidate 0 type array 0
[50.228s][debug][gc,humongous      ] GC(134) Live humongous region 56 object size 524304 start 0x0000000783800000  with remset 0 code roots 0 is marked 0 reclaim candidate 0 type array 0
[50.228s][debug][gc,humongous      ] GC(134) Live humongous region 57 object size 1048592 start 0x0000000783900000  with remset 0 code roots 0 is marked 0 reclaim candidate 0 type array 0
[50.228s][debug][gc,humongous      ] GC(134) Live humongous region 59 object size 524304 start 0x0000000783b00000  with remset 0 code roots 0 is marked 0 reclaim candidate 0 type array 0
[50.228s][debug][gc,humongous      ] GC(134) Live humongous region 61 object size 1048592 start 0x0000000783d00000  with remset 0 code roots 0 is marked 0 reclaim candidate 0 type array 0
[50.228s][debug][gc,humongous      ] GC(134) Live humongous region 63 object size 524304 start 0x0000000783f00000  with remset 0 code roots 0 is marked 0 reclaim candidate 0 type array 0
[50.228s][debug][gc,humongous      ] GC(134) Live humongous region 64 object size 1048592 start 0x0000000784000000  with remset 0 code roots 0 is marked 0 reclaim candidate 0 type array 0
[50.228s][debug][gc,humongous      ] GC(134) Live humongous region 66 object size 524304 start 0x0000000784200000  with remset 0 code roots 0 is marked 0 reclaim candidate 0 type array 0
[50.228s][debug][gc,humongous      ] GC(134) Live humongous region 67 object size 1048592 start 0x0000000784300000  with remset 0 code roots 0 is marked 0 reclaim candidate 0 type array 0
[50.228s][debug][gc,plab           ] GC(134) Young PLAB allocation: allocated: 48234496B, wasted: 2224B, unused: 0B, used: 48232272B, undo waste: 0B, 
[50.228s][debug][gc,plab           ] GC(134) Young other allocation: region end waste: 0B, regions filled: 46, direct allocated: 0B, failure used: 0B, failure wasted: 0B
[50.228s][debug][gc,plab           ] GC(134) Young sizing: calculated: 9646448B, actual: 8022552B
[50.228s][debug][gc,plab           ] GC(134) Old PLAB allocation: allocated: 134991728B, wasted: 1228296B, unused: 3160B, used: 133760272B, undo waste: 0B, 
[50.228s][debug][gc,plab           ] GC(134) Old other allocation: region end waste: 0B, regions filled: 129, direct allocated: 0B, failure used: 0B, failure wasted: 0B
[50.228s][debug][gc,plab           ] GC(134) Old sizing: calculated: 26752048B, actual: 20064040B
[50.228s][debug][gc,alloc,stats    ] Old generation allocation in the last mutator period, old gen allocated: 134991728B, humongous allocated: 53477376B,old gen growth: 185323376B.
[50.228s][debug][gc,ihop           ] GC(134) Basic information (value update), threshold: 207556972B (12.85), target occupancy: 1614807040B, current occupancy: 288083968B, recent allocation size: 188469104B, recent allocation duration: 1955.75ms, recent old gen allocation rate: 96366712.49B/s, recent marking phase length: 232.15ms
[50.228s][debug][gc,ihop           ] GC(134) Adaptive IHOP information (value update), threshold: 207556972B (13.53), internal target occupancy: 1534066688B, occupancy: 288083968B, additional buffer size: 277872640B, predicted old gen allocation rate: 2954109855.76B/s, predicted marking phase length: 354.98ms, prediction active: true
[50.228s][debug][gc,ergo,refine    ] GC(134) Updated Refinement Zones: green: 55, yellow: 165, red: 275
[50.229s][info ][gc,phases         ] GC(134)   Pre Evacuate Collection Set: 0.1ms
[50.229s][debug][gc,phases         ] GC(134)     Prepare TLABs: 0.0ms
[50.229s][debug][gc,phases         ] GC(134)     Choose Collection Set: 0.0ms
[50.229s][debug][gc,phases         ] GC(134)     Humongous Register: 0.0ms
[50.229s][debug][gc,phases         ] GC(134)     Clear Claimed Marks: 0.1ms
[50.229s][info ][gc,phases         ] GC(134)   Evacuate Collection Set: 161.2ms
[50.229s][debug][gc,phases         ] GC(134)     Ext Root Scanning (ms):   Min:  0.4, Avg:  0.4, Max:  0.5, Diff:  0.1, Sum:  1.6, Workers: 4
[50.229s][debug][gc,phases         ] GC(134)     Update RS (ms):           Min:  3.2, Avg:  4.6, Max:  8.2, Diff:  5.0, Sum: 18.6, Workers: 4
[50.229s][debug][gc,phases         ] GC(134)       Processed Buffers:        Min: 8, Avg: 13.8, Max: 26, Diff: 18, Sum: 55, Workers: 4
[50.229s][debug][gc,phases         ] GC(134)       Scanned Cards:            Min: 1603, Avg: 3216.8, Max: 6656, Diff: 5053, Sum: 12867, Workers: 4
[50.229s][debug][gc,phases         ] GC(134)       Skipped Cards:            Min: 0, Avg:  0.0, Max: 0, Diff: 0, Sum: 0, Workers: 4
[50.229s][debug][gc,phases         ] GC(134)     Scan RS (ms):             Min:  4.8, Avg:  4.9, Max:  5.0, Diff:  0.2, Sum: 19.6, Workers: 4
[50.229s][debug][gc,phases         ] GC(134)       Scanned Cards:            Min: 2399, Avg: 2541.8, Max: 2660, Diff: 261, Sum: 10167, Workers: 4
[50.229s][debug][gc,phases         ] GC(134)       Claimed Cards:            Min: 2429, Avg: 2625.5, Max: 2794, Diff: 365, Sum: 10502, Workers: 4
[50.229s][debug][gc,phases         ] GC(134)       Skipped Cards:            Min: 151, Avg: 1588.5, Max: 2688, Diff: 2537, Sum: 6354, Workers: 4
[50.229s][debug][gc,phases         ] GC(134)     Code Root Scanning (ms):  Min:  0.0, Avg:  0.0, Max:  0.0, Diff:  0.0, Sum:  0.1, Workers: 4
[50.229s][debug][gc,phases         ] GC(134)     JVMCI Root Scan (ms):     skipped
[50.229s][debug][gc,phases         ] GC(134)     Object Copy (ms):         Min: 147.4, Avg: 150.9, Max: 152.2, Diff:  4.8, Sum: 603.5, Workers: 4
[50.229s][debug][gc,phases         ] GC(134)     Termination (ms):         Min:  0.0, Avg:  0.0, Max:  0.0, Diff:  0.0, Sum:  0.0, Workers: 4
[50.229s][debug][gc,phases         ] GC(134)       Termination Attempts:     Min: 4, Avg:  5.2, Max: 7, Diff: 3, Sum: 21, Workers: 4
[50.229s][debug][gc,phases         ] GC(134)     GC Worker Other (ms):     Min:  0.1, Avg:  0.2, Max:  0.2, Diff:  0.0, Sum:  0.6, Workers: 4
[50.229s][debug][gc,phases         ] GC(134)     GC Worker Total (ms):     Min: 161.0, Avg: 161.0, Max: 161.0, Diff:  0.1, Sum: 644.0, Workers: 4
[50.229s][info ][gc,phases         ] GC(134)   Post Evacuate Collection Set: 0.7ms
[50.229s][debug][gc,phases         ] GC(134)     Code Roots Fixup: 0.0ms
[50.229s][debug][gc,phases         ] GC(134)     Clear Card Table: 0.1ms
[50.229s][debug][gc,phases         ] GC(134)     Reference Processing: 0.0ms
[50.229s][debug][gc,phases,ref     ] GC(134)       Reconsider SoftReferences: 0.0ms
[50.229s][debug][gc,phases,ref     ] GC(134)         SoftRef (ms):             skipped
[50.229s][debug][gc,phases,ref     ] GC(134)       Notify Soft/WeakReferences: 0.0ms
[50.229s][debug][gc,phases,ref     ] GC(134)         SoftRef (ms):             skipped
[50.229s][debug][gc,phases,ref     ] GC(134)         WeakRef (ms):             skipped
[50.229s][debug][gc,phases,ref     ] GC(134)         FinalRef (ms):            skipped
[50.229s][debug][gc,phases,ref     ] GC(134)         Total (ms):               skipped
[50.229s][debug][gc,phases,ref     ] GC(134)       Notify and keep alive finalizable: 0.0ms
[50.229s][debug][gc,phases,ref     ] GC(134)         FinalRef (ms):            skipped
[50.229s][debug][gc,phases,ref     ] GC(134)       Notify PhantomReferences: 0.0ms
[50.229s][debug][gc,phases,ref     ] GC(134)         PhantomRef (ms):          skipped
[50.229s][debug][gc,phases,ref     ] GC(134)       SoftReference:
[50.229s][debug][gc,phases,ref     ] GC(134)         Discovered: 0
[50.229s][debug][gc,phases,ref     ] GC(134)         Cleared: 0
[50.229s][debug][gc,phases,ref     ] GC(134)       WeakReference:
[50.229s][debug][gc,phases,ref     ] GC(134)         Discovered: 0
[50.229s][debug][gc,phases,ref     ] GC(134)         Cleared: 0
[50.229s][debug][gc,phases,ref     ] GC(134)       FinalReference:
[50.229s][debug][gc,phases,ref     ] GC(134)         Discovered: 0
[50.229s][debug][gc,phases,ref     ] GC(134)         Cleared: 0
[50.229s][debug][gc,phases,ref     ] GC(134)       PhantomReference:
[50.229s][debug][gc,phases,ref     ] GC(134)         Discovered: 0
[50.229s][debug][gc,phases,ref     ] GC(134)         Cleared: 0
[50.229s][debug][gc,phases         ] GC(134)     Weak Processing: 0.0ms
[50.229s][debug][gc,phases         ] GC(134)     Merge Per-Thread State: 0.0ms
[50.229s][debug][gc,phases         ] GC(134)     Code Roots Purge: 0.0ms
[50.229s][debug][gc,phases         ] GC(134)     Redirty Cards: 0.0ms
[50.229s][debug][gc,phases         ] GC(134)     DerivedPointerTable Update: 0.0ms
[50.229s][debug][gc,phases         ] GC(134)     Free Collection Set: 0.2ms
[50.229s][debug][gc,phases         ] GC(134)     Humongous Reclaim: 0.3ms
[50.229s][debug][gc,phases         ] GC(134)     Start New Collection Set: 0.0ms
[50.229s][debug][gc,phases         ] GC(134)     Resize TLABs: 0.0ms
[50.229s][debug][gc,phases         ] GC(134)     Expand Heap After Collection: 0.0ms
[50.229s][info ][gc,phases         ] GC(134)   Other: 0.6ms
[50.229s][info ][gc,heap           ] GC(134) Eden regions: 178->0(219)
[50.229s][info ][gc,heap           ] GC(134) Survivor regions: 16->46(46)
[50.229s][info ][gc,heap           ] GC(134) Old regions: 49->178
[50.229s][info ][gc,heap           ] GC(134) Humongous regions: 51->51
[50.229s][info ][gc,metaspace      ] GC(134) Metaspace: 13361K->13361K(1062912K)
[50.229s][debug][gc,heap           ] GC(134) Heap after GC invocations=135 (full 0): garbage-first heap   total 1576960K, used 281332K [0x0000000780000000, 0x0000000800000000)
[50.229s][debug][gc,heap           ] GC(134)   region size 1024K, 46 young (47104K), 46 survivors (47104K)
[50.229s][debug][gc,heap           ] GC(134)  Metaspace       used 13361K, capacity 13810K, committed 14080K, reserved 1062912K
[50.229s][debug][gc,heap           ] GC(134)   class space    used 1352K, capacity 1515K, committed 1536K, reserved 1048576K
[50.229s][info ][gc                ] GC(134) Pause Young (Concurrent Start) (G1 Humongous Allocation) 294M->274M(1540M) 162.974ms
[50.229s][info ][gc,cpu            ] GC(134) User=0.58s Sys=0.00s Real=0.16s
[50.229s][debug][gc,refine         ] Deactivated worker 0, off threshold: 55, current: 16, processed: 0
[50.229s][info ][gc                ] GC(135) Concurrent Cycle
[50.229s][info ][gc,marking        ] GC(135) Concurrent Clear Claimed Marks
[50.229s][info ][gc,marking        ] GC(135) Concurrent Clear Claimed Marks 0.049ms
[50.229s][info ][gc,marking        ] GC(135) Concurrent Scan Root Regions
[50.229s][debug][gc,ergo           ] GC(135) Running G1 Root Region Scan using 1 workers for 46 work units.
[50.246s][info ][gc,marking        ] GC(135) Concurrent Scan Root Regions 16.346ms
[50.246s][info ][gc,marking        ] GC(135) Concurrent Mark (50.246s)
[50.246s][info ][gc,marking        ] GC(135) Concurrent Mark From Roots
[50.246s][info ][gc,task           ] GC(135) Using 1 workers of 1 for marking
[50.257s][debug][gc,stats          ] ---------------------------------------------------------------------
[50.258s][debug][gc,stats          ] Marking Stats, task = 0, calls = 2
[50.258s][debug][gc,stats          ]   Elapsed time = 11.79ms, Termination time = 0.00ms
[50.258s][debug][gc,stats          ]   Step Times (cum): num = 1019, avg = 0.50ms, sd = 1.90ms max = 9.90ms, total = 506.49ms
[50.258s][debug][gc,stats          ]   Mark Stats Cache: hits 256704 misses 54 ratio 99.979
[50.258s][debug][gc,stats          ] ---------------------------------------------------------------------
[50.258s][info ][gc,marking        ] GC(135) Concurrent Mark From Roots 11.944ms
[50.258s][info ][gc,marking        ] GC(135) Concurrent Preclean
[50.258s][debug][gc,ref,start      ] GC(135) Preclean SoftReferences
[50.258s][debug][gc,ref            ] GC(135) Preclean SoftReferences 0.012ms
[50.258s][debug][gc,ref,start      ] GC(135) Preclean WeakReferences
[50.258s][debug][gc,ref            ] GC(135) Preclean WeakReferences 0.014ms
[50.258s][debug][gc,ref,start      ] GC(135) Preclean FinalReferences
[50.258s][debug][gc,ref            ] GC(135) Preclean FinalReferences 0.009ms
[50.258s][debug][gc,ref,start      ] GC(135) Preclean PhantomReferences
[50.258s][debug][gc,ref            ] GC(135) Preclean PhantomReferences 0.009ms
[50.258s][info ][gc,marking        ] GC(135) Concurrent Preclean 0.086ms
[50.258s][info ][gc,marking        ] GC(135) Concurrent Mark (50.246s, 50.258s) 12.058ms
[50.258s][info ][gc,start          ] GC(135) Pause Remark
[50.258s][debug][gc,phases,start   ] GC(135) Finalize Marking
[50.258s][debug][gc,stats          ] ---------------------------------------------------------------------
[50.258s][debug][gc,stats          ] Marking Stats, task = 0, calls = 19
[50.258s][debug][gc,stats          ]   Elapsed time = 0.05ms, Termination time = 0.03ms
[50.258s][debug][gc,stats          ]   Step Times (cum): num = 1036, avg = 0.49ms, sd = 1.89ms max = 9.90ms, total = 506.52ms
[50.258s][debug][gc,stats          ]   Mark Stats Cache: hits 256704 misses 54 ratio 99.979
[50.258s][debug][gc,stats          ] ---------------------------------------------------------------------
[50.258s][debug][gc,stats          ] Marking Stats, task = 1, calls = 1
[50.258s][debug][gc,stats          ]   Elapsed time = 0.05ms, Termination time = 0.03ms
[50.258s][debug][gc,stats          ]   Step Times (cum): num = 58, avg = 0.16ms, sd = 0.21ms max = 0.77ms, total = 9.49ms
[50.258s][debug][gc,stats          ]   Mark Stats Cache: hits 38 misses 2 ratio 95.000
[50.258s][debug][gc,stats          ] ---------------------------------------------------------------------
[50.258s][debug][gc,stats          ] Marking Stats, task = 2, calls = 1
[50.258s][debug][gc,stats          ]   Elapsed time = 0.01ms, Termination time = 0.00ms
[50.258s][debug][gc,stats          ]   Step Times (cum): num = 57, avg = 0.12ms, sd = 0.22ms max = 0.75ms, total = 7.05ms
[50.258s][debug][gc,stats          ]   Mark Stats Cache: hits 112 misses 3 ratio 97.391
[50.258s][debug][gc,stats          ] ---------------------------------------------------------------------
[50.258s][debug][gc,stats          ] Marking Stats, task = 3, calls = 1
[50.258s][debug][gc,stats          ]   Elapsed time = 0.01ms, Termination time = 0.00ms
[50.258s][debug][gc,stats          ]   Step Times (cum): num = 55, avg = 0.01ms, sd = 0.01ms max = 0.08ms, total = 0.30ms
[50.258s][debug][gc,stats          ]   Mark Stats Cache: hits 53 misses 3 ratio 94.643
[50.258s][debug][gc,stats          ] ---------------------------------------------------------------------
[50.258s][debug][gc,phases         ] GC(135) Finalize Marking 0.234ms
[50.258s][debug][gc,phases,start   ] GC(135) Reference Processing
[50.258s][debug][gc,ref            ] GC(135) Skipped phase1 of Reference Processing due to unavailable references
[50.258s][debug][gc,ref            ] GC(135) Skipped phase2 of Reference Processing due to unavailable references
[50.258s][debug][gc,ref            ] GC(135) Skipped phase3 of Reference Processing due to unavailable references
[50.258s][debug][gc,ref            ] GC(135) Skipped phase4 of Reference Processing due to unavailable references
[50.258s][debug][gc,phases,ref     ] GC(135) Reference Processing: 0.0ms
[50.258s][debug][gc,phases,ref     ] GC(135)   Reconsider SoftReferences: 0.0ms
[50.258s][debug][gc,phases,ref     ] GC(135)     SoftRef (ms):             skipped
[50.258s][debug][gc,phases,ref     ] GC(135)   Notify Soft/WeakReferences: 0.0ms
[50.258s][debug][gc,phases,ref     ] GC(135)     SoftRef (ms):             skipped
[50.258s][debug][gc,phases,ref     ] GC(135)     WeakRef (ms):             skipped
[50.258s][debug][gc,phases,ref     ] GC(135)     FinalRef (ms):            skipped
[50.258s][debug][gc,phases,ref     ] GC(135)     Total (ms):               skipped
[50.258s][debug][gc,phases,ref     ] GC(135)   Notify and keep alive finalizable: 0.0ms
[50.258s][debug][gc,phases,ref     ] GC(135)     FinalRef (ms):            skipped
[50.258s][debug][gc,phases,ref     ] GC(135)   Notify PhantomReferences: 0.0ms
[50.258s][debug][gc,phases,ref     ] GC(135)     PhantomRef (ms):          skipped
[50.258s][debug][gc,phases,ref     ] GC(135)   SoftReference:
[50.258s][debug][gc,phases,ref     ] GC(135)     Discovered: 0
[50.258s][debug][gc,phases,ref     ] GC(135)     Cleared: 0
[50.258s][debug][gc,phases,ref     ] GC(135)   WeakReference:
[50.258s][debug][gc,phases,ref     ] GC(135)     Discovered: 0
[50.258s][debug][gc,phases,ref     ] GC(135)     Cleared: 0
[50.258s][debug][gc,phases,ref     ] GC(135)   FinalReference:
[50.258s][debug][gc,phases,ref     ] GC(135)     Discovered: 0
[50.258s][debug][gc,phases,ref     ] GC(135)     Cleared: 0
[50.258s][debug][gc,phases,ref     ] GC(135)   PhantomReference:
[50.258s][debug][gc,phases,ref     ] GC(135)     Discovered: 0
[50.258s][debug][gc,phases,ref     ] GC(135)     Cleared: 0
[50.258s][debug][gc,phases         ] GC(135) Reference Processing 0.227ms
[50.258s][debug][gc,phases,start   ] GC(135) Weak Processing
[50.258s][debug][gc,phases         ] GC(135) Weak Processing 0.021ms
[50.258s][debug][gc,phases,start   ] GC(135) Class Unloading
[50.258s][debug][gc,phases,start   ] GC(135) ClassLoaderData
[50.258s][debug][gc,phases         ] GC(135) ClassLoaderData 0.049ms
[50.258s][debug][gc,phases,start   ] GC(135) ProtectionDomainCacheTable
[50.258s][debug][gc,phases         ] GC(135) ProtectionDomainCacheTable 0.009ms
[50.259s][info ][gc,stringtable    ] GC(135) Cleaned string and symbol table, strings: 6186 processed, 0 removed, symbols: 45233 processed, 0 removed
[50.259s][debug][gc,phases         ] GC(135) Class Unloading 1.112ms
[50.259s][debug][gc,phases,start   ] GC(135) Flush Task Caches
[50.259s][debug][gc,stats          ] Mark stats cache hits 256907 misses 62 ratio 99.976
[50.259s][debug][gc,phases         ] GC(135) Flush Task Caches 0.025ms
[50.259s][debug][gc,phases,start   ] GC(135) Update Remembered Set Tracking Before Rebuild
[50.259s][debug][gc,ergo           ] GC(135) Running G1 Update RemSet Tracking Before Rebuild using 4 workers for 1540 regions in heap
[50.260s][debug][gc,remset,tracking] GC(135) Remembered Set Tracking update regions total 1540, selected 56
[50.260s][debug][gc,phases         ] GC(135) Update Remembered Set Tracking Before Rebuild 0.177ms
[50.260s][debug][gc,phases,start   ] GC(135) Reclaim Empty Regions
[50.260s][debug][gc                ] GC(135) Reclaimed 173 empty regions
[50.260s][debug][gc,phases         ] GC(135) Reclaim Empty Regions 0.164ms
[50.260s][debug][gc,phases,start   ] GC(135) Purge Metaspace
[50.260s][debug][gc,phases         ] GC(135) Purge Metaspace 0.008ms
[50.260s][debug][gc,phases,start   ] GC(135) Report Object Count
[50.260s][debug][gc,phases         ] GC(135) Report Object Count 0.008ms
[50.260s][info ][gc                ] GC(135) Pause Remark 283M->110M(1540M) 2.104ms
[50.260s][info ][gc,cpu            ] GC(135) User=0.01s Sys=0.00s Real=0.00s
[50.260s][info ][gc,marking        ] GC(135) Concurrent Rebuild Remembered Sets
[50.268s][info ][gc,marking        ] GC(135) Concurrent Rebuild Remembered Sets 8.459ms
[50.269s][info ][gc,start          ] GC(135) Pause Cleanup
[50.269s][debug][gc,phases,start   ] GC(135) Update Remembered Set Tracking After Rebuild
[50.269s][debug][gc,phases         ] GC(135) Update Remembered Set Tracking After Rebuild 0.040ms
[50.269s][debug][gc,phases,start   ] GC(135) Finalize Concurrent Mark Cleanup
[50.269s][debug][gc,ergo           ] GC(135) request young-only gcs (reclaimable percentage not over threshold). candidate old regions: 51 reclaimable: 50610704 (3.13) threshold: 5
[50.269s][debug][gc,phases         ] GC(135) Finalize Concurrent Mark Cleanup 0.143ms
[50.269s][info ][gc                ] GC(135) Pause Cleanup 110M->110M(1540M) 0.224ms
[50.269s][info ][gc,cpu            ] GC(135) User=0.00s Sys=0.00s Real=0.00s
[50.269s][info ][gc,marking        ] GC(135) Concurrent Cleanup for Next Mark
[50.269s][debug][gc,ergo           ] GC(135) Running G1 Clear Bitmap with 1 workers for 25 work units.
[50.271s][info ][gc,marking        ] GC(135) Concurrent Cleanup for Next Mark 2.368ms
[50.271s][info ][gc                ] GC(135) Concurrent Cycle 42.075ms
[50.578s][debug][gc,refine         ] Activated worker 0, on threshold: 57, current: 57
[50.578s][debug][gc,refine         ] Deactivated worker 0, off threshold: 55, current: 55, processed: 2
[50.580s][debug][gc,refine         ] Activated worker 0, on threshold: 57, current: 57
[50.580s][debug][gc,refine         ] Deactivated worker 0, off threshold: 55, current: 55, processed: 2
[50.680s][debug][gc,refine         ] Activated worker 0, on threshold: 57, current: 60
[50.680s][debug][gc,refine         ] Deactivated worker 0, off threshold: 55, current: 55, processed: 5
[50.688s][debug][gc,refine         ] Activated worker 0, on threshold: 57, current: 59
[50.688s][debug][gc,refine         ] Deactivated worker 0, off threshold: 55, current: 55, processed: 4
[50.693s][debug][gc,refine         ] Activated worker 0, on threshold: 57, current: 57
[50.693s][debug][gc,refine         ] Deactivated worker 0, off threshold: 55, current: 55, processed: 2
[50.796s][debug][gc,refine         ] Activated worker 0, on threshold: 57, current: 61
[50.798s][debug][gc,refine         ] Deactivated worker 0, off threshold: 55, current: 55, processed: 6
[50.803s][debug][gc,refine         ] Activated worker 0, on threshold: 57, current: 59
[50.805s][debug][gc,refine         ] Deactivated worker 0, off threshold: 55, current: 55, processed: 4
[50.808s][debug][gc,refine         ] Activated worker 0, on threshold: 57, current: 57
[50.808s][debug][gc,refine         ] Deactivated worker 0, off threshold: 55, current: 55, processed: 2
[50.914s][debug][gc,refine         ] Activated worker 0, on threshold: 57, current: 61
[50.916s][debug][gc,refine         ] Deactivated worker 0, off threshold: 55, current: 55, processed: 6
[50.921s][debug][gc,refine         ] Activated worker 0, on threshold: 57, current: 59
[50.923s][debug][gc,refine         ] Deactivated worker 0, off threshold: 55, current: 55, processed: 4
[50.926s][debug][gc,refine         ] Activated worker 0, on threshold: 57, current: 57
[50.926s][debug][gc,refine         ] Deactivated worker 0, off threshold: 55, current: 55, processed: 2
[51.031s][debug][gc,refine         ] Activated worker 0, on threshold: 57, current: 60
[51.034s][debug][gc,refine         ] Deactivated worker 0, off threshold: 55, current: 55, processed: 6
[51.039s][debug][gc,refine         ] Activated worker 0, on threshold: 57, current: 59
[51.041s][debug][gc,refine         ] Deactivated worker 0, off threshold: 55, current: 55, processed: 4
[51.045s][debug][gc,refine         ] Activated worker 0, on threshold: 57, current: 57
[51.046s][debug][gc,refine         ] Deactivated worker 0, off threshold: 55, current: 55, processed: 2
[51.046s][debug][gc,refine         ] Activated worker 0, on threshold: 57, current: 61
[51.047s][debug][gc,refine         ] Deactivated worker 0, off threshold: 55, current: 55, processed: 6
[51.153s][debug][gc,refine         ] Activated worker 0, on threshold: 57, current: 59
[51.155s][debug][gc,refine         ] Deactivated worker 0, off threshold: 55, current: 55, processed: 4
[51.157s][debug][gc,refine         ] Activated worker 0, on threshold: 57, current: 57
[51.157s][debug][gc,refine         ] Deactivated worker 0, off threshold: 55, current: 55, processed: 2
[51.157s][debug][gc,refine         ] Activated worker 0, on threshold: 57, current: 61
[51.158s][debug][gc,refine         ] Deactivated worker 0, off threshold: 55, current: 55, processed: 6
[51.267s][debug][gc,refine         ] Activated worker 0, on threshold: 57, current: 59
[51.269s][debug][gc,refine         ] Deactivated worker 0, off threshold: 55, current: 55, processed: 4
[51.273s][debug][gc,refine         ] Activated worker 0, on threshold: 57, current: 57
[51.273s][debug][gc,refine         ] Deactivated worker 0, off threshold: 55, current: 55, processed: 2
[51.273s][debug][gc,refine         ] Activated worker 0, on threshold: 57, current: 61
[51.275s][debug][gc,refine         ] Deactivated worker 0, off threshold: 55, current: 55, processed: 6
[51.383s][debug][gc,refine         ] Activated worker 0, on threshold: 57, current: 59
[51.385s][debug][gc,refine         ] Deactivated worker 0, off threshold: 55, current: 55, processed: 4
[51.388s][debug][gc,refine         ] Activated worker 0, on threshold: 57, current: 57
[51.388s][debug][gc,refine         ] Deactivated worker 0, off threshold: 55, current: 55, processed: 2
[51.490s][debug][gc,refine         ] Activated worker 0, on threshold: 57, current: 61
[51.492s][debug][gc,refine         ] Deactivated worker 0, off threshold: 55, current: 55, processed: 6
[51.497s][debug][gc,refine         ] Activated worker 0, on threshold: 57, current: 59
[51.499s][debug][gc,refine         ] Deactivated worker 0, off threshold: 55, current: 55, processed: 4
[51.502s][debug][gc,refine         ] Activated worker 0, on threshold: 57, current: 57
[51.502s][debug][gc,refine         ] Deactivated worker 0, off threshold: 55, current: 55, processed: 2
[51.609s][debug][gc,refine         ] Activated worker 0, on threshold: 57, current: 57
[51.611s][debug][gc,refine         ] Deactivated worker 0, off threshold: 55, current: 55, processed: 6
[51.616s][debug][gc,refine         ] Activated worker 0, on threshold: 57, current: 59
[51.618s][debug][gc,refine         ] Deactivated worker 0, off threshold: 55, current: 55, processed: 4
[51.621s][debug][gc,refine         ] Activated worker 0, on threshold: 57, current: 57
[51.621s][debug][gc,refine         ] Deactivated worker 0, off threshold: 55, current: 55, processed: 2
[51.729s][debug][gc,refine         ] Activated worker 0, on threshold: 57, current: 57
[51.732s][debug][gc,refine         ] Deactivated worker 0, off threshold: 55, current: 55, processed: 6
[51.736s][debug][gc,refine         ] Activated worker 0, on threshold: 57, current: 59
[51.738s][debug][gc,refine         ] Deactivated worker 0, off threshold: 55, current: 55, processed: 4
[51.741s][debug][gc,refine         ] Activated worker 0, on threshold: 57, current: 57
[51.741s][debug][gc,refine         ] Deactivated worker 0, off threshold: 55, current: 55, processed: 2
[51.847s][debug][gc,refine         ] Activated worker 0, on threshold: 57, current: 61
[51.849s][debug][gc,refine         ] Deactivated worker 0, off threshold: 55, current: 55, processed: 6
[51.853s][debug][gc,refine         ] Activated worker 0, on threshold: 57, current: 59
[51.856s][debug][gc,refine         ] Deactivated worker 0, off threshold: 55, current: 55, processed: 4
[51.860s][debug][gc,refine         ] Activated worker 0, on threshold: 57, current: 57
[51.860s][debug][gc,refine         ] Deactivated worker 0, off threshold: 55, current: 55, processed: 2
[51.965s][debug][gc,refine         ] Activated worker 0, on threshold: 57, current: 61
[51.968s][debug][gc,refine         ] Deactivated worker 0, off threshold: 55, current: 55, processed: 6
[51.973s][debug][gc,refine         ] Activated worker 0, on threshold: 57, current: 59
[51.976s][debug][gc,refine         ] Deactivated worker 0, off threshold: 55, current: 55, processed: 4
[51.980s][debug][gc,refine         ] Activated worker 0, on threshold: 57, current: 57
[51.980s][debug][gc,refine         ] Deactivated worker 0, off threshold: 55, current: 55, processed: 2
[52.081s][debug][gc,refine         ] Activated worker 0, on threshold: 57, current: 61
[52.083s][debug][gc,refine         ] Deactivated worker 0, off threshold: 55, current: 55, processed: 6
[52.088s][debug][gc,refine         ] Activated worker 0, on threshold: 57, current: 59
[52.090s][debug][gc,refine         ] Deactivated worker 0, off threshold: 55, current: 55, processed: 4
[52.092s][debug][gc,refine         ] Activated worker 0, on threshold: 57, current: 57
[52.094s][debug][gc,refine         ] Deactivated worker 0, off threshold: 55, current: 55, processed: 8
[52.203s][debug][gc,refine         ] Activated worker 0, on threshold: 57, current: 59
[52.205s][debug][gc,refine         ] Deactivated worker 0, off threshold: 55, current: 55, processed: 4
[52.208s][debug][gc,refine         ] Activated worker 0, on threshold: 57, current: 57
[52.208s][debug][gc,refine         ] Deactivated worker 0, off threshold: 55, current: 55, processed: 2
[52.209s][debug][gc,refine         ] Activated worker 0, on threshold: 57, current: 61
[52.210s][debug][gc,refine         ] Deactivated worker 0, off threshold: 55, current: 55, processed: 6
[52.320s][debug][gc,refine         ] Activated worker 0, on threshold: 57, current: 59
[52.322s][debug][gc,refine         ] Deactivated worker 0, off threshold: 55, current: 55, processed: 4
[52.325s][debug][gc,refine         ] Activated worker 0, on threshold: 57, current: 57
[52.325s][debug][gc,refine         ] Deactivated worker 0, off threshold: 55, current: 55, processed: 2
[52.431s][debug][gc,refine         ] Activated worker 0, on threshold: 57, current: 61
[52.434s][debug][gc,refine         ] Deactivated worker 0, off threshold: 55, current: 55, processed: 6
[52.438s][debug][gc,refine         ] Activated worker 0, on threshold: 57, current: 59
[52.441s][debug][gc,refine         ] Deactivated worker 0, off threshold: 55, current: 55, processed: 4
[52.443s][debug][gc,refine         ] Activated worker 0, on threshold: 57, current: 57
[52.444s][debug][gc,refine         ] Deactivated worker 0, off threshold: 55, current: 55, processed: 2
[52.548s][debug][gc,refine         ] Activated worker 0, on threshold: 57, current: 61
[52.550s][debug][gc,refine         ] Deactivated worker 0, off threshold: 55, current: 55, processed: 6
[52.555s][debug][gc,refine         ] Activated worker 0, on threshold: 57, current: 59
[52.557s][debug][gc,refine         ] Deactivated worker 0, off threshold: 55, current: 55, processed: 4
[52.560s][debug][gc,refine         ] Activated worker 0, on threshold: 57, current: 57
[52.560s][debug][gc,refine         ] Deactivated worker 0, off threshold: 55, current: 55, processed: 2
[52.661s][debug][gc,refine         ] Activated worker 0, on threshold: 57, current: 61
[52.663s][debug][gc,refine         ] Deactivated worker 0, off threshold: 55, current: 55, processed: 6
[52.668s][debug][gc,refine         ] Activated worker 0, on threshold: 57, current: 59
[52.670s][debug][gc,refine         ] Deactivated worker 0, off threshold: 55, current: 55, processed: 4
[52.673s][debug][gc,refine         ] Activated worker 0, on threshold: 57, current: 57
[52.673s][debug][gc,refine         ] Deactivated worker 0, off threshold: 55, current: 55, processed: 2
[52.779s][debug][gc,refine         ] Activated worker 0, on threshold: 57, current: 61
[52.779s][debug][gc,refine         ] Deactivated worker 0, off threshold: 55, current: 55, processed: 6
[52.782s][debug][gc,refine         ] Activated worker 0, on threshold: 57, current: 59
[52.783s][debug][gc,refine         ] Deactivated worker 0, off threshold: 55, current: 55, processed: 4
[52.784s][debug][gc,refine         ] Activated worker 0, on threshold: 57, current: 57
[52.784s][debug][gc,refine         ] Deactivated worker 0, off threshold: 55, current: 55, processed: 2
[52.889s][debug][gc,refine         ] Activated worker 0, on threshold: 57, current: 59
[52.891s][debug][gc,refine         ] Deactivated worker 0, off threshold: 55, current: 55, processed: 6
[52.896s][debug][gc,refine         ] Activated worker 0, on threshold: 57, current: 59
[52.898s][debug][gc,refine         ] Deactivated worker 0, off threshold: 55, current: 55, processed: 4
[52.901s][debug][gc,refine         ] Activated worker 0, on threshold: 57, current: 57
[52.901s][debug][gc,refine         ] Deactivated worker 0, off threshold: 55, current: 55, processed: 2
[53.004s][debug][gc,refine         ] Activated worker 0, on threshold: 57, current: 61
[53.006s][debug][gc,refine         ] Deactivated worker 0, off threshold: 55, current: 55, processed: 6
[53.012s][debug][gc,refine         ] Activated worker 0, on threshold: 57, current: 59
[53.014s][debug][gc,heap           ] GC(136) Heap before GC invocations=136 (full 0): garbage-first heap   total 1576960K, used 436980K [0x0000000780000000, 0x0000000800000000)
[53.014s][debug][gc,heap           ] GC(136)   region size 1024K, 298 young (305152K), 46 survivors (47104K)
[53.014s][debug][gc,heap           ] GC(136)  Metaspace       used 13369K, capacity 13810K, committed 14080K, reserved 1062912K
[53.014s][debug][gc,heap           ] GC(136)   class space    used 1352K, capacity 1515K, committed 1536K, reserved 1048576K
[53.014s][info ][gc,start          ] GC(136) Pause Young (Normal) (G1 Evacuation Pause)
[53.014s][info ][gc,task           ] GC(136) Using 4 workers of 4 for evacuation
[53.014s][debug][gc,tlab           ] GC(136) TLAB totals: thrds: 5  refills: 787 max: 744 slow allocs: 75 max 68 waste:  0.2% gc: 38984B max: 30896B slow: 467240B max: 443696B fast: 0B max: 0B
[53.014s][debug][gc,alloc,region   ] GC(136) Mutator Allocation stats, regions: 252, wasted size: 0B ( 0.0%)
[53.014s][debug][gc,age            ] GC(136) Desired survivor size 19922944 bytes, new threshold 1 (max threshold 15)
[53.014s][debug][gc,ergo,cset      ] GC(136) Finish choosing CSet. old: 0 regions, predicted old region time: 0.00ms, time remaining: 0.00
[53.014s][debug][gc,task,stats     ] GC(136) GC Termination Stats
[53.014s][debug][gc,task,stats     ] GC(136)      elapsed  --strong roots-- -------termination------- ------waste (KiB)------
[53.014s][debug][gc,task,stats     ] GC(136) thr     ms        ms      %        ms      %    attempts  total   alloc    undo
[53.014s][debug][gc,task,stats     ] GC(136) --- --------- --------- ------ --------- ------ -------- ------- ------- -------
[53.205s][debug][gc,task,stats     ] GC(136)   3    190.31    188.95  99.28      0.43   0.23        2       2       2       0
[53.205s][debug][gc,task,stats     ] GC(136)   2    190.70    189.54  99.39      0.98   0.52        1       2       2       0
[53.205s][debug][gc,task,stats     ] GC(136)   0    190.83    190.51  99.84      0.00   0.00        1       2       2       0
[53.205s][debug][gc,task,stats     ] GC(136)   1    190.90    188.35  98.66      0.63   0.33        2       2       2       0
[53.205s][debug][gc,ergo           ] GC(136) Running G1 Clear Card Table Task using 1 workers for 1 units of work for 336 regions.
[53.206s][debug][gc,ref            ] GC(136) Skipped phase1 of Reference Processing due to unavailable references
[53.206s][debug][gc,ref            ] GC(136) Skipped phase2 of Reference Processing due to unavailable references
[53.206s][debug][gc,ref            ] GC(136) Skipped phase3 of Reference Processing due to unavailable references
[53.206s][debug][gc,ref            ] GC(136) Skipped phase4 of Reference Processing due to unavailable references
[53.206s][debug][gc,ergo           ] GC(136) Running G1 Free Collection Set using 4 workers for collection set length 298
[53.206s][debug][gc,humongous      ] GC(136) Live humongous region 5 object size 524304 start 0x0000000780500000  with remset 0 code roots 0 is marked 0 reclaim candidate 0 type array 0
[53.206s][debug][gc,humongous      ] GC(136) Live humongous region 6 object size 1048592 start 0x0000000780600000  with remset 0 code roots 0 is marked 0 reclaim candidate 0 type array 0
[53.206s][debug][gc,humongous      ] GC(136) Live humongous region 8 object size 524304 start 0x0000000780800000  with remset 0 code roots 0 is marked 0 reclaim candidate 0 type array 0
[53.207s][debug][gc,humongous      ] GC(136) Live humongous region 13 object size 1048592 start 0x0000000780d00000  with remset 0 code roots 0 is marked 0 reclaim candidate 0 type array 0
[53.207s][debug][gc,humongous      ] GC(136) Live humongous region 17 object size 524304 start 0x0000000781100000  with remset 0 code roots 0 is marked 0 reclaim candidate 0 type array 0
[53.207s][debug][gc,humongous      ] GC(136) Live humongous region 19 object size 1048592 start 0x0000000781300000  with remset 0 code roots 0 is marked 0 reclaim candidate 0 type array 0
[53.207s][debug][gc,humongous      ] GC(136) Live humongous region 22 object size 524304 start 0x0000000781600000  with remset 0 code roots 0 is marked 0 reclaim candidate 0 type array 0
[53.207s][debug][gc,humongous      ] GC(136) Live humongous region 23 object size 1048592 start 0x0000000781700000  with remset 0 code roots 0 is marked 0 reclaim candidate 0 type array 0
[53.207s][debug][gc,humongous      ] GC(136) Live humongous region 25 object size 524304 start 0x0000000781900000  with remset 0 code roots 0 is marked 0 reclaim candidate 0 type array 0
[53.207s][debug][gc,humongous      ] GC(136) Live humongous region 26 object size 1048592 start 0x0000000781a00000  with remset 0 code roots 0 is marked 0 reclaim candidate 0 type array 0
[53.207s][debug][gc,humongous      ] GC(136) Live humongous region 29 object size 524304 start 0x0000000781d00000  with remset 0 code roots 0 is marked 0 reclaim candidate 0 type array 0
[53.207s][debug][gc,humongous      ] GC(136) Live humongous region 30 object size 1048592 start 0x0000000781e00000  with remset 0 code roots 0 is marked 0 reclaim candidate 0 type array 0
[53.207s][debug][gc,humongous      ] GC(136) Live humongous region 32 object size 524304 start 0x0000000782000000  with remset 0 code roots 0 is marked 0 reclaim candidate 0 type array 0
[53.207s][debug][gc,humongous      ] GC(136) Live humongous region 34 object size 1048592 start 0x0000000782200000  with remset 0 code roots 0 is marked 0 reclaim candidate 0 type array 0
[53.207s][debug][gc,humongous      ] GC(136) Live humongous region 36 object size 524304 start 0x0000000782400000  with remset 0 code roots 0 is marked 0 reclaim candidate 0 type array 0
[53.207s][debug][gc,humongous      ] GC(136) Live humongous region 38 object size 1048592 start 0x0000000782600000  with remset 0 code roots 0 is marked 0 reclaim candidate 0 type array 0
[53.207s][debug][gc,humongous      ] GC(136) Live humongous region 40 object size 524304 start 0x0000000782800000  with remset 0 code roots 0 is marked 0 reclaim candidate 0 type array 0
[53.207s][debug][gc,humongous      ] GC(136) Live humongous region 41 object size 1048592 start 0x0000000782900000  with remset 0 code roots 0 is marked 0 reclaim candidate 0 type array 0
[53.207s][debug][gc,humongous      ] GC(136) Live humongous region 43 object size 524304 start 0x0000000782b00000  with remset 0 code roots 0 is marked 0 reclaim candidate 0 type array 0
[53.207s][debug][gc,humongous      ] GC(136) Live humongous region 44 object size 1048592 start 0x0000000782c00000  with remset 0 code roots 0 is marked 0 reclaim candidate 0 type array 0
[53.207s][debug][gc,humongous      ] GC(136) Live humongous region 46 object size 524304 start 0x0000000782e00000  with remset 0 code roots 0 is marked 0 reclaim candidate 0 type array 0
[53.207s][debug][gc,humongous      ] GC(136) Live humongous region 47 object size 524304 start 0x0000000782f00000  with remset 0 code roots 0 is marked 0 reclaim candidate 0 type array 0
[53.207s][debug][gc,humongous      ] GC(136) Live humongous region 49 object size 1048592 start 0x0000000783100000  with remset 0 code roots 0 is marked 0 reclaim candidate 0 type array 0
[53.207s][debug][gc,humongous      ] GC(136) Live humongous region 51 object size 1048592 start 0x0000000783300000  with remset 0 code roots 0 is marked 0 reclaim candidate 0 type array 0
[53.207s][debug][gc,humongous      ] GC(136) Live humongous region 53 object size 524304 start 0x0000000783500000  with remset 0 code roots 0 is marked 0 reclaim candidate 0 type array 0
[53.207s][debug][gc,humongous      ] GC(136) Live humongous region 54 object size 1048592 start 0x0000000783600000  with remset 0 code roots 0 is marked 0 reclaim candidate 0 type array 0
[53.207s][debug][gc,humongous      ] GC(136) Live humongous region 56 object size 524304 start 0x0000000783800000  with remset 0 code roots 0 is marked 0 reclaim candidate 0 type array 0
[53.207s][debug][gc,humongous      ] GC(136) Live humongous region 57 object size 1048592 start 0x0000000783900000  with remset 0 code roots 0 is marked 0 reclaim candidate 0 type array 0
[53.207s][debug][gc,humongous      ] GC(136) Live humongous region 59 object size 524304 start 0x0000000783b00000  with remset 0 code roots 0 is marked 0 reclaim candidate 0 type array 0
[53.207s][debug][gc,humongous      ] GC(136) Live humongous region 61 object size 1048592 start 0x0000000783d00000  with remset 0 code roots 0 is marked 0 reclaim candidate 0 type array 0
[53.207s][debug][gc,humongous      ] GC(136) Live humongous region 63 object size 524304 start 0x0000000783f00000  with remset 0 code roots 0 is marked 0 reclaim candidate 0 type array 0
[53.207s][debug][gc,humongous      ] GC(136) Live humongous region 64 object size 1048592 start 0x0000000784000000  with remset 0 code roots 0 is marked 0 reclaim candidate 0 type array 0
[53.207s][debug][gc,humongous      ] GC(136) Live humongous region 66 object size 524304 start 0x0000000784200000  with remset 0 code roots 0 is marked 0 reclaim candidate 0 type array 0
[53.207s][debug][gc,humongous      ] GC(136) Live humongous region 67 object size 1048592 start 0x0000000784300000  with remset 0 code roots 0 is marked 0 reclaim candidate 0 type array 0
[53.207s][debug][gc,humongous      ] GC(136) Live humongous region 70 object size 524304 start 0x0000000784600000  with remset 0 code roots 0 is marked 0 reclaim candidate 0 type array 0
[53.207s][debug][gc,humongous      ] GC(136) Live humongous region 71 object size 1048592 start 0x0000000784700000  with remset 0 code roots 0 is marked 0 reclaim candidate 0 type array 0
[53.207s][debug][gc,humongous      ] GC(136) Live humongous region 73 object size 524304 start 0x0000000784900000  with remset 0 code roots 0 is marked 0 reclaim candidate 0 type array 0
[53.207s][debug][gc,humongous      ] GC(136) Live humongous region 74 object size 1048592 start 0x0000000784a00000  with remset 0 code roots 0 is marked 0 reclaim candidate 0 type array 0
[53.207s][debug][gc,humongous      ] GC(136) Live humongous region 76 object size 524304 start 0x0000000784c00000  with remset 0 code roots 0 is marked 0 reclaim candidate 0 type array 0
[53.207s][debug][gc,humongous      ] GC(136) Live humongous region 77 object size 524304 start 0x0000000784d00000  with remset 0 code roots 0 is marked 0 reclaim candidate 0 type array 0
[53.207s][debug][gc,humongous      ] GC(136) Live humongous region 79 object size 1048592 start 0x0000000784f00000  with remset 0 code roots 0 is marked 0 reclaim candidate 0 type array 0
[53.207s][debug][gc,humongous      ] GC(136) Live humongous region 81 object size 1048592 start 0x0000000785100000  with remset 0 code roots 0 is marked 0 reclaim candidate 0 type array 0
[53.207s][debug][gc,humongous      ] GC(136) Live humongous region 83 object size 524304 start 0x0000000785300000  with remset 0 code roots 0 is marked 0 reclaim candidate 0 type array 0
[53.207s][debug][gc,humongous      ] GC(136) Live humongous region 84 object size 1048592 start 0x0000000785400000  with remset 0 code roots 0 is marked 0 reclaim candidate 0 type array 0
[53.207s][debug][gc,humongous      ] GC(136) Live humongous region 86 object size 524304 start 0x0000000785600000  with remset 0 code roots 0 is marked 0 reclaim candidate 0 type array 0
[53.207s][debug][gc,humongous      ] GC(136) Live humongous region 87 object size 1048592 start 0x0000000785700000  with remset 0 code roots 0 is marked 0 reclaim candidate 0 type array 0
[53.207s][debug][gc,humongous      ] GC(136) Live humongous region 89 object size 524304 start 0x0000000785900000  with remset 0 code roots 0 is marked 0 reclaim candidate 0 type array 0
[53.207s][debug][gc,humongous      ] GC(136) Live humongous region 208 object size 524304 start 0x000000078d000000  with remset 0 code roots 0 is marked 0 reclaim candidate 0 type array 0
[53.207s][debug][gc,humongous      ] GC(136) Live humongous region 211 object size 1048592 start 0x000000078d300000  with remset 0 code roots 0 is marked 0 reclaim candidate 0 type array 0
[53.207s][debug][gc,plab           ] GC(136) Young PLAB allocation: allocated: 39845888B, wasted: 1792B, unused: 0B, used: 39844096B, undo waste: 0B, 
[53.207s][debug][gc,plab           ] GC(136) Young other allocation: region end waste: 0B, regions filled: 38, direct allocated: 0B, failure used: 0B, failure wasted: 0B
[53.207s][debug][gc,plab           ] GC(136) Young sizing: calculated: 7968816B, actual: 7982248B
[53.207s][debug][gc,plab           ] GC(136) Old PLAB allocation: allocated: 211562496B, wasted: 9704B, unused: 575728B, used: 210977064B, undo waste: 0B, 
[53.207s][debug][gc,plab           ] GC(136) Old other allocation: region end waste: 0B, regions filled: 203, direct allocated: 0B, failure used: 0B, failure wasted: 0B
[53.207s][debug][gc,plab           ] GC(136) Old sizing: calculated: 42195408B, actual: 36662568B
[53.207s][debug][gc,ergo,ihop      ] GC(136) Request concurrent cycle initiation (occupancy higher than threshold) occupancy: 347078656B allocation request: 0B threshold: 207556972B (12.85) source: end of GC
[53.207s][debug][gc,alloc,stats    ] Old generation allocation in the last mutator period, old gen allocated: 211562496B, humongous allocated: 76546048B,old gen growth: 234631168B.
[53.207s][debug][gc,ihop           ] GC(136) Basic information (value update), threshold: 262890404B (16.28), target occupancy: 1614807040B, current occupancy: 386400256B, recent allocation size: 288108544B, recent allocation duration: 2783.29ms, recent old gen allocation rate: 103513781.56B/s, recent marking phase length: 232.15ms
[53.207s][debug][gc,ihop           ] GC(136) Adaptive IHOP information (value update), threshold: 262890404B (17.14), internal target occupancy: 1534066688B, occupancy: 386400256B, additional buffer size: 255852544B, predicted old gen allocation rate: 2860263035.08B/s, predicted marking phase length: 354.98ms, prediction active: true
[53.207s][debug][gc,ergo,refine    ] GC(136) Updated Refinement Zones: green: 60, yellow: 180, red: 300
[53.207s][info ][gc,phases         ] GC(136)   Pre Evacuate Collection Set: 0.1ms
[53.207s][debug][gc,phases         ] GC(136)     Prepare TLABs: 0.0ms
[53.207s][debug][gc,phases         ] GC(136)     Choose Collection Set: 0.0ms
[53.207s][debug][gc,phases         ] GC(136)     Humongous Register: 0.1ms
[53.207s][info ][gc,phases         ] GC(136)   Evacuate Collection Set: 191.1ms
[53.207s][debug][gc,phases         ] GC(136)     Ext Root Scanning (ms):   Min:  0.0, Avg:  0.1, Max:  0.2, Diff:  0.2, Sum:  0.6, Workers: 4
[53.207s][debug][gc,phases         ] GC(136)     Update RS (ms):           Min:  3.2, Avg:  5.3, Max:  6.3, Diff:  3.1, Sum: 21.2, Workers: 4
[53.207s][debug][gc,phases         ] GC(136)       Processed Buffers:        Min: 8, Avg: 16.0, Max: 20, Diff: 12, Sum: 64, Workers: 4
[53.207s][debug][gc,phases         ] GC(136)       Scanned Cards:            Min: 2048, Avg: 3736.8, Max: 4608, Diff: 2560, Sum: 14947, Workers: 4
[53.207s][debug][gc,phases         ] GC(136)       Skipped Cards:            Min: 0, Avg:  0.2, Max: 1, Diff: 1, Sum: 1, Workers: 4
[53.207s][debug][gc,phases         ] GC(136)     Scan RS (ms):             Min:  6.0, Avg:  6.5, Max:  7.4, Diff:  1.4, Sum: 26.0, Workers: 4
[53.207s][debug][gc,phases         ] GC(136)       Scanned Cards:            Min: 3614, Avg: 3733.0, Max: 3818, Diff: 204, Sum: 14932, Workers: 4
[53.207s][debug][gc,phases         ] GC(136)       Claimed Cards:            Min: 3658, Avg: 3782.8, Max: 3863, Diff: 205, Sum: 15131, Workers: 4
[53.207s][debug][gc,phases         ] GC(136)       Skipped Cards:            Min: 830, Avg: 2771.8, Max: 3991, Diff: 3161, Sum: 11087, Workers: 4
[53.207s][debug][gc,phases         ] GC(136)     Code Root Scanning (ms):  Min:  0.0, Avg:  0.0, Max:  0.0, Diff:  0.0, Sum:  0.1, Workers: 4
[53.207s][debug][gc,phases         ] GC(136)     JVMCI Root Scan (ms):     skipped
[53.207s][debug][gc,phases         ] GC(136)     Object Copy (ms):         Min: 176.1, Avg: 177.9, Max: 181.1, Diff:  5.0, Sum: 711.7, Workers: 4
[53.207s][debug][gc,phases         ] GC(136)     Termination (ms):         Min:  0.0, Avg:  0.5, Max:  1.0, Diff:  1.0, Sum:  2.1, Workers: 4
[53.207s][debug][gc,phases         ] GC(136)       Termination Attempts:     Min: 1, Avg:  1.5, Max: 2, Diff: 1, Sum: 6, Workers: 4
[53.207s][debug][gc,phases         ] GC(136)     GC Worker Other (ms):     Min:  0.2, Avg:  0.4, Max:  0.5, Diff:  0.3, Sum:  1.4, Workers: 4
[53.207s][debug][gc,phases         ] GC(136)     GC Worker Total (ms):     Min: 190.5, Avg: 190.8, Max: 191.0, Diff:  0.5, Sum: 763.1, Workers: 4
[53.207s][info ][gc,phases         ] GC(136)   Post Evacuate Collection Set: 1.5ms
[53.207s][debug][gc,phases         ] GC(136)     Code Roots Fixup: 0.0ms
[53.207s][debug][gc,phases         ] GC(136)     Clear Card Table: 0.3ms
[53.207s][debug][gc,phases         ] GC(136)     Reference Processing: 0.1ms
[53.207s][debug][gc,phases,ref     ] GC(136)       Reconsider SoftReferences: 0.1ms
[53.207s][debug][gc,phases,ref     ] GC(136)         SoftRef (ms):             skipped
[53.207s][debug][gc,phases,ref     ] GC(136)       Notify Soft/WeakReferences: 0.0ms
[53.207s][debug][gc,phases,ref     ] GC(136)         SoftRef (ms):             skipped
[53.207s][debug][gc,phases,ref     ] GC(136)         WeakRef (ms):             skipped
[53.207s][debug][gc,phases,ref     ] GC(136)         FinalRef (ms):            skipped
[53.207s][debug][gc,phases,ref     ] GC(136)         Total (ms):               skipped
[53.207s][debug][gc,phases,ref     ] GC(136)       Notify and keep alive finalizable: 0.0ms
[53.207s][debug][gc,phases,ref     ] GC(136)         FinalRef (ms):            skipped
[53.207s][debug][gc,phases,ref     ] GC(136)       Notify PhantomReferences: 0.0ms
[53.207s][debug][gc,phases,ref     ] GC(136)         PhantomRef (ms):          skipped
[53.207s][debug][gc,phases,ref     ] GC(136)       SoftReference:
[53.207s][debug][gc,phases,ref     ] GC(136)         Discovered: 0
[53.207s][debug][gc,phases,ref     ] GC(136)         Cleared: 0
[53.208s][debug][gc,phases,ref     ] GC(136)       WeakReference:
[53.208s][debug][gc,phases,ref     ] GC(136)         Discovered: 0
[53.208s][debug][gc,phases,ref     ] GC(136)         Cleared: 0
[53.208s][debug][gc,phases,ref     ] GC(136)       FinalReference:
[53.208s][debug][gc,phases,ref     ] GC(136)         Discovered: 0
[53.208s][debug][gc,phases,ref     ] GC(136)         Cleared: 0
[53.208s][debug][gc,phases,ref     ] GC(136)       PhantomReference:
[53.208s][debug][gc,phases,ref     ] GC(136)         Discovered: 0
[53.208s][debug][gc,phases,ref     ] GC(136)         Cleared: 0
[53.208s][debug][gc,phases         ] GC(136)     Weak Processing: 0.0ms
[53.208s][debug][gc,phases         ] GC(136)     Merge Per-Thread State: 0.1ms
[53.208s][debug][gc,phases         ] GC(136)     Code Roots Purge: 0.0ms
[53.208s][debug][gc,phases         ] GC(136)     Redirty Cards: 0.0ms
[53.208s][debug][gc,phases         ] GC(136)     DerivedPointerTable Update: 0.0ms
[53.208s][debug][gc,phases         ] GC(136)     Free Collection Set: 0.3ms
[53.208s][debug][gc,phases         ] GC(136)     Humongous Reclaim: 0.5ms
[53.208s][debug][gc,phases         ] GC(136)     Start New Collection Set: 0.0ms
[53.208s][debug][gc,phases         ] GC(136)     Resize TLABs: 0.0ms
[53.208s][debug][gc,phases         ] GC(136)     Expand Heap After Collection: 0.0ms
[53.208s][info ][gc,phases         ] GC(136)   Other: 0.7ms
[53.208s][info ][gc,heap           ] GC(136) Eden regions: 252->0(206)
[53.208s][info ][gc,heap           ] GC(136) Survivor regions: 46->38(38)
[53.208s][info ][gc,heap           ] GC(136) Old regions: 56->258
[53.208s][info ][gc,heap           ] GC(136) Humongous regions: 73->73
[53.208s][info ][gc,metaspace      ] GC(136) Metaspace: 13369K->13369K(1062912K)
[53.208s][debug][gc,heap           ] GC(136) Heap after GC invocations=137 (full 0): garbage-first heap   total 1576960K, used 377344K [0x0000000780000000, 0x0000000800000000)
[53.208s][debug][gc,heap           ] GC(136)   region size 1024K, 38 young (38912K), 38 survivors (38912K)
[53.208s][debug][gc,heap           ] GC(136)  Metaspace       used 13369K, capacity 13810K, committed 14080K, reserved 1062912K
[53.208s][debug][gc,heap           ] GC(136)   class space    used 1352K, capacity 1515K, committed 1536K, reserved 1048576K
[53.208s][info ][gc                ] GC(136) Pause Young (Normal) (G1 Evacuation Pause) 426M->368M(1540M) 193.882ms
[53.208s][info ][gc,cpu            ] GC(136) User=0.72s Sys=0.00s Real=0.20s
[53.208s][debug][gc,refine         ] Deactivated worker 0, off threshold: 60, current: 14, processed: 1
[53.209s][debug][gc,ergo,ihop      ] Request concurrent cycle initiation (occupancy higher than threshold) occupancy: 347078656B allocation request: 1048592B threshold: 262890404B (16.28) source: concurrent humongous allocation
[53.210s][debug][gc,ergo           ] Request concurrent cycle initiation (requested by GC cause). GC cause: G1 Humongous Allocation
[53.210s][debug][gc,heap           ] GC(137) Heap before GC invocations=137 (full 0): garbage-first heap   total 1576960K, used 380416K [0x0000000780000000, 0x0000000800000000)
[53.210s][debug][gc,heap           ] GC(137)   region size 1024K, 42 young (43008K), 38 survivors (38912K)
[53.210s][debug][gc,heap           ] GC(137)  Metaspace       used 13369K, capacity 13810K, committed 14080K, reserved 1062912K
[53.210s][debug][gc,heap           ] GC(137)   class space    used 1352K, capacity 1515K, committed 1536K, reserved 1048576K
[53.210s][debug][gc,ergo           ] GC(137) Initiate concurrent cycle (concurrent cycle initiation requested)
[53.210s][info ][gc,start          ] GC(137) Pause Young (Concurrent Start) (G1 Humongous Allocation)
[53.210s][info ][gc,task           ] GC(137) Using 4 workers of 4 for evacuation
[53.210s][debug][gc,tlab           ] GC(137) TLAB totals: thrds: 1  refills: 11 max: 11 slow allocs: 1 max 1 waste:  0.7% gc: 18240B max: 18240B slow: 5888B max: 5888B fast: 0B max: 0B
[53.210s][debug][gc,alloc,region   ] GC(137) Mutator Allocation stats, regions: 4, wasted size: 0B ( 0.0%)
[53.211s][debug][gc,age            ] GC(137) Desired survivor size 16252928 bytes, new threshold 1 (max threshold 15)
[53.211s][debug][gc,ergo,cset      ] GC(137) Finish choosing CSet. old: 0 regions, predicted old region time: 0.00ms, time remaining: 158.18
[53.211s][debug][gc,task,stats     ] GC(137) GC Termination Stats
[53.211s][debug][gc,task,stats     ] GC(137)      elapsed  --strong roots-- -------termination------- ------waste (KiB)------
[53.211s][debug][gc,task,stats     ] GC(137) thr     ms        ms      %        ms      %    attempts  total   alloc    undo
[53.211s][debug][gc,task,stats     ] GC(137) --- --------- --------- ------ --------- ------ -------- ------- ------- -------
[53.241s][debug][gc,task,stats     ] GC(137)   3     29.65     25.23  85.10      0.00   0.01        1       0       0       0
[53.241s][debug][gc,task,stats     ] GC(137)   2     29.76     25.13  84.45      0.00   0.01        2       0       0       0
[53.241s][debug][gc,task,stats     ] GC(137)   0     29.80     29.63  99.43      0.00   0.01        1       0       0       0
[53.241s][debug][gc,task,stats     ] GC(137)   1     29.84     25.47  85.34      0.00   0.01        2       0       0       0
[53.241s][debug][gc,ergo           ] GC(137) Running G1 Clear Card Table Task using 1 workers for 1 units of work for 49 regions.
[53.241s][debug][gc,ref            ] GC(137) Skipped phase1 of Reference Processing due to unavailable references
[53.241s][debug][gc,ref            ] GC(137) Skipped phase2 of Reference Processing due to unavailable references
[53.241s][debug][gc,ref            ] GC(137) Skipped phase3 of Reference Processing due to unavailable references
[53.241s][debug][gc,ref            ] GC(137) Skipped phase4 of Reference Processing due to unavailable references
[53.241s][debug][gc,ergo           ] GC(137) Running G1 Free Collection Set using 1 workers for collection set length 42
[53.241s][debug][gc,humongous      ] GC(137) Live humongous region 5 object size 524304 start 0x0000000780500000  with remset 0 code roots 0 is marked 0 reclaim candidate 0 type array 0
[53.241s][debug][gc,humongous      ] GC(137) Live humongous region 6 object size 1048592 start 0x0000000780600000  with remset 0 code roots 0 is marked 0 reclaim candidate 0 type array 0
[53.241s][debug][gc,humongous      ] GC(137) Live humongous region 8 object size 524304 start 0x0000000780800000  with remset 0 code roots 0 is marked 0 reclaim candidate 0 type array 0
[53.241s][debug][gc,humongous      ] GC(137) Live humongous region 13 object size 1048592 start 0x0000000780d00000  with remset 0 code roots 0 is marked 0 reclaim candidate 0 type array 0
[53.241s][debug][gc,humongous      ] GC(137) Live humongous region 17 object size 524304 start 0x0000000781100000  with remset 0 code roots 0 is marked 0 reclaim candidate 0 type array 0
[53.241s][debug][gc,humongous      ] GC(137) Live humongous region 19 object size 1048592 start 0x0000000781300000  with remset 0 code roots 0 is marked 0 reclaim candidate 0 type array 0
[53.241s][debug][gc,humongous      ] GC(137) Live humongous region 22 object size 524304 start 0x0000000781600000  with remset 0 code roots 0 is marked 0 reclaim candidate 0 type array 0
[53.241s][debug][gc,humongous      ] GC(137) Live humongous region 23 object size 1048592 start 0x0000000781700000  with remset 0 code roots 0 is marked 0 reclaim candidate 0 type array 0
[53.241s][debug][gc,humongous      ] GC(137) Live humongous region 25 object size 524304 start 0x0000000781900000  with remset 0 code roots 0 is marked 0 reclaim candidate 0 type array 0
[53.241s][debug][gc,humongous      ] GC(137) Live humongous region 26 object size 1048592 start 0x0000000781a00000  with remset 0 code roots 0 is marked 0 reclaim candidate 0 type array 0
[53.241s][debug][gc,humongous      ] GC(137) Live humongous region 29 object size 524304 start 0x0000000781d00000  with remset 0 code roots 0 is marked 0 reclaim candidate 0 type array 0
[53.241s][debug][gc,humongous      ] GC(137) Live humongous region 30 object size 1048592 start 0x0000000781e00000  with remset 0 code roots 0 is marked 0 reclaim candidate 0 type array 0
[53.241s][debug][gc,humongous      ] GC(137) Live humongous region 32 object size 524304 start 0x0000000782000000  with remset 0 code roots 0 is marked 0 reclaim candidate 0 type array 0
[53.241s][debug][gc,humongous      ] GC(137) Live humongous region 34 object size 1048592 start 0x0000000782200000  with remset 0 code roots 0 is marked 0 reclaim candidate 0 type array 0
[53.241s][debug][gc,humongous      ] GC(137) Live humongous region 36 object size 524304 start 0x0000000782400000  with remset 0 code roots 0 is marked 0 reclaim candidate 0 type array 0
[53.241s][debug][gc,humongous      ] GC(137) Live humongous region 38 object size 1048592 start 0x0000000782600000  with remset 0 code roots 0 is marked 0 reclaim candidate 0 type array 0
[53.241s][debug][gc,humongous      ] GC(137) Live humongous region 40 object size 524304 start 0x0000000782800000  with remset 0 code roots 0 is marked 0 reclaim candidate 0 type array 0
[53.241s][debug][gc,humongous      ] GC(137) Live humongous region 41 object size 1048592 start 0x0000000782900000  with remset 0 code roots 0 is marked 0 reclaim candidate 0 type array 0
[53.241s][debug][gc,humongous      ] GC(137) Live humongous region 43 object size 524304 start 0x0000000782b00000  with remset 0 code roots 0 is marked 0 reclaim candidate 0 type array 0
[53.241s][debug][gc,humongous      ] GC(137) Live humongous region 44 object size 1048592 start 0x0000000782c00000  with remset 0 code roots 0 is marked 0 reclaim candidate 0 type array 0
[53.241s][debug][gc,humongous      ] GC(137) Live humongous region 46 object size 524304 start 0x0000000782e00000  with remset 0 code roots 0 is marked 0 reclaim candidate 0 type array 0
[53.241s][debug][gc,humongous      ] GC(137) Live humongous region 47 object size 524304 start 0x0000000782f00000  with remset 0 code roots 0 is marked 0 reclaim candidate 0 type array 0
[53.241s][debug][gc,humongous      ] GC(137) Live humongous region 49 object size 1048592 start 0x0000000783100000  with remset 0 code roots 0 is marked 0 reclaim candidate 0 type array 0
[53.241s][debug][gc,humongous      ] GC(137) Live humongous region 51 object size 1048592 start 0x0000000783300000  with remset 0 code roots 0 is marked 0 reclaim candidate 0 type array 0
[53.241s][debug][gc,humongous      ] GC(137) Live humongous region 53 object size 524304 start 0x0000000783500000  with remset 0 code roots 0 is marked 0 reclaim candidate 0 type array 0
[53.241s][debug][gc,humongous      ] GC(137) Live humongous region 54 object size 1048592 start 0x0000000783600000  with remset 0 code roots 0 is marked 0 reclaim candidate 0 type array 0
[53.241s][debug][gc,humongous      ] GC(137) Live humongous region 56 object size 524304 start 0x0000000783800000  with remset 0 code roots 0 is marked 0 reclaim candidate 0 type array 0
[53.241s][debug][gc,humongous      ] GC(137) Live humongous region 57 object size 1048592 start 0x0000000783900000  with remset 0 code roots 0 is marked 0 reclaim candidate 0 type array 0
[53.241s][debug][gc,humongous      ] GC(137) Live humongous region 59 object size 524304 start 0x0000000783b00000  with remset 0 code roots 0 is marked 0 reclaim candidate 0 type array 0
[53.241s][debug][gc,humongous      ] GC(137) Live humongous region 61 object size 1048592 start 0x0000000783d00000  with remset 0 code roots 0 is marked 0 reclaim candidate 0 type array 0
[53.241s][debug][gc,humongous      ] GC(137) Live humongous region 63 object size 524304 start 0x0000000783f00000  with remset 0 code roots 0 is marked 0 reclaim candidate 0 type array 0
[53.241s][debug][gc,humongous      ] GC(137) Live humongous region 64 object size 1048592 start 0x0000000784000000  with remset 0 code roots 0 is marked 0 reclaim candidate 0 type array 0
[53.241s][debug][gc,humongous      ] GC(137) Live humongous region 66 object size 524304 start 0x0000000784200000  with remset 0 code roots 0 is marked 0 reclaim candidate 0 type array 0
[53.241s][debug][gc,humongous      ] GC(137) Live humongous region 67 object size 1048592 start 0x0000000784300000  with remset 0 code roots 0 is marked 0 reclaim candidate 0 type array 0
[53.241s][debug][gc,humongous      ] GC(137) Live humongous region 70 object size 524304 start 0x0000000784600000  with remset 0 code roots 0 is marked 0 reclaim candidate 0 type array 0
[53.241s][debug][gc,humongous      ] GC(137) Live humongous region 71 object size 1048592 start 0x0000000784700000  with remset 0 code roots 0 is marked 0 reclaim candidate 0 type array 0
[53.241s][debug][gc,humongous      ] GC(137) Live humongous region 73 object size 524304 start 0x0000000784900000  with remset 0 code roots 0 is marked 0 reclaim candidate 0 type array 0
[53.241s][debug][gc,humongous      ] GC(137) Live humongous region 74 object size 1048592 start 0x0000000784a00000  with remset 0 code roots 0 is marked 0 reclaim candidate 0 type array 0
[53.241s][debug][gc,humongous      ] GC(137) Live humongous region 76 object size 524304 start 0x0000000784c00000  with remset 0 code roots 0 is marked 0 reclaim candidate 0 type array 0
[53.241s][debug][gc,humongous      ] GC(137) Live humongous region 77 object size 524304 start 0x0000000784d00000  with remset 0 code roots 0 is marked 0 reclaim candidate 0 type array 0
[53.241s][debug][gc,humongous      ] GC(137) Live humongous region 79 object size 1048592 start 0x0000000784f00000  with remset 0 code roots 0 is marked 0 reclaim candidate 0 type array 0
[53.241s][debug][gc,humongous      ] GC(137) Live humongous region 81 object size 1048592 start 0x0000000785100000  with remset 0 code roots 0 is marked 0 reclaim candidate 0 type array 0
[53.241s][debug][gc,humongous      ] GC(137) Live humongous region 83 object size 524304 start 0x0000000785300000  with remset 0 code roots 0 is marked 0 reclaim candidate 0 type array 0
[53.241s][debug][gc,humongous      ] GC(137) Live humongous region 84 object size 1048592 start 0x0000000785400000  with remset 0 code roots 0 is marked 0 reclaim candidate 0 type array 0
[53.241s][debug][gc,humongous      ] GC(137) Live humongous region 86 object size 524304 start 0x0000000785600000  with remset 0 code roots 0 is marked 0 reclaim candidate 0 type array 0
[53.241s][debug][gc,humongous      ] GC(137) Live humongous region 87 object size 1048592 start 0x0000000785700000  with remset 0 code roots 0 is marked 0 reclaim candidate 0 type array 0
[53.241s][debug][gc,humongous      ] GC(137) Live humongous region 89 object size 524304 start 0x0000000785900000  with remset 0 code roots 0 is marked 1 reclaim candidate 0 type array 0
[53.241s][debug][gc,humongous      ] GC(137) Live humongous region 208 object size 524304 start 0x000000078d000000  with remset 0 code roots 0 is marked 0 reclaim candidate 0 type array 0
[53.241s][debug][gc,humongous      ] GC(137) Live humongous region 211 object size 1048592 start 0x000000078d300000  with remset 0 code roots 0 is marked 0 reclaim candidate 0 type array 0
[53.241s][debug][gc,plab           ] GC(137) Young PLAB allocation: allocated: 4718592B, wasted: 160B, unused: 1070496B, used: 3647936B, undo waste: 0B, 
[53.241s][debug][gc,plab           ] GC(137) Young other allocation: region end waste: 0B, regions filled: 5, direct allocated: 0B, failure used: 0B, failure wasted: 0B
[53.241s][debug][gc,plab           ] GC(137) Young sizing: calculated: 729584B, actual: 2542744B
[53.241s][debug][gc,plab           ] GC(137) Old PLAB allocation: allocated: 40894464B, wasted: 1808B, unused: 1048560B, used: 39844096B, undo waste: 0B, 
[53.241s][debug][gc,plab           ] GC(137) Old other allocation: region end waste: 0B, regions filled: 40, direct allocated: 0B, failure used: 0B, failure wasted: 0B
[53.241s][debug][gc,plab           ] GC(137) Old sizing: calculated: 7968816B, actual: 15142248B
[53.241s][debug][gc,ergo,heap      ] GC(137) Attempt heap expansion (recent GC overhead higher than threshold after GC) recent GC overhead: 8.74 % threshold: 7.69 % uncommitted: 532676608B base expansion amount and scale: 106535321B (162.81%)
[53.241s][debug][gc,ergo,heap      ] GC(137) Expand the heap. requested expansion amount: 173453080B expansion amount: 174063616B
[53.243s][debug][gc,ihop           ] GC(137) Target occupancy update: old: 1614807040B, new: 1788870656B
[53.243s][debug][gc,alloc,stats    ] Old generation allocation in the last mutator period, old gen allocated: 40894464B, humongous allocated: 0B,old gen growth: 40894464B.
[53.243s][debug][gc,ihop           ] GC(137) Basic information (value update), threshold: 214639554B (12.00), target occupancy: 1788870656B, current occupancy: 392167424B, recent allocation size: 40894464B, recent allocation duration: 3.48ms, recent old gen allocation rate: 11746189367.87B/s, recent marking phase length: 232.15ms
[53.243s][debug][gc,ihop           ] GC(137) Adaptive IHOP information (value update), threshold: 214639554B (12.63), internal target occupancy: 1699427123B, occupancy: 392167424B, additional buffer size: 178257920B, predicted old gen allocation rate: 3680617632.75B/s, predicted marking phase length: 354.98ms, prediction active: true
[53.243s][debug][gc,ergo,refine    ] GC(137) Updated Refinement Zones: green: 60, yellow: 180, red: 300
[53.243s][info ][gc,phases         ] GC(137)   Pre Evacuate Collection Set: 0.1ms
[53.243s][debug][gc,phases         ] GC(137)     Prepare TLABs: 0.1ms
[53.243s][debug][gc,phases         ] GC(137)     Choose Collection Set: 0.0ms
[53.243s][debug][gc,phases         ] GC(137)     Humongous Register: 0.0ms
[53.243s][debug][gc,phases         ] GC(137)     Clear Claimed Marks: 0.0ms
[53.243s][info ][gc,phases         ] GC(137)   Evacuate Collection Set: 30.0ms
[53.243s][debug][gc,phases         ] GC(137)     Ext Root Scanning (ms):   Min:  0.4, Avg:  0.9, Max:  2.6, Diff:  2.2, Sum:  3.7, Workers: 4
[53.243s][debug][gc,phases         ] GC(137)     Update RS (ms):           Min:  1.1, Avg:  1.5, Max:  1.9, Diff:  0.8, Sum:  5.9, Workers: 4
[53.243s][debug][gc,phases         ] GC(137)       Processed Buffers:        Min: 3, Avg:  4.0, Max: 5, Diff: 2, Sum: 16, Workers: 4
[53.243s][debug][gc,phases         ] GC(137)       Scanned Cards:            Min: 732, Avg: 819.2, Max: 1024, Diff: 292, Sum: 3277, Workers: 4
[53.243s][debug][gc,phases         ] GC(137)       Skipped Cards:            Min: 0, Avg:  0.0, Max: 0, Diff: 0, Sum: 0, Workers: 4
[53.243s][debug][gc,phases         ] GC(137)     Scan RS (ms):             Min:  0.0, Avg:  0.0, Max:  0.0, Diff:  0.0, Sum:  0.0, Workers: 4
[53.243s][debug][gc,phases         ] GC(137)       Scanned Cards:            Min: 0, Avg:  0.0, Max: 0, Diff: 0, Sum: 0, Workers: 4
[53.243s][debug][gc,phases         ] GC(137)       Claimed Cards:            Min: 0, Avg:  0.0, Max: 0, Diff: 0, Sum: 0, Workers: 4
[53.243s][debug][gc,phases         ] GC(137)       Skipped Cards:            Min: 0, Avg:  0.0, Max: 0, Diff: 0, Sum: 0, Workers: 4
[53.243s][debug][gc,phases         ] GC(137)     Code Root Scanning (ms):  Min:  0.0, Avg:  0.0, Max:  0.0, Diff:  0.0, Sum:  0.0, Workers: 4
[53.243s][debug][gc,phases         ] GC(137)     JVMCI Root Scan (ms):     skipped
[53.243s][debug][gc,phases         ] GC(137)     Object Copy (ms):         Min: 25.9, Avg: 27.2, Max: 27.9, Diff:  2.0, Sum: 108.9, Workers: 4
[53.243s][debug][gc,phases         ] GC(137)     Termination (ms):         Min:  0.0, Avg:  0.0, Max:  0.0, Diff:  0.0, Sum:  0.0, Workers: 4
[53.243s][debug][gc,phases         ] GC(137)       Termination Attempts:     Min: 1, Avg:  1.5, Max: 2, Diff: 1, Sum: 6, Workers: 4
[53.243s][debug][gc,phases         ] GC(137)     GC Worker Other (ms):     Min:  0.1, Avg:  0.2, Max:  0.2, Diff:  0.1, Sum:  0.7, Workers: 4
[53.243s][debug][gc,phases         ] GC(137)     GC Worker Total (ms):     Min: 29.7, Avg: 29.8, Max: 29.9, Diff:  0.1, Sum: 119.2, Workers: 4
[53.243s][info ][gc,phases         ] GC(137)   Post Evacuate Collection Set: 2.1ms
[53.243s][debug][gc,phases         ] GC(137)     Code Roots Fixup: 0.0ms
[53.243s][debug][gc,phases         ] GC(137)     Clear Card Table: 0.0ms
[53.243s][debug][gc,phases         ] GC(137)     Reference Processing: 0.0ms
[53.243s][debug][gc,phases,ref     ] GC(137)       Reconsider SoftReferences: 0.0ms
[53.243s][debug][gc,phases,ref     ] GC(137)         SoftRef (ms):             skipped
[53.243s][debug][gc,phases,ref     ] GC(137)       Notify Soft/WeakReferences: 0.0ms
[53.243s][debug][gc,phases,ref     ] GC(137)         SoftRef (ms):             skipped
[53.243s][debug][gc,phases,ref     ] GC(137)         WeakRef (ms):             skipped
[53.243s][debug][gc,phases,ref     ] GC(137)         FinalRef (ms):            skipped
[53.243s][debug][gc,phases,ref     ] GC(137)         Total (ms):               skipped
[53.243s][debug][gc,phases,ref     ] GC(137)       Notify and keep alive finalizable: 0.0ms
[53.243s][debug][gc,phases,ref     ] GC(137)         FinalRef (ms):            skipped
[53.243s][debug][gc,phases,ref     ] GC(137)       Notify PhantomReferences: 0.0ms
[53.243s][debug][gc,phases,ref     ] GC(137)         PhantomRef (ms):          skipped
[53.243s][debug][gc,phases,ref     ] GC(137)       SoftReference:
[53.243s][debug][gc,phases,ref     ] GC(137)         Discovered: 0
[53.243s][debug][gc,phases,ref     ] GC(137)         Cleared: 0
[53.243s][debug][gc,phases,ref     ] GC(137)       WeakReference:
[53.243s][debug][gc,phases,ref     ] GC(137)         Discovered: 0
[53.243s][debug][gc,phases,ref     ] GC(137)         Cleared: 0
[53.243s][debug][gc,phases,ref     ] GC(137)       FinalReference:
[53.243s][debug][gc,phases,ref     ] GC(137)         Discovered: 0
[53.243s][debug][gc,phases,ref     ] GC(137)         Cleared: 0
[53.243s][debug][gc,phases,ref     ] GC(137)       PhantomReference:
[53.243s][debug][gc,phases,ref     ] GC(137)         Discovered: 0
[53.243s][debug][gc,phases,ref     ] GC(137)         Cleared: 0
[53.243s][debug][gc,phases         ] GC(137)     Weak Processing: 0.0ms
[53.243s][debug][gc,phases         ] GC(137)     Merge Per-Thread State: 0.0ms
[53.243s][debug][gc,phases         ] GC(137)     Code Roots Purge: 0.0ms
[53.243s][debug][gc,phases         ] GC(137)     Redirty Cards: 0.0ms
[53.243s][debug][gc,phases         ] GC(137)     DerivedPointerTable Update: 0.0ms
[53.243s][debug][gc,phases         ] GC(137)     Free Collection Set: 0.1ms
[53.243s][debug][gc,phases         ] GC(137)     Humongous Reclaim: 0.4ms
[53.243s][debug][gc,phases         ] GC(137)     Start New Collection Set: 0.0ms
[53.243s][debug][gc,phases         ] GC(137)     Resize TLABs: 0.0ms
[53.243s][debug][gc,phases         ] GC(137)     Expand Heap After Collection: 1.5ms
[53.244s][info ][gc,phases         ] GC(137)   Other: 0.8ms
[53.244s][info ][gc,heap           ] GC(137) Eden regions: 4->0(165)
[53.244s][info ][gc,heap           ] GC(137) Survivor regions: 38->5(31)
[53.244s][info ][gc,heap           ] GC(137) Old regions: 258->297
[53.244s][info ][gc,heap           ] GC(137) Humongous regions: 73->73
[53.244s][info ][gc,metaspace      ] GC(137) Metaspace: 13369K->13369K(1062912K)
[53.244s][debug][gc,heap           ] GC(137) Heap after GC invocations=138 (full 0): garbage-first heap   total 1746944K, used 382976K [0x0000000780000000, 0x0000000800000000)
[53.244s][debug][gc,heap           ] GC(137)   region size 1024K, 5 young (5120K), 5 survivors (5120K)
[53.244s][debug][gc,heap           ] GC(137)  Metaspace       used 13369K, capacity 13810K, committed 14080K, reserved 1062912K
[53.244s][debug][gc,heap           ] GC(137)   class space    used 1352K, capacity 1515K, committed 1536K, reserved 1048576K
[53.244s][info ][gc                ] GC(137) Pause Young (Concurrent Start) (G1 Humongous Allocation) 372M->374M(1706M) 33.424ms
[53.244s][info ][gc,cpu            ] GC(137) User=0.11s Sys=0.00s Real=0.03s
[53.244s][info ][gc                ] GC(138) Concurrent Cycle
[53.244s][info ][gc,marking        ] GC(138) Concurrent Clear Claimed Marks
[53.244s][info ][gc,marking        ] GC(138) Concurrent Clear Claimed Marks 0.047ms
[53.244s][info ][gc,marking        ] GC(138) Concurrent Scan Root Regions
[53.244s][debug][gc,ergo           ] GC(138) Running G1 Root Region Scan using 1 workers for 5 work units.
[53.245s][info ][gc,marking        ] GC(138) Concurrent Scan Root Regions 1.277ms
[53.245s][info ][gc,marking        ] GC(138) Concurrent Mark (53.245s)
[53.245s][info ][gc,marking        ] GC(138) Concurrent Mark From Roots
[53.245s][info ][gc,task           ] GC(138) Using 1 workers of 1 for marking
[53.259s][debug][gc,stats          ] ---------------------------------------------------------------------
[53.259s][debug][gc,stats          ] Marking Stats, task = 0, calls = 2
[53.259s][debug][gc,stats          ]   Elapsed time = 14.23ms, Termination time = 0.00ms
[53.259s][debug][gc,stats          ]   Step Times (cum): num = 1038, avg = 0.50ms, sd = 1.91ms max = 9.90ms, total = 520.76ms
[53.259s][debug][gc,stats          ]   Mark Stats Cache: hits 312984 misses 64 ratio 99.980
[53.259s][debug][gc,stats          ] ---------------------------------------------------------------------
[53.259s][info ][gc,marking        ] GC(138) Concurrent Mark From Roots 14.374ms
[53.259s][info ][gc,marking        ] GC(138) Concurrent Preclean
[53.259s][debug][gc,ref,start      ] GC(138) Preclean SoftReferences
[53.259s][debug][gc,ref            ] GC(138) Preclean SoftReferences 0.012ms
[53.259s][debug][gc,ref,start      ] GC(138) Preclean WeakReferences
[53.259s][debug][gc,ref            ] GC(138) Preclean WeakReferences 0.014ms
[53.259s][debug][gc,ref,start      ] GC(138) Preclean FinalReferences
[53.259s][debug][gc,ref            ] GC(138) Preclean FinalReferences 0.009ms
[53.259s][debug][gc,ref,start      ] GC(138) Preclean PhantomReferences
[53.259s][debug][gc,ref            ] GC(138) Preclean PhantomReferences 0.009ms
[53.259s][info ][gc,marking        ] GC(138) Concurrent Preclean 0.086ms
[53.260s][info ][gc,marking        ] GC(138) Concurrent Mark (53.245s, 53.260s) 14.485ms
[53.260s][info ][gc,start          ] GC(138) Pause Remark
[53.260s][debug][gc,phases,start   ] GC(138) Finalize Marking
[53.260s][debug][gc,stats          ] ---------------------------------------------------------------------
[53.260s][debug][gc,stats          ] Marking Stats, task = 0, calls = 19
[53.260s][debug][gc,stats          ]   Elapsed time = 0.07ms, Termination time = 0.05ms
[53.260s][debug][gc,stats          ]   Step Times (cum): num = 1055, avg = 0.49ms, sd = 1.90ms max = 9.90ms, total = 520.82ms
[53.260s][debug][gc,stats          ]   Mark Stats Cache: hits 312984 misses 64 ratio 99.980
[53.260s][debug][gc,stats          ] ---------------------------------------------------------------------
[53.260s][debug][gc,stats          ] Marking Stats, task = 1, calls = 1
[53.260s][debug][gc,stats          ]   Elapsed time = 0.07ms, Termination time = 0.06ms
[53.260s][debug][gc,stats          ]   Step Times (cum): num = 59, avg = 0.16ms, sd = 0.21ms max = 0.77ms, total = 9.55ms
[53.260s][debug][gc,stats          ]   Mark Stats Cache: hits 107 misses 4 ratio 96.396
[53.260s][debug][gc,stats          ] ---------------------------------------------------------------------
[53.260s][debug][gc,stats          ] Marking Stats, task = 2, calls = 1
[53.260s][debug][gc,stats          ]   Elapsed time = 0.01ms, Termination time = 0.00ms
[53.260s][debug][gc,stats          ]   Step Times (cum): num = 58, avg = 0.12ms, sd = 0.22ms max = 0.75ms, total = 7.05ms
[53.260s][debug][gc,stats          ]   Mark Stats Cache: hits 52 misses 3 ratio 94.545
[53.260s][debug][gc,stats          ] ---------------------------------------------------------------------
[53.260s][debug][gc,stats          ] Marking Stats, task = 3, calls = 1
[53.260s][debug][gc,stats          ]   Elapsed time = 0.01ms, Termination time = 0.00ms
[53.260s][debug][gc,stats          ]   Step Times (cum): num = 56, avg = 0.01ms, sd = 0.01ms max = 0.08ms, total = 0.30ms
[53.260s][debug][gc,stats          ]   Mark Stats Cache: hits 50 misses 4 ratio 92.593
[53.260s][debug][gc,stats          ] ---------------------------------------------------------------------
[53.260s][debug][gc,phases         ] GC(138) Finalize Marking 0.276ms
[53.260s][debug][gc,phases,start   ] GC(138) Reference Processing
[53.260s][debug][gc,ref            ] GC(138) Skipped phase1 of Reference Processing due to unavailable references
[53.260s][debug][gc,ref            ] GC(138) Skipped phase2 of Reference Processing due to unavailable references
[53.260s][debug][gc,ref            ] GC(138) Skipped phase3 of Reference Processing due to unavailable references
[53.260s][debug][gc,ref            ] GC(138) Skipped phase4 of Reference Processing due to unavailable references
[53.260s][debug][gc,phases,ref     ] GC(138) Reference Processing: 0.0ms
[53.260s][debug][gc,phases,ref     ] GC(138)   Reconsider SoftReferences: 0.0ms
[53.260s][debug][gc,phases,ref     ] GC(138)     SoftRef (ms):             skipped
[53.260s][debug][gc,phases,ref     ] GC(138)   Notify Soft/WeakReferences: 0.0ms
[53.260s][debug][gc,phases,ref     ] GC(138)     SoftRef (ms):             skipped
[53.260s][debug][gc,phases,ref     ] GC(138)     WeakRef (ms):             skipped
[53.260s][debug][gc,phases,ref     ] GC(138)     FinalRef (ms):            skipped
[53.260s][debug][gc,phases,ref     ] GC(138)     Total (ms):               skipped
[53.260s][debug][gc,phases,ref     ] GC(138)   Notify and keep alive finalizable: 0.0ms
[53.260s][debug][gc,phases,ref     ] GC(138)     FinalRef (ms):            skipped
[53.260s][debug][gc,phases,ref     ] GC(138)   Notify PhantomReferences: 0.0ms
[53.260s][debug][gc,phases,ref     ] GC(138)     PhantomRef (ms):          skipped
[53.260s][debug][gc,phases,ref     ] GC(138)   SoftReference:
[53.260s][debug][gc,phases,ref     ] GC(138)     Discovered: 0
[53.260s][debug][gc,phases,ref     ] GC(138)     Cleared: 0
[53.260s][debug][gc,phases,ref     ] GC(138)   WeakReference:
[53.260s][debug][gc,phases,ref     ] GC(138)     Discovered: 0
[53.260s][debug][gc,phases,ref     ] GC(138)     Cleared: 0
[53.260s][debug][gc,phases,ref     ] GC(138)   FinalReference:
[53.260s][debug][gc,phases,ref     ] GC(138)     Discovered: 0
[53.260s][debug][gc,phases,ref     ] GC(138)     Cleared: 0
[53.260s][debug][gc,phases,ref     ] GC(138)   PhantomReference:
[53.260s][debug][gc,phases,ref     ] GC(138)     Discovered: 0
[53.260s][debug][gc,phases,ref     ] GC(138)     Cleared: 0
[53.260s][debug][gc,phases         ] GC(138) Reference Processing 0.226ms
[53.260s][debug][gc,phases,start   ] GC(138) Weak Processing
[53.260s][debug][gc,phases         ] GC(138) Weak Processing 0.020ms
[53.260s][debug][gc,phases,start   ] GC(138) Class Unloading
[53.260s][debug][gc,phases,start   ] GC(138) ClassLoaderData
[53.260s][debug][gc,phases         ] GC(138) ClassLoaderData 0.049ms
[53.260s][debug][gc,phases,start   ] GC(138) ProtectionDomainCacheTable
[53.260s][debug][gc,phases         ] GC(138) ProtectionDomainCacheTable 0.009ms
[53.261s][info ][gc,stringtable    ] GC(138) Cleaned string and symbol table, strings: 6187 processed, 7 removed, symbols: 45233 processed, 0 removed
[53.261s][debug][gc,phases         ] GC(138) Class Unloading 1.088ms
[53.261s][debug][gc,phases,start   ] GC(138) Flush Task Caches
[53.261s][debug][gc,stats          ] Mark stats cache hits 313193 misses 75 ratio 99.976
[53.261s][debug][gc,phases         ] GC(138) Flush Task Caches 0.024ms
[53.261s][debug][gc,phases,start   ] GC(138) Update Remembered Set Tracking Before Rebuild
[53.261s][debug][gc,ergo           ] GC(138) Running G1 Update RemSet Tracking Before Rebuild using 4 workers for 1706 regions in heap
[53.261s][debug][gc,remset,tracking] GC(138) Remembered Set Tracking update regions total 1706, selected 68
[53.262s][debug][gc,phases         ] GC(138) Update Remembered Set Tracking Before Rebuild 0.182ms
[53.262s][debug][gc,phases,start   ] GC(138) Reclaim Empty Regions
[53.262s][debug][gc                ] GC(138) Reclaimed 301 empty regions
[53.262s][debug][gc,phases         ] GC(138) Reclaim Empty Regions 0.202ms
[53.262s][debug][gc,phases,start   ] GC(138) Purge Metaspace
[53.262s][debug][gc,phases         ] GC(138) Purge Metaspace 0.009ms
[53.262s][debug][gc,phases,start   ] GC(138) Report Object Count
[53.262s][debug][gc,phases         ] GC(138) Report Object Count 0.009ms
[53.262s][info ][gc                ] GC(138) Pause Remark 376M->75M(1706M) 2.183ms
[53.262s][info ][gc,cpu            ] GC(138) User=0.01s Sys=0.00s Real=0.00s
[53.262s][info ][gc,marking        ] GC(138) Concurrent Rebuild Remembered Sets
[53.273s][info ][gc,marking        ] GC(138) Concurrent Rebuild Remembered Sets 10.956ms
[53.273s][info ][gc,start          ] GC(138) Pause Cleanup
[53.273s][debug][gc,phases,start   ] GC(138) Update Remembered Set Tracking After Rebuild
[53.273s][debug][gc,phases         ] GC(138) Update Remembered Set Tracking After Rebuild 0.050ms
[53.273s][debug][gc,phases,start   ] GC(138) Finalize Concurrent Mark Cleanup
[53.273s][debug][gc,ergo           ] GC(138) request young-only gcs (reclaimable percentage not over threshold). candidate old regions: 64 reclaimable: 60846592 (3.40) threshold: 5
[53.273s][debug][gc,phases         ] GC(138) Finalize Concurrent Mark Cleanup 0.149ms
[53.273s][info ][gc                ] GC(138) Pause Cleanup 75M->75M(1706M) 0.251ms
[53.273s][info ][gc,cpu            ] GC(138) User=0.00s Sys=0.01s Real=0.00s
[53.273s][info ][gc,marking        ] GC(138) Concurrent Cleanup for Next Mark
[53.273s][debug][gc,ergo           ] GC(138) Running G1 Clear Bitmap with 1 workers for 27 work units.
[53.276s][info ][gc,marking        ] GC(138) Concurrent Cleanup for Next Mark 3.286ms
[53.277s][info ][gc                ] GC(138) Concurrent Cycle 32.893ms
[53.859s][debug][gc,refine         ] Activated worker 0, on threshold: 62, current: 62
[53.859s][debug][gc,refine         ] Deactivated worker 0, off threshold: 60, current: 60, processed: 2
[53.867s][debug][gc,refine         ] Activated worker 0, on threshold: 62, current: 62
[53.868s][debug][gc,refine         ] Deactivated worker 0, off threshold: 60, current: 60, processed: 2
[53.972s][debug][gc,refine         ] Activated worker 0, on threshold: 62, current: 65
[53.974s][debug][gc,refine         ] Deactivated worker 0, off threshold: 60, current: 60, processed: 6
[53.985s][debug][gc,refine         ] Activated worker 0, on threshold: 62, current: 64
[53.986s][debug][gc,refine         ] Deactivated worker 0, off threshold: 60, current: 60, processed: 4
[53.994s][debug][gc,refine         ] Activated worker 0, on threshold: 62, current: 62
[53.996s][debug][gc,refine         ] Deactivated worker 0, off threshold: 60, current: 60, processed: 3
[54.097s][debug][gc,refine         ] Activated worker 0, on threshold: 62, current: 65
[54.098s][debug][gc,refine         ] Deactivated worker 0, off threshold: 60, current: 60, processed: 5
[54.110s][debug][gc,refine         ] Activated worker 0, on threshold: 62, current: 64
[54.111s][debug][gc,refine         ] Deactivated worker 0, off threshold: 60, current: 60, processed: 4
[54.118s][debug][gc,refine         ] Activated worker 0, on threshold: 62, current: 62
[54.120s][debug][gc,refine         ] Deactivated worker 0, off threshold: 60, current: 60, processed: 3
[54.221s][debug][gc,refine         ] Activated worker 0, on threshold: 62, current: 65
[54.222s][debug][gc,refine         ] Deactivated worker 0, off threshold: 60, current: 60, processed: 5
[54.235s][debug][gc,refine         ] Activated worker 0, on threshold: 62, current: 64
[54.235s][debug][gc,refine         ] Deactivated worker 0, off threshold: 60, current: 60, processed: 4
[54.247s][debug][gc,refine         ] Activated worker 0, on threshold: 62, current: 62
[54.249s][debug][gc,refine         ] Deactivated worker 0, off threshold: 60, current: 60, processed: 3
[54.349s][debug][gc,refine         ] Activated worker 0, on threshold: 62, current: 65
[54.350s][debug][gc,refine         ] Deactivated worker 0, off threshold: 60, current: 60, processed: 5
[54.363s][debug][gc,refine         ] Activated worker 0, on threshold: 62, current: 64
[54.363s][debug][gc,refine         ] Deactivated worker 0, off threshold: 60, current: 60, processed: 4
[54.370s][debug][gc,refine         ] Activated worker 0, on threshold: 62, current: 62
[54.372s][debug][gc,refine         ] Deactivated worker 0, off threshold: 60, current: 60, processed: 8
[54.490s][debug][gc,refine         ] Activated worker 0, on threshold: 62, current: 64
[54.490s][debug][gc,refine         ] Deactivated worker 0, off threshold: 60, current: 60, processed: 4
[54.498s][debug][gc,refine         ] Activated worker 0, on threshold: 62, current: 62
[54.500s][debug][gc,refine         ] Deactivated worker 0, off threshold: 60, current: 60, processed: 8
[54.618s][debug][gc,refine         ] Activated worker 0, on threshold: 62, current: 64
[54.619s][debug][gc,refine         ] Deactivated worker 0, off threshold: 60, current: 60, processed: 4
[54.627s][debug][gc,refine         ] Activated worker 0, on threshold: 62, current: 62
[54.629s][debug][gc,refine         ] Deactivated worker 0, off threshold: 60, current: 60, processed: 3
[54.735s][debug][gc,refine         ] Activated worker 0, on threshold: 62, current: 65
[54.736s][debug][gc,refine         ] Deactivated worker 0, off threshold: 60, current: 60, processed: 5
[54.748s][debug][gc,refine         ] Activated worker 0, on threshold: 62, current: 64
[54.749s][debug][gc,refine         ] Deactivated worker 0, off threshold: 60, current: 60, processed: 4
[54.758s][debug][gc,refine         ] Activated worker 0, on threshold: 62, current: 62
[54.761s][debug][gc,refine         ] Deactivated worker 0, off threshold: 60, current: 60, processed: 8
[54.876s][debug][gc,refine         ] Activated worker 0, on threshold: 62, current: 64
[54.876s][debug][gc,refine         ] Deactivated worker 0, off threshold: 60, current: 60, processed: 4
[54.885s][debug][gc,refine         ] Activated worker 0, on threshold: 62, current: 62
[54.887s][debug][gc,refine         ] Deactivated worker 0, off threshold: 60, current: 60, processed: 3
[54.990s][debug][gc,refine         ] Activated worker 0, on threshold: 62, current: 65
[54.992s][debug][gc,refine         ] Deactivated worker 0, off threshold: 60, current: 60, processed: 5
[55.004s][debug][gc,refine         ] Activated worker 0, on threshold: 62, current: 64
[55.005s][debug][gc,refine         ] Deactivated worker 0, off threshold: 60, current: 60, processed: 4
[55.013s][debug][gc,refine         ] Activated worker 0, on threshold: 62, current: 62
[55.015s][debug][gc,refine         ] Deactivated worker 0, off threshold: 60, current: 60, processed: 3
[55.119s][debug][gc,refine         ] Activated worker 0, on threshold: 62, current: 65
[55.119s][debug][gc,refine         ] Deactivated worker 0, off threshold: 60, current: 60, processed: 5
[55.133s][debug][gc,refine         ] Activated worker 0, on threshold: 62, current: 64
[55.133s][debug][gc,refine         ] Deactivated worker 0, off threshold: 60, current: 60, processed: 4
[55.142s][debug][gc,refine         ] Activated worker 0, on threshold: 62, current: 62
[55.144s][debug][gc,refine         ] Deactivated worker 0, off threshold: 60, current: 60, processed: 3
[55.247s][debug][gc,refine         ] Activated worker 0, on threshold: 62, current: 65
[55.248s][debug][gc,refine         ] Deactivated worker 0, off threshold: 60, current: 60, processed: 5
[55.260s][debug][gc,refine         ] Activated worker 0, on threshold: 62, current: 64
[55.260s][debug][gc,refine         ] Deactivated worker 0, off threshold: 60, current: 60, processed: 4
[55.267s][debug][gc,refine         ] Activated worker 0, on threshold: 62, current: 62
[55.269s][debug][gc,refine         ] Deactivated worker 0, off threshold: 60, current: 60, processed: 3
[55.370s][debug][gc,refine         ] Activated worker 0, on threshold: 62, current: 65
[55.372s][debug][gc,refine         ] Deactivated worker 0, off threshold: 60, current: 60, processed: 5
[55.379s][debug][gc,refine         ] Activated worker 0, on threshold: 62, current: 64
[55.380s][debug][gc,refine         ] Deactivated worker 0, off threshold: 60, current: 60, processed: 4
[55.386s][debug][gc,refine         ] Activated worker 0, on threshold: 62, current: 62
[55.389s][debug][gc,refine         ] Deactivated worker 0, off threshold: 60, current: 60, processed: 3
[55.490s][debug][gc,refine         ] Activated worker 0, on threshold: 62, current: 65
[55.491s][debug][gc,refine         ] Deactivated worker 0, off threshold: 60, current: 60, processed: 5
[55.493s][debug][gc,heap           ] GC(139) Heap before GC invocations=139 (full 0): garbage-first heap   total 1746944K, used 314368K [0x0000000780000000, 0x0000000800000000)
[55.493s][debug][gc,heap           ] GC(139)   region size 1024K, 186 young (190464K), 5 survivors (5120K)
[55.493s][debug][gc,heap           ] GC(139)  Metaspace       used 13377K, capacity 13810K, committed 14080K, reserved 1062912K
[55.493s][debug][gc,heap           ] GC(139)   class space    used 1352K, capacity 1515K, committed 1536K, reserved 1048576K
[55.493s][info ][gc,start          ] GC(139) Pause Young (Normal) (G1 Evacuation Pause)
[55.493s][info ][gc,task           ] GC(139) Using 4 workers of 4 for evacuation
[55.493s][debug][gc,tlab           ] GC(139) TLAB totals: thrds: 5  refills: 579 max: 530 slow allocs: 72 max 51 waste:  0.2% gc: 25960B max: 15096B slow: 352696B max: 326016B fast: 0B max: 0B
[55.493s][debug][gc,alloc,region   ] GC(139) Mutator Allocation stats, regions: 181, wasted size: 0B ( 0.0%)
[55.493s][debug][gc,age            ] GC(139) Desired survivor size 12582912 bytes, new threshold 15 (max threshold 15)
[55.493s][debug][gc,ergo,cset      ] GC(139) Finish choosing CSet. old: 0 regions, predicted old region time: 0.00ms, time remaining: 0.00
[55.493s][debug][gc,refine         ] Activated worker 0, on threshold: 62, current: 64
[55.493s][debug][gc,task,stats     ] GC(139) GC Termination Stats
[55.493s][debug][gc,task,stats     ] GC(139)      elapsed  --strong roots-- -------termination------- ------waste (KiB)------
[55.493s][debug][gc,task,stats     ] GC(139) thr     ms        ms      %        ms      %    attempts  total   alloc    undo
[55.493s][debug][gc,task,stats     ] GC(139) --- --------- --------- ------ --------- ------ -------- ------- ------- -------
[55.645s][debug][gc,task,stats     ] GC(139)   3    151.25    147.99  97.84      0.07   0.04        9       2       2       0
[55.645s][debug][gc,task,stats     ] GC(139)   1    151.43    147.80  97.61      0.01   0.01        7       2       2       0
[55.645s][debug][gc,task,stats     ] GC(139)   2    151.35    149.40  98.72      0.01   0.01       13       2       2       0
[55.645s][debug][gc,task,stats     ] GC(139)   0    151.56    149.91  98.91      0.01   0.01       12       2       2       0
[55.645s][debug][gc,ergo           ] GC(139) Running G1 Clear Card Table Task using 1 workers for 1 units of work for 219 regions.
[55.645s][debug][gc,ref            ] GC(139) Skipped phase1 of Reference Processing due to unavailable references
[55.645s][debug][gc,ref            ] GC(139) Skipped phase2 of Reference Processing due to unavailable references
[55.645s][debug][gc,ref            ] GC(139) Skipped phase3 of Reference Processing due to unavailable references
[55.645s][debug][gc,ref            ] GC(139) Skipped phase4 of Reference Processing due to unavailable references
[55.645s][debug][gc,ergo           ] GC(139) Running G1 Free Collection Set using 4 workers for collection set length 186
[55.645s][debug][gc,humongous      ] GC(139) Live humongous region 5 object size 524304 start 0x0000000780500000  with remset 0 code roots 0 is marked 0 reclaim candidate 0 type array 0
[55.645s][debug][gc,humongous      ] GC(139) Live humongous region 6 object size 1048592 start 0x0000000780600000  with remset 0 code roots 0 is marked 0 reclaim candidate 0 type array 0
[55.645s][debug][gc,humongous      ] GC(139) Live humongous region 8 object size 524304 start 0x0000000780800000  with remset 0 code roots 0 is marked 0 reclaim candidate 0 type array 0
[55.645s][debug][gc,humongous      ] GC(139) Live humongous region 13 object size 1048592 start 0x0000000780d00000  with remset 0 code roots 0 is marked 0 reclaim candidate 0 type array 0
[55.645s][debug][gc,humongous      ] GC(139) Live humongous region 17 object size 524304 start 0x0000000781100000  with remset 0 code roots 0 is marked 0 reclaim candidate 0 type array 0
[55.645s][debug][gc,humongous      ] GC(139) Live humongous region 19 object size 1048592 start 0x0000000781300000  with remset 0 code roots 0 is marked 0 reclaim candidate 0 type array 0
[55.645s][debug][gc,humongous      ] GC(139) Live humongous region 22 object size 524304 start 0x0000000781600000  with remset 0 code roots 0 is marked 0 reclaim candidate 0 type array 0
[55.645s][debug][gc,humongous      ] GC(139) Live humongous region 23 object size 1048592 start 0x0000000781700000  with remset 0 code roots 0 is marked 0 reclaim candidate 0 type array 0
[55.645s][debug][gc,humongous      ] GC(139) Live humongous region 25 object size 524304 start 0x0000000781900000  with remset 0 code roots 0 is marked 0 reclaim candidate 0 type array 0
[55.645s][debug][gc,humongous      ] GC(139) Live humongous region 26 object size 1048592 start 0x0000000781a00000  with remset 0 code roots 0 is marked 0 reclaim candidate 0 type array 0
[55.646s][debug][gc,humongous      ] GC(139) Live humongous region 29 object size 524304 start 0x0000000781d00000  with remset 0 code roots 0 is marked 0 reclaim candidate 0 type array 0
[55.646s][debug][gc,humongous      ] GC(139) Live humongous region 30 object size 1048592 start 0x0000000781e00000  with remset 0 code roots 0 is marked 0 reclaim candidate 0 type array 0
[55.646s][debug][gc,humongous      ] GC(139) Live humongous region 32 object size 524304 start 0x0000000782000000  with remset 0 code roots 0 is marked 0 reclaim candidate 0 type array 0
[55.646s][debug][gc,humongous      ] GC(139) Live humongous region 34 object size 1048592 start 0x0000000782200000  with remset 0 code roots 0 is marked 0 reclaim candidate 0 type array 0
[55.646s][debug][gc,humongous      ] GC(139) Live humongous region 36 object size 524304 start 0x0000000782400000  with remset 0 code roots 0 is marked 0 reclaim candidate 0 type array 0
[55.646s][debug][gc,humongous      ] GC(139) Live humongous region 38 object size 1048592 start 0x0000000782600000  with remset 0 code roots 0 is marked 0 reclaim candidate 0 type array 0
[55.646s][debug][gc,humongous      ] GC(139) Live humongous region 40 object size 524304 start 0x0000000782800000  with remset 0 code roots 0 is marked 0 reclaim candidate 0 type array 0
[55.646s][debug][gc,humongous      ] GC(139) Live humongous region 41 object size 1048592 start 0x0000000782900000  with remset 0 code roots 0 is marked 0 reclaim candidate 0 type array 0
[55.646s][debug][gc,humongous      ] GC(139) Live humongous region 43 object size 524304 start 0x0000000782b00000  with remset 0 code roots 0 is marked 0 reclaim candidate 0 type array 0
[55.646s][debug][gc,humongous      ] GC(139) Live humongous region 44 object size 1048592 start 0x0000000782c00000  with remset 0 code roots 0 is marked 0 reclaim candidate 0 type array 0
[55.646s][debug][gc,humongous      ] GC(139) Live humongous region 46 object size 524304 start 0x0000000782e00000  with remset 0 code roots 0 is marked 0 reclaim candidate 0 type array 0
[55.646s][debug][gc,humongous      ] GC(139) Live humongous region 47 object size 524304 start 0x0000000782f00000  with remset 0 code roots 0 is marked 0 reclaim candidate 0 type array 0
[55.646s][debug][gc,humongous      ] GC(139) Live humongous region 49 object size 1048592 start 0x0000000783100000  with remset 0 code roots 0 is marked 0 reclaim candidate 0 type array 0
[55.646s][debug][gc,humongous      ] GC(139) Live humongous region 51 object size 1048592 start 0x0000000783300000  with remset 0 code roots 0 is marked 0 reclaim candidate 0 type array 0
[55.646s][debug][gc,humongous      ] GC(139) Live humongous region 53 object size 524304 start 0x0000000783500000  with remset 0 code roots 0 is marked 0 reclaim candidate 0 type array 0
[55.646s][debug][gc,humongous      ] GC(139) Live humongous region 54 object size 1048592 start 0x0000000783600000  with remset 0 code roots 0 is marked 0 reclaim candidate 0 type array 0
[55.646s][debug][gc,humongous      ] GC(139) Live humongous region 56 object size 524304 start 0x0000000783800000  with remset 0 code roots 0 is marked 0 reclaim candidate 0 type array 0
[55.646s][debug][gc,humongous      ] GC(139) Live humongous region 57 object size 1048592 start 0x0000000783900000  with remset 0 code roots 0 is marked 0 reclaim candidate 0 type array 0
[55.646s][debug][gc,humongous      ] GC(139) Live humongous region 59 object size 524304 start 0x0000000783b00000  with remset 0 code roots 0 is marked 0 reclaim candidate 0 type array 0
[55.646s][debug][gc,humongous      ] GC(139) Live humongous region 61 object size 1048592 start 0x0000000783d00000  with remset 0 code roots 0 is marked 0 reclaim candidate 0 type array 0
[55.646s][debug][gc,humongous      ] GC(139) Live humongous region 63 object size 524304 start 0x0000000783f00000  with remset 0 code roots 0 is marked 0 reclaim candidate 0 type array 0
[55.646s][debug][gc,humongous      ] GC(139) Live humongous region 64 object size 1048592 start 0x0000000784000000  with remset 0 code roots 0 is marked 0 reclaim candidate 0 type array 0
[55.646s][debug][gc,humongous      ] GC(139) Live humongous region 66 object size 524304 start 0x0000000784200000  with remset 0 code roots 0 is marked 0 reclaim candidate 0 type array 0
[55.646s][debug][gc,humongous      ] GC(139) Live humongous region 67 object size 1048592 start 0x0000000784300000  with remset 0 code roots 0 is marked 0 reclaim candidate 0 type array 0
[55.646s][debug][gc,humongous      ] GC(139) Live humongous region 89 object size 524304 start 0x0000000785900000  with remset 0 code roots 0 is marked 0 reclaim candidate 0 type array 0
[55.646s][debug][gc,humongous      ] GC(139) Live humongous region 361 object size 1048592 start 0x0000000796900000  with remset 1 code roots 0 is marked 0 reclaim candidate 0 type array 0
[55.646s][debug][gc,plab           ] GC(139) Young PLAB allocation: allocated: 25165824B, wasted: 1168B, unused: 0B, used: 25164656B, undo waste: 0B, 
[55.646s][debug][gc,plab           ] GC(139) Young other allocation: region end waste: 0B, regions filled: 24, direct allocated: 0B, failure used: 0B, failure wasted: 0B
[55.646s][debug][gc,plab           ] GC(139) Young sizing: calculated: 5032928B, actual: 4410384B
[55.646s][debug][gc,plab           ] GC(139) Old PLAB allocation: allocated: 159907840B, wasted: 7288B, unused: 1412800B, used: 158487752B, undo waste: 0B, 
[55.646s][debug][gc,plab           ] GC(139) Old other allocation: region end waste: 0B, regions filled: 153, direct allocated: 0B, failure used: 0B, failure wasted: 0B
[55.646s][debug][gc,plab           ] GC(139) Old sizing: calculated: 31697544B, actual: 27558720B
[55.646s][debug][gc,ergo,ihop      ] GC(139) Request concurrent cycle initiation (occupancy higher than threshold) occupancy: 287309824B allocation request: 0B threshold: 214639554B (12.00) source: end of GC
[55.646s][debug][gc,alloc,stats    ] Old generation allocation in the last mutator period, old gen allocated: 159907840B, humongous allocated: 55574528B,old gen growth: 159907840B.
[55.646s][debug][gc,ihop           ] GC(139) Basic information (value update), threshold: 226466991B (12.66), target occupancy: 1788870656B, current occupancy: 312475648B, recent allocation size: 215482368B, recent allocation duration: 2247.71ms, recent old gen allocation rate: 95867674.42B/s, recent marking phase length: 232.15ms
[55.646s][debug][gc,ihop           ] GC(139) Adaptive IHOP information (value update), threshold: 226466991B (13.33), internal target occupancy: 1699427123B, occupancy: 312475648B, additional buffer size: 209715200B, predicted old gen allocation rate: 3558680490.81B/s, predicted marking phase length: 354.98ms, prediction active: true
[55.646s][debug][gc,ergo,refine    ] GC(139) Updated Refinement Zones: green: 66, yellow: 198, red: 330
[55.646s][info ][gc,phases         ] GC(139)   Pre Evacuate Collection Set: 0.1ms
[55.646s][debug][gc,phases         ] GC(139)     Prepare TLABs: 0.0ms
[55.646s][debug][gc,phases         ] GC(139)     Choose Collection Set: 0.0ms
[55.646s][debug][gc,phases         ] GC(139)     Humongous Register: 0.0ms
[55.646s][info ][gc,phases         ] GC(139)   Evacuate Collection Set: 151.8ms
[55.646s][debug][gc,phases         ] GC(139)     Ext Root Scanning (ms):   Min:  0.1, Avg:  0.6, Max:  1.8, Diff:  1.8, Sum:  2.3, Workers: 4
[55.646s][debug][gc,phases         ] GC(139)     Update RS (ms):           Min:  4.2, Avg:  5.3, Max:  6.6, Diff:  2.4, Sum: 21.2, Workers: 4
[55.646s][debug][gc,phases         ] GC(139)       Processed Buffers:        Min: 10, Avg: 16.0, Max: 24, Diff: 14, Sum: 64, Workers: 4
[55.646s][debug][gc,phases         ] GC(139)       Scanned Cards:            Min: 2560, Avg: 3856.8, Max: 5187, Diff: 2627, Sum: 15427, Workers: 4
[55.646s][debug][gc,phases         ] GC(139)       Skipped Cards:            Min: 0, Avg:  0.0, Max: 0, Diff: 0, Sum: 0, Workers: 4
[55.646s][debug][gc,phases         ] GC(139)     Scan RS (ms):             Min:  3.9, Avg:  4.2, Max:  5.0, Diff:  1.1, Sum: 17.0, Workers: 4
[55.646s][debug][gc,phases         ] GC(139)       Scanned Cards:            Min: 2396, Avg: 2418.0, Max: 2451, Diff: 55, Sum: 9672, Workers: 4
[55.646s][debug][gc,phases         ] GC(139)       Claimed Cards:            Min: 2437, Avg: 2544.5, Max: 2801, Diff: 364, Sum: 10178, Workers: 4
[55.646s][debug][gc,phases         ] GC(139)       Skipped Cards:            Min: 458, Avg: 1736.0, Max: 2607, Diff: 2149, Sum: 6944, Workers: 4
[55.646s][debug][gc,phases         ] GC(139)     Code Root Scanning (ms):  Min:  0.0, Avg:  0.0, Max:  0.0, Diff:  0.0, Sum:  0.1, Workers: 4
[55.646s][debug][gc,phases         ] GC(139)     JVMCI Root Scan (ms):     skipped
[55.646s][debug][gc,phases         ] GC(139)     Object Copy (ms):         Min: 138.7, Avg: 141.1, Max: 143.0, Diff:  4.3, Sum: 564.5, Workers: 4
[55.646s][debug][gc,phases         ] GC(139)     Termination (ms):         Min:  0.0, Avg:  0.0, Max:  0.1, Diff:  0.1, Sum:  0.1, Workers: 4
[55.646s][debug][gc,phases         ] GC(139)       Termination Attempts:     Min: 7, Avg: 10.2, Max: 13, Diff: 6, Sum: 41, Workers: 4
[55.646s][debug][gc,phases         ] GC(139)     GC Worker Other (ms):     Min:  0.1, Avg:  0.2, Max:  0.2, Diff:  0.1, Sum:  0.6, Workers: 4
[55.646s][debug][gc,phases         ] GC(139)     GC Worker Total (ms):     Min: 151.3, Avg: 151.4, Max: 151.6, Diff:  0.3, Sum: 605.7, Workers: 4
[55.646s][info ][gc,phases         ] GC(139)   Post Evacuate Collection Set: 0.6ms
[55.646s][debug][gc,phases         ] GC(139)     Code Roots Fixup: 0.0ms
[55.646s][debug][gc,phases         ] GC(139)     Clear Card Table: 0.1ms
[55.646s][debug][gc,phases         ] GC(139)     Reference Processing: 0.0ms
[55.646s][debug][gc,phases,ref     ] GC(139)       Reconsider SoftReferences: 0.0ms
[55.646s][debug][gc,phases,ref     ] GC(139)         SoftRef (ms):             skipped
[55.646s][debug][gc,phases,ref     ] GC(139)       Notify Soft/WeakReferences: 0.0ms
[55.646s][debug][gc,phases,ref     ] GC(139)         SoftRef (ms):             skipped
[55.646s][debug][gc,phases,ref     ] GC(139)         WeakRef (ms):             skipped
[55.646s][debug][gc,phases,ref     ] GC(139)         FinalRef (ms):            skipped
[55.646s][debug][gc,phases,ref     ] GC(139)         Total (ms):               skipped
[55.646s][debug][gc,phases,ref     ] GC(139)       Notify and keep alive finalizable: 0.0ms
[55.646s][debug][gc,phases,ref     ] GC(139)         FinalRef (ms):            skipped
[55.646s][debug][gc,phases,ref     ] GC(139)       Notify PhantomReferences: 0.0ms
[55.646s][debug][gc,phases,ref     ] GC(139)         PhantomRef (ms):          skipped
[55.646s][debug][gc,phases,ref     ] GC(139)       SoftReference:
[55.646s][debug][gc,phases,ref     ] GC(139)         Discovered: 0
[55.646s][debug][gc,phases,ref     ] GC(139)         Cleared: 0
[55.646s][debug][gc,phases,ref     ] GC(139)       WeakReference:
[55.646s][debug][gc,phases,ref     ] GC(139)         Discovered: 0
[55.646s][debug][gc,phases,ref     ] GC(139)         Cleared: 0
[55.646s][debug][gc,phases,ref     ] GC(139)       FinalReference:
[55.646s][debug][gc,phases,ref     ] GC(139)         Discovered: 0
[55.646s][debug][gc,phases,ref     ] GC(139)         Cleared: 0
[55.646s][debug][gc,phases,ref     ] GC(139)       PhantomReference:
[55.646s][debug][gc,phases,ref     ] GC(139)         Discovered: 0
[55.646s][debug][gc,phases,ref     ] GC(139)         Cleared: 0
[55.646s][debug][gc,phases         ] GC(139)     Weak Processing: 0.0ms
[55.646s][debug][gc,phases         ] GC(139)     Merge Per-Thread State: 0.0ms
[55.646s][debug][gc,phases         ] GC(139)     Code Roots Purge: 0.0ms
[55.646s][debug][gc,phases         ] GC(139)     Redirty Cards: 0.0ms
[55.646s][debug][gc,phases         ] GC(139)     DerivedPointerTable Update: 0.0ms
[55.646s][debug][gc,phases         ] GC(139)     Free Collection Set: 0.1ms
[55.646s][debug][gc,phases         ] GC(139)     Humongous Reclaim: 0.3ms
[55.646s][debug][gc,phases         ] GC(139)     Start New Collection Set: 0.0ms
[55.646s][debug][gc,phases         ] GC(139)     Resize TLABs: 0.0ms
[55.646s][debug][gc,phases         ] GC(139)     Expand Heap After Collection: 0.0ms
[55.646s][info ][gc,phases         ] GC(139)   Other: 0.7ms
[55.646s][info ][gc,heap           ] GC(139) Eden regions: 181->0(176)
[55.646s][info ][gc,heap           ] GC(139) Survivor regions: 5->24(24)
[55.646s][info ][gc,heap           ] GC(139) Old regions: 68->220
[55.646s][info ][gc,heap           ] GC(139) Humongous regions: 54->54
[55.646s][info ][gc,metaspace      ] GC(139) Metaspace: 13377K->13377K(1062912K)
[55.646s][debug][gc,heap           ] GC(139) Heap after GC invocations=140 (full 0): garbage-first heap   total 1746944K, used 305152K [0x0000000780000000, 0x0000000800000000)
[55.646s][debug][gc,heap           ] GC(139)   region size 1024K, 24 young (24576K), 24 survivors (24576K)
[55.646s][debug][gc,heap           ] GC(139)  Metaspace       used 13377K, capacity 13810K, committed 14080K, reserved 1062912K
[55.646s][debug][gc,heap           ] GC(139)   class space    used 1352K, capacity 1515K, committed 1536K, reserved 1048576K
[55.646s][info ][gc                ] GC(139) Pause Young (Normal) (G1 Evacuation Pause) 307M->298M(1706M) 153.529ms
[55.646s][info ][gc,cpu            ] GC(139) User=0.58s Sys=0.00s Real=0.16s
[55.646s][debug][gc,refine         ] Deactivated worker 0, off threshold: 66, current: 9, processed: 0
[55.647s][debug][gc,ergo,ihop      ] Request concurrent cycle initiation (occupancy higher than threshold) occupancy: 287309824B allocation request: 524304B threshold: 226466991B (12.66) source: concurrent humongous allocation
[55.647s][debug][gc,ergo           ] Request concurrent cycle initiation (requested by GC cause). GC cause: G1 Humongous Allocation
[55.647s][debug][gc,heap           ] GC(140) Heap before GC invocations=140 (full 0): garbage-first heap   total 1746944K, used 307200K [0x0000000780000000, 0x0000000800000000)
[55.647s][debug][gc,heap           ] GC(140)   region size 1024K, 27 young (27648K), 24 survivors (24576K)
[55.647s][debug][gc,heap           ] GC(140)  Metaspace       used 13377K, capacity 13810K, committed 14080K, reserved 1062912K
[55.647s][debug][gc,heap           ] GC(140)   class space    used 1352K, capacity 1515K, committed 1536K, reserved 1048576K
[55.647s][debug][gc,ergo           ] GC(140) Initiate concurrent cycle (concurrent cycle initiation requested)
[55.647s][info ][gc,start          ] GC(140) Pause Young (Concurrent Start) (G1 Humongous Allocation)
[55.647s][info ][gc,task           ] GC(140) Using 4 workers of 4 for evacuation
[55.647s][debug][gc,tlab           ] GC(140) TLAB totals: thrds: 1  refills: 8 max: 8 slow allocs: 1 max 1 waste: 17.5% gc: 455248B max: 455248B slow: 4120B max: 4120B fast: 0B max: 0B
[55.647s][debug][gc,alloc,region   ] GC(140) Mutator Allocation stats, regions: 3, wasted size: 0B ( 0.0%)
[55.647s][debug][gc,age            ] GC(140) Desired survivor size 13107200 bytes, new threshold 1 (max threshold 15)
[55.648s][debug][gc,ergo,cset      ] GC(140) Finish choosing CSet. old: 0 regions, predicted old region time: 0.00ms, time remaining: 171.32
[55.648s][debug][gc,task,stats     ] GC(140) GC Termination Stats
[55.648s][debug][gc,task,stats     ] GC(140)      elapsed  --strong roots-- -------termination------- ------waste (KiB)------
[55.648s][debug][gc,task,stats     ] GC(140) thr     ms        ms      %        ms      %    attempts  total   alloc    undo
[55.648s][debug][gc,task,stats     ] GC(140) --- --------- --------- ------ --------- ------ -------- ------- ------- -------
[55.666s][debug][gc,task,stats     ] GC(140)   2     18.47     18.46  99.90      0.00   0.00        1       0       0       0
[55.666s][debug][gc,task,stats     ] GC(140)   0     18.63     16.43  88.23      0.00   0.01        1       0       0       0
[55.666s][debug][gc,task,stats     ] GC(140)   3     18.70     16.55  88.51      0.00   0.00        1       0       0       0
[55.666s][debug][gc,task,stats     ] GC(140)   1     18.75     15.66  83.52      0.00   0.00        1       0       0       0
[55.666s][debug][gc,ergo           ] GC(140) Running G1 Clear Card Table Task using 1 workers for 1 units of work for 33 regions.
[55.666s][debug][gc,ref            ] GC(140) Skipped phase1 of Reference Processing due to unavailable references
[55.666s][debug][gc,ref            ] GC(140) Skipped phase2 of Reference Processing due to unavailable references
[55.666s][debug][gc,ref            ] GC(140) Skipped phase3 of Reference Processing due to unavailable references
[55.667s][debug][gc,ref            ] GC(140) Skipped phase4 of Reference Processing due to unavailable references
[55.667s][debug][gc,ergo           ] GC(140) Running G1 Free Collection Set using 1 workers for collection set length 27
[55.667s][debug][gc,humongous      ] GC(140) Live humongous region 5 object size 524304 start 0x0000000780500000  with remset 0 code roots 0 is marked 0 reclaim candidate 0 type array 0
[55.667s][debug][gc,humongous      ] GC(140) Live humongous region 6 object size 1048592 start 0x0000000780600000  with remset 0 code roots 0 is marked 0 reclaim candidate 0 type array 0
[55.667s][debug][gc,humongous      ] GC(140) Live humongous region 8 object size 524304 start 0x0000000780800000  with remset 0 code roots 0 is marked 0 reclaim candidate 0 type array 0
[55.667s][debug][gc,humongous      ] GC(140) Live humongous region 13 object size 1048592 start 0x0000000780d00000  with remset 0 code roots 0 is marked 0 reclaim candidate 0 type array 0
[55.667s][debug][gc,humongous      ] GC(140) Live humongous region 17 object size 524304 start 0x0000000781100000  with remset 0 code roots 0 is marked 0 reclaim candidate 0 type array 0
[55.667s][debug][gc,humongous      ] GC(140) Live humongous region 19 object size 1048592 start 0x0000000781300000  with remset 0 code roots 0 is marked 0 reclaim candidate 0 type array 0
[55.667s][debug][gc,humongous      ] GC(140) Live humongous region 22 object size 524304 start 0x0000000781600000  with remset 0 code roots 0 is marked 0 reclaim candidate 0 type array 0
[55.667s][debug][gc,humongous      ] GC(140) Live humongous region 23 object size 1048592 start 0x0000000781700000  with remset 0 code roots 0 is marked 0 reclaim candidate 0 type array 0
[55.667s][debug][gc,humongous      ] GC(140) Live humongous region 25 object size 524304 start 0x0000000781900000  with remset 0 code roots 0 is marked 0 reclaim candidate 0 type array 0
[55.667s][debug][gc,humongous      ] GC(140) Live humongous region 26 object size 1048592 start 0x0000000781a00000  with remset 0 code roots 0 is marked 0 reclaim candidate 0 type array 0
[55.667s][debug][gc,humongous      ] GC(140) Live humongous region 29 object size 524304 start 0x0000000781d00000  with remset 0 code roots 0 is marked 0 reclaim candidate 0 type array 0
[55.667s][debug][gc,humongous      ] GC(140) Live humongous region 30 object size 1048592 start 0x0000000781e00000  with remset 0 code roots 0 is marked 0 reclaim candidate 0 type array 0
[55.667s][debug][gc,humongous      ] GC(140) Live humongous region 32 object size 524304 start 0x0000000782000000  with remset 0 code roots 0 is marked 0 reclaim candidate 0 type array 0
[55.667s][debug][gc,humongous      ] GC(140) Live humongous region 34 object size 1048592 start 0x0000000782200000  with remset 0 code roots 0 is marked 0 reclaim candidate 0 type array 0
[55.667s][debug][gc,humongous      ] GC(140) Live humongous region 36 object size 524304 start 0x0000000782400000  with remset 0 code roots 0 is marked 0 reclaim candidate 0 type array 0
[55.667s][debug][gc,humongous      ] GC(140) Live humongous region 38 object size 1048592 start 0x0000000782600000  with remset 0 code roots 0 is marked 0 reclaim candidate 0 type array 0
[55.667s][debug][gc,humongous      ] GC(140) Live humongous region 40 object size 524304 start 0x0000000782800000  with remset 0 code roots 0 is marked 0 reclaim candidate 0 type array 0
[55.667s][debug][gc,humongous      ] GC(140) Live humongous region 41 object size 1048592 start 0x0000000782900000  with remset 0 code roots 0 is marked 0 reclaim candidate 0 type array 0
[55.667s][debug][gc,humongous      ] GC(140) Live humongous region 43 object size 524304 start 0x0000000782b00000  with remset 0 code roots 0 is marked 0 reclaim candidate 0 type array 0
[55.667s][debug][gc,humongous      ] GC(140) Live humongous region 44 object size 1048592 start 0x0000000782c00000  with remset 0 code roots 0 is marked 0 reclaim candidate 0 type array 0
[55.667s][debug][gc,humongous      ] GC(140) Live humongous region 46 object size 524304 start 0x0000000782e00000  with remset 0 code roots 0 is marked 0 reclaim candidate 0 type array 0
[55.667s][debug][gc,humongous      ] GC(140) Live humongous region 47 object size 524304 start 0x0000000782f00000  with remset 0 code roots 0 is marked 0 reclaim candidate 0 type array 0
[55.667s][debug][gc,humongous      ] GC(140) Live humongous region 49 object size 1048592 start 0x0000000783100000  with remset 0 code roots 0 is marked 0 reclaim candidate 0 type array 0
[55.667s][debug][gc,humongous      ] GC(140) Live humongous region 51 object size 1048592 start 0x0000000783300000  with remset 0 code roots 0 is marked 0 reclaim candidate 0 type array 0
[55.667s][debug][gc,humongous      ] GC(140) Live humongous region 53 object size 524304 start 0x0000000783500000  with remset 0 code roots 0 is marked 0 reclaim candidate 0 type array 0
[55.667s][debug][gc,humongous      ] GC(140) Live humongous region 54 object size 1048592 start 0x0000000783600000  with remset 0 code roots 0 is marked 0 reclaim candidate 0 type array 0
[55.667s][debug][gc,humongous      ] GC(140) Live humongous region 56 object size 524304 start 0x0000000783800000  with remset 0 code roots 0 is marked 0 reclaim candidate 0 type array 0
[55.667s][debug][gc,humongous      ] GC(140) Live humongous region 57 object size 1048592 start 0x0000000783900000  with remset 0 code roots 0 is marked 0 reclaim candidate 0 type array 0
[55.667s][debug][gc,humongous      ] GC(140) Live humongous region 59 object size 524304 start 0x0000000783b00000  with remset 0 code roots 0 is marked 0 reclaim candidate 0 type array 0
[55.667s][debug][gc,humongous      ] GC(140) Live humongous region 61 object size 1048592 start 0x0000000783d00000  with remset 0 code roots 0 is marked 0 reclaim candidate 0 type array 0
[55.667s][debug][gc,humongous      ] GC(140) Live humongous region 63 object size 524304 start 0x0000000783f00000  with remset 0 code roots 0 is marked 0 reclaim candidate 0 type array 0
[55.667s][debug][gc,humongous      ] GC(140) Live humongous region 64 object size 1048592 start 0x0000000784000000  with remset 0 code roots 0 is marked 0 reclaim candidate 0 type array 0
[55.667s][debug][gc,humongous      ] GC(140) Live humongous region 66 object size 524304 start 0x0000000784200000  with remset 0 code roots 0 is marked 0 reclaim candidate 0 type array 0
[55.667s][debug][gc,humongous      ] GC(140) Live humongous region 67 object size 1048592 start 0x0000000784300000  with remset 0 code roots 0 is marked 0 reclaim candidate 0 type array 0
[55.667s][debug][gc,humongous      ] GC(140) Live humongous region 89 object size 524304 start 0x0000000785900000  with remset 0 code roots 0 is marked 0 reclaim candidate 0 type array 0
[55.667s][debug][gc,humongous      ] GC(140) Live humongous region 361 object size 1048592 start 0x0000000796900000  with remset 1 code roots 0 is marked 0 reclaim candidate 0 type array 0
[55.667s][debug][gc,plab           ] GC(140) Young PLAB allocation: allocated: 3145728B, wasted: 56B, unused: 981552B, used: 2164120B, undo waste: 0B, 
[55.667s][debug][gc,plab           ] GC(140) Young other allocation: region end waste: 0B, regions filled: 3, direct allocated: 0B, failure used: 0B, failure wasted: 0B
[55.667s][debug][gc,plab           ] GC(140) Young sizing: calculated: 432824B, actual: 1427208B
[55.667s][debug][gc,plab           ] GC(140) Old PLAB allocation: allocated: 26214400B, wasted: 1080B, unused: 1048664B, used: 25164656B, undo waste: 0B, 
[55.667s][debug][gc,plab           ] GC(140) Old other allocation: region end waste: 0B, regions filled: 25, direct allocated: 0B, failure used: 0B, failure wasted: 0B
[55.667s][debug][gc,plab           ] GC(140) Old sizing: calculated: 5032928B, actual: 10664376B
[55.667s][debug][gc,alloc,stats    ] Old generation allocation in the last mutator period, old gen allocated: 26214400B, humongous allocated: 0B,old gen growth: 26214400B.
[55.667s][debug][gc,ihop           ] GC(140) Basic information (value update), threshold: 0B (0.00), target occupancy: 1788870656B, current occupancy: 316669952B, recent allocation size: 26214400B, recent allocation duration: 1.70ms, recent old gen allocation rate: 15414613493.94B/s, recent marking phase length: 232.15ms
[55.667s][debug][gc,ihop           ] GC(140) Adaptive IHOP information (value update), threshold: 0B (0.00), internal target occupancy: 1699427123B, occupancy: 316669952B, additional buffer size: 174063616B, predicted old gen allocation rate: 4685244742.99B/s, predicted marking phase length: 354.98ms, prediction active: true
[55.667s][debug][gc,ergo,refine    ] GC(140) Updated Refinement Zones: green: 66, yellow: 198, red: 330
[55.667s][info ][gc,phases         ] GC(140)   Pre Evacuate Collection Set: 0.1ms
[55.667s][debug][gc,phases         ] GC(140)     Prepare TLABs: 0.0ms
[55.667s][debug][gc,phases         ] GC(140)     Choose Collection Set: 0.0ms
[55.667s][debug][gc,phases         ] GC(140)     Humongous Register: 0.0ms
[55.667s][debug][gc,phases         ] GC(140)     Clear Claimed Marks: 0.0ms
[55.667s][info ][gc,phases         ] GC(140)   Evacuate Collection Set: 18.8ms
[55.667s][debug][gc,phases         ] GC(140)     Ext Root Scanning (ms):   Min:  0.2, Avg:  0.2, Max:  0.2, Diff:  0.0, Sum:  0.7, Workers: 4
[55.667s][debug][gc,phases         ] GC(140)     Update RS (ms):           Min:  0.8, Avg:  1.0, Max:  1.3, Diff:  0.5, Sum:  3.8, Workers: 4
[55.667s][debug][gc,phases         ] GC(140)       Processed Buffers:        Min: 2, Avg:  2.5, Max: 4, Diff: 2, Sum: 10, Workers: 4
[55.667s][debug][gc,phases         ] GC(140)       Scanned Cards:            Min: 474, Avg: 515.8, Max: 603, Diff: 129, Sum: 2063, Workers: 4
[55.667s][debug][gc,phases         ] GC(140)       Skipped Cards:            Min: 0, Avg:  0.0, Max: 0, Diff: 0, Sum: 0, Workers: 4
[55.667s][debug][gc,phases         ] GC(140)     Scan RS (ms):             Min:  0.0, Avg:  0.0, Max:  0.0, Diff:  0.0, Sum:  0.0, Workers: 4
[55.667s][debug][gc,phases         ] GC(140)       Scanned Cards:            Min: 0, Avg:  0.0, Max: 0, Diff: 0, Sum: 0, Workers: 4
[55.667s][debug][gc,phases         ] GC(140)       Claimed Cards:            Min: 0, Avg:  0.0, Max: 0, Diff: 0, Sum: 0, Workers: 4
[55.667s][debug][gc,phases         ] GC(140)       Skipped Cards:            Min: 0, Avg:  0.0, Max: 0, Diff: 0, Sum: 0, Workers: 4
[55.667s][debug][gc,phases         ] GC(140)     Code Root Scanning (ms):  Min:  0.0, Avg:  0.0, Max:  0.0, Diff:  0.0, Sum:  0.0, Workers: 4
[55.667s][debug][gc,phases         ] GC(140)     JVMCI Root Scan (ms):     skipped
[55.667s][debug][gc,phases         ] GC(140)     Object Copy (ms):         Min: 17.0, Avg: 17.3, Max: 17.5, Diff:  0.5, Sum: 69.4, Workers: 4
[55.667s][debug][gc,phases         ] GC(140)     Termination (ms):         Min:  0.0, Avg:  0.0, Max:  0.0, Diff:  0.0, Sum:  0.0, Workers: 4
[55.667s][debug][gc,phases         ] GC(140)       Termination Attempts:     Min: 1, Avg:  1.0, Max: 1, Diff: 0, Sum: 4, Workers: 4
[55.667s][debug][gc,phases         ] GC(140)     GC Worker Other (ms):     Min:  0.1, Avg:  0.2, Max:  0.3, Diff:  0.2, Sum:  0.8, Workers: 4
[55.667s][debug][gc,phases         ] GC(140)     GC Worker Total (ms):     Min: 18.5, Avg: 18.7, Max: 18.8, Diff:  0.2, Sum: 74.7, Workers: 4
[55.667s][info ][gc,phases         ] GC(140)   Post Evacuate Collection Set: 0.5ms
[55.667s][debug][gc,phases         ] GC(140)     Code Roots Fixup: 0.0ms
[55.667s][debug][gc,phases         ] GC(140)     Clear Card Table: 0.0ms
[55.667s][debug][gc,phases         ] GC(140)     Reference Processing: 0.0ms
[55.667s][debug][gc,phases,ref     ] GC(140)       Reconsider SoftReferences: 0.0ms
[55.667s][debug][gc,phases,ref     ] GC(140)         SoftRef (ms):             skipped
[55.667s][debug][gc,phases,ref     ] GC(140)       Notify Soft/WeakReferences: 0.0ms
[55.667s][debug][gc,phases,ref     ] GC(140)         SoftRef (ms):             skipped
[55.667s][debug][gc,phases,ref     ] GC(140)         WeakRef (ms):             skipped
[55.667s][debug][gc,phases,ref     ] GC(140)         FinalRef (ms):            skipped
[55.667s][debug][gc,phases,ref     ] GC(140)         Total (ms):               skipped
[55.667s][debug][gc,phases,ref     ] GC(140)       Notify and keep alive finalizable: 0.0ms
[55.667s][debug][gc,phases,ref     ] GC(140)         FinalRef (ms):            skipped
[55.667s][debug][gc,phases,ref     ] GC(140)       Notify PhantomReferences: 0.0ms
[55.667s][debug][gc,phases,ref     ] GC(140)         PhantomRef (ms):          skipped
[55.667s][debug][gc,phases,ref     ] GC(140)       SoftReference:
[55.667s][debug][gc,phases,ref     ] GC(140)         Discovered: 0
[55.667s][debug][gc,phases,ref     ] GC(140)         Cleared: 0
[55.667s][debug][gc,phases,ref     ] GC(140)       WeakReference:
[55.667s][debug][gc,phases,ref     ] GC(140)         Discovered: 0
[55.667s][debug][gc,phases,ref     ] GC(140)         Cleared: 0
[55.667s][debug][gc,phases,ref     ] GC(140)       FinalReference:
[55.667s][debug][gc,phases,ref     ] GC(140)         Discovered: 0
[55.667s][debug][gc,phases,ref     ] GC(140)         Cleared: 0
[55.667s][debug][gc,phases,ref     ] GC(140)       PhantomReference:
[55.667s][debug][gc,phases,ref     ] GC(140)         Discovered: 0
[55.667s][debug][gc,phases,ref     ] GC(140)         Cleared: 0
[55.667s][debug][gc,phases         ] GC(140)     Weak Processing: 0.0ms
[55.667s][debug][gc,phases         ] GC(140)     Merge Per-Thread State: 0.0ms
[55.667s][debug][gc,phases         ] GC(140)     Code Roots Purge: 0.0ms
[55.667s][debug][gc,phases         ] GC(140)     Redirty Cards: 0.0ms
[55.668s][debug][gc,phases         ] GC(140)     DerivedPointerTable Update: 0.0ms
[55.668s][debug][gc,phases         ] GC(140)     Free Collection Set: 0.1ms
[55.668s][debug][gc,phases         ] GC(140)     Humongous Reclaim: 0.3ms
[55.668s][debug][gc,phases         ] GC(140)     Start New Collection Set: 0.0ms
[55.668s][debug][gc,phases         ] GC(140)     Resize TLABs: 0.0ms
[55.668s][debug][gc,phases         ] GC(140)     Expand Heap After Collection: 0.0ms
[55.668s][info ][gc,phases         ] GC(140)   Other: 0.3ms
[55.668s][info ][gc,heap           ] GC(140) Eden regions: 3->0(163)
[55.668s][info ][gc,heap           ] GC(140) Survivor regions: 24->3(25)
[55.668s][info ][gc,heap           ] GC(140) Old regions: 220->245
[55.668s][info ][gc,heap           ] GC(140) Humongous regions: 54->54
[55.668s][info ][gc,metaspace      ] GC(140) Metaspace: 13377K->13377K(1062912K)
[55.668s][debug][gc,heap           ] GC(140) Heap after GC invocations=141 (full 0): garbage-first heap   total 1746944K, used 309248K [0x0000000780000000, 0x0000000800000000)
[55.668s][debug][gc,heap           ] GC(140)   region size 1024K, 3 young (3072K), 3 survivors (3072K)
[55.668s][debug][gc,heap           ] GC(140)  Metaspace       used 13377K, capacity 13810K, committed 14080K, reserved 1062912K
[55.668s][debug][gc,heap           ] GC(140)   class space    used 1352K, capacity 1515K, committed 1536K, reserved 1048576K
[55.668s][info ][gc                ] GC(140) Pause Young (Concurrent Start) (G1 Humongous Allocation) 300M->302M(1706M) 20.206ms
[55.668s][info ][gc,cpu            ] GC(140) User=0.07s Sys=0.00s Real=0.02s
[55.668s][info ][gc                ] GC(141) Concurrent Cycle
[55.668s][info ][gc,marking        ] GC(141) Concurrent Clear Claimed Marks
[55.668s][info ][gc,marking        ] GC(141) Concurrent Clear Claimed Marks 0.076ms
[55.668s][info ][gc,marking        ] GC(141) Concurrent Scan Root Regions
[55.668s][debug][gc,ergo           ] GC(141) Running G1 Root Region Scan using 1 workers for 3 work units.
[55.669s][info ][gc,marking        ] GC(141) Concurrent Scan Root Regions 0.767ms
[55.669s][info ][gc,marking        ] GC(141) Concurrent Mark (55.669s)
[55.669s][info ][gc,marking        ] GC(141) Concurrent Mark From Roots
[55.669s][info ][gc,task           ] GC(141) Using 1 workers of 1 for marking
[55.678s][debug][gc,stats          ] ---------------------------------------------------------------------
[55.679s][debug][gc,stats          ] Marking Stats, task = 0, calls = 1
[55.679s][debug][gc,stats          ]   Elapsed time = 9.75ms, Termination time = 0.00ms
[55.679s][debug][gc,stats          ]   Step Times (cum): num = 1056, avg = 0.50ms, sd = 1.92ms max = 9.90ms, total = 530.56ms
[55.679s][debug][gc,stats          ]   Mark Stats Cache: hits 173466 misses 60 ratio 99.965
[55.679s][debug][gc,stats          ] ---------------------------------------------------------------------
[55.679s][info ][gc,marking        ] GC(141) Concurrent Mark From Roots 9.990ms
[55.679s][info ][gc,marking        ] GC(141) Concurrent Preclean
[55.679s][debug][gc,ref,start      ] GC(141) Preclean SoftReferences
[55.679s][debug][gc,ref            ] GC(141) Preclean SoftReferences 0.018ms
[55.679s][debug][gc,ref,start      ] GC(141) Preclean WeakReferences
[55.679s][debug][gc,ref            ] GC(141) Preclean WeakReferences 0.023ms
[55.679s][debug][gc,ref,start      ] GC(141) Preclean FinalReferences
[55.679s][debug][gc,ref            ] GC(141) Preclean FinalReferences 0.010ms
[55.679s][debug][gc,ref,start      ] GC(141) Preclean PhantomReferences
[55.679s][debug][gc,ref            ] GC(141) Preclean PhantomReferences 0.010ms
[55.679s][info ][gc,marking        ] GC(141) Concurrent Preclean 0.107ms
[55.679s][info ][gc,marking        ] GC(141) Concurrent Mark (55.669s, 55.679s) 10.125ms
[55.679s][info ][gc,start          ] GC(141) Pause Remark
[55.679s][debug][gc,phases,start   ] GC(141) Finalize Marking
[55.680s][debug][gc,stats          ] ---------------------------------------------------------------------
[55.680s][debug][gc,stats          ] Marking Stats, task = 0, calls = 18
[55.680s][debug][gc,stats          ]   Elapsed time = 0.80ms, Termination time = 0.77ms
[55.680s][debug][gc,stats          ]   Step Times (cum): num = 1073, avg = 0.50ms, sd = 1.90ms max = 9.90ms, total = 531.35ms
[55.680s][debug][gc,stats          ]   Mark Stats Cache: hits 173466 misses 60 ratio 99.965
[55.680s][debug][gc,stats          ] ---------------------------------------------------------------------
[55.680s][debug][gc,stats          ] Marking Stats, task = 1, calls = 1
[55.680s][debug][gc,stats          ]   Elapsed time = 0.77ms, Termination time = 0.74ms
[55.680s][debug][gc,stats          ]   Step Times (cum): num = 60, avg = 0.17ms, sd = 0.22ms max = 0.77ms, total = 10.30ms
[55.680s][debug][gc,stats          ]   Mark Stats Cache: hits 116 misses 4 ratio 96.667
[55.680s][debug][gc,stats          ] ---------------------------------------------------------------------
[55.680s][debug][gc,stats          ] Marking Stats, task = 2, calls = 1
[55.680s][debug][gc,stats          ]   Elapsed time = 0.76ms, Termination time = 0.73ms
[55.680s][debug][gc,stats          ]   Step Times (cum): num = 59, avg = 0.13ms, sd = 0.23ms max = 0.75ms, total = 7.79ms
[55.680s][debug][gc,stats          ]   Mark Stats Cache: hits 26 misses 3 ratio 89.655
[55.680s][debug][gc,stats          ] ---------------------------------------------------------------------
[55.680s][debug][gc,stats          ] Marking Stats, task = 3, calls = 1
[55.680s][debug][gc,stats          ]   Elapsed time = 0.01ms, Termination time = 0.00ms
[55.680s][debug][gc,stats          ]   Step Times (cum): num = 57, avg = 0.01ms, sd = 0.01ms max = 0.08ms, total = 0.31ms
[55.680s][debug][gc,stats          ]   Mark Stats Cache: hits 67 misses 4 ratio 94.366
[55.680s][debug][gc,stats          ] ---------------------------------------------------------------------
[55.680s][debug][gc,phases         ] GC(141) Finalize Marking 1.160ms
[55.680s][debug][gc,phases,start   ] GC(141) Reference Processing
[55.680s][debug][gc,ref            ] GC(141) Skipped phase1 of Reference Processing due to unavailable references
[55.680s][debug][gc,ref            ] GC(141) Skipped phase2 of Reference Processing due to unavailable references
[55.680s][debug][gc,ref            ] GC(141) Skipped phase3 of Reference Processing due to unavailable references
[55.680s][debug][gc,ref            ] GC(141) Skipped phase4 of Reference Processing due to unavailable references
[55.680s][debug][gc,phases,ref     ] GC(141) Reference Processing: 0.0ms
[55.680s][debug][gc,phases,ref     ] GC(141)   Reconsider SoftReferences: 0.0ms
[55.680s][debug][gc,phases,ref     ] GC(141)     SoftRef (ms):             skipped
[55.680s][debug][gc,phases,ref     ] GC(141)   Notify Soft/WeakReferences: 0.0ms
[55.680s][debug][gc,phases,ref     ] GC(141)     SoftRef (ms):             skipped
[55.680s][debug][gc,phases,ref     ] GC(141)     WeakRef (ms):             skipped
[55.680s][debug][gc,phases,ref     ] GC(141)     FinalRef (ms):            skipped
[55.680s][debug][gc,phases,ref     ] GC(141)     Total (ms):               skipped
[55.680s][debug][gc,phases,ref     ] GC(141)   Notify and keep alive finalizable: 0.0ms
[55.680s][debug][gc,phases,ref     ] GC(141)     FinalRef (ms):            skipped
[55.680s][debug][gc,phases,ref     ] GC(141)   Notify PhantomReferences: 0.0ms
[55.680s][debug][gc,phases,ref     ] GC(141)     PhantomRef (ms):          skipped
[55.680s][debug][gc,phases,ref     ] GC(141)   SoftReference:
[55.680s][debug][gc,phases,ref     ] GC(141)     Discovered: 0
[55.680s][debug][gc,phases,ref     ] GC(141)     Cleared: 0
[55.680s][debug][gc,phases,ref     ] GC(141)   WeakReference:
[55.680s][debug][gc,phases,ref     ] GC(141)     Discovered: 0
[55.680s][debug][gc,phases,ref     ] GC(141)     Cleared: 0
[55.680s][debug][gc,phases,ref     ] GC(141)   FinalReference:
[55.680s][debug][gc,phases,ref     ] GC(141)     Discovered: 0
[55.680s][debug][gc,phases,ref     ] GC(141)     Cleared: 0
[55.680s][debug][gc,phases,ref     ] GC(141)   PhantomReference:
[55.680s][debug][gc,phases,ref     ] GC(141)     Discovered: 0
[55.680s][debug][gc,phases,ref     ] GC(141)     Cleared: 0
[55.680s][debug][gc,phases         ] GC(141) Reference Processing 0.239ms
[55.680s][debug][gc,phases,start   ] GC(141) Weak Processing
[55.680s][debug][gc,phases         ] GC(141) Weak Processing 0.049ms
[55.680s][debug][gc,phases,start   ] GC(141) Class Unloading
[55.680s][debug][gc,phases,start   ] GC(141) ClassLoaderData
[55.681s][debug][gc,phases         ] GC(141) ClassLoaderData 0.147ms
[55.681s][debug][gc,phases,start   ] GC(141) ProtectionDomainCacheTable
[55.681s][debug][gc,phases         ] GC(141) ProtectionDomainCacheTable 0.021ms
[55.682s][info ][gc,stringtable    ] GC(141) Cleaned string and symbol table, strings: 6188 processed, 0 removed, symbols: 45234 processed, 1 removed
[55.683s][debug][gc,phases         ] GC(141) Class Unloading 2.150ms
[55.683s][debug][gc,phases,start   ] GC(141) Flush Task Caches
[55.683s][debug][gc,stats          ] Mark stats cache hits 173675 misses 71 ratio 99.959
[55.683s][debug][gc,phases         ] GC(141) Flush Task Caches 0.029ms
[55.683s][debug][gc,phases,start   ] GC(141) Update Remembered Set Tracking Before Rebuild
[55.683s][debug][gc,ergo           ] GC(141) Running G1 Update RemSet Tracking Before Rebuild using 4 workers for 1706 regions in heap
[55.683s][debug][gc,remset,tracking] GC(141) Remembered Set Tracking update regions total 1706, selected 64
[55.683s][debug][gc,phases         ] GC(141) Update Remembered Set Tracking Before Rebuild 0.390ms
[55.683s][debug][gc,phases,start   ] GC(141) Reclaim Empty Regions
[55.683s][debug][gc                ] GC(141) Reclaimed 235 empty regions
[55.684s][debug][gc,phases         ] GC(141) Reclaim Empty Regions 0.600ms
[55.684s][debug][gc,phases,start   ] GC(141) Purge Metaspace
[55.684s][debug][gc,phases         ] GC(141) Purge Metaspace 0.015ms
[55.684s][debug][gc,phases,start   ] GC(141) Report Object Count
[55.684s][debug][gc,phases         ] GC(141) Report Object Count 0.020ms
[55.684s][info ][gc                ] GC(141) Pause Remark 310M->75M(1706M) 4.924ms
[55.684s][info ][gc,cpu            ] GC(141) User=0.01s Sys=0.00s Real=0.00s
[55.684s][info ][gc,marking        ] GC(141) Concurrent Rebuild Remembered Sets
[55.692s][info ][gc,marking        ] GC(141) Concurrent Rebuild Remembered Sets 7.871ms
[55.692s][info ][gc,start          ] GC(141) Pause Cleanup
[55.692s][debug][gc,phases,start   ] GC(141) Update Remembered Set Tracking After Rebuild
[55.692s][debug][gc,phases         ] GC(141) Update Remembered Set Tracking After Rebuild 0.043ms
[55.692s][debug][gc,phases,start   ] GC(141) Finalize Concurrent Mark Cleanup
[55.692s][debug][gc,ergo           ] GC(141) request young-only gcs (reclaimable percentage not over threshold). candidate old regions: 62 reclaimable: 61150656 (3.42) threshold: 5
[55.692s][debug][gc,phases         ] GC(141) Finalize Concurrent Mark Cleanup 0.166ms
[55.692s][info ][gc                ] GC(141) Pause Cleanup 75M->75M(1706M) 0.252ms
[55.692s][info ][gc,cpu            ] GC(141) User=0.00s Sys=0.00s Real=0.00s
[55.692s][info ][gc,marking        ] GC(141) Concurrent Cleanup for Next Mark
[55.692s][debug][gc,ergo           ] GC(141) Running G1 Clear Bitmap with 1 workers for 27 work units.
[55.696s][info ][gc,marking        ] GC(141) Concurrent Cleanup for Next Mark 4.105ms
[55.697s][info ][gc                ] GC(141) Concurrent Cycle 28.812ms
[55.785s][debug][gc,ergo,ihop      ] Request concurrent cycle initiation (occupancy higher than threshold) occupancy: 70254592B allocation request: 524304B threshold: 0B (0.00) source: concurrent humongous allocation
[55.785s][debug][gc,ergo           ] Request concurrent cycle initiation (requested by GC cause). GC cause: G1 Humongous Allocation
[55.786s][debug][gc,heap           ] GC(142) Heap before GC invocations=142 (full 0): garbage-first heap   total 1746944K, used 81920K [0x0000000780000000, 0x0000000800000000)
[55.786s][debug][gc,heap           ] GC(142)   region size 1024K, 14 young (14336K), 3 survivors (3072K)
[55.786s][debug][gc,heap           ] GC(142)  Metaspace       used 13378K, capacity 13810K, committed 14080K, reserved 1062912K
[55.786s][debug][gc,heap           ] GC(142)   class space    used 1352K, capacity 1515K, committed 1536K, reserved 1048576K
[55.786s][debug][gc,ergo           ] GC(142) Initiate concurrent cycle (concurrent cycle initiation requested)
[55.786s][info ][gc,start          ] GC(142) Pause Young (Concurrent Start) (G1 Humongous Allocation)
[55.786s][info ][gc,task           ] GC(142) Using 4 workers of 4 for evacuation
[55.786s][debug][gc,tlab           ] GC(142) TLAB totals: thrds: 4  refills: 60 max: 31 slow allocs: 8 max 3 waste:  4.5% gc: 478272B max: 473744B slow: 33072B max: 17648B fast: 0B max: 0B
[55.786s][debug][gc,alloc,region   ] GC(142) Mutator Allocation stats, regions: 11, wasted size: 0B ( 0.0%)
[55.786s][debug][gc,age            ] GC(142) Desired survivor size 11010048 bytes, new threshold 15 (max threshold 15)
[55.787s][debug][gc,ergo,cset      ] GC(142) Finish choosing CSet. old: 0 regions, predicted old region time: 0.00ms, time remaining: 179.26
[55.787s][debug][gc,task,stats     ] GC(142) GC Termination Stats
[55.787s][debug][gc,task,stats     ] GC(142)      elapsed  --strong roots-- -------termination------- ------waste (KiB)------
[55.787s][debug][gc,task,stats     ] GC(142) thr     ms        ms      %        ms      %    attempts  total   alloc    undo
[55.787s][debug][gc,task,stats     ] GC(142) --- --------- --------- ------ --------- ------ -------- ------- ------- -------
[55.807s][debug][gc,task,stats     ] GC(142)   1     19.92     16.96  85.14      0.01   0.04        5       0       0       0
[55.808s][debug][gc,task,stats     ] GC(142)   3     19.69      4.22  21.41      0.05   0.25        4       0       0       0
[55.808s][debug][gc,task,stats     ] GC(142)   0     20.41      4.89  23.93      0.02   0.08        4       0       0       0
[55.808s][debug][gc,task,stats     ] GC(142)   2     20.09     18.14  90.31      0.02   0.12        6       0       0       0
[55.808s][debug][gc,ergo           ] GC(142) Running G1 Clear Card Table Task using 1 workers for 1 units of work for 23 regions.
[55.808s][debug][gc,ref            ] GC(142) Skipped phase1 of Reference Processing due to unavailable references
[55.808s][debug][gc,ref            ] GC(142) Skipped phase2 of Reference Processing due to unavailable references
[55.808s][debug][gc,ref            ] GC(142) Skipped phase3 of Reference Processing due to unavailable references
[55.808s][debug][gc,ref            ] GC(142) Skipped phase4 of Reference Processing due to unavailable references
[55.808s][debug][gc,ergo           ] GC(142) Running G1 Free Collection Set using 1 workers for collection set length 14
[55.808s][debug][gc,humongous      ] GC(142) Live humongous region 280 object size 524304 start 0x0000000791800000  with remset 0 code roots 0 is marked 0 reclaim candidate 0 type array 0
[55.808s][debug][gc,humongous      ] GC(142) Live humongous region 281 object size 1048592 start 0x0000000791900000  with remset 1 code roots 0 is marked 0 reclaim candidate 0 type array 0
[55.808s][debug][gc,plab           ] GC(142) Young PLAB allocation: allocated: 13296512B, wasted: 848B, unused: 479464B, used: 12816200B, undo waste: 0B, 
[55.808s][debug][gc,plab           ] GC(142) Young other allocation: region end waste: 0B, regions filled: 13, direct allocated: 0B, failure used: 0B, failure wasted: 0B
[55.808s][debug][gc,plab           ] GC(142) Young sizing: calculated: 2563240B, actual: 2279232B
[55.808s][debug][gc,plab           ] GC(142) Old PLAB allocation: allocated: 0B, wasted: 0B, unused: 0B, used: 0B, undo waste: 0B, 
[55.808s][debug][gc,plab           ] GC(142) Old other allocation: region end waste: 0B, regions filled: 0, direct allocated: 0B, failure used: 0B, failure wasted: 0B
[55.808s][debug][gc,plab           ] GC(142) Old sizing: calculated: 0B, actual: 2666088B
[55.808s][debug][gc,alloc,stats    ] Old generation allocation in the last mutator period, old gen allocated: 0B, humongous allocated: 3145728B,old gen growth: 0B.
[55.808s][debug][gc,ihop           ] GC(142) Basic information (value update), threshold: 0B (0.00), target occupancy: 1788870656B, current occupancy: 83551104B, recent allocation size: 3145728B, recent allocation duration: 114.15ms, recent old gen allocation rate: 27558800.75B/s, recent marking phase length: 232.15ms
[55.808s][debug][gc,ihop           ] GC(142) Adaptive IHOP information (value update), threshold: 0B (0.00), internal target occupancy: 1699427123B, occupancy: 83551104B, additional buffer size: 182452224B, predicted old gen allocation rate: 4523851809.70B/s, predicted marking phase length: 354.98ms, prediction active: true
[55.808s][debug][gc,ergo,refine    ] GC(142) Updated Refinement Zones: green: 66, yellow: 198, red: 330
[55.808s][info ][gc,phases         ] GC(142)   Pre Evacuate Collection Set: 0.2ms
[55.808s][debug][gc,phases         ] GC(142)     Prepare TLABs: 0.1ms
[55.808s][debug][gc,phases         ] GC(142)     Choose Collection Set: 0.1ms
[55.809s][debug][gc,phases         ] GC(142)     Humongous Register: 0.1ms
[55.809s][debug][gc,phases         ] GC(142)     Clear Claimed Marks: 0.0ms
[55.809s][info ][gc,phases         ] GC(142)   Evacuate Collection Set: 20.7ms
[55.809s][debug][gc,phases         ] GC(142)     Ext Root Scanning (ms):   Min:  0.4, Avg:  0.7, Max:  0.9, Diff:  0.4, Sum:  2.6, Workers: 4
[55.809s][debug][gc,phases         ] GC(142)     Update RS (ms):           Min:  1.2, Avg:  1.7, Max:  2.5, Diff:  1.3, Sum:  6.9, Workers: 4
[55.809s][debug][gc,phases         ] GC(142)       Processed Buffers:        Min: 3, Avg:  4.0, Max: 7, Diff: 4, Sum: 16, Workers: 4
[55.809s][debug][gc,phases         ] GC(142)       Scanned Cards:            Min: 676, Avg: 817.2, Max: 1057, Diff: 381, Sum: 3269, Workers: 4
[55.809s][debug][gc,phases         ] GC(142)       Skipped Cards:            Min: 0, Avg:  0.0, Max: 0, Diff: 0, Sum: 0, Workers: 4
[55.809s][debug][gc,phases         ] GC(142)     Scan RS (ms):             Min:  0.0, Avg:  0.1, Max:  0.3, Diff:  0.3, Sum:  0.3, Workers: 4
[55.809s][debug][gc,phases         ] GC(142)       Scanned Cards:            Min: 0, Avg: 35.2, Max: 139, Diff: 139, Sum: 141, Workers: 4
[55.809s][debug][gc,phases         ] GC(142)       Claimed Cards:            Min: 0, Avg: 198.0, Max: 697, Diff: 697, Sum: 792, Workers: 4
[55.809s][debug][gc,phases         ] GC(142)       Skipped Cards:            Min: 0, Avg: 39.8, Max: 95, Diff: 95, Sum: 159, Workers: 4
[55.809s][debug][gc,phases         ] GC(142)     Code Root Scanning (ms):  Min:  0.0, Avg:  0.0, Max:  0.0, Diff:  0.0, Sum:  0.0, Workers: 4
[55.809s][debug][gc,phases         ] GC(142)     JVMCI Root Scan (ms):     skipped
[55.809s][debug][gc,phases         ] GC(142)     Object Copy (ms):         Min: 16.9, Avg: 17.4, Max: 18.0, Diff:  1.1, Sum: 69.7, Workers: 4
[55.809s][debug][gc,phases         ] GC(142)     Termination (ms):         Min:  0.0, Avg:  0.0, Max:  0.0, Diff:  0.0, Sum:  0.1, Workers: 4
[55.809s][debug][gc,phases         ] GC(142)       Termination Attempts:     Min: 4, Avg:  4.8, Max: 6, Diff: 2, Sum: 19, Workers: 4
[55.809s][debug][gc,phases         ] GC(142)     GC Worker Other (ms):     Min:  0.1, Avg:  0.2, Max:  0.3, Diff:  0.2, Sum:  0.8, Workers: 4
[55.809s][debug][gc,phases         ] GC(142)     GC Worker Total (ms):     Min: 19.7, Avg: 20.1, Max: 20.5, Diff:  0.7, Sum: 80.4, Workers: 4
[55.809s][info ][gc,phases         ] GC(142)   Post Evacuate Collection Set: 0.5ms
[55.809s][debug][gc,phases         ] GC(142)     Code Roots Fixup: 0.0ms
[55.809s][debug][gc,phases         ] GC(142)     Clear Card Table: 0.1ms
[55.809s][debug][gc,phases         ] GC(142)     Reference Processing: 0.1ms
[55.809s][debug][gc,phases,ref     ] GC(142)       Reconsider SoftReferences: 0.0ms
[55.809s][debug][gc,phases,ref     ] GC(142)         SoftRef (ms):             skipped
[55.809s][debug][gc,phases,ref     ] GC(142)       Notify Soft/WeakReferences: 0.0ms
[55.809s][debug][gc,phases,ref     ] GC(142)         SoftRef (ms):             skipped
[55.809s][debug][gc,phases,ref     ] GC(142)         WeakRef (ms):             skipped
[55.810s][debug][gc,phases,ref     ] GC(142)         FinalRef (ms):            skipped
[55.810s][debug][gc,phases,ref     ] GC(142)         Total (ms):               skipped
[55.810s][debug][gc,phases,ref     ] GC(142)       Notify and keep alive finalizable: 0.0ms
[55.810s][debug][gc,phases,ref     ] GC(142)         FinalRef (ms):            skipped
[55.810s][debug][gc,phases,ref     ] GC(142)       Notify PhantomReferences: 0.0ms
[55.810s][debug][gc,phases,ref     ] GC(142)         PhantomRef (ms):          skipped
[55.810s][debug][gc,phases,ref     ] GC(142)       SoftReference:
[55.810s][debug][gc,phases,ref     ] GC(142)         Discovered: 0
[55.810s][debug][gc,phases,ref     ] GC(142)         Cleared: 0
[55.810s][debug][gc,phases,ref     ] GC(142)       WeakReference:
[55.810s][debug][gc,phases,ref     ] GC(142)         Discovered: 0
[55.810s][debug][gc,phases,ref     ] GC(142)         Cleared: 0
[55.810s][debug][gc,phases,ref     ] GC(142)       FinalReference:
[55.810s][debug][gc,phases,ref     ] GC(142)         Discovered: 0
[55.810s][debug][gc,phases,ref     ] GC(142)         Cleared: 0
[55.810s][debug][gc,phases,ref     ] GC(142)       PhantomReference:
[55.810s][debug][gc,phases,ref     ] GC(142)         Discovered: 0
[55.810s][debug][gc,phases,ref     ] GC(142)         Cleared: 0
[55.810s][debug][gc,phases         ] GC(142)     Weak Processing: 0.0ms
[55.810s][debug][gc,phases         ] GC(142)     Merge Per-Thread State: 0.0ms
[55.810s][debug][gc,phases         ] GC(142)     Code Roots Purge: 0.0ms
[55.810s][debug][gc,phases         ] GC(142)     Redirty Cards: 0.0ms
[55.810s][debug][gc,phases         ] GC(142)     DerivedPointerTable Update: 0.0ms
[55.810s][debug][gc,phases         ] GC(142)     Free Collection Set: 0.2ms
[55.810s][debug][gc,phases         ] GC(142)     Humongous Reclaim: 0.1ms
[55.810s][debug][gc,phases         ] GC(142)     Start New Collection Set: 0.0ms
[55.810s][debug][gc,phases         ] GC(142)     Resize TLABs: 0.0ms
[55.810s][debug][gc,phases         ] GC(142)     Expand Heap After Collection: 0.0ms
[55.810s][info ][gc,phases         ] GC(142)   Other: 1.4ms
[55.810s][info ][gc,heap           ] GC(142) Eden regions: 11->0(161)
[55.810s][info ][gc,heap           ] GC(142) Survivor regions: 3->13(21)
[55.810s][info ][gc,heap           ] GC(142) Old regions: 64->64
[55.810s][info ][gc,heap           ] GC(142) Humongous regions: 3->3
[55.810s][info ][gc,metaspace      ] GC(142) Metaspace: 13378K->13378K(1062912K)
[55.810s][debug][gc,heap           ] GC(142) Heap after GC invocations=143 (full 0): garbage-first heap   total 1746944K, used 81592K [0x0000000780000000, 0x0000000800000000)
[55.810s][debug][gc,heap           ] GC(142)   region size 1024K, 13 young (13312K), 13 survivors (13312K)
[55.810s][debug][gc,heap           ] GC(142)  Metaspace       used 13378K, capacity 13810K, committed 14080K, reserved 1062912K
[55.810s][debug][gc,heap           ] GC(142)   class space    used 1352K, capacity 1515K, committed 1536K, reserved 1048576K
[55.810s][info ][gc                ] GC(142) Pause Young (Concurrent Start) (G1 Humongous Allocation) 81M->79M(1706M) 24.418ms
[55.810s][info ][gc,cpu            ] GC(142) User=0.07s Sys=0.00s Real=0.02s
[55.810s][info ][gc                ] GC(143) Concurrent Cycle
[55.810s][info ][gc,marking        ] GC(143) Concurrent Clear Claimed Marks
[55.811s][info ][gc,marking        ] GC(143) Concurrent Clear Claimed Marks 0.090ms
[55.811s][info ][gc,marking        ] GC(143) Concurrent Scan Root Regions
[55.811s][debug][gc,ergo           ] GC(143) Running G1 Root Region Scan using 1 workers for 13 work units.
[55.819s][info ][gc,marking        ] GC(143) Concurrent Scan Root Regions 7.871ms
[55.819s][info ][gc,marking        ] GC(143) Concurrent Mark (55.819s)
[55.819s][info ][gc,marking        ] GC(143) Concurrent Mark From Roots
[55.819s][info ][gc,task           ] GC(143) Using 1 workers of 1 for marking
[55.827s][debug][gc,stats          ] ---------------------------------------------------------------------
[55.827s][debug][gc,stats          ] Marking Stats, task = 0, calls = 1
[55.827s][debug][gc,stats          ]   Elapsed time = 8.17ms, Termination time = 0.00ms
[55.827s][debug][gc,stats          ]   Step Times (cum): num = 1074, avg = 0.50ms, sd = 1.92ms max = 9.90ms, total = 539.52ms
[55.827s][debug][gc,stats          ]   Mark Stats Cache: hits 60231 misses 56 ratio 99.907
[55.827s][debug][gc,stats          ] ---------------------------------------------------------------------
[55.827s][info ][gc,marking        ] GC(143) Concurrent Mark From Roots 8.556ms
[55.827s][info ][gc,marking        ] GC(143) Concurrent Preclean
[55.827s][debug][gc,ref,start      ] GC(143) Preclean SoftReferences
[55.827s][debug][gc,ref            ] GC(143) Preclean SoftReferences 0.020ms
[55.827s][debug][gc,ref,start      ] GC(143) Preclean WeakReferences
[55.827s][debug][gc,ref            ] GC(143) Preclean WeakReferences 0.022ms
[55.827s][debug][gc,ref,start      ] GC(143) Preclean FinalReferences
[55.827s][debug][gc,ref            ] GC(143) Preclean FinalReferences 0.016ms
[55.827s][debug][gc,ref,start      ] GC(143) Preclean PhantomReferences
[55.827s][debug][gc,ref            ] GC(143) Preclean PhantomReferences 0.016ms
[55.827s][info ][gc,marking        ] GC(143) Concurrent Preclean 0.152ms
[55.827s][info ][gc,marking        ] GC(143) Concurrent Mark (55.819s, 55.827s) 8.753ms
[55.827s][info ][gc,start          ] GC(143) Pause Remark
[55.828s][debug][gc,phases,start   ] GC(143) Finalize Marking
[55.828s][debug][gc,stats          ] ---------------------------------------------------------------------
[55.828s][debug][gc,stats          ] Marking Stats, task = 0, calls = 18
[55.828s][debug][gc,stats          ]   Elapsed time = 0.07ms, Termination time = 0.05ms
[55.828s][debug][gc,stats          ]   Step Times (cum): num = 1091, avg = 0.49ms, sd = 1.90ms max = 9.90ms, total = 539.57ms
[55.828s][debug][gc,stats          ]   Mark Stats Cache: hits 60231 misses 56 ratio 99.907
[55.828s][debug][gc,stats          ] ---------------------------------------------------------------------
[55.828s][debug][gc,stats          ] Marking Stats, task = 1, calls = 1
[55.828s][debug][gc,stats          ]   Elapsed time = 0.08ms, Termination time = 0.06ms
[55.828s][debug][gc,stats          ]   Step Times (cum): num = 61, avg = 0.17ms, sd = 0.22ms max = 0.77ms, total = 10.36ms
[55.828s][debug][gc,stats          ]   Mark Stats Cache: hits 55 misses 3 ratio 94.828
[55.828s][debug][gc,stats          ] ---------------------------------------------------------------------
[55.828s][debug][gc,stats          ] Marking Stats, task = 2, calls = 1
[55.828s][debug][gc,stats          ]   Elapsed time = 0.02ms, Termination time = 0.01ms
[55.828s][debug][gc,stats          ]   Step Times (cum): num = 60, avg = 0.13ms, sd = 0.23ms max = 0.75ms, total = 7.80ms
[55.828s][debug][gc,stats          ]   Mark Stats Cache: hits 135 misses 3 ratio 97.826
[55.828s][debug][gc,stats          ] ---------------------------------------------------------------------
[55.828s][debug][gc,stats          ] Marking Stats, task = 3, calls = 1
[55.828s][debug][gc,stats          ]   Elapsed time = 0.01ms, Termination time = 0.00ms
[55.828s][debug][gc,stats          ]   Step Times (cum): num = 58, avg = 0.01ms, sd = 0.01ms max = 0.08ms, total = 0.31ms
[55.828s][debug][gc,stats          ]   Mark Stats Cache: hits 0 misses 0 ratio 0.000
[55.828s][debug][gc,stats          ] ---------------------------------------------------------------------
[55.828s][debug][gc,phases         ] GC(143) Finalize Marking 0.434ms
[55.828s][debug][gc,phases,start   ] GC(143) Reference Processing
[55.828s][debug][gc,ref            ] GC(143) Skipped phase1 of Reference Processing due to unavailable references
[55.828s][debug][gc,ref            ] GC(143) Skipped phase2 of Reference Processing due to unavailable references
[55.828s][debug][gc,ref            ] GC(143) Skipped phase3 of Reference Processing due to unavailable references
[55.828s][debug][gc,ref            ] GC(143) Skipped phase4 of Reference Processing due to unavailable references
[55.828s][debug][gc,phases,ref     ] GC(143) Reference Processing: 0.1ms
[55.828s][debug][gc,phases,ref     ] GC(143)   Reconsider SoftReferences: 0.0ms
[55.828s][debug][gc,phases,ref     ] GC(143)     SoftRef (ms):             skipped
[55.828s][debug][gc,phases,ref     ] GC(143)   Notify Soft/WeakReferences: 0.0ms
[55.828s][debug][gc,phases,ref     ] GC(143)     SoftRef (ms):             skipped
[55.828s][debug][gc,phases,ref     ] GC(143)     WeakRef (ms):             skipped
[55.828s][debug][gc,phases,ref     ] GC(143)     FinalRef (ms):            skipped
[55.828s][debug][gc,phases,ref     ] GC(143)     Total (ms):               skipped
[55.828s][debug][gc,phases,ref     ] GC(143)   Notify and keep alive finalizable: 0.0ms
[55.828s][debug][gc,phases,ref     ] GC(143)     FinalRef (ms):            skipped
[55.828s][debug][gc,phases,ref     ] GC(143)   Notify PhantomReferences: 0.0ms
[55.828s][debug][gc,phases,ref     ] GC(143)     PhantomRef (ms):          skipped
[55.828s][debug][gc,phases,ref     ] GC(143)   SoftReference:
[55.828s][debug][gc,phases,ref     ] GC(143)     Discovered: 0
[55.828s][debug][gc,phases,ref     ] GC(143)     Cleared: 0
[55.828s][debug][gc,phases,ref     ] GC(143)   WeakReference:
[55.828s][debug][gc,phases,ref     ] GC(143)     Discovered: 0
[55.828s][debug][gc,phases,ref     ] GC(143)     Cleared: 0
[55.828s][debug][gc,phases,ref     ] GC(143)   FinalReference:
[55.828s][debug][gc,phases,ref     ] GC(143)     Discovered: 0
[55.828s][debug][gc,phases,ref     ] GC(143)     Cleared: 0
[55.828s][debug][gc,phases,ref     ] GC(143)   PhantomReference:
[55.828s][debug][gc,phases,ref     ] GC(143)     Discovered: 0
[55.828s][debug][gc,phases,ref     ] GC(143)     Cleared: 0
[55.828s][debug][gc,phases         ] GC(143) Reference Processing 0.403ms
[55.828s][debug][gc,phases,start   ] GC(143) Weak Processing
[55.828s][debug][gc,phases         ] GC(143) Weak Processing 0.029ms
[55.828s][debug][gc,phases,start   ] GC(143) Class Unloading
[55.828s][debug][gc,phases,start   ] GC(143) ClassLoaderData
[55.828s][debug][gc,phases         ] GC(143) ClassLoaderData 0.057ms
[55.829s][debug][gc,phases,start   ] GC(143) ProtectionDomainCacheTable
[55.829s][debug][gc,phases         ] GC(143) ProtectionDomainCacheTable 0.015ms
[55.830s][info ][gc,stringtable    ] GC(143) Cleaned string and symbol table, strings: 6188 processed, 6 removed, symbols: 45233 processed, 0 removed
[55.830s][debug][gc,phases         ] GC(143) Class Unloading 1.607ms
[55.830s][debug][gc,phases,start   ] GC(143) Flush Task Caches
[55.830s][debug][gc,stats          ] Mark stats cache hits 60421 misses 62 ratio 99.897
[55.830s][debug][gc,phases         ] GC(143) Flush Task Caches 0.040ms
[55.830s][debug][gc,phases,start   ] GC(143) Update Remembered Set Tracking Before Rebuild
[55.830s][debug][gc,ergo           ] GC(143) Running G1 Update RemSet Tracking Before Rebuild using 4 workers for 1706 regions in heap
[55.830s][debug][gc,remset,tracking] GC(143) Remembered Set Tracking update regions total 1706, selected 58
[55.830s][debug][gc,phases         ] GC(143) Update Remembered Set Tracking Before Rebuild 0.236ms
[55.830s][debug][gc,phases,start   ] GC(143) Reclaim Empty Regions
[55.830s][debug][gc                ] GC(143) Reclaimed 9 empty regions
[55.831s][debug][gc,phases         ] GC(143) Reclaim Empty Regions 0.191ms
[55.831s][debug][gc,phases,start   ] GC(143) Purge Metaspace
[55.831s][debug][gc,phases         ] GC(143) Purge Metaspace 0.015ms
[55.831s][debug][gc,phases,start   ] GC(143) Report Object Count
[55.831s][debug][gc,phases         ] GC(143) Report Object Count 0.014ms
[55.831s][info ][gc                ] GC(143) Pause Remark 88M->79M(1706M) 3.187ms
[55.831s][info ][gc,cpu            ] GC(143) User=0.00s Sys=0.00s Real=0.00s
[55.831s][info ][gc,marking        ] GC(143) Concurrent Rebuild Remembered Sets
[55.839s][info ][gc,marking        ] GC(143) Concurrent Rebuild Remembered Sets 8.028ms
[55.839s][info ][gc,start          ] GC(143) Pause Cleanup
[55.839s][debug][gc,phases,start   ] GC(143) Update Remembered Set Tracking After Rebuild
[55.839s][debug][gc,phases         ] GC(143) Update Remembered Set Tracking After Rebuild 0.059ms
[55.839s][debug][gc,phases,start   ] GC(143) Finalize Concurrent Mark Cleanup
[55.839s][debug][gc,ergo           ] GC(143) request young-only gcs (reclaimable percentage not over threshold). candidate old regions: 57 reclaimable: 58124648 (3.25) threshold: 5
[55.839s][debug][gc,phases         ] GC(143) Finalize Concurrent Mark Cleanup 0.181ms
[55.839s][info ][gc                ] GC(143) Pause Cleanup 79M->79M(1706M) 0.327ms
[55.839s][info ][gc,cpu            ] GC(143) User=0.00s Sys=0.00s Real=0.00s
[55.839s][info ][gc,marking        ] GC(143) Concurrent Cleanup for Next Mark
[55.839s][debug][gc,ergo           ] GC(143) Running G1 Clear Bitmap with 1 workers for 27 work units.
[55.843s][info ][gc,marking        ] GC(143) Concurrent Cleanup for Next Mark 3.214ms
[55.843s][info ][gc                ] GC(143) Concurrent Cycle 32.183ms
[55.923s][debug][gc,ergo,ihop      ] Request concurrent cycle initiation (occupancy higher than threshold) occupancy: 63963136B allocation request: 524304B threshold: 0B (0.00) source: concurrent humongous allocation
[55.923s][debug][gc,ergo           ] Request concurrent cycle initiation (requested by GC cause). GC cause: G1 Humongous Allocation
[55.923s][debug][gc,heap           ] GC(144) Heap before GC invocations=144 (full 0): garbage-first heap   total 1746944K, used 85688K [0x0000000780000000, 0x0000000800000000)
[55.923s][debug][gc,heap           ] GC(144)   region size 1024K, 24 young (24576K), 13 survivors (13312K)
[55.923s][debug][gc,heap           ] GC(144)  Metaspace       used 13378K, capacity 13810K, committed 14080K, reserved 1062912K
[55.923s][debug][gc,heap           ] GC(144)   class space    used 1352K, capacity 1515K, committed 1536K, reserved 1048576K
[55.923s][debug][gc,ergo           ] GC(144) Initiate concurrent cycle (concurrent cycle initiation requested)
[55.923s][info ][gc,start          ] GC(144) Pause Young (Concurrent Start) (G1 Humongous Allocation)
[55.923s][info ][gc,task           ] GC(144) Using 4 workers of 4 for evacuation
[55.923s][debug][gc,tlab           ] GC(144) TLAB totals: thrds: 1  refills: 31 max: 31 slow allocs: 3 max 3 waste:  0.9% gc: 80072B max: 80072B slow: 17672B max: 17672B fast: 0B max: 0B
[55.923s][debug][gc,alloc,region   ] GC(144) Mutator Allocation stats, regions: 11, wasted size: 0B ( 0.0%)
[55.923s][debug][gc,age            ] GC(144) Desired survivor size 11534336 bytes, new threshold 2 (max threshold 15)
[55.923s][debug][gc,ergo,cset      ] GC(144) Finish choosing CSet. old: 0 regions, predicted old region time: 0.00ms, time remaining: 169.71
[55.924s][debug][gc,task,stats     ] GC(144) GC Termination Stats
[55.924s][debug][gc,task,stats     ] GC(144)      elapsed  --strong roots-- -------termination------- ------waste (KiB)------
[55.924s][debug][gc,task,stats     ] GC(144) thr     ms        ms      %        ms      %    attempts  total   alloc    undo
[55.924s][debug][gc,task,stats     ] GC(144) --- --------- --------- ------ --------- ------ -------- ------- ------- -------
[55.944s][debug][gc,task,stats     ] GC(144)   3     19.94     16.87  84.63      0.01   0.05        8       0       0       0
[55.944s][debug][gc,task,stats     ] GC(144)   2     20.05      4.14  20.67      0.02   0.08        7       0       0       0
[55.944s][debug][gc,task,stats     ] GC(144)   1     20.14     17.15  85.13      0.00   0.02        2       0       0       0
[55.944s][debug][gc,task,stats     ] GC(144)   0     20.20     17.98  89.03      0.01   0.05        4       0       0       0
[55.944s][debug][gc,ergo           ] GC(144) Running G1 Clear Card Table Task using 1 workers for 1 units of work for 31 regions.
[55.944s][debug][gc,ref            ] GC(144) Skipped phase1 of Reference Processing due to unavailable references
[55.944s][debug][gc,ref            ] GC(144) Skipped phase2 of Reference Processing due to unavailable references
[55.944s][debug][gc,ref            ] GC(144) Skipped phase3 of Reference Processing due to unavailable references
[55.944s][debug][gc,ref            ] GC(144) Skipped phase4 of Reference Processing due to unavailable references
[55.944s][debug][gc,ergo           ] GC(144) Running G1 Free Collection Set using 1 workers for collection set length 24
[55.944s][debug][gc,humongous      ] GC(144) Live humongous region 5 object size 524304 start 0x0000000780500000  with remset 0 code roots 0 is marked 0 reclaim candidate 0 type array 0
[55.944s][debug][gc,humongous      ] GC(144) Live humongous region 6 object size 1048592 start 0x0000000780600000  with remset 0 code roots 0 is marked 0 reclaim candidate 0 type array 0
[55.944s][debug][gc,plab           ] GC(144) Young PLAB allocation: allocated: 16777216B, wasted: 688B, unused: 1022560B, used: 15753968B, undo waste: 0B, 
[55.944s][debug][gc,plab           ] GC(144) Young other allocation: region end waste: 0B, regions filled: 16, direct allocated: 0B, failure used: 0B, failure wasted: 0B
[55.944s][debug][gc,plab           ] GC(144) Young sizing: calculated: 3150792B, actual: 2932896B
[55.944s][debug][gc,plab           ] GC(144) Old PLAB allocation: allocated: 0B, wasted: 0B, unused: 0B, used: 0B, undo waste: 0B, 
[55.944s][debug][gc,plab           ] GC(144) Old other allocation: region end waste: 0B, regions filled: 0, direct allocated: 0B, failure used: 0B, failure wasted: 0B
[55.944s][debug][gc,plab           ] GC(144) Old sizing: calculated: 0B, actual: 666520B
[55.944s][debug][gc,alloc,stats    ] Old generation allocation in the last mutator period, old gen allocated: 0B, humongous allocated: 3145728B,old gen growth: 0B.
[55.944s][debug][gc,ihop           ] GC(144) Basic information (value update), threshold: 0B (0.00), target occupancy: 1788870656B, current occupancy: 80740352B, recent allocation size: 3145728B, recent allocation duration: 111.61ms, recent old gen allocation rate: 28185170.54B/s, recent marking phase length: 232.15ms
[55.944s][debug][gc,ihop           ] GC(144) Adaptive IHOP information (value update), threshold: 0B (0.00), internal target occupancy: 1699427123B, occupancy: 80740352B, additional buffer size: 210763776B, predicted old gen allocation rate: 4368379992.32B/s, predicted marking phase length: 354.98ms, prediction active: true
[55.944s][debug][gc,ergo,refine    ] GC(144) Updated Refinement Zones: green: 66, yellow: 198, red: 330
[55.945s][info ][gc,phases         ] GC(144)   Pre Evacuate Collection Set: 0.1ms
[55.945s][debug][gc,phases         ] GC(144)     Prepare TLABs: 0.0ms
[55.945s][debug][gc,phases         ] GC(144)     Choose Collection Set: 0.0ms
[55.945s][debug][gc,phases         ] GC(144)     Humongous Register: 0.0ms
[55.945s][debug][gc,phases         ] GC(144)     Clear Claimed Marks: 0.1ms
[55.945s][info ][gc,phases         ] GC(144)   Evacuate Collection Set: 20.3ms
[55.945s][debug][gc,phases         ] GC(144)     Ext Root Scanning (ms):   Min:  0.4, Avg:  0.4, Max:  0.4, Diff:  0.0, Sum:  1.6, Workers: 4
[55.945s][debug][gc,phases         ] GC(144)     Update RS (ms):           Min:  1.0, Avg:  1.3, Max:  2.2, Diff:  1.2, Sum:  5.3, Workers: 4
[55.945s][debug][gc,phases         ] GC(144)       Processed Buffers:        Min: 2, Avg:  4.5, Max: 8, Diff: 6, Sum: 18, Workers: 4
[55.945s][debug][gc,phases         ] GC(144)       Scanned Cards:            Min: 512, Avg: 775.5, Max: 1566, Diff: 1054, Sum: 3102, Workers: 4
[55.945s][debug][gc,phases         ] GC(144)       Skipped Cards:            Min: 0, Avg: 140.2, Max: 561, Diff: 561, Sum: 561, Workers: 4
[55.945s][debug][gc,phases         ] GC(144)     Scan RS (ms):             Min:  0.0, Avg:  0.1, Max:  0.3, Diff:  0.3, Sum:  0.3, Workers: 4
[55.945s][debug][gc,phases         ] GC(144)       Scanned Cards:            Min: 0, Avg: 36.2, Max: 145, Diff: 145, Sum: 145, Workers: 4
[55.945s][debug][gc,phases         ] GC(144)       Claimed Cards:            Min: 0, Avg: 246.2, Max: 985, Diff: 985, Sum: 985, Workers: 4
[55.945s][debug][gc,phases         ] GC(144)       Skipped Cards:            Min: 0, Avg:  0.0, Max: 0, Diff: 0, Sum: 0, Workers: 4
[55.945s][debug][gc,phases         ] GC(144)     Code Root Scanning (ms):  Min:  0.0, Avg:  0.0, Max:  0.0, Diff:  0.0, Sum:  0.0, Workers: 4
[55.945s][debug][gc,phases         ] GC(144)     JVMCI Root Scan (ms):     skipped
[55.945s][debug][gc,phases         ] GC(144)     Object Copy (ms):         Min: 16.9, Avg: 18.1, Max: 18.5, Diff:  1.6, Sum: 72.4, Workers: 4
[55.945s][debug][gc,phases         ] GC(144)     Termination (ms):         Min:  0.0, Avg:  0.0, Max:  0.0, Diff:  0.0, Sum:  0.0, Workers: 4
[55.945s][debug][gc,phases         ] GC(144)       Termination Attempts:     Min: 2, Avg:  5.2, Max: 8, Diff: 6, Sum: 21, Workers: 4
[55.945s][debug][gc,phases         ] GC(144)     GC Worker Other (ms):     Min:  0.1, Avg:  0.2, Max:  0.3, Diff:  0.1, Sum:  0.8, Workers: 4
[55.945s][debug][gc,phases         ] GC(144)     GC Worker Total (ms):     Min: 20.0, Avg: 20.1, Max: 20.2, Diff:  0.2, Sum: 80.6, Workers: 4
[55.945s][info ][gc,phases         ] GC(144)   Post Evacuate Collection Set: 0.4ms
[55.945s][debug][gc,phases         ] GC(144)     Code Roots Fixup: 0.0ms
[55.945s][debug][gc,phases         ] GC(144)     Clear Card Table: 0.0ms
[55.945s][debug][gc,phases         ] GC(144)     Reference Processing: 0.1ms
[55.945s][debug][gc,phases,ref     ] GC(144)       Reconsider SoftReferences: 0.0ms
[55.945s][debug][gc,phases,ref     ] GC(144)         SoftRef (ms):             skipped
[55.945s][debug][gc,phases,ref     ] GC(144)       Notify Soft/WeakReferences: 0.0ms
[55.945s][debug][gc,phases,ref     ] GC(144)         SoftRef (ms):             skipped
[55.945s][debug][gc,phases,ref     ] GC(144)         WeakRef (ms):             skipped
[55.945s][debug][gc,phases,ref     ] GC(144)         FinalRef (ms):            skipped
[55.945s][debug][gc,phases,ref     ] GC(144)         Total (ms):               skipped
[55.945s][debug][gc,phases,ref     ] GC(144)       Notify and keep alive finalizable: 0.0ms
[55.945s][debug][gc,phases,ref     ] GC(144)         FinalRef (ms):            skipped
[55.945s][debug][gc,phases,ref     ] GC(144)       Notify PhantomReferences: 0.0ms
[55.945s][debug][gc,phases,ref     ] GC(144)         PhantomRef (ms):          skipped
[55.945s][debug][gc,phases,ref     ] GC(144)       SoftReference:
[55.945s][debug][gc,phases,ref     ] GC(144)         Discovered: 0
[55.945s][debug][gc,phases,ref     ] GC(144)         Cleared: 0
[55.945s][debug][gc,phases,ref     ] GC(144)       WeakReference:
[55.945s][debug][gc,phases,ref     ] GC(144)         Discovered: 0
[55.945s][debug][gc,phases,ref     ] GC(144)         Cleared: 0
[55.945s][debug][gc,phases,ref     ] GC(144)       FinalReference:
[55.945s][debug][gc,phases,ref     ] GC(144)         Discovered: 0
[55.945s][debug][gc,phases,ref     ] GC(144)         Cleared: 0
[55.945s][debug][gc,phases,ref     ] GC(144)       PhantomReference:
[55.945s][debug][gc,phases,ref     ] GC(144)         Discovered: 0
[55.945s][debug][gc,phases,ref     ] GC(144)         Cleared: 0
[55.945s][debug][gc,phases         ] GC(144)     Weak Processing: 0.0ms
[55.945s][debug][gc,phases         ] GC(144)     Merge Per-Thread State: 0.0ms
[55.945s][debug][gc,phases         ] GC(144)     Code Roots Purge: 0.0ms
[55.945s][debug][gc,phases         ] GC(144)     Redirty Cards: 0.0ms
[55.945s][debug][gc,phases         ] GC(144)     DerivedPointerTable Update: 0.0ms
[55.945s][debug][gc,phases         ] GC(144)     Free Collection Set: 0.2ms
[55.945s][debug][gc,phases         ] GC(144)     Humongous Reclaim: 0.1ms
[55.945s][debug][gc,phases         ] GC(144)     Start New Collection Set: 0.0ms
[55.945s][debug][gc,phases         ] GC(144)     Resize TLABs: 0.0ms
[55.945s][debug][gc,phases         ] GC(144)     Expand Heap After Collection: 0.0ms
[55.945s][info ][gc,phases         ] GC(144)   Other: 0.6ms
[55.945s][info ][gc,heap           ] GC(144) Eden regions: 11->0(185)
[55.945s][info ][gc,heap           ] GC(144) Survivor regions: 13->16(22)
[55.945s][info ][gc,heap           ] GC(144) Old regions: 58->58
[55.945s][info ][gc,heap           ] GC(144) Humongous regions: 3->3
[55.945s][info ][gc,metaspace      ] GC(144) Metaspace: 13378K->13378K(1062912K)
[55.945s][debug][gc,heap           ] GC(144) Heap after GC invocations=145 (full 0): garbage-first heap   total 1746944K, used 78848K [0x0000000780000000, 0x0000000800000000)
[55.945s][debug][gc,heap           ] GC(144)   region size 1024K, 16 young (16384K), 16 survivors (16384K)
[55.945s][debug][gc,heap           ] GC(144)  Metaspace       used 13378K, capacity 13810K, committed 14080K, reserved 1062912K
[55.945s][debug][gc,heap           ] GC(144)   class space    used 1352K, capacity 1515K, committed 1536K, reserved 1048576K
[55.946s][info ][gc                ] GC(144) Pause Young (Concurrent Start) (G1 Humongous Allocation) 84M->77M(1706M) 22.308ms
[55.946s][info ][gc,cpu            ] GC(144) User=0.08s Sys=0.01s Real=0.03s
[55.946s][info ][gc                ] GC(145) Concurrent Cycle
[55.946s][info ][gc,marking        ] GC(145) Concurrent Clear Claimed Marks
[55.946s][info ][gc,marking        ] GC(145) Concurrent Clear Claimed Marks 0.101ms
[55.946s][info ][gc,marking        ] GC(145) Concurrent Scan Root Regions
[55.946s][debug][gc,ergo           ] GC(145) Running G1 Root Region Scan using 1 workers for 16 work units.
[55.955s][info ][gc,marking        ] GC(145) Concurrent Scan Root Regions 8.983ms
[55.955s][info ][gc,marking        ] GC(145) Concurrent Mark (55.955s)
[55.955s][info ][gc,marking        ] GC(145) Concurrent Mark From Roots
[55.955s][info ][gc,task           ] GC(145) Using 1 workers of 1 for marking
[55.962s][debug][gc,stats          ] ---------------------------------------------------------------------
[55.962s][debug][gc,stats          ] Marking Stats, task = 0, calls = 1
[55.962s][debug][gc,stats          ]   Elapsed time = 7.20ms, Termination time = 0.00ms
[55.962s][debug][gc,stats          ]   Step Times (cum): num = 1092, avg = 0.50ms, sd = 1.91ms max = 9.90ms, total = 546.77ms
[55.962s][debug][gc,stats          ]   Mark Stats Cache: hits 60216 misses 55 ratio 99.909
[55.962s][debug][gc,stats          ] ---------------------------------------------------------------------
[55.962s][info ][gc,marking        ] GC(145) Concurrent Mark From Roots 7.381ms
[55.962s][info ][gc,marking        ] GC(145) Concurrent Preclean
[55.962s][debug][gc,ref,start      ] GC(145) Preclean SoftReferences
[55.962s][debug][gc,ref            ] GC(145) Preclean SoftReferences 0.020ms
[55.962s][debug][gc,ref,start      ] GC(145) Preclean WeakReferences
[55.962s][debug][gc,ref            ] GC(145) Preclean WeakReferences 0.021ms
[55.962s][debug][gc,ref,start      ] GC(145) Preclean FinalReferences
[55.962s][debug][gc,ref            ] GC(145) Preclean FinalReferences 0.016ms
[55.962s][debug][gc,ref,start      ] GC(145) Preclean PhantomReferences
[55.962s][debug][gc,ref            ] GC(145) Preclean PhantomReferences 0.016ms
[55.962s][info ][gc,marking        ] GC(145) Concurrent Preclean 0.145ms
[55.962s][info ][gc,marking        ] GC(145) Concurrent Mark (55.955s, 55.962s) 7.583ms
[55.963s][info ][gc,start          ] GC(145) Pause Remark
[55.963s][debug][gc,phases,start   ] GC(145) Finalize Marking
[55.963s][debug][gc,stats          ] ---------------------------------------------------------------------
[55.963s][debug][gc,stats          ] Marking Stats, task = 0, calls = 18
[55.963s][debug][gc,stats          ]   Elapsed time = 0.08ms, Termination time = 0.06ms
[55.963s][debug][gc,stats          ]   Step Times (cum): num = 1109, avg = 0.49ms, sd = 1.90ms max = 9.90ms, total = 546.84ms
[55.963s][debug][gc,stats          ]   Mark Stats Cache: hits 60216 misses 55 ratio 99.909
[55.963s][debug][gc,stats          ] ---------------------------------------------------------------------
[55.963s][debug][gc,stats          ] Marking Stats, task = 1, calls = 1
[55.963s][debug][gc,stats          ]   Elapsed time = 0.07ms, Termination time = 0.05ms
[55.963s][debug][gc,stats          ]   Step Times (cum): num = 62, avg = 0.17ms, sd = 0.22ms max = 0.77ms, total = 10.41ms
[55.963s][debug][gc,stats          ]   Mark Stats Cache: hits 97 misses 2 ratio 97.980
[55.963s][debug][gc,stats          ] ---------------------------------------------------------------------
[55.963s][debug][gc,stats          ] Marking Stats, task = 2, calls = 1
[55.963s][debug][gc,stats          ]   Elapsed time = 0.01ms, Termination time = 0.00ms
[55.963s][debug][gc,stats          ]   Step Times (cum): num = 61, avg = 0.13ms, sd = 0.23ms max = 0.75ms, total = 7.81ms
[55.963s][debug][gc,stats          ]   Mark Stats Cache: hits 54 misses 3 ratio 94.737
[55.963s][debug][gc,stats          ] ---------------------------------------------------------------------
[55.963s][debug][gc,stats          ] Marking Stats, task = 3, calls = 1
[55.963s][debug][gc,stats          ]   Elapsed time = 0.01ms, Termination time = 0.00ms
[55.963s][debug][gc,stats          ]   Step Times (cum): num = 59, avg = 0.01ms, sd = 0.01ms max = 0.08ms, total = 0.32ms
[55.963s][debug][gc,stats          ]   Mark Stats Cache: hits 52 misses 3 ratio 94.545
[55.963s][debug][gc,stats          ] ---------------------------------------------------------------------
[55.963s][debug][gc,phases         ] GC(145) Finalize Marking 0.596ms
[55.963s][debug][gc,phases,start   ] GC(145) Reference Processing
[55.963s][debug][gc,ref            ] GC(145) Skipped phase1 of Reference Processing due to unavailable references
[55.963s][debug][gc,ref            ] GC(145) Skipped phase2 of Reference Processing due to unavailable references
[55.963s][debug][gc,ref            ] GC(145) Skipped phase3 of Reference Processing due to unavailable references
[55.963s][debug][gc,ref            ] GC(145) Skipped phase4 of Reference Processing due to unavailable references
[55.963s][debug][gc,phases,ref     ] GC(145) Reference Processing: 0.1ms
[55.963s][debug][gc,phases,ref     ] GC(145)   Reconsider SoftReferences: 0.0ms
[55.963s][debug][gc,phases,ref     ] GC(145)     SoftRef (ms):             skipped
[55.963s][debug][gc,phases,ref     ] GC(145)   Notify Soft/WeakReferences: 0.0ms
[55.963s][debug][gc,phases,ref     ] GC(145)     SoftRef (ms):             skipped
[55.963s][debug][gc,phases,ref     ] GC(145)     WeakRef (ms):             skipped
[55.963s][debug][gc,phases,ref     ] GC(145)     FinalRef (ms):            skipped
[55.963s][debug][gc,phases,ref     ] GC(145)     Total (ms):               skipped
[55.963s][debug][gc,phases,ref     ] GC(145)   Notify and keep alive finalizable: 0.0ms
[55.963s][debug][gc,phases,ref     ] GC(145)     FinalRef (ms):            skipped
[55.964s][debug][gc,phases,ref     ] GC(145)   Notify PhantomReferences: 0.0ms
[55.964s][debug][gc,phases,ref     ] GC(145)     PhantomRef (ms):          skipped
[55.964s][debug][gc,phases,ref     ] GC(145)   SoftReference:
[55.964s][debug][gc,phases,ref     ] GC(145)     Discovered: 0
[55.964s][debug][gc,phases,ref     ] GC(145)     Cleared: 0
[55.964s][debug][gc,phases,ref     ] GC(145)   WeakReference:
[55.964s][debug][gc,phases,ref     ] GC(145)     Discovered: 0
[55.964s][debug][gc,phases,ref     ] GC(145)     Cleared: 0
[55.964s][debug][gc,phases,ref     ] GC(145)   FinalReference:
[55.964s][debug][gc,phases,ref     ] GC(145)     Discovered: 0
[55.964s][debug][gc,phases,ref     ] GC(145)     Cleared: 0
[55.964s][debug][gc,phases,ref     ] GC(145)   PhantomReference:
[55.964s][debug][gc,phases,ref     ] GC(145)     Discovered: 0
[55.964s][debug][gc,phases,ref     ] GC(145)     Cleared: 0
[55.964s][debug][gc,phases         ] GC(145) Reference Processing 0.467ms
[55.964s][debug][gc,phases,start   ] GC(145) Weak Processing
[55.964s][debug][gc,phases         ] GC(145) Weak Processing 0.030ms
[55.964s][debug][gc,phases,start   ] GC(145) Class Unloading
[55.964s][debug][gc,phases,start   ] GC(145) ClassLoaderData
[55.964s][debug][gc,phases         ] GC(145) ClassLoaderData 0.062ms
[55.964s][debug][gc,phases,start   ] GC(145) ProtectionDomainCacheTable
[55.964s][debug][gc,phases         ] GC(145) ProtectionDomainCacheTable 0.015ms
[55.965s][info ][gc,stringtable    ] GC(145) Cleaned string and symbol table, strings: 6182 processed, 0 removed, symbols: 45233 processed, 0 removed
[55.966s][debug][gc,phases         ] GC(145) Class Unloading 1.722ms
[55.966s][debug][gc,phases,start   ] GC(145) Flush Task Caches
[55.966s][debug][gc,stats          ] Mark stats cache hits 60419 misses 63 ratio 99.896
[55.966s][debug][gc,phases         ] GC(145) Flush Task Caches 0.041ms
[55.966s][debug][gc,phases,start   ] GC(145) Update Remembered Set Tracking Before Rebuild
[55.966s][debug][gc,ergo           ] GC(145) Running G1 Update RemSet Tracking Before Rebuild using 4 workers for 1706 regions in heap
[55.966s][debug][gc,remset,tracking] GC(145) Remembered Set Tracking update regions total 1706, selected 57
[55.966s][debug][gc,phases         ] GC(145) Update Remembered Set Tracking Before Rebuild 0.247ms
[55.966s][debug][gc,phases,start   ] GC(145) Reclaim Empty Regions
[55.966s][debug][gc                ] GC(145) Reclaimed 4 empty regions
[55.966s][debug][gc,phases         ] GC(145) Reclaim Empty Regions 0.240ms
[55.966s][debug][gc,phases,start   ] GC(145) Purge Metaspace
[55.966s][debug][gc,phases         ] GC(145) Purge Metaspace 0.016ms
[55.966s][debug][gc,phases,start   ] GC(145) Report Object Count
[55.966s][debug][gc,phases         ] GC(145) Report Object Count 0.014ms
[55.966s][info ][gc                ] GC(145) Pause Remark 85M->81M(1706M) 3.596ms
[55.966s][info ][gc,cpu            ] GC(145) User=0.01s Sys=0.00s Real=0.01s
[55.966s][info ][gc,marking        ] GC(145) Concurrent Rebuild Remembered Sets
[55.974s][info ][gc,marking        ] GC(145) Concurrent Rebuild Remembered Sets 8.107ms
[55.975s][info ][gc,start          ] GC(145) Pause Cleanup
[55.975s][debug][gc,phases,start   ] GC(145) Update Remembered Set Tracking After Rebuild
[55.975s][debug][gc,phases         ] GC(145) Update Remembered Set Tracking After Rebuild 0.060ms
[55.975s][debug][gc,phases,start   ] GC(145) Finalize Concurrent Mark Cleanup
[55.975s][debug][gc,ergo           ] GC(145) request young-only gcs (reclaimable percentage not over threshold). candidate old regions: 56 reclaimable: 57076088 (3.19) threshold: 5
[55.975s][debug][gc,phases         ] GC(145) Finalize Concurrent Mark Cleanup 0.228ms
[55.975s][info ][gc                ] GC(145) Pause Cleanup 81M->81M(1706M) 0.376ms
[55.975s][info ][gc,cpu            ] GC(145) User=0.00s Sys=0.00s Real=0.01s
[55.975s][info ][gc,marking        ] GC(145) Concurrent Cleanup for Next Mark
[55.975s][debug][gc,ergo           ] GC(145) Running G1 Clear Bitmap with 1 workers for 27 work units.
[55.978s][info ][gc,marking        ] GC(145) Concurrent Cleanup for Next Mark 2.875ms
[55.978s][info ][gc                ] GC(145) Concurrent Cycle 32.349ms
[56.059s][debug][gc,ergo,ihop      ] Request concurrent cycle initiation (occupancy higher than threshold) occupancy: 62914560B allocation request: 524304B threshold: 0B (0.00) source: concurrent humongous allocation
[56.059s][debug][gc,ergo           ] Request concurrent cycle initiation (requested by GC cause). GC cause: G1 Humongous Allocation
[56.059s][debug][gc,heap           ] GC(146) Heap before GC invocations=146 (full 0): garbage-first heap   total 1746944K, used 88064K [0x0000000780000000, 0x0000000800000000)
[56.059s][debug][gc,heap           ] GC(146)   region size 1024K, 27 young (27648K), 16 survivors (16384K)
[56.059s][debug][gc,heap           ] GC(146)  Metaspace       used 13378K, capacity 13810K, committed 14080K, reserved 1062912K
[56.059s][debug][gc,heap           ] GC(146)   class space    used 1352K, capacity 1515K, committed 1536K, reserved 1048576K
[56.059s][debug][gc,ergo           ] GC(146) Initiate concurrent cycle (concurrent cycle initiation requested)
[56.059s][info ][gc,start          ] GC(146) Pause Young (Concurrent Start) (G1 Humongous Allocation)
[56.059s][info ][gc,task           ] GC(146) Using 4 workers of 4 for evacuation
[56.059s][debug][gc,tlab           ] GC(146) TLAB totals: thrds: 1  refills: 31 max: 31 slow allocs: 3 max 3 waste:  0.9% gc: 80072B max: 80072B slow: 17672B max: 17672B fast: 0B max: 0B
[56.059s][debug][gc,alloc,region   ] GC(146) Mutator Allocation stats, regions: 11, wasted size: 0B ( 0.0%)
[56.059s][debug][gc,age            ] GC(146) Desired survivor size 13631488 bytes, new threshold 2 (max threshold 15)
[56.059s][debug][gc,ergo,cset      ] GC(146) Finish choosing CSet. old: 0 regions, predicted old region time: 0.00ms, time remaining: 172.45
[56.059s][debug][gc,task,stats     ] GC(146) GC Termination Stats
[56.060s][debug][gc,task,stats     ] GC(146)      elapsed  --strong roots-- -------termination------- ------waste (KiB)------
[56.060s][debug][gc,task,stats     ] GC(146) thr     ms        ms      %        ms      %    attempts  total   alloc    undo
[56.060s][debug][gc,task,stats     ] GC(146) --- --------- --------- ------ --------- ------ -------- ------- ------- -------
[56.080s][debug][gc,task,stats     ] GC(146)   0     20.45     17.53  85.75      0.01   0.04        6       0       0       0
[56.080s][debug][gc,task,stats     ] GC(146)   2     20.55      4.90  23.85      0.01   0.07        6       0       0       0
[56.080s][debug][gc,task,stats     ] GC(146)   3     20.59     18.11  87.96      0.01   0.04        5       0       0       0
[56.080s][debug][gc,task,stats     ] GC(146)   1     20.67     17.59  85.09      0.01   0.04        3       0       0       0
[56.080s][debug][gc,ergo           ] GC(146) Running G1 Clear Card Table Task using 1 workers for 1 units of work for 34 regions.
[56.080s][debug][gc,ref            ] GC(146) Skipped phase1 of Reference Processing due to unavailable references
[56.080s][debug][gc,ref            ] GC(146) Skipped phase2 of Reference Processing due to unavailable references
[56.080s][debug][gc,ref            ] GC(146) Skipped phase3 of Reference Processing due to unavailable references
[56.080s][debug][gc,ref            ] GC(146) Skipped phase4 of Reference Processing due to unavailable references
[56.080s][debug][gc,ergo           ] GC(146) Running G1 Free Collection Set using 1 workers for collection set length 27
[56.081s][debug][gc,humongous      ] GC(146) Live humongous region 8 object size 524304 start 0x0000000780800000  with remset 0 code roots 0 is marked 0 reclaim candidate 0 type array 0
[56.081s][debug][gc,humongous      ] GC(146) Live humongous region 13 object size 1048592 start 0x0000000780d00000  with remset 0 code roots 0 is marked 0 reclaim candidate 0 type array 0
[56.081s][debug][gc,plab           ] GC(146) Young PLAB allocation: allocated: 16777216B, wasted: 696B, unused: 1022552B, used: 15753968B, undo waste: 0B, 
[56.081s][debug][gc,plab           ] GC(146) Young other allocation: region end waste: 0B, regions filled: 16, direct allocated: 0B, failure used: 0B, failure wasted: 0B
[56.081s][debug][gc,plab           ] GC(146) Young sizing: calculated: 3150792B, actual: 3096312B
[56.081s][debug][gc,plab           ] GC(146) Old PLAB allocation: allocated: 0B, wasted: 0B, unused: 0B, used: 0B, undo waste: 0B, 
[56.081s][debug][gc,plab           ] GC(146) Old other allocation: region end waste: 0B, regions filled: 0, direct allocated: 0B, failure used: 0B, failure wasted: 0B
[56.081s][debug][gc,plab           ] GC(146) Old sizing: calculated: 0B, actual: 166624B
[56.081s][debug][gc,alloc,stats    ] Old generation allocation in the last mutator period, old gen allocated: 0B, humongous allocated: 3145728B,old gen growth: 0B.
[56.081s][debug][gc,ihop           ] GC(146) Basic information (value update), threshold: 0B (0.00), target occupancy: 1788870656B, current occupancy: 79691776B, recent allocation size: 3145728B, recent allocation duration: 110.90ms, recent old gen allocation rate: 28366129.03B/s, recent marking phase length: 232.15ms
[56.081s][debug][gc,ihop           ] GC(146) Adaptive IHOP information (value update), threshold: 0B (0.00), internal target occupancy: 1699427123B, occupancy: 79691776B, additional buffer size: 256901120B, predicted old gen allocation rate: 4218613591.74B/s, predicted marking phase length: 354.98ms, prediction active: true
[56.081s][debug][gc,ergo,refine    ] GC(146) Updated Refinement Zones: green: 66, yellow: 198, red: 330
[56.081s][info ][gc,phases         ] GC(146)   Pre Evacuate Collection Set: 0.1ms
[56.081s][debug][gc,phases         ] GC(146)     Prepare TLABs: 0.0ms
[56.081s][debug][gc,phases         ] GC(146)     Choose Collection Set: 0.0ms
[56.081s][debug][gc,phases         ] GC(146)     Humongous Register: 0.0ms
[56.081s][debug][gc,phases         ] GC(146)     Clear Claimed Marks: 0.1ms
[56.081s][info ][gc,phases         ] GC(146)   Evacuate Collection Set: 20.8ms
[56.081s][debug][gc,phases         ] GC(146)     Ext Root Scanning (ms):   Min:  0.4, Avg:  0.5, Max:  0.5, Diff:  0.1, Sum:  1.9, Workers: 4
[56.081s][debug][gc,phases         ] GC(146)     Update RS (ms):           Min:  1.0, Avg:  1.5, Max:  2.8, Diff:  1.8, Sum:  6.0, Workers: 4
[56.081s][debug][gc,phases         ] GC(146)       Processed Buffers:        Min: 2, Avg:  4.5, Max: 10, Diff: 8, Sum: 18, Workers: 4
[56.081s][debug][gc,phases         ] GC(146)       Scanned Cards:            Min: 512, Avg: 775.5, Max: 1566, Diff: 1054, Sum: 3102, Workers: 4
[56.081s][debug][gc,phases         ] GC(146)       Skipped Cards:            Min: 0, Avg: 195.5, Max: 512, Diff: 512, Sum: 782, Workers: 4
[56.081s][debug][gc,phases         ] GC(146)     Scan RS (ms):             Min:  0.0, Avg:  0.1, Max:  0.3, Diff:  0.3, Sum:  0.3, Workers: 4
[56.081s][debug][gc,phases         ] GC(146)       Scanned Cards:            Min: 0, Avg: 40.2, Max: 161, Diff: 161, Sum: 161, Workers: 4
[56.081s][debug][gc,phases         ] GC(146)       Claimed Cards:            Min: 0, Avg: 250.2, Max: 1001, Diff: 1001, Sum: 1001, Workers: 4
[56.081s][debug][gc,phases         ] GC(146)       Skipped Cards:            Min: 0, Avg:  0.0, Max: 0, Diff: 0, Sum: 0, Workers: 4
[56.081s][debug][gc,phases         ] GC(146)     Code Root Scanning (ms):  Min:  0.0, Avg:  0.0, Max:  0.0, Diff:  0.0, Sum:  0.0, Workers: 4
[56.081s][debug][gc,phases         ] GC(146)     JVMCI Root Scan (ms):     skipped
[56.081s][debug][gc,phases         ] GC(146)     Object Copy (ms):         Min: 16.8, Avg: 18.3, Max: 19.0, Diff:  2.2, Sum: 73.4, Workers: 4
[56.081s][debug][gc,phases         ] GC(146)     Termination (ms):         Min:  0.0, Avg:  0.0, Max:  0.0, Diff:  0.0, Sum:  0.0, Workers: 4
[56.081s][debug][gc,phases         ] GC(146)       Termination Attempts:     Min: 3, Avg:  5.0, Max: 6, Diff: 3, Sum: 20, Workers: 4
[56.081s][debug][gc,phases         ] GC(146)     GC Worker Other (ms):     Min:  0.2, Avg:  0.2, Max:  0.3, Diff:  0.1, Sum:  0.9, Workers: 4
[56.081s][debug][gc,phases         ] GC(146)     GC Worker Total (ms):     Min: 20.6, Avg: 20.6, Max: 20.7, Diff:  0.1, Sum: 82.5, Workers: 4
[56.081s][info ][gc,phases         ] GC(146)   Post Evacuate Collection Set: 0.4ms
[56.081s][debug][gc,phases         ] GC(146)     Code Roots Fixup: 0.0ms
[56.081s][debug][gc,phases         ] GC(146)     Clear Card Table: 0.0ms
[56.081s][debug][gc,phases         ] GC(146)     Reference Processing: 0.1ms
[56.081s][debug][gc,phases,ref     ] GC(146)       Reconsider SoftReferences: 0.0ms
[56.081s][debug][gc,phases,ref     ] GC(146)         SoftRef (ms):             skipped
[56.081s][debug][gc,phases,ref     ] GC(146)       Notify Soft/WeakReferences: 0.0ms
[56.081s][debug][gc,phases,ref     ] GC(146)         SoftRef (ms):             skipped
[56.081s][debug][gc,phases,ref     ] GC(146)         WeakRef (ms):             skipped
[56.081s][debug][gc,phases,ref     ] GC(146)         FinalRef (ms):            skipped
[56.081s][debug][gc,phases,ref     ] GC(146)         Total (ms):               skipped
[56.081s][debug][gc,phases,ref     ] GC(146)       Notify and keep alive finalizable: 0.0ms
[56.081s][debug][gc,phases,ref     ] GC(146)         FinalRef (ms):            skipped
[56.081s][debug][gc,phases,ref     ] GC(146)       Notify PhantomReferences: 0.0ms
[56.081s][debug][gc,phases,ref     ] GC(146)         PhantomRef (ms):          skipped
[56.082s][debug][gc,phases,ref     ] GC(146)       SoftReference:
[56.082s][debug][gc,phases,ref     ] GC(146)         Discovered: 0
[56.082s][debug][gc,phases,ref     ] GC(146)         Cleared: 0
[56.082s][debug][gc,phases,ref     ] GC(146)       WeakReference:
[56.082s][debug][gc,phases,ref     ] GC(146)         Discovered: 0
[56.082s][debug][gc,phases,ref     ] GC(146)         Cleared: 0
[56.082s][debug][gc,phases,ref     ] GC(146)       FinalReference:
[56.082s][debug][gc,phases,ref     ] GC(146)         Discovered: 0
[56.082s][debug][gc,phases,ref     ] GC(146)         Cleared: 0
[56.082s][debug][gc,phases,ref     ] GC(146)       PhantomReference:
[56.082s][debug][gc,phases,ref     ] GC(146)         Discovered: 0
[56.082s][debug][gc,phases,ref     ] GC(146)         Cleared: 0
[56.082s][debug][gc,phases         ] GC(146)     Weak Processing: 0.0ms
[56.082s][debug][gc,phases         ] GC(146)     Merge Per-Thread State: 0.0ms
[56.082s][debug][gc,phases         ] GC(146)     Code Roots Purge: 0.0ms
[56.082s][debug][gc,phases         ] GC(146)     Redirty Cards: 0.0ms
[56.082s][debug][gc,phases         ] GC(146)     DerivedPointerTable Update: 0.0ms
[56.082s][debug][gc,phases         ] GC(146)     Free Collection Set: 0.2ms
[56.082s][debug][gc,phases         ] GC(146)     Humongous Reclaim: 0.1ms
[56.082s][debug][gc,phases         ] GC(146)     Start New Collection Set: 0.0ms
[56.082s][debug][gc,phases         ] GC(146)     Resize TLABs: 0.0ms
[56.082s][debug][gc,phases         ] GC(146)     Expand Heap After Collection: 0.0ms
[56.082s][info ][gc,phases         ] GC(146)   Other: 0.6ms
[56.082s][info ][gc,heap           ] GC(146) Eden regions: 11->0(229)
[56.082s][info ][gc,heap           ] GC(146) Survivor regions: 16->16(26)
[56.082s][info ][gc,heap           ] GC(146) Old regions: 57->57
[56.082s][info ][gc,heap           ] GC(146) Humongous regions: 3->3
[56.082s][info ][gc,metaspace      ] GC(146) Metaspace: 13378K->13378K(1062912K)
[56.082s][debug][gc,heap           ] GC(146) Heap after GC invocations=147 (full 0): garbage-first heap   total 1746944K, used 77824K [0x0000000780000000, 0x0000000800000000)
[56.082s][debug][gc,heap           ] GC(146)   region size 1024K, 16 young (16384K), 16 survivors (16384K)
[56.082s][debug][gc,heap           ] GC(146)  Metaspace       used 13378K, capacity 13810K, committed 14080K, reserved 1062912K
[56.082s][debug][gc,heap           ] GC(146)   class space    used 1352K, capacity 1515K, committed 1536K, reserved 1048576K
[56.082s][info ][gc                ] GC(146) Pause Young (Concurrent Start) (G1 Humongous Allocation) 86M->76M(1706M) 22.856ms
[56.082s][info ][gc,cpu            ] GC(146) User=0.08s Sys=0.00s Real=0.02s
[56.082s][info ][gc                ] GC(147) Concurrent Cycle
[56.082s][info ][gc,marking        ] GC(147) Concurrent Clear Claimed Marks
[56.082s][info ][gc,marking        ] GC(147) Concurrent Clear Claimed Marks 0.058ms
[56.082s][info ][gc,marking        ] GC(147) Concurrent Scan Root Regions
[56.082s][debug][gc,ergo           ] GC(147) Running G1 Root Region Scan using 1 workers for 16 work units.
[56.091s][info ][gc,marking        ] GC(147) Concurrent Scan Root Regions 8.982ms
[56.091s][info ][gc,marking        ] GC(147) Concurrent Mark (56.091s)
[56.091s][info ][gc,marking        ] GC(147) Concurrent Mark From Roots
[56.091s][info ][gc,task           ] GC(147) Using 1 workers of 1 for marking
[56.101s][debug][gc,stats          ] ---------------------------------------------------------------------
[56.101s][debug][gc,stats          ] Marking Stats, task = 0, calls = 1
[56.101s][debug][gc,stats          ]   Elapsed time = 9.37ms, Termination time = 0.00ms
[56.101s][debug][gc,stats          ]   Step Times (cum): num = 1110, avg = 0.50ms, sd = 1.92ms max = 9.90ms, total = 556.21ms
[56.101s][debug][gc,stats          ]   Mark Stats Cache: hits 60216 misses 55 ratio 99.909
[56.101s][debug][gc,stats          ] ---------------------------------------------------------------------
[56.101s][info ][gc,marking        ] GC(147) Concurrent Mark From Roots 9.737ms
[56.101s][info ][gc,marking        ] GC(147) Concurrent Preclean
[56.101s][debug][gc,ref,start      ] GC(147) Preclean SoftReferences
[56.101s][debug][gc,ref            ] GC(147) Preclean SoftReferences 0.039ms
[56.101s][debug][gc,ref,start      ] GC(147) Preclean WeakReferences
[56.101s][debug][gc,ref            ] GC(147) Preclean WeakReferences 0.042ms
[56.101s][debug][gc,ref,start      ] GC(147) Preclean FinalReferences
[56.101s][debug][gc,ref            ] GC(147) Preclean FinalReferences 0.023ms
[56.101s][debug][gc,ref,start      ] GC(147) Preclean PhantomReferences
[56.101s][debug][gc,ref            ] GC(147) Preclean PhantomReferences 0.018ms
[56.101s][info ][gc,marking        ] GC(147) Concurrent Preclean 0.246ms
[56.101s][info ][gc,marking        ] GC(147) Concurrent Mark (56.091s, 56.101s) 10.032ms
[56.101s][info ][gc,start          ] GC(147) Pause Remark
[56.101s][debug][gc,phases,start   ] GC(147) Finalize Marking
[56.103s][debug][gc,stats          ] ---------------------------------------------------------------------
[56.103s][debug][gc,stats          ] Marking Stats, task = 0, calls = 18
[56.103s][debug][gc,stats          ]   Elapsed time = 1.11ms, Termination time = 1.09ms
[56.103s][debug][gc,stats          ]   Step Times (cum): num = 1127, avg = 0.49ms, sd = 1.90ms max = 9.90ms, total = 557.32ms
[56.103s][debug][gc,stats          ]   Mark Stats Cache: hits 60216 misses 55 ratio 99.909
[56.103s][debug][gc,stats          ] ---------------------------------------------------------------------
[56.103s][debug][gc,stats          ] Marking Stats, task = 1, calls = 1
[56.103s][debug][gc,stats          ]   Elapsed time = 1.11ms, Termination time = 1.09ms
[56.103s][debug][gc,stats          ]   Step Times (cum): num = 63, avg = 0.18ms, sd = 0.24ms max = 1.09ms, total = 11.50ms
[56.103s][debug][gc,stats          ]   Mark Stats Cache: hits 94 misses 2 ratio 97.917
[56.103s][debug][gc,stats          ] ---------------------------------------------------------------------
[56.103s][debug][gc,stats          ] Marking Stats, task = 2, calls = 1
[56.103s][debug][gc,stats          ]   Elapsed time = 1.14ms, Termination time = 1.12ms
[56.103s][debug][gc,stats          ]   Step Times (cum): num = 62, avg = 0.14ms, sd = 0.26ms max = 1.13ms, total = 8.93ms
[56.103s][debug][gc,stats          ]   Mark Stats Cache: hits 56 misses 3 ratio 94.915
[56.103s][debug][gc,stats          ] ---------------------------------------------------------------------
[56.103s][debug][gc,stats          ] Marking Stats, task = 3, calls = 1
[56.103s][debug][gc,stats          ]   Elapsed time = 0.01ms, Termination time = 0.00ms
[56.103s][debug][gc,stats          ]   Step Times (cum): num = 60, avg = 0.01ms, sd = 0.01ms max = 0.08ms, total = 0.32ms
[56.103s][debug][gc,stats          ]   Mark Stats Cache: hits 53 misses 3 ratio 94.643
[56.103s][debug][gc,stats          ] ---------------------------------------------------------------------
[56.103s][debug][gc,phases         ] GC(147) Finalize Marking 1.602ms
[56.103s][debug][gc,phases,start   ] GC(147) Reference Processing
[56.103s][debug][gc,ref            ] GC(147) Skipped phase1 of Reference Processing due to unavailable references
[56.103s][debug][gc,ref            ] GC(147) Skipped phase2 of Reference Processing due to unavailable references
[56.103s][debug][gc,ref            ] GC(147) Skipped phase3 of Reference Processing due to unavailable references
[56.103s][debug][gc,ref            ] GC(147) Skipped phase4 of Reference Processing due to unavailable references
[56.103s][debug][gc,phases,ref     ] GC(147) Reference Processing: 0.1ms
[56.103s][debug][gc,phases,ref     ] GC(147)   Reconsider SoftReferences: 0.0ms
[56.103s][debug][gc,phases,ref     ] GC(147)     SoftRef (ms):             skipped
[56.103s][debug][gc,phases,ref     ] GC(147)   Notify Soft/WeakReferences: 0.0ms
[56.103s][debug][gc,phases,ref     ] GC(147)     SoftRef (ms):             skipped
[56.103s][debug][gc,phases,ref     ] GC(147)     WeakRef (ms):             skipped
[56.103s][debug][gc,phases,ref     ] GC(147)     FinalRef (ms):            skipped
[56.103s][debug][gc,phases,ref     ] GC(147)     Total (ms):               skipped
[56.103s][debug][gc,phases,ref     ] GC(147)   Notify and keep alive finalizable: 0.0ms
[56.103s][debug][gc,phases,ref     ] GC(147)     FinalRef (ms):            skipped
[56.103s][debug][gc,phases,ref     ] GC(147)   Notify PhantomReferences: 0.0ms
[56.103s][debug][gc,phases,ref     ] GC(147)     PhantomRef (ms):          skipped
[56.103s][debug][gc,phases,ref     ] GC(147)   SoftReference:
[56.103s][debug][gc,phases,ref     ] GC(147)     Discovered: 0
[56.103s][debug][gc,phases,ref     ] GC(147)     Cleared: 0
[56.103s][debug][gc,phases,ref     ] GC(147)   WeakReference:
[56.103s][debug][gc,phases,ref     ] GC(147)     Discovered: 0
[56.103s][debug][gc,phases,ref     ] GC(147)     Cleared: 0
[56.103s][debug][gc,phases,ref     ] GC(147)   FinalReference:
[56.103s][debug][gc,phases,ref     ] GC(147)     Discovered: 0
[56.103s][debug][gc,phases,ref     ] GC(147)     Cleared: 0
[56.103s][debug][gc,phases,ref     ] GC(147)   PhantomReference:
[56.103s][debug][gc,phases,ref     ] GC(147)     Discovered: 0
[56.103s][debug][gc,phases,ref     ] GC(147)     Cleared: 0
[56.103s][debug][gc,phases         ] GC(147) Reference Processing 0.422ms
[56.103s][debug][gc,phases,start   ] GC(147) Weak Processing
[56.104s][debug][gc,phases         ] GC(147) Weak Processing 0.065ms
[56.104s][debug][gc,phases,start   ] GC(147) Class Unloading
[56.104s][debug][gc,phases,start   ] GC(147) ClassLoaderData
[56.104s][debug][gc,phases         ] GC(147) ClassLoaderData 0.110ms
[56.104s][debug][gc,phases,start   ] GC(147) ProtectionDomainCacheTable
[56.104s][debug][gc,phases         ] GC(147) ProtectionDomainCacheTable 0.035ms
[56.106s][info ][gc,stringtable    ] GC(147) Cleaned string and symbol table, strings: 6182 processed, 0 removed, symbols: 45233 processed, 0 removed
[56.106s][debug][gc,phases         ] GC(147) Class Unloading 2.467ms
[56.106s][debug][gc,phases,start   ] GC(147) Flush Task Caches
[56.106s][debug][gc,stats          ] Mark stats cache hits 60419 misses 63 ratio 99.896
[56.106s][debug][gc,phases         ] GC(147) Flush Task Caches 0.049ms
[56.106s][debug][gc,phases,start   ] GC(147) Update Remembered Set Tracking Before Rebuild
[56.107s][debug][gc,ergo           ] GC(147) Running G1 Update RemSet Tracking Before Rebuild using 4 workers for 1706 regions in heap
[56.107s][debug][gc,remset,tracking] GC(147) Remembered Set Tracking update regions total 1706, selected 57
[56.107s][debug][gc,phases         ] GC(147) Update Remembered Set Tracking Before Rebuild 0.225ms
[56.107s][debug][gc,phases,start   ] GC(147) Reclaim Empty Regions
[56.107s][debug][gc                ] GC(147) Reclaimed 3 empty regions
[56.107s][debug][gc,phases         ] GC(147) Reclaim Empty Regions 0.234ms
[56.107s][debug][gc,phases,start   ] GC(147) Purge Metaspace
[56.107s][debug][gc,phases         ] GC(147) Purge Metaspace 0.014ms
[56.107s][debug][gc,phases,start   ] GC(147) Report Object Count
[56.107s][debug][gc,phases         ] GC(147) Report Object Count 0.049ms
[56.107s][info ][gc                ] GC(147) Pause Remark 84M->81M(1706M) 5.819ms
[56.107s][info ][gc,cpu            ] GC(147) User=0.01s Sys=0.00s Real=0.01s
[56.107s][info ][gc,marking        ] GC(147) Concurrent Rebuild Remembered Sets
[56.116s][info ][gc,marking        ] GC(147) Concurrent Rebuild Remembered Sets 8.243ms
[56.116s][info ][gc,start          ] GC(147) Pause Cleanup
[56.116s][debug][gc,phases,start   ] GC(147) Update Remembered Set Tracking After Rebuild
[56.116s][debug][gc,phases         ] GC(147) Update Remembered Set Tracking After Rebuild 0.064ms
[56.116s][debug][gc,phases,start   ] GC(147) Finalize Concurrent Mark Cleanup
[56.116s][debug][gc,ergo           ] GC(147) request young-only gcs (reclaimable percentage not over threshold). candidate old regions: 56 reclaimable: 57076088 (3.19) threshold: 5
[56.116s][debug][gc,phases         ] GC(147) Finalize Concurrent Mark Cleanup 0.257ms
[56.116s][info ][gc                ] GC(147) Pause Cleanup 81M->81M(1706M) 0.418ms
[56.116s][info ][gc,cpu            ] GC(147) User=0.00s Sys=0.00s Real=0.00s
[56.116s][info ][gc,marking        ] GC(147) Concurrent Cleanup for Next Mark
[56.116s][debug][gc,ergo           ] GC(147) Running G1 Clear Bitmap with 1 workers for 27 work units.
[56.119s][info ][gc,marking        ] GC(147) Concurrent Cleanup for Next Mark 3.103ms
[56.119s][info ][gc                ] GC(147) Concurrent Cycle 37.412ms
[56.195s][debug][gc,ergo,ihop      ] Request concurrent cycle initiation (occupancy higher than threshold) occupancy: 62914560B allocation request: 524304B threshold: 0B (0.00) source: concurrent humongous allocation
[56.196s][debug][gc,ergo           ] Request concurrent cycle initiation (requested by GC cause). GC cause: G1 Humongous Allocation
[56.196s][debug][gc,heap           ] GC(148) Heap before GC invocations=148 (full 0): garbage-first heap   total 1746944K, used 88064K [0x0000000780000000, 0x0000000800000000)
[56.196s][debug][gc,heap           ] GC(148)   region size 1024K, 27 young (27648K), 16 survivors (16384K)
[56.196s][debug][gc,heap           ] GC(148)  Metaspace       used 13378K, capacity 13810K, committed 14080K, reserved 1062912K
[56.196s][debug][gc,heap           ] GC(148)   class space    used 1352K, capacity 1515K, committed 1536K, reserved 1048576K
[56.196s][debug][gc,ergo           ] GC(148) Initiate concurrent cycle (concurrent cycle initiation requested)
[56.196s][info ][gc,start          ] GC(148) Pause Young (Concurrent Start) (G1 Humongous Allocation)
[56.196s][info ][gc,task           ] GC(148) Using 4 workers of 4 for evacuation
[56.196s][debug][gc,tlab           ] GC(148) TLAB totals: thrds: 1  refills: 31 max: 31 slow allocs: 3 max 3 waste:  0.9% gc: 80072B max: 80072B slow: 17672B max: 17672B fast: 0B max: 0B
[56.196s][debug][gc,alloc,region   ] GC(148) Mutator Allocation stats, regions: 11, wasted size: 0B ( 0.0%)
[56.196s][debug][gc,age            ] GC(148) Desired survivor size 16252928 bytes, new threshold 15 (max threshold 15)
[56.196s][debug][gc,ergo,cset      ] GC(148) Finish choosing CSet. old: 0 regions, predicted old region time: 0.00ms, time remaining: 165.98
[56.196s][debug][gc,task,stats     ] GC(148) GC Termination Stats
[56.196s][debug][gc,task,stats     ] GC(148)      elapsed  --strong roots-- -------termination------- ------waste (KiB)------
[56.196s][debug][gc,task,stats     ] GC(148) thr     ms        ms      %        ms      %    attempts  total   alloc    undo
[56.197s][debug][gc,task,stats     ] GC(148) --- --------- --------- ------ --------- ------ -------- ------- ------- -------
[56.219s][debug][gc,task,stats     ] GC(148)   1     22.00      5.65  25.67      0.01   0.04        3       0       0       0
[56.219s][debug][gc,task,stats     ] GC(148)   0     22.20     18.82  84.78      0.02   0.08        3       0       0       0
[56.219s][debug][gc,task,stats     ] GC(148)   2     22.27     18.86  84.70      0.04   0.19       10       0       0       0
[56.219s][debug][gc,task,stats     ] GC(148)   3     22.14     18.00  81.33      0.03   0.15        6       0       0       0
[56.219s][debug][gc,ergo           ] GC(148) Running G1 Clear Card Table Task using 1 workers for 1 units of work for 34 regions.
[56.219s][debug][gc,ref            ] GC(148) Skipped phase1 of Reference Processing due to unavailable references
[56.219s][debug][gc,ref            ] GC(148) Skipped phase2 of Reference Processing due to unavailable references
[56.219s][debug][gc,ref            ] GC(148) Skipped phase3 of Reference Processing due to unavailable references
[56.219s][debug][gc,ref            ] GC(148) Skipped phase4 of Reference Processing due to unavailable references
[56.219s][debug][gc,ergo           ] GC(148) Running G1 Free Collection Set using 1 workers for collection set length 27
[56.219s][debug][gc,humongous      ] GC(148) Live humongous region 5 object size 524304 start 0x0000000780500000  with remset 0 code roots 0 is marked 0 reclaim candidate 0 type array 0
[56.220s][debug][gc,humongous      ] GC(148) Live humongous region 6 object size 1048592 start 0x0000000780600000  with remset 0 code roots 0 is marked 0 reclaim candidate 0 type array 0
[56.220s][debug][gc,plab           ] GC(148) Young PLAB allocation: allocated: 16252928B, wasted: 672B, unused: 498288B, used: 15753968B, undo waste: 0B, 
[56.220s][debug][gc,plab           ] GC(148) Young other allocation: region end waste: 0B, regions filled: 16, direct allocated: 0B, failure used: 0B, failure wasted: 0B
[56.220s][debug][gc,plab           ] GC(148) Young sizing: calculated: 3150792B, actual: 3137168B
[56.220s][debug][gc,plab           ] GC(148) Old PLAB allocation: allocated: 0B, wasted: 0B, unused: 0B, used: 0B, undo waste: 0B, 
[56.220s][debug][gc,plab           ] GC(148) Old other allocation: region end waste: 0B, regions filled: 0, direct allocated: 0B, failure used: 0B, failure wasted: 0B
[56.220s][debug][gc,plab           ] GC(148) Old sizing: calculated: 0B, actual: 41656B
[56.220s][debug][gc,alloc,stats    ] Old generation allocation in the last mutator period, old gen allocated: 0B, humongous allocated: 3145728B,old gen growth: 0B.
[56.220s][debug][gc,ihop           ] GC(148) Basic information (value update), threshold: 0B (0.00), target occupancy: 1788870656B, current occupancy: 79167488B, recent allocation size: 3145728B, recent allocation duration: 109.08ms, recent old gen allocation rate: 28839086.34B/s, recent marking phase length: 232.15ms
[56.220s][debug][gc,ihop           ] GC(148) Adaptive IHOP information (value update), threshold: 0B (0.00), internal target occupancy: 1699427123B, occupancy: 79167488B, additional buffer size: 285212672B, predicted old gen allocation rate: 4074343256.48B/s, predicted marking phase length: 354.98ms, prediction active: true
[56.220s][debug][gc,ergo,refine    ] GC(148) Updated Refinement Zones: green: 66, yellow: 198, red: 330
[56.220s][info ][gc,phases         ] GC(148)   Pre Evacuate Collection Set: 0.1ms
[56.220s][debug][gc,phases         ] GC(148)     Prepare TLABs: 0.0ms
[56.220s][debug][gc,phases         ] GC(148)     Choose Collection Set: 0.0ms
[56.220s][debug][gc,phases         ] GC(148)     Humongous Register: 0.0ms
[56.220s][debug][gc,phases         ] GC(148)     Clear Claimed Marks: 0.1ms
