[0.042s][info][gc,init] CardTable entry size: 512
[0.042s][debug][gc,heap] Minimum heap 8388608  Initial heap 134217728  Maximum heap 2147483648
[0.043s][info ][gc     ] Using Serial
[0.043s][debug][gc,heap,coops] Heap address: 0x0000000780000000, size: 2048 MB, Compressed Oops mode: Zero based, Oop shift amount: 3
[0.045s][info ][gc,init      ] Version: 19+36-2238 (release)
[0.045s][info ][gc,init      ] CPUs: 4 total, 4 available
[0.045s][info ][gc,init      ] Memory: 8192M
[0.045s][info ][gc,init      ] Large Page Support: Disabled
[0.045s][info ][gc,init      ] NUMA Support: Disabled
[0.045s][info ][gc,init      ] Compressed Oops: Enabled (Zero based)
[0.045s][info ][gc,init      ] Heap Min Capacity: 8M
[0.045s][info ][gc,init      ] Heap Initial Capacity: 128M
[0.045s][info ][gc,init      ] Heap Max Capacity: 2G
[0.045s][info ][gc,init      ] Pre-touch: Disabled
[0.050s][info ][gc,metaspace ] CDS archive(s) mapped at: [0x0000000800000000-0x0000000800c44000-0x0000000800c44000), size 12861440, SharedBaseAddress: 0x0000000800000000, ArchiveRelocationMode: 0.
[0.050s][info ][gc,metaspace ] Compressed class space mapped at: 0x0000000801000000-0x0000000841000000, reserved size: 1073741824
[0.050s][info ][gc,metaspace ] Narrow klass base: 0x0000000800000000, Narrow klass shift: 0, Narrow klass range: 0x100000000
[10.496s][info ][gc,start     ] GC(0) Pause Young (Allocation Failure)
[10.496s][debug][gc,heap      ] GC(0) Heap before GC invocations=0 (full 0):
[10.496s][debug][gc,heap      ] GC(0)  def new generation   total 39296K, used 34944K [0x0000000780000000, 0x0000000782aa0000, 0x00000007aaaa0000)
[10.496s][debug][gc,heap      ] GC(0)   eden space 34944K, 100% used [0x0000000780000000, 0x0000000782220000, 0x0000000782220000)
[10.496s][debug][gc,heap      ] GC(0)   from space 4352K,   0% used [0x0000000782220000, 0x0000000782220000, 0x0000000782660000)
[10.496s][debug][gc,heap      ] GC(0)   to   space 4352K,   0% used [0x0000000782660000, 0x0000000782660000, 0x0000000782aa0000)
[10.496s][debug][gc,heap      ] GC(0)  tenured generation   total 87424K, used 976K [0x00000007aaaa0000, 0x00000007b0000000, 0x0000000800000000)
[10.496s][debug][gc,heap      ] GC(0)    the space 87424K,   1% used [0x00000007aaaa0000, 0x00000007aab94000, 0x00000007aab94000, 0x00000007b0000000)
[10.496s][debug][gc,heap      ] GC(0)  Metaspace       used 8672K, committed 8960K, reserved 1114112K
[10.496s][debug][gc,heap      ] GC(0)   class space    used 917K, committed 1088K, reserved 1048576K
[10.496s][debug][gc,tlab      ] GC(0) TLAB totals: thrds: 14  refills: 50 max: 28 slow allocs: 1 max 1 waste: 22.1% gc: 7848816B max: 715648B slow: 37504B max: 31128B
[10.517s][debug][gc,ref       ] GC(0) ReferenceProcessor::execute queues: 1, RefProcThreadModel::Single, marks_oops_alive: false
[10.517s][debug][gc,ref       ] GC(0) Skipped KeepAliveFinalRefsPhase of Reference Processing: no references
[10.517s][debug][gc,ref       ] GC(0) ReferenceProcessor::execute queues: 1, RefProcThreadModel::Single, marks_oops_alive: false
[10.518s][debug][gc,phases,ref] GC(0) Reference Processing: 0.2ms
[10.518s][debug][gc,phases,ref] GC(0)   Notify Soft/WeakReferences: 0.2ms
[10.518s][debug][gc,phases,ref] GC(0)     SoftRef: 0.0ms
[10.518s][debug][gc,phases,ref] GC(0)     WeakRef: 0.0ms
[10.518s][debug][gc,phases,ref] GC(0)     FinalRef: 0.0ms
[10.518s][debug][gc,phases,ref] GC(0)     Total: 0.0ms
[10.518s][debug][gc,phases,ref] GC(0)   Notify and keep alive finalizable: 0.0ms
[10.518s][debug][gc,phases,ref] GC(0)     FinalRef: skipped
[10.518s][debug][gc,phases,ref] GC(0)   Notify PhantomReferences: 0.0ms
[10.518s][debug][gc,phases,ref] GC(0)     PhantomRef: 0.0ms
[10.518s][debug][gc,phases,ref] GC(0)   SoftReference Discovered: 0, Dropped: 0, Processed: 0
[10.518s][debug][gc,phases,ref] GC(0)   WeakReference Discovered: 65, Dropped: 65, Processed: 0
[10.518s][debug][gc,phases,ref] GC(0)   FinalReference Discovered: 0, Dropped: 0, Processed: 0
[10.518s][debug][gc,phases,ref] GC(0)   PhantomReference Discovered: 19, Dropped: 4, Processed: 15
[10.518s][debug][gc,age       ] GC(0) Desired survivor size 2228224 bytes, new threshold 1 (max threshold 15)
[10.518s][info ][gc,heap      ] GC(0) DefNew: 34944K(39296K)->4351K(39296K) Eden: 34944K(34944K)->0K(34944K) From: 0K(4352K)->4351K(4352K)
[10.518s][info ][gc,heap      ] GC(0) Tenured: 976K(87424K)->3095K(87424K)
[10.518s][info ][gc,metaspace ] GC(0) Metaspace: 8672K(8960K)->8672K(8960K) NonClass: 7754K(7872K)->7754K(7872K) Class: 917K(1088K)->917K(1088K)
[10.518s][debug][gc,heap      ] GC(0) Heap after GC invocations=1 (full 0):
[10.518s][debug][gc,heap      ] GC(0)  def new generation   total 39296K, used 4351K [0x0000000780000000, 0x0000000782aa0000, 0x00000007aaaa0000)
[10.518s][debug][gc,heap      ] GC(0)   eden space 34944K,   0% used [0x0000000780000000, 0x0000000780000000, 0x0000000782220000)
[10.518s][debug][gc,heap      ] GC(0)   from space 4352K,  99% used [0x0000000782660000, 0x0000000782a9fff8, 0x0000000782aa0000)
[10.518s][debug][gc,heap      ] GC(0)   to   space 4352K,   0% used [0x0000000782220000, 0x0000000782220000, 0x0000000782660000)
[10.518s][debug][gc,heap      ] GC(0)  tenured generation   total 87424K, used 3095K [0x00000007aaaa0000, 0x00000007b0000000, 0x0000000800000000)
[10.518s][debug][gc,heap      ] GC(0)    the space 87424K,   3% used [0x00000007aaaa0000, 0x00000007aada5dc0, 0x00000007aada5e00, 0x00000007b0000000)
[10.518s][debug][gc,heap      ] GC(0)  Metaspace       used 8672K, committed 8960K, reserved 1114112K
[10.518s][debug][gc,heap      ] GC(0)   class space    used 917K, committed 1088K, reserved 1048576K
[10.518s][info ][gc           ] GC(0) Pause Young (Allocation Failure) 35M->7M(123M) 22.557ms
[10.518s][info ][gc,cpu       ] GC(0) User=0.02s Sys=0.00s Real=0.03s
[10.895s][info ][gc,start     ] GC(1) Pause Young (Allocation Failure)
[10.895s][debug][gc,heap      ] GC(1) Heap before GC invocations=1 (full 0):
[10.895s][debug][gc,heap      ] GC(1)  def new generation   total 39296K, used 39295K [0x0000000780000000, 0x0000000782aa0000, 0x00000007aaaa0000)
[10.895s][debug][gc,heap      ] GC(1)   eden space 34944K, 100% used [0x0000000780000000, 0x0000000782220000, 0x0000000782220000)
[10.895s][debug][gc,heap      ] GC(1)   from space 4352K,  99% used [0x0000000782660000, 0x0000000782a9fff8, 0x0000000782aa0000)
[10.895s][debug][gc,heap      ] GC(1)   to   space 4352K,   0% used [0x0000000782220000, 0x0000000782220000, 0x0000000782660000)
[10.895s][debug][gc,heap      ] GC(1)  tenured generation   total 87424K, used 3095K [0x00000007aaaa0000, 0x00000007b0000000, 0x0000000800000000)
[10.895s][debug][gc,heap      ] GC(1)    the space 87424K,   3% used [0x00000007aaaa0000, 0x00000007aada5dc0, 0x00000007aada5e00, 0x00000007b0000000)
[10.895s][debug][gc,heap      ] GC(1)  Metaspace       used 8676K, committed 9024K, reserved 1114112K
[10.895s][debug][gc,heap      ] GC(1)   class space    used 918K, committed 1088K, reserved 1048576K
[10.895s][debug][gc,tlab      ] GC(1) TLAB totals: thrds: 4  refills: 78 max: 75 slow allocs: 9 max 9 waste:  3.7% gc: 1091848B max: 357824B slow: 43248B max: 43248B
[10.909s][debug][gc,ref       ] GC(1) Skipped SoftWeakFinalRefsPhase of Reference Processing: no references
[10.909s][debug][gc,ref       ] GC(1) Skipped KeepAliveFinalRefsPhase of Reference Processing: no references
[10.909s][debug][gc,ref       ] GC(1) Skipped PhantomRefsPhase of Reference Processing: no references
[10.909s][debug][gc,phases,ref] GC(1) Reference Processing: 0.1ms
[10.909s][debug][gc,phases,ref] GC(1)   Notify Soft/WeakReferences: 0.1ms
[10.909s][debug][gc,phases,ref] GC(1)     SoftRef: skipped
[10.909s][debug][gc,phases,ref] GC(1)     WeakRef: skipped
[10.909s][debug][gc,phases,ref] GC(1)     FinalRef: skipped
[10.909s][debug][gc,phases,ref] GC(1)     Total: skipped
[10.909s][debug][gc,phases,ref] GC(1)   Notify and keep alive finalizable: 0.0ms
[10.909s][debug][gc,phases,ref] GC(1)     FinalRef: skipped
[10.909s][debug][gc,phases,ref] GC(1)   Notify PhantomReferences: 0.0ms
[10.909s][debug][gc,phases,ref] GC(1)     PhantomRef: skipped
[10.909s][debug][gc,phases,ref] GC(1)   SoftReference Discovered: 0, Dropped: 0, Processed: 0
[10.909s][debug][gc,phases,ref] GC(1)   WeakReference Discovered: 0, Dropped: 0, Processed: 0
[10.909s][debug][gc,phases,ref] GC(1)   FinalReference Discovered: 0, Dropped: 0, Processed: 0
[10.909s][debug][gc,phases,ref] GC(1)   PhantomReference Discovered: 0, Dropped: 0, Processed: 0
[10.910s][debug][gc,age       ] GC(1) Desired survivor size 2228224 bytes, new threshold 15 (max threshold 15)
[10.910s][info ][gc,heap      ] GC(1) DefNew: 39295K(39296K)->318K(39296K) Eden: 34944K(34944K)->0K(34944K) From: 4351K(4352K)->318K(4352K)
[10.910s][info ][gc,heap      ] GC(1) Tenured: 3095K(87424K)->4619K(87424K)
[10.910s][info ][gc,metaspace ] GC(1) Metaspace: 8676K(9024K)->8676K(9024K) NonClass: 7758K(7936K)->7758K(7936K) Class: 918K(1088K)->918K(1088K)
[10.910s][debug][gc,heap      ] GC(1) Heap after GC invocations=2 (full 0):
[10.910s][debug][gc,heap      ] GC(1)  def new generation   total 39296K, used 318K [0x0000000780000000, 0x0000000782aa0000, 0x00000007aaaa0000)
[10.910s][debug][gc,heap      ] GC(1)   eden space 34944K,   0% used [0x0000000780000000, 0x0000000780000000, 0x0000000782220000)
[10.910s][debug][gc,heap      ] GC(1)   from space 4352K,   7% used [0x0000000782220000, 0x000000078226fa10, 0x0000000782660000)
[10.910s][debug][gc,heap      ] GC(1)   to   space 4352K,   0% used [0x0000000782660000, 0x0000000782660000, 0x0000000782aa0000)
[10.910s][debug][gc,heap      ] GC(1)  tenured generation   total 87424K, used 4619K [0x00000007aaaa0000, 0x00000007b0000000, 0x0000000800000000)
[10.910s][debug][gc,heap      ] GC(1)    the space 87424K,   5% used [0x00000007aaaa0000, 0x00000007aaf22c18, 0x00000007aaf22e00, 0x00000007b0000000)
[10.910s][debug][gc,heap      ] GC(1)  Metaspace       used 8676K, committed 9024K, reserved 1114112K
[10.910s][debug][gc,heap      ] GC(1)   class space    used 918K, committed 1088K, reserved 1048576K
[10.910s][info ][gc           ] GC(1) Pause Young (Allocation Failure) 41M->4M(123M) 14.809ms
[10.910s][info ][gc,cpu       ] GC(1) User=0.01s Sys=0.00s Real=0.02s
[11.142s][info ][gc,start     ] GC(2) Pause Young (Allocation Failure)
[11.142s][debug][gc,heap      ] GC(2) Heap before GC invocations=2 (full 0):
[11.142s][debug][gc,heap      ] GC(2)  def new generation   total 39296K, used 35262K [0x0000000780000000, 0x0000000782aa0000, 0x00000007aaaa0000)
[11.142s][debug][gc,heap      ] GC(2)   eden space 34944K, 100% used [0x0000000780000000, 0x0000000782220000, 0x0000000782220000)
[11.142s][debug][gc,heap      ] GC(2)   from space 4352K,   7% used [0x0000000782220000, 0x000000078226fa10, 0x0000000782660000)
[11.142s][debug][gc,heap      ] GC(2)   to   space 4352K,   0% used [0x0000000782660000, 0x0000000782660000, 0x0000000782aa0000)
[11.142s][debug][gc,heap      ] GC(2)  tenured generation   total 87424K, used 4619K [0x00000007aaaa0000, 0x00000007b0000000, 0x0000000800000000)
[11.142s][debug][gc,heap      ] GC(2)    the space 87424K,   5% used [0x00000007aaaa0000, 0x00000007aaf22c18, 0x00000007aaf22e00, 0x00000007b0000000)
[11.142s][debug][gc,heap      ] GC(2)  Metaspace       used 8676K, committed 9024K, reserved 1114112K
[11.142s][debug][gc,heap      ] GC(2)   class space    used 918K, committed 1088K, reserved 1048576K
[11.143s][debug][gc,tlab      ] GC(2) TLAB totals: thrds: 2  refills: 64 max: 63 slow allocs: 8 max 8 waste:  0.9% gc: 232264B max: 232264B slow: 38616B max: 38616B
[11.163s][debug][gc,ref       ] GC(2) Skipped SoftWeakFinalRefsPhase of Reference Processing: no references
[11.163s][debug][gc,ref       ] GC(2) Skipped KeepAliveFinalRefsPhase of Reference Processing: no references
[11.163s][debug][gc,ref       ] GC(2) Skipped PhantomRefsPhase of Reference Processing: no references
[11.163s][debug][gc,phases,ref] GC(2) Reference Processing: 0.1ms
[11.163s][debug][gc,phases,ref] GC(2)   Notify Soft/WeakReferences: 0.1ms
[11.163s][debug][gc,phases,ref] GC(2)     SoftRef: skipped
[11.163s][debug][gc,phases,ref] GC(2)     WeakRef: skipped
[11.163s][debug][gc,phases,ref] GC(2)     FinalRef: skipped
[11.163s][debug][gc,phases,ref] GC(2)     Total: skipped
[11.163s][debug][gc,phases,ref] GC(2)   Notify and keep alive finalizable: 0.0ms
[11.163s][debug][gc,phases,ref] GC(2)     FinalRef: skipped
[11.163s][debug][gc,phases,ref] GC(2)   Notify PhantomReferences: 0.0ms
[11.163s][debug][gc,phases,ref] GC(2)     PhantomRef: skipped
[11.163s][debug][gc,phases,ref] GC(2)   SoftReference Discovered: 0, Dropped: 0, Processed: 0
[11.163s][debug][gc,phases,ref] GC(2)   WeakReference Discovered: 0, Dropped: 0, Processed: 0
[11.163s][debug][gc,phases,ref] GC(2)   FinalReference Discovered: 0, Dropped: 0, Processed: 0
[11.163s][debug][gc,phases,ref] GC(2)   PhantomReference Discovered: 0, Dropped: 0, Processed: 0
[11.163s][debug][gc,age       ] GC(2) Desired survivor size 2228224 bytes, new threshold 1 (max threshold 15)
[11.164s][info ][gc,heap      ] GC(2) DefNew: 35262K(39296K)->4352K(39296K) Eden: 34944K(34944K)->0K(34944K) From: 318K(4352K)->4352K(4352K)
[11.164s][info ][gc,heap      ] GC(2) Tenured: 4619K(87424K)->10379K(87424K)
[11.164s][info ][gc,metaspace ] GC(2) Metaspace: 8676K(9024K)->8676K(9024K) NonClass: 7758K(7936K)->7758K(7936K) Class: 918K(1088K)->918K(1088K)
[11.164s][debug][gc,heap      ] GC(2) Heap after GC invocations=3 (full 0):
[11.164s][debug][gc,heap      ] GC(2)  def new generation   total 39296K, used 4352K [0x0000000780000000, 0x0000000782aa0000, 0x00000007aaaa0000)
[11.164s][debug][gc,heap      ] GC(2)   eden space 34944K,   0% used [0x0000000780000000, 0x0000000780000000, 0x0000000782220000)
[11.164s][debug][gc,heap      ] GC(2)   from space 4352K, 100% used [0x0000000782660000, 0x0000000782aa0000, 0x0000000782aa0000)
[11.164s][debug][gc,heap      ] GC(2)   to   space 4352K,   0% used [0x0000000782220000, 0x0000000782220000, 0x0000000782660000)
[11.164s][debug][gc,heap      ] GC(2)  tenured generation   total 87424K, used 10379K [0x00000007aaaa0000, 0x00000007b0000000, 0x0000000800000000)
[11.164s][debug][gc,heap      ] GC(2)    the space 87424K,  11% used [0x00000007aaaa0000, 0x00000007ab4c2d50, 0x00000007ab4c2e00, 0x00000007b0000000)
[11.164s][debug][gc,heap      ] GC(2)  Metaspace       used 8676K, committed 9024K, reserved 1114112K
[11.164s][debug][gc,heap      ] GC(2)   class space    used 918K, committed 1088K, reserved 1048576K
[11.164s][info ][gc           ] GC(2) Pause Young (Allocation Failure) 38M->14M(123M) 21.453ms
[11.164s][info ][gc,cpu       ] GC(2) User=0.02s Sys=0.00s Real=0.02s
[11.511s][info ][gc,start     ] GC(3) Pause Young (Allocation Failure)
[11.511s][debug][gc,heap      ] GC(3) Heap before GC invocations=3 (full 0):
[11.511s][debug][gc,heap      ] GC(3)  def new generation   total 39296K, used 39296K [0x0000000780000000, 0x0000000782aa0000, 0x00000007aaaa0000)
[11.511s][debug][gc,heap      ] GC(3)   eden space 34944K, 100% used [0x0000000780000000, 0x0000000782220000, 0x0000000782220000)
[11.511s][debug][gc,heap      ] GC(3)   from space 4352K, 100% used [0x0000000782660000, 0x0000000782aa0000, 0x0000000782aa0000)
[11.511s][debug][gc,heap      ] GC(3)   to   space 4352K,   0% used [0x0000000782220000, 0x0000000782220000, 0x0000000782660000)
[11.511s][debug][gc,heap      ] GC(3)  tenured generation   total 87424K, used 10379K [0x00000007aaaa0000, 0x00000007b0000000, 0x0000000800000000)
[11.511s][debug][gc,heap      ] GC(3)    the space 87424K,  11% used [0x00000007aaaa0000, 0x00000007ab4c2d50, 0x00000007ab4c2e00, 0x00000007b0000000)
[11.511s][debug][gc,heap      ] GC(3)  Metaspace       used 8688K, committed 9024K, reserved 1114112K
[11.511s][debug][gc,heap      ] GC(3)   class space    used 918K, committed 1088K, reserved 1048576K
[11.511s][debug][gc,tlab      ] GC(3) TLAB totals: thrds: 6  refills: 57 max: 52 slow allocs: 7 max 7 waste:  4.9% gc: 1499832B max: 363880B slow: 30336B max: 30336B
[11.528s][debug][gc,ref       ] GC(3) Skipped SoftWeakFinalRefsPhase of Reference Processing: no references
[11.528s][debug][gc,ref       ] GC(3) Skipped KeepAliveFinalRefsPhase of Reference Processing: no references
[11.528s][debug][gc,ref       ] GC(3) Skipped PhantomRefsPhase of Reference Processing: no references
[11.528s][debug][gc,phases,ref] GC(3) Reference Processing: 0.1ms
[11.528s][debug][gc,phases,ref] GC(3)   Notify Soft/WeakReferences: 0.1ms
[11.528s][debug][gc,phases,ref] GC(3)     SoftRef: skipped
[11.528s][debug][gc,phases,ref] GC(3)     WeakRef: skipped
[11.528s][debug][gc,phases,ref] GC(3)     FinalRef: skipped
[11.528s][debug][gc,phases,ref] GC(3)     Total: skipped
[11.528s][debug][gc,phases,ref] GC(3)   Notify and keep alive finalizable: 0.0ms
[11.528s][debug][gc,phases,ref] GC(3)     FinalRef: skipped
[11.528s][debug][gc,phases,ref] GC(3)   Notify PhantomReferences: 0.0ms
[11.528s][debug][gc,phases,ref] GC(3)     PhantomRef: skipped
[11.528s][debug][gc,phases,ref] GC(3)   SoftReference Discovered: 0, Dropped: 0, Processed: 0
[11.528s][debug][gc,phases,ref] GC(3)   WeakReference Discovered: 0, Dropped: 0, Processed: 0
[11.528s][debug][gc,phases,ref] GC(3)   FinalReference Discovered: 0, Dropped: 0, Processed: 0
[11.528s][debug][gc,phases,ref] GC(3)   PhantomReference Discovered: 0, Dropped: 0, Processed: 0
[11.528s][debug][gc,age       ] GC(3) Desired survivor size 2228224 bytes, new threshold 1 (max threshold 15)
[11.528s][info ][gc,heap      ] GC(3) DefNew: 39296K(39296K)->4352K(39296K) Eden: 34944K(34944K)->0K(34944K) From: 4352K(4352K)->4352K(4352K)
[11.528s][info ][gc,heap      ] GC(3) Tenured: 10379K(87424K)->12896K(87424K)
[11.528s][info ][gc,metaspace ] GC(3) Metaspace: 8688K(9024K)->8688K(9024K) NonClass: 7769K(7936K)->7769K(7936K) Class: 918K(1088K)->918K(1088K)
[11.529s][debug][gc,heap      ] GC(3) Heap after GC invocations=4 (full 0):
[11.529s][debug][gc,heap      ] GC(3)  def new generation   total 39296K, used 4352K [0x0000000780000000, 0x0000000782aa0000, 0x00000007aaaa0000)
[11.529s][debug][gc,heap      ] GC(3)   eden space 34944K,   0% used [0x0000000780000000, 0x0000000780000000, 0x0000000782220000)
[11.529s][debug][gc,heap      ] GC(3)   from space 4352K, 100% used [0x0000000782220000, 0x0000000782660000, 0x0000000782660000)
[11.529s][debug][gc,heap      ] GC(3)   to   space 4352K,   0% used [0x0000000782660000, 0x0000000782660000, 0x0000000782aa0000)
[11.529s][debug][gc,heap      ] GC(3)  tenured generation   total 87424K, used 12896K [0x00000007aaaa0000, 0x00000007b0000000, 0x0000000800000000)
[11.529s][debug][gc,heap      ] GC(3)    the space 87424K,  14% used [0x00000007aaaa0000, 0x00000007ab738328, 0x00000007ab738400, 0x00000007b0000000)
[11.529s][debug][gc,heap      ] GC(3)  Metaspace       used 8688K, committed 9024K, reserved 1114112K
[11.529s][debug][gc,heap      ] GC(3)   class space    used 918K, committed 1088K, reserved 1048576K
[11.529s][info ][gc           ] GC(3) Pause Young (Allocation Failure) 48M->16M(123M) 17.693ms
[11.529s][info ][gc,cpu       ] GC(3) User=0.01s Sys=0.01s Real=0.02s
[11.859s][info ][gc,start     ] GC(4) Pause Young (Allocation Failure)
[11.859s][debug][gc,heap      ] GC(4) Heap before GC invocations=4 (full 0):
[11.859s][debug][gc,heap      ] GC(4)  def new generation   total 39296K, used 39296K [0x0000000780000000, 0x0000000782aa0000, 0x00000007aaaa0000)
[11.859s][debug][gc,heap      ] GC(4)   eden space 34944K, 100% used [0x0000000780000000, 0x0000000782220000, 0x0000000782220000)
[11.859s][debug][gc,heap      ] GC(4)   from space 4352K, 100% used [0x0000000782220000, 0x0000000782660000, 0x0000000782660000)
[11.859s][debug][gc,heap      ] GC(4)   to   space 4352K,   0% used [0x0000000782660000, 0x0000000782660000, 0x0000000782aa0000)
[11.859s][debug][gc,heap      ] GC(4)  tenured generation   total 87424K, used 12896K [0x00000007aaaa0000, 0x00000007b0000000, 0x0000000800000000)
[11.859s][debug][gc,heap      ] GC(4)    the space 87424K,  14% used [0x00000007aaaa0000, 0x00000007ab738328, 0x00000007ab738400, 0x00000007b0000000)
[11.859s][debug][gc,heap      ] GC(4)  Metaspace       used 8689K, committed 9024K, reserved 1114112K
[11.859s][debug][gc,heap      ] GC(4)   class space    used 918K, committed 1088K, reserved 1048576K
[11.859s][debug][gc,tlab      ] GC(4) TLAB totals: thrds: 2  refills: 53 max: 52 slow allocs: 8 max 8 waste:  0.8% gc: 213656B max: 115960B slow: 38776B max: 38776B
[11.869s][debug][gc,ref       ] GC(4) Skipped SoftWeakFinalRefsPhase of Reference Processing: no references
[11.869s][debug][gc,ref       ] GC(4) Skipped KeepAliveFinalRefsPhase of Reference Processing: no references
[11.869s][debug][gc,ref       ] GC(4) Skipped PhantomRefsPhase of Reference Processing: no references
[11.869s][debug][gc,phases,ref] GC(4) Reference Processing: 0.1ms
[11.869s][debug][gc,phases,ref] GC(4)   Notify Soft/WeakReferences: 0.1ms
[11.869s][debug][gc,phases,ref] GC(4)     SoftRef: skipped
[11.869s][debug][gc,phases,ref] GC(4)     WeakRef: skipped
[11.869s][debug][gc,phases,ref] GC(4)     FinalRef: skipped
[11.869s][debug][gc,phases,ref] GC(4)     Total: skipped
[11.869s][debug][gc,phases,ref] GC(4)   Notify and keep alive finalizable: 0.0ms
[11.869s][debug][gc,phases,ref] GC(4)     FinalRef: skipped
[11.869s][debug][gc,phases,ref] GC(4)   Notify PhantomReferences: 0.0ms
[11.869s][debug][gc,phases,ref] GC(4)     PhantomRef: skipped
[11.869s][debug][gc,phases,ref] GC(4)   SoftReference Discovered: 0, Dropped: 0, Processed: 0
[11.869s][debug][gc,phases,ref] GC(4)   WeakReference Discovered: 0, Dropped: 0, Processed: 0
[11.869s][debug][gc,phases,ref] GC(4)   FinalReference Discovered: 0, Dropped: 0, Processed: 0
[11.869s][debug][gc,phases,ref] GC(4)   PhantomReference Discovered: 0, Dropped: 0, Processed: 0
[11.870s][debug][gc,age       ] GC(4) Desired survivor size 2228224 bytes, new threshold 1 (max threshold 15)
[11.870s][info ][gc,heap      ] GC(4) DefNew: 39296K(39296K)->4352K(39296K) Eden: 34944K(34944K)->0K(34944K) From: 4352K(4352K)->4352K(4352K)
[11.870s][info ][gc,heap      ] GC(4) Tenured: 12896K(87424K)->13783K(87424K)
[11.870s][info ][gc,metaspace ] GC(4) Metaspace: 8689K(9024K)->8689K(9024K) NonClass: 7770K(7936K)->7770K(7936K) Class: 918K(1088K)->918K(1088K)
[11.870s][debug][gc,heap      ] GC(4) Heap after GC invocations=5 (full 0):
[11.870s][debug][gc,heap      ] GC(4)  def new generation   total 39296K, used 4352K [0x0000000780000000, 0x0000000782aa0000, 0x00000007aaaa0000)
[11.870s][debug][gc,heap      ] GC(4)   eden space 34944K,   0% used [0x0000000780000000, 0x0000000780000000, 0x0000000782220000)
[11.870s][debug][gc,heap      ] GC(4)   from space 4352K, 100% used [0x0000000782660000, 0x0000000782aa0000, 0x0000000782aa0000)
[11.870s][debug][gc,heap      ] GC(4)   to   space 4352K,   0% used [0x0000000782220000, 0x0000000782220000, 0x0000000782660000)
[11.870s][debug][gc,heap      ] GC(4)  tenured generation   total 87424K, used 13783K [0x00000007aaaa0000, 0x00000007b0000000, 0x0000000800000000)
[11.870s][debug][gc,heap      ] GC(4)    the space 87424K,  15% used [0x00000007aaaa0000, 0x00000007ab815cf8, 0x00000007ab815e00, 0x00000007b0000000)
[11.870s][debug][gc,heap      ] GC(4)  Metaspace       used 8689K, committed 9024K, reserved 1114112K
[11.870s][debug][gc,heap      ] GC(4)   class space    used 918K, committed 1088K, reserved 1048576K
[11.870s][info ][gc           ] GC(4) Pause Young (Allocation Failure) 50M->17M(123M) 10.734ms
[11.870s][info ][gc,cpu       ] GC(4) User=0.01s Sys=0.00s Real=0.01s
[12.210s][info ][gc,start     ] GC(5) Pause Young (Allocation Failure)
[12.210s][debug][gc,heap      ] GC(5) Heap before GC invocations=5 (full 0):
[12.210s][debug][gc,heap      ] GC(5)  def new generation   total 39296K, used 39296K [0x0000000780000000, 0x0000000782aa0000, 0x00000007aaaa0000)
[12.210s][debug][gc,heap      ] GC(5)   eden space 34944K, 100% used [0x0000000780000000, 0x0000000782220000, 0x0000000782220000)
[12.210s][debug][gc,heap      ] GC(5)   from space 4352K, 100% used [0x0000000782660000, 0x0000000782aa0000, 0x0000000782aa0000)
[12.210s][debug][gc,heap      ] GC(5)   to   space 4352K,   0% used [0x0000000782220000, 0x0000000782220000, 0x0000000782660000)
[12.210s][debug][gc,heap      ] GC(5)  tenured generation   total 87424K, used 13783K [0x00000007aaaa0000, 0x00000007b0000000, 0x0000000800000000)
[12.210s][debug][gc,heap      ] GC(5)    the space 87424K,  15% used [0x00000007aaaa0000, 0x00000007ab815cf8, 0x00000007ab815e00, 0x00000007b0000000)
[12.210s][debug][gc,heap      ] GC(5)  Metaspace       used 8689K, committed 9024K, reserved 1114112K
[12.210s][debug][gc,heap      ] GC(5)   class space    used 918K, committed 1088K, reserved 1048576K
[12.210s][debug][gc,tlab      ] GC(5) TLAB totals: thrds: 2  refills: 49 max: 48 slow allocs: 5 max 5 waste:  0.3% gc: 63240B max: 63240B slow: 28024B max: 28024B
[12.217s][debug][gc,ref       ] GC(5) Skipped SoftWeakFinalRefsPhase of Reference Processing: no references
[12.217s][debug][gc,ref       ] GC(5) Skipped KeepAliveFinalRefsPhase of Reference Processing: no references
[12.217s][debug][gc,ref       ] GC(5) Skipped PhantomRefsPhase of Reference Processing: no references
[12.217s][debug][gc,phases,ref] GC(5) Reference Processing: 0.1ms
[12.217s][debug][gc,phases,ref] GC(5)   Notify Soft/WeakReferences: 0.1ms
[12.217s][debug][gc,phases,ref] GC(5)     SoftRef: skipped
[12.217s][debug][gc,phases,ref] GC(5)     WeakRef: skipped
[12.217s][debug][gc,phases,ref] GC(5)     FinalRef: skipped
[12.217s][debug][gc,phases,ref] GC(5)     Total: skipped
[12.217s][debug][gc,phases,ref] GC(5)   Notify and keep alive finalizable: 0.0ms
[12.217s][debug][gc,phases,ref] GC(5)     FinalRef: skipped
[12.217s][debug][gc,phases,ref] GC(5)   Notify PhantomReferences: 0.0ms
[12.217s][debug][gc,phases,ref] GC(5)     PhantomRef: skipped
[12.217s][debug][gc,phases,ref] GC(5)   SoftReference Discovered: 0, Dropped: 0, Processed: 0
[12.217s][debug][gc,phases,ref] GC(5)   WeakReference Discovered: 0, Dropped: 0, Processed: 0
[12.217s][debug][gc,phases,ref] GC(5)   FinalReference Discovered: 0, Dropped: 0, Processed: 0
[12.217s][debug][gc,phases,ref] GC(5)   PhantomReference Discovered: 0, Dropped: 0, Processed: 0
[12.217s][debug][gc,age       ] GC(5) Desired survivor size 2228224 bytes, new threshold 1 (max threshold 15)
[12.217s][info ][gc,heap      ] GC(5) DefNew: 39296K(39296K)->3508K(39296K) Eden: 34944K(34944K)->0K(34944K) From: 4352K(4352K)->3508K(4352K)
[12.217s][info ][gc,heap      ] GC(5) Tenured: 13783K(87424K)->13783K(87424K)
[12.217s][info ][gc,metaspace ] GC(5) Metaspace: 8689K(9024K)->8689K(9024K) NonClass: 7770K(7936K)->7770K(7936K) Class: 918K(1088K)->918K(1088K)
[12.217s][debug][gc,heap      ] GC(5) Heap after GC invocations=6 (full 0):
[12.217s][debug][gc,heap      ] GC(5)  def new generation   total 39296K, used 3508K [0x0000000780000000, 0x0000000782aa0000, 0x00000007aaaa0000)
[12.217s][debug][gc,heap      ] GC(5)   eden space 34944K,   0% used [0x0000000780000000, 0x0000000780000000, 0x0000000782220000)
[12.217s][debug][gc,heap      ] GC(5)   from space 4352K,  80% used [0x0000000782220000, 0x000000078258d358, 0x0000000782660000)
[12.217s][debug][gc,heap      ] GC(5)   to   space 4352K,   0% used [0x0000000782660000, 0x0000000782660000, 0x0000000782aa0000)
[12.217s][debug][gc,heap      ] GC(5)  tenured generation   total 87424K, used 13783K [0x00000007aaaa0000, 0x00000007b0000000, 0x0000000800000000)
[12.217s][debug][gc,heap      ] GC(5)    the space 87424K,  15% used [0x00000007aaaa0000, 0x00000007ab815cf8, 0x00000007ab815e00, 0x00000007b0000000)
[12.217s][debug][gc,heap      ] GC(5)  Metaspace       used 8689K, committed 9024K, reserved 1114112K
[12.217s][debug][gc,heap      ] GC(5)   class space    used 918K, committed 1088K, reserved 1048576K
[12.217s][info ][gc           ] GC(5) Pause Young (Allocation Failure) 51M->16M(123M) 7.285ms
[12.217s][info ][gc,cpu       ] GC(5) User=0.01s Sys=0.00s Real=0.01s
[12.559s][info ][gc,start     ] GC(6) Pause Young (Allocation Failure)
[12.559s][debug][gc,heap      ] GC(6) Heap before GC invocations=6 (full 0):
[12.559s][debug][gc,heap      ] GC(6)  def new generation   total 39296K, used 38452K [0x0000000780000000, 0x0000000782aa0000, 0x00000007aaaa0000)
[12.559s][debug][gc,heap      ] GC(6)   eden space 34944K, 100% used [0x0000000780000000, 0x0000000782220000, 0x0000000782220000)
[12.559s][debug][gc,heap      ] GC(6)   from space 4352K,  80% used [0x0000000782220000, 0x000000078258d358, 0x0000000782660000)
[12.559s][debug][gc,heap      ] GC(6)   to   space 4352K,   0% used [0x0000000782660000, 0x0000000782660000, 0x0000000782aa0000)
[12.559s][debug][gc,heap      ] GC(6)  tenured generation   total 87424K, used 13783K [0x00000007aaaa0000, 0x00000007b0000000, 0x0000000800000000)
[12.559s][debug][gc,heap      ] GC(6)    the space 87424K,  15% used [0x00000007aaaa0000, 0x00000007ab815cf8, 0x00000007ab815e00, 0x00000007b0000000)
[12.559s][debug][gc,heap      ] GC(6)  Metaspace       used 8743K, committed 9088K, reserved 1114112K
[12.559s][debug][gc,heap      ] GC(6)   class space    used 927K, committed 1088K, reserved 1048576K
[12.559s][debug][gc,tlab      ] GC(6) TLAB totals: thrds: 6  refills: 50 max: 44 slow allocs: 8 max 8 waste:  3.0% gc: 877880B max: 232320B slow: 26840B max: 25400B
[12.561s][debug][gc,ref       ] GC(6) Skipped SoftWeakFinalRefsPhase of Reference Processing: no references
[12.561s][debug][gc,ref       ] GC(6) Skipped KeepAliveFinalRefsPhase of Reference Processing: no references
[12.561s][debug][gc,ref       ] GC(6) Skipped PhantomRefsPhase of Reference Processing: no references
[12.561s][debug][gc,phases,ref] GC(6) Reference Processing: 0.1ms
[12.561s][debug][gc,phases,ref] GC(6)   Notify Soft/WeakReferences: 0.1ms
[12.561s][debug][gc,phases,ref] GC(6)     SoftRef: skipped
[12.561s][debug][gc,phases,ref] GC(6)     WeakRef: skipped
[12.561s][debug][gc,phases,ref] GC(6)     FinalRef: skipped
[12.561s][debug][gc,phases,ref] GC(6)     Total: skipped
[12.561s][debug][gc,phases,ref] GC(6)   Notify and keep alive finalizable: 0.0ms
[12.561s][debug][gc,phases,ref] GC(6)     FinalRef: skipped
[12.561s][debug][gc,phases,ref] GC(6)   Notify PhantomReferences: 0.0ms
[12.561s][debug][gc,phases,ref] GC(6)     PhantomRef: skipped
[12.561s][debug][gc,phases,ref] GC(6)   SoftReference Discovered: 0, Dropped: 0, Processed: 0
[12.561s][debug][gc,phases,ref] GC(6)   WeakReference Discovered: 0, Dropped: 0, Processed: 0
[12.561s][debug][gc,phases,ref] GC(6)   FinalReference Discovered: 0, Dropped: 0, Processed: 0
[12.561s][debug][gc,phases,ref] GC(6)   PhantomReference Discovered: 0, Dropped: 0, Processed: 0
[12.561s][debug][gc,age       ] GC(6) Desired survivor size 2228224 bytes, new threshold 15 (max threshold 15)
[12.561s][info ][gc,heap      ] GC(6) DefNew: 38452K(39296K)->829K(39296K) Eden: 34944K(34944K)->0K(34944K) From: 3508K(4352K)->829K(4352K)
[12.561s][info ][gc,heap      ] GC(6) Tenured: 13783K(87424K)->13783K(87424K)
[12.561s][info ][gc,metaspace ] GC(6) Metaspace: 8743K(9088K)->8743K(9088K) NonClass: 7816K(8000K)->7816K(8000K) Class: 927K(1088K)->927K(1088K)
[12.561s][debug][gc,heap      ] GC(6) Heap after GC invocations=7 (full 0):
[12.561s][debug][gc,heap      ] GC(6)  def new generation   total 39296K, used 829K [0x0000000780000000, 0x0000000782aa0000, 0x00000007aaaa0000)
[12.561s][debug][gc,heap      ] GC(6)   eden space 34944K,   0% used [0x0000000780000000, 0x0000000780000000, 0x0000000782220000)
[12.561s][debug][gc,heap      ] GC(6)   from space 4352K,  19% used [0x0000000782660000, 0x000000078272f508, 0x0000000782aa0000)
[12.561s][debug][gc,heap      ] GC(6)   to   space 4352K,   0% used [0x0000000782220000, 0x0000000782220000, 0x0000000782660000)
[12.561s][debug][gc,heap      ] GC(6)  tenured generation   total 87424K, used 13783K [0x00000007aaaa0000, 0x00000007b0000000, 0x0000000800000000)
[12.561s][debug][gc,heap      ] GC(6)    the space 87424K,  15% used [0x00000007aaaa0000, 0x00000007ab815cf8, 0x00000007ab815e00, 0x00000007b0000000)
[12.561s][debug][gc,heap      ] GC(6)  Metaspace       used 8743K, committed 9088K, reserved 1114112K
[12.561s][debug][gc,heap      ] GC(6)   class space    used 927K, committed 1088K, reserved 1048576K
[12.561s][info ][gc           ] GC(6) Pause Young (Allocation Failure) 51M->14M(123M) 2.223ms
[12.561s][info ][gc,cpu       ] GC(6) User=0.00s Sys=0.00s Real=0.00s
[12.787s][info ][gc,start     ] GC(7) Pause Young (Allocation Failure)
[12.787s][debug][gc,heap      ] GC(7) Heap before GC invocations=7 (full 0):
[12.787s][debug][gc,heap      ] GC(7)  def new generation   total 39296K, used 35389K [0x0000000780000000, 0x0000000782aa0000, 0x00000007aaaa0000)
[12.787s][debug][gc,heap      ] GC(7)   eden space 34944K,  98% used [0x0000000780000000, 0x00000007821c0078, 0x0000000782220000)
[12.787s][debug][gc,heap      ] GC(7)   from space 4352K,  19% used [0x0000000782660000, 0x000000078272f508, 0x0000000782aa0000)
[12.787s][debug][gc,heap      ] GC(7)   to   space 4352K,   0% used [0x0000000782220000, 0x0000000782220000, 0x0000000782660000)
[12.787s][debug][gc,heap      ] GC(7)  tenured generation   total 87424K, used 13783K [0x00000007aaaa0000, 0x00000007b0000000, 0x0000000800000000)
[12.787s][debug][gc,heap      ] GC(7)    the space 87424K,  15% used [0x00000007aaaa0000, 0x00000007ab815cf8, 0x00000007ab815e00, 0x00000007b0000000)
[12.787s][debug][gc,heap      ] GC(7)  Metaspace       used 8743K, committed 9088K, reserved 1114112K
[12.787s][debug][gc,heap      ] GC(7)   class space    used 927K, committed 1088K, reserved 1048576K
[12.787s][debug][gc,tlab      ] GC(7) TLAB totals: thrds: 2  refills: 47 max: 46 slow allocs: 7 max 7 waste:  0.2% gc: 26576B max: 26576B slow: 33520B max: 33520B
[12.808s][debug][gc,ref       ] GC(7) Skipped SoftWeakFinalRefsPhase of Reference Processing: no references
[12.808s][debug][gc,ref       ] GC(7) Skipped KeepAliveFinalRefsPhase of Reference Processing: no references
[12.808s][debug][gc,ref       ] GC(7) Skipped PhantomRefsPhase of Reference Processing: no references
[12.808s][debug][gc,phases,ref] GC(7) Reference Processing: 0.1ms
[12.808s][debug][gc,phases,ref] GC(7)   Notify Soft/WeakReferences: 0.1ms
[12.808s][debug][gc,phases,ref] GC(7)     SoftRef: skipped
[12.808s][debug][gc,phases,ref] GC(7)     WeakRef: skipped
[12.808s][debug][gc,phases,ref] GC(7)     FinalRef: skipped
[12.808s][debug][gc,phases,ref] GC(7)     Total: skipped
[12.808s][debug][gc,phases,ref] GC(7)   Notify and keep alive finalizable: 0.0ms
[12.808s][debug][gc,phases,ref] GC(7)     FinalRef: skipped
[12.808s][debug][gc,phases,ref] GC(7)   Notify PhantomReferences: 0.0ms
[12.808s][debug][gc,phases,ref] GC(7)     PhantomRef: skipped
[12.808s][debug][gc,phases,ref] GC(7)   SoftReference Discovered: 0, Dropped: 0, Processed: 0
[12.808s][debug][gc,phases,ref] GC(7)   WeakReference Discovered: 0, Dropped: 0, Processed: 0
[12.808s][debug][gc,phases,ref] GC(7)   FinalReference Discovered: 0, Dropped: 0, Processed: 0
[12.808s][debug][gc,phases,ref] GC(7)   PhantomReference Discovered: 0, Dropped: 0, Processed: 0
[12.809s][debug][gc,age       ] GC(7) Desired survivor size 2228224 bytes, new threshold 1 (max threshold 15)
[12.809s][info ][gc,heap      ] GC(7) DefNew: 35389K(39296K)->4352K(39296K) Eden: 34560K(34944K)->0K(34944K) From: 829K(4352K)->4352K(4352K)
[12.809s][info ][gc,heap      ] GC(7) Tenured: 13783K(87424K)->19924K(87424K)
[12.809s][info ][gc,metaspace ] GC(7) Metaspace: 8743K(9088K)->8743K(9088K) NonClass: 7816K(8000K)->7816K(8000K) Class: 927K(1088K)->927K(1088K)
[12.809s][debug][gc,heap      ] GC(7) Heap after GC invocations=8 (full 0):
[12.809s][debug][gc,heap      ] GC(7)  def new generation   total 39296K, used 4352K [0x0000000780000000, 0x0000000782aa0000, 0x00000007aaaa0000)
[12.809s][debug][gc,heap      ] GC(7)   eden space 34944K,   0% used [0x0000000780000000, 0x0000000780000000, 0x0000000782220000)
[12.809s][debug][gc,heap      ] GC(7)   from space 4352K, 100% used [0x0000000782220000, 0x0000000782660000, 0x0000000782660000)
[12.809s][debug][gc,heap      ] GC(7)   to   space 4352K,   0% used [0x0000000782660000, 0x0000000782660000, 0x0000000782aa0000)
[12.809s][debug][gc,heap      ] GC(7)  tenured generation   total 87424K, used 19924K [0x00000007aaaa0000, 0x00000007b0000000, 0x0000000800000000)
[12.809s][debug][gc,heap      ] GC(7)    the space 87424K,  22% used [0x00000007aaaa0000, 0x00000007abe15120, 0x00000007abe15200, 0x00000007b0000000)
[12.809s][debug][gc,heap      ] GC(7)  Metaspace       used 8743K, committed 9088K, reserved 1114112K
[12.809s][debug][gc,heap      ] GC(7)   class space    used 927K, committed 1088K, reserved 1048576K
[12.809s][info ][gc           ] GC(7) Pause Young (Allocation Failure) 48M->23M(123M) 21.854ms
[12.809s][info ][gc,cpu       ] GC(7) User=0.02s Sys=0.00s Real=0.02s
[13.150s][info ][gc,start     ] GC(8) Pause Young (Allocation Failure)
[13.150s][debug][gc,heap      ] GC(8) Heap before GC invocations=8 (full 0):
[13.150s][debug][gc,heap      ] GC(8)  def new generation   total 39296K, used 39296K [0x0000000780000000, 0x0000000782aa0000, 0x00000007aaaa0000)
[13.150s][debug][gc,heap      ] GC(8)   eden space 34944K, 100% used [0x0000000780000000, 0x0000000782220000, 0x0000000782220000)
[13.150s][debug][gc,heap      ] GC(8)   from space 4352K, 100% used [0x0000000782220000, 0x0000000782660000, 0x0000000782660000)
[13.150s][debug][gc,heap      ] GC(8)   to   space 4352K,   0% used [0x0000000782660000, 0x0000000782660000, 0x0000000782aa0000)
[13.150s][debug][gc,heap      ] GC(8)  tenured generation   total 87424K, used 19924K [0x00000007aaaa0000, 0x00000007b0000000, 0x0000000800000000)
[13.150s][debug][gc,heap      ] GC(8)    the space 87424K,  22% used [0x00000007aaaa0000, 0x00000007abe15120, 0x00000007abe15200, 0x00000007b0000000)
[13.150s][debug][gc,heap      ] GC(8)  Metaspace       used 8743K, committed 9088K, reserved 1114112K
[13.150s][debug][gc,heap      ] GC(8)   class space    used 927K, committed 1088K, reserved 1048576K
[13.150s][debug][gc,tlab      ] GC(8) TLAB totals: thrds: 2  refills: 47 max: 46 slow allocs: 5 max 5 waste:  0.1% gc: 16528B max: 16528B slow: 27184B max: 27184B
[13.167s][debug][gc,ref       ] GC(8) Skipped SoftWeakFinalRefsPhase of Reference Processing: no references
[13.167s][debug][gc,ref       ] GC(8) Skipped KeepAliveFinalRefsPhase of Reference Processing: no references
[13.167s][debug][gc,ref       ] GC(8) Skipped PhantomRefsPhase of Reference Processing: no references
[13.167s][debug][gc,phases,ref] GC(8) Reference Processing: 0.1ms
[13.167s][debug][gc,phases,ref] GC(8)   Notify Soft/WeakReferences: 0.1ms
[13.167s][debug][gc,phases,ref] GC(8)     SoftRef: skipped
[13.167s][debug][gc,phases,ref] GC(8)     WeakRef: skipped
[13.167s][debug][gc,phases,ref] GC(8)     FinalRef: skipped
[13.167s][debug][gc,phases,ref] GC(8)     Total: skipped
[13.167s][debug][gc,phases,ref] GC(8)   Notify and keep alive finalizable: 0.0ms
[13.167s][debug][gc,phases,ref] GC(8)     FinalRef: skipped
[13.167s][debug][gc,phases,ref] GC(8)   Notify PhantomReferences: 0.0ms
[13.167s][debug][gc,phases,ref] GC(8)     PhantomRef: skipped
[13.167s][debug][gc,phases,ref] GC(8)   SoftReference Discovered: 0, Dropped: 0, Processed: 0
[13.167s][debug][gc,phases,ref] GC(8)   WeakReference Discovered: 0, Dropped: 0, Processed: 0
[13.167s][debug][gc,phases,ref] GC(8)   FinalReference Discovered: 0, Dropped: 0, Processed: 0
[13.167s][debug][gc,phases,ref] GC(8)   PhantomReference Discovered: 0, Dropped: 0, Processed: 0
[13.168s][debug][gc,age       ] GC(8) Desired survivor size 2228224 bytes, new threshold 1 (max threshold 15)
[13.168s][info ][gc,heap      ] GC(8) DefNew: 39296K(39296K)->4352K(39296K) Eden: 34944K(34944K)->0K(34944K) From: 4352K(4352K)->4352K(4352K)
[13.168s][info ][gc,heap      ] GC(8) Tenured: 19924K(87424K)->24381K(87424K)
[13.168s][info ][gc,metaspace ] GC(8) Metaspace: 8743K(9088K)->8743K(9088K) NonClass: 7816K(8000K)->7816K(8000K) Class: 927K(1088K)->927K(1088K)
[13.168s][debug][gc,heap      ] GC(8) Heap after GC invocations=9 (full 0):
[13.168s][debug][gc,heap      ] GC(8)  def new generation   total 39296K, used 4352K [0x0000000780000000, 0x0000000782aa0000, 0x00000007aaaa0000)
[13.168s][debug][gc,heap      ] GC(8)   eden space 34944K,   0% used [0x0000000780000000, 0x0000000780000000, 0x0000000782220000)
[13.168s][debug][gc,heap      ] GC(8)   from space 4352K, 100% used [0x0000000782660000, 0x0000000782aa0000, 0x0000000782aa0000)
[13.168s][debug][gc,heap      ] GC(8)   to   space 4352K,   0% used [0x0000000782220000, 0x0000000782220000, 0x0000000782660000)
[13.168s][debug][gc,heap      ] GC(8)  tenured generation   total 87424K, used 24381K [0x00000007aaaa0000, 0x00000007b0000000, 0x0000000800000000)
[13.168s][debug][gc,heap      ] GC(8)    the space 87424K,  27% used [0x00000007aaaa0000, 0x00000007ac26f718, 0x00000007ac26f800, 0x00000007b0000000)
[13.168s][debug][gc,heap      ] GC(8)  Metaspace       used 8743K, committed 9088K, reserved 1114112K
[13.168s][debug][gc,heap      ] GC(8)   class space    used 927K, committed 1088K, reserved 1048576K
[13.168s][info ][gc           ] GC(8) Pause Young (Allocation Failure) 57M->28M(123M) 18.297ms
[13.168s][info ][gc,cpu       ] GC(8) User=0.02s Sys=0.00s Real=0.02s
[13.508s][info ][gc,start     ] GC(9) Pause Young (Allocation Failure)
[13.508s][debug][gc,heap      ] GC(9) Heap before GC invocations=9 (full 0):
[13.508s][debug][gc,heap      ] GC(9)  def new generation   total 39296K, used 39296K [0x0000000780000000, 0x0000000782aa0000, 0x00000007aaaa0000)
[13.508s][debug][gc,heap      ] GC(9)   eden space 34944K, 100% used [0x0000000780000000, 0x0000000782220000, 0x0000000782220000)
[13.508s][debug][gc,heap      ] GC(9)   from space 4352K, 100% used [0x0000000782660000, 0x0000000782aa0000, 0x0000000782aa0000)
[13.508s][debug][gc,heap      ] GC(9)   to   space 4352K,   0% used [0x0000000782220000, 0x0000000782220000, 0x0000000782660000)
[13.508s][debug][gc,heap      ] GC(9)  tenured generation   total 87424K, used 24381K [0x00000007aaaa0000, 0x00000007b0000000, 0x0000000800000000)
[13.508s][debug][gc,heap      ] GC(9)    the space 87424K,  27% used [0x00000007aaaa0000, 0x00000007ac26f718, 0x00000007ac26f800, 0x00000007b0000000)
[13.508s][debug][gc,heap      ] GC(9)  Metaspace       used 8751K, committed 9088K, reserved 1114112K
[13.508s][debug][gc,heap      ] GC(9)   class space    used 927K, committed 1088K, reserved 1048576K
[13.508s][debug][gc,tlab      ] GC(9) TLAB totals: thrds: 6  refills: 47 max: 42 slow allocs: 13 max 13 waste:  2.0% gc: 585016B max: 151120B slow: 26840B max: 26840B
[13.522s][debug][gc,ref       ] GC(9) Skipped SoftWeakFinalRefsPhase of Reference Processing: no references
[13.522s][debug][gc,ref       ] GC(9) Skipped KeepAliveFinalRefsPhase of Reference Processing: no references
[13.522s][debug][gc,ref       ] GC(9) Skipped PhantomRefsPhase of Reference Processing: no references
[13.522s][debug][gc,phases,ref] GC(9) Reference Processing: 0.1ms
[13.522s][debug][gc,phases,ref] GC(9)   Notify Soft/WeakReferences: 0.1ms
[13.522s][debug][gc,phases,ref] GC(9)     SoftRef: skipped
[13.522s][debug][gc,phases,ref] GC(9)     WeakRef: skipped
[13.522s][debug][gc,phases,ref] GC(9)     FinalRef: skipped
[13.522s][debug][gc,phases,ref] GC(9)     Total: skipped
[13.522s][debug][gc,phases,ref] GC(9)   Notify and keep alive finalizable: 0.0ms
[13.522s][debug][gc,phases,ref] GC(9)     FinalRef: skipped
[13.522s][debug][gc,phases,ref] GC(9)   Notify PhantomReferences: 0.0ms
[13.522s][debug][gc,phases,ref] GC(9)     PhantomRef: skipped
[13.522s][debug][gc,phases,ref] GC(9)   SoftReference Discovered: 0, Dropped: 0, Processed: 0
[13.522s][debug][gc,phases,ref] GC(9)   WeakReference Discovered: 0, Dropped: 0, Processed: 0
[13.522s][debug][gc,phases,ref] GC(9)   FinalReference Discovered: 0, Dropped: 0, Processed: 0
[13.522s][debug][gc,phases,ref] GC(9)   PhantomReference Discovered: 0, Dropped: 0, Processed: 0
[13.522s][debug][gc,age       ] GC(9) Desired survivor size 2228224 bytes, new threshold 1 (max threshold 15)
[13.522s][info ][gc,heap      ] GC(9) DefNew: 39296K(39296K)->4352K(39296K) Eden: 34944K(34944K)->0K(34944K) From: 4352K(4352K)->4352K(4352K)
[13.522s][info ][gc,heap      ] GC(9) Tenured: 24381K(87424K)->26559K(87424K)
[13.522s][info ][gc,metaspace ] GC(9) Metaspace: 8751K(9088K)->8751K(9088K) NonClass: 7824K(8000K)->7824K(8000K) Class: 927K(1088K)->927K(1088K)
[13.522s][debug][gc,heap      ] GC(9) Heap after GC invocations=10 (full 0):
[13.522s][debug][gc,heap      ] GC(9)  def new generation   total 39296K, used 4352K [0x0000000780000000, 0x0000000782aa0000, 0x00000007aaaa0000)
[13.522s][debug][gc,heap      ] GC(9)   eden space 34944K,   0% used [0x0000000780000000, 0x0000000780000000, 0x0000000782220000)
[13.522s][debug][gc,heap      ] GC(9)   from space 4352K, 100% used [0x0000000782220000, 0x0000000782660000, 0x0000000782660000)
[13.522s][debug][gc,heap      ] GC(9)   to   space 4352K,   0% used [0x0000000782660000, 0x0000000782660000, 0x0000000782aa0000)
[13.523s][debug][gc,heap      ] GC(9)  tenured generation   total 87424K, used 26559K [0x00000007aaaa0000, 0x00000007b0000000, 0x0000000800000000)
[13.523s][debug][gc,heap      ] GC(9)    the space 87424K,  30% used [0x00000007aaaa0000, 0x00000007ac48fdd0, 0x00000007ac48fe00, 0x00000007b0000000)
[13.523s][debug][gc,heap      ] GC(9)  Metaspace       used 8751K, committed 9088K, reserved 1114112K
[13.523s][debug][gc,heap      ] GC(9)   class space    used 927K, committed 1088K, reserved 1048576K
[13.523s][info ][gc           ] GC(9) Pause Young (Allocation Failure) 62M->30M(123M) 14.875ms
[13.523s][info ][gc,cpu       ] GC(9) User=0.02s Sys=0.01s Real=0.01s
[13.865s][info ][gc,start     ] GC(10) Pause Young (Allocation Failure)
[13.865s][debug][gc,heap      ] GC(10) Heap before GC invocations=10 (full 0):
[13.865s][debug][gc,heap      ] GC(10)  def new generation   total 39296K, used 39296K [0x0000000780000000, 0x0000000782aa0000, 0x00000007aaaa0000)
[13.865s][debug][gc,heap      ] GC(10)   eden space 34944K, 100% used [0x0000000780000000, 0x0000000782220000, 0x0000000782220000)
[13.865s][debug][gc,heap      ] GC(10)   from space 4352K, 100% used [0x0000000782220000, 0x0000000782660000, 0x0000000782660000)
[13.865s][debug][gc,heap      ] GC(10)   to   space 4352K,   0% used [0x0000000782660000, 0x0000000782660000, 0x0000000782aa0000)
[13.865s][debug][gc,heap      ] GC(10)  tenured generation   total 87424K, used 26559K [0x00000007aaaa0000, 0x00000007b0000000, 0x0000000800000000)
[13.865s][debug][gc,heap      ] GC(10)    the space 87424K,  30% used [0x00000007aaaa0000, 0x00000007ac48fdd0, 0x00000007ac48fe00, 0x00000007b0000000)
[13.865s][debug][gc,heap      ] GC(10)  Metaspace       used 8754K, committed 9088K, reserved 1114112K
[13.865s][debug][gc,heap      ] GC(10)   class space    used 927K, committed 1088K, reserved 1048576K
[13.865s][debug][gc,tlab      ] GC(10) TLAB totals: thrds: 6  refills: 50 max: 45 slow allocs: 6 max 6 waste:  1.2% gc: 342336B max: 98232B slow: 28616B max: 28616B
[13.873s][debug][gc,ref       ] GC(10) Skipped SoftWeakFinalRefsPhase of Reference Processing: no references
[13.873s][debug][gc,ref       ] GC(10) Skipped KeepAliveFinalRefsPhase of Reference Processing: no references
[13.873s][debug][gc,ref       ] GC(10) Skipped PhantomRefsPhase of Reference Processing: no references
[13.873s][debug][gc,phases,ref] GC(10) Reference Processing: 0.1ms
[13.873s][debug][gc,phases,ref] GC(10)   Notify Soft/WeakReferences: 0.1ms
[13.873s][debug][gc,phases,ref] GC(10)     SoftRef: skipped
[13.873s][debug][gc,phases,ref] GC(10)     WeakRef: skipped
[13.873s][debug][gc,phases,ref] GC(10)     FinalRef: skipped
[13.873s][debug][gc,phases,ref] GC(10)     Total: skipped
[13.873s][debug][gc,phases,ref] GC(10)   Notify and keep alive finalizable: 0.0ms
[13.873s][debug][gc,phases,ref] GC(10)     FinalRef: skipped
[13.873s][debug][gc,phases,ref] GC(10)   Notify PhantomReferences: 0.0ms
[13.873s][debug][gc,phases,ref] GC(10)     PhantomRef: skipped
[13.873s][debug][gc,phases,ref] GC(10)   SoftReference Discovered: 0, Dropped: 0, Processed: 0
[13.873s][debug][gc,phases,ref] GC(10)   WeakReference Discovered: 0, Dropped: 0, Processed: 0
[13.873s][debug][gc,phases,ref] GC(10)   FinalReference Discovered: 0, Dropped: 0, Processed: 0
[13.873s][debug][gc,phases,ref] GC(10)   PhantomReference Discovered: 0, Dropped: 0, Processed: 0
[13.874s][debug][gc,age       ] GC(10) Desired survivor size 2228224 bytes, new threshold 1 (max threshold 15)
[13.874s][info ][gc,heap      ] GC(10) DefNew: 39296K(39296K)->4351K(39296K) Eden: 34944K(34944K)->0K(34944K) From: 4352K(4352K)->4351K(4352K)
[13.874s][info ][gc,heap      ] GC(10) Tenured: 26559K(87424K)->26917K(87424K)
[13.874s][info ][gc,metaspace ] GC(10) Metaspace: 8754K(9088K)->8754K(9088K) NonClass: 7826K(8000K)->7826K(8000K) Class: 927K(1088K)->927K(1088K)
[13.874s][debug][gc,heap      ] GC(10) Heap after GC invocations=11 (full 0):
[13.874s][debug][gc,heap      ] GC(10)  def new generation   total 39296K, used 4351K [0x0000000780000000, 0x0000000782aa0000, 0x00000007aaaa0000)
[13.874s][debug][gc,heap      ] GC(10)   eden space 34944K,   0% used [0x0000000780000000, 0x0000000780000000, 0x0000000782220000)
[13.874s][debug][gc,heap      ] GC(10)   from space 4352K,  99% used [0x0000000782660000, 0x0000000782a9fff0, 0x0000000782aa0000)
[13.874s][debug][gc,heap      ] GC(10)   to   space 4352K,   0% used [0x0000000782220000, 0x0000000782220000, 0x0000000782660000)
[13.874s][debug][gc,heap      ] GC(10)  tenured generation   total 87424K, used 26917K [0x00000007aaaa0000, 0x00000007b0000000, 0x0000000800000000)
[13.874s][debug][gc,heap      ] GC(10)    the space 87424K,  30% used [0x00000007aaaa0000, 0x00000007ac4e9678, 0x00000007ac4e9800, 0x00000007b0000000)
[13.874s][debug][gc,heap      ] GC(10)  Metaspace       used 8754K, committed 9088K, reserved 1114112K
[13.874s][debug][gc,heap      ] GC(10)   class space    used 927K, committed 1088K, reserved 1048576K
[13.874s][info ][gc           ] GC(10) Pause Young (Allocation Failure) 64M->30M(123M) 9.383ms
[13.874s][info ][gc,cpu       ] GC(10) User=0.01s Sys=0.00s Real=0.01s
[14.219s][info ][gc,start     ] GC(11) Pause Young (Allocation Failure)
[14.219s][debug][gc,heap      ] GC(11) Heap before GC invocations=11 (full 0):
[14.219s][debug][gc,heap      ] GC(11)  def new generation   total 39296K, used 39295K [0x0000000780000000, 0x0000000782aa0000, 0x00000007aaaa0000)
[14.219s][debug][gc,heap      ] GC(11)   eden space 34944K, 100% used [0x0000000780000000, 0x0000000782220000, 0x0000000782220000)
[14.219s][debug][gc,heap      ] GC(11)   from space 4352K,  99% used [0x0000000782660000, 0x0000000782a9fff0, 0x0000000782aa0000)
[14.219s][debug][gc,heap      ] GC(11)   to   space 4352K,   0% used [0x0000000782220000, 0x0000000782220000, 0x0000000782660000)
[14.219s][debug][gc,heap      ] GC(11)  tenured generation   total 87424K, used 26917K [0x00000007aaaa0000, 0x00000007b0000000, 0x0000000800000000)
[14.219s][debug][gc,heap      ] GC(11)    the space 87424K,  30% used [0x00000007aaaa0000, 0x00000007ac4e9678, 0x00000007ac4e9800, 0x00000007b0000000)
[14.219s][debug][gc,heap      ] GC(11)  Metaspace       used 8754K, committed 9088K, reserved 1114112K
[14.219s][debug][gc,heap      ] GC(11)   class space    used 927K, committed 1088K, reserved 1048576K
[14.219s][debug][gc,tlab      ] GC(11) TLAB totals: thrds: 2  refills: 45 max: 44 slow allocs: 10 max 10 waste:  0.1% gc: 4160B max: 4160B slow: 25832B max: 25832B
[14.227s][debug][gc,ref       ] GC(11) Skipped SoftWeakFinalRefsPhase of Reference Processing: no references
[14.227s][debug][gc,ref       ] GC(11) Skipped KeepAliveFinalRefsPhase of Reference Processing: no references
[14.227s][debug][gc,ref       ] GC(11) Skipped PhantomRefsPhase of Reference Processing: no references
[14.227s][debug][gc,phases,ref] GC(11) Reference Processing: 0.1ms
[14.227s][debug][gc,phases,ref] GC(11)   Notify Soft/WeakReferences: 0.1ms
[14.227s][debug][gc,phases,ref] GC(11)     SoftRef: skipped
[14.227s][debug][gc,phases,ref] GC(11)     WeakRef: skipped
[14.227s][debug][gc,phases,ref] GC(11)     FinalRef: skipped
[14.227s][debug][gc,phases,ref] GC(11)     Total: skipped
[14.227s][debug][gc,phases,ref] GC(11)   Notify and keep alive finalizable: 0.0ms
[14.227s][debug][gc,phases,ref] GC(11)     FinalRef: skipped
[14.227s][debug][gc,phases,ref] GC(11)   Notify PhantomReferences: 0.0ms
[14.227s][debug][gc,phases,ref] GC(11)     PhantomRef: skipped
[14.227s][debug][gc,phases,ref] GC(11)   SoftReference Discovered: 0, Dropped: 0, Processed: 0
[14.227s][debug][gc,phases,ref] GC(11)   WeakReference Discovered: 0, Dropped: 0, Processed: 0
[14.227s][debug][gc,phases,ref] GC(11)   FinalReference Discovered: 0, Dropped: 0, Processed: 0
[14.227s][debug][gc,phases,ref] GC(11)   PhantomReference Discovered: 0, Dropped: 0, Processed: 0
[14.227s][debug][gc,age       ] GC(11) Desired survivor size 2228224 bytes, new threshold 1 (max threshold 15)
[14.227s][info ][gc,heap      ] GC(11) DefNew: 39295K(39296K)->3040K(39296K) Eden: 34944K(34944K)->0K(34944K) From: 4351K(4352K)->3040K(4352K)
[14.227s][info ][gc,heap      ] GC(11) Tenured: 26917K(87424K)->26917K(87424K)
[14.227s][info ][gc,metaspace ] GC(11) Metaspace: 8754K(9088K)->8754K(9088K) NonClass: 7826K(8000K)->7826K(8000K) Class: 927K(1088K)->927K(1088K)
[14.228s][debug][gc,heap      ] GC(11) Heap after GC invocations=12 (full 0):
[14.228s][debug][gc,heap      ] GC(11)  def new generation   total 39296K, used 3040K [0x0000000780000000, 0x0000000782aa0000, 0x00000007aaaa0000)
[14.228s][debug][gc,heap      ] GC(11)   eden space 34944K,   0% used [0x0000000780000000, 0x0000000780000000, 0x0000000782220000)
[14.228s][debug][gc,heap      ] GC(11)   from space 4352K,  69% used [0x0000000782220000, 0x0000000782518108, 0x0000000782660000)
[14.228s][debug][gc,heap      ] GC(11)   to   space 4352K,   0% used [0x0000000782660000, 0x0000000782660000, 0x0000000782aa0000)
[14.228s][debug][gc,heap      ] GC(11)  tenured generation   total 87424K, used 26917K [0x00000007aaaa0000, 0x00000007b0000000, 0x0000000800000000)
[14.228s][debug][gc,heap      ] GC(11)    the space 87424K,  30% used [0x00000007aaaa0000, 0x00000007ac4e96b0, 0x00000007ac4e9800, 0x00000007b0000000)
[14.228s][debug][gc,heap      ] GC(11)  Metaspace       used 8754K, committed 9088K, reserved 1114112K
[14.228s][debug][gc,heap      ] GC(11)   class space    used 927K, committed 1088K, reserved 1048576K
[14.228s][info ][gc           ] GC(11) Pause Young (Allocation Failure) 64M->29M(123M) 9.045ms
[14.228s][info ][gc,cpu       ] GC(11) User=0.01s Sys=0.00s Real=0.01s
[14.556s][info ][gc,start     ] GC(12) Pause Young (Allocation Failure)
[14.556s][debug][gc,heap      ] GC(12) Heap before GC invocations=12 (full 0):
[14.556s][debug][gc,heap      ] GC(12)  def new generation   total 39296K, used 37984K [0x0000000780000000, 0x0000000782aa0000, 0x00000007aaaa0000)
[14.556s][debug][gc,heap      ] GC(12)   eden space 34944K, 100% used [0x0000000780000000, 0x0000000782220000, 0x0000000782220000)
[14.556s][debug][gc,heap      ] GC(12)   from space 4352K,  69% used [0x0000000782220000, 0x0000000782518108, 0x0000000782660000)
[14.556s][debug][gc,heap      ] GC(12)   to   space 4352K,   0% used [0x0000000782660000, 0x0000000782660000, 0x0000000782aa0000)
[14.556s][debug][gc,heap      ] GC(12)  tenured generation   total 87424K, used 26917K [0x00000007aaaa0000, 0x00000007b0000000, 0x0000000800000000)
[14.556s][debug][gc,heap      ] GC(12)    the space 87424K,  30% used [0x00000007aaaa0000, 0x00000007ac4e96b0, 0x00000007ac4e9800, 0x00000007b0000000)
[14.556s][debug][gc,heap      ] GC(12)  Metaspace       used 8756K, committed 9088K, reserved 1114112K
[14.556s][debug][gc,heap      ] GC(12)   class space    used 927K, committed 1088K, reserved 1048576K
[14.556s][debug][gc,tlab      ] GC(12) TLAB totals: thrds: 5  refills: 49 max: 44 slow allocs: 7 max 7 waste:  0.6% gc: 145136B max: 63136B slow: 28416B max: 27840B
[14.560s][debug][gc,ref       ] GC(12) Skipped SoftWeakFinalRefsPhase of Reference Processing: no references
[14.560s][debug][gc,ref       ] GC(12) Skipped KeepAliveFinalRefsPhase of Reference Processing: no references
[14.560s][debug][gc,ref       ] GC(12) Skipped PhantomRefsPhase of Reference Processing: no references
[14.560s][debug][gc,phases,ref] GC(12) Reference Processing: 0.1ms
[14.560s][debug][gc,phases,ref] GC(12)   Notify Soft/WeakReferences: 0.0ms
[14.560s][debug][gc,phases,ref] GC(12)     SoftRef: skipped
[14.560s][debug][gc,phases,ref] GC(12)     WeakRef: skipped
[14.560s][debug][gc,phases,ref] GC(12)     FinalRef: skipped
[14.560s][debug][gc,phases,ref] GC(12)     Total: skipped
[14.560s][debug][gc,phases,ref] GC(12)   Notify and keep alive finalizable: 0.0ms
[14.560s][debug][gc,phases,ref] GC(12)     FinalRef: skipped
[14.560s][debug][gc,phases,ref] GC(12)   Notify PhantomReferences: 0.0ms
[14.560s][debug][gc,phases,ref] GC(12)     PhantomRef: skipped
[14.560s][debug][gc,phases,ref] GC(12)   SoftReference Discovered: 0, Dropped: 0, Processed: 0
[14.560s][debug][gc,phases,ref] GC(12)   WeakReference Discovered: 0, Dropped: 0, Processed: 0
[14.560s][debug][gc,phases,ref] GC(12)   FinalReference Discovered: 0, Dropped: 0, Processed: 0
[14.560s][debug][gc,phases,ref] GC(12)   PhantomReference Discovered: 0, Dropped: 0, Processed: 0
[14.560s][debug][gc,age       ] GC(12) Desired survivor size 2228224 bytes, new threshold 15 (max threshold 15)
[14.560s][info ][gc,heap      ] GC(12) DefNew: 37984K(39296K)->1300K(39296K) Eden: 34944K(34944K)->0K(34944K) From: 3040K(4352K)->1300K(4352K)
[14.560s][info ][gc,heap      ] GC(12) Tenured: 26917K(87424K)->26917K(87424K)
[14.560s][info ][gc,metaspace ] GC(12) Metaspace: 8756K(9088K)->8756K(9088K) NonClass: 7828K(8000K)->7828K(8000K) Class: 927K(1088K)->927K(1088K)
[14.560s][debug][gc,heap      ] GC(12) Heap after GC invocations=13 (full 0):
[14.561s][debug][gc,heap      ] GC(12)  def new generation   total 39296K, used 1300K [0x0000000780000000, 0x0000000782aa0000, 0x00000007aaaa0000)
[14.561s][debug][gc,heap      ] GC(12)   eden space 34944K,   0% used [0x0000000780000000, 0x0000000780000000, 0x0000000782220000)
[14.561s][debug][gc,heap      ] GC(12)   from space 4352K,  29% used [0x0000000782660000, 0x00000007827a5348, 0x0000000782aa0000)
[14.561s][debug][gc,heap      ] GC(12)   to   space 4352K,   0% used [0x0000000782220000, 0x0000000782220000, 0x0000000782660000)
[14.561s][debug][gc,heap      ] GC(12)  tenured generation   total 87424K, used 26917K [0x00000007aaaa0000, 0x00000007b0000000, 0x0000000800000000)
[14.561s][debug][gc,heap      ] GC(12)    the space 87424K,  30% used [0x00000007aaaa0000, 0x00000007ac4e96b0, 0x00000007ac4e9800, 0x00000007b0000000)
[14.561s][debug][gc,heap      ] GC(12)  Metaspace       used 8756K, committed 9088K, reserved 1114112K
[14.561s][debug][gc,heap      ] GC(12)   class space    used 927K, committed 1088K, reserved 1048576K
[14.561s][info ][gc           ] GC(12) Pause Young (Allocation Failure) 63M->27M(123M) 4.851ms
[14.561s][info ][gc,cpu       ] GC(12) User=0.00s Sys=0.00s Real=0.01s
[14.790s][info ][gc,start     ] GC(13) Pause Young (Allocation Failure)
[14.790s][debug][gc,heap      ] GC(13) Heap before GC invocations=13 (full 0):
[14.790s][debug][gc,heap      ] GC(13)  def new generation   total 39296K, used 35919K [0x0000000780000000, 0x0000000782aa0000, 0x00000007aaaa0000)
[14.790s][debug][gc,heap      ] GC(13)   eden space 34944K,  99% used [0x0000000780000000, 0x00000007821cec70, 0x0000000782220000)
[14.790s][debug][gc,heap      ] GC(13)   from space 4352K,  29% used [0x0000000782660000, 0x00000007827a5348, 0x0000000782aa0000)
[14.790s][debug][gc,heap      ] GC(13)   to   space 4352K,   0% used [0x0000000782220000, 0x0000000782220000, 0x0000000782660000)
[14.790s][debug][gc,heap      ] GC(13)  tenured generation   total 87424K, used 26917K [0x00000007aaaa0000, 0x00000007b0000000, 0x0000000800000000)
[14.790s][debug][gc,heap      ] GC(13)    the space 87424K,  30% used [0x00000007aaaa0000, 0x00000007ac4e96b0, 0x00000007ac4e9800, 0x00000007b0000000)
[14.790s][debug][gc,heap      ] GC(13)  Metaspace       used 8756K, committed 9088K, reserved 1114112K
[14.790s][debug][gc,heap      ] GC(13)   class space    used 927K, committed 1088K, reserved 1048576K
[14.790s][debug][gc,tlab      ] GC(13) TLAB totals: thrds: 2  refills: 47 max: 46 slow allocs: 4 max 4 waste:  1.9% gc: 580168B max: 577952B slow: 29936B max: 29936B
[14.811s][debug][gc,ref       ] GC(13) Skipped SoftWeakFinalRefsPhase of Reference Processing: no references
[14.811s][debug][gc,ref       ] GC(13) Skipped KeepAliveFinalRefsPhase of Reference Processing: no references
[14.811s][debug][gc,ref       ] GC(13) Skipped PhantomRefsPhase of Reference Processing: no references
[14.812s][debug][gc,phases,ref] GC(13) Reference Processing: 0.1ms
[14.812s][debug][gc,phases,ref] GC(13)   Notify Soft/WeakReferences: 0.1ms
[14.812s][debug][gc,phases,ref] GC(13)     SoftRef: skipped
[14.812s][debug][gc,phases,ref] GC(13)     WeakRef: skipped
[14.812s][debug][gc,phases,ref] GC(13)     FinalRef: skipped
[14.812s][debug][gc,phases,ref] GC(13)     Total: skipped
[14.812s][debug][gc,phases,ref] GC(13)   Notify and keep alive finalizable: 0.0ms
[14.812s][debug][gc,phases,ref] GC(13)     FinalRef: skipped
[14.812s][debug][gc,phases,ref] GC(13)   Notify PhantomReferences: 0.0ms
[14.812s][debug][gc,phases,ref] GC(13)     PhantomRef: skipped
[14.812s][debug][gc,phases,ref] GC(13)   SoftReference Discovered: 0, Dropped: 0, Processed: 0
[14.812s][debug][gc,phases,ref] GC(13)   WeakReference Discovered: 0, Dropped: 0, Processed: 0
[14.812s][debug][gc,phases,ref] GC(13)   FinalReference Discovered: 0, Dropped: 0, Processed: 0
[14.812s][debug][gc,phases,ref] GC(13)   PhantomReference Discovered: 0, Dropped: 0, Processed: 0
[14.812s][debug][gc,age       ] GC(13) Desired survivor size 2228224 bytes, new threshold 1 (max threshold 15)
[14.812s][info ][gc,heap      ] GC(13) DefNew: 35919K(39296K)->4352K(39296K) Eden: 34619K(34944K)->0K(34944K) From: 1300K(4352K)->4352K(4352K)
[14.812s][info ][gc,heap      ] GC(13) Tenured: 26917K(87424K)->33052K(87424K)
[14.812s][info ][gc,metaspace ] GC(13) Metaspace: 8756K(9088K)->8756K(9088K) NonClass: 7828K(8000K)->7828K(8000K) Class: 927K(1088K)->927K(1088K)
[14.812s][debug][gc,heap      ] GC(13) Heap after GC invocations=14 (full 0):
[14.812s][debug][gc,heap      ] GC(13)  def new generation   total 39296K, used 4352K [0x0000000780000000, 0x0000000782aa0000, 0x00000007aaaa0000)
[14.812s][debug][gc,heap      ] GC(13)   eden space 34944K,   0% used [0x0000000780000000, 0x0000000780000000, 0x0000000782220000)
[14.812s][debug][gc,heap      ] GC(13)   from space 4352K, 100% used [0x0000000782220000, 0x0000000782660000, 0x0000000782660000)
[14.812s][debug][gc,heap      ] GC(13)   to   space 4352K,   0% used [0x0000000782660000, 0x0000000782660000, 0x0000000782aa0000)
[14.812s][debug][gc,heap      ] GC(13)  tenured generation   total 87424K, used 33052K [0x00000007aaaa0000, 0x00000007b0000000, 0x0000000800000000)
[14.812s][debug][gc,heap      ] GC(13)    the space 87424K,  37% used [0x00000007aaaa0000, 0x00000007acae70b0, 0x00000007acae7200, 0x00000007b0000000)
[14.812s][debug][gc,heap      ] GC(13)  Metaspace       used 8756K, committed 9088K, reserved 1114112K
[14.812s][debug][gc,heap      ] GC(13)   class space    used 927K, committed 1088K, reserved 1048576K
[14.812s][info ][gc           ] GC(13) Pause Young (Allocation Failure) 61M->36M(123M) 22.187ms
[14.812s][info ][gc,cpu       ] GC(13) User=0.02s Sys=0.00s Real=0.02s
[15.157s][info ][gc,start     ] GC(14) Pause Young (Allocation Failure)
[15.157s][debug][gc,heap      ] GC(14) Heap before GC invocations=14 (full 0):
[15.157s][debug][gc,heap      ] GC(14)  def new generation   total 39296K, used 39296K [0x0000000780000000, 0x0000000782aa0000, 0x00000007aaaa0000)
[15.157s][debug][gc,heap      ] GC(14)   eden space 34944K, 100% used [0x0000000780000000, 0x0000000782220000, 0x0000000782220000)
[15.157s][debug][gc,heap      ] GC(14)   from space 4352K, 100% used [0x0000000782220000, 0x0000000782660000, 0x0000000782660000)
[15.157s][debug][gc,heap      ] GC(14)   to   space 4352K,   0% used [0x0000000782660000, 0x0000000782660000, 0x0000000782aa0000)
[15.157s][debug][gc,heap      ] GC(14)  tenured generation   total 87424K, used 33052K [0x00000007aaaa0000, 0x00000007b0000000, 0x0000000800000000)
[15.157s][debug][gc,heap      ] GC(14)    the space 87424K,  37% used [0x00000007aaaa0000, 0x00000007acae70b0, 0x00000007acae7200, 0x00000007b0000000)
[15.157s][debug][gc,heap      ] GC(14)  Metaspace       used 8756K, committed 9088K, reserved 1114112K
[15.157s][debug][gc,heap      ] GC(14)   class space    used 927K, committed 1088K, reserved 1048576K
[15.158s][debug][gc,tlab      ] GC(14) TLAB totals: thrds: 2  refills: 46 max: 45 slow allocs: 7 max 7 waste:  0.1% gc: 2576B max: 2576B slow: 26552B max: 26552B
[15.175s][debug][gc,ref       ] GC(14) Skipped SoftWeakFinalRefsPhase of Reference Processing: no references
[15.175s][debug][gc,ref       ] GC(14) Skipped KeepAliveFinalRefsPhase of Reference Processing: no references
[15.175s][debug][gc,ref       ] GC(14) Skipped PhantomRefsPhase of Reference Processing: no references
[15.175s][debug][gc,phases,ref] GC(14) Reference Processing: 0.1ms
[15.175s][debug][gc,phases,ref] GC(14)   Notify Soft/WeakReferences: 0.1ms
[15.175s][debug][gc,phases,ref] GC(14)     SoftRef: skipped
[15.175s][debug][gc,phases,ref] GC(14)     WeakRef: skipped
[15.175s][debug][gc,phases,ref] GC(14)     FinalRef: skipped
[15.175s][debug][gc,phases,ref] GC(14)     Total: skipped
[15.175s][debug][gc,phases,ref] GC(14)   Notify and keep alive finalizable: 0.0ms
[15.175s][debug][gc,phases,ref] GC(14)     FinalRef: skipped
[15.175s][debug][gc,phases,ref] GC(14)   Notify PhantomReferences: 0.0ms
[15.175s][debug][gc,phases,ref] GC(14)     PhantomRef: skipped
[15.175s][debug][gc,phases,ref] GC(14)   SoftReference Discovered: 0, Dropped: 0, Processed: 0
[15.175s][debug][gc,phases,ref] GC(14)   WeakReference Discovered: 0, Dropped: 0, Processed: 0
[15.175s][debug][gc,phases,ref] GC(14)   FinalReference Discovered: 0, Dropped: 0, Processed: 0
[15.175s][debug][gc,phases,ref] GC(14)   PhantomReference Discovered: 0, Dropped: 0, Processed: 0
[15.175s][debug][gc,age       ] GC(14) Desired survivor size 2228224 bytes, new threshold 1 (max threshold 15)
[15.175s][info ][gc,heap      ] GC(14) DefNew: 39296K(39296K)->4351K(39296K) Eden: 34944K(34944K)->0K(34944K) From: 4352K(4352K)->4351K(4352K)
[15.175s][info ][gc,heap      ] GC(14) Tenured: 33052K(87424K)->37518K(87424K)
[15.175s][info ][gc,metaspace ] GC(14) Metaspace: 8756K(9088K)->8756K(9088K) NonClass: 7828K(8000K)->7828K(8000K) Class: 927K(1088K)->927K(1088K)
[15.176s][debug][gc,heap      ] GC(14) Heap after GC invocations=15 (full 0):
[15.176s][debug][gc,heap      ] GC(14)  def new generation   total 39296K, used 4351K [0x0000000780000000, 0x0000000782aa0000, 0x00000007aaaa0000)
[15.176s][debug][gc,heap      ] GC(14)   eden space 34944K,   0% used [0x0000000780000000, 0x0000000780000000, 0x0000000782220000)
[15.176s][debug][gc,heap      ] GC(14)   from space 4352K,  99% used [0x0000000782660000, 0x0000000782a9fff8, 0x0000000782aa0000)
[15.176s][debug][gc,heap      ] GC(14)   to   space 4352K,   0% used [0x0000000782220000, 0x0000000782220000, 0x0000000782660000)
[15.176s][debug][gc,heap      ] GC(14)  tenured generation   total 87424K, used 37518K [0x00000007aaaa0000, 0x00000007b0000000, 0x0000000800000000)
[15.176s][debug][gc,heap      ] GC(14)    the space 87424K,  42% used [0x00000007aaaa0000, 0x00000007acf439b8, 0x00000007acf43a00, 0x00000007b0000000)
[15.176s][debug][gc,heap      ] GC(14)  Metaspace       used 8756K, committed 9088K, reserved 1114112K
[15.176s][debug][gc,heap      ] GC(14)   class space    used 927K, committed 1088K, reserved 1048576K
[15.176s][info ][gc           ] GC(14) Pause Young (Allocation Failure) 70M->40M(123M) 18.733ms
[15.176s][info ][gc,cpu       ] GC(14) User=0.02s Sys=0.00s Real=0.01s
[15.514s][info ][gc,start     ] GC(15) Pause Young (Allocation Failure)
[15.514s][debug][gc,heap      ] GC(15) Heap before GC invocations=15 (full 0):
[15.514s][debug][gc,heap      ] GC(15)  def new generation   total 39296K, used 39295K [0x0000000780000000, 0x0000000782aa0000, 0x00000007aaaa0000)
[15.514s][debug][gc,heap      ] GC(15)   eden space 34944K, 100% used [0x0000000780000000, 0x0000000782220000, 0x0000000782220000)
[15.514s][debug][gc,heap      ] GC(15)   from space 4352K,  99% used [0x0000000782660000, 0x0000000782a9fff8, 0x0000000782aa0000)
[15.514s][debug][gc,heap      ] GC(15)   to   space 4352K,   0% used [0x0000000782220000, 0x0000000782220000, 0x0000000782660000)
[15.514s][debug][gc,heap      ] GC(15)  tenured generation   total 87424K, used 37518K [0x00000007aaaa0000, 0x00000007b0000000, 0x0000000800000000)
[15.514s][debug][gc,heap      ] GC(15)    the space 87424K,  42% used [0x00000007aaaa0000, 0x00000007acf439b8, 0x00000007acf43a00, 0x00000007b0000000)
[15.514s][debug][gc,heap      ] GC(15)  Metaspace       used 8764K, committed 9088K, reserved 1114112K
[15.514s][debug][gc,heap      ] GC(15)   class space    used 927K, committed 1088K, reserved 1048576K
[15.514s][debug][gc,tlab      ] GC(15) TLAB totals: thrds: 5  refills: 50 max: 46 slow allocs: 4 max 4 waste:  0.5% gc: 130784B max: 63016B slow: 27416B max: 26824B
[15.527s][debug][gc,ref       ] GC(15) Skipped SoftWeakFinalRefsPhase of Reference Processing: no references
[15.527s][debug][gc,ref       ] GC(15) Skipped KeepAliveFinalRefsPhase of Reference Processing: no references
[15.527s][debug][gc,ref       ] GC(15) Skipped PhantomRefsPhase of Reference Processing: no references
[15.527s][debug][gc,phases,ref] GC(15) Reference Processing: 0.1ms
[15.527s][debug][gc,phases,ref] GC(15)   Notify Soft/WeakReferences: 0.1ms
[15.527s][debug][gc,phases,ref] GC(15)     SoftRef: skipped
[15.527s][debug][gc,phases,ref] GC(15)     WeakRef: skipped
[15.527s][debug][gc,phases,ref] GC(15)     FinalRef: skipped
[15.527s][debug][gc,phases,ref] GC(15)     Total: skipped
[15.527s][debug][gc,phases,ref] GC(15)   Notify and keep alive finalizable: 0.0ms
[15.527s][debug][gc,phases,ref] GC(15)     FinalRef: skipped
[15.527s][debug][gc,phases,ref] GC(15)   Notify PhantomReferences: 0.0ms
[15.527s][debug][gc,phases,ref] GC(15)     PhantomRef: skipped
[15.527s][debug][gc,phases,ref] GC(15)   SoftReference Discovered: 0, Dropped: 0, Processed: 0
[15.527s][debug][gc,phases,ref] GC(15)   WeakReference Discovered: 0, Dropped: 0, Processed: 0
[15.527s][debug][gc,phases,ref] GC(15)   FinalReference Discovered: 0, Dropped: 0, Processed: 0
[15.527s][debug][gc,phases,ref] GC(15)   PhantomReference Discovered: 0, Dropped: 0, Processed: 0
[15.527s][debug][gc,age       ] GC(15) Desired survivor size 2228224 bytes, new threshold 1 (max threshold 15)
[15.527s][info ][gc,heap      ] GC(15) DefNew: 39295K(39296K)->4351K(39296K) Eden: 34944K(34944K)->0K(34944K) From: 4351K(4352K)->4351K(4352K)
[15.527s][info ][gc,heap      ] GC(15) Tenured: 37518K(87424K)->40143K(87424K)
[15.527s][info ][gc,metaspace ] GC(15) Metaspace: 8764K(9088K)->8764K(9088K) NonClass: 7837K(8000K)->7837K(8000K) Class: 927K(1088K)->927K(1088K)
[15.527s][debug][gc,heap      ] GC(15) Heap after GC invocations=16 (full 0):
[15.527s][debug][gc,heap      ] GC(15)  def new generation   total 39296K, used 4351K [0x0000000780000000, 0x0000000782aa0000, 0x00000007aaaa0000)
[15.527s][debug][gc,heap      ] GC(15)   eden space 34944K,   0% used [0x0000000780000000, 0x0000000780000000, 0x0000000782220000)
[15.527s][debug][gc,heap      ] GC(15)   from space 4352K,  99% used [0x0000000782220000, 0x000000078265fff8, 0x0000000782660000)
[15.527s][debug][gc,heap      ] GC(15)   to   space 4352K,   0% used [0x0000000782660000, 0x0000000782660000, 0x0000000782aa0000)
[15.527s][debug][gc,heap      ] GC(15)  tenured generation   total 87424K, used 40143K [0x00000007aaaa0000, 0x00000007b0000000, 0x0000000800000000)
[15.527s][debug][gc,heap      ] GC(15)    the space 87424K,  45% used [0x00000007aaaa0000, 0x00000007ad1d3c98, 0x00000007ad1d3e00, 0x00000007b0000000)
[15.527s][debug][gc,heap      ] GC(15)  Metaspace       used 8764K, committed 9088K, reserved 1114112K
[15.527s][debug][gc,heap      ] GC(15)   class space    used 927K, committed 1088K, reserved 1048576K
[15.527s][info ][gc           ] GC(15) Pause Young (Allocation Failure) 75M->43M(123M) 13.666ms
[15.527s][info ][gc,cpu       ] GC(15) User=0.02s Sys=0.00s Real=0.02s
[15.868s][info ][gc,start     ] GC(16) Pause Young (Allocation Failure)
[15.868s][debug][gc,heap      ] GC(16) Heap before GC invocations=16 (full 0):
[15.868s][debug][gc,heap      ] GC(16)  def new generation   total 39296K, used 39295K [0x0000000780000000, 0x0000000782aa0000, 0x00000007aaaa0000)
[15.868s][debug][gc,heap      ] GC(16)   eden space 34944K, 100% used [0x0000000780000000, 0x0000000782220000, 0x0000000782220000)
[15.868s][debug][gc,heap      ] GC(16)   from space 4352K,  99% used [0x0000000782220000, 0x000000078265fff8, 0x0000000782660000)
[15.868s][debug][gc,heap      ] GC(16)   to   space 4352K,   0% used [0x0000000782660000, 0x0000000782660000, 0x0000000782aa0000)
[15.868s][debug][gc,heap      ] GC(16)  tenured generation   total 87424K, used 40143K [0x00000007aaaa0000, 0x00000007b0000000, 0x0000000800000000)
[15.868s][debug][gc,heap      ] GC(16)    the space 87424K,  45% used [0x00000007aaaa0000, 0x00000007ad1d3c98, 0x00000007ad1d3e00, 0x00000007b0000000)
[15.868s][debug][gc,heap      ] GC(16)  Metaspace       used 8782K, committed 9088K, reserved 1114112K
[15.868s][debug][gc,heap      ] GC(16)   class space    used 931K, committed 1088K, reserved 1048576K
[15.868s][debug][gc,tlab      ] GC(16) TLAB totals: thrds: 4  refills: 52 max: 44 slow allocs: 10 max 9 waste:  0.6% gc: 167056B max: 103600B slow: 28200B max: 25224B
[15.880s][debug][gc,ref       ] GC(16) Skipped SoftWeakFinalRefsPhase of Reference Processing: no references
[15.880s][debug][gc,ref       ] GC(16) Skipped KeepAliveFinalRefsPhase of Reference Processing: no references
[15.880s][debug][gc,ref       ] GC(16) Skipped PhantomRefsPhase of Reference Processing: no references
[15.880s][debug][gc,phases,ref] GC(16) Reference Processing: 0.1ms
[15.880s][debug][gc,phases,ref] GC(16)   Notify Soft/WeakReferences: 0.1ms
[15.880s][debug][gc,phases,ref] GC(16)     SoftRef: skipped
[15.880s][debug][gc,phases,ref] GC(16)     WeakRef: skipped
[15.880s][debug][gc,phases,ref] GC(16)     FinalRef: skipped
[15.880s][debug][gc,phases,ref] GC(16)     Total: skipped
[15.880s][debug][gc,phases,ref] GC(16)   Notify and keep alive finalizable: 0.0ms
[15.880s][debug][gc,phases,ref] GC(16)     FinalRef: skipped
[15.880s][debug][gc,phases,ref] GC(16)   Notify PhantomReferences: 0.0ms
[15.880s][debug][gc,phases,ref] GC(16)     PhantomRef: skipped
[15.880s][debug][gc,phases,ref] GC(16)   SoftReference Discovered: 0, Dropped: 0, Processed: 0
[15.880s][debug][gc,phases,ref] GC(16)   WeakReference Discovered: 0, Dropped: 0, Processed: 0
[15.880s][debug][gc,phases,ref] GC(16)   FinalReference Discovered: 0, Dropped: 0, Processed: 0
[15.880s][debug][gc,phases,ref] GC(16)   PhantomReference Discovered: 0, Dropped: 0, Processed: 0
[15.880s][debug][gc,age       ] GC(16) Desired survivor size 2228224 bytes, new threshold 1 (max threshold 15)
[15.880s][info ][gc,heap      ] GC(16) DefNew: 39295K(39296K)->4352K(39296K) Eden: 34944K(34944K)->0K(34944K) From: 4351K(4352K)->4352K(4352K)
[15.880s][info ][gc,heap      ] GC(16) Tenured: 40143K(87424K)->41033K(87424K)
[15.880s][info ][gc,metaspace ] GC(16) Metaspace: 8782K(9088K)->8782K(9088K) NonClass: 7851K(8000K)->7851K(8000K) Class: 931K(1088K)->931K(1088K)
[15.880s][debug][gc,heap      ] GC(16) Heap after GC invocations=17 (full 0):
[15.880s][debug][gc,heap      ] GC(16)  def new generation   total 39296K, used 4352K [0x0000000780000000, 0x0000000782aa0000, 0x00000007aaaa0000)
[15.880s][debug][gc,heap      ] GC(16)   eden space 34944K,   0% used [0x0000000780000000, 0x0000000780000000, 0x0000000782220000)
[15.880s][debug][gc,heap      ] GC(16)   from space 4352K, 100% used [0x0000000782660000, 0x0000000782aa0000, 0x0000000782aa0000)
[15.880s][debug][gc,heap      ] GC(16)   to   space 4352K,   0% used [0x0000000782220000, 0x0000000782220000, 0x0000000782660000)
[15.880s][debug][gc,heap      ] GC(16)  tenured generation   total 87424K, used 41033K [0x00000007aaaa0000, 0x00000007b0000000, 0x0000000800000000)
[15.880s][debug][gc,heap      ] GC(16)    the space 87424K,  46% used [0x00000007aaaa0000, 0x00000007ad2b25b0, 0x00000007ad2b2600, 0x00000007b0000000)
[15.880s][debug][gc,heap      ] GC(16)  Metaspace       used 8782K, committed 9088K, reserved 1114112K
[15.880s][debug][gc,heap      ] GC(16)   class space    used 931K, committed 1088K, reserved 1048576K
[15.880s][info ][gc           ] GC(16) Pause Young (Allocation Failure) 77M->44M(123M) 12.237ms
[15.880s][info ][gc,cpu       ] GC(16) User=0.01s Sys=0.00s Real=0.01s
[16.211s][info ][gc,start     ] GC(17) Pause Young (Allocation Failure)
[16.211s][debug][gc,heap      ] GC(17) Heap before GC invocations=17 (full 0):
[16.211s][debug][gc,heap      ] GC(17)  def new generation   total 39296K, used 39296K [0x0000000780000000, 0x0000000782aa0000, 0x00000007aaaa0000)
[16.212s][debug][gc,heap      ] GC(17)   eden space 34944K, 100% used [0x0000000780000000, 0x0000000782220000, 0x0000000782220000)
[16.212s][debug][gc,heap      ] GC(17)   from space 4352K, 100% used [0x0000000782660000, 0x0000000782aa0000, 0x0000000782aa0000)
[16.212s][debug][gc,heap      ] GC(17)   to   space 4352K,   0% used [0x0000000782220000, 0x0000000782220000, 0x0000000782660000)
[16.212s][debug][gc,heap      ] GC(17)  tenured generation   total 87424K, used 41033K [0x00000007aaaa0000, 0x00000007b0000000, 0x0000000800000000)
[16.212s][debug][gc,heap      ] GC(17)    the space 87424K,  46% used [0x00000007aaaa0000, 0x00000007ad2b25b0, 0x00000007ad2b2600, 0x00000007b0000000)
[16.212s][debug][gc,heap      ] GC(17)  Metaspace       used 8782K, committed 9088K, reserved 1114112K
[16.212s][debug][gc,heap      ] GC(17)   class space    used 931K, committed 1088K, reserved 1048576K
[16.212s][debug][gc,tlab      ] GC(17) TLAB totals: thrds: 1  refills: 44 max: 44 slow allocs: 8 max 8 waste:  0.1% gc: 0B max: 0B slow: 25768B max: 25768B
[16.219s][debug][gc,ref       ] GC(17) Skipped SoftWeakFinalRefsPhase of Reference Processing: no references
[16.219s][debug][gc,ref       ] GC(17) Skipped KeepAliveFinalRefsPhase of Reference Processing: no references
[16.219s][debug][gc,ref       ] GC(17) Skipped PhantomRefsPhase of Reference Processing: no references
[16.219s][debug][gc,phases,ref] GC(17) Reference Processing: 0.1ms
[16.219s][debug][gc,phases,ref] GC(17)   Notify Soft/WeakReferences: 0.1ms
[16.219s][debug][gc,phases,ref] GC(17)     SoftRef: skipped
[16.219s][debug][gc,phases,ref] GC(17)     WeakRef: skipped
[16.219s][debug][gc,phases,ref] GC(17)     FinalRef: skipped
[16.219s][debug][gc,phases,ref] GC(17)     Total: skipped
[16.219s][debug][gc,phases,ref] GC(17)   Notify and keep alive finalizable: 0.0ms
[16.220s][debug][gc,phases,ref] GC(17)     FinalRef: skipped
[16.220s][debug][gc,phases,ref] GC(17)   Notify PhantomReferences: 0.0ms
[16.220s][debug][gc,phases,ref] GC(17)     PhantomRef: skipped
[16.220s][debug][gc,phases,ref] GC(17)   SoftReference Discovered: 0, Dropped: 0, Processed: 0
[16.220s][debug][gc,phases,ref] GC(17)   WeakReference Discovered: 0, Dropped: 0, Processed: 0
[16.220s][debug][gc,phases,ref] GC(17)   FinalReference Discovered: 0, Dropped: 0, Processed: 0
[16.220s][debug][gc,phases,ref] GC(17)   PhantomReference Discovered: 0, Dropped: 0, Processed: 0
[16.220s][debug][gc,age       ] GC(17) Desired survivor size 2228224 bytes, new threshold 1 (max threshold 15)
[16.220s][info ][gc,heap      ] GC(17) DefNew: 39296K(39296K)->3573K(39296K) Eden: 34944K(34944K)->0K(34944K) From: 4352K(4352K)->3573K(4352K)
[16.220s][info ][gc,heap      ] GC(17) Tenured: 41033K(87424K)->41036K(87424K)
[16.220s][info ][gc,metaspace ] GC(17) Metaspace: 8782K(9088K)->8782K(9088K) NonClass: 7851K(8000K)->7851K(8000K) Class: 931K(1088K)->931K(1088K)
[16.220s][debug][gc,heap      ] GC(17) Heap after GC invocations=18 (full 0):
[16.220s][debug][gc,heap      ] GC(17)  def new generation   total 39296K, used 3573K [0x0000000780000000, 0x0000000782aa0000, 0x00000007aaaa0000)
[16.220s][debug][gc,heap      ] GC(17)   eden space 34944K,   0% used [0x0000000780000000, 0x0000000780000000, 0x0000000782220000)
[16.220s][debug][gc,heap      ] GC(17)   from space 4352K,  82% used [0x0000000782220000, 0x000000078259d5e8, 0x0000000782660000)
[16.220s][debug][gc,heap      ] GC(17)   to   space 4352K,   0% used [0x0000000782660000, 0x0000000782660000, 0x0000000782aa0000)
[16.220s][debug][gc,heap      ] GC(17)  tenured generation   total 87424K, used 41036K [0x00000007aaaa0000, 0x00000007b0000000, 0x0000000800000000)
[16.220s][debug][gc,heap      ] GC(17)    the space 87424K,  46% used [0x00000007aaaa0000, 0x00000007ad2b3050, 0x00000007ad2b3200, 0x00000007b0000000)
[16.220s][debug][gc,heap      ] GC(17)  Metaspace       used 8782K, committed 9088K, reserved 1114112K
[16.220s][debug][gc,heap      ] GC(17)   class space    used 931K, committed 1088K, reserved 1048576K
[16.220s][info ][gc           ] GC(17) Pause Young (Allocation Failure) 78M->43M(123M) 8.820ms
[16.220s][info ][gc,cpu       ] GC(17) User=0.00s Sys=0.00s Real=0.01s
[16.557s][info ][gc,start     ] GC(18) Pause Young (Allocation Failure)
[16.557s][debug][gc,heap      ] GC(18) Heap before GC invocations=18 (full 0):
[16.557s][debug][gc,heap      ] GC(18)  def new generation   total 39296K, used 38517K [0x0000000780000000, 0x0000000782aa0000, 0x00000007aaaa0000)
[16.557s][debug][gc,heap      ] GC(18)   eden space 34944K, 100% used [0x0000000780000000, 0x0000000782220000, 0x0000000782220000)
[16.557s][debug][gc,heap      ] GC(18)   from space 4352K,  82% used [0x0000000782220000, 0x000000078259d5e8, 0x0000000782660000)
[16.557s][debug][gc,heap      ] GC(18)   to   space 4352K,   0% used [0x0000000782660000, 0x0000000782660000, 0x0000000782aa0000)
[16.557s][debug][gc,heap      ] GC(18)  tenured generation   total 87424K, used 41036K [0x00000007aaaa0000, 0x00000007b0000000, 0x0000000800000000)
[16.557s][debug][gc,heap      ] GC(18)    the space 87424K,  46% used [0x00000007aaaa0000, 0x00000007ad2b3050, 0x00000007ad2b3200, 0x00000007b0000000)
[16.557s][debug][gc,heap      ] GC(18)  Metaspace       used 8785K, committed 9088K, reserved 1114112K
[16.557s][debug][gc,heap      ] GC(18)   class space    used 931K, committed 1088K, reserved 1048576K
[16.557s][debug][gc,tlab      ] GC(18) TLAB totals: thrds: 4  refills: 51 max: 43 slow allocs: 7 max 7 waste:  0.3% gc: 42136B max: 17120B slow: 36680B max: 33608B
[16.563s][debug][gc,ref       ] GC(18) Skipped SoftWeakFinalRefsPhase of Reference Processing: no references
[16.563s][debug][gc,ref       ] GC(18) Skipped KeepAliveFinalRefsPhase of Reference Processing: no references
[16.563s][debug][gc,ref       ] GC(18) Skipped PhantomRefsPhase of Reference Processing: no references
[16.563s][debug][gc,phases,ref] GC(18) Reference Processing: 0.2ms
[16.563s][debug][gc,phases,ref] GC(18)   Notify Soft/WeakReferences: 0.1ms
[16.563s][debug][gc,phases,ref] GC(18)     SoftRef: skipped
[16.563s][debug][gc,phases,ref] GC(18)     WeakRef: skipped
[16.564s][debug][gc,phases,ref] GC(18)     FinalRef: skipped
[16.564s][debug][gc,phases,ref] GC(18)     Total: skipped
[16.564s][debug][gc,phases,ref] GC(18)   Notify and keep alive finalizable: 0.0ms
[16.564s][debug][gc,phases,ref] GC(18)     FinalRef: skipped
[16.565s][debug][gc,phases,ref] GC(18)   Notify PhantomReferences: 0.0ms
[16.565s][debug][gc,phases,ref] GC(18)     PhantomRef: skipped
[16.565s][debug][gc,phases,ref] GC(18)   SoftReference Discovered: 0, Dropped: 0, Processed: 0
[16.565s][debug][gc,phases,ref] GC(18)   WeakReference Discovered: 0, Dropped: 0, Processed: 0
[16.565s][debug][gc,phases,ref] GC(18)   FinalReference Discovered: 0, Dropped: 0, Processed: 0
[16.565s][debug][gc,phases,ref] GC(18)   PhantomReference Discovered: 0, Dropped: 0, Processed: 0
[16.565s][debug][gc,age       ] GC(18) Desired survivor size 2228224 bytes, new threshold 15 (max threshold 15)
[16.565s][info ][gc,heap      ] GC(18) DefNew: 38517K(39296K)->1876K(39296K) Eden: 34944K(34944K)->0K(34944K) From: 3573K(4352K)->1876K(4352K)
[16.565s][info ][gc,heap      ] GC(18) Tenured: 41036K(87424K)->41036K(87424K)
[16.565s][info ][gc,metaspace ] GC(18) Metaspace: 8785K(9088K)->8785K(9088K) NonClass: 7853K(8000K)->7853K(8000K) Class: 931K(1088K)->931K(1088K)
[16.565s][debug][gc,heap      ] GC(18) Heap after GC invocations=19 (full 0):
[16.565s][debug][gc,heap      ] GC(18)  def new generation   total 39296K, used 1876K [0x0000000780000000, 0x0000000782aa0000, 0x00000007aaaa0000)
[16.565s][debug][gc,heap      ] GC(18)   eden space 34944K,   0% used [0x0000000780000000, 0x0000000780000000, 0x0000000782220000)
[16.565s][debug][gc,heap      ] GC(18)   from space 4352K,  43% used [0x0000000782660000, 0x0000000782835268, 0x0000000782aa0000)
[16.584s][debug][gc,heap      ] GC(18)   to   space 4352K,   0% used [0x0000000782220000, 0x0000000782220000, 0x0000000782660000)
[16.587s][debug][gc,heap      ] GC(18)  tenured generation   total 87424K, used 41036K [0x00000007aaaa0000, 0x00000007b0000000, 0x0000000800000000)
[16.587s][debug][gc,heap      ] GC(18)    the space 87424K,  46% used [0x00000007aaaa0000, 0x00000007ad2b3050, 0x00000007ad2b3200, 0x00000007b0000000)
[16.587s][debug][gc,heap      ] GC(18)  Metaspace       used 8785K, committed 9088K, reserved 1114112K
[16.587s][debug][gc,heap      ] GC(18)   class space    used 931K, committed 1088K, reserved 1048576K
[16.588s][info ][gc           ] GC(18) Pause Young (Allocation Failure) 77M->41M(123M) 31.166ms
[16.593s][info ][gc,cpu       ] GC(18) User=0.00s Sys=0.00s Real=0.03s
[16.825s][info ][gc,start     ] GC(19) Pause Young (Allocation Failure)
[16.825s][debug][gc,heap      ] GC(19) Heap before GC invocations=19 (full 0):
[16.825s][debug][gc,heap      ] GC(19)  def new generation   total 39296K, used 35868K [0x0000000780000000, 0x0000000782aa0000, 0x00000007aaaa0000)
[16.825s][debug][gc,heap      ] GC(19)   eden space 34944K,  97% used [0x0000000780000000, 0x0000000782132088, 0x0000000782220000)
[16.825s][debug][gc,heap      ] GC(19)   from space 4352K,  43% used [0x0000000782660000, 0x0000000782835268, 0x0000000782aa0000)
[16.825s][debug][gc,heap      ] GC(19)   to   space 4352K,   0% used [0x0000000782220000, 0x0000000782220000, 0x0000000782660000)
[16.825s][debug][gc,heap      ] GC(19)  tenured generation   total 87424K, used 41036K [0x00000007aaaa0000, 0x00000007b0000000, 0x0000000800000000)
[16.825s][debug][gc,heap      ] GC(19)    the space 87424K,  46% used [0x00000007aaaa0000, 0x00000007ad2b3050, 0x00000007ad2b3200, 0x00000007b0000000)
[16.825s][debug][gc,heap      ] GC(19)  Metaspace       used 8785K, committed 9088K, reserved 1114112K
[16.825s][debug][gc,heap      ] GC(19)   class space    used 931K, committed 1088K, reserved 1048576K
[16.825s][debug][gc,tlab      ] GC(19) TLAB totals: thrds: 1  refills: 46 max: 46 slow allocs: 3 max 3 waste:  1.9% gc: 597608B max: 597608B slow: 26120B max: 26120B
[16.847s][debug][gc,ref       ] GC(19) Skipped SoftWeakFinalRefsPhase of Reference Processing: no references
[16.847s][debug][gc,ref       ] GC(19) Skipped KeepAliveFinalRefsPhase of Reference Processing: no references
[16.847s][debug][gc,ref       ] GC(19) Skipped PhantomRefsPhase of Reference Processing: no references
[16.847s][debug][gc,phases,ref] GC(19) Reference Processing: 0.1ms
[16.847s][debug][gc,phases,ref] GC(19)   Notify Soft/WeakReferences: 0.1ms
[16.847s][debug][gc,phases,ref] GC(19)     SoftRef: skipped
[16.847s][debug][gc,phases,ref] GC(19)     WeakRef: skipped
[16.847s][debug][gc,phases,ref] GC(19)     FinalRef: skipped
[16.847s][debug][gc,phases,ref] GC(19)     Total: skipped
[16.847s][debug][gc,phases,ref] GC(19)   Notify and keep alive finalizable: 0.0ms
[16.847s][debug][gc,phases,ref] GC(19)     FinalRef: skipped
[16.847s][debug][gc,phases,ref] GC(19)   Notify PhantomReferences: 0.0ms
[16.847s][debug][gc,phases,ref] GC(19)     PhantomRef: skipped
[16.847s][debug][gc,phases,ref] GC(19)   SoftReference Discovered: 0, Dropped: 0, Processed: 0
[16.847s][debug][gc,phases,ref] GC(19)   WeakReference Discovered: 0, Dropped: 0, Processed: 0
[16.847s][debug][gc,phases,ref] GC(19)   FinalReference Discovered: 0, Dropped: 0, Processed: 0
[16.847s][debug][gc,phases,ref] GC(19)   PhantomReference Discovered: 0, Dropped: 0, Processed: 0
[16.847s][debug][gc,age       ] GC(19) Desired survivor size 2228224 bytes, new threshold 1 (max threshold 15)
[16.847s][info ][gc,heap      ] GC(19) DefNew: 35868K(39296K)->4351K(39296K) Eden: 33992K(34944K)->0K(34944K) From: 1876K(4352K)->4351K(4352K)
[16.847s][info ][gc,heap      ] GC(19) Tenured: 41036K(87424K)->47170K(87424K)
[16.847s][info ][gc,metaspace ] GC(19) Metaspace: 8785K(9088K)->8785K(9088K) NonClass: 7853K(8000K)->7853K(8000K) Class: 931K(1088K)->931K(1088K)
[16.847s][debug][gc,heap      ] GC(19) Heap after GC invocations=20 (full 0):
[16.847s][debug][gc,heap      ] GC(19)  def new generation   total 39296K, used 4351K [0x0000000780000000, 0x0000000782aa0000, 0x00000007aaaa0000)
[16.847s][debug][gc,heap      ] GC(19)   eden space 34944K,   0% used [0x0000000780000000, 0x0000000780000000, 0x0000000782220000)
[16.847s][debug][gc,heap      ] GC(19)   from space 4352K,  99% used [0x0000000782220000, 0x000000078265fff8, 0x0000000782660000)
[16.847s][debug][gc,heap      ] GC(19)   to   space 4352K,   0% used [0x0000000782660000, 0x0000000782660000, 0x0000000782aa0000)
[16.847s][debug][gc,heap      ] GC(19)  tenured generation   total 87424K, used 47170K [0x00000007aaaa0000, 0x00000007b0000000, 0x0000000800000000)
[16.847s][debug][gc,heap      ] GC(19)    the space 87424K,  53% used [0x00000007aaaa0000, 0x00000007ad8b0a18, 0x00000007ad8b0c00, 0x00000007b0000000)
[16.847s][debug][gc,heap      ] GC(19)  Metaspace       used 8785K, committed 9088K, reserved 1114112K
[16.847s][debug][gc,heap      ] GC(19)   class space    used 931K, committed 1088K, reserved 1048576K
[16.847s][info ][gc           ] GC(19) Pause Young (Allocation Failure) 75M->50M(123M) 22.281ms
[16.847s][info ][gc,cpu       ] GC(19) User=0.02s Sys=0.00s Real=0.03s
[17.191s][info ][gc,start     ] GC(20) Pause Young (Allocation Failure)
[17.191s][debug][gc,heap      ] GC(20) Heap before GC invocations=20 (full 0):
[17.191s][debug][gc,heap      ] GC(20)  def new generation   total 39296K, used 39295K [0x0000000780000000, 0x0000000782aa0000, 0x00000007aaaa0000)
[17.191s][debug][gc,heap      ] GC(20)   eden space 34944K, 100% used [0x0000000780000000, 0x0000000782220000, 0x0000000782220000)
[17.191s][debug][gc,heap      ] GC(20)   from space 4352K,  99% used [0x0000000782220000, 0x000000078265fff8, 0x0000000782660000)
[17.191s][debug][gc,heap      ] GC(20)   to   space 4352K,   0% used [0x0000000782660000, 0x0000000782660000, 0x0000000782aa0000)
[17.191s][debug][gc,heap      ] GC(20)  tenured generation   total 87424K, used 47170K [0x00000007aaaa0000, 0x00000007b0000000, 0x0000000800000000)
[17.191s][debug][gc,heap      ] GC(20)    the space 87424K,  53% used [0x00000007aaaa0000, 0x00000007ad8b0a18, 0x00000007ad8b0c00, 0x00000007b0000000)
[17.191s][debug][gc,heap      ] GC(20)  Metaspace       used 8785K, committed 9088K, reserved 1114112K
[17.191s][debug][gc,heap      ] GC(20)   class space    used 931K, committed 1088K, reserved 1048576K
[17.191s][debug][gc,tlab      ] GC(20) TLAB totals: thrds: 1  refills: 45 max: 45 slow allocs: 6 max 6 waste:  0.1% gc: 0B max: 0B slow: 26336B max: 26336B
[17.210s][debug][gc,ref       ] GC(20) Skipped SoftWeakFinalRefsPhase of Reference Processing: no references
[17.210s][debug][gc,ref       ] GC(20) Skipped KeepAliveFinalRefsPhase of Reference Processing: no references
[17.210s][debug][gc,ref       ] GC(20) Skipped PhantomRefsPhase of Reference Processing: no references
[17.210s][debug][gc,phases,ref] GC(20) Reference Processing: 0.2ms
[17.210s][debug][gc,phases,ref] GC(20)   Notify Soft/WeakReferences: 0.2ms
[17.210s][debug][gc,phases,ref] GC(20)     SoftRef: skipped
[17.210s][debug][gc,phases,ref] GC(20)     WeakRef: skipped
[17.210s][debug][gc,phases,ref] GC(20)     FinalRef: skipped
[17.210s][debug][gc,phases,ref] GC(20)     Total: skipped
[17.210s][debug][gc,phases,ref] GC(20)   Notify and keep alive finalizable: 0.0ms
[17.210s][debug][gc,phases,ref] GC(20)     FinalRef: skipped
[17.210s][debug][gc,phases,ref] GC(20)   Notify PhantomReferences: 0.0ms
[17.210s][debug][gc,phases,ref] GC(20)     PhantomRef: skipped
[17.210s][debug][gc,phases,ref] GC(20)   SoftReference Discovered: 0, Dropped: 0, Processed: 0
[17.210s][debug][gc,phases,ref] GC(20)   WeakReference Discovered: 0, Dropped: 0, Processed: 0
[17.210s][debug][gc,phases,ref] GC(20)   FinalReference Discovered: 0, Dropped: 0, Processed: 0
[17.210s][debug][gc,phases,ref] GC(20)   PhantomReference Discovered: 0, Dropped: 0, Processed: 0
[17.211s][debug][gc,age       ] GC(20) Desired survivor size 2228224 bytes, new threshold 1 (max threshold 15)
[17.211s][info ][gc,heap      ] GC(20) DefNew: 39295K(39296K)->4351K(39296K) Eden: 34944K(34944K)->0K(34944K) From: 4351K(4352K)->4351K(4352K)
[17.211s][info ][gc,heap      ] GC(20) Tenured: 47170K(87424K)->51639K(87424K)
[17.211s][info ][gc,metaspace ] GC(20) Metaspace: 8785K(9088K)->8785K(9088K) NonClass: 7853K(8000K)->7853K(8000K) Class: 931K(1088K)->931K(1088K)
[17.211s][debug][gc,heap      ] GC(20) Heap after GC invocations=21 (full 0):
[17.211s][debug][gc,heap      ] GC(20)  def new generation   total 39296K, used 4351K [0x0000000780000000, 0x0000000782aa0000, 0x00000007aaaa0000)
[17.211s][debug][gc,heap      ] GC(20)   eden space 34944K,   0% used [0x0000000780000000, 0x0000000780000000, 0x0000000782220000)
[17.211s][debug][gc,heap      ] GC(20)   from space 4352K,  99% used [0x0000000782660000, 0x0000000782a9fff8, 0x0000000782aa0000)
[17.211s][debug][gc,heap      ] GC(20)   to   space 4352K,   0% used [0x0000000782220000, 0x0000000782220000, 0x0000000782660000)
[17.211s][debug][gc,heap      ] GC(20)  tenured generation   total 87424K, used 51639K [0x00000007aaaa0000, 0x00000007b0000000, 0x0000000800000000)
[17.211s][debug][gc,heap      ] GC(20)    the space 87424K,  59% used [0x00000007aaaa0000, 0x00000007add0de10, 0x00000007add0e000, 0x00000007b0000000)
[17.211s][debug][gc,heap      ] GC(20)  Metaspace       used 8785K, committed 9088K, reserved 1114112K
[17.211s][debug][gc,heap      ] GC(20)   class space    used 931K, committed 1088K, reserved 1048576K
[17.211s][info ][gc           ] GC(20) Pause Young (Allocation Failure) 84M->54M(123M) 19.777ms
[17.211s][info ][gc,cpu       ] GC(20) User=0.01s Sys=0.01s Real=0.02s
[17.541s][info ][gc,start     ] GC(21) Pause Young (Allocation Failure)
[17.541s][debug][gc,heap      ] GC(21) Heap before GC invocations=21 (full 0):
[17.541s][debug][gc,heap      ] GC(21)  def new generation   total 39296K, used 39295K [0x0000000780000000, 0x0000000782aa0000, 0x00000007aaaa0000)
[17.541s][debug][gc,heap      ] GC(21)   eden space 34944K, 100% used [0x0000000780000000, 0x0000000782220000, 0x0000000782220000)
[17.542s][debug][gc,heap      ] GC(21)   from space 4352K,  99% used [0x0000000782660000, 0x0000000782a9fff8, 0x0000000782aa0000)
[17.542s][debug][gc,heap      ] GC(21)   to   space 4352K,   0% used [0x0000000782220000, 0x0000000782220000, 0x0000000782660000)
[17.542s][debug][gc,heap      ] GC(21)  tenured generation   total 87424K, used 51639K [0x00000007aaaa0000, 0x00000007b0000000, 0x0000000800000000)
[17.542s][debug][gc,heap      ] GC(21)    the space 87424K,  59% used [0x00000007aaaa0000, 0x00000007add0de10, 0x00000007add0e000, 0x00000007b0000000)
[17.542s][debug][gc,heap      ] GC(21)  Metaspace       used 8791K, committed 9088K, reserved 1114112K
[17.542s][debug][gc,heap      ] GC(21)   class space    used 931K, committed 1088K, reserved 1048576K
[17.542s][debug][gc,tlab      ] GC(21) TLAB totals: thrds: 5  refills: 56 max: 44 slow allocs: 10 max 6 waste:  0.4% gc: 74184B max: 41472B slow: 39904B max: 35032B
[17.552s][debug][gc,ref       ] GC(21) Skipped SoftWeakFinalRefsPhase of Reference Processing: no references
[17.552s][debug][gc,ref       ] GC(21) Skipped KeepAliveFinalRefsPhase of Reference Processing: no references
[17.552s][debug][gc,ref       ] GC(21) Skipped PhantomRefsPhase of Reference Processing: no references
[17.552s][debug][gc,phases,ref] GC(21) Reference Processing: 0.1ms
[17.552s][debug][gc,phases,ref] GC(21)   Notify Soft/WeakReferences: 0.1ms
[17.552s][debug][gc,phases,ref] GC(21)     SoftRef: skipped
[17.552s][debug][gc,phases,ref] GC(21)     WeakRef: skipped
[17.552s][debug][gc,phases,ref] GC(21)     FinalRef: skipped
[17.552s][debug][gc,phases,ref] GC(21)     Total: skipped
[17.552s][debug][gc,phases,ref] GC(21)   Notify and keep alive finalizable: 0.0ms
[17.552s][debug][gc,phases,ref] GC(21)     FinalRef: skipped
[17.552s][debug][gc,phases,ref] GC(21)   Notify PhantomReferences: 0.0ms
[17.552s][debug][gc,phases,ref] GC(21)     PhantomRef: skipped
[17.552s][debug][gc,phases,ref] GC(21)   SoftReference Discovered: 0, Dropped: 0, Processed: 0
[17.552s][debug][gc,phases,ref] GC(21)   WeakReference Discovered: 0, Dropped: 0, Processed: 0
[17.552s][debug][gc,phases,ref] GC(21)   FinalReference Discovered: 0, Dropped: 0, Processed: 0
[17.552s][debug][gc,phases,ref] GC(21)   PhantomReference Discovered: 0, Dropped: 0, Processed: 0
[17.553s][debug][gc,age       ] GC(21) Desired survivor size 2228224 bytes, new threshold 1 (max threshold 15)
[17.553s][info ][gc,heap      ] GC(21) DefNew: 39295K(39296K)->4351K(39296K) Eden: 34944K(34944K)->0K(34944K) From: 4351K(4352K)->4351K(4352K)
[17.553s][info ][gc,heap      ] GC(21) Tenured: 51639K(87424K)->54249K(87424K)
[17.553s][info ][gc,metaspace ] GC(21) Metaspace: 8791K(9088K)->8791K(9088K) NonClass: 7860K(8000K)->7860K(8000K) Class: 931K(1088K)->931K(1088K)
[17.553s][debug][gc,heap      ] GC(21) Heap after GC invocations=22 (full 0):
[17.553s][debug][gc,heap      ] GC(21)  def new generation   total 39296K, used 4351K [0x0000000780000000, 0x0000000782aa0000, 0x00000007aaaa0000)
[17.553s][debug][gc,heap      ] GC(21)   eden space 34944K,   0% used [0x0000000780000000, 0x0000000780000000, 0x0000000782220000)
[17.553s][debug][gc,heap      ] GC(21)   from space 4352K,  99% used [0x0000000782220000, 0x000000078265fff8, 0x0000000782660000)
[17.553s][debug][gc,heap      ] GC(21)   to   space 4352K,   0% used [0x0000000782660000, 0x0000000782660000, 0x0000000782aa0000)
[17.553s][debug][gc,heap      ] GC(21)  tenured generation   total 87424K, used 54249K [0x00000007aaaa0000, 0x00000007b0000000, 0x0000000800000000)
[17.553s][debug][gc,heap      ] GC(21)    the space 87424K,  62% used [0x00000007aaaa0000, 0x00000007adf9a530, 0x00000007adf9a600, 0x00000007b0000000)
[17.553s][debug][gc,heap      ] GC(21)  Metaspace       used 8791K, committed 9088K, reserved 1114112K
[17.553s][debug][gc,heap      ] GC(21)   class space    used 931K, committed 1088K, reserved 1048576K
[17.553s][info ][gc           ] GC(21) Pause Young (Allocation Failure) 88M->57M(123M) 11.492ms
[17.553s][info ][gc,cpu       ] GC(21) User=0.01s Sys=0.00s Real=0.01s
[17.893s][info ][gc,start     ] GC(22) Pause Young (Allocation Failure)
[17.893s][debug][gc,heap      ] GC(22) Heap before GC invocations=22 (full 0):
[17.893s][debug][gc,heap      ] GC(22)  def new generation   total 39296K, used 39295K [0x0000000780000000, 0x0000000782aa0000, 0x00000007aaaa0000)
[17.893s][debug][gc,heap      ] GC(22)   eden space 34944K, 100% used [0x0000000780000000, 0x0000000782220000, 0x0000000782220000)
[17.893s][debug][gc,heap      ] GC(22)   from space 4352K,  99% used [0x0000000782220000, 0x000000078265fff8, 0x0000000782660000)
[17.893s][debug][gc,heap      ] GC(22)   to   space 4352K,   0% used [0x0000000782660000, 0x0000000782660000, 0x0000000782aa0000)
[17.893s][debug][gc,heap      ] GC(22)  tenured generation   total 87424K, used 54249K [0x00000007aaaa0000, 0x00000007b0000000, 0x0000000800000000)
[17.893s][debug][gc,heap      ] GC(22)    the space 87424K,  62% used [0x00000007aaaa0000, 0x00000007adf9a530, 0x00000007adf9a600, 0x00000007b0000000)
[17.893s][debug][gc,heap      ] GC(22)  Metaspace       used 8791K, committed 9088K, reserved 1114112K
[17.893s][debug][gc,heap      ] GC(22)   class space    used 931K, committed 1088K, reserved 1048576K
[17.893s][debug][gc,tlab      ] GC(22) TLAB totals: thrds: 1  refills: 45 max: 45 slow allocs: 6 max 6 waste:  1.1% gc: 319944B max: 319944B slow: 25888B max: 25888B
[17.903s][debug][gc,ref       ] GC(22) Skipped SoftWeakFinalRefsPhase of Reference Processing: no references
[17.903s][debug][gc,ref       ] GC(22) Skipped KeepAliveFinalRefsPhase of Reference Processing: no references
[17.903s][debug][gc,ref       ] GC(22) Skipped PhantomRefsPhase of Reference Processing: no references
[17.903s][debug][gc,phases,ref] GC(22) Reference Processing: 0.1ms
[17.903s][debug][gc,phases,ref] GC(22)   Notify Soft/WeakReferences: 0.1ms
[17.903s][debug][gc,phases,ref] GC(22)     SoftRef: skipped
[17.903s][debug][gc,phases,ref] GC(22)     WeakRef: skipped
[17.903s][debug][gc,phases,ref] GC(22)     FinalRef: skipped
[17.903s][debug][gc,phases,ref] GC(22)     Total: skipped
[17.903s][debug][gc,phases,ref] GC(22)   Notify and keep alive finalizable: 0.0ms
[17.903s][debug][gc,phases,ref] GC(22)     FinalRef: skipped
[17.903s][debug][gc,phases,ref] GC(22)   Notify PhantomReferences: 0.0ms
[17.903s][debug][gc,phases,ref] GC(22)     PhantomRef: skipped
[17.903s][debug][gc,phases,ref] GC(22)   SoftReference Discovered: 0, Dropped: 0, Processed: 0
[17.903s][debug][gc,phases,ref] GC(22)   WeakReference Discovered: 0, Dropped: 0, Processed: 0
[17.903s][debug][gc,phases,ref] GC(22)   FinalReference Discovered: 0, Dropped: 0, Processed: 0
[17.903s][debug][gc,phases,ref] GC(22)   PhantomReference Discovered: 0, Dropped: 0, Processed: 0
[17.904s][debug][gc,age       ] GC(22) Desired survivor size 2228224 bytes, new threshold 1 (max threshold 15)
[17.904s][info ][gc,heap      ] GC(22) DefNew: 39295K(39296K)->4352K(39296K) Eden: 34944K(34944K)->0K(34944K) From: 4351K(4352K)->4352K(4352K)
[17.904s][info ][gc,heap      ] GC(22) Tenured: 54249K(87424K)->55137K(87424K)
[17.904s][info ][gc,metaspace ] GC(22) Metaspace: 8791K(9088K)->8791K(9088K) NonClass: 7860K(8000K)->7860K(8000K) Class: 931K(1088K)->931K(1088K)
[17.904s][debug][gc,heap      ] GC(22) Heap after GC invocations=23 (full 0):
[17.904s][debug][gc,heap      ] GC(22)  def new generation   total 39296K, used 4352K [0x0000000780000000, 0x0000000782aa0000, 0x00000007aaaa0000)
[17.904s][debug][gc,heap      ] GC(22)   eden space 34944K,   0% used [0x0000000780000000, 0x0000000780000000, 0x0000000782220000)
[17.904s][debug][gc,heap      ] GC(22)   from space 4352K, 100% used [0x0000000782660000, 0x0000000782aa0000, 0x0000000782aa0000)
[17.904s][debug][gc,heap      ] GC(22)   to   space 4352K,   0% used [0x0000000782220000, 0x0000000782220000, 0x0000000782660000)
[17.904s][debug][gc,heap      ] GC(22)  tenured generation   total 87424K, used 55137K [0x00000007aaaa0000, 0x00000007b0000000, 0x0000000800000000)
[17.904s][debug][gc,heap      ] GC(22)    the space 87424K,  63% used [0x00000007aaaa0000, 0x00000007ae078680, 0x00000007ae078800, 0x00000007b0000000)
[17.904s][debug][gc,heap      ] GC(22)  Metaspace       used 8791K, committed 9088K, reserved 1114112K
[17.904s][debug][gc,heap      ] GC(22)   class space    used 931K, committed 1088K, reserved 1048576K
[17.904s][info ][gc           ] GC(22) Pause Young (Allocation Failure) 91M->58M(123M) 11.453ms
[17.904s][info ][gc,cpu       ] GC(22) User=0.01s Sys=0.00s Real=0.01s
[18.245s][info ][gc,start     ] GC(23) Pause Young (Allocation Failure)
[18.245s][debug][gc,heap      ] GC(23) Heap before GC invocations=23 (full 0):
[18.245s][debug][gc,heap      ] GC(23)  def new generation   total 39296K, used 39296K [0x0000000780000000, 0x0000000782aa0000, 0x00000007aaaa0000)
[18.245s][debug][gc,heap      ] GC(23)   eden space 34944K, 100% used [0x0000000780000000, 0x0000000782220000, 0x0000000782220000)
[18.245s][debug][gc,heap      ] GC(23)   from space 4352K, 100% used [0x0000000782660000, 0x0000000782aa0000, 0x0000000782aa0000)
[18.245s][debug][gc,heap      ] GC(23)   to   space 4352K,   0% used [0x0000000782220000, 0x0000000782220000, 0x0000000782660000)
[18.245s][debug][gc,heap      ] GC(23)  tenured generation   total 87424K, used 55137K [0x00000007aaaa0000, 0x00000007b0000000, 0x0000000800000000)
[18.245s][debug][gc,heap      ] GC(23)    the space 87424K,  63% used [0x00000007aaaa0000, 0x00000007ae078680, 0x00000007ae078800, 0x00000007b0000000)
[18.245s][debug][gc,heap      ] GC(23)  Metaspace       used 8791K, committed 9088K, reserved 1114112K
[18.245s][debug][gc,heap      ] GC(23)   class space    used 931K, committed 1088K, reserved 1048576K
[18.245s][debug][gc,tlab      ] GC(23) TLAB totals: thrds: 1  refills: 45 max: 45 slow allocs: 7 max 7 waste:  0.1% gc: 0B max: 0B slow: 26232B max: 26232B
[18.251s][debug][gc,ref       ] GC(23) Skipped SoftWeakFinalRefsPhase of Reference Processing: no references
[18.251s][debug][gc,ref       ] GC(23) Skipped KeepAliveFinalRefsPhase of Reference Processing: no references
[18.251s][debug][gc,ref       ] GC(23) Skipped PhantomRefsPhase of Reference Processing: no references
[18.251s][debug][gc,phases,ref] GC(23) Reference Processing: 0.1ms
[18.251s][debug][gc,phases,ref] GC(23)   Notify Soft/WeakReferences: 0.1ms
[18.251s][debug][gc,phases,ref] GC(23)     SoftRef: skipped
[18.251s][debug][gc,phases,ref] GC(23)     WeakRef: skipped
[18.251s][debug][gc,phases,ref] GC(23)     FinalRef: skipped
[18.251s][debug][gc,phases,ref] GC(23)     Total: skipped
[18.251s][debug][gc,phases,ref] GC(23)   Notify and keep alive finalizable: 0.0ms
[18.251s][debug][gc,phases,ref] GC(23)     FinalRef: skipped
[18.251s][debug][gc,phases,ref] GC(23)   Notify PhantomReferences: 0.0ms
[18.251s][debug][gc,phases,ref] GC(23)     PhantomRef: skipped
[18.251s][debug][gc,phases,ref] GC(23)   SoftReference Discovered: 0, Dropped: 0, Processed: 0
[18.251s][debug][gc,phases,ref] GC(23)   WeakReference Discovered: 0, Dropped: 0, Processed: 0
[18.251s][debug][gc,phases,ref] GC(23)   FinalReference Discovered: 0, Dropped: 0, Processed: 0
[18.251s][debug][gc,phases,ref] GC(23)   PhantomReference Discovered: 0, Dropped: 0, Processed: 0
[18.252s][debug][gc,age       ] GC(23) Desired survivor size 2228224 bytes, new threshold 1 (max threshold 15)
[18.252s][info ][gc,heap      ] GC(23) DefNew: 39296K(39296K)->3573K(39296K) Eden: 34944K(34944K)->0K(34944K) From: 4352K(4352K)->3573K(4352K)
[18.252s][info ][gc,heap      ] GC(23) Tenured: 55137K(87424K)->55137K(87424K)
[18.252s][info ][gc,metaspace ] GC(23) Metaspace: 8791K(9088K)->8791K(9088K) NonClass: 7860K(8000K)->7860K(8000K) Class: 931K(1088K)->931K(1088K)
[18.252s][debug][gc,heap      ] GC(23) Heap after GC invocations=24 (full 0):
[18.252s][debug][gc,heap      ] GC(23)  def new generation   total 39296K, used 3573K [0x0000000780000000, 0x0000000782aa0000, 0x00000007aaaa0000)
[18.252s][debug][gc,heap      ] GC(23)   eden space 34944K,   0% used [0x0000000780000000, 0x0000000780000000, 0x0000000782220000)
[18.252s][debug][gc,heap      ] GC(23)   from space 4352K,  82% used [0x0000000782220000, 0x000000078259d418, 0x0000000782660000)
[18.252s][debug][gc,heap      ] GC(23)   to   space 4352K,   0% used [0x0000000782660000, 0x0000000782660000, 0x0000000782aa0000)
[18.252s][debug][gc,heap      ] GC(23)  tenured generation   total 87424K, used 55137K [0x00000007aaaa0000, 0x00000007b0000000, 0x0000000800000000)
[18.252s][debug][gc,heap      ] GC(23)    the space 87424K,  63% used [0x00000007aaaa0000, 0x00000007ae078680, 0x00000007ae078800, 0x00000007b0000000)
[18.252s][debug][gc,heap      ] GC(23)  Metaspace       used 8791K, committed 9088K, reserved 1114112K
[18.252s][debug][gc,heap      ] GC(23)   class space    used 931K, committed 1088K, reserved 1048576K
[18.252s][info ][gc           ] GC(23) Pause Young (Allocation Failure) 92M->57M(123M) 7.364ms
[18.252s][info ][gc,cpu       ] GC(23) User=0.00s Sys=0.00s Real=0.01s
[18.588s][info ][gc,start     ] GC(24) Pause Young (Allocation Failure)
[18.588s][debug][gc,heap      ] GC(24) Heap before GC invocations=24 (full 0):
[18.588s][debug][gc,heap      ] GC(24)  def new generation   total 39296K, used 38517K [0x0000000780000000, 0x0000000782aa0000, 0x00000007aaaa0000)
[18.588s][debug][gc,heap      ] GC(24)   eden space 34944K, 100% used [0x0000000780000000, 0x0000000782220000, 0x0000000782220000)
[18.588s][debug][gc,heap      ] GC(24)   from space 4352K,  82% used [0x0000000782220000, 0x000000078259d418, 0x0000000782660000)
[18.588s][debug][gc,heap      ] GC(24)   to   space 4352K,   0% used [0x0000000782660000, 0x0000000782660000, 0x0000000782aa0000)
[18.589s][debug][gc,heap      ] GC(24)  tenured generation   total 87424K, used 55137K [0x00000007aaaa0000, 0x00000007b0000000, 0x0000000800000000)
[18.589s][debug][gc,heap      ] GC(24)    the space 87424K,  63% used [0x00000007aaaa0000, 0x00000007ae078680, 0x00000007ae078800, 0x00000007b0000000)
[18.589s][debug][gc,heap      ] GC(24)  Metaspace       used 8796K, committed 9088K, reserved 1114112K
[18.589s][debug][gc,heap      ] GC(24)   class space    used 931K, committed 1088K, reserved 1048576K
[18.589s][debug][gc,tlab      ] GC(24) TLAB totals: thrds: 5  refills: 59 max: 43 slow allocs: 13 max 7 waste:  0.3% gc: 48304B max: 26728B slow: 42232B max: 35200B
[18.593s][debug][gc,ref       ] GC(24) Skipped SoftWeakFinalRefsPhase of Reference Processing: no references
[18.593s][debug][gc,ref       ] GC(24) Skipped KeepAliveFinalRefsPhase of Reference Processing: no references
[18.593s][debug][gc,ref       ] GC(24) Skipped PhantomRefsPhase of Reference Processing: no references
[18.593s][debug][gc,phases,ref] GC(24) Reference Processing: 0.1ms
[18.593s][debug][gc,phases,ref] GC(24)   Notify Soft/WeakReferences: 0.1ms
[18.593s][debug][gc,phases,ref] GC(24)     SoftRef: skipped
[18.593s][debug][gc,phases,ref] GC(24)     WeakRef: skipped
[18.593s][debug][gc,phases,ref] GC(24)     FinalRef: skipped
[18.593s][debug][gc,phases,ref] GC(24)     Total: skipped
[18.593s][debug][gc,phases,ref] GC(24)   Notify and keep alive finalizable: 0.0ms
[18.593s][debug][gc,phases,ref] GC(24)     FinalRef: skipped
[18.593s][debug][gc,phases,ref] GC(24)   Notify PhantomReferences: 0.0ms
[18.593s][debug][gc,phases,ref] GC(24)     PhantomRef: skipped
[18.593s][debug][gc,phases,ref] GC(24)   SoftReference Discovered: 0, Dropped: 0, Processed: 0
[18.593s][debug][gc,phases,ref] GC(24)   WeakReference Discovered: 0, Dropped: 0, Processed: 0
[18.593s][debug][gc,phases,ref] GC(24)   FinalReference Discovered: 0, Dropped: 0, Processed: 0
[18.593s][debug][gc,phases,ref] GC(24)   PhantomReference Discovered: 0, Dropped: 0, Processed: 0
[18.593s][debug][gc,age       ] GC(24) Desired survivor size 2228224 bytes, new threshold 15 (max threshold 15)
[18.593s][info ][gc,heap      ] GC(24) DefNew: 38517K(39296K)->1864K(39296K) Eden: 34944K(34944K)->0K(34944K) From: 3573K(4352K)->1864K(4352K)
[18.593s][info ][gc,heap      ] GC(24) Tenured: 55137K(87424K)->55137K(87424K)
[18.593s][info ][gc,metaspace ] GC(24) Metaspace: 8796K(9088K)->8796K(9088K) NonClass: 7865K(8000K)->7865K(8000K) Class: 931K(1088K)->931K(1088K)
[18.593s][debug][gc,heap      ] GC(24) Heap after GC invocations=25 (full 0):
[18.593s][debug][gc,heap      ] GC(24)  def new generation   total 39296K, used 1864K [0x0000000780000000, 0x0000000782aa0000, 0x00000007aaaa0000)
[18.593s][debug][gc,heap      ] GC(24)   eden space 34944K,   0% used [0x0000000780000000, 0x0000000780000000, 0x0000000782220000)
[18.593s][debug][gc,heap      ] GC(24)   from space 4352K,  42% used [0x0000000782660000, 0x0000000782832198, 0x0000000782aa0000)
[18.593s][debug][gc,heap      ] GC(24)   to   space 4352K,   0% used [0x0000000782220000, 0x0000000782220000, 0x0000000782660000)
[18.593s][debug][gc,heap      ] GC(24)  tenured generation   total 87424K, used 55137K [0x00000007aaaa0000, 0x00000007b0000000, 0x0000000800000000)
[18.594s][debug][gc,heap      ] GC(24)    the space 87424K,  63% used [0x00000007aaaa0000, 0x00000007ae078680, 0x00000007ae078800, 0x00000007b0000000)
[18.594s][debug][gc,heap      ] GC(24)  Metaspace       used 8796K, committed 9088K, reserved 1114112K
[18.594s][debug][gc,heap      ] GC(24)   class space    used 931K, committed 1088K, reserved 1048576K
[18.594s][info ][gc           ] GC(24) Pause Young (Allocation Failure) 91M->55M(123M) 5.444ms
[18.594s][info ][gc,cpu       ] GC(24) User=0.00s Sys=0.00s Real=0.00s
[18.830s][info ][gc,start     ] GC(25) Pause Young (Allocation Failure)
[18.830s][debug][gc,heap      ] GC(25) Heap before GC invocations=25 (full 0):
[18.830s][debug][gc,heap      ] GC(25)  def new generation   total 39296K, used 35854K [0x0000000780000000, 0x0000000782aa0000, 0x00000007aaaa0000)
[18.830s][debug][gc,heap      ] GC(25)   eden space 34944K,  97% used [0x0000000780000000, 0x00000007821318c0, 0x0000000782220000)
[18.830s][debug][gc,heap      ] GC(25)   from space 4352K,  42% used [0x0000000782660000, 0x0000000782832198, 0x0000000782aa0000)
[18.830s][debug][gc,heap      ] GC(25)   to   space 4352K,   0% used [0x0000000782220000, 0x0000000782220000, 0x0000000782660000)
[18.830s][debug][gc,heap      ] GC(25)  tenured generation   total 87424K, used 55137K [0x00000007aaaa0000, 0x00000007b0000000, 0x0000000800000000)
[18.830s][debug][gc,heap      ] GC(25)    the space 87424K,  63% used [0x00000007aaaa0000, 0x00000007ae078680, 0x00000007ae078800, 0x00000007b0000000)
[18.830s][debug][gc,heap      ] GC(25)  Metaspace       used 8796K, committed 9088K, reserved 1114112K
[18.830s][debug][gc,heap      ] GC(25)   class space    used 931K, committed 1088K, reserved 1048576K
[18.830s][debug][gc,tlab      ] GC(25) TLAB totals: thrds: 1  refills: 46 max: 46 slow allocs: 3 max 3 waste:  1.9% gc: 582488B max: 582488B slow: 26304B max: 26304B
[18.853s][debug][gc,ref       ] GC(25) Skipped SoftWeakFinalRefsPhase of Reference Processing: no references
[18.853s][debug][gc,ref       ] GC(25) Skipped KeepAliveFinalRefsPhase of Reference Processing: no references
[18.853s][debug][gc,ref       ] GC(25) Skipped PhantomRefsPhase of Reference Processing: no references
[18.853s][debug][gc,phases,ref] GC(25) Reference Processing: 0.1ms
[18.853s][debug][gc,phases,ref] GC(25)   Notify Soft/WeakReferences: 0.1ms
[18.853s][debug][gc,phases,ref] GC(25)     SoftRef: skipped
[18.853s][debug][gc,phases,ref] GC(25)     WeakRef: skipped
[18.853s][debug][gc,phases,ref] GC(25)     FinalRef: skipped
[18.853s][debug][gc,phases,ref] GC(25)     Total: skipped
[18.853s][debug][gc,phases,ref] GC(25)   Notify and keep alive finalizable: 0.0ms
[18.853s][debug][gc,phases,ref] GC(25)     FinalRef: skipped
[18.853s][debug][gc,phases,ref] GC(25)   Notify PhantomReferences: 0.0ms
[18.853s][debug][gc,phases,ref] GC(25)     PhantomRef: skipped
[18.853s][debug][gc,phases,ref] GC(25)   SoftReference Discovered: 0, Dropped: 0, Processed: 0
[18.853s][debug][gc,phases,ref] GC(25)   WeakReference Discovered: 0, Dropped: 0, Processed: 0
[18.853s][debug][gc,phases,ref] GC(25)   FinalReference Discovered: 0, Dropped: 0, Processed: 0
[18.853s][debug][gc,phases,ref] GC(25)   PhantomReference Discovered: 0, Dropped: 0, Processed: 0
[18.854s][debug][gc,age       ] GC(25) Desired survivor size 2228224 bytes, new threshold 1 (max threshold 15)
[18.854s][info ][gc,heap      ] GC(25) DefNew: 35854K(39296K)->4352K(39296K) Eden: 33990K(34944K)->0K(34944K) From: 1864K(4352K)->4352K(4352K)
[18.854s][info ][gc,heap      ] GC(25) Tenured: 55137K(87424K)->61272K(87424K)
[18.854s][info ][gc,metaspace ] GC(25) Metaspace: 8796K(9088K)->8796K(9088K) NonClass: 7865K(8000K)->7865K(8000K) Class: 931K(1088K)->931K(1088K)
[18.854s][debug][gc,heap      ] GC(25) Heap after GC invocations=26 (full 0):
[18.854s][debug][gc,heap      ] GC(25)  def new generation   total 39296K, used 4352K [0x0000000780000000, 0x0000000782aa0000, 0x00000007aaaa0000)
[18.854s][debug][gc,heap      ] GC(25)   eden space 34944K,   0% used [0x0000000780000000, 0x0000000780000000, 0x0000000782220000)
[18.854s][debug][gc,heap      ] GC(25)   from space 4352K, 100% used [0x0000000782220000, 0x0000000782660000, 0x0000000782660000)
[18.854s][debug][gc,heap      ] GC(25)   to   space 4352K,   0% used [0x0000000782660000, 0x0000000782660000, 0x0000000782aa0000)
[18.854s][debug][gc,heap      ] GC(25)  tenured generation   total 87424K, used 61272K [0x00000007aaaa0000, 0x00000007b0000000, 0x0000000800000000)
[18.854s][debug][gc,heap      ] GC(25)    the space 87424K,  70% used [0x00000007aaaa0000, 0x00000007ae676200, 0x00000007ae676200, 0x00000007b0000000)
[18.854s][debug][gc,heap      ] GC(25)  Metaspace       used 8796K, committed 9088K, reserved 1114112K
[18.854s][debug][gc,heap      ] GC(25)   class space    used 931K, committed 1088K, reserved 1048576K
[18.854s][info ][gc           ] GC(25) Pause Young (Allocation Failure) 88M->64M(123M) 24.369ms
[18.854s][info ][gc,cpu       ] GC(25) User=0.02s Sys=0.00s Real=0.02s
[19.188s][info ][gc,start     ] GC(26) Pause Young (Allocation Failure)
[19.188s][debug][gc,heap      ] GC(26) Heap before GC invocations=26 (full 0):
[19.188s][debug][gc,heap      ] GC(26)  def new generation   total 39296K, used 39296K [0x0000000780000000, 0x0000000782aa0000, 0x00000007aaaa0000)
[19.188s][debug][gc,heap      ] GC(26)   eden space 34944K, 100% used [0x0000000780000000, 0x0000000782220000, 0x0000000782220000)
[19.188s][debug][gc,heap      ] GC(26)   from space 4352K, 100% used [0x0000000782220000, 0x0000000782660000, 0x0000000782660000)
[19.188s][debug][gc,heap      ] GC(26)   to   space 4352K,   0% used [0x0000000782660000, 0x0000000782660000, 0x0000000782aa0000)
[19.188s][debug][gc,heap      ] GC(26)  tenured generation   total 87424K, used 61272K [0x00000007aaaa0000, 0x00000007b0000000, 0x0000000800000000)
[19.188s][debug][gc,heap      ] GC(26)    the space 87424K,  70% used [0x00000007aaaa0000, 0x00000007ae676200, 0x00000007ae676200, 0x00000007b0000000)
[19.188s][debug][gc,heap      ] GC(26)  Metaspace       used 8796K, committed 9088K, reserved 1114112K
[19.188s][debug][gc,heap      ] GC(26)   class space    used 931K, committed 1088K, reserved 1048576K
[19.188s][debug][gc,tlab      ] GC(26) TLAB totals: thrds: 1  refills: 45 max: 45 slow allocs: 6 max 6 waste:  0.1% gc: 0B max: 0B slow: 34368B max: 34368B
[19.206s][debug][gc,ref       ] GC(26) Skipped SoftWeakFinalRefsPhase of Reference Processing: no references
[19.206s][debug][gc,ref       ] GC(26) Skipped KeepAliveFinalRefsPhase of Reference Processing: no references
[19.206s][debug][gc,ref       ] GC(26) Skipped PhantomRefsPhase of Reference Processing: no references
[19.206s][debug][gc,phases,ref] GC(26) Reference Processing: 0.1ms
[19.206s][debug][gc,phases,ref] GC(26)   Notify Soft/WeakReferences: 0.1ms
[19.206s][debug][gc,phases,ref] GC(26)     SoftRef: skipped
[19.206s][debug][gc,phases,ref] GC(26)     WeakRef: skipped
[19.206s][debug][gc,phases,ref] GC(26)     FinalRef: skipped
[19.206s][debug][gc,phases,ref] GC(26)     Total: skipped
[19.206s][debug][gc,phases,ref] GC(26)   Notify and keep alive finalizable: 0.0ms
[19.206s][debug][gc,phases,ref] GC(26)     FinalRef: skipped
[19.206s][debug][gc,phases,ref] GC(26)   Notify PhantomReferences: 0.0ms
[19.206s][debug][gc,phases,ref] GC(26)     PhantomRef: skipped
[19.206s][debug][gc,phases,ref] GC(26)   SoftReference Discovered: 0, Dropped: 0, Processed: 0
[19.206s][debug][gc,phases,ref] GC(26)   WeakReference Discovered: 0, Dropped: 0, Processed: 0
[19.206s][debug][gc,phases,ref] GC(26)   FinalReference Discovered: 0, Dropped: 0, Processed: 0
[19.206s][debug][gc,phases,ref] GC(26)   PhantomReference Discovered: 0, Dropped: 0, Processed: 0
[19.206s][debug][gc,age       ] GC(26) Desired survivor size 2228224 bytes, new threshold 1 (max threshold 15)
[19.206s][info ][gc,heap      ] GC(26) DefNew: 39296K(39296K)->4352K(39296K) Eden: 34944K(34944K)->0K(34944K) From: 4352K(4352K)->4352K(4352K)
[19.206s][info ][gc,heap      ] GC(26) Tenured: 61272K(87424K)->65734K(87424K)
[19.206s][info ][gc,metaspace ] GC(26) Metaspace: 8796K(9088K)->8796K(9088K) NonClass: 7865K(8000K)->7865K(8000K) Class: 931K(1088K)->931K(1088K)
[19.206s][debug][gc,heap      ] GC(26) Heap after GC invocations=27 (full 0):
[19.206s][debug][gc,heap      ] GC(26)  def new generation   total 39296K, used 4352K [0x0000000780000000, 0x0000000782aa0000, 0x00000007aaaa0000)
[19.206s][debug][gc,heap      ] GC(26)   eden space 34944K,   0% used [0x0000000780000000, 0x0000000780000000, 0x0000000782220000)
[19.206s][debug][gc,heap      ] GC(26)   from space 4352K, 100% used [0x0000000782660000, 0x0000000782aa0000, 0x0000000782aa0000)
[19.206s][debug][gc,heap      ] GC(26)   to   space 4352K,   0% used [0x0000000782220000, 0x0000000782220000, 0x0000000782660000)
[19.206s][debug][gc,heap      ] GC(26)  tenured generation   total 87424K, used 65734K [0x00000007aaaa0000, 0x00000007b0000000, 0x0000000800000000)
[19.206s][debug][gc,heap      ] GC(26)    the space 87424K,  75% used [0x00000007aaaa0000, 0x00000007aead1850, 0x00000007aead1a00, 0x00000007b0000000)
[19.206s][debug][gc,heap      ] GC(26)  Metaspace       used 8796K, committed 9088K, reserved 1114112K
[19.206s][debug][gc,heap      ] GC(26)   class space    used 931K, committed 1088K, reserved 1048576K
[19.206s][info ][gc           ] GC(26) Pause Young (Allocation Failure) 98M->68M(123M) 18.623ms
[19.206s][info ][gc,cpu       ] GC(26) User=0.01s Sys=0.00s Real=0.01s
[19.545s][info ][gc,start     ] GC(27) Pause Young (Allocation Failure)
[19.545s][debug][gc,heap      ] GC(27) Heap before GC invocations=27 (full 0):
[19.545s][debug][gc,heap      ] GC(27)  def new generation   total 39296K, used 39296K [0x0000000780000000, 0x0000000782aa0000, 0x00000007aaaa0000)
[19.545s][debug][gc,heap      ] GC(27)   eden space 34944K, 100% used [0x0000000780000000, 0x0000000782220000, 0x0000000782220000)
[19.545s][debug][gc,heap      ] GC(27)   from space 4352K, 100% used [0x0000000782660000, 0x0000000782aa0000, 0x0000000782aa0000)
[19.545s][debug][gc,heap      ] GC(27)   to   space 4352K,   0% used [0x0000000782220000, 0x0000000782220000, 0x0000000782660000)
[19.545s][debug][gc,heap      ] GC(27)  tenured generation   total 87424K, used 65734K [0x00000007aaaa0000, 0x00000007b0000000, 0x0000000800000000)
[19.545s][debug][gc,heap      ] GC(27)    the space 87424K,  75% used [0x00000007aaaa0000, 0x00000007aead1850, 0x00000007aead1a00, 0x00000007b0000000)
[19.545s][debug][gc,heap      ] GC(27)  Metaspace       used 8799K, committed 9152K, reserved 1114112K
[19.545s][debug][gc,heap      ] GC(27)   class space    used 931K, committed 1088K, reserved 1048576K
[19.545s][debug][gc,tlab      ] GC(27) TLAB totals: thrds: 4  refills: 65 max: 44 slow allocs: 15 max 6 waste:  0.2% gc: 12784B max: 6488B slow: 37408B max: 26720B
[19.557s][debug][gc,ref       ] GC(27) Skipped SoftWeakFinalRefsPhase of Reference Processing: no references
[19.557s][debug][gc,ref       ] GC(27) Skipped KeepAliveFinalRefsPhase of Reference Processing: no references
[19.558s][debug][gc,ref       ] GC(27) Skipped PhantomRefsPhase of Reference Processing: no references
[19.558s][debug][gc,phases,ref] GC(27) Reference Processing: 0.3ms
[19.558s][debug][gc,phases,ref] GC(27)   Notify Soft/WeakReferences: 0.1ms
[19.558s][debug][gc,phases,ref] GC(27)     SoftRef: skipped
[19.558s][debug][gc,phases,ref] GC(27)     WeakRef: skipped
[19.558s][debug][gc,phases,ref] GC(27)     FinalRef: skipped
[19.558s][debug][gc,phases,ref] GC(27)     Total: skipped
[19.558s][debug][gc,phases,ref] GC(27)   Notify and keep alive finalizable: 0.1ms
[19.558s][debug][gc,phases,ref] GC(27)     FinalRef: skipped
[19.558s][debug][gc,phases,ref] GC(27)   Notify PhantomReferences: 0.0ms
[19.558s][debug][gc,phases,ref] GC(27)     PhantomRef: skipped
[19.558s][debug][gc,phases,ref] GC(27)   SoftReference Discovered: 0, Dropped: 0, Processed: 0
[19.558s][debug][gc,phases,ref] GC(27)   WeakReference Discovered: 0, Dropped: 0, Processed: 0
[19.558s][debug][gc,phases,ref] GC(27)   FinalReference Discovered: 0, Dropped: 0, Processed: 0
[19.558s][debug][gc,phases,ref] GC(27)   PhantomReference Discovered: 0, Dropped: 0, Processed: 0
[19.558s][debug][gc,age       ] GC(27) Desired survivor size 2228224 bytes, new threshold 1 (max threshold 15)
[19.558s][info ][gc,heap      ] GC(27) DefNew: 39296K(39296K)->4351K(39296K) Eden: 34944K(34944K)->0K(34944K) From: 4352K(4352K)->4351K(4352K)
[19.558s][info ][gc,heap      ] GC(27) Tenured: 65734K(87424K)->68409K(87424K)
[19.558s][info ][gc,metaspace ] GC(27) Metaspace: 8799K(9152K)->8799K(9152K) NonClass: 7868K(8064K)->7868K(8064K) Class: 931K(1088K)->931K(1088K)
[19.558s][debug][gc,heap      ] GC(27) Heap after GC invocations=28 (full 0):
[19.558s][debug][gc,heap      ] GC(27)  def new generation   total 39296K, used 4351K [0x0000000780000000, 0x0000000782aa0000, 0x00000007aaaa0000)
[19.558s][debug][gc,heap      ] GC(27)   eden space 34944K,   0% used [0x0000000780000000, 0x0000000780000000, 0x0000000782220000)
[19.558s][debug][gc,heap      ] GC(27)   from space 4352K,  99% used [0x0000000782220000, 0x000000078265fff8, 0x0000000782660000)
[19.558s][debug][gc,heap      ] GC(27)   to   space 4352K,   0% used [0x0000000782660000, 0x0000000782660000, 0x0000000782aa0000)
[19.558s][debug][gc,heap      ] GC(27)  tenured generation   total 87424K, used 68409K [0x00000007aaaa0000, 0x00000007b0000000, 0x0000000800000000)
[19.558s][debug][gc,heap      ] GC(27)    the space 87424K,  78% used [0x00000007aaaa0000, 0x00000007aed6e6e0, 0x00000007aed6e800, 0x00000007b0000000)
[19.558s][debug][gc,heap      ] GC(27)  Metaspace       used 8799K, committed 9152K, reserved 1114112K
[19.558s][debug][gc,heap      ] GC(27)   class space    used 931K, committed 1088K, reserved 1048576K
[19.558s][info ][gc           ] GC(27) Pause Young (Allocation Failure) 102M->71M(123M) 13.552ms
[19.559s][info ][gc,cpu       ] GC(27) User=0.01s Sys=0.00s Real=0.02s
[19.890s][info ][gc,start     ] GC(28) Pause Young (Allocation Failure)
[19.890s][debug][gc,heap      ] GC(28) Heap before GC invocations=28 (full 0):
[19.890s][debug][gc,heap      ] GC(28)  def new generation   total 39296K, used 39295K [0x0000000780000000, 0x0000000782aa0000, 0x00000007aaaa0000)
[19.890s][debug][gc,heap      ] GC(28)   eden space 34944K, 100% used [0x0000000780000000, 0x0000000782220000, 0x0000000782220000)
[19.890s][debug][gc,heap      ] GC(28)   from space 4352K,  99% used [0x0000000782220000, 0x000000078265fff8, 0x0000000782660000)
[19.890s][debug][gc,heap      ] GC(28)   to   space 4352K,   0% used [0x0000000782660000, 0x0000000782660000, 0x0000000782aa0000)
[19.890s][debug][gc,heap      ] GC(28)  tenured generation   total 87424K, used 68409K [0x00000007aaaa0000, 0x00000007b0000000, 0x0000000800000000)
[19.890s][debug][gc,heap      ] GC(28)    the space 87424K,  78% used [0x00000007aaaa0000, 0x00000007aed6e6e0, 0x00000007aed6e800, 0x00000007b0000000)
[19.891s][debug][gc,heap      ] GC(28)  Metaspace       used 8799K, committed 9152K, reserved 1114112K
[19.891s][debug][gc,heap      ] GC(28)   class space    used 931K, committed 1088K, reserved 1048576K
[19.891s][debug][gc,tlab      ] GC(28) TLAB totals: thrds: 1  refills: 45 max: 45 slow allocs: 5 max 5 waste:  1.3% gc: 378248B max: 378248B slow: 37024B max: 37024B
[19.900s][debug][gc,ref       ] GC(28) Skipped SoftWeakFinalRefsPhase of Reference Processing: no references
[19.900s][debug][gc,ref       ] GC(28) Skipped KeepAliveFinalRefsPhase of Reference Processing: no references
[19.900s][debug][gc,ref       ] GC(28) Skipped PhantomRefsPhase of Reference Processing: no references
[19.901s][debug][gc,phases,ref] GC(28) Reference Processing: 0.3ms
[19.901s][debug][gc,phases,ref] GC(28)   Notify Soft/WeakReferences: 0.3ms
[19.901s][debug][gc,phases,ref] GC(28)     SoftRef: skipped
[19.901s][debug][gc,phases,ref] GC(28)     WeakRef: skipped
[19.901s][debug][gc,phases,ref] GC(28)     FinalRef: skipped
[19.901s][debug][gc,phases,ref] GC(28)     Total: skipped
[19.901s][debug][gc,phases,ref] GC(28)   Notify and keep alive finalizable: 0.0ms
[19.901s][debug][gc,phases,ref] GC(28)     FinalRef: skipped
[19.901s][debug][gc,phases,ref] GC(28)   Notify PhantomReferences: 0.0ms
[19.901s][debug][gc,phases,ref] GC(28)     PhantomRef: skipped
[19.901s][debug][gc,phases,ref] GC(28)   SoftReference Discovered: 0, Dropped: 0, Processed: 0
[19.901s][debug][gc,phases,ref] GC(28)   WeakReference Discovered: 0, Dropped: 0, Processed: 0
[19.901s][debug][gc,phases,ref] GC(28)   FinalReference Discovered: 0, Dropped: 0, Processed: 0
[19.901s][debug][gc,phases,ref] GC(28)   PhantomReference Discovered: 0, Dropped: 0, Processed: 0
[19.901s][debug][gc,age       ] GC(28) Desired survivor size 2228224 bytes, new threshold 1 (max threshold 15)
[19.901s][info ][gc,heap      ] GC(28) DefNew: 39295K(39296K)->4352K(39296K) Eden: 34944K(34944K)->0K(34944K) From: 4351K(4352K)->4352K(4352K)
[19.901s][info ][gc,heap      ] GC(28) Tenured: 68409K(87424K)->69296K(87424K)
[19.901s][info ][gc,metaspace ] GC(28) Metaspace: 8799K(9152K)->8799K(9152K) NonClass: 7868K(8064K)->7868K(8064K) Class: 931K(1088K)->931K(1088K)
[19.901s][debug][gc,heap      ] GC(28) Heap after GC invocations=29 (full 0):
[19.901s][debug][gc,heap      ] GC(28)  def new generation   total 39296K, used 4352K [0x0000000780000000, 0x0000000782aa0000, 0x00000007aaaa0000)
[19.901s][debug][gc,heap      ] GC(28)   eden space 34944K,   0% used [0x0000000780000000, 0x0000000780000000, 0x0000000782220000)
[19.901s][debug][gc,heap      ] GC(28)   from space 4352K, 100% used [0x0000000782660000, 0x0000000782aa0000, 0x0000000782aa0000)
[19.901s][debug][gc,heap      ] GC(28)   to   space 4352K,   0% used [0x0000000782220000, 0x0000000782220000, 0x0000000782660000)
[19.901s][debug][gc,heap      ] GC(28)  tenured generation   total 87424K, used 69296K [0x00000007aaaa0000, 0x00000007b0000000, 0x0000000800000000)
[19.901s][debug][gc,heap      ] GC(28)    the space 87424K,  79% used [0x00000007aaaa0000, 0x00000007aee4c060, 0x00000007aee4c200, 0x00000007b0000000)
[19.901s][debug][gc,heap      ] GC(28)  Metaspace       used 8799K, committed 9152K, reserved 1114112K
[19.901s][debug][gc,heap      ] GC(28)   class space    used 931K, committed 1088K, reserved 1048576K
[19.901s][info ][gc           ] GC(28) Pause Young (Allocation Failure) 105M->71M(123M) 11.034ms
[19.901s][info ][gc,cpu       ] GC(28) User=0.01s Sys=0.00s Real=0.01s
[20.237s][info ][gc,start     ] GC(29) Pause Young (Allocation Failure)
[20.237s][debug][gc,heap      ] GC(29) Heap before GC invocations=29 (full 0):
[20.237s][debug][gc,heap      ] GC(29)  def new generation   total 39296K, used 39296K [0x0000000780000000, 0x0000000782aa0000, 0x00000007aaaa0000)
[20.237s][debug][gc,heap      ] GC(29)   eden space 34944K, 100% used [0x0000000780000000, 0x0000000782220000, 0x0000000782220000)
[20.237s][debug][gc,heap      ] GC(29)   from space 4352K, 100% used [0x0000000782660000, 0x0000000782aa0000, 0x0000000782aa0000)
[20.237s][debug][gc,heap      ] GC(29)   to   space 4352K,   0% used [0x0000000782220000, 0x0000000782220000, 0x0000000782660000)
[20.237s][debug][gc,heap      ] GC(29)  tenured generation   total 87424K, used 69296K [0x00000007aaaa0000, 0x00000007b0000000, 0x0000000800000000)
[20.237s][debug][gc,heap      ] GC(29)    the space 87424K,  79% used [0x00000007aaaa0000, 0x00000007aee4c060, 0x00000007aee4c200, 0x00000007b0000000)
[20.237s][debug][gc,heap      ] GC(29)  Metaspace       used 8799K, committed 9152K, reserved 1114112K
[20.237s][debug][gc,heap      ] GC(29)   class space    used 931K, committed 1088K, reserved 1048576K
[20.237s][debug][gc,tlab      ] GC(29) TLAB totals: thrds: 1  refills: 43 max: 43 slow allocs: 8 max 8 waste:  0.1% gc: 0B max: 0B slow: 25352B max: 25352B
[20.243s][debug][gc,ref       ] GC(29) Skipped SoftWeakFinalRefsPhase of Reference Processing: no references
[20.244s][debug][gc,ref       ] GC(29) Skipped KeepAliveFinalRefsPhase of Reference Processing: no references
[20.244s][debug][gc,ref       ] GC(29) Skipped PhantomRefsPhase of Reference Processing: no references
[20.244s][debug][gc,phases,ref] GC(29) Reference Processing: 0.1ms
[20.244s][debug][gc,phases,ref] GC(29)   Notify Soft/WeakReferences: 0.1ms
[20.244s][debug][gc,phases,ref] GC(29)     SoftRef: skipped
[20.244s][debug][gc,phases,ref] GC(29)     WeakRef: skipped
[20.244s][debug][gc,phases,ref] GC(29)     FinalRef: skipped
[20.244s][debug][gc,phases,ref] GC(29)     Total: skipped
[20.244s][debug][gc,phases,ref] GC(29)   Notify and keep alive finalizable: 0.0ms
[20.244s][debug][gc,phases,ref] GC(29)     FinalRef: skipped
[20.244s][debug][gc,phases,ref] GC(29)   Notify PhantomReferences: 0.0ms
[20.244s][debug][gc,phases,ref] GC(29)     PhantomRef: skipped
[20.244s][debug][gc,phases,ref] GC(29)   SoftReference Discovered: 0, Dropped: 0, Processed: 0
[20.244s][debug][gc,phases,ref] GC(29)   WeakReference Discovered: 0, Dropped: 0, Processed: 0
[20.244s][debug][gc,phases,ref] GC(29)   FinalReference Discovered: 0, Dropped: 0, Processed: 0
[20.244s][debug][gc,phases,ref] GC(29)   PhantomReference Discovered: 0, Dropped: 0, Processed: 0
[20.244s][debug][gc,age       ] GC(29) Desired survivor size 2228224 bytes, new threshold 1 (max threshold 15)
[20.244s][info ][gc,heap      ] GC(29) DefNew: 39296K(39296K)->3573K(39296K) Eden: 34944K(34944K)->0K(34944K) From: 4352K(4352K)->3573K(4352K)
[20.244s][info ][gc,heap      ] GC(29) Tenured: 69296K(87424K)->69296K(87424K)
[20.244s][info ][gc,metaspace ] GC(29) Metaspace: 8799K(9152K)->8799K(9152K) NonClass: 7868K(8064K)->7868K(8064K) Class: 931K(1088K)->931K(1088K)
[20.244s][debug][gc,heap      ] GC(29) Heap after GC invocations=30 (full 0):
[20.244s][debug][gc,heap      ] GC(29)  def new generation   total 39296K, used 3573K [0x0000000780000000, 0x0000000782aa0000, 0x00000007aaaa0000)
[20.244s][debug][gc,heap      ] GC(29)   eden space 34944K,   0% used [0x0000000780000000, 0x0000000780000000, 0x0000000782220000)
[20.244s][debug][gc,heap      ] GC(29)   from space 4352K,  82% used [0x0000000782220000, 0x000000078259d788, 0x0000000782660000)
[20.244s][debug][gc,heap      ] GC(29)   to   space 4352K,   0% used [0x0000000782660000, 0x0000000782660000, 0x0000000782aa0000)
[20.244s][debug][gc,heap      ] GC(29)  tenured generation   total 87424K, used 69296K [0x00000007aaaa0000, 0x00000007b0000000, 0x0000000800000000)
[20.244s][debug][gc,heap      ] GC(29)    the space 87424K,  79% used [0x00000007aaaa0000, 0x00000007aee4c060, 0x00000007aee4c200, 0x00000007b0000000)
[20.244s][debug][gc,heap      ] GC(29)  Metaspace       used 8799K, committed 9152K, reserved 1114112K
[20.244s][debug][gc,heap      ] GC(29)   class space    used 931K, committed 1088K, reserved 1048576K
[20.244s][info ][gc           ] GC(29) Pause Young (Allocation Failure) 106M->71M(123M) 7.735ms
[20.244s][info ][gc,cpu       ] GC(29) User=0.01s Sys=0.00s Real=0.00s
[20.583s][info ][gc,start     ] GC(30) Pause Young (Allocation Failure)
[20.583s][debug][gc,heap      ] GC(30) Heap before GC invocations=30 (full 0):
[20.583s][debug][gc,heap      ] GC(30)  def new generation   total 39296K, used 38517K [0x0000000780000000, 0x0000000782aa0000, 0x00000007aaaa0000)
[20.583s][debug][gc,heap      ] GC(30)   eden space 34944K, 100% used [0x0000000780000000, 0x0000000782220000, 0x0000000782220000)
[20.583s][debug][gc,heap      ] GC(30)   from space 4352K,  82% used [0x0000000782220000, 0x000000078259d788, 0x0000000782660000)
[20.583s][debug][gc,heap      ] GC(30)   to   space 4352K,   0% used [0x0000000782660000, 0x0000000782660000, 0x0000000782aa0000)
[20.583s][debug][gc,heap      ] GC(30)  tenured generation   total 87424K, used 69296K [0x00000007aaaa0000, 0x00000007b0000000, 0x0000000800000000)
[20.583s][debug][gc,heap      ] GC(30)    the space 87424K,  79% used [0x00000007aaaa0000, 0x00000007aee4c060, 0x00000007aee4c200, 0x00000007b0000000)
[20.583s][debug][gc,heap      ] GC(30)  Metaspace       used 8812K, committed 9152K, reserved 1114112K
[20.583s][debug][gc,heap      ] GC(30)   class space    used 931K, committed 1088K, reserved 1048576K
[20.584s][debug][gc,tlab      ] GC(30) TLAB totals: thrds: 5  refills: 70 max: 43 slow allocs: 13 max 8 waste:  0.2% gc: 24744B max: 17496B slow: 38816B max: 25152B
[20.588s][debug][gc,ref       ] GC(30) Skipped SoftWeakFinalRefsPhase of Reference Processing: no references
[20.588s][debug][gc,ref       ] GC(30) Skipped KeepAliveFinalRefsPhase of Reference Processing: no references
[20.588s][debug][gc,ref       ] GC(30) Skipped PhantomRefsPhase of Reference Processing: no references
[20.588s][debug][gc,phases,ref] GC(30) Reference Processing: 0.1ms
[20.588s][debug][gc,phases,ref] GC(30)   Notify Soft/WeakReferences: 0.1ms
[20.588s][debug][gc,phases,ref] GC(30)     SoftRef: skipped
[20.588s][debug][gc,phases,ref] GC(30)     WeakRef: skipped
[20.588s][debug][gc,phases,ref] GC(30)     FinalRef: skipped
[20.588s][debug][gc,phases,ref] GC(30)     Total: skipped
[20.588s][debug][gc,phases,ref] GC(30)   Notify and keep alive finalizable: 0.0ms
[20.588s][debug][gc,phases,ref] GC(30)     FinalRef: skipped
[20.588s][debug][gc,phases,ref] GC(30)   Notify PhantomReferences: 0.0ms
[20.589s][debug][gc,phases,ref] GC(30)     PhantomRef: skipped
[20.589s][debug][gc,phases,ref] GC(30)   SoftReference Discovered: 0, Dropped: 0, Processed: 0
[20.589s][debug][gc,phases,ref] GC(30)   WeakReference Discovered: 0, Dropped: 0, Processed: 0
[20.589s][debug][gc,phases,ref] GC(30)   FinalReference Discovered: 0, Dropped: 0, Processed: 0
[20.589s][debug][gc,phases,ref] GC(30)   PhantomReference Discovered: 0, Dropped: 0, Processed: 0
[20.589s][debug][gc,age       ] GC(30) Desired survivor size 2228224 bytes, new threshold 15 (max threshold 15)
[20.589s][info ][gc,heap      ] GC(30) DefNew: 38517K(39296K)->1903K(39296K) Eden: 34944K(34944K)->0K(34944K) From: 3573K(4352K)->1903K(4352K)
[20.589s][info ][gc,heap      ] GC(30) Tenured: 69296K(87424K)->69296K(87424K)
[20.589s][info ][gc,metaspace ] GC(30) Metaspace: 8812K(9152K)->8812K(9152K) NonClass: 7881K(8064K)->7881K(8064K) Class: 931K(1088K)->931K(1088K)
[20.589s][debug][gc,heap      ] GC(30) Heap after GC invocations=31 (full 0):
[20.589s][debug][gc,heap      ] GC(30)  def new generation   total 39296K, used 1903K [0x0000000780000000, 0x0000000782aa0000, 0x00000007aaaa0000)
[20.589s][debug][gc,heap      ] GC(30)   eden space 34944K,   0% used [0x0000000780000000, 0x0000000780000000, 0x0000000782220000)
[20.589s][debug][gc,heap      ] GC(30)   from space 4352K,  43% used [0x0000000782660000, 0x000000078283beb0, 0x0000000782aa0000)
[20.589s][debug][gc,heap      ] GC(30)   to   space 4352K,   0% used [0x0000000782220000, 0x0000000782220000, 0x0000000782660000)
[20.589s][debug][gc,heap      ] GC(30)  tenured generation   total 87424K, used 69296K [0x00000007aaaa0000, 0x00000007b0000000, 0x0000000800000000)
[20.589s][debug][gc,heap      ] GC(30)    the space 87424K,  79% used [0x00000007aaaa0000, 0x00000007aee4c060, 0x00000007aee4c200, 0x00000007b0000000)
[20.589s][debug][gc,heap      ] GC(30)  Metaspace       used 8812K, committed 9152K, reserved 1114112K
[20.589s][debug][gc,heap      ] GC(30)   class space    used 931K, committed 1088K, reserved 1048576K
[20.589s][info ][gc           ] GC(30) Pause Young (Allocation Failure) 105M->69M(123M) 6.167ms
[20.589s][info ][gc,cpu       ] GC(30) User=0.00s Sys=0.01s Real=0.01s
[20.923s][info ][gc,start     ] GC(31) Pause Young (Allocation Failure)
[20.923s][debug][gc,heap      ] GC(31) Heap before GC invocations=31 (full 0):
[20.923s][debug][gc,heap      ] GC(31)  def new generation   total 39296K, used 36847K [0x0000000780000000, 0x0000000782aa0000, 0x00000007aaaa0000)
[20.923s][debug][gc,heap      ] GC(31)   eden space 34944K, 100% used [0x0000000780000000, 0x0000000782220000, 0x0000000782220000)
[20.923s][debug][gc,heap      ] GC(31)   from space 4352K,  43% used [0x0000000782660000, 0x000000078283beb0, 0x0000000782aa0000)
[20.923s][debug][gc,heap      ] GC(31)   to   space 4352K,   0% used [0x0000000782220000, 0x0000000782220000, 0x0000000782660000)
[20.923s][debug][gc,heap      ] GC(31)  tenured generation   total 87424K, used 69296K [0x00000007aaaa0000, 0x00000007b0000000, 0x0000000800000000)
[20.923s][debug][gc,heap      ] GC(31)    the space 87424K,  79% used [0x00000007aaaa0000, 0x00000007aee4c060, 0x00000007aee4c200, 0x00000007b0000000)
[20.923s][debug][gc,heap      ] GC(31)  Metaspace       used 8812K, committed 9152K, reserved 1114112K
[20.923s][debug][gc,heap      ] GC(31)   class space    used 931K, committed 1088K, reserved 1048576K
[20.923s][debug][gc,tlab      ] GC(31) TLAB totals: thrds: 1  refills: 44 max: 44 slow allocs: 7 max 7 waste:  0.2% gc: 24976B max: 24976B slow: 33952B max: 33952B
[20.924s][debug][gc,ref       ] GC(31) Skipped SoftWeakFinalRefsPhase of Reference Processing: no references
[20.924s][debug][gc,ref       ] GC(31) Skipped KeepAliveFinalRefsPhase of Reference Processing: no references
[20.924s][debug][gc,ref       ] GC(31) Skipped PhantomRefsPhase of Reference Processing: no references
[20.925s][debug][gc,phases,ref] GC(31) Reference Processing: 0.1ms
[20.925s][debug][gc,phases,ref] GC(31)   Notify Soft/WeakReferences: 0.0ms
[20.925s][debug][gc,phases,ref] GC(31)     SoftRef: skipped
[20.925s][debug][gc,phases,ref] GC(31)     WeakRef: skipped
[20.925s][debug][gc,phases,ref] GC(31)     FinalRef: skipped
[20.925s][debug][gc,phases,ref] GC(31)     Total: skipped
[20.925s][debug][gc,phases,ref] GC(31)   Notify and keep alive finalizable: 0.0ms
[20.925s][debug][gc,phases,ref] GC(31)     FinalRef: skipped
[20.925s][debug][gc,phases,ref] GC(31)   Notify PhantomReferences: 0.0ms
[20.925s][debug][gc,phases,ref] GC(31)     PhantomRef: skipped
[20.925s][debug][gc,phases,ref] GC(31)   SoftReference Discovered: 0, Dropped: 0, Processed: 0
[20.925s][debug][gc,phases,ref] GC(31)   WeakReference Discovered: 0, Dropped: 0, Processed: 0
[20.925s][debug][gc,phases,ref] GC(31)   FinalReference Discovered: 0, Dropped: 0, Processed: 0
[20.925s][debug][gc,phases,ref] GC(31)   PhantomReference Discovered: 0, Dropped: 0, Processed: 0
[20.925s][debug][gc,age       ] GC(31) Desired survivor size 2228224 bytes, new threshold 15 (max threshold 15)
[20.925s][info ][gc,heap      ] GC(31) DefNew: 36847K(39296K)->318K(39296K) Eden: 34944K(34944K)->0K(34944K) From: 1903K(4352K)->318K(4352K)
[20.925s][info ][gc,heap      ] GC(31) Tenured: 69296K(87424K)->69296K(87424K)
[20.925s][info ][gc,metaspace ] GC(31) Metaspace: 8812K(9152K)->8812K(9152K) NonClass: 7881K(8064K)->7881K(8064K) Class: 931K(1088K)->931K(1088K)
[20.925s][debug][gc,heap      ] GC(31) Heap after GC invocations=32 (full 0):
[20.925s][debug][gc,heap      ] GC(31)  def new generation   total 39296K, used 318K [0x0000000780000000, 0x0000000782aa0000, 0x00000007aaaa0000)
[20.925s][debug][gc,heap      ] GC(31)   eden space 34944K,   0% used [0x0000000780000000, 0x0000000780000000, 0x0000000782220000)
[20.925s][debug][gc,heap      ] GC(31)   from space 4352K,   7% used [0x0000000782220000, 0x000000078226f9c0, 0x0000000782660000)
[20.925s][debug][gc,heap      ] GC(31)   to   space 4352K,   0% used [0x0000000782660000, 0x0000000782660000, 0x0000000782aa0000)
[20.925s][debug][gc,heap      ] GC(31)  tenured generation   total 87424K, used 69296K [0x00000007aaaa0000, 0x00000007b0000000, 0x0000000800000000)
[20.925s][debug][gc,heap      ] GC(31)    the space 87424K,  79% used [0x00000007aaaa0000, 0x00000007aee4c060, 0x00000007aee4c200, 0x00000007b0000000)
[20.925s][debug][gc,heap      ] GC(31)  Metaspace       used 8812K, committed 9152K, reserved 1114112K
[20.926s][debug][gc,heap      ] GC(31)   class space    used 931K, committed 1088K, reserved 1048576K
[20.926s][info ][gc           ] GC(31) Pause Young (Allocation Failure) 103M->67M(123M) 2.857ms
[20.926s][info ][gc,cpu       ] GC(31) User=0.00s Sys=0.00s Real=0.00s
[21.162s][info ][gc,start     ] GC(32) Pause Young (Allocation Failure)
[21.162s][debug][gc,heap      ] GC(32) Heap before GC invocations=32 (full 0):
[21.162s][debug][gc,heap      ] GC(32)  def new generation   total 39296K, used 35262K [0x0000000780000000, 0x0000000782aa0000, 0x00000007aaaa0000)
[21.162s][debug][gc,heap      ] GC(32)   eden space 34944K, 100% used [0x0000000780000000, 0x0000000782220000, 0x0000000782220000)
[21.162s][debug][gc,heap      ] GC(32)   from space 4352K,   7% used [0x0000000782220000, 0x000000078226f9c0, 0x0000000782660000)
[21.162s][debug][gc,heap      ] GC(32)   to   space 4352K,   0% used [0x0000000782660000, 0x0000000782660000, 0x0000000782aa0000)
[21.162s][debug][gc,heap      ] GC(32)  tenured generation   total 87424K, used 69296K [0x00000007aaaa0000, 0x00000007b0000000, 0x0000000800000000)
[21.162s][debug][gc,heap      ] GC(32)    the space 87424K,  79% used [0x00000007aaaa0000, 0x00000007aee4c060, 0x00000007aee4c200, 0x00000007b0000000)
[21.162s][debug][gc,heap      ] GC(32)  Metaspace       used 8812K, committed 9152K, reserved 1114112K
[21.162s][debug][gc,heap      ] GC(32)   class space    used 931K, committed 1088K, reserved 1048576K
[21.162s][debug][gc,tlab      ] GC(32) TLAB totals: thrds: 1  refills: 45 max: 45 slow allocs: 7 max 7 waste:  0.1% gc: 0B max: 0B slow: 26136B max: 26136B
[21.183s][debug][gc,ref       ] GC(32) Skipped SoftWeakFinalRefsPhase of Reference Processing: no references
[21.183s][debug][gc,ref       ] GC(32) Skipped KeepAliveFinalRefsPhase of Reference Processing: no references
[21.183s][debug][gc,ref       ] GC(32) Skipped PhantomRefsPhase of Reference Processing: no references
[21.183s][debug][gc,phases,ref] GC(32) Reference Processing: 0.1ms
[21.183s][debug][gc,phases,ref] GC(32)   Notify Soft/WeakReferences: 0.1ms
[21.183s][debug][gc,phases,ref] GC(32)     SoftRef: skipped
[21.183s][debug][gc,phases,ref] GC(32)     WeakRef: skipped
[21.183s][debug][gc,phases,ref] GC(32)     FinalRef: skipped
[21.183s][debug][gc,phases,ref] GC(32)     Total: skipped
[21.183s][debug][gc,phases,ref] GC(32)   Notify and keep alive finalizable: 0.0ms
[21.183s][debug][gc,phases,ref] GC(32)     FinalRef: skipped
[21.183s][debug][gc,phases,ref] GC(32)   Notify PhantomReferences: 0.0ms
[21.183s][debug][gc,phases,ref] GC(32)     PhantomRef: skipped
[21.183s][debug][gc,phases,ref] GC(32)   SoftReference Discovered: 0, Dropped: 0, Processed: 0
[21.183s][debug][gc,phases,ref] GC(32)   WeakReference Discovered: 0, Dropped: 0, Processed: 0
[21.183s][debug][gc,phases,ref] GC(32)   FinalReference Discovered: 0, Dropped: 0, Processed: 0
[21.183s][debug][gc,phases,ref] GC(32)   PhantomReference Discovered: 0, Dropped: 0, Processed: 0
[21.183s][debug][gc,age       ] GC(32) Desired survivor size 2228224 bytes, new threshold 1 (max threshold 15)
[21.183s][info ][gc,heap      ] GC(32) DefNew: 35262K(39296K)->4352K(39296K) Eden: 34944K(34944K)->0K(34944K) From: 318K(4352K)->4352K(4352K)
[21.183s][info ][gc,heap      ] GC(32) Tenured: 69296K(87424K)->75295K(87424K)
[21.183s][info ][gc,metaspace ] GC(32) Metaspace: 8812K(9152K)->8812K(9152K) NonClass: 7881K(8064K)->7881K(8064K) Class: 931K(1088K)->931K(1088K)
[21.183s][debug][gc,heap      ] GC(32) Heap after GC invocations=33 (full 0):
[21.183s][debug][gc,heap      ] GC(32)  def new generation   total 39296K, used 4352K [0x0000000780000000, 0x0000000782aa0000, 0x00000007aaaa0000)
[21.183s][debug][gc,heap      ] GC(32)   eden space 34944K,   0% used [0x0000000780000000, 0x0000000780000000, 0x0000000782220000)
[21.183s][debug][gc,heap      ] GC(32)   from space 4352K, 100% used [0x0000000782660000, 0x0000000782aa0000, 0x0000000782aa0000)
[21.183s][debug][gc,heap      ] GC(32)   to   space 4352K,   0% used [0x0000000782220000, 0x0000000782220000, 0x0000000782660000)
[21.183s][debug][gc,heap      ] GC(32)  tenured generation   total 87424K, used 75295K [0x00000007aaaa0000, 0x00000007b0000000, 0x0000000800000000)
[21.184s][debug][gc,heap      ] GC(32)    the space 87424K,  86% used [0x00000007aaaa0000, 0x00000007af427f18, 0x00000007af428000, 0x00000007b0000000)
[21.184s][debug][gc,heap      ] GC(32)  Metaspace       used 8812K, committed 9152K, reserved 1114112K
[21.184s][debug][gc,heap      ] GC(32)   class space    used 931K, committed 1088K, reserved 1048576K
[21.184s][info ][gc           ] GC(32) Pause Young (Allocation Failure) 102M->77M(123M) 21.880ms
[21.184s][info ][gc,cpu       ] GC(32) User=0.02s Sys=0.00s Real=0.02s
[21.521s][info ][gc,start     ] GC(33) Pause Young (Allocation Failure)
[21.521s][debug][gc,heap      ] GC(33) Heap before GC invocations=33 (full 0):
[21.521s][debug][gc,heap      ] GC(33)  def new generation   total 39296K, used 39296K [0x0000000780000000, 0x0000000782aa0000, 0x00000007aaaa0000)
[21.521s][debug][gc,heap      ] GC(33)   eden space 34944K, 100% used [0x0000000780000000, 0x0000000782220000, 0x0000000782220000)
[21.521s][debug][gc,heap      ] GC(33)   from space 4352K, 100% used [0x0000000782660000, 0x0000000782aa0000, 0x0000000782aa0000)
[21.521s][debug][gc,heap      ] GC(33)   to   space 4352K,   0% used [0x0000000782220000, 0x0000000782220000, 0x0000000782660000)
[21.521s][debug][gc,heap      ] GC(33)  tenured generation   total 87424K, used 75295K [0x00000007aaaa0000, 0x00000007b0000000, 0x0000000800000000)
[21.521s][debug][gc,heap      ] GC(33)    the space 87424K,  86% used [0x00000007aaaa0000, 0x00000007af427f18, 0x00000007af428000, 0x00000007b0000000)
[21.521s][debug][gc,heap      ] GC(33)  Metaspace       used 8812K, committed 9152K, reserved 1114112K
[21.521s][debug][gc,heap      ] GC(33)   class space    used 931K, committed 1088K, reserved 1048576K
[21.521s][debug][gc,tlab      ] GC(33) TLAB totals: thrds: 1  refills: 44 max: 44 slow allocs: 7 max 7 waste:  0.1% gc: 0B max: 0B slow: 26928B max: 26928B
[21.537s][debug][gc,ref       ] GC(33) Skipped SoftWeakFinalRefsPhase of Reference Processing: no references
[21.537s][debug][gc,ref       ] GC(33) Skipped KeepAliveFinalRefsPhase of Reference Processing: no references
[21.537s][debug][gc,ref       ] GC(33) Skipped PhantomRefsPhase of Reference Processing: no references
[21.538s][debug][gc,phases,ref] GC(33) Reference Processing: 0.1ms
[21.538s][debug][gc,phases,ref] GC(33)   Notify Soft/WeakReferences: 0.1ms
[21.538s][debug][gc,phases,ref] GC(33)     SoftRef: skipped
[21.538s][debug][gc,phases,ref] GC(33)     WeakRef: skipped
[21.538s][debug][gc,phases,ref] GC(33)     FinalRef: skipped
[21.538s][debug][gc,phases,ref] GC(33)     Total: skipped
[21.538s][debug][gc,phases,ref] GC(33)   Notify and keep alive finalizable: 0.0ms
[21.538s][debug][gc,phases,ref] GC(33)     FinalRef: skipped
[21.538s][debug][gc,phases,ref] GC(33)   Notify PhantomReferences: 0.0ms
[21.538s][debug][gc,phases,ref] GC(33)     PhantomRef: skipped
[21.538s][debug][gc,phases,ref] GC(33)   SoftReference Discovered: 0, Dropped: 0, Processed: 0
[21.538s][debug][gc,phases,ref] GC(33)   WeakReference Discovered: 0, Dropped: 0, Processed: 0
[21.538s][debug][gc,phases,ref] GC(33)   FinalReference Discovered: 0, Dropped: 0, Processed: 0
[21.538s][debug][gc,phases,ref] GC(33)   PhantomReference Discovered: 0, Dropped: 0, Processed: 0
[21.538s][debug][gc,age       ] GC(33) Desired survivor size 2228224 bytes, new threshold 1 (max threshold 15)
[21.538s][info ][gc,heap      ] GC(33) DefNew: 39296K(39296K)->4351K(39296K) Eden: 34944K(34944K)->0K(34944K) From: 4352K(4352K)->4351K(4352K)
[21.538s][info ][gc,heap      ] GC(33) Tenured: 75295K(87424K)->79629K(87424K)
[21.538s][info ][gc,metaspace ] GC(33) Metaspace: 8812K(9152K)->8812K(9152K) NonClass: 7881K(8064K)->7881K(8064K) Class: 931K(1088K)->931K(1088K)
[21.538s][debug][gc,heap      ] GC(33) Heap after GC invocations=34 (full 0):
[21.538s][debug][gc,heap      ] GC(33)  def new generation   total 39296K, used 4351K [0x0000000780000000, 0x0000000782aa0000, 0x00000007aaaa0000)
[21.538s][debug][gc,heap      ] GC(33)   eden space 34944K,   0% used [0x0000000780000000, 0x0000000780000000, 0x0000000782220000)
[21.538s][debug][gc,heap      ] GC(33)   from space 4352K,  99% used [0x0000000782220000, 0x000000078265fff8, 0x0000000782660000)
[21.538s][debug][gc,heap      ] GC(33)   to   space 4352K,   0% used [0x0000000782660000, 0x0000000782660000, 0x0000000782aa0000)
[21.538s][debug][gc,heap      ] GC(33)  tenured generation   total 87424K, used 79629K [0x00000007aaaa0000, 0x00000007b0000000, 0x0000000800000000)
[21.538s][debug][gc,heap      ] GC(33)    the space 87424K,  91% used [0x00000007aaaa0000, 0x00000007af8635b8, 0x00000007af863600, 0x00000007b0000000)
[21.538s][debug][gc,heap      ] GC(33)  Metaspace       used 8812K, committed 9152K, reserved 1114112K
[21.538s][debug][gc,heap      ] GC(33)   class space    used 931K, committed 1088K, reserved 1048576K
[21.538s][info ][gc           ] GC(33) Pause Young (Allocation Failure) 111M->82M(123M) 17.492ms
[21.538s][info ][gc,cpu       ] GC(33) User=0.01s Sys=0.01s Real=0.02s
[21.873s][info ][gc,start     ] GC(34) Pause Young (Allocation Failure)
[21.873s][debug][gc,heap      ] GC(34) Heap before GC invocations=34 (full 0):
[21.874s][debug][gc,heap      ] GC(34)  def new generation   total 39296K, used 39295K [0x0000000780000000, 0x0000000782aa0000, 0x00000007aaaa0000)
[21.874s][debug][gc,heap      ] GC(34)   eden space 34944K, 100% used [0x0000000780000000, 0x0000000782220000, 0x0000000782220000)
[21.874s][debug][gc,heap      ] GC(34)   from space 4352K,  99% used [0x0000000782220000, 0x000000078265fff8, 0x0000000782660000)
[21.874s][debug][gc,heap      ] GC(34)   to   space 4352K,   0% used [0x0000000782660000, 0x0000000782660000, 0x0000000782aa0000)
[21.874s][debug][gc,heap      ] GC(34)  tenured generation   total 87424K, used 79629K [0x00000007aaaa0000, 0x00000007b0000000, 0x0000000800000000)
[21.874s][debug][gc,heap      ] GC(34)    the space 87424K,  91% used [0x00000007aaaa0000, 0x00000007af8635b8, 0x00000007af863600, 0x00000007b0000000)
[21.874s][debug][gc,heap      ] GC(34)  Metaspace       used 8824K, committed 9152K, reserved 1114112K
[21.874s][debug][gc,heap      ] GC(34)   class space    used 931K, committed 1088K, reserved 1048576K
[21.874s][debug][gc,tlab      ] GC(34) TLAB totals: thrds: 4  refills: 78 max: 43 slow allocs: 21 max 8 waste:  0.2% gc: 5472B max: 2456B slow: 44200B max: 25144B
[21.887s][debug][gc,ref       ] GC(34) Skipped SoftWeakFinalRefsPhase of Reference Processing: no references
[21.887s][debug][gc,ref       ] GC(34) Skipped KeepAliveFinalRefsPhase of Reference Processing: no references
[21.887s][debug][gc,ref       ] GC(34) Skipped PhantomRefsPhase of Reference Processing: no references
[21.887s][debug][gc,phases,ref] GC(34) Reference Processing: 0.1ms
[21.887s][debug][gc,phases,ref] GC(34)   Notify Soft/WeakReferences: 0.1ms
[21.887s][debug][gc,phases,ref] GC(34)     SoftRef: skipped
[21.887s][debug][gc,phases,ref] GC(34)     WeakRef: skipped
[21.887s][debug][gc,phases,ref] GC(34)     FinalRef: skipped
[21.887s][debug][gc,phases,ref] GC(34)     Total: skipped
[21.887s][debug][gc,phases,ref] GC(34)   Notify and keep alive finalizable: 0.0ms
[21.887s][debug][gc,phases,ref] GC(34)     FinalRef: skipped
[21.887s][debug][gc,phases,ref] GC(34)   Notify PhantomReferences: 0.0ms
[21.887s][debug][gc,phases,ref] GC(34)     PhantomRef: skipped
[21.887s][debug][gc,phases,ref] GC(34)   SoftReference Discovered: 0, Dropped: 0, Processed: 0
[21.887s][debug][gc,phases,ref] GC(34)   WeakReference Discovered: 0, Dropped: 0, Processed: 0
[21.887s][debug][gc,phases,ref] GC(34)   FinalReference Discovered: 0, Dropped: 0, Processed: 0
[21.887s][debug][gc,phases,ref] GC(34)   PhantomReference Discovered: 0, Dropped: 0, Processed: 0
[21.887s][debug][gc,age       ] GC(34) Desired survivor size 2228224 bytes, new threshold 1 (max threshold 15)
[21.888s][info ][gc,heap      ] GC(34) DefNew: 39295K(39296K)->4351K(39296K) Eden: 34944K(34944K)->0K(34944K) From: 4351K(4352K)->4351K(4352K)
[21.888s][info ][gc,heap      ] GC(34) Tenured: 79629K(87424K)->82178K(87424K)
[21.888s][info ][gc,metaspace ] GC(34) Metaspace: 8824K(9152K)->8824K(9152K) NonClass: 7892K(8064K)->7892K(8064K) Class: 931K(1088K)->931K(1088K)
[21.888s][debug][gc,heap      ] GC(34) Heap after GC invocations=35 (full 0):
[21.888s][debug][gc,heap      ] GC(34)  def new generation   total 39296K, used 4351K [0x0000000780000000, 0x0000000782aa0000, 0x00000007aaaa0000)
[21.888s][debug][gc,heap      ] GC(34)   eden space 34944K,   0% used [0x0000000780000000, 0x0000000780000000, 0x0000000782220000)
[21.888s][debug][gc,heap      ] GC(34)   from space 4352K,  99% used [0x0000000782660000, 0x0000000782a9fff8, 0x0000000782aa0000)
[21.888s][debug][gc,heap      ] GC(34)   to   space 4352K,   0% used [0x0000000782220000, 0x0000000782220000, 0x0000000782660000)
[21.888s][debug][gc,heap      ] GC(34)  tenured generation   total 87424K, used 82178K [0x00000007aaaa0000, 0x00000007b0000000, 0x0000000800000000)
[21.888s][debug][gc,heap      ] GC(34)    the space 87424K,  93% used [0x00000007aaaa0000, 0x00000007afae0948, 0x00000007afae0a00, 0x00000007b0000000)
[21.888s][debug][gc,heap      ] GC(34)  Metaspace       used 8824K, committed 9152K, reserved 1114112K
[21.888s][debug][gc,heap      ] GC(34)   class space    used 931K, committed 1088K, reserved 1048576K
[21.888s][info ][gc           ] GC(34) Pause Young (Allocation Failure) 116M->84M(123M) 14.404ms
[21.888s][info ][gc,cpu       ] GC(34) User=0.02s Sys=0.00s Real=0.02s
[22.219s][info ][gc,start     ] GC(35) Pause Young (Allocation Failure)
[22.219s][debug][gc,heap      ] GC(35) Heap before GC invocations=35 (full 0):
[22.219s][debug][gc,heap      ] GC(35)  def new generation   total 39296K, used 39295K [0x0000000780000000, 0x0000000782aa0000, 0x00000007aaaa0000)
[22.219s][debug][gc,heap      ] GC(35)   eden space 34944K, 100% used [0x0000000780000000, 0x0000000782220000, 0x0000000782220000)
[22.219s][debug][gc,heap      ] GC(35)   from space 4352K,  99% used [0x0000000782660000, 0x0000000782a9fff8, 0x0000000782aa0000)
[22.219s][debug][gc,heap      ] GC(35)   to   space 4352K,   0% used [0x0000000782220000, 0x0000000782220000, 0x0000000782660000)
[22.219s][debug][gc,heap      ] GC(35)  tenured generation   total 87424K, used 82178K [0x00000007aaaa0000, 0x00000007b0000000, 0x0000000800000000)
[22.219s][debug][gc,heap      ] GC(35)    the space 87424K,  93% used [0x00000007aaaa0000, 0x00000007afae0948, 0x00000007afae0a00, 0x00000007b0000000)
[22.219s][debug][gc,heap      ] GC(35)  Metaspace       used 8824K, committed 9152K, reserved 1114112K
[22.219s][debug][gc,heap      ] GC(35)   class space    used 931K, committed 1088K, reserved 1048576K
[22.219s][debug][gc,tlab      ] GC(35) TLAB totals: thrds: 1  refills: 45 max: 45 slow allocs: 6 max 6 waste:  0.9% gc: 260072B max: 260072B slow: 25408B max: 25408B
[22.230s][debug][gc,ref       ] GC(35) Skipped SoftWeakFinalRefsPhase of Reference Processing: no references
[22.230s][debug][gc,ref       ] GC(35) Skipped KeepAliveFinalRefsPhase of Reference Processing: no references
[22.230s][debug][gc,ref       ] GC(35) Skipped PhantomRefsPhase of Reference Processing: no references
[22.230s][debug][gc,phases,ref] GC(35) Reference Processing: 0.1ms
[22.230s][debug][gc,phases,ref] GC(35)   Notify Soft/WeakReferences: 0.1ms
[22.230s][debug][gc,phases,ref] GC(35)     SoftRef: skipped
[22.230s][debug][gc,phases,ref] GC(35)     WeakRef: skipped
[22.230s][debug][gc,phases,ref] GC(35)     FinalRef: skipped
[22.230s][debug][gc,phases,ref] GC(35)     Total: skipped
[22.230s][debug][gc,phases,ref] GC(35)   Notify and keep alive finalizable: 0.0ms
[22.230s][debug][gc,phases,ref] GC(35)     FinalRef: skipped
[22.230s][debug][gc,phases,ref] GC(35)   Notify PhantomReferences: 0.0ms
[22.230s][debug][gc,phases,ref] GC(35)     PhantomRef: skipped
[22.230s][debug][gc,phases,ref] GC(35)   SoftReference Discovered: 0, Dropped: 0, Processed: 0
[22.230s][debug][gc,phases,ref] GC(35)   WeakReference Discovered: 0, Dropped: 0, Processed: 0
[22.230s][debug][gc,phases,ref] GC(35)   FinalReference Discovered: 0, Dropped: 0, Processed: 0
[22.230s][debug][gc,phases,ref] GC(35)   PhantomReference Discovered: 0, Dropped: 0, Processed: 0
[22.231s][debug][gc,age       ] GC(35) Desired survivor size 2228224 bytes, new threshold 1 (max threshold 15)
[22.231s][info ][gc,heap      ] GC(35) DefNew: 39295K(39296K)->4352K(39296K) Eden: 34944K(34944K)->0K(34944K) From: 4351K(4352K)->4352K(4352K)
[22.231s][info ][gc,heap      ] GC(35) Tenured: 82178K(87424K)->83064K(87424K)
[22.231s][info ][gc,metaspace ] GC(35) Metaspace: 8824K(9152K)->8824K(9152K) NonClass: 7892K(8064K)->7892K(8064K) Class: 931K(1088K)->931K(1088K)
[22.231s][debug][gc,heap      ] GC(35) Heap after GC invocations=36 (full 0):
[22.231s][debug][gc,heap      ] GC(35)  def new generation   total 39296K, used 4352K [0x0000000780000000, 0x0000000782aa0000, 0x00000007aaaa0000)
[22.231s][debug][gc,heap      ] GC(35)   eden space 34944K,   0% used [0x0000000780000000, 0x0000000780000000, 0x0000000782220000)
[22.231s][debug][gc,heap      ] GC(35)   from space 4352K, 100% used [0x0000000782220000, 0x0000000782660000, 0x0000000782660000)
[22.231s][debug][gc,heap      ] GC(35)   to   space 4352K,   0% used [0x0000000782660000, 0x0000000782660000, 0x0000000782aa0000)
[22.231s][debug][gc,heap      ] GC(35)  tenured generation   total 87424K, used 83064K [0x00000007aaaa0000, 0x00000007b0000000, 0x0000000800000000)
[22.231s][debug][gc,heap      ] GC(35)    the space 87424K,  95% used [0x00000007aaaa0000, 0x00000007afbbe2c8, 0x00000007afbbe400, 0x00000007b0000000)
[22.231s][debug][gc,heap      ] GC(35)  Metaspace       used 8824K, committed 9152K, reserved 1114112K
[22.231s][debug][gc,heap      ] GC(35)   class space    used 931K, committed 1088K, reserved 1048576K
[22.231s][info ][gc           ] GC(35) Pause Young (Allocation Failure) 118M->85M(123M) 12.247ms
[22.231s][info ][gc,cpu       ] GC(35) User=0.01s Sys=0.01s Real=0.01s
[22.565s][info ][gc,start     ] GC(36) Pause Young (Allocation Failure)
[22.565s][debug][gc,heap      ] GC(36) Heap before GC invocations=36 (full 0):
[22.565s][debug][gc,heap      ] GC(36)  def new generation   total 39296K, used 39296K [0x0000000780000000, 0x0000000782aa0000, 0x00000007aaaa0000)
[22.565s][debug][gc,heap      ] GC(36)   eden space 34944K, 100% used [0x0000000780000000, 0x0000000782220000, 0x0000000782220000)
[22.565s][debug][gc,heap      ] GC(36)   from space 4352K, 100% used [0x0000000782220000, 0x0000000782660000, 0x0000000782660000)
[22.565s][debug][gc,heap      ] GC(36)   to   space 4352K,   0% used [0x0000000782660000, 0x0000000782660000, 0x0000000782aa0000)
[22.565s][debug][gc,heap      ] GC(36)  tenured generation   total 87424K, used 83064K [0x00000007aaaa0000, 0x00000007b0000000, 0x0000000800000000)
[22.565s][debug][gc,heap      ] GC(36)    the space 87424K,  95% used [0x00000007aaaa0000, 0x00000007afbbe2c8, 0x00000007afbbe400, 0x00000007b0000000)
[22.565s][debug][gc,heap      ] GC(36)  Metaspace       used 8825K, committed 9152K, reserved 1114112K
[22.565s][debug][gc,heap      ] GC(36)   class space    used 931K, committed 1088K, reserved 1048576K
[22.565s][debug][gc,tlab      ] GC(36) TLAB totals: thrds: 4  refills: 85 max: 43 slow allocs: 26 max 11 waste:  0.2% gc: 4984B max: 2144B slow: 48424B max: 25432B
[22.571s][debug][gc,ref       ] GC(36) Skipped SoftWeakFinalRefsPhase of Reference Processing: no references
[22.571s][debug][gc,ref       ] GC(36) Skipped KeepAliveFinalRefsPhase of Reference Processing: no references
[22.571s][debug][gc,ref       ] GC(36) Skipped PhantomRefsPhase of Reference Processing: no references
[22.571s][debug][gc,phases,ref] GC(36) Reference Processing: 0.1ms
[22.571s][debug][gc,phases,ref] GC(36)   Notify Soft/WeakReferences: 0.1ms
[22.571s][debug][gc,phases,ref] GC(36)     SoftRef: skipped
[22.571s][debug][gc,phases,ref] GC(36)     WeakRef: skipped
[22.571s][debug][gc,phases,ref] GC(36)     FinalRef: skipped
[22.571s][debug][gc,phases,ref] GC(36)     Total: skipped
[22.571s][debug][gc,phases,ref] GC(36)   Notify and keep alive finalizable: 0.0ms
[22.571s][debug][gc,phases,ref] GC(36)     FinalRef: skipped
[22.571s][debug][gc,phases,ref] GC(36)   Notify PhantomReferences: 0.0ms
[22.571s][debug][gc,phases,ref] GC(36)     PhantomRef: skipped
[22.571s][debug][gc,phases,ref] GC(36)   SoftReference Discovered: 0, Dropped: 0, Processed: 0
[22.571s][debug][gc,phases,ref] GC(36)   WeakReference Discovered: 0, Dropped: 0, Processed: 0
[22.571s][debug][gc,phases,ref] GC(36)   FinalReference Discovered: 0, Dropped: 0, Processed: 0
[22.571s][debug][gc,phases,ref] GC(36)   PhantomReference Discovered: 0, Dropped: 0, Processed: 0
[22.572s][debug][gc,age       ] GC(36) Desired survivor size 2228224 bytes, new threshold 1 (max threshold 15)
[22.572s][info ][gc,heap      ] GC(36) DefNew: 39296K(39296K)->3450K(39296K) Eden: 34944K(34944K)->0K(34944K) From: 4352K(4352K)->3450K(4352K)
[22.572s][info ][gc,heap      ] GC(36) Tenured: 83064K(87424K)->83064K(87424K)
[22.572s][info ][gc,metaspace ] GC(36) Metaspace: 8825K(9152K)->8825K(9152K) NonClass: 7894K(8064K)->7894K(8064K) Class: 931K(1088K)->931K(1088K)
[22.572s][debug][gc,heap      ] GC(36) Heap after GC invocations=37 (full 0):
[22.572s][debug][gc,heap      ] GC(36)  def new generation   total 39296K, used 3450K [0x0000000780000000, 0x0000000782aa0000, 0x00000007aaaa0000)
[22.572s][debug][gc,heap      ] GC(36)   eden space 34944K,   0% used [0x0000000780000000, 0x0000000780000000, 0x0000000782220000)
[22.572s][debug][gc,heap      ] GC(36)   from space 4352K,  79% used [0x0000000782660000, 0x00000007829be840, 0x0000000782aa0000)
[22.572s][debug][gc,heap      ] GC(36)   to   space 4352K,   0% used [0x0000000782220000, 0x0000000782220000, 0x0000000782660000)
[22.572s][debug][gc,heap      ] GC(36)  tenured generation   total 87424K, used 83064K [0x00000007aaaa0000, 0x00000007b0000000, 0x0000000800000000)
[22.572s][debug][gc,heap      ] GC(36)    the space 87424K,  95% used [0x00000007aaaa0000, 0x00000007afbbe2c8, 0x00000007afbbe400, 0x00000007b0000000)
[22.572s][debug][gc,heap      ] GC(36)  Metaspace       used 8825K, committed 9152K, reserved 1114112K
[22.572s][debug][gc,heap      ] GC(36)   class space    used 931K, committed 1088K, reserved 1048576K
[22.572s][info ][gc           ] GC(36) Pause Young (Allocation Failure) 119M->84M(123M) 7.166ms
[22.572s][info ][gc,cpu       ] GC(36) User=0.01s Sys=0.00s Real=0.01s
[22.908s][info ][gc,start     ] GC(37) Pause Young (Allocation Failure)
[22.908s][debug][gc,heap      ] GC(37) Heap before GC invocations=37 (full 0):
[22.909s][debug][gc,heap      ] GC(37)  def new generation   total 39296K, used 38394K [0x0000000780000000, 0x0000000782aa0000, 0x00000007aaaa0000)
[22.909s][debug][gc,heap      ] GC(37)   eden space 34944K, 100% used [0x0000000780000000, 0x0000000782220000, 0x0000000782220000)
[22.909s][debug][gc,heap      ] GC(37)   from space 4352K,  79% used [0x0000000782660000, 0x00000007829be840, 0x0000000782aa0000)
[22.909s][debug][gc,heap      ] GC(37)   to   space 4352K,   0% used [0x0000000782220000, 0x0000000782220000, 0x0000000782660000)
[22.909s][debug][gc,heap      ] GC(37)  tenured generation   total 87424K, used 83064K [0x00000007aaaa0000, 0x00000007b0000000, 0x0000000800000000)
[22.909s][debug][gc,heap      ] GC(37)    the space 87424K,  95% used [0x00000007aaaa0000, 0x00000007afbbe2c8, 0x00000007afbbe400, 0x00000007b0000000)
[22.909s][debug][gc,heap      ] GC(37)  Metaspace       used 8825K, committed 9152K, reserved 1114112K
[22.909s][debug][gc,heap      ] GC(37)   class space    used 931K, committed 1088K, reserved 1048576K
[22.909s][debug][gc,tlab      ] GC(37) TLAB totals: thrds: 1  refills: 44 max: 44 slow allocs: 8 max 8 waste:  0.1% gc: 0B max: 0B slow: 32544B max: 32544B
[22.913s][debug][gc,ref       ] GC(37) Skipped SoftWeakFinalRefsPhase of Reference Processing: no references
[22.913s][debug][gc,ref       ] GC(37) Skipped KeepAliveFinalRefsPhase of Reference Processing: no references
[22.913s][debug][gc,ref       ] GC(37) Skipped PhantomRefsPhase of Reference Processing: no references
[22.913s][debug][gc,phases,ref] GC(37) Reference Processing: 0.1ms
[22.913s][debug][gc,phases,ref] GC(37)   Notify Soft/WeakReferences: 0.1ms
[22.913s][debug][gc,phases,ref] GC(37)     SoftRef: skipped
[22.913s][debug][gc,phases,ref] GC(37)     WeakRef: skipped
[22.913s][debug][gc,phases,ref] GC(37)     FinalRef: skipped
[22.913s][debug][gc,phases,ref] GC(37)     Total: skipped
[22.913s][debug][gc,phases,ref] GC(37)   Notify and keep alive finalizable: 0.0ms
[22.913s][debug][gc,phases,ref] GC(37)     FinalRef: skipped
[22.913s][debug][gc,phases,ref] GC(37)   Notify PhantomReferences: 0.0ms
[22.913s][debug][gc,phases,ref] GC(37)     PhantomRef: skipped
[22.913s][debug][gc,phases,ref] GC(37)   SoftReference Discovered: 0, Dropped: 0, Processed: 0
[22.913s][debug][gc,phases,ref] GC(37)   WeakReference Discovered: 0, Dropped: 0, Processed: 0
[22.913s][debug][gc,phases,ref] GC(37)   FinalReference Discovered: 0, Dropped: 0, Processed: 0
[22.913s][debug][gc,phases,ref] GC(37)   PhantomReference Discovered: 0, Dropped: 0, Processed: 0
[22.913s][debug][gc,age       ] GC(37) Desired survivor size 2228224 bytes, new threshold 15 (max threshold 15)
[22.913s][info ][gc,heap      ] GC(37) DefNew: 38394K(39296K)->1906K(39296K) Eden: 34944K(34944K)->0K(34944K) From: 3450K(4352K)->1906K(4352K)
[22.913s][info ][gc,heap      ] GC(37) Tenured: 83064K(87424K)->83064K(87424K)
[22.913s][info ][gc,metaspace ] GC(37) Metaspace: 8825K(9152K)->8825K(9152K) NonClass: 7894K(8064K)->7894K(8064K) Class: 931K(1088K)->931K(1088K)
[22.913s][debug][gc,heap      ] GC(37) Heap after GC invocations=38 (full 0):
[22.913s][debug][gc,heap      ] GC(37)  def new generation   total 39296K, used 1906K [0x0000000780000000, 0x0000000782aa0000, 0x00000007aaaa0000)
[22.914s][debug][gc,heap      ] GC(37)   eden space 34944K,   0% used [0x0000000780000000, 0x0000000780000000, 0x0000000782220000)
[22.914s][debug][gc,heap      ] GC(37)   from space 4352K,  43% used [0x0000000782220000, 0x00000007823fc9b8, 0x0000000782660000)
[22.914s][debug][gc,heap      ] GC(37)   to   space 4352K,   0% used [0x0000000782660000, 0x0000000782660000, 0x0000000782aa0000)
[22.914s][debug][gc,heap      ] GC(37)  tenured generation   total 87424K, used 83064K [0x00000007aaaa0000, 0x00000007b0000000, 0x0000000800000000)
[22.914s][debug][gc,heap      ] GC(37)    the space 87424K,  95% used [0x00000007aaaa0000, 0x00000007afbbe350, 0x00000007afbbe400, 0x00000007b0000000)
[22.914s][debug][gc,heap      ] GC(37)  Metaspace       used 8825K, committed 9152K, reserved 1114112K
[22.914s][debug][gc,heap      ] GC(37)   class space    used 931K, committed 1088K, reserved 1048576K
[22.914s][info ][gc           ] GC(37) Pause Young (Allocation Failure) 118M->82M(123M) 5.278ms
[22.914s][info ][gc,cpu       ] GC(37) User=0.01s Sys=0.00s Real=0.00s
[23.154s][info ][gc,start     ] GC(38) Pause Young (Allocation Failure)
[23.154s][debug][gc,heap      ] GC(38) Heap before GC invocations=38 (full 0):
[23.154s][debug][gc,heap      ] GC(38)  def new generation   total 39296K, used 35886K [0x0000000780000000, 0x0000000782aa0000, 0x00000007aaaa0000)
[23.154s][debug][gc,heap      ] GC(38)   eden space 34944K,  97% used [0x0000000780000000, 0x000000078212ef20, 0x0000000782220000)
[23.154s][debug][gc,heap      ] GC(38)   from space 4352K,  43% used [0x0000000782220000, 0x00000007823fc9b8, 0x0000000782660000)
[23.154s][debug][gc,heap      ] GC(38)   to   space 4352K,   0% used [0x0000000782660000, 0x0000000782660000, 0x0000000782aa0000)
[23.154s][debug][gc,heap      ] GC(38)  tenured generation   total 87424K, used 83064K [0x00000007aaaa0000, 0x00000007b0000000, 0x0000000800000000)
[23.154s][debug][gc,heap      ] GC(38)    the space 87424K,  95% used [0x00000007aaaa0000, 0x00000007afbbe350, 0x00000007afbbe400, 0x00000007b0000000)
[23.155s][debug][gc,heap      ] GC(38)  Metaspace       used 8825K, committed 9152K, reserved 1114112K
[23.155s][debug][gc,heap      ] GC(38)   class space    used 931K, committed 1088K, reserved 1048576K
[23.155s][debug][gc,tlab      ] GC(38) TLAB totals: thrds: 1  refills: 44 max: 44 slow allocs: 6 max 6 waste:  2.0% gc: 616544B max: 616544B slow: 25144B max: 25144B
[23.177s][debug][gc,ref       ] GC(38) Skipped SoftWeakFinalRefsPhase of Reference Processing: no references
[23.177s][debug][gc,ref       ] GC(38) Skipped KeepAliveFinalRefsPhase of Reference Processing: no references
[23.177s][debug][gc,ref       ] GC(38) Skipped PhantomRefsPhase of Reference Processing: no references
[23.177s][debug][gc,phases,ref] GC(38) Reference Processing: 0.1ms
[23.177s][debug][gc,phases,ref] GC(38)   Notify Soft/WeakReferences: 0.1ms
[23.177s][debug][gc,phases,ref] GC(38)     SoftRef: skipped
[23.177s][debug][gc,phases,ref] GC(38)     WeakRef: skipped
[23.177s][debug][gc,phases,ref] GC(38)     FinalRef: skipped
[23.177s][debug][gc,phases,ref] GC(38)     Total: skipped
[23.177s][debug][gc,phases,ref] GC(38)   Notify and keep alive finalizable: 0.0ms
[23.177s][debug][gc,phases,ref] GC(38)     FinalRef: skipped
[23.177s][debug][gc,phases,ref] GC(38)   Notify PhantomReferences: 0.0ms
[23.177s][debug][gc,phases,ref] GC(38)     PhantomRef: skipped
[23.177s][debug][gc,phases,ref] GC(38)   SoftReference Discovered: 0, Dropped: 0, Processed: 0
[23.177s][debug][gc,phases,ref] GC(38)   WeakReference Discovered: 0, Dropped: 0, Processed: 0
[23.177s][debug][gc,phases,ref] GC(38)   FinalReference Discovered: 0, Dropped: 0, Processed: 0
[23.177s][debug][gc,phases,ref] GC(38)   PhantomReference Discovered: 0, Dropped: 0, Processed: 0
[23.177s][debug][gc,age       ] GC(38) Desired survivor size 2228224 bytes, new threshold 1 (max threshold 15)
[23.177s][debug][gc,heap      ] GC(38) Heap after GC invocations=39 (full 0):
[23.177s][debug][gc,heap      ] GC(38)  def new generation   total 39296K, used 4351K [0x0000000780000000, 0x0000000782aa0000, 0x00000007aaaa0000)
[23.178s][debug][gc,heap      ] GC(38)   eden space 34944K,   0% used [0x0000000780000000, 0x0000000780000000, 0x0000000782220000)
[23.178s][debug][gc,heap      ] GC(38)   from space 4352K,  99% used [0x0000000782660000, 0x0000000782a9fff8, 0x0000000782aa0000)
[23.178s][debug][gc,heap      ] GC(38)   to   space 4352K,   0% used [0x0000000782220000, 0x0000000782220000, 0x0000000782660000)
[23.178s][debug][gc,heap      ] GC(38)  tenured generation   total 89344K, used 89199K [0x00000007aaaa0000, 0x00000007b01e0000, 0x0000000800000000)
[23.178s][debug][gc,heap      ] GC(38)    the space 89344K,  99% used [0x00000007aaaa0000, 0x00000007b01bbcd8, 0x00000007b01bbe00, 0x00000007b01e0000)
[23.178s][debug][gc,heap      ] GC(38)  Metaspace       used 8825K, committed 9152K, reserved 1114112K
[23.178s][debug][gc,heap      ] GC(38)   class space    used 931K, committed 1088K, reserved 1048576K
[23.178s][info ][gc           ] GC(38) Pause Young (Allocation Failure) 116M->91M(125M) 23.579ms
[23.178s][info ][gc,cpu       ] GC(38) User=0.02s Sys=0.01s Real=0.03s
[23.178s][info ][gc,start     ] GC(39) Pause Full (Allocation Failure)
[23.178s][debug][gc,heap      ] GC(39) Heap before GC invocations=39 (full 0):
[23.178s][debug][gc,heap      ] GC(39)  def new generation   total 39296K, used 4351K [0x0000000780000000, 0x0000000782aa0000, 0x00000007aaaa0000)
[23.178s][debug][gc,heap      ] GC(39)   eden space 34944K,   0% used [0x0000000780000000, 0x0000000780000000, 0x0000000782220000)
[23.178s][debug][gc,heap      ] GC(39)   from space 4352K,  99% used [0x0000000782660000, 0x0000000782a9fff8, 0x0000000782aa0000)
[23.178s][debug][gc,heap      ] GC(39)   to   space 4352K,   0% used [0x0000000782220000, 0x0000000782220000, 0x0000000782660000)
[23.178s][debug][gc,heap      ] GC(39)  tenured generation   total 89344K, used 89199K [0x00000007aaaa0000, 0x00000007b01e0000, 0x0000000800000000)
[23.178s][debug][gc,heap      ] GC(39)    the space 89344K,  99% used [0x00000007aaaa0000, 0x00000007b01bbcd8, 0x00000007b01bbe00, 0x00000007b01e0000)
[23.178s][debug][gc,heap      ] GC(39)  Metaspace       used 8825K, committed 9152K, reserved 1114112K
[23.178s][debug][gc,heap      ] GC(39)   class space    used 931K, committed 1088K, reserved 1048576K
[23.178s][info ][gc,phases,start] GC(39) Phase 1: Mark live objects
[23.194s][debug][gc,phases,start] GC(39) Reference Processing
[23.194s][debug][gc,ref         ] GC(39) ReferenceProcessor::execute queues: 1, RefProcThreadModel::Single, marks_oops_alive: false
[23.194s][debug][gc,ref         ] GC(39) Skipped KeepAliveFinalRefsPhase of Reference Processing: no references
[23.194s][debug][gc,ref         ] GC(39) ReferenceProcessor::execute queues: 1, RefProcThreadModel::Single, marks_oops_alive: false
[23.194s][debug][gc,phases,ref  ] GC(39) Reference Processing: 0.1ms
[23.194s][debug][gc,phases,ref  ] GC(39)   Notify Soft/WeakReferences: 0.0ms
[23.194s][debug][gc,phases,ref  ] GC(39)     SoftRef: 0.0ms
[23.194s][debug][gc,phases,ref  ] GC(39)     WeakRef: 0.0ms
[23.194s][debug][gc,phases,ref  ] GC(39)     FinalRef: 0.0ms
[23.194s][debug][gc,phases,ref  ] GC(39)     Total: 0.0ms
[23.194s][debug][gc,phases,ref  ] GC(39)   Notify and keep alive finalizable: 0.0ms
[23.194s][debug][gc,phases,ref  ] GC(39)     FinalRef: skipped
[23.194s][debug][gc,phases,ref  ] GC(39)   Notify PhantomReferences: 0.0ms
[23.194s][debug][gc,phases,ref  ] GC(39)     PhantomRef: 0.0ms
[23.194s][debug][gc,phases,ref  ] GC(39)   SoftReference Discovered: 0, Dropped: 0, Processed: 0
[23.194s][debug][gc,phases,ref  ] GC(39)   WeakReference Discovered: 470, Dropped: 112, Processed: 358
[23.194s][debug][gc,phases,ref  ] GC(39)   FinalReference Discovered: 0, Dropped: 0, Processed: 0
[23.194s][debug][gc,phases,ref  ] GC(39)   PhantomReference Discovered: 194, Dropped: 14, Processed: 180
[23.194s][debug][gc,phases      ] GC(39) Reference Processing 0.328ms
[23.194s][debug][gc,phases,start] GC(39) Weak Processing
[23.195s][debug][gc,phases      ] GC(39) Weak Processing 0.188ms
[23.195s][debug][gc,phases,start] GC(39) Class Unloading
[23.195s][debug][gc,phases,start] GC(39) ClassLoaderData
[23.195s][debug][gc,phases      ] GC(39) ClassLoaderData 0.081ms
[23.195s][debug][gc,phases,start] GC(39) Trigger cleanups
[23.195s][debug][gc,phases      ] GC(39) Trigger cleanups 0.011ms
[23.198s][debug][gc,phases      ] GC(39) Class Unloading 3.400ms
[23.198s][info ][gc,phases      ] GC(39) Phase 1: Mark live objects 20.211ms
[23.198s][info ][gc,phases,start] GC(39) Phase 2: Compute new object addresses
[23.241s][info ][gc,phases      ] GC(39) Phase 2: Compute new object addresses 43.427ms
[23.241s][info ][gc,phases,start] GC(39) Phase 3: Adjust pointers
[23.250s][info ][gc,phases      ] GC(39) Phase 3: Adjust pointers 8.008ms
[23.250s][info ][gc,phases,start] GC(39) Phase 4: Move objects
[23.253s][info ][gc,phases      ] GC(39) Phase 4: Move objects 3.681ms
[23.254s][debug][gc,ergo,heap   ] GC(39) New generation size 43648K->43776K [eden=35072K,survivor=4352K]
[23.255s][info ][gc,heap        ] GC(39) DefNew: 35886K(39296K)->0K(39424K) Eden: 33979K(34944K)->0K(35072K) From: 1906K(4352K)->0K(4352K)
[23.255s][info ][gc,heap        ] GC(39) Tenured: 83064K(87424K)->15119K(87424K)
[23.255s][info ][gc,metaspace   ] GC(39) Metaspace: 8825K(9152K)->8825K(9152K) NonClass: 7894K(8064K)->7894K(8064K) Class: 931K(1088K)->931K(1088K)
[23.255s][debug][gc,heap        ] GC(39) Heap after GC invocations=39 (full 1):
[23.255s][debug][gc,heap        ] GC(39)  def new generation   total 39424K, used 0K [0x0000000780000000, 0x0000000782ac0000, 0x00000007aaaa0000)
[23.255s][debug][gc,heap        ] GC(39)   eden space 35072K,   0% used [0x0000000780000000, 0x0000000780000000, 0x0000000782240000)
[23.255s][debug][gc,heap        ] GC(39)   from space 4352K,   0% used [0x0000000782240000, 0x0000000782240000, 0x0000000782680000)
[23.255s][debug][gc,heap        ] GC(39)   to   space 4352K,   0% used [0x0000000782680000, 0x0000000782680000, 0x0000000782ac0000)
[23.255s][debug][gc,heap        ] GC(39)  tenured generation   total 87424K, used 15119K [0x00000007aaaa0000, 0x00000007b0000000, 0x0000000800000000)
[23.255s][debug][gc,heap        ] GC(39)    the space 87424K,  17% used [0x00000007aaaa0000, 0x00000007ab963d20, 0x00000007ab963e00, 0x00000007b0000000)
[23.255s][debug][gc,heap        ] GC(39)  Metaspace       used 8825K, committed 9152K, reserved 1114112K
[23.255s][debug][gc,heap        ] GC(39)   class space    used 931K, committed 1088K, reserved 1048576K
[23.255s][info ][gc             ] GC(39) Pause Full (Allocation Failure) 91M->14M(123M) 77.688ms
[23.255s][info ][gc,cpu         ] GC(39) User=0.08s Sys=0.00s Real=0.07s
[23.595s][info ][gc,start       ] GC(40) Pause Young (Allocation Failure)
[23.595s][debug][gc,heap        ] GC(40) Heap before GC invocations=39 (full 1):
[23.596s][debug][gc,heap        ] GC(40)  def new generation   total 39424K, used 35072K [0x0000000780000000, 0x0000000782ac0000, 0x00000007aaaa0000)
[23.596s][debug][gc,heap        ] GC(40)   eden space 35072K, 100% used [0x0000000780000000, 0x0000000782240000, 0x0000000782240000)
[23.596s][debug][gc,heap        ] GC(40)   from space 4352K,   0% used [0x0000000782240000, 0x0000000782240000, 0x0000000782680000)
[23.596s][debug][gc,heap        ] GC(40)   to   space 4352K,   0% used [0x0000000782680000, 0x0000000782680000, 0x0000000782ac0000)
[23.596s][debug][gc,heap        ] GC(40)  tenured generation   total 87424K, used 15119K [0x00000007aaaa0000, 0x00000007b0000000, 0x0000000800000000)
[23.596s][debug][gc,heap        ] GC(40)    the space 87424K,  17% used [0x00000007aaaa0000, 0x00000007ab963d20, 0x00000007ab963e00, 0x00000007b0000000)
[23.596s][debug][gc,heap        ] GC(40)  Metaspace       used 8825K, committed 9152K, reserved 1114112K
[23.596s][debug][gc,heap        ] GC(40)   class space    used 931K, committed 1088K, reserved 1048576K
[23.596s][debug][gc,tlab        ] GC(40) TLAB totals: thrds: 6  refills: 91 max: 45 slow allocs: 23 max 15 waste:  1.6% gc: 473288B max: 233304B slow: 50472B max: 26056B
[23.610s][debug][gc,ref         ] GC(40) Skipped SoftWeakFinalRefsPhase of Reference Processing: no references
[23.610s][debug][gc,ref         ] GC(40) Skipped KeepAliveFinalRefsPhase of Reference Processing: no references
[23.611s][debug][gc,ref         ] GC(40) Skipped PhantomRefsPhase of Reference Processing: no references
[23.611s][debug][gc,phases,ref  ] GC(40) Reference Processing: 0.1ms
[23.611s][debug][gc,phases,ref  ] GC(40)   Notify Soft/WeakReferences: 0.1ms
[23.611s][debug][gc,phases,ref  ] GC(40)     SoftRef: skipped
[23.611s][debug][gc,phases,ref  ] GC(40)     WeakRef: skipped
[23.611s][debug][gc,phases,ref  ] GC(40)     FinalRef: skipped
[23.611s][debug][gc,phases,ref  ] GC(40)     Total: skipped
[23.611s][debug][gc,phases,ref  ] GC(40)   Notify and keep alive finalizable: 0.0ms
[23.611s][debug][gc,phases,ref  ] GC(40)     FinalRef: skipped
[23.611s][debug][gc,phases,ref  ] GC(40)   Notify PhantomReferences: 0.0ms
[23.611s][debug][gc,phases,ref  ] GC(40)     PhantomRef: skipped
[23.611s][debug][gc,phases,ref  ] GC(40)   SoftReference Discovered: 0, Dropped: 0, Processed: 0
[23.611s][debug][gc,phases,ref  ] GC(40)   WeakReference Discovered: 0, Dropped: 0, Processed: 0
[23.611s][debug][gc,phases,ref  ] GC(40)   FinalReference Discovered: 0, Dropped: 0, Processed: 0
[23.611s][debug][gc,phases,ref  ] GC(40)   PhantomReference Discovered: 0, Dropped: 0, Processed: 0
[23.611s][debug][gc,age         ] GC(40) Desired survivor size 2228224 bytes, new threshold 1 (max threshold 15)
[23.611s][info ][gc,heap        ] GC(40) DefNew: 35072K(39424K)->4352K(39424K) Eden: 35072K(35072K)->0K(35072K) From: 0K(4352K)->4352K(4352K)
[23.611s][info ][gc,heap        ] GC(40) Tenured: 15119K(87424K)->20329K(87424K)
[23.611s][info ][gc,metaspace   ] GC(40) Metaspace: 8825K(9152K)->8825K(9152K) NonClass: 7894K(8064K)->7894K(8064K) Class: 931K(1088K)->931K(1088K)
[23.611s][debug][gc,heap        ] GC(40) Heap after GC invocations=40 (full 1):
[23.611s][debug][gc,heap        ] GC(40)  def new generation   total 39424K, used 4352K [0x0000000780000000, 0x0000000782ac0000, 0x00000007aaaa0000)
[23.611s][debug][gc,heap        ] GC(40)   eden space 35072K,   0% used [0x0000000780000000, 0x0000000780000000, 0x0000000782240000)
[23.611s][debug][gc,heap        ] GC(40)   from space 4352K, 100% used [0x0000000782680000, 0x0000000782ac0000, 0x0000000782ac0000)
[23.611s][debug][gc,heap        ] GC(40)   to   space 4352K,   0% used [0x0000000782240000, 0x0000000782240000, 0x0000000782680000)
[23.611s][debug][gc,heap        ] GC(40)  tenured generation   total 87424K, used 20329K [0x00000007aaaa0000, 0x00000007b0000000, 0x0000000800000000)
[23.611s][debug][gc,heap        ] GC(40)    the space 87424K,  23% used [0x00000007aaaa0000, 0x00000007abe7a510, 0x00000007abe7a600, 0x00000007b0000000)
[23.611s][debug][gc,heap        ] GC(40)  Metaspace       used 8825K, committed 9152K, reserved 1114112K
[23.611s][debug][gc,heap        ] GC(40)   class space    used 931K, committed 1088K, reserved 1048576K
[23.611s][info ][gc             ] GC(40) Pause Young (Allocation Failure) 49M->24M(123M) 15.659ms
[23.611s][info ][gc,cpu         ] GC(40) User=0.01s Sys=0.00s Real=0.02s
[23.956s][info ][gc,start       ] GC(41) Pause Young (Allocation Failure)
[23.956s][debug][gc,heap        ] GC(41) Heap before GC invocations=40 (full 1):
[23.956s][debug][gc,heap        ] GC(41)  def new generation   total 39424K, used 39424K [0x0000000780000000, 0x0000000782ac0000, 0x00000007aaaa0000)
[23.956s][debug][gc,heap        ] GC(41)   eden space 35072K, 100% used [0x0000000780000000, 0x0000000782240000, 0x0000000782240000)
[23.956s][debug][gc,heap        ] GC(41)   from space 4352K, 100% used [0x0000000782680000, 0x0000000782ac0000, 0x0000000782ac0000)
[23.956s][debug][gc,heap        ] GC(41)   to   space 4352K,   0% used [0x0000000782240000, 0x0000000782240000, 0x0000000782680000)
[23.956s][debug][gc,heap        ] GC(41)  tenured generation   total 87424K, used 20329K [0x00000007aaaa0000, 0x00000007b0000000, 0x0000000800000000)
[23.956s][debug][gc,heap        ] GC(41)    the space 87424K,  23% used [0x00000007aaaa0000, 0x00000007abe7a510, 0x00000007abe7a600, 0x00000007b0000000)
[23.956s][debug][gc,heap        ] GC(41)  Metaspace       used 8825K, committed 9152K, reserved 1114112K
[23.956s][debug][gc,heap        ] GC(41)   class space    used 931K, committed 1088K, reserved 1048576K
[23.956s][debug][gc,tlab        ] GC(41) TLAB totals: thrds: 1  refills: 45 max: 45 slow allocs: 6 max 6 waste:  0.1% gc: 0B max: 0B slow: 26416B max: 26416B
[23.968s][debug][gc,ref         ] GC(41) Skipped SoftWeakFinalRefsPhase of Reference Processing: no references
[23.969s][debug][gc,ref         ] GC(41) Skipped KeepAliveFinalRefsPhase of Reference Processing: no references
[23.969s][debug][gc,ref         ] GC(41) Skipped PhantomRefsPhase of Reference Processing: no references
[23.969s][debug][gc,phases,ref  ] GC(41) Reference Processing: 0.1ms
[23.969s][debug][gc,phases,ref  ] GC(41)   Notify Soft/WeakReferences: 0.1ms
[23.969s][debug][gc,phases,ref  ] GC(41)     SoftRef: skipped
[23.969s][debug][gc,phases,ref  ] GC(41)     WeakRef: skipped
[23.969s][debug][gc,phases,ref  ] GC(41)     FinalRef: skipped
[23.969s][debug][gc,phases,ref  ] GC(41)     Total: skipped
[23.969s][debug][gc,phases,ref  ] GC(41)   Notify and keep alive finalizable: 0.0ms
[23.969s][debug][gc,phases,ref  ] GC(41)     FinalRef: skipped
[23.969s][debug][gc,phases,ref  ] GC(41)   Notify PhantomReferences: 0.0ms
[23.969s][debug][gc,phases,ref  ] GC(41)     PhantomRef: skipped
[23.969s][debug][gc,phases,ref  ] GC(41)   SoftReference Discovered: 0, Dropped: 0, Processed: 0
[23.969s][debug][gc,phases,ref  ] GC(41)   WeakReference Discovered: 0, Dropped: 0, Processed: 0
[23.969s][debug][gc,phases,ref  ] GC(41)   FinalReference Discovered: 0, Dropped: 0, Processed: 0
[23.969s][debug][gc,phases,ref  ] GC(41)   PhantomReference Discovered: 0, Dropped: 0, Processed: 0
[23.969s][debug][gc,age         ] GC(41) Desired survivor size 2228224 bytes, new threshold 1 (max threshold 15)
[23.969s][info ][gc,heap        ] GC(41) DefNew: 39424K(39424K)->4351K(39424K) Eden: 35072K(35072K)->0K(35072K) From: 4352K(4352K)->4351K(4352K)
[23.969s][info ][gc,heap        ] GC(41) Tenured: 20329K(87424K)->23948K(87424K)
[23.969s][info ][gc,metaspace   ] GC(41) Metaspace: 8825K(9152K)->8825K(9152K) NonClass: 7894K(8064K)->7894K(8064K) Class: 931K(1088K)->931K(1088K)
[23.969s][debug][gc,heap        ] GC(41) Heap after GC invocations=41 (full 1):
[23.969s][debug][gc,heap        ] GC(41)  def new generation   total 39424K, used 4351K [0x0000000780000000, 0x0000000782ac0000, 0x00000007aaaa0000)
[23.969s][debug][gc,heap        ] GC(41)   eden space 35072K,   0% used [0x0000000780000000, 0x0000000780000000, 0x0000000782240000)
[23.969s][debug][gc,heap        ] GC(41)   from space 4352K,  99% used [0x0000000782240000, 0x000000078267fff8, 0x0000000782680000)
[23.969s][debug][gc,heap        ] GC(41)   to   space 4352K,   0% used [0x0000000782680000, 0x0000000782680000, 0x0000000782ac0000)
[23.969s][debug][gc,heap        ] GC(41)  tenured generation   total 87424K, used 23948K [0x00000007aaaa0000, 0x00000007b0000000, 0x0000000800000000)
[23.969s][debug][gc,heap        ] GC(41)    the space 87424K,  27% used [0x00000007aaaa0000, 0x00000007ac203328, 0x00000007ac203400, 0x00000007b0000000)
[23.969s][debug][gc,heap        ] GC(41)  Metaspace       used 8825K, committed 9152K, reserved 1114112K
[23.969s][debug][gc,heap        ] GC(41)   class space    used 931K, committed 1088K, reserved 1048576K
[23.969s][info ][gc             ] GC(41) Pause Young (Allocation Failure) 58M->27M(123M) 13.100ms
[23.969s][info ][gc,cpu         ] GC(41) User=0.02s Sys=0.00s Real=0.02s
[24.299s][info ][gc,start       ] GC(42) Pause Young (Allocation Failure)
[24.299s][debug][gc,heap        ] GC(42) Heap before GC invocations=41 (full 1):
[24.299s][debug][gc,heap        ] GC(42)  def new generation   total 39424K, used 39423K [0x0000000780000000, 0x0000000782ac0000, 0x00000007aaaa0000)
[24.299s][debug][gc,heap        ] GC(42)   eden space 35072K, 100% used [0x0000000780000000, 0x0000000782240000, 0x0000000782240000)
[24.299s][debug][gc,heap        ] GC(42)   from space 4352K,  99% used [0x0000000782240000, 0x000000078267fff8, 0x0000000782680000)
[24.299s][debug][gc,heap        ] GC(42)   to   space 4352K,   0% used [0x0000000782680000, 0x0000000782680000, 0x0000000782ac0000)
[24.299s][debug][gc,heap        ] GC(42)  tenured generation   total 87424K, used 23948K [0x00000007aaaa0000, 0x00000007b0000000, 0x0000000800000000)
[24.299s][debug][gc,heap        ] GC(42)    the space 87424K,  27% used [0x00000007aaaa0000, 0x00000007ac203328, 0x00000007ac203400, 0x00000007b0000000)
[24.299s][debug][gc,heap        ] GC(42)  Metaspace       used 8825K, committed 9152K, reserved 1114112K
[24.299s][debug][gc,heap        ] GC(42)   class space    used 931K, committed 1088K, reserved 1048576K
[24.299s][debug][gc,tlab        ] GC(42) TLAB totals: thrds: 1  refills: 44 max: 44 slow allocs: 8 max 8 waste:  1.1% gc: 298656B max: 298656B slow: 43536B max: 43536B
[24.308s][debug][gc,ref         ] GC(42) Skipped SoftWeakFinalRefsPhase of Reference Processing: no references
[24.308s][debug][gc,ref         ] GC(42) Skipped KeepAliveFinalRefsPhase of Reference Processing: no references
[24.308s][debug][gc,ref         ] GC(42) Skipped PhantomRefsPhase of Reference Processing: no references
[24.308s][debug][gc,phases,ref  ] GC(42) Reference Processing: 0.1ms
[24.308s][debug][gc,phases,ref  ] GC(42)   Notify Soft/WeakReferences: 0.1ms
[24.308s][debug][gc,phases,ref  ] GC(42)     SoftRef: skipped
[24.308s][debug][gc,phases,ref  ] GC(42)     WeakRef: skipped
[24.308s][debug][gc,phases,ref  ] GC(42)     FinalRef: skipped
[24.308s][debug][gc,phases,ref  ] GC(42)     Total: skipped
[24.308s][debug][gc,phases,ref  ] GC(42)   Notify and keep alive finalizable: 0.0ms
[24.308s][debug][gc,phases,ref  ] GC(42)     FinalRef: skipped
[24.308s][debug][gc,phases,ref  ] GC(42)   Notify PhantomReferences: 0.0ms
[24.308s][debug][gc,phases,ref  ] GC(42)     PhantomRef: skipped
[24.308s][debug][gc,phases,ref  ] GC(42)   SoftReference Discovered: 0, Dropped: 0, Processed: 0
[24.308s][debug][gc,phases,ref  ] GC(42)   WeakReference Discovered: 0, Dropped: 0, Processed: 0
[24.308s][debug][gc,phases,ref  ] GC(42)   FinalReference Discovered: 0, Dropped: 0, Processed: 0
[24.308s][debug][gc,phases,ref  ] GC(42)   PhantomReference Discovered: 0, Dropped: 0, Processed: 0
[24.308s][debug][gc,age         ] GC(42) Desired survivor size 2228224 bytes, new threshold 1 (max threshold 15)
[24.308s][info ][gc,heap        ] GC(42) DefNew: 39423K(39424K)->4352K(39424K) Eden: 35072K(35072K)->0K(35072K) From: 4351K(4352K)->4352K(4352K)
[24.308s][info ][gc,heap        ] GC(42) Tenured: 23948K(87424K)->24835K(87424K)
[24.308s][info ][gc,metaspace   ] GC(42) Metaspace: 8825K(9152K)->8825K(9152K) NonClass: 7894K(8064K)->7894K(8064K) Class: 931K(1088K)->931K(1088K)
[24.308s][debug][gc,heap        ] GC(42) Heap after GC invocations=42 (full 1):
[24.308s][debug][gc,heap        ] GC(42)  def new generation   total 39424K, used 4352K [0x0000000780000000, 0x0000000782ac0000, 0x00000007aaaa0000)
[24.309s][debug][gc,heap        ] GC(42)   eden space 35072K,   0% used [0x0000000780000000, 0x0000000780000000, 0x0000000782240000)
[24.309s][debug][gc,heap        ] GC(42)   from space 4352K, 100% used [0x0000000782680000, 0x0000000782ac0000, 0x0000000782ac0000)
[24.309s][debug][gc,heap        ] GC(42)   to   space 4352K,   0% used [0x0000000782240000, 0x0000000782240000, 0x0000000782680000)
[24.309s][debug][gc,heap        ] GC(42)  tenured generation   total 87424K, used 24835K [0x00000007aaaa0000, 0x00000007b0000000, 0x0000000800000000)
[24.309s][debug][gc,heap        ] GC(42)    the space 87424K,  28% used [0x00000007aaaa0000, 0x00000007ac2e0ca8, 0x00000007ac2e0e00, 0x00000007b0000000)
[24.309s][debug][gc,heap        ] GC(42)  Metaspace       used 8825K, committed 9152K, reserved 1114112K
[24.309s][debug][gc,heap        ] GC(42)   class space    used 931K, committed 1088K, reserved 1048576K
[24.309s][info ][gc             ] GC(42) Pause Young (Allocation Failure) 61M->28M(123M) 9.680ms
[24.309s][info ][gc,cpu         ] GC(42) User=0.01s Sys=0.00s Real=0.01s
[24.645s][info ][gc,start       ] GC(43) Pause Young (Allocation Failure)
[24.646s][debug][gc,heap        ] GC(43) Heap before GC invocations=42 (full 1):
[24.646s][debug][gc,heap        ] GC(43)  def new generation   total 39424K, used 39424K [0x0000000780000000, 0x0000000782ac0000, 0x00000007aaaa0000)
[24.646s][debug][gc,heap        ] GC(43)   eden space 35072K, 100% used [0x0000000780000000, 0x0000000782240000, 0x0000000782240000)
[24.646s][debug][gc,heap        ] GC(43)   from space 4352K, 100% used [0x0000000782680000, 0x0000000782ac0000, 0x0000000782ac0000)
[24.646s][debug][gc,heap        ] GC(43)   to   space 4352K,   0% used [0x0000000782240000, 0x0000000782240000, 0x0000000782680000)
[24.646s][debug][gc,heap        ] GC(43)  tenured generation   total 87424K, used 24835K [0x00000007aaaa0000, 0x00000007b0000000, 0x0000000800000000)
[24.646s][debug][gc,heap        ] GC(43)    the space 87424K,  28% used [0x00000007aaaa0000, 0x00000007ac2e0ca8, 0x00000007ac2e0e00, 0x00000007b0000000)
[24.646s][debug][gc,heap        ] GC(43)  Metaspace       used 8829K, committed 9152K, reserved 1114112K
[24.646s][debug][gc,heap        ] GC(43)   class space    used 931K, committed 1088K, reserved 1048576K
[24.646s][debug][gc,tlab        ] GC(43) TLAB totals: thrds: 5  refills: 99 max: 43 slow allocs: 36 max 16 waste:  0.2% gc: 17808B max: 11400B slow: 56016B max: 25096B
[24.652s][debug][gc,ref         ] GC(43) Skipped SoftWeakFinalRefsPhase of Reference Processing: no references
[24.652s][debug][gc,ref         ] GC(43) Skipped KeepAliveFinalRefsPhase of Reference Processing: no references
[24.652s][debug][gc,ref         ] GC(43) Skipped PhantomRefsPhase of Reference Processing: no references
[24.652s][debug][gc,phases,ref  ] GC(43) Reference Processing: 0.1ms
[24.652s][debug][gc,phases,ref  ] GC(43)   Notify Soft/WeakReferences: 0.1ms
[24.652s][debug][gc,phases,ref  ] GC(43)     SoftRef: skipped
[24.652s][debug][gc,phases,ref  ] GC(43)     WeakRef: skipped
[24.652s][debug][gc,phases,ref  ] GC(43)     FinalRef: skipped
[24.652s][debug][gc,phases,ref  ] GC(43)     Total: skipped
[24.652s][debug][gc,phases,ref  ] GC(43)   Notify and keep alive finalizable: 0.0ms
[24.652s][debug][gc,phases,ref  ] GC(43)     FinalRef: skipped
[24.652s][debug][gc,phases,ref  ] GC(43)   Notify PhantomReferences: 0.0ms
[24.652s][debug][gc,phases,ref  ] GC(43)     PhantomRef: skipped
[24.652s][debug][gc,phases,ref  ] GC(43)   SoftReference Discovered: 0, Dropped: 0, Processed: 0
[24.652s][debug][gc,phases,ref  ] GC(43)   WeakReference Discovered: 0, Dropped: 0, Processed: 0
[24.652s][debug][gc,phases,ref  ] GC(43)   FinalReference Discovered: 0, Dropped: 0, Processed: 0
[24.652s][debug][gc,phases,ref  ] GC(43)   PhantomReference Discovered: 0, Dropped: 0, Processed: 0
[24.653s][debug][gc,age         ] GC(43) Desired survivor size 2228224 bytes, new threshold 1 (max threshold 15)
[24.653s][info ][gc,heap        ] GC(43) DefNew: 39424K(39424K)->3531K(39424K) Eden: 35072K(35072K)->0K(35072K) From: 4352K(4352K)->3531K(4352K)
[24.653s][info ][gc,heap        ] GC(43) Tenured: 24835K(87424K)->24835K(87424K)
[24.653s][info ][gc,metaspace   ] GC(43) Metaspace: 8829K(9152K)->8829K(9152K) NonClass: 7897K(8064K)->7897K(8064K) Class: 931K(1088K)->931K(1088K)
[24.653s][debug][gc,heap        ] GC(43) Heap after GC invocations=43 (full 1):
[24.653s][debug][gc,heap        ] GC(43)  def new generation   total 39424K, used 3531K [0x0000000780000000, 0x0000000782ac0000, 0x00000007aaaa0000)
[24.653s][debug][gc,heap        ] GC(43)   eden space 35072K,   0% used [0x0000000780000000, 0x0000000780000000, 0x0000000782240000)
[24.653s][debug][gc,heap        ] GC(43)   from space 4352K,  81% used [0x0000000782240000, 0x00000007825b2e18, 0x0000000782680000)
[24.653s][debug][gc,heap        ] GC(43)   to   space 4352K,   0% used [0x0000000782680000, 0x0000000782680000, 0x0000000782ac0000)
[24.653s][debug][gc,heap        ] GC(43)  tenured generation   total 87424K, used 24835K [0x00000007aaaa0000, 0x00000007b0000000, 0x0000000800000000)
[24.653s][debug][gc,heap        ] GC(43)    the space 87424K,  28% used [0x00000007aaaa0000, 0x00000007ac2e0ca8, 0x00000007ac2e0e00, 0x00000007b0000000)
[24.653s][debug][gc,heap        ] GC(43)  Metaspace       used 8829K, committed 9152K, reserved 1114112K
[24.653s][debug][gc,heap        ] GC(43)   class space    used 931K, committed 1088K, reserved 1048576K
[24.653s][info ][gc             ] GC(43) Pause Young (Allocation Failure) 62M->27M(123M) 7.419ms
[24.653s][info ][gc,cpu         ] GC(43) User=0.00s Sys=0.00s Real=0.01s
[24.999s][info ][gc,start       ] GC(44) Pause Young (Allocation Failure)
[25.000s][debug][gc,heap        ] GC(44) Heap before GC invocations=43 (full 1):
[25.000s][debug][gc,heap        ] GC(44)  def new generation   total 39424K, used 38603K [0x0000000780000000, 0x0000000782ac0000, 0x00000007aaaa0000)
[25.000s][debug][gc,heap        ] GC(44)   eden space 35072K, 100% used [0x0000000780000000, 0x0000000782240000, 0x0000000782240000)
[25.000s][debug][gc,heap        ] GC(44)   from space 4352K,  81% used [0x0000000782240000, 0x00000007825b2e18, 0x0000000782680000)
[25.000s][debug][gc,heap        ] GC(44)   to   space 4352K,   0% used [0x0000000782680000, 0x0000000782680000, 0x0000000782ac0000)
[25.000s][debug][gc,heap        ] GC(44)  tenured generation   total 87424K, used 24835K [0x00000007aaaa0000, 0x00000007b0000000, 0x0000000800000000)
[25.000s][debug][gc,heap        ] GC(44)    the space 87424K,  28% used [0x00000007aaaa0000, 0x00000007ac2e0ca8, 0x00000007ac2e0e00, 0x00000007b0000000)
[25.000s][debug][gc,heap        ] GC(44)  Metaspace       used 8829K, committed 9152K, reserved 1114112K
[25.000s][debug][gc,heap        ] GC(44)   class space    used 931K, committed 1088K, reserved 1048576K
[25.000s][debug][gc,tlab        ] GC(44) TLAB totals: thrds: 1  refills: 44 max: 44 slow allocs: 9 max 9 waste:  0.1% gc: 0B max: 0B slow: 25776B max: 25776B
[25.005s][debug][gc,ref         ] GC(44) Skipped SoftWeakFinalRefsPhase of Reference Processing: no references
[25.005s][debug][gc,ref         ] GC(44) Skipped KeepAliveFinalRefsPhase of Reference Processing: no references
[25.005s][debug][gc,ref         ] GC(44) Skipped PhantomRefsPhase of Reference Processing: no references
[25.005s][debug][gc,phases,ref  ] GC(44) Reference Processing: 0.2ms
[25.005s][debug][gc,phases,ref  ] GC(44)   Notify Soft/WeakReferences: 0.2ms
[25.005s][debug][gc,phases,ref  ] GC(44)     SoftRef: skipped
[25.005s][debug][gc,phases,ref  ] GC(44)     WeakRef: skipped
[25.005s][debug][gc,phases,ref  ] GC(44)     FinalRef: skipped
[25.006s][debug][gc,phases,ref  ] GC(44)     Total: skipped
[25.006s][debug][gc,phases,ref  ] GC(44)   Notify and keep alive finalizable: 0.0ms
[25.006s][debug][gc,phases,ref  ] GC(44)     FinalRef: skipped
[25.006s][debug][gc,phases,ref  ] GC(44)   Notify PhantomReferences: 0.0ms
[25.006s][debug][gc,phases,ref  ] GC(44)     PhantomRef: skipped
[25.006s][debug][gc,phases,ref  ] GC(44)   SoftReference Discovered: 0, Dropped: 0, Processed: 0
[25.006s][debug][gc,phases,ref  ] GC(44)   WeakReference Discovered: 0, Dropped: 0, Processed: 0
[25.006s][debug][gc,phases,ref  ] GC(44)   FinalReference Discovered: 0, Dropped: 0, Processed: 0
[25.006s][debug][gc,phases,ref  ] GC(44)   PhantomReference Discovered: 0, Dropped: 0, Processed: 0
[25.006s][debug][gc,age         ] GC(44) Desired survivor size 2228224 bytes, new threshold 15 (max threshold 15)
[25.006s][info ][gc,heap        ] GC(44) DefNew: 38603K(39424K)->2122K(39424K) Eden: 35072K(35072K)->0K(35072K) From: 3531K(4352K)->2122K(4352K)
[25.006s][info ][gc,heap        ] GC(44) Tenured: 24835K(87424K)->24835K(87424K)
[25.006s][info ][gc,metaspace   ] GC(44) Metaspace: 8829K(9152K)->8829K(9152K) NonClass: 7897K(8064K)->7897K(8064K) Class: 931K(1088K)->931K(1088K)
[25.006s][debug][gc,heap        ] GC(44) Heap after GC invocations=44 (full 1):
[25.006s][debug][gc,heap        ] GC(44)  def new generation   total 39424K, used 2122K [0x0000000780000000, 0x0000000782ac0000, 0x00000007aaaa0000)
[25.006s][debug][gc,heap        ] GC(44)   eden space 35072K,   0% used [0x0000000780000000, 0x0000000780000000, 0x0000000782240000)
[25.006s][debug][gc,heap        ] GC(44)   from space 4352K,  48% used [0x0000000782680000, 0x0000000782892878, 0x0000000782ac0000)
[25.006s][debug][gc,heap        ] GC(44)   to   space 4352K,   0% used [0x0000000782240000, 0x0000000782240000, 0x0000000782680000)
[25.006s][debug][gc,heap        ] GC(44)  tenured generation   total 87424K, used 24835K [0x00000007aaaa0000, 0x00000007b0000000, 0x0000000800000000)
[25.006s][debug][gc,heap        ] GC(44)    the space 87424K,  28% used [0x00000007aaaa0000, 0x00000007ac2e0eb8, 0x00000007ac2e1000, 0x00000007b0000000)
[25.006s][debug][gc,heap        ] GC(44)  Metaspace       used 8829K, committed 9152K, reserved 1114112K
[25.006s][debug][gc,heap        ] GC(44)   class space    used 931K, committed 1088K, reserved 1048576K
[25.006s][info ][gc             ] GC(44) Pause Young (Allocation Failure) 61M->26M(123M) 6.763ms
[25.006s][info ][gc,cpu         ] GC(44) User=0.00s Sys=0.00s Real=0.00s
[25.345s][info ][gc,start       ] GC(45) Pause Young (Allocation Failure)
[25.345s][debug][gc,heap        ] GC(45) Heap before GC invocations=44 (full 1):
[25.346s][debug][gc,heap        ] GC(45)  def new generation   total 39424K, used 37194K [0x0000000780000000, 0x0000000782ac0000, 0x00000007aaaa0000)
[25.346s][debug][gc,heap        ] GC(45)   eden space 35072K, 100% used [0x0000000780000000, 0x0000000782240000, 0x0000000782240000)
[25.346s][debug][gc,heap        ] GC(45)   from space 4352K,  48% used [0x0000000782680000, 0x0000000782892878, 0x0000000782ac0000)
[25.346s][debug][gc,heap        ] GC(45)   to   space 4352K,   0% used [0x0000000782240000, 0x0000000782240000, 0x0000000782680000)
[25.346s][debug][gc,heap        ] GC(45)  tenured generation   total 87424K, used 24835K [0x00000007aaaa0000, 0x00000007b0000000, 0x0000000800000000)
[25.346s][debug][gc,heap        ] GC(45)    the space 87424K,  28% used [0x00000007aaaa0000, 0x00000007ac2e0eb8, 0x00000007ac2e1000, 0x00000007b0000000)
[25.346s][debug][gc,heap        ] GC(45)  Metaspace       used 8829K, committed 9152K, reserved 1114112K
[25.346s][debug][gc,heap        ] GC(45)   class space    used 931K, committed 1088K, reserved 1048576K
[25.346s][debug][gc,tlab        ] GC(45) TLAB totals: thrds: 1  refills: 43 max: 43 slow allocs: 10 max 10 waste:  0.2% gc: 37040B max: 37040B slow: 24440B max: 24440B
[25.348s][debug][gc,ref         ] GC(45) Skipped SoftWeakFinalRefsPhase of Reference Processing: no references
[25.348s][debug][gc,ref         ] GC(45) Skipped KeepAliveFinalRefsPhase of Reference Processing: no references
[25.348s][debug][gc,ref         ] GC(45) Skipped PhantomRefsPhase of Reference Processing: no references
[25.348s][debug][gc,phases,ref  ] GC(45) Reference Processing: 0.1ms
[25.348s][debug][gc,phases,ref  ] GC(45)   Notify Soft/WeakReferences: 0.1ms
[25.348s][debug][gc,phases,ref  ] GC(45)     SoftRef: skipped
[25.348s][debug][gc,phases,ref  ] GC(45)     WeakRef: skipped
[25.348s][debug][gc,phases,ref  ] GC(45)     FinalRef: skipped
[25.348s][debug][gc,phases,ref  ] GC(45)     Total: skipped
[25.348s][debug][gc,phases,ref  ] GC(45)   Notify and keep alive finalizable: 0.0ms
[25.348s][debug][gc,phases,ref  ] GC(45)     FinalRef: skipped
[25.348s][debug][gc,phases,ref  ] GC(45)   Notify PhantomReferences: 0.0ms
[25.348s][debug][gc,phases,ref  ] GC(45)     PhantomRef: skipped
[25.348s][debug][gc,phases,ref  ] GC(45)   SoftReference Discovered: 0, Dropped: 0, Processed: 0
[25.348s][debug][gc,phases,ref  ] GC(45)   WeakReference Discovered: 0, Dropped: 0, Processed: 0
[25.348s][debug][gc,phases,ref  ] GC(45)   FinalReference Discovered: 0, Dropped: 0, Processed: 0
[25.348s][debug][gc,phases,ref  ] GC(45)   PhantomReference Discovered: 0, Dropped: 0, Processed: 0
[25.349s][debug][gc,age         ] GC(45) Desired survivor size 2228224 bytes, new threshold 15 (max threshold 15)
[25.349s][info ][gc,heap        ] GC(45) DefNew: 37194K(39424K)->646K(39424K) Eden: 35072K(35072K)->0K(35072K) From: 2122K(4352K)->646K(4352K)
[25.349s][info ][gc,heap        ] GC(45) Tenured: 24835K(87424K)->24835K(87424K)
[25.349s][info ][gc,metaspace   ] GC(45) Metaspace: 8829K(9152K)->8829K(9152K) NonClass: 7897K(8064K)->7897K(8064K) Class: 931K(1088K)->931K(1088K)
[25.349s][debug][gc,heap        ] GC(45) Heap after GC invocations=45 (full 1):
[25.349s][debug][gc,heap        ] GC(45)  def new generation   total 39424K, used 646K [0x0000000780000000, 0x0000000782ac0000, 0x00000007aaaa0000)
[25.349s][debug][gc,heap        ] GC(45)   eden space 35072K,   0% used [0x0000000780000000, 0x0000000780000000, 0x0000000782240000)
[25.349s][debug][gc,heap        ] GC(45)   from space 4352K,  14% used [0x0000000782240000, 0x00000007822e1980, 0x0000000782680000)
[25.349s][debug][gc,heap        ] GC(45)   to   space 4352K,   0% used [0x0000000782680000, 0x0000000782680000, 0x0000000782ac0000)
[25.349s][debug][gc,heap        ] GC(45)  tenured generation   total 87424K, used 24835K [0x00000007aaaa0000, 0x00000007b0000000, 0x0000000800000000)
[25.349s][debug][gc,heap        ] GC(45)    the space 87424K,  28% used [0x00000007aaaa0000, 0x00000007ac2e0eb8, 0x00000007ac2e1000, 0x00000007b0000000)
[25.349s][debug][gc,heap        ] GC(45)  Metaspace       used 8829K, committed 9152K, reserved 1114112K
[25.349s][debug][gc,heap        ] GC(45)   class space    used 931K, committed 1088K, reserved 1048576K
[25.349s][info ][gc             ] GC(45) Pause Young (Allocation Failure) 60M->24M(123M) 3.770ms
[25.349s][info ][gc,cpu         ] GC(45) User=0.01s Sys=0.00s Real=0.01s
[25.580s][info ][gc,start       ] GC(46) Pause Young (Allocation Failure)
[25.580s][debug][gc,heap        ] GC(46) Heap before GC invocations=45 (full 1):
[25.580s][debug][gc,heap        ] GC(46)  def new generation   total 39424K, used 35718K [0x0000000780000000, 0x0000000782ac0000, 0x00000007aaaa0000)
[25.580s][debug][gc,heap        ] GC(46)   eden space 35072K, 100% used [0x0000000780000000, 0x0000000782240000, 0x0000000782240000)
[25.580s][debug][gc,heap        ] GC(46)   from space 4352K,  14% used [0x0000000782240000, 0x00000007822e1980, 0x0000000782680000)
[25.580s][debug][gc,heap        ] GC(46)   to   space 4352K,   0% used [0x0000000782680000, 0x0000000782680000, 0x0000000782ac0000)
[25.580s][debug][gc,heap        ] GC(46)  tenured generation   total 87424K, used 24835K [0x00000007aaaa0000, 0x00000007b0000000, 0x0000000800000000)
[25.580s][debug][gc,heap        ] GC(46)    the space 87424K,  28% used [0x00000007aaaa0000, 0x00000007ac2e0eb8, 0x00000007ac2e1000, 0x00000007b0000000)
[25.580s][debug][gc,heap        ] GC(46)  Metaspace       used 8841K, committed 9152K, reserved 1114112K
[25.580s][debug][gc,heap        ] GC(46)   class space    used 931K, committed 1088K, reserved 1048576K
[25.580s][debug][gc,tlab        ] GC(46) TLAB totals: thrds: 4  refills: 88 max: 44 slow allocs: 30 max 14 waste:  0.9% gc: 222832B max: 215928B slow: 49616B max: 25248B
[25.596s][debug][gc,ref         ] GC(46) Skipped SoftWeakFinalRefsPhase of Reference Processing: no references
[25.596s][debug][gc,ref         ] GC(46) Skipped KeepAliveFinalRefsPhase of Reference Processing: no references
[25.596s][debug][gc,ref         ] GC(46) Skipped PhantomRefsPhase of Reference Processing: no references
[25.596s][debug][gc,phases,ref  ] GC(46) Reference Processing: 0.1ms
[25.596s][debug][gc,phases,ref  ] GC(46)   Notify Soft/WeakReferences: 0.1ms
[25.596s][debug][gc,phases,ref  ] GC(46)     SoftRef: skipped
[25.596s][debug][gc,phases,ref  ] GC(46)     WeakRef: skipped
[25.596s][debug][gc,phases,ref  ] GC(46)     FinalRef: skipped
[25.596s][debug][gc,phases,ref  ] GC(46)     Total: skipped
[25.596s][debug][gc,phases,ref  ] GC(46)   Notify and keep alive finalizable: 0.0ms
[25.597s][debug][gc,phases,ref  ] GC(46)     FinalRef: skipped
[25.597s][debug][gc,phases,ref  ] GC(46)   Notify PhantomReferences: 0.0ms
[25.597s][debug][gc,phases,ref  ] GC(46)     PhantomRef: skipped
[25.597s][debug][gc,phases,ref  ] GC(46)   SoftReference Discovered: 0, Dropped: 0, Processed: 0
[25.597s][debug][gc,phases,ref  ] GC(46)   WeakReference Discovered: 0, Dropped: 0, Processed: 0
[25.597s][debug][gc,phases,ref  ] GC(46)   FinalReference Discovered: 0, Dropped: 0, Processed: 0
[25.597s][debug][gc,phases,ref  ] GC(46)   PhantomReference Discovered: 0, Dropped: 0, Processed: 0
[25.597s][debug][gc,age         ] GC(46) Desired survivor size 2228224 bytes, new threshold 1 (max threshold 15)
[25.597s][info ][gc,heap        ] GC(46) DefNew: 35718K(39424K)->4352K(39424K) Eden: 35072K(35072K)->0K(35072K) From: 646K(4352K)->4352K(4352K)
[25.597s][info ][gc,heap        ] GC(46) Tenured: 24835K(87424K)->30970K(87424K)
[25.597s][info ][gc,metaspace   ] GC(46) Metaspace: 8841K(9152K)->8841K(9152K) NonClass: 7910K(8064K)->7910K(8064K) Class: 931K(1088K)->931K(1088K)
[25.597s][debug][gc,heap        ] GC(46) Heap after GC invocations=46 (full 1):
[25.597s][debug][gc,heap        ] GC(46)  def new generation   total 39424K, used 4352K [0x0000000780000000, 0x0000000782ac0000, 0x00000007aaaa0000)
[25.597s][debug][gc,heap        ] GC(46)   eden space 35072K,   0% used [0x0000000780000000, 0x0000000780000000, 0x0000000782240000)
[25.597s][debug][gc,heap        ] GC(46)   from space 4352K, 100% used [0x0000000782680000, 0x0000000782ac0000, 0x0000000782ac0000)
[25.597s][debug][gc,heap        ] GC(46)   to   space 4352K,   0% used [0x0000000782240000, 0x0000000782240000, 0x0000000782680000)
[25.597s][debug][gc,heap        ] GC(46)  tenured generation   total 87424K, used 30970K [0x00000007aaaa0000, 0x00000007b0000000, 0x0000000800000000)
[25.597s][debug][gc,heap        ] GC(46)    the space 87424K,  35% used [0x00000007aaaa0000, 0x00000007ac8de8d0, 0x00000007ac8dea00, 0x00000007b0000000)
[25.597s][debug][gc,heap        ] GC(46)  Metaspace       used 8841K, committed 9152K, reserved 1114112K
[25.597s][debug][gc,heap        ] GC(46)   class space    used 931K, committed 1088K, reserved 1048576K
[25.597s][info ][gc             ] GC(46) Pause Young (Allocation Failure) 59M->34M(123M) 17.265ms
[25.597s][info ][gc,cpu         ] GC(46) User=0.02s Sys=0.00s Real=0.02s
[25.936s][info ][gc,start       ] GC(47) Pause Young (Allocation Failure)
[25.936s][debug][gc,heap        ] GC(47) Heap before GC invocations=46 (full 1):
[25.936s][debug][gc,heap        ] GC(47)  def new generation   total 39424K, used 39424K [0x0000000780000000, 0x0000000782ac0000, 0x00000007aaaa0000)
[25.936s][debug][gc,heap        ] GC(47)   eden space 35072K, 100% used [0x0000000780000000, 0x0000000782240000, 0x0000000782240000)
[25.936s][debug][gc,heap        ] GC(47)   from space 4352K, 100% used [0x0000000782680000, 0x0000000782ac0000, 0x0000000782ac0000)
[25.936s][debug][gc,heap        ] GC(47)   to   space 4352K,   0% used [0x0000000782240000, 0x0000000782240000, 0x0000000782680000)
[25.936s][debug][gc,heap        ] GC(47)  tenured generation   total 87424K, used 30970K [0x00000007aaaa0000, 0x00000007b0000000, 0x0000000800000000)
[25.936s][debug][gc,heap        ] GC(47)    the space 87424K,  35% used [0x00000007aaaa0000, 0x00000007ac8de8d0, 0x00000007ac8dea00, 0x00000007b0000000)
[25.936s][debug][gc,heap        ] GC(47)  Metaspace       used 8841K, committed 9152K, reserved 1114112K
[25.936s][debug][gc,heap        ] GC(47)   class space    used 931K, committed 1088K, reserved 1048576K
[25.936s][debug][gc,tlab        ] GC(47) TLAB totals: thrds: 1  refills: 46 max: 46 slow allocs: 2 max 2 waste:  0.1% gc: 0B max: 0B slow: 26960B max: 26960B
[25.950s][debug][gc,ref         ] GC(47) Skipped SoftWeakFinalRefsPhase of Reference Processing: no references
[25.950s][debug][gc,ref         ] GC(47) Skipped KeepAliveFinalRefsPhase of Reference Processing: no references
[25.950s][debug][gc,ref         ] GC(47) Skipped PhantomRefsPhase of Reference Processing: no references
[25.950s][debug][gc,phases,ref  ] GC(47) Reference Processing: 0.1ms
[25.950s][debug][gc,phases,ref  ] GC(47)   Notify Soft/WeakReferences: 0.1ms
[25.950s][debug][gc,phases,ref  ] GC(47)     SoftRef: skipped
[25.950s][debug][gc,phases,ref  ] GC(47)     WeakRef: skipped
[25.950s][debug][gc,phases,ref  ] GC(47)     FinalRef: skipped
[25.950s][debug][gc,phases,ref  ] GC(47)     Total: skipped
[25.950s][debug][gc,phases,ref  ] GC(47)   Notify and keep alive finalizable: 0.0ms
[25.950s][debug][gc,phases,ref  ] GC(47)     FinalRef: skipped
[25.950s][debug][gc,phases,ref  ] GC(47)   Notify PhantomReferences: 0.0ms
[25.950s][debug][gc,phases,ref  ] GC(47)     PhantomRef: skipped
[25.950s][debug][gc,phases,ref  ] GC(47)   SoftReference Discovered: 0, Dropped: 0, Processed: 0
[25.950s][debug][gc,phases,ref  ] GC(47)   WeakReference Discovered: 0, Dropped: 0, Processed: 0
[25.950s][debug][gc,phases,ref  ] GC(47)   FinalReference Discovered: 0, Dropped: 0, Processed: 0
[25.950s][debug][gc,phases,ref  ] GC(47)   PhantomReference Discovered: 0, Dropped: 0, Processed: 0
[25.950s][debug][gc,age         ] GC(47) Desired survivor size 2228224 bytes, new threshold 1 (max threshold 15)
[25.950s][info ][gc,heap        ] GC(47) DefNew: 39424K(39424K)->4352K(39424K) Eden: 35072K(35072K)->0K(35072K) From: 4352K(4352K)->4352K(4352K)
[25.950s][info ][gc,heap        ] GC(47) Tenured: 30970K(87424K)->35566K(87424K)
[25.950s][info ][gc,metaspace   ] GC(47) Metaspace: 8841K(9152K)->8841K(9152K) NonClass: 7910K(8064K)->7910K(8064K) Class: 931K(1088K)->931K(1088K)
[25.950s][debug][gc,heap        ] GC(47) Heap after GC invocations=47 (full 1):
[25.950s][debug][gc,heap        ] GC(47)  def new generation   total 39424K, used 4352K [0x0000000780000000, 0x0000000782ac0000, 0x00000007aaaa0000)
[25.950s][debug][gc,heap        ] GC(47)   eden space 35072K,   0% used [0x0000000780000000, 0x0000000780000000, 0x0000000782240000)
[25.950s][debug][gc,heap        ] GC(47)   from space 4352K, 100% used [0x0000000782240000, 0x0000000782680000, 0x0000000782680000)
[25.950s][debug][gc,heap        ] GC(47)   to   space 4352K,   0% used [0x0000000782680000, 0x0000000782680000, 0x0000000782ac0000)
[25.950s][debug][gc,heap        ] GC(47)  tenured generation   total 87424K, used 35566K [0x00000007aaaa0000, 0x00000007b0000000, 0x0000000800000000)
[25.951s][debug][gc,heap        ] GC(47)    the space 87424K,  40% used [0x00000007aaaa0000, 0x00000007acd5baa8, 0x00000007acd5bc00, 0x00000007b0000000)
[25.951s][debug][gc,heap        ] GC(47)  Metaspace       used 8841K, committed 9152K, reserved 1114112K
[25.951s][debug][gc,heap        ] GC(47)   class space    used 931K, committed 1088K, reserved 1048576K
[25.951s][info ][gc             ] GC(47) Pause Young (Allocation Failure) 68M->38M(123M) 14.827ms
[25.951s][info ][gc,cpu         ] GC(47) User=0.01s Sys=0.00s Real=0.02s
[26.288s][info ][gc,start       ] GC(48) Pause Young (Allocation Failure)
[26.288s][debug][gc,heap        ] GC(48) Heap before GC invocations=47 (full 1):
[26.288s][debug][gc,heap        ] GC(48)  def new generation   total 39424K, used 39424K [0x0000000780000000, 0x0000000782ac0000, 0x00000007aaaa0000)
[26.288s][debug][gc,heap        ] GC(48)   eden space 35072K, 100% used [0x0000000780000000, 0x0000000782240000, 0x0000000782240000)
[26.288s][debug][gc,heap        ] GC(48)   from space 4352K, 100% used [0x0000000782240000, 0x0000000782680000, 0x0000000782680000)
[26.288s][debug][gc,heap        ] GC(48)   to   space 4352K,   0% used [0x0000000782680000, 0x0000000782680000, 0x0000000782ac0000)
[26.288s][debug][gc,heap        ] GC(48)  tenured generation   total 87424K, used 35566K [0x00000007aaaa0000, 0x00000007b0000000, 0x0000000800000000)
[26.288s][debug][gc,heap        ] GC(48)    the space 87424K,  40% used [0x00000007aaaa0000, 0x00000007acd5baa8, 0x00000007acd5bc00, 0x00000007b0000000)
[26.288s][debug][gc,heap        ] GC(48)  Metaspace       used 8841K, committed 9152K, reserved 1114112K
[26.288s][debug][gc,heap        ] GC(48)   class space    used 931K, committed 1088K, reserved 1048576K
[26.288s][debug][gc,tlab        ] GC(48) TLAB totals: thrds: 1  refills: 45 max: 45 slow allocs: 5 max 5 waste:  0.1% gc: 0B max: 0B slow: 26424B max: 26424B
[26.301s][debug][gc,ref         ] GC(48) Skipped SoftWeakFinalRefsPhase of Reference Processing: no references
[26.301s][debug][gc,ref         ] GC(48) Skipped KeepAliveFinalRefsPhase of Reference Processing: no references
[26.301s][debug][gc,ref         ] GC(48) Skipped PhantomRefsPhase of Reference Processing: no references
[26.301s][debug][gc,phases,ref  ] GC(48) Reference Processing: 0.1ms
[26.301s][debug][gc,phases,ref  ] GC(48)   Notify Soft/WeakReferences: 0.0ms
[26.301s][debug][gc,phases,ref  ] GC(48)     SoftRef: skipped
[26.301s][debug][gc,phases,ref  ] GC(48)     WeakRef: skipped
[26.301s][debug][gc,phases,ref  ] GC(48)     FinalRef: skipped
[26.301s][debug][gc,phases,ref  ] GC(48)     Total: skipped
[26.301s][debug][gc,phases,ref  ] GC(48)   Notify and keep alive finalizable: 0.0ms
[26.301s][debug][gc,phases,ref  ] GC(48)     FinalRef: skipped
[26.301s][debug][gc,phases,ref  ] GC(48)   Notify PhantomReferences: 0.0ms
[26.301s][debug][gc,phases,ref  ] GC(48)     PhantomRef: skipped
[26.301s][debug][gc,phases,ref  ] GC(48)   SoftReference Discovered: 0, Dropped: 0, Processed: 0
[26.301s][debug][gc,phases,ref  ] GC(48)   WeakReference Discovered: 0, Dropped: 0, Processed: 0
[26.301s][debug][gc,phases,ref  ] GC(48)   FinalReference Discovered: 0, Dropped: 0, Processed: 0
[26.301s][debug][gc,phases,ref  ] GC(48)   PhantomReference Discovered: 0, Dropped: 0, Processed: 0
[26.301s][debug][gc,age         ] GC(48) Desired survivor size 2228224 bytes, new threshold 1 (max threshold 15)
[26.301s][info ][gc,heap        ] GC(48) DefNew: 39424K(39424K)->4351K(39424K) Eden: 35072K(35072K)->0K(35072K) From: 4352K(4352K)->4351K(4352K)
[26.301s][info ][gc,heap        ] GC(48) Tenured: 35566K(87424K)->38625K(87424K)
[26.301s][info ][gc,metaspace   ] GC(48) Metaspace: 8841K(9152K)->8841K(9152K) NonClass: 7910K(8064K)->7910K(8064K) Class: 931K(1088K)->931K(1088K)
[26.301s][debug][gc,heap        ] GC(48) Heap after GC invocations=48 (full 1):
[26.301s][debug][gc,heap        ] GC(48)  def new generation   total 39424K, used 4351K [0x0000000780000000, 0x0000000782ac0000, 0x00000007aaaa0000)
[26.301s][debug][gc,heap        ] GC(48)   eden space 35072K,   0% used [0x0000000780000000, 0x0000000780000000, 0x0000000782240000)
[26.301s][debug][gc,heap        ] GC(48)   from space 4352K,  99% used [0x0000000782680000, 0x0000000782abfff8, 0x0000000782ac0000)
[26.301s][debug][gc,heap        ] GC(48)   to   space 4352K,   0% used [0x0000000782240000, 0x0000000782240000, 0x0000000782680000)
[26.301s][debug][gc,heap        ] GC(48)  tenured generation   total 87424K, used 38625K [0x00000007aaaa0000, 0x00000007b0000000, 0x0000000800000000)
[26.301s][debug][gc,heap        ] GC(48)    the space 87424K,  44% used [0x00000007aaaa0000, 0x00000007ad0585c8, 0x00000007ad058600, 0x00000007b0000000)
[26.301s][debug][gc,heap        ] GC(48)  Metaspace       used 8841K, committed 9152K, reserved 1114112K
[26.301s][debug][gc,heap        ] GC(48)   class space    used 931K, committed 1088K, reserved 1048576K
[26.301s][info ][gc             ] GC(48) Pause Young (Allocation Failure) 73M->41M(123M) 13.223ms
[26.301s][info ][gc,cpu         ] GC(48) User=0.01s Sys=0.00s Real=0.01s
[26.644s][info ][gc,start       ] GC(49) Pause Young (Allocation Failure)
[26.644s][debug][gc,heap        ] GC(49) Heap before GC invocations=48 (full 1):
[26.644s][debug][gc,heap        ] GC(49)  def new generation   total 39424K, used 39423K [0x0000000780000000, 0x0000000782ac0000, 0x00000007aaaa0000)
[26.644s][debug][gc,heap        ] GC(49)   eden space 35072K, 100% used [0x0000000780000000, 0x0000000782240000, 0x0000000782240000)
[26.644s][debug][gc,heap        ] GC(49)   from space 4352K,  99% used [0x0000000782680000, 0x0000000782abfff8, 0x0000000782ac0000)
[26.644s][debug][gc,heap        ] GC(49)   to   space 4352K,   0% used [0x0000000782240000, 0x0000000782240000, 0x0000000782680000)
[26.644s][debug][gc,heap        ] GC(49)  tenured generation   total 87424K, used 38625K [0x00000007aaaa0000, 0x00000007b0000000, 0x0000000800000000)
[26.644s][debug][gc,heap        ] GC(49)    the space 87424K,  44% used [0x00000007aaaa0000, 0x00000007ad0585c8, 0x00000007ad058600, 0x00000007b0000000)
[26.644s][debug][gc,heap        ] GC(49)  Metaspace       used 8851K, committed 9152K, reserved 1114112K
[26.644s][debug][gc,heap        ] GC(49)   class space    used 931K, committed 1088K, reserved 1048576K
[26.644s][debug][gc,tlab        ] GC(49) TLAB totals: thrds: 5  refills: 90 max: 45 slow allocs: 25 max 14 waste:  0.2% gc: 14200B max: 7400B slow: 50600B max: 26248B
[26.655s][debug][gc,ref         ] GC(49) Skipped SoftWeakFinalRefsPhase of Reference Processing: no references
[26.655s][debug][gc,ref         ] GC(49) Skipped KeepAliveFinalRefsPhase of Reference Processing: no references
[26.655s][debug][gc,ref         ] GC(49) Skipped PhantomRefsPhase of Reference Processing: no references
[26.655s][debug][gc,phases,ref  ] GC(49) Reference Processing: 0.1ms
[26.655s][debug][gc,phases,ref  ] GC(49)   Notify Soft/WeakReferences: 0.1ms
[26.655s][debug][gc,phases,ref  ] GC(49)     SoftRef: skipped
[26.655s][debug][gc,phases,ref  ] GC(49)     WeakRef: skipped
[26.655s][debug][gc,phases,ref  ] GC(49)     FinalRef: skipped
[26.655s][debug][gc,phases,ref  ] GC(49)     Total: skipped
[26.655s][debug][gc,phases,ref  ] GC(49)   Notify and keep alive finalizable: 0.0ms
[26.655s][debug][gc,phases,ref  ] GC(49)     FinalRef: skipped
[26.655s][debug][gc,phases,ref  ] GC(49)   Notify PhantomReferences: 0.0ms
[26.655s][debug][gc,phases,ref  ] GC(49)     PhantomRef: skipped
[26.655s][debug][gc,phases,ref  ] GC(49)   SoftReference Discovered: 0, Dropped: 0, Processed: 0
[26.655s][debug][gc,phases,ref  ] GC(49)   WeakReference Discovered: 0, Dropped: 0, Processed: 0
[26.655s][debug][gc,phases,ref  ] GC(49)   FinalReference Discovered: 0, Dropped: 0, Processed: 0
[26.655s][debug][gc,phases,ref  ] GC(49)   PhantomReference Discovered: 0, Dropped: 0, Processed: 0
[26.656s][debug][gc,age         ] GC(49) Desired survivor size 2228224 bytes, new threshold 1 (max threshold 15)
[26.656s][info ][gc,heap        ] GC(49) DefNew: 39423K(39424K)->4351K(39424K) Eden: 35072K(35072K)->0K(35072K) From: 4351K(4352K)->4351K(4352K)
[26.656s][info ][gc,heap        ] GC(49) Tenured: 38625K(87424K)->40012K(87424K)
[26.656s][info ][gc,metaspace   ] GC(49) Metaspace: 8851K(9152K)->8851K(9152K) NonClass: 7919K(8064K)->7919K(8064K) Class: 931K(1088K)->931K(1088K)
[26.656s][debug][gc,heap        ] GC(49) Heap after GC invocations=49 (full 1):
[26.656s][debug][gc,heap        ] GC(49)  def new generation   total 39424K, used 4351K [0x0000000780000000, 0x0000000782ac0000, 0x00000007aaaa0000)
[26.656s][debug][gc,heap        ] GC(49)   eden space 35072K,   0% used [0x0000000780000000, 0x0000000780000000, 0x0000000782240000)
[26.656s][debug][gc,heap        ] GC(49)   from space 4352K,  99% used [0x0000000782240000, 0x000000078267ffe8, 0x0000000782680000)
[26.656s][debug][gc,heap        ] GC(49)   to   space 4352K,   0% used [0x0000000782680000, 0x0000000782680000, 0x0000000782ac0000)
[26.656s][debug][gc,heap        ] GC(49)  tenured generation   total 87424K, used 40012K [0x00000007aaaa0000, 0x00000007b0000000, 0x0000000800000000)
[26.656s][debug][gc,heap        ] GC(49)    the space 87424K,  45% used [0x00000007aaaa0000, 0x00000007ad1b31e8, 0x00000007ad1b3200, 0x00000007b0000000)
[26.656s][debug][gc,heap        ] GC(49)  Metaspace       used 8851K, committed 9152K, reserved 1114112K
[26.656s][debug][gc,heap        ] GC(49)   class space    used 931K, committed 1088K, reserved 1048576K
[26.656s][info ][gc             ] GC(49) Pause Young (Allocation Failure) 76M->43M(123M) 11.861ms
[26.656s][info ][gc,cpu         ] GC(49) User=0.01s Sys=0.00s Real=0.01s
[26.988s][info ][gc,start       ] GC(50) Pause Young (Allocation Failure)
[26.988s][debug][gc,heap        ] GC(50) Heap before GC invocations=49 (full 1):
[26.988s][debug][gc,heap        ] GC(50)  def new generation   total 39424K, used 39423K [0x0000000780000000, 0x0000000782ac0000, 0x00000007aaaa0000)
[26.988s][debug][gc,heap        ] GC(50)   eden space 35072K, 100% used [0x0000000780000000, 0x0000000782240000, 0x0000000782240000)
[26.988s][debug][gc,heap        ] GC(50)   from space 4352K,  99% used [0x0000000782240000, 0x000000078267ffe8, 0x0000000782680000)
[26.988s][debug][gc,heap        ] GC(50)   to   space 4352K,   0% used [0x0000000782680000, 0x0000000782680000, 0x0000000782ac0000)
[26.988s][debug][gc,heap        ] GC(50)  tenured generation   total 87424K, used 40012K [0x00000007aaaa0000, 0x00000007b0000000, 0x0000000800000000)
[26.988s][debug][gc,heap        ] GC(50)    the space 87424K,  45% used [0x00000007aaaa0000, 0x00000007ad1b31e8, 0x00000007ad1b3200, 0x00000007b0000000)
[26.988s][debug][gc,heap        ] GC(50)  Metaspace       used 8851K, committed 9152K, reserved 1114112K
[26.988s][debug][gc,heap        ] GC(50)   class space    used 931K, committed 1088K, reserved 1048576K
[26.988s][debug][gc,tlab        ] GC(50) TLAB totals: thrds: 1  refills: 44 max: 44 slow allocs: 10 max 10 waste:  0.1% gc: 0B max: 0B slow: 28456B max: 28456B
[26.996s][debug][gc,ref         ] GC(50) Skipped SoftWeakFinalRefsPhase of Reference Processing: no references
[26.996s][debug][gc,ref         ] GC(50) Skipped KeepAliveFinalRefsPhase of Reference Processing: no references
[26.996s][debug][gc,ref         ] GC(50) Skipped PhantomRefsPhase of Reference Processing: no references
[26.996s][debug][gc,phases,ref  ] GC(50) Reference Processing: 0.1ms
[26.996s][debug][gc,phases,ref  ] GC(50)   Notify Soft/WeakReferences: 0.1ms
[26.996s][debug][gc,phases,ref  ] GC(50)     SoftRef: skipped
[26.996s][debug][gc,phases,ref  ] GC(50)     WeakRef: skipped
[26.996s][debug][gc,phases,ref  ] GC(50)     FinalRef: skipped
[26.996s][debug][gc,phases,ref  ] GC(50)     Total: skipped
[26.996s][debug][gc,phases,ref  ] GC(50)   Notify and keep alive finalizable: 0.0ms
[26.996s][debug][gc,phases,ref  ] GC(50)     FinalRef: skipped
[26.996s][debug][gc,phases,ref  ] GC(50)   Notify PhantomReferences: 0.0ms
[26.996s][debug][gc,phases,ref  ] GC(50)     PhantomRef: skipped
[26.996s][debug][gc,phases,ref  ] GC(50)   SoftReference Discovered: 0, Dropped: 0, Processed: 0
[26.996s][debug][gc,phases,ref  ] GC(50)   WeakReference Discovered: 0, Dropped: 0, Processed: 0
[26.996s][debug][gc,phases,ref  ] GC(50)   FinalReference Discovered: 0, Dropped: 0, Processed: 0
[26.996s][debug][gc,phases,ref  ] GC(50)   PhantomReference Discovered: 0, Dropped: 0, Processed: 0
[26.996s][debug][gc,age         ] GC(50) Desired survivor size 2228224 bytes, new threshold 1 (max threshold 15)
[26.996s][info ][gc,heap        ] GC(50) DefNew: 39423K(39424K)->4351K(39424K) Eden: 35072K(35072K)->0K(35072K) From: 4351K(4352K)->4351K(4352K)
[26.996s][info ][gc,heap        ] GC(50) Tenured: 40012K(87424K)->40116K(87424K)
[26.996s][info ][gc,metaspace   ] GC(50) Metaspace: 8851K(9152K)->8851K(9152K) NonClass: 7919K(8064K)->7919K(8064K) Class: 931K(1088K)->931K(1088K)
[26.996s][debug][gc,heap        ] GC(50) Heap after GC invocations=50 (full 1):
[26.996s][debug][gc,heap        ] GC(50)  def new generation   total 39424K, used 4351K [0x0000000780000000, 0x0000000782ac0000, 0x00000007aaaa0000)
[26.996s][debug][gc,heap        ] GC(50)   eden space 35072K,   0% used [0x0000000780000000, 0x0000000780000000, 0x0000000782240000)
[26.996s][debug][gc,heap        ] GC(50)   from space 4352K,  99% used [0x0000000782680000, 0x0000000782abffe8, 0x0000000782ac0000)
[26.996s][debug][gc,heap        ] GC(50)   to   space 4352K,   0% used [0x0000000782240000, 0x0000000782240000, 0x0000000782680000)
[26.996s][debug][gc,heap        ] GC(50)  tenured generation   total 87424K, used 40116K [0x00000007aaaa0000, 0x00000007b0000000, 0x0000000800000000)
[26.996s][debug][gc,heap        ] GC(50)    the space 87424K,  45% used [0x00000007aaaa0000, 0x00000007ad1cd000, 0x00000007ad1cd000, 0x00000007b0000000)
[26.997s][debug][gc,heap        ] GC(50)  Metaspace       used 8851K, committed 9152K, reserved 1114112K
[26.997s][debug][gc,heap        ] GC(50)   class space    used 931K, committed 1088K, reserved 1048576K
[26.997s][info ][gc             ] GC(50) Pause Young (Allocation Failure) 77M->43M(123M) 8.717ms
[26.997s][info ][gc,cpu         ] GC(50) User=0.01s Sys=0.00s Real=0.00s
[27.334s][info ][gc,start       ] GC(51) Pause Young (Allocation Failure)
[27.334s][debug][gc,heap        ] GC(51) Heap before GC invocations=50 (full 1):
[27.334s][debug][gc,heap        ] GC(51)  def new generation   total 39424K, used 39423K [0x0000000780000000, 0x0000000782ac0000, 0x00000007aaaa0000)
[27.334s][debug][gc,heap        ] GC(51)   eden space 35072K, 100% used [0x0000000780000000, 0x0000000782240000, 0x0000000782240000)
[27.334s][debug][gc,heap        ] GC(51)   from space 4352K,  99% used [0x0000000782680000, 0x0000000782abffe8, 0x0000000782ac0000)
[27.334s][debug][gc,heap        ] GC(51)   to   space 4352K,   0% used [0x0000000782240000, 0x0000000782240000, 0x0000000782680000)
[27.334s][debug][gc,heap        ] GC(51)  tenured generation   total 87424K, used 40116K [0x00000007aaaa0000, 0x00000007b0000000, 0x0000000800000000)
[27.334s][debug][gc,heap        ] GC(51)    the space 87424K,  45% used [0x00000007aaaa0000, 0x00000007ad1cd000, 0x00000007ad1cd000, 0x00000007b0000000)
[27.334s][debug][gc,heap        ] GC(51)  Metaspace       used 8851K, committed 9152K, reserved 1114112K
[27.334s][debug][gc,heap        ] GC(51)   class space    used 931K, committed 1088K, reserved 1048576K
[27.334s][debug][gc,tlab        ] GC(51) TLAB totals: thrds: 1  refills: 46 max: 46 slow allocs: 2 max 2 waste:  0.1% gc: 0B max: 0B slow: 31168B max: 31168B
[27.339s][debug][gc,ref         ] GC(51) Skipped SoftWeakFinalRefsPhase of Reference Processing: no references
[27.339s][debug][gc,ref         ] GC(51) Skipped KeepAliveFinalRefsPhase of Reference Processing: no references
[27.339s][debug][gc,ref         ] GC(51) Skipped PhantomRefsPhase of Reference Processing: no references
[27.339s][debug][gc,phases,ref  ] GC(51) Reference Processing: 0.1ms
[27.339s][debug][gc,phases,ref  ] GC(51)   Notify Soft/WeakReferences: 0.1ms
[27.339s][debug][gc,phases,ref  ] GC(51)     SoftRef: skipped
[27.339s][debug][gc,phases,ref  ] GC(51)     WeakRef: skipped
[27.339s][debug][gc,phases,ref  ] GC(51)     FinalRef: skipped
[27.339s][debug][gc,phases,ref  ] GC(51)     Total: skipped
[27.339s][debug][gc,phases,ref  ] GC(51)   Notify and keep alive finalizable: 0.0ms
[27.339s][debug][gc,phases,ref  ] GC(51)     FinalRef: skipped
[27.339s][debug][gc,phases,ref  ] GC(51)   Notify PhantomReferences: 0.0ms
[27.339s][debug][gc,phases,ref  ] GC(51)     PhantomRef: skipped
[27.339s][debug][gc,phases,ref  ] GC(51)   SoftReference Discovered: 0, Dropped: 0, Processed: 0
[27.339s][debug][gc,phases,ref  ] GC(51)   WeakReference Discovered: 0, Dropped: 0, Processed: 0
[27.340s][debug][gc,phases,ref  ] GC(51)   FinalReference Discovered: 0, Dropped: 0, Processed: 0
[27.340s][debug][gc,phases,ref  ] GC(51)   PhantomReference Discovered: 0, Dropped: 0, Processed: 0
[27.340s][debug][gc,age         ] GC(51) Desired survivor size 2228224 bytes, new threshold 1 (max threshold 15)
[27.340s][info ][gc,heap        ] GC(51) DefNew: 39423K(39424K)->2913K(39424K) Eden: 35072K(35072K)->0K(35072K) From: 4351K(4352K)->2913K(4352K)
[27.340s][info ][gc,heap        ] GC(51) Tenured: 40116K(87424K)->40116K(87424K)
[27.340s][info ][gc,metaspace   ] GC(51) Metaspace: 8851K(9152K)->8851K(9152K) NonClass: 7919K(8064K)->7919K(8064K) Class: 931K(1088K)->931K(1088K)
[27.340s][debug][gc,heap        ] GC(51) Heap after GC invocations=51 (full 1):
[27.340s][debug][gc,heap        ] GC(51)  def new generation   total 39424K, used 2913K [0x0000000780000000, 0x0000000782ac0000, 0x00000007aaaa0000)
[27.340s][debug][gc,heap        ] GC(51)   eden space 35072K,   0% used [0x0000000780000000, 0x0000000780000000, 0x0000000782240000)
[27.340s][debug][gc,heap        ] GC(51)   from space 4352K,  66% used [0x0000000782240000, 0x0000000782518518, 0x0000000782680000)
[27.340s][debug][gc,heap        ] GC(51)   to   space 4352K,   0% used [0x0000000782680000, 0x0000000782680000, 0x0000000782ac0000)
[27.340s][debug][gc,heap        ] GC(51)  tenured generation   total 87424K, used 40116K [0x00000007aaaa0000, 0x00000007b0000000, 0x0000000800000000)
[27.340s][debug][gc,heap        ] GC(51)    the space 87424K,  45% used [0x00000007aaaa0000, 0x00000007ad1cd000, 0x00000007ad1cd000, 0x00000007b0000000)
[27.340s][debug][gc,heap        ] GC(51)  Metaspace       used 8851K, committed 9152K, reserved 1114112K
[27.340s][debug][gc,heap        ] GC(51)   class space    used 931K, committed 1088K, reserved 1048576K
[27.340s][info ][gc             ] GC(51) Pause Young (Allocation Failure) 77M->42M(123M) 6.542ms
[27.340s][info ][gc,cpu         ] GC(51) User=0.01s Sys=0.00s Real=0.01s
[27.673s][info ][gc,start       ] GC(52) Pause Young (Allocation Failure)
[27.674s][debug][gc,heap        ] GC(52) Heap before GC invocations=51 (full 1):
[27.674s][debug][gc,heap        ] GC(52)  def new generation   total 39424K, used 37985K [0x0000000780000000, 0x0000000782ac0000, 0x00000007aaaa0000)
[27.674s][debug][gc,heap        ] GC(52)   eden space 35072K, 100% used [0x0000000780000000, 0x0000000782240000, 0x0000000782240000)
[27.674s][debug][gc,heap        ] GC(52)   from space 4352K,  66% used [0x0000000782240000, 0x0000000782518518, 0x0000000782680000)
[27.674s][debug][gc,heap        ] GC(52)   to   space 4352K,   0% used [0x0000000782680000, 0x0000000782680000, 0x0000000782ac0000)
[27.674s][debug][gc,heap        ] GC(52)  tenured generation   total 87424K, used 40116K [0x00000007aaaa0000, 0x00000007b0000000, 0x0000000800000000)
[27.674s][debug][gc,heap        ] GC(52)    the space 87424K,  45% used [0x00000007aaaa0000, 0x00000007ad1cd000, 0x00000007ad1cd000, 0x00000007b0000000)
[27.674s][debug][gc,heap        ] GC(52)  Metaspace       used 8857K, committed 9152K, reserved 1114112K
[27.674s][debug][gc,heap        ] GC(52)   class space    used 932K, committed 1088K, reserved 1048576K
[27.674s][debug][gc,tlab        ] GC(52) TLAB totals: thrds: 4  refills: 87 max: 43 slow allocs: 29 max 14 waste:  0.2% gc: 6624B max: 2344B slow: 49640B max: 25344B
[27.677s][debug][gc,ref         ] GC(52) Skipped SoftWeakFinalRefsPhase of Reference Processing: no references
[27.677s][debug][gc,ref         ] GC(52) Skipped KeepAliveFinalRefsPhase of Reference Processing: no references
[27.677s][debug][gc,ref         ] GC(52) Skipped PhantomRefsPhase of Reference Processing: no references
[27.677s][debug][gc,phases,ref  ] GC(52) Reference Processing: 0.1ms
[27.677s][debug][gc,phases,ref  ] GC(52)   Notify Soft/WeakReferences: 0.1ms
[27.677s][debug][gc,phases,ref  ] GC(52)     SoftRef: skipped
[27.677s][debug][gc,phases,ref  ] GC(52)     WeakRef: skipped
[27.677s][debug][gc,phases,ref  ] GC(52)     FinalRef: skipped
[27.677s][debug][gc,phases,ref  ] GC(52)     Total: skipped
[27.677s][debug][gc,phases,ref  ] GC(52)   Notify and keep alive finalizable: 0.0ms
[27.677s][debug][gc,phases,ref  ] GC(52)     FinalRef: skipped
[27.677s][debug][gc,phases,ref  ] GC(52)   Notify PhantomReferences: 0.0ms
[27.677s][debug][gc,phases,ref  ] GC(52)     PhantomRef: skipped
[27.677s][debug][gc,phases,ref  ] GC(52)   SoftReference Discovered: 0, Dropped: 0, Processed: 0
[27.677s][debug][gc,phases,ref  ] GC(52)   WeakReference Discovered: 0, Dropped: 0, Processed: 0
[27.677s][debug][gc,phases,ref  ] GC(52)   FinalReference Discovered: 0, Dropped: 0, Processed: 0
[27.677s][debug][gc,phases,ref  ] GC(52)   PhantomReference Discovered: 0, Dropped: 0, Processed: 0
[27.677s][debug][gc,age         ] GC(52) Desired survivor size 2228224 bytes, new threshold 15 (max threshold 15)
[27.678s][info ][gc,heap        ] GC(52) DefNew: 37985K(39424K)->1377K(39424K) Eden: 35072K(35072K)->0K(35072K) From: 2913K(4352K)->1377K(4352K)
[27.678s][info ][gc,heap        ] GC(52) Tenured: 40116K(87424K)->40116K(87424K)
[27.678s][info ][gc,metaspace   ] GC(52) Metaspace: 8857K(9152K)->8857K(9152K) NonClass: 7925K(8064K)->7925K(8064K) Class: 932K(1088K)->932K(1088K)
[27.678s][debug][gc,heap        ] GC(52) Heap after GC invocations=52 (full 1):
[27.678s][debug][gc,heap        ] GC(52)  def new generation   total 39424K, used 1377K [0x0000000780000000, 0x0000000782ac0000, 0x00000007aaaa0000)
[27.678s][debug][gc,heap        ] GC(52)   eden space 35072K,   0% used [0x0000000780000000, 0x0000000780000000, 0x0000000782240000)
[27.678s][debug][gc,heap        ] GC(52)   from space 4352K,  31% used [0x0000000782680000, 0x00000007827d87f0, 0x0000000782ac0000)
[27.678s][debug][gc,heap        ] GC(52)   to   space 4352K,   0% used [0x0000000782240000, 0x0000000782240000, 0x0000000782680000)
[27.678s][debug][gc,heap        ] GC(52)  tenured generation   total 87424K, used 40116K [0x00000007aaaa0000, 0x00000007b0000000, 0x0000000800000000)
[27.678s][debug][gc,heap        ] GC(52)    the space 87424K,  45% used [0x00000007aaaa0000, 0x00000007ad1cd000, 0x00000007ad1cd000, 0x00000007b0000000)
[27.678s][debug][gc,heap        ] GC(52)  Metaspace       used 8857K, committed 9152K, reserved 1114112K
[27.678s][debug][gc,heap        ] GC(52)   class space    used 932K, committed 1088K, reserved 1048576K
[27.678s][info ][gc             ] GC(52) Pause Young (Allocation Failure) 76M->40M(123M) 4.350ms
[27.678s][info ][gc,cpu         ] GC(52) User=0.00s Sys=0.00s Real=0.01s
[27.909s][info ][gc,start       ] GC(53) Pause Young (Allocation Failure)
[27.909s][debug][gc,heap        ] GC(53) Heap before GC invocations=52 (full 1):
[27.909s][debug][gc,heap        ] GC(53)  def new generation   total 39424K, used 35926K [0x0000000780000000, 0x0000000782ac0000, 0x00000007aaaa0000)
[27.909s][debug][gc,heap        ] GC(53)   eden space 35072K,  98% used [0x0000000780000000, 0x00000007821bd170, 0x0000000782240000)
[27.909s][debug][gc,heap        ] GC(53)   from space 4352K,  31% used [0x0000000782680000, 0x00000007827d87f0, 0x0000000782ac0000)
[27.909s][debug][gc,heap        ] GC(53)   to   space 4352K,   0% used [0x0000000782240000, 0x0000000782240000, 0x0000000782680000)
[27.909s][debug][gc,heap        ] GC(53)  tenured generation   total 87424K, used 40116K [0x00000007aaaa0000, 0x00000007b0000000, 0x0000000800000000)
[27.909s][debug][gc,heap        ] GC(53)    the space 87424K,  45% used [0x00000007aaaa0000, 0x00000007ad1cd000, 0x00000007ad1cd000, 0x00000007b0000000)
[27.909s][debug][gc,heap        ] GC(53)  Metaspace       used 8857K, committed 9152K, reserved 1114112K
[27.909s][debug][gc,heap        ] GC(53)   class space    used 932K, committed 1088K, reserved 1048576K
[27.909s][debug][gc,tlab        ] GC(53) TLAB totals: thrds: 1  refills: 45 max: 45 slow allocs: 6 max 6 waste:  2.1% gc: 656744B max: 656744B slow: 25712B max: 25712B
[27.917s][debug][gc,ref         ] GC(53) Skipped SoftWeakFinalRefsPhase of Reference Processing: no references
[27.917s][debug][gc,ref         ] GC(53) Skipped KeepAliveFinalRefsPhase of Reference Processing: no references
[27.917s][debug][gc,ref         ] GC(53) Skipped PhantomRefsPhase of Reference Processing: no references
[27.917s][debug][gc,phases,ref  ] GC(53) Reference Processing: 0.1ms
[27.917s][debug][gc,phases,ref  ] GC(53)   Notify Soft/WeakReferences: 0.0ms
[27.917s][debug][gc,phases,ref  ] GC(53)     SoftRef: skipped
[27.917s][debug][gc,phases,ref  ] GC(53)     WeakRef: skipped
[27.917s][debug][gc,phases,ref  ] GC(53)     FinalRef: skipped
[27.917s][debug][gc,phases,ref  ] GC(53)     Total: skipped
[27.917s][debug][gc,phases,ref  ] GC(53)   Notify and keep alive finalizable: 0.0ms
[27.917s][debug][gc,phases,ref  ] GC(53)     FinalRef: skipped
[27.917s][debug][gc,phases,ref  ] GC(53)   Notify PhantomReferences: 0.0ms
[27.917s][debug][gc,phases,ref  ] GC(53)     PhantomRef: skipped
[27.917s][debug][gc,phases,ref  ] GC(53)   SoftReference Discovered: 0, Dropped: 0, Processed: 0
[27.917s][debug][gc,phases,ref  ] GC(53)   WeakReference Discovered: 0, Dropped: 0, Processed: 0
[27.917s][debug][gc,phases,ref  ] GC(53)   FinalReference Discovered: 0, Dropped: 0, Processed: 0
[27.917s][debug][gc,phases,ref  ] GC(53)   PhantomReference Discovered: 0, Dropped: 0, Processed: 0
[27.917s][debug][gc,age         ] GC(53) Desired survivor size 2228224 bytes, new threshold 1 (max threshold 15)
[27.917s][info ][gc,heap        ] GC(53) DefNew: 35926K(39424K)->4352K(39424K) Eden: 34548K(35072K)->0K(35072K) From: 1377K(4352K)->4352K(4352K)
[27.917s][info ][gc,heap        ] GC(53) Tenured: 40116K(87424K)->46250K(87424K)
[27.917s][info ][gc,metaspace   ] GC(53) Metaspace: 8857K(9152K)->8857K(9152K) NonClass: 7925K(8064K)->7925K(8064K) Class: 932K(1088K)->932K(1088K)
[27.917s][debug][gc,heap        ] GC(53) Heap after GC invocations=53 (full 1):
[27.917s][debug][gc,heap        ] GC(53)  def new generation   total 39424K, used 4352K [0x0000000780000000, 0x0000000782ac0000, 0x00000007aaaa0000)
[27.917s][debug][gc,heap        ] GC(53)   eden space 35072K,   0% used [0x0000000780000000, 0x0000000780000000, 0x0000000782240000)
[27.917s][debug][gc,heap        ] GC(53)   from space 4352K, 100% used [0x0000000782240000, 0x0000000782680000, 0x0000000782680000)
[27.917s][debug][gc,heap        ] GC(53)   to   space 4352K,   0% used [0x0000000782680000, 0x0000000782680000, 0x0000000782ac0000)
[27.917s][debug][gc,heap        ] GC(53)  tenured generation   total 87424K, used 46250K [0x00000007aaaa0000, 0x00000007b0000000, 0x0000000800000000)
[27.918s][debug][gc,heap        ] GC(53)    the space 87424K,  52% used [0x00000007aaaa0000, 0x00000007ad7caac8, 0x00000007ad7cac00, 0x00000007b0000000)
[27.918s][debug][gc,heap        ] GC(53)  Metaspace       used 8857K, committed 9152K, reserved 1114112K
[27.918s][debug][gc,heap        ] GC(53)   class space    used 932K, committed 1088K, reserved 1048576K
[27.918s][info ][gc             ] GC(53) Pause Young (Allocation Failure) 74M->49M(123M) 9.030ms
[27.918s][info ][gc,cpu         ] GC(53) User=0.01s Sys=0.00s Real=0.01s
[28.241s][info ][gc,start       ] GC(54) Pause Young (Allocation Failure)
[28.241s][debug][gc,heap        ] GC(54) Heap before GC invocations=53 (full 1):
[28.241s][debug][gc,heap        ] GC(54)  def new generation   total 39424K, used 39424K [0x0000000780000000, 0x0000000782ac0000, 0x00000007aaaa0000)
[28.241s][debug][gc,heap        ] GC(54)   eden space 35072K, 100% used [0x0000000780000000, 0x0000000782240000, 0x0000000782240000)
[28.241s][debug][gc,heap        ] GC(54)   from space 4352K, 100% used [0x0000000782240000, 0x0000000782680000, 0x0000000782680000)
[28.241s][debug][gc,heap        ] GC(54)   to   space 4352K,   0% used [0x0000000782680000, 0x0000000782680000, 0x0000000782ac0000)
[28.241s][debug][gc,heap        ] GC(54)  tenured generation   total 87424K, used 46250K [0x00000007aaaa0000, 0x00000007b0000000, 0x0000000800000000)
[28.241s][debug][gc,heap        ] GC(54)    the space 87424K,  52% used [0x00000007aaaa0000, 0x00000007ad7caac8, 0x00000007ad7cac00, 0x00000007b0000000)
[28.241s][debug][gc,heap        ] GC(54)  Metaspace       used 8857K, committed 9152K, reserved 1114112K
[28.241s][debug][gc,heap        ] GC(54)   class space    used 932K, committed 1088K, reserved 1048576K
[28.241s][debug][gc,tlab        ] GC(54) TLAB totals: thrds: 1  refills: 46 max: 46 slow allocs: 3 max 3 waste:  0.1% gc: 0B max: 0B slow: 26808B max: 26808B
[28.254s][debug][gc,ref         ] GC(54) Skipped SoftWeakFinalRefsPhase of Reference Processing: no references
[28.254s][debug][gc,ref         ] GC(54) Skipped KeepAliveFinalRefsPhase of Reference Processing: no references
[28.254s][debug][gc,ref         ] GC(54) Skipped PhantomRefsPhase of Reference Processing: no references
[28.254s][debug][gc,phases,ref  ] GC(54) Reference Processing: 0.2ms
[28.254s][debug][gc,phases,ref  ] GC(54)   Notify Soft/WeakReferences: 0.2ms
[28.254s][debug][gc,phases,ref  ] GC(54)     SoftRef: skipped
[28.254s][debug][gc,phases,ref  ] GC(54)     WeakRef: skipped
[28.254s][debug][gc,phases,ref  ] GC(54)     FinalRef: skipped
[28.254s][debug][gc,phases,ref  ] GC(54)     Total: skipped
[28.254s][debug][gc,phases,ref  ] GC(54)   Notify and keep alive finalizable: 0.1ms
[28.254s][debug][gc,phases,ref  ] GC(54)     FinalRef: skipped
[28.254s][debug][gc,phases,ref  ] GC(54)   Notify PhantomReferences: 0.0ms
[28.254s][debug][gc,phases,ref  ] GC(54)     PhantomRef: skipped
[28.254s][debug][gc,phases,ref  ] GC(54)   SoftReference Discovered: 0, Dropped: 0, Processed: 0
[28.254s][debug][gc,phases,ref  ] GC(54)   WeakReference Discovered: 0, Dropped: 0, Processed: 0
[28.254s][debug][gc,phases,ref  ] GC(54)   FinalReference Discovered: 0, Dropped: 0, Processed: 0
[28.254s][debug][gc,phases,ref  ] GC(54)   PhantomReference Discovered: 0, Dropped: 0, Processed: 0
[28.254s][debug][gc,age         ] GC(54) Desired survivor size 2228224 bytes, new threshold 1 (max threshold 15)
[28.254s][info ][gc,heap        ] GC(54) DefNew: 39424K(39424K)->4352K(39424K) Eden: 35072K(35072K)->0K(35072K) From: 4352K(4352K)->4352K(4352K)
[28.254s][info ][gc,heap        ] GC(54) Tenured: 46250K(87424K)->50847K(87424K)
[28.254s][info ][gc,metaspace   ] GC(54) Metaspace: 8857K(9152K)->8857K(9152K) NonClass: 7925K(8064K)->7925K(8064K) Class: 932K(1088K)->932K(1088K)
[28.255s][debug][gc,heap        ] GC(54) Heap after GC invocations=54 (full 1):
[28.255s][debug][gc,heap        ] GC(54)  def new generation   total 39424K, used 4352K [0x0000000780000000, 0x0000000782ac0000, 0x00000007aaaa0000)
[28.255s][debug][gc,heap        ] GC(54)   eden space 35072K,   0% used [0x0000000780000000, 0x0000000780000000, 0x0000000782240000)
[28.255s][debug][gc,heap        ] GC(54)   from space 4352K, 100% used [0x0000000782680000, 0x0000000782ac0000, 0x0000000782ac0000)
[28.255s][debug][gc,heap        ] GC(54)   to   space 4352K,   0% used [0x0000000782240000, 0x0000000782240000, 0x0000000782680000)
[28.255s][debug][gc,heap        ] GC(54)  tenured generation   total 87424K, used 50847K [0x00000007aaaa0000, 0x00000007b0000000, 0x0000000800000000)
[28.255s][debug][gc,heap        ] GC(54)    the space 87424K,  58% used [0x00000007aaaa0000, 0x00000007adc47de8, 0x00000007adc47e00, 0x00000007b0000000)
[28.255s][debug][gc,heap        ] GC(54)  Metaspace       used 8857K, committed 9152K, reserved 1114112K
[28.255s][debug][gc,heap        ] GC(54)   class space    used 932K, committed 1088K, reserved 1048576K
[28.255s][info ][gc             ] GC(54) Pause Young (Allocation Failure) 83M->53M(123M) 14.090ms
[28.255s][info ][gc,cpu         ] GC(54) User=0.02s Sys=0.00s Real=0.01s
[28.575s][info ][gc,start       ] GC(55) Pause Young (Allocation Failure)
[28.575s][debug][gc,heap        ] GC(55) Heap before GC invocations=54 (full 1):
[28.575s][debug][gc,heap        ] GC(55)  def new generation   total 39424K, used 39424K [0x0000000780000000, 0x0000000782ac0000, 0x00000007aaaa0000)
[28.575s][debug][gc,heap        ] GC(55)   eden space 35072K, 100% used [0x0000000780000000, 0x0000000782240000, 0x0000000782240000)
[28.575s][debug][gc,heap        ] GC(55)   from space 4352K, 100% used [0x0000000782680000, 0x0000000782ac0000, 0x0000000782ac0000)
[28.575s][debug][gc,heap        ] GC(55)   to   space 4352K,   0% used [0x0000000782240000, 0x0000000782240000, 0x0000000782680000)
[28.575s][debug][gc,heap        ] GC(55)  tenured generation   total 87424K, used 50847K [0x00000007aaaa0000, 0x00000007b0000000, 0x0000000800000000)
[28.575s][debug][gc,heap        ] GC(55)    the space 87424K,  58% used [0x00000007aaaa0000, 0x00000007adc47de8, 0x00000007adc47e00, 0x00000007b0000000)
[28.575s][debug][gc,heap        ] GC(55)  Metaspace       used 8871K, committed 9216K, reserved 1114112K
[28.575s][debug][gc,heap        ] GC(55)   class space    used 932K, committed 1088K, reserved 1048576K
[28.576s][debug][gc,tlab        ] GC(55) TLAB totals: thrds: 4  refills: 88 max: 44 slow allocs: 30 max 15 waste:  0.2% gc: 6792B max: 2512B slow: 60032B max: 35664B
[28.587s][debug][gc,ref         ] GC(55) Skipped SoftWeakFinalRefsPhase of Reference Processing: no references
[28.587s][debug][gc,ref         ] GC(55) Skipped KeepAliveFinalRefsPhase of Reference Processing: no references
[28.587s][debug][gc,ref         ] GC(55) Skipped PhantomRefsPhase of Reference Processing: no references
[28.587s][debug][gc,phases,ref  ] GC(55) Reference Processing: 0.1ms
[28.587s][debug][gc,phases,ref  ] GC(55)   Notify Soft/WeakReferences: 0.1ms
[28.587s][debug][gc,phases,ref  ] GC(55)     SoftRef: skipped
[28.587s][debug][gc,phases,ref  ] GC(55)     WeakRef: skipped
[28.587s][debug][gc,phases,ref  ] GC(55)     FinalRef: skipped
[28.587s][debug][gc,phases,ref  ] GC(55)     Total: skipped
[28.587s][debug][gc,phases,ref  ] GC(55)   Notify and keep alive finalizable: 0.0ms
[28.587s][debug][gc,phases,ref  ] GC(55)     FinalRef: skipped
[28.587s][debug][gc,phases,ref  ] GC(55)   Notify PhantomReferences: 0.0ms
[28.587s][debug][gc,phases,ref  ] GC(55)     PhantomRef: skipped
[28.587s][debug][gc,phases,ref  ] GC(55)   SoftReference Discovered: 0, Dropped: 0, Processed: 0
[28.587s][debug][gc,phases,ref  ] GC(55)   WeakReference Discovered: 0, Dropped: 0, Processed: 0
[28.587s][debug][gc,phases,ref  ] GC(55)   FinalReference Discovered: 0, Dropped: 0, Processed: 0
[28.587s][debug][gc,phases,ref  ] GC(55)   PhantomReference Discovered: 0, Dropped: 0, Processed: 0
[28.588s][debug][gc,age         ] GC(55) Desired survivor size 2228224 bytes, new threshold 1 (max threshold 15)
[28.588s][info ][gc,heap        ] GC(55) DefNew: 39424K(39424K)->4351K(39424K) Eden: 35072K(35072K)->0K(35072K) From: 4352K(4352K)->4351K(4352K)
[28.588s][info ][gc,heap        ] GC(55) Tenured: 50847K(87424K)->53770K(87424K)
[28.588s][info ][gc,metaspace   ] GC(55) Metaspace: 8871K(9216K)->8871K(9216K) NonClass: 7939K(8128K)->7939K(8128K) Class: 932K(1088K)->932K(1088K)
[28.588s][debug][gc,heap        ] GC(55) Heap after GC invocations=55 (full 1):
[28.588s][debug][gc,heap        ] GC(55)  def new generation   total 39424K, used 4351K [0x0000000780000000, 0x0000000782ac0000, 0x00000007aaaa0000)
[28.588s][debug][gc,heap        ] GC(55)   eden space 35072K,   0% used [0x0000000780000000, 0x0000000780000000, 0x0000000782240000)
[28.588s][debug][gc,heap        ] GC(55)   from space 4352K,  99% used [0x0000000782240000, 0x000000078267fff8, 0x0000000782680000)
[28.588s][debug][gc,heap        ] GC(55)   to   space 4352K,   0% used [0x0000000782680000, 0x0000000782680000, 0x0000000782ac0000)
[28.588s][debug][gc,heap        ] GC(55)  tenured generation   total 87424K, used 53770K [0x00000007aaaa0000, 0x00000007b0000000, 0x0000000800000000)
[28.588s][debug][gc,heap        ] GC(55)    the space 87424K,  61% used [0x00000007aaaa0000, 0x00000007adf228a8, 0x00000007adf22a00, 0x00000007b0000000)
[28.588s][debug][gc,heap        ] GC(55)  Metaspace       used 8871K, committed 9216K, reserved 1114112K
[28.588s][debug][gc,heap        ] GC(55)   class space    used 932K, committed 1088K, reserved 1048576K
[28.588s][info ][gc             ] GC(55) Pause Young (Allocation Failure) 88M->56M(123M) 12.519ms
[28.588s][info ][gc,cpu         ] GC(55) User=0.02s Sys=0.00s Real=0.02s
[28.933s][info ][gc,start       ] GC(56) Pause Young (Allocation Failure)
[28.933s][debug][gc,heap        ] GC(56) Heap before GC invocations=55 (full 1):
[28.933s][debug][gc,heap        ] GC(56)  def new generation   total 39424K, used 39423K [0x0000000780000000, 0x0000000782ac0000, 0x00000007aaaa0000)
[28.933s][debug][gc,heap        ] GC(56)   eden space 35072K, 100% used [0x0000000780000000, 0x0000000782240000, 0x0000000782240000)
[28.933s][debug][gc,heap        ] GC(56)   from space 4352K,  99% used [0x0000000782240000, 0x000000078267fff8, 0x0000000782680000)
[28.933s][debug][gc,heap        ] GC(56)   to   space 4352K,   0% used [0x0000000782680000, 0x0000000782680000, 0x0000000782ac0000)
[28.933s][debug][gc,heap        ] GC(56)  tenured generation   total 87424K, used 53770K [0x00000007aaaa0000, 0x00000007b0000000, 0x0000000800000000)
[28.933s][debug][gc,heap        ] GC(56)    the space 87424K,  61% used [0x00000007aaaa0000, 0x00000007adf228a8, 0x00000007adf22a00, 0x00000007b0000000)
[28.933s][debug][gc,heap        ] GC(56)  Metaspace       used 8871K, committed 9216K, reserved 1114112K
[28.933s][debug][gc,heap        ] GC(56)   class space    used 932K, committed 1088K, reserved 1048576K
[28.933s][debug][gc,tlab        ] GC(56) TLAB totals: thrds: 1  refills: 44 max: 44 slow allocs: 8 max 8 waste:  0.1% gc: 0B max: 0B slow: 26128B max: 26128B
[28.944s][debug][gc,ref         ] GC(56) Skipped SoftWeakFinalRefsPhase of Reference Processing: no references
[28.944s][debug][gc,ref         ] GC(56) Skipped KeepAliveFinalRefsPhase of Reference Processing: no references
[28.944s][debug][gc,ref         ] GC(56) Skipped PhantomRefsPhase of Reference Processing: no references
[28.944s][debug][gc,phases,ref  ] GC(56) Reference Processing: 0.1ms
[28.944s][debug][gc,phases,ref  ] GC(56)   Notify Soft/WeakReferences: 0.1ms
[28.944s][debug][gc,phases,ref  ] GC(56)     SoftRef: skipped
[28.944s][debug][gc,phases,ref  ] GC(56)     WeakRef: skipped
[28.944s][debug][gc,phases,ref  ] GC(56)     FinalRef: skipped
[28.944s][debug][gc,phases,ref  ] GC(56)     Total: skipped
[28.944s][debug][gc,phases,ref  ] GC(56)   Notify and keep alive finalizable: 0.0ms
[28.945s][debug][gc,phases,ref  ] GC(56)     FinalRef: skipped
[28.945s][debug][gc,phases,ref  ] GC(56)   Notify PhantomReferences: 0.0ms
[28.945s][debug][gc,phases,ref  ] GC(56)     PhantomRef: skipped
[28.945s][debug][gc,phases,ref  ] GC(56)   SoftReference Discovered: 0, Dropped: 0, Processed: 0
[28.945s][debug][gc,phases,ref  ] GC(56)   WeakReference Discovered: 0, Dropped: 0, Processed: 0
[28.945s][debug][gc,phases,ref  ] GC(56)   FinalReference Discovered: 0, Dropped: 0, Processed: 0
[28.945s][debug][gc,phases,ref  ] GC(56)   PhantomReference Discovered: 0, Dropped: 0, Processed: 0
[28.945s][debug][gc,age         ] GC(56) Desired survivor size 2228224 bytes, new threshold 1 (max threshold 15)
[28.945s][info ][gc,heap        ] GC(56) DefNew: 39423K(39424K)->4351K(39424K) Eden: 35072K(35072K)->0K(35072K) From: 4351K(4352K)->4351K(4352K)
[28.945s][info ][gc,heap        ] GC(56) Tenured: 53770K(87424K)->55155K(87424K)
[28.945s][info ][gc,metaspace   ] GC(56) Metaspace: 8871K(9216K)->8871K(9216K) NonClass: 7939K(8128K)->7939K(8128K) Class: 932K(1088K)->932K(1088K)
[28.945s][debug][gc,heap        ] GC(56) Heap after GC invocations=56 (full 1):
[28.945s][debug][gc,heap        ] GC(56)  def new generation   total 39424K, used 4351K [0x0000000780000000, 0x0000000782ac0000, 0x00000007aaaa0000)
[28.945s][debug][gc,heap        ] GC(56)   eden space 35072K,   0% used [0x0000000780000000, 0x0000000780000000, 0x0000000782240000)
[28.945s][debug][gc,heap        ] GC(56)   from space 4352K,  99% used [0x0000000782680000, 0x0000000782abfff8, 0x0000000782ac0000)
[28.945s][debug][gc,heap        ] GC(56)   to   space 4352K,   0% used [0x0000000782240000, 0x0000000782240000, 0x0000000782680000)
[28.945s][debug][gc,heap        ] GC(56)  tenured generation   total 87424K, used 55155K [0x00000007aaaa0000, 0x00000007b0000000, 0x0000000800000000)
[28.945s][debug][gc,heap        ] GC(56)    the space 87424K,  63% used [0x00000007aaaa0000, 0x00000007ae07ce68, 0x00000007ae07d000, 0x00000007b0000000)
[28.945s][debug][gc,heap        ] GC(56)  Metaspace       used 8871K, committed 9216K, reserved 1114112K
[28.945s][debug][gc,heap        ] GC(56)   class space    used 932K, committed 1088K, reserved 1048576K
[28.945s][info ][gc             ] GC(56) Pause Young (Allocation Failure) 91M->58M(123M) 12.267ms
[28.945s][info ][gc,cpu         ] GC(56) User=0.02s Sys=0.00s Real=0.01s
[29.280s][info ][gc,start       ] GC(57) Pause Young (Allocation Failure)
[29.280s][debug][gc,heap        ] GC(57) Heap before GC invocations=56 (full 1):
[29.280s][debug][gc,heap        ] GC(57)  def new generation   total 39424K, used 39423K [0x0000000780000000, 0x0000000782ac0000, 0x00000007aaaa0000)
[29.280s][debug][gc,heap        ] GC(57)   eden space 35072K, 100% used [0x0000000780000000, 0x0000000782240000, 0x0000000782240000)
[29.280s][debug][gc,heap        ] GC(57)   from space 4352K,  99% used [0x0000000782680000, 0x0000000782abfff8, 0x0000000782ac0000)
[29.280s][debug][gc,heap        ] GC(57)   to   space 4352K,   0% used [0x0000000782240000, 0x0000000782240000, 0x0000000782680000)
[29.280s][debug][gc,heap        ] GC(57)  tenured generation   total 87424K, used 55155K [0x00000007aaaa0000, 0x00000007b0000000, 0x0000000800000000)
[29.280s][debug][gc,heap        ] GC(57)    the space 87424K,  63% used [0x00000007aaaa0000, 0x00000007ae07ce68, 0x00000007ae07d000, 0x00000007b0000000)
[29.280s][debug][gc,heap        ] GC(57)  Metaspace       used 8871K, committed 9216K, reserved 1114112K
[29.280s][debug][gc,heap        ] GC(57)   class space    used 932K, committed 1088K, reserved 1048576K
[29.280s][debug][gc,tlab        ] GC(57) TLAB totals: thrds: 1  refills: 44 max: 44 slow allocs: 9 max 9 waste:  0.1% gc: 0B max: 0B slow: 35216B max: 35216B
[29.288s][debug][gc,ref         ] GC(57) Skipped SoftWeakFinalRefsPhase of Reference Processing: no references
[29.288s][debug][gc,ref         ] GC(57) Skipped KeepAliveFinalRefsPhase of Reference Processing: no references
[29.288s][debug][gc,ref         ] GC(57) Skipped PhantomRefsPhase of Reference Processing: no references
[29.288s][debug][gc,phases,ref  ] GC(57) Reference Processing: 0.1ms
[29.288s][debug][gc,phases,ref  ] GC(57)   Notify Soft/WeakReferences: 0.1ms
[29.288s][debug][gc,phases,ref  ] GC(57)     SoftRef: skipped
[29.288s][debug][gc,phases,ref  ] GC(57)     WeakRef: skipped
[29.288s][debug][gc,phases,ref  ] GC(57)     FinalRef: skipped
[29.288s][debug][gc,phases,ref  ] GC(57)     Total: skipped
[29.288s][debug][gc,phases,ref  ] GC(57)   Notify and keep alive finalizable: 0.0ms
[29.288s][debug][gc,phases,ref  ] GC(57)     FinalRef: skipped
[29.288s][debug][gc,phases,ref  ] GC(57)   Notify PhantomReferences: 0.0ms
[29.288s][debug][gc,phases,ref  ] GC(57)     PhantomRef: skipped
[29.288s][debug][gc,phases,ref  ] GC(57)   SoftReference Discovered: 0, Dropped: 0, Processed: 0
[29.288s][debug][gc,phases,ref  ] GC(57)   WeakReference Discovered: 0, Dropped: 0, Processed: 0
[29.288s][debug][gc,phases,ref  ] GC(57)   FinalReference Discovered: 0, Dropped: 0, Processed: 0
[29.288s][debug][gc,phases,ref  ] GC(57)   PhantomReference Discovered: 0, Dropped: 0, Processed: 0
[29.288s][debug][gc,age         ] GC(57) Desired survivor size 2228224 bytes, new threshold 1 (max threshold 15)
[29.288s][info ][gc,heap        ] GC(57) DefNew: 39423K(39424K)->4351K(39424K) Eden: 35072K(35072K)->0K(35072K) From: 4351K(4352K)->4351K(4352K)
[29.288s][info ][gc,heap        ] GC(57) Tenured: 55155K(87424K)->55250K(87424K)
[29.288s][info ][gc,metaspace   ] GC(57) Metaspace: 8871K(9216K)->8871K(9216K) NonClass: 7939K(8128K)->7939K(8128K) Class: 932K(1088K)->932K(1088K)
[29.288s][debug][gc,heap        ] GC(57) Heap after GC invocations=57 (full 1):
[29.288s][debug][gc,heap        ] GC(57)  def new generation   total 39424K, used 4351K [0x0000000780000000, 0x0000000782ac0000, 0x00000007aaaa0000)
[29.288s][debug][gc,heap        ] GC(57)   eden space 35072K,   0% used [0x0000000780000000, 0x0000000780000000, 0x0000000782240000)
[29.288s][debug][gc,heap        ] GC(57)   from space 4352K,  99% used [0x0000000782240000, 0x000000078267ffe8, 0x0000000782680000)
[29.288s][debug][gc,heap        ] GC(57)   to   space 4352K,   0% used [0x0000000782680000, 0x0000000782680000, 0x0000000782ac0000)
[29.288s][debug][gc,heap        ] GC(57)  tenured generation   total 87424K, used 55250K [0x00000007aaaa0000, 0x00000007b0000000, 0x0000000800000000)
[29.288s][debug][gc,heap        ] GC(57)    the space 87424K,  63% used [0x00000007aaaa0000, 0x00000007ae094bc8, 0x00000007ae094c00, 0x00000007b0000000)
[29.288s][debug][gc,heap        ] GC(57)  Metaspace       used 8871K, committed 9216K, reserved 1114112K
[29.288s][debug][gc,heap        ] GC(57)   class space    used 932K, committed 1088K, reserved 1048576K
[29.288s][info ][gc             ] GC(57) Pause Young (Allocation Failure) 92M->58M(123M) 8.568ms
[29.288s][info ][gc,cpu         ] GC(57) User=0.01s Sys=0.00s Real=0.01s
[29.622s][info ][gc,start       ] GC(58) Pause Young (Allocation Failure)
[29.622s][debug][gc,heap        ] GC(58) Heap before GC invocations=57 (full 1):
[29.622s][debug][gc,heap        ] GC(58)  def new generation   total 39424K, used 39423K [0x0000000780000000, 0x0000000782ac0000, 0x00000007aaaa0000)
[29.622s][debug][gc,heap        ] GC(58)   eden space 35072K, 100% used [0x0000000780000000, 0x0000000782240000, 0x0000000782240000)
[29.622s][debug][gc,heap        ] GC(58)   from space 4352K,  99% used [0x0000000782240000, 0x000000078267ffe8, 0x0000000782680000)
[29.623s][debug][gc,heap        ] GC(58)   to   space 4352K,   0% used [0x0000000782680000, 0x0000000782680000, 0x0000000782ac0000)
[29.623s][debug][gc,heap        ] GC(58)  tenured generation   total 87424K, used 55250K [0x00000007aaaa0000, 0x00000007b0000000, 0x0000000800000000)
[29.623s][debug][gc,heap        ] GC(58)    the space 87424K,  63% used [0x00000007aaaa0000, 0x00000007ae094bc8, 0x00000007ae094c00, 0x00000007b0000000)
[29.623s][debug][gc,heap        ] GC(58)  Metaspace       used 8882K, committed 9216K, reserved 1114112K
[29.623s][debug][gc,heap        ] GC(58)   class space    used 933K, committed 1088K, reserved 1048576K
[29.623s][debug][gc,tlab        ] GC(58) TLAB totals: thrds: 4  refills: 101 max: 46 slow allocs: 30 max 19 waste:  0.2% gc: 6624B max: 2344B slow: 65072B max: 34208B
[29.628s][debug][gc,ref         ] GC(58) Skipped SoftWeakFinalRefsPhase of Reference Processing: no references
[29.628s][debug][gc,ref         ] GC(58) Skipped KeepAliveFinalRefsPhase of Reference Processing: no references
[29.628s][debug][gc,ref         ] GC(58) Skipped PhantomRefsPhase of Reference Processing: no references
[29.628s][debug][gc,phases,ref  ] GC(58) Reference Processing: 0.1ms
[29.628s][debug][gc,phases,ref  ] GC(58)   Notify Soft/WeakReferences: 0.1ms
[29.628s][debug][gc,phases,ref  ] GC(58)     SoftRef: skipped
[29.628s][debug][gc,phases,ref  ] GC(58)     WeakRef: skipped
[29.628s][debug][gc,phases,ref  ] GC(58)     FinalRef: skipped
[29.628s][debug][gc,phases,ref  ] GC(58)     Total: skipped
[29.628s][debug][gc,phases,ref  ] GC(58)   Notify and keep alive finalizable: 0.0ms
[29.628s][debug][gc,phases,ref  ] GC(58)     FinalRef: skipped
[29.628s][debug][gc,phases,ref  ] GC(58)   Notify PhantomReferences: 0.0ms
[29.628s][debug][gc,phases,ref  ] GC(58)     PhantomRef: skipped
[29.628s][debug][gc,phases,ref  ] GC(58)   SoftReference Discovered: 0, Dropped: 0, Processed: 0
[29.628s][debug][gc,phases,ref  ] GC(58)   WeakReference Discovered: 0, Dropped: 0, Processed: 0
[29.628s][debug][gc,phases,ref  ] GC(58)   FinalReference Discovered: 0, Dropped: 0, Processed: 0
[29.628s][debug][gc,phases,ref  ] GC(58)   PhantomReference Discovered: 0, Dropped: 0, Processed: 0
[29.628s][debug][gc,age         ] GC(58) Desired survivor size 2228224 bytes, new threshold 1 (max threshold 15)
[29.628s][info ][gc,heap        ] GC(58) DefNew: 39423K(39424K)->2743K(39424K) Eden: 35072K(35072K)->0K(35072K) From: 4351K(4352K)->2743K(4352K)
[29.629s][info ][gc,heap        ] GC(58) Tenured: 55250K(87424K)->55250K(87424K)
[29.629s][info ][gc,metaspace   ] GC(58) Metaspace: 8882K(9216K)->8882K(9216K) NonClass: 7949K(8128K)->7949K(8128K) Class: 933K(1088K)->933K(1088K)
[29.629s][debug][gc,heap        ] GC(58) Heap after GC invocations=58 (full 1):
[29.629s][debug][gc,heap        ] GC(58)  def new generation   total 39424K, used 2743K [0x0000000780000000, 0x0000000782ac0000, 0x00000007aaaa0000)
[29.629s][debug][gc,heap        ] GC(58)   eden space 35072K,   0% used [0x0000000780000000, 0x0000000780000000, 0x0000000782240000)
[29.629s][debug][gc,heap        ] GC(58)   from space 4352K,  63% used [0x0000000782680000, 0x000000078292df28, 0x0000000782ac0000)
[29.629s][debug][gc,heap        ] GC(58)   to   space 4352K,   0% used [0x0000000782240000, 0x0000000782240000, 0x0000000782680000)
[29.629s][debug][gc,heap        ] GC(58)  tenured generation   total 87424K, used 55250K [0x00000007aaaa0000, 0x00000007b0000000, 0x0000000800000000)
[29.629s][debug][gc,heap        ] GC(58)    the space 87424K,  63% used [0x00000007aaaa0000, 0x00000007ae094bc8, 0x00000007ae094c00, 0x00000007b0000000)
[29.629s][debug][gc,heap        ] GC(58)  Metaspace       used 8882K, committed 9216K, reserved 1114112K
[29.629s][debug][gc,heap        ] GC(58)   class space    used 933K, committed 1088K, reserved 1048576K
[29.629s][info ][gc             ] GC(58) Pause Young (Allocation Failure) 92M->56M(123M) 6.492ms
[29.629s][info ][gc,cpu         ] GC(58) User=0.01s Sys=0.00s Real=0.01s
[29.968s][info ][gc,start       ] GC(59) Pause Young (Allocation Failure)
[29.968s][debug][gc,heap        ] GC(59) Heap before GC invocations=58 (full 1):
[29.968s][debug][gc,heap        ] GC(59)  def new generation   total 39424K, used 37815K [0x0000000780000000, 0x0000000782ac0000, 0x00000007aaaa0000)
[29.968s][debug][gc,heap        ] GC(59)   eden space 35072K, 100% used [0x0000000780000000, 0x0000000782240000, 0x0000000782240000)
[29.968s][debug][gc,heap        ] GC(59)   from space 4352K,  63% used [0x0000000782680000, 0x000000078292df28, 0x0000000782ac0000)
[29.968s][debug][gc,heap        ] GC(59)   to   space 4352K,   0% used [0x0000000782240000, 0x0000000782240000, 0x0000000782680000)
[29.968s][debug][gc,heap        ] GC(59)  tenured generation   total 87424K, used 55250K [0x00000007aaaa0000, 0x00000007b0000000, 0x0000000800000000)
[29.968s][debug][gc,heap        ] GC(59)    the space 87424K,  63% used [0x00000007aaaa0000, 0x00000007ae094bc8, 0x00000007ae094c00, 0x00000007b0000000)
[29.969s][debug][gc,heap        ] GC(59)  Metaspace       used 8882K, committed 9216K, reserved 1114112K
[29.969s][debug][gc,heap        ] GC(59)   class space    used 933K, committed 1088K, reserved 1048576K
[29.969s][debug][gc,tlab        ] GC(59) TLAB totals: thrds: 1  refills: 43 max: 43 slow allocs: 12 max 12 waste:  0.4% gc: 98816B max: 98816B slow: 25008B max: 25008B
[29.972s][debug][gc,ref         ] GC(59) Skipped SoftWeakFinalRefsPhase of Reference Processing: no references
[29.972s][debug][gc,ref         ] GC(59) Skipped KeepAliveFinalRefsPhase of Reference Processing: no references
[29.972s][debug][gc,ref         ] GC(59) Skipped PhantomRefsPhase of Reference Processing: no references
[29.972s][debug][gc,phases,ref  ] GC(59) Reference Processing: 0.2ms
[29.973s][debug][gc,phases,ref  ] GC(59)   Notify Soft/WeakReferences: 0.1ms
[29.973s][debug][gc,phases,ref  ] GC(59)     SoftRef: skipped
[29.973s][debug][gc,phases,ref  ] GC(59)     WeakRef: skipped
[29.973s][debug][gc,phases,ref  ] GC(59)     FinalRef: skipped
[29.973s][debug][gc,phases,ref  ] GC(59)     Total: skipped
[29.973s][debug][gc,phases,ref  ] GC(59)   Notify and keep alive finalizable: 0.0ms
[29.973s][debug][gc,phases,ref  ] GC(59)     FinalRef: skipped
[29.973s][debug][gc,phases,ref  ] GC(59)   Notify PhantomReferences: 0.0ms
[29.973s][debug][gc,phases,ref  ] GC(59)     PhantomRef: skipped
[29.973s][debug][gc,phases,ref  ] GC(59)   SoftReference Discovered: 0, Dropped: 0, Processed: 0
[29.973s][debug][gc,phases,ref  ] GC(59)   WeakReference Discovered: 0, Dropped: 0, Processed: 0
[29.973s][debug][gc,phases,ref  ] GC(59)   FinalReference Discovered: 0, Dropped: 0, Processed: 0
[29.973s][debug][gc,phases,ref  ] GC(59)   PhantomReference Discovered: 0, Dropped: 0, Processed: 0
[29.973s][debug][gc,age         ] GC(59) Desired survivor size 2228224 bytes, new threshold 15 (max threshold 15)
[29.973s][info ][gc,heap        ] GC(59) DefNew: 37815K(39424K)->1302K(39424K) Eden: 35072K(35072K)->0K(35072K) From: 2743K(4352K)->1302K(4352K)
[29.973s][info ][gc,heap        ] GC(59) Tenured: 55250K(87424K)->55251K(87424K)
[29.973s][info ][gc,metaspace   ] GC(59) Metaspace: 8882K(9216K)->8882K(9216K) NonClass: 7949K(8128K)->7949K(8128K) Class: 933K(1088K)->933K(1088K)
[29.974s][debug][gc,heap        ] GC(59) Heap after GC invocations=59 (full 1):
[29.974s][debug][gc,heap        ] GC(59)  def new generation   total 39424K, used 1302K [0x0000000780000000, 0x0000000782ac0000, 0x00000007aaaa0000)
[29.974s][debug][gc,heap        ] GC(59)   eden space 35072K,   0% used [0x0000000780000000, 0x0000000780000000, 0x0000000782240000)
[29.974s][debug][gc,heap        ] GC(59)   from space 4352K,  29% used [0x0000000782240000, 0x0000000782385980, 0x0000000782680000)
[29.974s][debug][gc,heap        ] GC(59)   to   space 4352K,   0% used [0x0000000782680000, 0x0000000782680000, 0x0000000782ac0000)
[29.974s][debug][gc,heap        ] GC(59)  tenured generation   total 87424K, used 55251K [0x00000007aaaa0000, 0x00000007b0000000, 0x0000000800000000)
[29.974s][debug][gc,heap        ] GC(59)    the space 87424K,  63% used [0x00000007aaaa0000, 0x00000007ae094ef0, 0x00000007ae095000, 0x00000007b0000000)
[29.974s][debug][gc,heap        ] GC(59)  Metaspace       used 8882K, committed 9216K, reserved 1114112K
[29.974s][debug][gc,heap        ] GC(59)   class space    used 933K, committed 1088K, reserved 1048576K
[29.974s][info ][gc             ] GC(59) Pause Young (Allocation Failure) 90M->55M(123M) 5.545ms
[29.974s][info ][gc,cpu         ] GC(59) User=0.00s Sys=0.00s Real=0.00s
[30.206s][info ][gc,start       ] GC(60) Pause Young (Allocation Failure)
[30.206s][debug][gc,heap        ] GC(60) Heap before GC invocations=59 (full 1):
[30.206s][debug][gc,heap        ] GC(60)  def new generation   total 39424K, used 35664K [0x0000000780000000, 0x0000000782ac0000, 0x00000007aaaa0000)
[30.206s][debug][gc,heap        ] GC(60)   eden space 35072K,  97% used [0x0000000780000000, 0x000000078218e690, 0x0000000782240000)
[30.206s][debug][gc,heap        ] GC(60)   from space 4352K,  29% used [0x0000000782240000, 0x0000000782385980, 0x0000000782680000)
[30.206s][debug][gc,heap        ] GC(60)   to   space 4352K,   0% used [0x0000000782680000, 0x0000000782680000, 0x0000000782ac0000)
[30.206s][debug][gc,heap        ] GC(60)  tenured generation   total 87424K, used 55251K [0x00000007aaaa0000, 0x00000007b0000000, 0x0000000800000000)
[30.206s][debug][gc,heap        ] GC(60)    the space 87424K,  63% used [0x00000007aaaa0000, 0x00000007ae094ef0, 0x00000007ae095000, 0x00000007b0000000)
[30.206s][debug][gc,heap        ] GC(60)  Metaspace       used 8882K, committed 9216K, reserved 1114112K
[30.206s][debug][gc,heap        ] GC(60)   class space    used 933K, committed 1088K, reserved 1048576K
[30.206s][debug][gc,tlab        ] GC(60) TLAB totals: thrds: 1  refills: 43 max: 43 slow allocs: 9 max 9 waste:  1.1% gc: 324064B max: 324064B slow: 24544B max: 24544B
[30.222s][debug][gc,ref         ] GC(60) Skipped SoftWeakFinalRefsPhase of Reference Processing: no references
[30.222s][debug][gc,ref         ] GC(60) Skipped KeepAliveFinalRefsPhase of Reference Processing: no references
[30.222s][debug][gc,ref         ] GC(60) Skipped PhantomRefsPhase of Reference Processing: no references
[30.222s][debug][gc,phases,ref  ] GC(60) Reference Processing: 0.1ms
[30.222s][debug][gc,phases,ref  ] GC(60)   Notify Soft/WeakReferences: 0.0ms
[30.222s][debug][gc,phases,ref  ] GC(60)     SoftRef: skipped
[30.222s][debug][gc,phases,ref  ] GC(60)     WeakRef: skipped
[30.222s][debug][gc,phases,ref  ] GC(60)     FinalRef: skipped
[30.222s][debug][gc,phases,ref  ] GC(60)     Total: skipped
[30.222s][debug][gc,phases,ref  ] GC(60)   Notify and keep alive finalizable: 0.0ms
[30.222s][debug][gc,phases,ref  ] GC(60)     FinalRef: skipped
[30.222s][debug][gc,phases,ref  ] GC(60)   Notify PhantomReferences: 0.0ms
[30.222s][debug][gc,phases,ref  ] GC(60)     PhantomRef: skipped
[30.222s][debug][gc,phases,ref  ] GC(60)   SoftReference Discovered: 0, Dropped: 0, Processed: 0
[30.222s][debug][gc,phases,ref  ] GC(60)   WeakReference Discovered: 0, Dropped: 0, Processed: 0
[30.222s][debug][gc,phases,ref  ] GC(60)   FinalReference Discovered: 0, Dropped: 0, Processed: 0
[30.223s][debug][gc,phases,ref  ] GC(60)   PhantomReference Discovered: 0, Dropped: 0, Processed: 0
[30.223s][debug][gc,age         ] GC(60) Desired survivor size 2228224 bytes, new threshold 1 (max threshold 15)
[30.223s][info ][gc,heap        ] GC(60) DefNew: 35664K(39424K)->4351K(39424K) Eden: 34361K(35072K)->0K(35072K) From: 1302K(4352K)->4351K(4352K)
[30.223s][info ][gc,heap        ] GC(60) Tenured: 55251K(87424K)->61386K(87424K)
[30.223s][info ][gc,metaspace   ] GC(60) Metaspace: 8882K(9216K)->8882K(9216K) NonClass: 7949K(8128K)->7949K(8128K) Class: 933K(1088K)->933K(1088K)
[30.223s][debug][gc,heap        ] GC(60) Heap after GC invocations=60 (full 1):
[30.223s][debug][gc,heap        ] GC(60)  def new generation   total 39424K, used 4351K [0x0000000780000000, 0x0000000782ac0000, 0x00000007aaaa0000)
[30.223s][debug][gc,heap        ] GC(60)   eden space 35072K,   0% used [0x0000000780000000, 0x0000000780000000, 0x0000000782240000)
[30.223s][debug][gc,heap        ] GC(60)   from space 4352K,  99% used [0x0000000782680000, 0x0000000782abfff8, 0x0000000782ac0000)
[30.223s][debug][gc,heap        ] GC(60)   to   space 4352K,   0% used [0x0000000782240000, 0x0000000782240000, 0x0000000782680000)
[30.223s][debug][gc,heap        ] GC(60)  tenured generation   total 87424K, used 61386K [0x00000007aaaa0000, 0x00000007b0000000, 0x0000000800000000)
[30.223s][debug][gc,heap        ] GC(60)    the space 87424K,  70% used [0x00000007aaaa0000, 0x00000007ae692878, 0x00000007ae692a00, 0x00000007b0000000)
[30.223s][debug][gc,heap        ] GC(60)  Metaspace       used 8882K, committed 9216K, reserved 1114112K
[30.223s][debug][gc,heap        ] GC(60)   class space    used 933K, committed 1088K, reserved 1048576K
[30.223s][info ][gc             ] GC(60) Pause Young (Allocation Failure) 88M->64M(123M) 17.362ms
[30.223s][info ][gc,cpu         ] GC(60) User=0.02s Sys=0.01s Real=0.02s
[30.570s][info ][gc,start       ] GC(61) Pause Young (Allocation Failure)
[30.570s][debug][gc,heap        ] GC(61) Heap before GC invocations=60 (full 1):
[30.570s][debug][gc,heap        ] GC(61)  def new generation   total 39424K, used 39423K [0x0000000780000000, 0x0000000782ac0000, 0x00000007aaaa0000)
[30.570s][debug][gc,heap        ] GC(61)   eden space 35072K, 100% used [0x0000000780000000, 0x0000000782240000, 0x0000000782240000)
[30.570s][debug][gc,heap        ] GC(61)   from space 4352K,  99% used [0x0000000782680000, 0x0000000782abfff8, 0x0000000782ac0000)
[30.570s][debug][gc,heap        ] GC(61)   to   space 4352K,   0% used [0x0000000782240000, 0x0000000782240000, 0x0000000782680000)
[30.570s][debug][gc,heap        ] GC(61)  tenured generation   total 87424K, used 61386K [0x00000007aaaa0000, 0x00000007b0000000, 0x0000000800000000)
[30.570s][debug][gc,heap        ] GC(61)    the space 87424K,  70% used [0x00000007aaaa0000, 0x00000007ae692878, 0x00000007ae692a00, 0x00000007b0000000)
[30.570s][debug][gc,heap        ] GC(61)  Metaspace       used 8892K, committed 9216K, reserved 1114112K
[30.570s][debug][gc,heap        ] GC(61)   class space    used 933K, committed 1088K, reserved 1048576K
[30.571s][debug][gc,tlab        ] GC(61) TLAB totals: thrds: 5  refills: 91 max: 46 slow allocs: 26 max 17 waste:  0.2% gc: 11712B max: 4728B slow: 51232B max: 26800B
[30.583s][debug][gc,ref         ] GC(61) Skipped SoftWeakFinalRefsPhase of Reference Processing: no references
[30.583s][debug][gc,ref         ] GC(61) Skipped KeepAliveFinalRefsPhase of Reference Processing: no references
[30.583s][debug][gc,ref         ] GC(61) Skipped PhantomRefsPhase of Reference Processing: no references
[30.583s][debug][gc,phases,ref  ] GC(61) Reference Processing: 0.1ms
[30.583s][debug][gc,phases,ref  ] GC(61)   Notify Soft/WeakReferences: 0.1ms
[30.583s][debug][gc,phases,ref  ] GC(61)     SoftRef: skipped
[30.583s][debug][gc,phases,ref  ] GC(61)     WeakRef: skipped
[30.583s][debug][gc,phases,ref  ] GC(61)     FinalRef: skipped
[30.583s][debug][gc,phases,ref  ] GC(61)     Total: skipped
[30.583s][debug][gc,phases,ref  ] GC(61)   Notify and keep alive finalizable: 0.0ms
[30.583s][debug][gc,phases,ref  ] GC(61)     FinalRef: skipped
[30.583s][debug][gc,phases,ref  ] GC(61)   Notify PhantomReferences: 0.0ms
[30.583s][debug][gc,phases,ref  ] GC(61)     PhantomRef: skipped
[30.583s][debug][gc,phases,ref  ] GC(61)   SoftReference Discovered: 0, Dropped: 0, Processed: 0
[30.583s][debug][gc,phases,ref  ] GC(61)   WeakReference Discovered: 0, Dropped: 0, Processed: 0
[30.583s][debug][gc,phases,ref  ] GC(61)   FinalReference Discovered: 0, Dropped: 0, Processed: 0
[30.583s][debug][gc,phases,ref  ] GC(61)   PhantomReference Discovered: 0, Dropped: 0, Processed: 0
[30.583s][debug][gc,age         ] GC(61) Desired survivor size 2228224 bytes, new threshold 1 (max threshold 15)
[30.583s][info ][gc,heap        ] GC(61) DefNew: 39423K(39424K)->4352K(39424K) Eden: 35072K(35072K)->0K(35072K) From: 4351K(4352K)->4352K(4352K)
[30.583s][info ][gc,heap        ] GC(61) Tenured: 61386K(87424K)->65850K(87424K)
[30.583s][info ][gc,metaspace   ] GC(61) Metaspace: 8892K(9216K)->8892K(9216K) NonClass: 7959K(8128K)->7959K(8128K) Class: 933K(1088K)->933K(1088K)
[30.583s][debug][gc,heap        ] GC(61) Heap after GC invocations=61 (full 1):
[30.583s][debug][gc,heap        ] GC(61)  def new generation   total 39424K, used 4352K [0x0000000780000000, 0x0000000782ac0000, 0x00000007aaaa0000)
[30.584s][debug][gc,heap        ] GC(61)   eden space 35072K,   0% used [0x0000000780000000, 0x0000000780000000, 0x0000000782240000)
[30.584s][debug][gc,heap        ] GC(61)   from space 4352K, 100% used [0x0000000782240000, 0x0000000782680000, 0x0000000782680000)
[30.584s][debug][gc,heap        ] GC(61)   to   space 4352K,   0% used [0x0000000782680000, 0x0000000782680000, 0x0000000782ac0000)
[30.584s][debug][gc,heap        ] GC(61)  tenured generation   total 87424K, used 65850K [0x00000007aaaa0000, 0x00000007b0000000, 0x0000000800000000)
[30.584s][debug][gc,heap        ] GC(61)    the space 87424K,  75% used [0x00000007aaaa0000, 0x00000007aeaeeb30, 0x00000007aeaeec00, 0x00000007b0000000)
[30.584s][debug][gc,heap        ] GC(61)  Metaspace       used 8892K, committed 9216K, reserved 1114112K
[30.584s][debug][gc,heap        ] GC(61)   class space    used 933K, committed 1088K, reserved 1048576K
[30.584s][info ][gc             ] GC(61) Pause Young (Allocation Failure) 98M->68M(123M) 13.338ms
[30.584s][info ][gc,cpu         ] GC(61) User=0.02s Sys=0.00s Real=0.01s
[30.920s][info ][gc,start       ] GC(62) Pause Young (Allocation Failure)
[30.920s][debug][gc,heap        ] GC(62) Heap before GC invocations=61 (full 1):
[30.920s][debug][gc,heap        ] GC(62)  def new generation   total 39424K, used 39424K [0x0000000780000000, 0x0000000782ac0000, 0x00000007aaaa0000)
[30.920s][debug][gc,heap        ] GC(62)   eden space 35072K, 100% used [0x0000000780000000, 0x0000000782240000, 0x0000000782240000)
[30.920s][debug][gc,heap        ] GC(62)   from space 4352K, 100% used [0x0000000782240000, 0x0000000782680000, 0x0000000782680000)
[30.920s][debug][gc,heap        ] GC(62)   to   space 4352K,   0% used [0x0000000782680000, 0x0000000782680000, 0x0000000782ac0000)
[30.920s][debug][gc,heap        ] GC(62)  tenured generation   total 87424K, used 65850K [0x00000007aaaa0000, 0x00000007b0000000, 0x0000000800000000)
[30.920s][debug][gc,heap        ] GC(62)    the space 87424K,  75% used [0x00000007aaaa0000, 0x00000007aeaeeb30, 0x00000007aeaeec00, 0x00000007b0000000)
[30.920s][debug][gc,heap        ] GC(62)  Metaspace       used 8895K, committed 9216K, reserved 1114112K
[30.920s][debug][gc,heap        ] GC(62)   class space    used 933K, committed 1088K, reserved 1048576K
[30.920s][debug][gc,tlab        ] GC(62) TLAB totals: thrds: 1  refills: 44 max: 44 slow allocs: 7 max 7 waste:  0.1% gc: 0B max: 0B slow: 25840B max: 25840B
[30.933s][debug][gc,ref         ] GC(62) Skipped SoftWeakFinalRefsPhase of Reference Processing: no references
[30.933s][debug][gc,ref         ] GC(62) Skipped KeepAliveFinalRefsPhase of Reference Processing: no references
[30.933s][debug][gc,ref         ] GC(62) Skipped PhantomRefsPhase of Reference Processing: no references
[30.933s][debug][gc,phases,ref  ] GC(62) Reference Processing: 0.1ms
[30.933s][debug][gc,phases,ref  ] GC(62)   Notify Soft/WeakReferences: 0.1ms
[30.933s][debug][gc,phases,ref  ] GC(62)     SoftRef: skipped
[30.933s][debug][gc,phases,ref  ] GC(62)     WeakRef: skipped
[30.933s][debug][gc,phases,ref  ] GC(62)     FinalRef: skipped
[30.933s][debug][gc,phases,ref  ] GC(62)     Total: skipped
[30.933s][debug][gc,phases,ref  ] GC(62)   Notify and keep alive finalizable: 0.0ms
[30.933s][debug][gc,phases,ref  ] GC(62)     FinalRef: skipped
[30.933s][debug][gc,phases,ref  ] GC(62)   Notify PhantomReferences: 0.0ms
[30.933s][debug][gc,phases,ref  ] GC(62)     PhantomRef: skipped
[30.933s][debug][gc,phases,ref  ] GC(62)   SoftReference Discovered: 0, Dropped: 0, Processed: 0
[30.933s][debug][gc,phases,ref  ] GC(62)   WeakReference Discovered: 0, Dropped: 0, Processed: 0
[30.933s][debug][gc,phases,ref  ] GC(62)   FinalReference Discovered: 0, Dropped: 0, Processed: 0
[30.933s][debug][gc,phases,ref  ] GC(62)   PhantomReference Discovered: 0, Dropped: 0, Processed: 0
[30.933s][debug][gc,age         ] GC(62) Desired survivor size 2228224 bytes, new threshold 1 (max threshold 15)
[30.933s][info ][gc,heap        ] GC(62) DefNew: 39424K(39424K)->4352K(39424K) Eden: 35072K(35072K)->0K(35072K) From: 4352K(4352K)->4352K(4352K)
[30.933s][info ][gc,heap        ] GC(62) Tenured: 65850K(87424K)->68778K(87424K)
[30.933s][info ][gc,metaspace   ] GC(62) Metaspace: 8895K(9216K)->8895K(9216K) NonClass: 7962K(8128K)->7962K(8128K) Class: 933K(1088K)->933K(1088K)
[30.933s][debug][gc,heap        ] GC(62) Heap after GC invocations=62 (full 1):
[30.933s][debug][gc,heap        ] GC(62)  def new generation   total 39424K, used 4352K [0x0000000780000000, 0x0000000782ac0000, 0x00000007aaaa0000)
[30.933s][debug][gc,heap        ] GC(62)   eden space 35072K,   0% used [0x0000000780000000, 0x0000000780000000, 0x0000000782240000)
[30.933s][debug][gc,heap        ] GC(62)   from space 4352K, 100% used [0x0000000782680000, 0x0000000782ac0000, 0x0000000782ac0000)
[30.933s][debug][gc,heap        ] GC(62)   to   space 4352K,   0% used [0x0000000782240000, 0x0000000782240000, 0x0000000782680000)
[30.933s][debug][gc,heap        ] GC(62)  tenured generation   total 87424K, used 68778K [0x00000007aaaa0000, 0x00000007b0000000, 0x0000000800000000)
[30.933s][debug][gc,heap        ] GC(62)    the space 87424K,  78% used [0x00000007aaaa0000, 0x00000007aedcaa08, 0x00000007aedcac00, 0x00000007b0000000)
[30.933s][debug][gc,heap        ] GC(62)  Metaspace       used 8895K, committed 9216K, reserved 1114112K
[30.933s][debug][gc,heap        ] GC(62)   class space    used 933K, committed 1088K, reserved 1048576K
[30.933s][info ][gc             ] GC(62) Pause Young (Allocation Failure) 102M->71M(123M) 13.430ms
[30.933s][info ][gc,cpu         ] GC(62) User=0.02s Sys=0.00s Real=0.01s
[31.272s][info ][gc,start       ] GC(63) Pause Young (Allocation Failure)
[31.272s][debug][gc,heap        ] GC(63) Heap before GC invocations=62 (full 1):
[31.272s][debug][gc,heap        ] GC(63)  def new generation   total 39424K, used 39424K [0x0000000780000000, 0x0000000782ac0000, 0x00000007aaaa0000)
[31.272s][debug][gc,heap        ] GC(63)   eden space 35072K, 100% used [0x0000000780000000, 0x0000000782240000, 0x0000000782240000)
[31.272s][debug][gc,heap        ] GC(63)   from space 4352K, 100% used [0x0000000782680000, 0x0000000782ac0000, 0x0000000782ac0000)
[31.272s][debug][gc,heap        ] GC(63)   to   space 4352K,   0% used [0x0000000782240000, 0x0000000782240000, 0x0000000782680000)
[31.272s][debug][gc,heap        ] GC(63)  tenured generation   total 87424K, used 68778K [0x00000007aaaa0000, 0x00000007b0000000, 0x0000000800000000)
[31.272s][debug][gc,heap        ] GC(63)    the space 87424K,  78% used [0x00000007aaaa0000, 0x00000007aedcaa08, 0x00000007aedcac00, 0x00000007b0000000)
[31.272s][debug][gc,heap        ] GC(63)  Metaspace       used 8895K, committed 9216K, reserved 1114112K
[31.272s][debug][gc,heap        ] GC(63)   class space    used 933K, committed 1088K, reserved 1048576K
[31.272s][debug][gc,tlab        ] GC(63) TLAB totals: thrds: 1  refills: 45 max: 45 slow allocs: 6 max 6 waste:  0.1% gc: 0B max: 0B slow: 26024B max: 26024B
[31.281s][debug][gc,ref         ] GC(63) Skipped SoftWeakFinalRefsPhase of Reference Processing: no references
[31.281s][debug][gc,ref         ] GC(63) Skipped KeepAliveFinalRefsPhase of Reference Processing: no references
[31.281s][debug][gc,ref         ] GC(63) Skipped PhantomRefsPhase of Reference Processing: no references
[31.281s][debug][gc,phases,ref  ] GC(63) Reference Processing: 0.1ms
[31.281s][debug][gc,phases,ref  ] GC(63)   Notify Soft/WeakReferences: 0.1ms
[31.281s][debug][gc,phases,ref  ] GC(63)     SoftRef: skipped
[31.281s][debug][gc,phases,ref  ] GC(63)     WeakRef: skipped
[31.281s][debug][gc,phases,ref  ] GC(63)     FinalRef: skipped
[31.281s][debug][gc,phases,ref  ] GC(63)     Total: skipped
[31.281s][debug][gc,phases,ref  ] GC(63)   Notify and keep alive finalizable: 0.0ms
[31.281s][debug][gc,phases,ref  ] GC(63)     FinalRef: skipped
[31.281s][debug][gc,phases,ref  ] GC(63)   Notify PhantomReferences: 0.0ms
[31.281s][debug][gc,phases,ref  ] GC(63)     PhantomRef: skipped
[31.281s][debug][gc,phases,ref  ] GC(63)   SoftReference Discovered: 0, Dropped: 0, Processed: 0
[31.281s][debug][gc,phases,ref  ] GC(63)   WeakReference Discovered: 0, Dropped: 0, Processed: 0
[31.281s][debug][gc,phases,ref  ] GC(63)   FinalReference Discovered: 0, Dropped: 0, Processed: 0
[31.282s][debug][gc,phases,ref  ] GC(63)   PhantomReference Discovered: 0, Dropped: 0, Processed: 0
[31.282s][debug][gc,age         ] GC(63) Desired survivor size 2228224 bytes, new threshold 1 (max threshold 15)
[31.282s][info ][gc,heap        ] GC(63) DefNew: 39424K(39424K)->4352K(39424K) Eden: 35072K(35072K)->0K(35072K) From: 4352K(4352K)->4352K(4352K)
[31.282s][info ][gc,heap        ] GC(63) Tenured: 68778K(87424K)->70168K(87424K)
[31.282s][info ][gc,metaspace   ] GC(63) Metaspace: 8895K(9216K)->8895K(9216K) NonClass: 7962K(8128K)->7962K(8128K) Class: 933K(1088K)->933K(1088K)
[31.282s][debug][gc,heap        ] GC(63) Heap after GC invocations=63 (full 1):
[31.282s][debug][gc,heap        ] GC(63)  def new generation   total 39424K, used 4352K [0x0000000780000000, 0x0000000782ac0000, 0x00000007aaaa0000)
[31.282s][debug][gc,heap        ] GC(63)   eden space 35072K,   0% used [0x0000000780000000, 0x0000000780000000, 0x0000000782240000)
[31.282s][debug][gc,heap        ] GC(63)   from space 4352K, 100% used [0x0000000782240000, 0x0000000782680000, 0x0000000782680000)
[31.282s][debug][gc,heap        ] GC(63)   to   space 4352K,   0% used [0x0000000782680000, 0x0000000782680000, 0x0000000782ac0000)
[31.282s][debug][gc,heap        ] GC(63)  tenured generation   total 87424K, used 70168K [0x00000007aaaa0000, 0x00000007b0000000, 0x0000000800000000)
[31.282s][debug][gc,heap        ] GC(63)    the space 87424K,  80% used [0x00000007aaaa0000, 0x00000007aef263c8, 0x00000007aef26400, 0x00000007b0000000)
[31.282s][debug][gc,heap        ] GC(63)  Metaspace       used 8895K, committed 9216K, reserved 1114112K
[31.282s][debug][gc,heap        ] GC(63)   class space    used 933K, committed 1088K, reserved 1048576K
[31.282s][info ][gc             ] GC(63) Pause Young (Allocation Failure) 105M->72M(123M) 10.320ms
[31.282s][info ][gc,cpu         ] GC(63) User=0.01s Sys=0.00s Real=0.01s
[31.627s][info ][gc,start       ] GC(64) Pause Young (Allocation Failure)
[31.627s][debug][gc,heap        ] GC(64) Heap before GC invocations=63 (full 1):
[31.627s][debug][gc,heap        ] GC(64)  def new generation   total 39424K, used 39424K [0x0000000780000000, 0x0000000782ac0000, 0x00000007aaaa0000)
[31.627s][debug][gc,heap        ] GC(64)   eden space 35072K, 100% used [0x0000000780000000, 0x0000000782240000, 0x0000000782240000)
[31.628s][debug][gc,heap        ] GC(64)   from space 4352K, 100% used [0x0000000782240000, 0x0000000782680000, 0x0000000782680000)
[31.628s][debug][gc,heap        ] GC(64)   to   space 4352K,   0% used [0x0000000782680000, 0x0000000782680000, 0x0000000782ac0000)
[31.628s][debug][gc,heap        ] GC(64)  tenured generation   total 87424K, used 70168K [0x00000007aaaa0000, 0x00000007b0000000, 0x0000000800000000)
[31.628s][debug][gc,heap        ] GC(64)    the space 87424K,  80% used [0x00000007aaaa0000, 0x00000007aef263c8, 0x00000007aef26400, 0x00000007b0000000)
[31.628s][debug][gc,heap        ] GC(64)  Metaspace       used 8898K, committed 9216K, reserved 1114112K
[31.628s][debug][gc,heap        ] GC(64)   class space    used 933K, committed 1088K, reserved 1048576K
[31.628s][debug][gc,tlab        ] GC(64) TLAB totals: thrds: 4  refills: 88 max: 44 slow allocs: 25 max 14 waste:  0.2% gc: 6928B max: 2512B slow: 60144B max: 35784B
[31.636s][debug][gc,ref         ] GC(64) Skipped SoftWeakFinalRefsPhase of Reference Processing: no references
[31.636s][debug][gc,ref         ] GC(64) Skipped KeepAliveFinalRefsPhase of Reference Processing: no references
[31.636s][debug][gc,ref         ] GC(64) Skipped PhantomRefsPhase of Reference Processing: no references
[31.636s][debug][gc,phases,ref  ] GC(64) Reference Processing: 0.1ms
[31.636s][debug][gc,phases,ref  ] GC(64)   Notify Soft/WeakReferences: 0.1ms
[31.636s][debug][gc,phases,ref  ] GC(64)     SoftRef: skipped
[31.636s][debug][gc,phases,ref  ] GC(64)     WeakRef: skipped
[31.636s][debug][gc,phases,ref  ] GC(64)     FinalRef: skipped
[31.636s][debug][gc,phases,ref  ] GC(64)     Total: skipped
[31.636s][debug][gc,phases,ref  ] GC(64)   Notify and keep alive finalizable: 0.0ms
[31.636s][debug][gc,phases,ref  ] GC(64)     FinalRef: skipped
[31.636s][debug][gc,phases,ref  ] GC(64)   Notify PhantomReferences: 0.0ms
[31.636s][debug][gc,phases,ref  ] GC(64)     PhantomRef: skipped
[31.636s][debug][gc,phases,ref  ] GC(64)   SoftReference Discovered: 0, Dropped: 0, Processed: 0
[31.636s][debug][gc,phases,ref  ] GC(64)   WeakReference Discovered: 0, Dropped: 0, Processed: 0
[31.636s][debug][gc,phases,ref  ] GC(64)   FinalReference Discovered: 0, Dropped: 0, Processed: 0
[31.636s][debug][gc,phases,ref  ] GC(64)   PhantomReference Discovered: 0, Dropped: 0, Processed: 0
[31.637s][debug][gc,age         ] GC(64) Desired survivor size 2228224 bytes, new threshold 1 (max threshold 15)
[31.637s][info ][gc,heap        ] GC(64) DefNew: 39424K(39424K)->4324K(39424K) Eden: 35072K(35072K)->0K(35072K) From: 4352K(4352K)->4324K(4352K)
[31.637s][info ][gc,heap        ] GC(64) Tenured: 70168K(87424K)->70168K(87424K)
[31.637s][info ][gc,metaspace   ] GC(64) Metaspace: 8898K(9216K)->8898K(9216K) NonClass: 7964K(8128K)->7964K(8128K) Class: 933K(1088K)->933K(1088K)
[31.637s][debug][gc,heap        ] GC(64) Heap after GC invocations=64 (full 1):
[31.637s][debug][gc,heap        ] GC(64)  def new generation   total 39424K, used 4324K [0x0000000780000000, 0x0000000782ac0000, 0x00000007aaaa0000)
[31.637s][debug][gc,heap        ] GC(64)   eden space 35072K,   0% used [0x0000000780000000, 0x0000000780000000, 0x0000000782240000)
[31.637s][debug][gc,heap        ] GC(64)   from space 4352K,  99% used [0x0000000782680000, 0x0000000782ab92b8, 0x0000000782ac0000)
[31.637s][debug][gc,heap        ] GC(64)   to   space 4352K,   0% used [0x0000000782240000, 0x0000000782240000, 0x0000000782680000)
[31.637s][debug][gc,heap        ] GC(64)  tenured generation   total 87424K, used 70168K [0x00000007aaaa0000, 0x00000007b0000000, 0x0000000800000000)
[31.637s][debug][gc,heap        ] GC(64)    the space 87424K,  80% used [0x00000007aaaa0000, 0x00000007aef263c8, 0x00000007aef26400, 0x00000007b0000000)
[31.637s][debug][gc,heap        ] GC(64)  Metaspace       used 8898K, committed 9216K, reserved 1114112K
[31.637s][debug][gc,heap        ] GC(64)   class space    used 933K, committed 1088K, reserved 1048576K
[31.637s][info ][gc             ] GC(64) Pause Young (Allocation Failure) 107M->72M(123M) 9.670ms
[31.637s][info ][gc,cpu         ] GC(64) User=0.01s Sys=0.00s Real=0.01s
[31.971s][info ][gc,start       ] GC(65) Pause Young (Allocation Failure)
[31.971s][debug][gc,heap        ] GC(65) Heap before GC invocations=64 (full 1):
[31.971s][debug][gc,heap        ] GC(65)  def new generation   total 39424K, used 39254K [0x0000000780000000, 0x0000000782ac0000, 0x00000007aaaa0000)
[31.971s][debug][gc,heap        ] GC(65)   eden space 35072K,  99% used [0x0000000780000000, 0x000000078221c550, 0x0000000782240000)
[31.971s][debug][gc,heap        ] GC(65)   from space 4352K,  99% used [0x0000000782680000, 0x0000000782ab92b8, 0x0000000782ac0000)
[31.971s][debug][gc,heap        ] GC(65)   to   space 4352K,   0% used [0x0000000782240000, 0x0000000782240000, 0x0000000782680000)
[31.971s][debug][gc,heap        ] GC(65)  tenured generation   total 87424K, used 70168K [0x00000007aaaa0000, 0x00000007b0000000, 0x0000000800000000)
[31.971s][debug][gc,heap        ] GC(65)    the space 87424K,  80% used [0x00000007aaaa0000, 0x00000007aef263c8, 0x00000007aef26400, 0x00000007b0000000)
[31.971s][debug][gc,heap        ] GC(65)  Metaspace       used 8898K, committed 9216K, reserved 1114112K
[31.971s][debug][gc,heap        ] GC(65)   class space    used 933K, committed 1088K, reserved 1048576K
[31.971s][debug][gc,tlab        ] GC(65) TLAB totals: thrds: 1  refills: 43 max: 43 slow allocs: 10 max 10 waste:  0.6% gc: 163880B max: 163880B slow: 24400B max: 24400B
[31.976s][debug][gc,ref         ] GC(65) Skipped SoftWeakFinalRefsPhase of Reference Processing: no references
[31.976s][debug][gc,ref         ] GC(65) Skipped KeepAliveFinalRefsPhase of Reference Processing: no references
[31.976s][debug][gc,ref         ] GC(65) Skipped PhantomRefsPhase of Reference Processing: no references
[31.976s][debug][gc,phases,ref  ] GC(65) Reference Processing: 0.1ms
[31.976s][debug][gc,phases,ref  ] GC(65)   Notify Soft/WeakReferences: 0.1ms
[31.976s][debug][gc,phases,ref  ] GC(65)     SoftRef: skipped
[31.976s][debug][gc,phases,ref  ] GC(65)     WeakRef: skipped
[31.976s][debug][gc,phases,ref  ] GC(65)     FinalRef: skipped
[31.976s][debug][gc,phases,ref  ] GC(65)     Total: skipped
[31.976s][debug][gc,phases,ref  ] GC(65)   Notify and keep alive finalizable: 0.0ms
[31.976s][debug][gc,phases,ref  ] GC(65)     FinalRef: skipped
[31.976s][debug][gc,phases,ref  ] GC(65)   Notify PhantomReferences: 0.0ms
[31.976s][debug][gc,phases,ref  ] GC(65)     PhantomRef: skipped
[31.976s][debug][gc,phases,ref  ] GC(65)   SoftReference Discovered: 0, Dropped: 0, Processed: 0
[31.976s][debug][gc,phases,ref  ] GC(65)   WeakReference Discovered: 0, Dropped: 0, Processed: 0
[31.976s][debug][gc,phases,ref  ] GC(65)   FinalReference Discovered: 0, Dropped: 0, Processed: 0
[31.976s][debug][gc,phases,ref  ] GC(65)   PhantomReference Discovered: 0, Dropped: 0, Processed: 0
[31.976s][debug][gc,age         ] GC(65) Desired survivor size 2228224 bytes, new threshold 1 (max threshold 15)
[31.976s][info ][gc,heap        ] GC(65) DefNew: 39254K(39424K)->2614K(39424K) Eden: 34929K(35072K)->0K(35072K) From: 4324K(4352K)->2614K(4352K)
[31.976s][info ][gc,heap        ] GC(65) Tenured: 70168K(87424K)->70168K(87424K)
[31.976s][info ][gc,metaspace   ] GC(65) Metaspace: 8898K(9216K)->8898K(9216K) NonClass: 7964K(8128K)->7964K(8128K) Class: 933K(1088K)->933K(1088K)
[31.977s][debug][gc,heap        ] GC(65) Heap after GC invocations=65 (full 1):
[31.977s][debug][gc,heap        ] GC(65)  def new generation   total 39424K, used 2614K [0x0000000780000000, 0x0000000782ac0000, 0x00000007aaaa0000)
[31.977s][debug][gc,heap        ] GC(65)   eden space 35072K,   0% used [0x0000000780000000, 0x0000000780000000, 0x0000000782240000)
[31.977s][debug][gc,heap        ] GC(65)   from space 4352K,  60% used [0x0000000782240000, 0x00000007824cd980, 0x0000000782680000)
[31.977s][debug][gc,heap        ] GC(65)   to   space 4352K,   0% used [0x0000000782680000, 0x0000000782680000, 0x0000000782ac0000)
[31.977s][debug][gc,heap        ] GC(65)  tenured generation   total 87424K, used 70168K [0x00000007aaaa0000, 0x00000007b0000000, 0x0000000800000000)
[31.977s][debug][gc,heap        ] GC(65)    the space 87424K,  80% used [0x00000007aaaa0000, 0x00000007aef263f8, 0x00000007aef26400, 0x00000007b0000000)
[31.977s][debug][gc,heap        ] GC(65)  Metaspace       used 8898K, committed 9216K, reserved 1114112K
[31.977s][debug][gc,heap        ] GC(65)   class space    used 933K, committed 1088K, reserved 1048576K
[31.977s][info ][gc             ] GC(65) Pause Young (Allocation Failure) 106M->71M(123M) 5.887ms
[31.977s][info ][gc,cpu         ] GC(65) User=0.01s Sys=0.00s Real=0.00s
[32.305s][info ][gc,start       ] GC(66) Pause Young (Allocation Failure)
[32.305s][debug][gc,heap        ] GC(66) Heap before GC invocations=65 (full 1):
[32.305s][debug][gc,heap        ] GC(66)  def new generation   total 39424K, used 37686K [0x0000000780000000, 0x0000000782ac0000, 0x00000007aaaa0000)
[32.305s][debug][gc,heap        ] GC(66)   eden space 35072K, 100% used [0x0000000780000000, 0x0000000782240000, 0x0000000782240000)
[32.305s][debug][gc,heap        ] GC(66)   from space 4352K,  60% used [0x0000000782240000, 0x00000007824cd980, 0x0000000782680000)
[32.305s][debug][gc,heap        ] GC(66)   to   space 4352K,   0% used [0x0000000782680000, 0x0000000782680000, 0x0000000782ac0000)
[32.305s][debug][gc,heap        ] GC(66)  tenured generation   total 87424K, used 70168K [0x00000007aaaa0000, 0x00000007b0000000, 0x0000000800000000)
[32.305s][debug][gc,heap        ] GC(66)    the space 87424K,  80% used [0x00000007aaaa0000, 0x00000007aef263f8, 0x00000007aef26400, 0x00000007b0000000)
[32.305s][debug][gc,heap        ] GC(66)  Metaspace       used 8898K, committed 9216K, reserved 1114112K
[32.306s][debug][gc,heap        ] GC(66)   class space    used 933K, committed 1088K, reserved 1048576K
[32.306s][debug][gc,tlab        ] GC(66) TLAB totals: thrds: 1  refills: 43 max: 43 slow allocs: 9 max 9 waste:  0.1% gc: 0B max: 0B slow: 31048B max: 31048B
[32.307s][debug][gc,ref         ] GC(66) Skipped SoftWeakFinalRefsPhase of Reference Processing: no references
[32.307s][debug][gc,ref         ] GC(66) Skipped KeepAliveFinalRefsPhase of Reference Processing: no references
[32.308s][debug][gc,ref         ] GC(66) Skipped PhantomRefsPhase of Reference Processing: no references
[32.308s][debug][gc,phases,ref  ] GC(66) Reference Processing: 0.1ms
[32.308s][debug][gc,phases,ref  ] GC(66)   Notify Soft/WeakReferences: 0.1ms
[32.308s][debug][gc,phases,ref  ] GC(66)     SoftRef: skipped
[32.308s][debug][gc,phases,ref  ] GC(66)     WeakRef: skipped
[32.308s][debug][gc,phases,ref  ] GC(66)     FinalRef: skipped
[32.308s][debug][gc,phases,ref  ] GC(66)     Total: skipped
[32.308s][debug][gc,phases,ref  ] GC(66)   Notify and keep alive finalizable: 0.0ms
[32.308s][debug][gc,phases,ref  ] GC(66)     FinalRef: skipped
[32.308s][debug][gc,phases,ref  ] GC(66)   Notify PhantomReferences: 0.0ms
[32.308s][debug][gc,phases,ref  ] GC(66)     PhantomRef: skipped
[32.308s][debug][gc,phases,ref  ] GC(66)   SoftReference Discovered: 0, Dropped: 0, Processed: 0
[32.308s][debug][gc,phases,ref  ] GC(66)   WeakReference Discovered: 0, Dropped: 0, Processed: 0
[32.308s][debug][gc,phases,ref  ] GC(66)   FinalReference Discovered: 0, Dropped: 0, Processed: 0
[32.308s][debug][gc,phases,ref  ] GC(66)   PhantomReference Discovered: 0, Dropped: 0, Processed: 0
[32.308s][debug][gc,age         ] GC(66) Desired survivor size 2228224 bytes, new threshold 15 (max threshold 15)
[32.308s][info ][gc,heap        ] GC(66) DefNew: 37686K(39424K)->1136K(39424K) Eden: 35072K(35072K)->0K(35072K) From: 2614K(4352K)->1136K(4352K)
[32.308s][info ][gc,heap        ] GC(66) Tenured: 70168K(87424K)->70168K(87424K)
[32.308s][info ][gc,metaspace   ] GC(66) Metaspace: 8898K(9216K)->8898K(9216K) NonClass: 7964K(8128K)->7964K(8128K) Class: 933K(1088K)->933K(1088K)
[32.308s][debug][gc,heap        ] GC(66) Heap after GC invocations=66 (full 1):
[32.308s][debug][gc,heap        ] GC(66)  def new generation   total 39424K, used 1136K [0x0000000780000000, 0x0000000782ac0000, 0x00000007aaaa0000)
[32.308s][debug][gc,heap        ] GC(66)   eden space 35072K,   0% used [0x0000000780000000, 0x0000000780000000, 0x0000000782240000)
[32.308s][debug][gc,heap        ] GC(66)   from space 4352K,  26% used [0x0000000782680000, 0x000000078279c158, 0x0000000782ac0000)
[32.308s][debug][gc,heap        ] GC(66)   to   space 4352K,   0% used [0x0000000782240000, 0x0000000782240000, 0x0000000782680000)
[32.308s][debug][gc,heap        ] GC(66)  tenured generation   total 87424K, used 70168K [0x00000007aaaa0000, 0x00000007b0000000, 0x0000000800000000)
[32.308s][debug][gc,heap        ] GC(66)    the space 87424K,  80% used [0x00000007aaaa0000, 0x00000007aef263f8, 0x00000007aef26400, 0x00000007b0000000)
[32.308s][debug][gc,heap        ] GC(66)  Metaspace       used 8898K, committed 9216K, reserved 1114112K
[32.308s][debug][gc,heap        ] GC(66)   class space    used 933K, committed 1088K, reserved 1048576K
[32.308s][info ][gc             ] GC(66) Pause Young (Allocation Failure) 105M->69M(123M) 2.969ms
[32.308s][info ][gc,cpu         ] GC(66) User=0.01s Sys=0.01s Real=0.01s
[32.537s][info ][gc,start       ] GC(67) Pause Young (Allocation Failure)
[32.537s][debug][gc,heap        ] GC(67) Heap before GC invocations=66 (full 1):
[32.537s][debug][gc,heap        ] GC(67)  def new generation   total 39424K, used 35952K [0x0000000780000000, 0x0000000782ac0000, 0x00000007aaaa0000)
[32.537s][debug][gc,heap        ] GC(67)   eden space 35072K,  99% used [0x0000000780000000, 0x0000000782200160, 0x0000000782240000)
[32.537s][debug][gc,heap        ] GC(67)   from space 4352K,  26% used [0x0000000782680000, 0x000000078279c158, 0x0000000782ac0000)
[32.537s][debug][gc,heap        ] GC(67)   to   space 4352K,   0% used [0x0000000782240000, 0x0000000782240000, 0x0000000782680000)
[32.537s][debug][gc,heap        ] GC(67)  tenured generation   total 87424K, used 70168K [0x00000007aaaa0000, 0x00000007b0000000, 0x0000000800000000)
[32.537s][debug][gc,heap        ] GC(67)    the space 87424K,  80% used [0x00000007aaaa0000, 0x00000007aef263f8, 0x00000007aef26400, 0x00000007b0000000)
[32.537s][debug][gc,heap        ] GC(67)  Metaspace       used 8898K, committed 9216K, reserved 1114112K
[32.537s][debug][gc,heap        ] GC(67)   class space    used 933K, committed 1088K, reserved 1048576K
[32.537s][debug][gc,tlab        ] GC(67) TLAB totals: thrds: 1  refills: 47 max: 47 slow allocs: 3 max 3 waste:  1.9% gc: 616992B max: 616992B slow: 27208B max: 27208B
[32.559s][debug][gc,ref         ] GC(67) Skipped SoftWeakFinalRefsPhase of Reference Processing: no references
[32.559s][debug][gc,ref         ] GC(67) Skipped KeepAliveFinalRefsPhase of Reference Processing: no references
[32.559s][debug][gc,ref         ] GC(67) Skipped PhantomRefsPhase of Reference Processing: no references
[32.559s][debug][gc,phases,ref  ] GC(67) Reference Processing: 0.1ms
[32.559s][debug][gc,phases,ref  ] GC(67)   Notify Soft/WeakReferences: 0.1ms
[32.559s][debug][gc,phases,ref  ] GC(67)     SoftRef: skipped
[32.559s][debug][gc,phases,ref  ] GC(67)     WeakRef: skipped
[32.559s][debug][gc,phases,ref  ] GC(67)     FinalRef: skipped
[32.559s][debug][gc,phases,ref  ] GC(67)     Total: skipped
[32.559s][debug][gc,phases,ref  ] GC(67)   Notify and keep alive finalizable: 0.0ms
[32.559s][debug][gc,phases,ref  ] GC(67)     FinalRef: skipped
[32.559s][debug][gc,phases,ref  ] GC(67)   Notify PhantomReferences: 0.0ms
[32.559s][debug][gc,phases,ref  ] GC(67)     PhantomRef: skipped
[32.559s][debug][gc,phases,ref  ] GC(67)   SoftReference Discovered: 0, Dropped: 0, Processed: 0
[32.559s][debug][gc,phases,ref  ] GC(67)   WeakReference Discovered: 0, Dropped: 0, Processed: 0
[32.559s][debug][gc,phases,ref  ] GC(67)   FinalReference Discovered: 0, Dropped: 0, Processed: 0
[32.559s][debug][gc,phases,ref  ] GC(67)   PhantomReference Discovered: 0, Dropped: 0, Processed: 0
[32.560s][debug][gc,age         ] GC(67) Desired survivor size 2228224 bytes, new threshold 1 (max threshold 15)
[32.560s][info ][gc,heap        ] GC(67) DefNew: 35952K(39424K)->4351K(39424K) Eden: 34816K(35072K)->0K(35072K) From: 1136K(4352K)->4351K(4352K)
[32.560s][info ][gc,heap        ] GC(67) Tenured: 70168K(87424K)->76303K(87424K)
[32.560s][info ][gc,metaspace   ] GC(67) Metaspace: 8898K(9216K)->8898K(9216K) NonClass: 7964K(8128K)->7964K(8128K) Class: 933K(1088K)->933K(1088K)
[32.560s][debug][gc,heap        ] GC(67) Heap after GC invocations=67 (full 1):
[32.560s][debug][gc,heap        ] GC(67)  def new generation   total 39424K, used 4351K [0x0000000780000000, 0x0000000782ac0000, 0x00000007aaaa0000)
[32.560s][debug][gc,heap        ] GC(67)   eden space 35072K,   0% used [0x0000000780000000, 0x0000000780000000, 0x0000000782240000)
[32.560s][debug][gc,heap        ] GC(67)   from space 4352K,  99% used [0x0000000782240000, 0x000000078267fff8, 0x0000000782680000)
[32.560s][debug][gc,heap        ] GC(67)   to   space 4352K,   0% used [0x0000000782680000, 0x0000000782680000, 0x0000000782ac0000)
[32.560s][debug][gc,heap        ] GC(67)  tenured generation   total 87424K, used 76303K [0x00000007aaaa0000, 0x00000007b0000000, 0x0000000800000000)
[32.560s][debug][gc,heap        ] GC(67)    the space 87424K,  87% used [0x00000007aaaa0000, 0x00000007af523d80, 0x00000007af523e00, 0x00000007b0000000)
[32.560s][debug][gc,heap        ] GC(67)  Metaspace       used 8898K, committed 9216K, reserved 1114112K
[32.560s][debug][gc,heap        ] GC(67)   class space    used 933K, committed 1088K, reserved 1048576K
[32.560s][info ][gc             ] GC(67) Pause Young (Allocation Failure) 103M->78M(123M) 23.187ms
[32.560s][info ][gc,cpu         ] GC(67) User=0.02s Sys=0.00s Real=0.03s
[32.900s][info ][gc,start       ] GC(68) Pause Young (Allocation Failure)
[32.900s][debug][gc,heap        ] GC(68) Heap before GC invocations=67 (full 1):
[32.900s][debug][gc,heap        ] GC(68)  def new generation   total 39424K, used 39423K [0x0000000780000000, 0x0000000782ac0000, 0x00000007aaaa0000)
[32.900s][debug][gc,heap        ] GC(68)   eden space 35072K, 100% used [0x0000000780000000, 0x0000000782240000, 0x0000000782240000)
[32.900s][debug][gc,heap        ] GC(68)   from space 4352K,  99% used [0x0000000782240000, 0x000000078267fff8, 0x0000000782680000)
[32.900s][debug][gc,heap        ] GC(68)   to   space 4352K,   0% used [0x0000000782680000, 0x0000000782680000, 0x0000000782ac0000)
[32.900s][debug][gc,heap        ] GC(68)  tenured generation   total 87424K, used 76303K [0x00000007aaaa0000, 0x00000007b0000000, 0x0000000800000000)
[32.900s][debug][gc,heap        ] GC(68)    the space 87424K,  87% used [0x00000007aaaa0000, 0x00000007af523d80, 0x00000007af523e00, 0x00000007b0000000)
[32.900s][debug][gc,heap        ] GC(68)  Metaspace       used 8898K, committed 9216K, reserved 1114112K
[32.900s][debug][gc,heap        ] GC(68)   class space    used 933K, committed 1088K, reserved 1048576K
[32.900s][debug][gc,tlab        ] GC(68) TLAB totals: thrds: 3  refills: 88 max: 45 slow allocs: 25 max 19 waste:  0.2% gc: 3248B max: 1888B slow: 51040B max: 26616B
[32.915s][debug][gc,ref         ] GC(68) Skipped SoftWeakFinalRefsPhase of Reference Processing: no references
[32.915s][debug][gc,ref         ] GC(68) Skipped KeepAliveFinalRefsPhase of Reference Processing: no references
[32.915s][debug][gc,ref         ] GC(68) Skipped PhantomRefsPhase of Reference Processing: no references
[32.915s][debug][gc,phases,ref  ] GC(68) Reference Processing: 0.1ms
[32.915s][debug][gc,phases,ref  ] GC(68)   Notify Soft/WeakReferences: 0.1ms
[32.915s][debug][gc,phases,ref  ] GC(68)     SoftRef: skipped
[32.915s][debug][gc,phases,ref  ] GC(68)     WeakRef: skipped
[32.915s][debug][gc,phases,ref  ] GC(68)     FinalRef: skipped
[32.915s][debug][gc,phases,ref  ] GC(68)     Total: skipped
[32.915s][debug][gc,phases,ref  ] GC(68)   Notify and keep alive finalizable: 0.0ms
[32.915s][debug][gc,phases,ref  ] GC(68)     FinalRef: skipped
[32.915s][debug][gc,phases,ref  ] GC(68)   Notify PhantomReferences: 0.0ms
[32.915s][debug][gc,phases,ref  ] GC(68)     PhantomRef: skipped
[32.915s][debug][gc,phases,ref  ] GC(68)   SoftReference Discovered: 0, Dropped: 0, Processed: 0
[32.915s][debug][gc,phases,ref  ] GC(68)   WeakReference Discovered: 0, Dropped: 0, Processed: 0
[32.915s][debug][gc,phases,ref  ] GC(68)   FinalReference Discovered: 0, Dropped: 0, Processed: 0
[32.915s][debug][gc,phases,ref  ] GC(68)   PhantomReference Discovered: 0, Dropped: 0, Processed: 0
[32.915s][debug][gc,age         ] GC(68) Desired survivor size 2228224 bytes, new threshold 1 (max threshold 15)
[32.915s][info ][gc,heap        ] GC(68) DefNew: 39423K(39424K)->4351K(39424K) Eden: 35072K(35072K)->0K(35072K) From: 4351K(4352K)->4351K(4352K)
[32.915s][info ][gc,heap        ] GC(68) Tenured: 76303K(87424K)->80775K(87424K)
[32.915s][info ][gc,metaspace   ] GC(68) Metaspace: 8898K(9216K)->8898K(9216K) NonClass: 7964K(8128K)->7964K(8128K) Class: 933K(1088K)->933K(1088K)
[32.915s][debug][gc,heap        ] GC(68) Heap after GC invocations=68 (full 1):
[32.915s][debug][gc,heap        ] GC(68)  def new generation   total 39424K, used 4351K [0x0000000780000000, 0x0000000782ac0000, 0x00000007aaaa0000)
[32.915s][debug][gc,heap        ] GC(68)   eden space 35072K,   0% used [0x0000000780000000, 0x0000000780000000, 0x0000000782240000)
[32.915s][debug][gc,heap        ] GC(68)   from space 4352K,  99% used [0x0000000782680000, 0x0000000782abfff8, 0x0000000782ac0000)
[32.915s][debug][gc,heap        ] GC(68)   to   space 4352K,   0% used [0x0000000782240000, 0x0000000782240000, 0x0000000782680000)
[32.915s][debug][gc,heap        ] GC(68)  tenured generation   total 87424K, used 80775K [0x00000007aaaa0000, 0x00000007b0000000, 0x0000000800000000)
[32.915s][debug][gc,heap        ] GC(68)    the space 87424K,  92% used [0x00000007aaaa0000, 0x00000007af981ff0, 0x00000007af982000, 0x00000007b0000000)
[32.915s][debug][gc,heap        ] GC(68)  Metaspace       used 8898K, committed 9216K, reserved 1114112K
[32.915s][debug][gc,heap        ] GC(68)   class space    used 933K, committed 1088K, reserved 1048576K
[32.915s][info ][gc             ] GC(68) Pause Young (Allocation Failure) 113M->83M(123M) 15.517ms
[32.915s][info ][gc,cpu         ] GC(68) User=0.01s Sys=0.00s Real=0.01s
[33.235s][info ][gc,start       ] GC(69) Pause Young (Allocation Failure)
[33.235s][debug][gc,heap        ] GC(69) Heap before GC invocations=68 (full 1):
[33.235s][debug][gc,heap        ] GC(69)  def new generation   total 39424K, used 39423K [0x0000000780000000, 0x0000000782ac0000, 0x00000007aaaa0000)
[33.235s][debug][gc,heap        ] GC(69)   eden space 35072K, 100% used [0x0000000780000000, 0x0000000782240000, 0x0000000782240000)
[33.236s][debug][gc,heap        ] GC(69)   from space 4352K,  99% used [0x0000000782680000, 0x0000000782abfff8, 0x0000000782ac0000)
[33.236s][debug][gc,heap        ] GC(69)   to   space 4352K,   0% used [0x0000000782240000, 0x0000000782240000, 0x0000000782680000)
[33.236s][debug][gc,heap        ] GC(69)  tenured generation   total 87424K, used 80775K [0x00000007aaaa0000, 0x00000007b0000000, 0x0000000800000000)
[33.236s][debug][gc,heap        ] GC(69)    the space 87424K,  92% used [0x00000007aaaa0000, 0x00000007af981ff0, 0x00000007af982000, 0x00000007b0000000)
[33.236s][debug][gc,heap        ] GC(69)  Metaspace       used 8898K, committed 9216K, reserved 1114112K
[33.236s][debug][gc,heap        ] GC(69)   class space    used 933K, committed 1088K, reserved 1048576K
[33.236s][debug][gc,tlab        ] GC(69) TLAB totals: thrds: 1  refills: 44 max: 44 slow allocs: 8 max 8 waste:  0.1% gc: 0B max: 0B slow: 25816B max: 25816B
[33.244s][debug][gc,ref         ] GC(69) Skipped SoftWeakFinalRefsPhase of Reference Processing: no references
[33.244s][debug][gc,ref         ] GC(69) Skipped KeepAliveFinalRefsPhase of Reference Processing: no references
[33.244s][debug][gc,ref         ] GC(69) Skipped PhantomRefsPhase of Reference Processing: no references
[33.244s][debug][gc,phases,ref  ] GC(69) Reference Processing: 0.1ms
[33.244s][debug][gc,phases,ref  ] GC(69)   Notify Soft/WeakReferences: 0.1ms
[33.244s][debug][gc,phases,ref  ] GC(69)     SoftRef: skipped
[33.244s][debug][gc,phases,ref  ] GC(69)     WeakRef: skipped
[33.244s][debug][gc,phases,ref  ] GC(69)     FinalRef: skipped
[33.244s][debug][gc,phases,ref  ] GC(69)     Total: skipped
[33.244s][debug][gc,phases,ref  ] GC(69)   Notify and keep alive finalizable: 0.0ms
[33.244s][debug][gc,phases,ref  ] GC(69)     FinalRef: skipped
[33.244s][debug][gc,phases,ref  ] GC(69)   Notify PhantomReferences: 0.0ms
[33.244s][debug][gc,phases,ref  ] GC(69)     PhantomRef: skipped
[33.244s][debug][gc,phases,ref  ] GC(69)   SoftReference Discovered: 0, Dropped: 0, Processed: 0
[33.244s][debug][gc,phases,ref  ] GC(69)   WeakReference Discovered: 0, Dropped: 0, Processed: 0
[33.244s][debug][gc,phases,ref  ] GC(69)   FinalReference Discovered: 0, Dropped: 0, Processed: 0
[33.244s][debug][gc,phases,ref  ] GC(69)   PhantomReference Discovered: 0, Dropped: 0, Processed: 0
[33.244s][debug][gc,age         ] GC(69) Desired survivor size 2228224 bytes, new threshold 1 (max threshold 15)
[33.244s][info ][gc,heap        ] GC(69) DefNew: 39423K(39424K)->4351K(39424K) Eden: 35072K(35072K)->0K(35072K) From: 4351K(4352K)->4351K(4352K)
[33.244s][info ][gc,heap        ] GC(69) Tenured: 80775K(87424K)->83711K(87424K)
[33.244s][info ][gc,metaspace   ] GC(69) Metaspace: 8898K(9216K)->8898K(9216K) NonClass: 7964K(8128K)->7964K(8128K) Class: 933K(1088K)->933K(1088K)
[33.244s][debug][gc,heap        ] GC(69) Heap after GC invocations=69 (full 1):
[33.244s][debug][gc,heap        ] GC(69)  def new generation   total 39424K, used 4351K [0x0000000780000000, 0x0000000782ac0000, 0x00000007aaaa0000)
[33.244s][debug][gc,heap        ] GC(69)   eden space 35072K,   0% used [0x0000000780000000, 0x0000000780000000, 0x0000000782240000)
[33.244s][debug][gc,heap        ] GC(69)   from space 4352K,  99% used [0x0000000782240000, 0x000000078267fff8, 0x0000000782680000)
[33.244s][debug][gc,heap        ] GC(69)   to   space 4352K,   0% used [0x0000000782680000, 0x0000000782680000, 0x0000000782ac0000)
[33.244s][debug][gc,heap        ] GC(69)  tenured generation   total 87424K, used 83711K [0x00000007aaaa0000, 0x00000007b0000000, 0x0000000800000000)
[33.244s][debug][gc,heap        ] GC(69)    the space 87424K,  95% used [0x00000007aaaa0000, 0x00000007afc5fe98, 0x00000007afc60000, 0x00000007b0000000)
[33.244s][debug][gc,heap        ] GC(69)  Metaspace       used 8898K, committed 9216K, reserved 1114112K
[33.244s][debug][gc,heap        ] GC(69)   class space    used 933K, committed 1088K, reserved 1048576K
[33.244s][info ][gc             ] GC(69) Pause Young (Allocation Failure) 117M->85M(123M) 8.891ms
[33.244s][info ][gc,cpu         ] GC(69) User=0.01s Sys=0.00s Real=0.01s
[33.576s][info ][gc,start       ] GC(70) Pause Young (Allocation Failure)
[33.576s][debug][gc,heap        ] GC(70) Heap before GC invocations=69 (full 1):
[33.576s][debug][gc,heap        ] GC(70)  def new generation   total 39424K, used 39290K [0x0000000780000000, 0x0000000782ac0000, 0x00000007aaaa0000)
[33.576s][debug][gc,heap        ] GC(70)   eden space 35072K,  99% used [0x0000000780000000, 0x000000078221e9c8, 0x0000000782240000)
[33.576s][debug][gc,heap        ] GC(70)   from space 4352K,  99% used [0x0000000782240000, 0x000000078267fff8, 0x0000000782680000)
[33.577s][debug][gc,heap        ] GC(70)   to   space 4352K,   0% used [0x0000000782680000, 0x0000000782680000, 0x0000000782ac0000)
[33.577s][debug][gc,heap        ] GC(70)  tenured generation   total 87424K, used 83711K [0x00000007aaaa0000, 0x00000007b0000000, 0x0000000800000000)
[33.577s][debug][gc,heap        ] GC(70)    the space 87424K,  95% used [0x00000007aaaa0000, 0x00000007afc5fe98, 0x00000007afc60000, 0x00000007b0000000)
[33.577s][debug][gc,heap        ] GC(70)  Metaspace       used 8903K, committed 9216K, reserved 1114112K
[33.577s][debug][gc,heap        ] GC(70)   class space    used 933K, committed 1088K, reserved 1048576K
[33.577s][debug][gc,tlab        ] GC(70) TLAB totals: thrds: 4  refills: 88 max: 44 slow allocs: 30 max 14 waste:  1.8% gc: 519816B max: 513024B slow: 56208B max: 31808B
[33.584s][debug][gc,ref         ] GC(70) Skipped SoftWeakFinalRefsPhase of Reference Processing: no references
[33.584s][debug][gc,ref         ] GC(70) Skipped KeepAliveFinalRefsPhase of Reference Processing: no references
[33.584s][debug][gc,ref         ] GC(70) Skipped PhantomRefsPhase of Reference Processing: no references
[33.584s][debug][gc,phases,ref  ] GC(70) Reference Processing: 0.1ms
[33.584s][debug][gc,phases,ref  ] GC(70)   Notify Soft/WeakReferences: 0.1ms
[33.584s][debug][gc,phases,ref  ] GC(70)     SoftRef: skipped
[33.584s][debug][gc,phases,ref  ] GC(70)     WeakRef: skipped
[33.584s][debug][gc,phases,ref  ] GC(70)     FinalRef: skipped
[33.584s][debug][gc,phases,ref  ] GC(70)     Total: skipped
[33.584s][debug][gc,phases,ref  ] GC(70)   Notify and keep alive finalizable: 0.0ms
[33.584s][debug][gc,phases,ref  ] GC(70)     FinalRef: skipped
[33.584s][debug][gc,phases,ref  ] GC(70)   Notify PhantomReferences: 0.0ms
[33.584s][debug][gc,phases,ref  ] GC(70)     PhantomRef: skipped
[33.584s][debug][gc,phases,ref  ] GC(70)   SoftReference Discovered: 0, Dropped: 0, Processed: 0
[33.584s][debug][gc,phases,ref  ] GC(70)   WeakReference Discovered: 0, Dropped: 0, Processed: 0
[33.584s][debug][gc,phases,ref  ] GC(70)   FinalReference Discovered: 0, Dropped: 0, Processed: 0
[33.584s][debug][gc,phases,ref  ] GC(70)   PhantomReference Discovered: 0, Dropped: 0, Processed: 0
[33.584s][debug][gc,age         ] GC(70) Desired survivor size 2228224 bytes, new threshold 1 (max threshold 15)
[33.584s][info ][gc,heap        ] GC(70) DefNew: 39290K(39424K)->4352K(39424K) Eden: 34938K(35072K)->0K(35072K) From: 4351K(4352K)->4352K(4352K)
[33.584s][info ][gc,heap        ] GC(70) Tenured: 83711K(87424K)->84598K(87424K)
[33.584s][info ][gc,metaspace   ] GC(70) Metaspace: 8903K(9216K)->8903K(9216K) NonClass: 7969K(8128K)->7969K(8128K) Class: 933K(1088K)->933K(1088K)
[33.584s][debug][gc,heap        ] GC(70) Heap after GC invocations=70 (full 1):
[33.584s][debug][gc,heap        ] GC(70)  def new generation   total 39424K, used 4352K [0x0000000780000000, 0x0000000782ac0000, 0x00000007aaaa0000)
[33.584s][debug][gc,heap        ] GC(70)   eden space 35072K,   0% used [0x0000000780000000, 0x0000000780000000, 0x0000000782240000)
[33.584s][debug][gc,heap        ] GC(70)   from space 4352K, 100% used [0x0000000782680000, 0x0000000782ac0000, 0x0000000782ac0000)
[33.584s][debug][gc,heap        ] GC(70)   to   space 4352K,   0% used [0x0000000782240000, 0x0000000782240000, 0x0000000782680000)
[33.584s][debug][gc,heap        ] GC(70)  tenured generation   total 87424K, used 84598K [0x00000007aaaa0000, 0x00000007b0000000, 0x0000000800000000)
[33.585s][debug][gc,heap        ] GC(70)    the space 87424K,  96% used [0x00000007aaaa0000, 0x00000007afd3d818, 0x00000007afd3da00, 0x00000007b0000000)
[33.585s][debug][gc,heap        ] GC(70)  Metaspace       used 8903K, committed 9216K, reserved 1114112K
[33.585s][debug][gc,heap        ] GC(70)   class space    used 933K, committed 1088K, reserved 1048576K
[33.585s][info ][gc             ] GC(70) Pause Young (Allocation Failure) 120M->86M(123M) 8.206ms
[33.585s][info ][gc,cpu         ] GC(70) User=0.00s Sys=0.00s Real=0.01s
[33.917s][info ][gc,start       ] GC(71) Pause Young (Allocation Failure)
[33.917s][debug][gc,heap        ] GC(71) Heap before GC invocations=70 (full 1):
[33.917s][debug][gc,heap        ] GC(71)  def new generation   total 39424K, used 39424K [0x0000000780000000, 0x0000000782ac0000, 0x00000007aaaa0000)
[33.917s][debug][gc,heap        ] GC(71)   eden space 35072K, 100% used [0x0000000780000000, 0x0000000782240000, 0x0000000782240000)
[33.917s][debug][gc,heap        ] GC(71)   from space 4352K, 100% used [0x0000000782680000, 0x0000000782ac0000, 0x0000000782ac0000)
[33.917s][debug][gc,heap        ] GC(71)   to   space 4352K,   0% used [0x0000000782240000, 0x0000000782240000, 0x0000000782680000)
[33.917s][debug][gc,heap        ] GC(71)  tenured generation   total 87424K, used 84598K [0x00000007aaaa0000, 0x00000007b0000000, 0x0000000800000000)
[33.917s][debug][gc,heap        ] GC(71)    the space 87424K,  96% used [0x00000007aaaa0000, 0x00000007afd3d818, 0x00000007afd3da00, 0x00000007b0000000)
[33.917s][debug][gc,heap        ] GC(71)  Metaspace       used 8903K, committed 9216K, reserved 1114112K
[33.917s][debug][gc,heap        ] GC(71)   class space    used 933K, committed 1088K, reserved 1048576K
[33.917s][debug][gc,tlab        ] GC(71) TLAB totals: thrds: 1  refills: 44 max: 44 slow allocs: 6 max 6 waste:  0.1% gc: 0B max: 0B slow: 25848B max: 25848B
[33.922s][debug][gc,ref         ] GC(71) Skipped SoftWeakFinalRefsPhase of Reference Processing: no references
[33.922s][debug][gc,ref         ] GC(71) Skipped KeepAliveFinalRefsPhase of Reference Processing: no references
[33.922s][debug][gc,ref         ] GC(71) Skipped PhantomRefsPhase of Reference Processing: no references
[33.922s][debug][gc,phases,ref  ] GC(71) Reference Processing: 0.1ms
[33.922s][debug][gc,phases,ref  ] GC(71)   Notify Soft/WeakReferences: 0.1ms
[33.922s][debug][gc,phases,ref  ] GC(71)     SoftRef: skipped
[33.922s][debug][gc,phases,ref  ] GC(71)     WeakRef: skipped
[33.922s][debug][gc,phases,ref  ] GC(71)     FinalRef: skipped
[33.922s][debug][gc,phases,ref  ] GC(71)     Total: skipped
[33.922s][debug][gc,phases,ref  ] GC(71)   Notify and keep alive finalizable: 0.0ms
[33.922s][debug][gc,phases,ref  ] GC(71)     FinalRef: skipped
[33.922s][debug][gc,phases,ref  ] GC(71)   Notify PhantomReferences: 0.0ms
[33.922s][debug][gc,phases,ref  ] GC(71)     PhantomRef: skipped
[33.922s][debug][gc,phases,ref  ] GC(71)   SoftReference Discovered: 0, Dropped: 0, Processed: 0
[33.922s][debug][gc,phases,ref  ] GC(71)   WeakReference Discovered: 0, Dropped: 0, Processed: 0
[33.922s][debug][gc,phases,ref  ] GC(71)   FinalReference Discovered: 0, Dropped: 0, Processed: 0
[33.922s][debug][gc,phases,ref  ] GC(71)   PhantomReference Discovered: 0, Dropped: 0, Processed: 0
[33.922s][debug][gc,age         ] GC(71) Desired survivor size 2228224 bytes, new threshold 1 (max threshold 15)
[33.923s][info ][gc,heap        ] GC(71) DefNew: 39424K(39424K)->3701K(39424K) Eden: 35072K(35072K)->0K(35072K) From: 4352K(4352K)->3701K(4352K)
[33.923s][info ][gc,heap        ] GC(71) Tenured: 84598K(87424K)->84598K(87424K)
[33.923s][info ][gc,metaspace   ] GC(71) Metaspace: 8903K(9216K)->8903K(9216K) NonClass: 7969K(8128K)->7969K(8128K) Class: 933K(1088K)->933K(1088K)
[33.923s][debug][gc,heap        ] GC(71) Heap after GC invocations=71 (full 1):
[33.923s][debug][gc,heap        ] GC(71)  def new generation   total 39424K, used 3701K [0x0000000780000000, 0x0000000782ac0000, 0x00000007aaaa0000)
[33.923s][debug][gc,heap        ] GC(71)   eden space 35072K,   0% used [0x0000000780000000, 0x0000000780000000, 0x0000000782240000)
[33.923s][debug][gc,heap        ] GC(71)   from space 4352K,  85% used [0x0000000782240000, 0x00000007825dd598, 0x0000000782680000)
[33.923s][debug][gc,heap        ] GC(71)   to   space 4352K,   0% used [0x0000000782680000, 0x0000000782680000, 0x0000000782ac0000)
[33.923s][debug][gc,heap        ] GC(71)  tenured generation   total 87424K, used 84598K [0x00000007aaaa0000, 0x00000007b0000000, 0x0000000800000000)
[33.923s][debug][gc,heap        ] GC(71)    the space 87424K,  96% used [0x00000007aaaa0000, 0x00000007afd3d818, 0x00000007afd3da00, 0x00000007b0000000)
[33.923s][debug][gc,heap        ] GC(71)  Metaspace       used 8903K, committed 9216K, reserved 1114112K
[33.923s][debug][gc,heap        ] GC(71)   class space    used 933K, committed 1088K, reserved 1048576K
[33.923s][info ][gc             ] GC(71) Pause Young (Allocation Failure) 121M->86M(123M) 5.479ms
[33.923s][info ][gc,cpu         ] GC(71) User=0.00s Sys=0.00s Real=0.00s
[34.257s][info ][gc,start       ] GC(72) Pause Young (Allocation Failure)
[34.257s][debug][gc,heap        ] GC(72) Heap before GC invocations=71 (full 1):
[34.257s][debug][gc,heap        ] GC(72)  def new generation   total 39424K, used 38773K [0x0000000780000000, 0x0000000782ac0000, 0x00000007aaaa0000)
[34.257s][debug][gc,heap        ] GC(72)   eden space 35072K, 100% used [0x0000000780000000, 0x0000000782240000, 0x0000000782240000)
[34.257s][debug][gc,heap        ] GC(72)   from space 4352K,  85% used [0x0000000782240000, 0x00000007825dd598, 0x0000000782680000)
[34.257s][debug][gc,heap        ] GC(72)   to   space 4352K,   0% used [0x0000000782680000, 0x0000000782680000, 0x0000000782ac0000)
[34.257s][debug][gc,heap        ] GC(72)  tenured generation   total 87424K, used 84598K [0x00000007aaaa0000, 0x00000007b0000000, 0x0000000800000000)
[34.257s][debug][gc,heap        ] GC(72)    the space 87424K,  96% used [0x00000007aaaa0000, 0x00000007afd3d818, 0x00000007afd3da00, 0x00000007b0000000)
[34.257s][debug][gc,heap        ] GC(72)  Metaspace       used 8903K, committed 9216K, reserved 1114112K
[34.257s][debug][gc,heap        ] GC(72)   class space    used 933K, committed 1088K, reserved 1048576K
[34.257s][debug][gc,tlab        ] GC(72) TLAB totals: thrds: 1  refills: 45 max: 45 slow allocs: 5 max 5 waste:  0.1% gc: 0B max: 0B slow: 26368B max: 26368B
[34.262s][debug][gc,ref         ] GC(72) Skipped SoftWeakFinalRefsPhase of Reference Processing: no references
[34.262s][debug][gc,ref         ] GC(72) Skipped KeepAliveFinalRefsPhase of Reference Processing: no references
[34.262s][debug][gc,ref         ] GC(72) Skipped PhantomRefsPhase of Reference Processing: no references
[34.262s][debug][gc,phases,ref  ] GC(72) Reference Processing: 0.2ms
[34.262s][debug][gc,phases,ref  ] GC(72)   Notify Soft/WeakReferences: 0.2ms
[34.262s][debug][gc,phases,ref  ] GC(72)     SoftRef: skipped
[34.262s][debug][gc,phases,ref  ] GC(72)     WeakRef: skipped
[34.262s][debug][gc,phases,ref  ] GC(72)     FinalRef: skipped
[34.263s][debug][gc,phases,ref  ] GC(72)     Total: skipped
[34.263s][debug][gc,phases,ref  ] GC(72)   Notify and keep alive finalizable: 0.0ms
[34.263s][debug][gc,phases,ref  ] GC(72)     FinalRef: skipped
[34.263s][debug][gc,phases,ref  ] GC(72)   Notify PhantomReferences: 0.0ms
[34.263s][debug][gc,phases,ref  ] GC(72)     PhantomRef: skipped
[34.263s][debug][gc,phases,ref  ] GC(72)   SoftReference Discovered: 0, Dropped: 0, Processed: 0
[34.263s][debug][gc,phases,ref  ] GC(72)   WeakReference Discovered: 0, Dropped: 0, Processed: 0
[34.263s][debug][gc,phases,ref  ] GC(72)   FinalReference Discovered: 0, Dropped: 0, Processed: 0
[34.263s][debug][gc,phases,ref  ] GC(72)   PhantomReference Discovered: 0, Dropped: 0, Processed: 0
[34.263s][debug][gc,age         ] GC(72) Desired survivor size 2228224 bytes, new threshold 1 (max threshold 15)
[34.263s][info ][gc,heap        ] GC(72) DefNew: 38773K(39424K)->2291K(39424K) Eden: 35072K(35072K)->0K(35072K) From: 3701K(4352K)->2291K(4352K)
[34.263s][info ][gc,heap        ] GC(72) Tenured: 84598K(87424K)->84598K(87424K)
[34.263s][info ][gc,metaspace   ] GC(72) Metaspace: 8903K(9216K)->8903K(9216K) NonClass: 7969K(8128K)->7969K(8128K) Class: 933K(1088K)->933K(1088K)
[34.263s][debug][gc,heap        ] GC(72) Heap after GC invocations=72 (full 1):
[34.263s][debug][gc,heap        ] GC(72)  def new generation   total 39424K, used 2291K [0x0000000780000000, 0x0000000782ac0000, 0x00000007aaaa0000)
[34.263s][debug][gc,heap        ] GC(72)   eden space 35072K,   0% used [0x0000000780000000, 0x0000000780000000, 0x0000000782240000)
[34.263s][debug][gc,heap        ] GC(72)   from space 4352K,  52% used [0x0000000782680000, 0x00000007828bcfb8, 0x0000000782ac0000)
[34.263s][debug][gc,heap        ] GC(72)   to   space 4352K,   0% used [0x0000000782240000, 0x0000000782240000, 0x0000000782680000)
[34.263s][debug][gc,heap        ] GC(72)  tenured generation   total 87424K, used 84598K [0x00000007aaaa0000, 0x00000007b0000000, 0x0000000800000000)
[34.263s][debug][gc,heap        ] GC(72)    the space 87424K,  96% used [0x00000007aaaa0000, 0x00000007afd3d818, 0x00000007afd3da00, 0x00000007b0000000)
[34.263s][debug][gc,heap        ] GC(72)  Metaspace       used 8903K, committed 9216K, reserved 1114112K
[34.263s][debug][gc,heap        ] GC(72)   class space    used 933K, committed 1088K, reserved 1048576K
[34.263s][info ][gc             ] GC(72) Pause Young (Allocation Failure) 120M->84M(123M) 6.419ms
[34.263s][info ][gc,cpu         ] GC(72) User=0.00s Sys=0.00s Real=0.01s
[34.593s][info ][gc,start       ] GC(73) Pause Young (Allocation Failure)
[34.593s][debug][gc,heap        ] GC(73) Heap before GC invocations=72 (full 1):
[34.593s][debug][gc,heap        ] GC(73)  def new generation   total 39424K, used 37363K [0x0000000780000000, 0x0000000782ac0000, 0x00000007aaaa0000)
[34.593s][debug][gc,heap        ] GC(73)   eden space 35072K, 100% used [0x0000000780000000, 0x0000000782240000, 0x0000000782240000)
[34.593s][debug][gc,heap        ] GC(73)   from space 4352K,  52% used [0x0000000782680000, 0x00000007828bcfb8, 0x0000000782ac0000)
[34.593s][debug][gc,heap        ] GC(73)   to   space 4352K,   0% used [0x0000000782240000, 0x0000000782240000, 0x0000000782680000)
[34.593s][debug][gc,heap        ] GC(73)  tenured generation   total 87424K, used 84598K [0x00000007aaaa0000, 0x00000007b0000000, 0x0000000800000000)
[34.593s][debug][gc,heap        ] GC(73)    the space 87424K,  96% used [0x00000007aaaa0000, 0x00000007afd3d818, 0x00000007afd3da00, 0x00000007b0000000)
[34.593s][debug][gc,heap        ] GC(73)  Metaspace       used 8912K, committed 9216K, reserved 1114112K
[34.593s][debug][gc,heap        ] GC(73)   class space    used 933K, committed 1088K, reserved 1048576K
[34.593s][debug][gc,tlab        ] GC(73) TLAB totals: thrds: 4  refills: 94 max: 44 slow allocs: 33 max 14 waste:  0.4% gc: 69312B max: 62408B slow: 53536B max: 25504B
[34.594s][debug][gc,ref         ] GC(73) Skipped SoftWeakFinalRefsPhase of Reference Processing: no references
[34.594s][debug][gc,ref         ] GC(73) Skipped KeepAliveFinalRefsPhase of Reference Processing: no references
[34.594s][debug][gc,ref         ] GC(73) Skipped PhantomRefsPhase of Reference Processing: no references
[34.594s][debug][gc,phases,ref  ] GC(73) Reference Processing: 0.0ms
[34.594s][debug][gc,phases,ref  ] GC(73)   Notify Soft/WeakReferences: 0.0ms
[34.594s][debug][gc,phases,ref  ] GC(73)     SoftRef: skipped
[34.594s][debug][gc,phases,ref  ] GC(73)     WeakRef: skipped
[34.594s][debug][gc,phases,ref  ] GC(73)     FinalRef: skipped
[34.595s][debug][gc,phases,ref  ] GC(73)     Total: skipped
[34.595s][debug][gc,phases,ref  ] GC(73)   Notify and keep alive finalizable: 0.0ms
[34.595s][debug][gc,phases,ref  ] GC(73)     FinalRef: skipped
[34.595s][debug][gc,phases,ref  ] GC(73)   Notify PhantomReferences: 0.0ms
[34.595s][debug][gc,phases,ref  ] GC(73)     PhantomRef: skipped
[34.595s][debug][gc,phases,ref  ] GC(73)   SoftReference Discovered: 0, Dropped: 0, Processed: 0
[34.595s][debug][gc,phases,ref  ] GC(73)   WeakReference Discovered: 0, Dropped: 0, Processed: 0
[34.595s][debug][gc,phases,ref  ] GC(73)   FinalReference Discovered: 0, Dropped: 0, Processed: 0
[34.595s][debug][gc,phases,ref  ] GC(73)   PhantomReference Discovered: 0, Dropped: 0, Processed: 0
[34.595s][debug][gc,age         ] GC(73) Desired survivor size 2228224 bytes, new threshold 15 (max threshold 15)
[34.595s][info ][gc,heap        ] GC(73) DefNew: 37363K(39424K)->646K(39424K) Eden: 35072K(35072K)->0K(35072K) From: 2291K(4352K)->646K(4352K)
[34.595s][info ][gc,heap        ] GC(73) Tenured: 84598K(87424K)->84598K(87424K)
[34.595s][info ][gc,metaspace   ] GC(73) Metaspace: 8912K(9216K)->8912K(9216K) NonClass: 7979K(8128K)->7979K(8128K) Class: 933K(1088K)->933K(1088K)
[34.595s][debug][gc,heap        ] GC(73) Heap after GC invocations=73 (full 1):
[34.595s][debug][gc,heap        ] GC(73)  def new generation   total 39424K, used 646K [0x0000000780000000, 0x0000000782ac0000, 0x00000007aaaa0000)
[34.595s][debug][gc,heap        ] GC(73)   eden space 35072K,   0% used [0x0000000780000000, 0x0000000780000000, 0x0000000782240000)
[34.595s][debug][gc,heap        ] GC(73)   from space 4352K,  14% used [0x0000000782240000, 0x00000007822e1980, 0x0000000782680000)
[34.595s][debug][gc,heap        ] GC(73)   to   space 4352K,   0% used [0x0000000782680000, 0x0000000782680000, 0x0000000782ac0000)
[34.595s][debug][gc,heap        ] GC(73)  tenured generation   total 87424K, used 84598K [0x00000007aaaa0000, 0x00000007b0000000, 0x0000000800000000)
[34.595s][debug][gc,heap        ] GC(73)    the space 87424K,  96% used [0x00000007aaaa0000, 0x00000007afd3d818, 0x00000007afd3da00, 0x00000007b0000000)
[34.595s][debug][gc,heap        ] GC(73)  Metaspace       used 8912K, committed 9216K, reserved 1114112K
[34.595s][debug][gc,heap        ] GC(73)   class space    used 933K, committed 1088K, reserved 1048576K
[34.595s][info ][gc             ] GC(73) Pause Young (Allocation Failure) 119M->83M(123M) 1.772ms
[34.595s][info ][gc,cpu         ] GC(73) User=0.00s Sys=0.00s Real=0.00s
[34.825s][info ][gc,start       ] GC(74) Pause Young (Allocation Failure)
[34.825s][debug][gc,heap        ] GC(74) Heap before GC invocations=73 (full 1):
[34.825s][debug][gc,heap        ] GC(74)  def new generation   total 39424K, used 35718K [0x0000000780000000, 0x0000000782ac0000, 0x00000007aaaa0000)
[34.825s][debug][gc,heap        ] GC(74)   eden space 35072K, 100% used [0x0000000780000000, 0x0000000782240000, 0x0000000782240000)
[34.825s][debug][gc,heap        ] GC(74)   from space 4352K,  14% used [0x0000000782240000, 0x00000007822e1980, 0x0000000782680000)
[34.825s][debug][gc,heap        ] GC(74)   to   space 4352K,   0% used [0x0000000782680000, 0x0000000782680000, 0x0000000782ac0000)
[34.825s][debug][gc,heap        ] GC(74)  tenured generation   total 87424K, used 84598K [0x00000007aaaa0000, 0x00000007b0000000, 0x0000000800000000)
[34.825s][debug][gc,heap        ] GC(74)    the space 87424K,  96% used [0x00000007aaaa0000, 0x00000007afd3d818, 0x00000007afd3da00, 0x00000007b0000000)
[34.825s][debug][gc,heap        ] GC(74)  Metaspace       used 8912K, committed 9216K, reserved 1114112K
[34.825s][debug][gc,heap        ] GC(74)   class space    used 933K, committed 1088K, reserved 1048576K
[34.825s][debug][gc,tlab        ] GC(74) TLAB totals: thrds: 1  refills: 45 max: 45 slow allocs: 8 max 8 waste:  1.2% gc: 345800B max: 345800B slow: 25688B max: 25688B
[34.845s][debug][gc,ref         ] GC(74) Skipped SoftWeakFinalRefsPhase of Reference Processing: no references
[34.845s][debug][gc,ref         ] GC(74) Skipped KeepAliveFinalRefsPhase of Reference Processing: no references
[34.845s][debug][gc,ref         ] GC(74) Skipped PhantomRefsPhase of Reference Processing: no references
[34.845s][debug][gc,phases,ref  ] GC(74) Reference Processing: 0.1ms
[34.845s][debug][gc,phases,ref  ] GC(74)   Notify Soft/WeakReferences: 0.1ms
[34.845s][debug][gc,phases,ref  ] GC(74)     SoftRef: skipped
[34.845s][debug][gc,phases,ref  ] GC(74)     WeakRef: skipped
[34.845s][debug][gc,phases,ref  ] GC(74)     FinalRef: skipped
[34.845s][debug][gc,phases,ref  ] GC(74)     Total: skipped
[34.845s][debug][gc,phases,ref  ] GC(74)   Notify and keep alive finalizable: 0.0ms
[34.845s][debug][gc,phases,ref  ] GC(74)     FinalRef: skipped
[34.845s][debug][gc,phases,ref  ] GC(74)   Notify PhantomReferences: 0.0ms
[34.845s][debug][gc,phases,ref  ] GC(74)     PhantomRef: skipped
[34.845s][debug][gc,phases,ref  ] GC(74)   SoftReference Discovered: 0, Dropped: 0, Processed: 0
[34.845s][debug][gc,phases,ref  ] GC(74)   WeakReference Discovered: 0, Dropped: 0, Processed: 0
[34.845s][debug][gc,phases,ref  ] GC(74)   FinalReference Discovered: 0, Dropped: 0, Processed: 0
[34.845s][debug][gc,phases,ref  ] GC(74)   PhantomReference Discovered: 0, Dropped: 0, Processed: 0
[34.845s][debug][gc,age         ] GC(74) Desired survivor size 2228224 bytes, new threshold 1 (max threshold 15)
[34.845s][debug][gc,heap        ] GC(74) Heap after GC invocations=74 (full 1):
[34.845s][debug][gc,heap        ] GC(74)  def new generation   total 39424K, used 4351K [0x0000000780000000, 0x0000000782ac0000, 0x00000007aaaa0000)
[34.845s][debug][gc,heap        ] GC(74)   eden space 35072K,   0% used [0x0000000780000000, 0x0000000780000000, 0x0000000782240000)
[34.845s][debug][gc,heap        ] GC(74)   from space 4352K,  99% used [0x0000000782680000, 0x0000000782abfff8, 0x0000000782ac0000)
[34.845s][debug][gc,heap        ] GC(74)   to   space 4352K,   0% used [0x0000000782240000, 0x0000000782240000, 0x0000000782680000)
[34.845s][debug][gc,heap        ] GC(74)  tenured generation   total 90880K, used 90732K [0x00000007aaaa0000, 0x00000007b0360000, 0x0000000800000000)
[34.845s][debug][gc,heap        ] GC(74)    the space 90880K,  99% used [0x00000007aaaa0000, 0x00000007b033b1a0, 0x00000007b033b200, 0x00000007b0360000)
[34.845s][debug][gc,heap        ] GC(74)  Metaspace       used 8912K, committed 9216K, reserved 1114112K
[34.845s][debug][gc,heap        ] GC(74)   class space    used 933K, committed 1088K, reserved 1048576K
[34.845s][info ][gc             ] GC(74) Pause Young (Allocation Failure) 117M->92M(127M) 20.740ms
[34.845s][info ][gc,cpu         ] GC(74) User=0.02s Sys=0.00s Real=0.02s
[34.845s][info ][gc,start       ] GC(75) Pause Full (Allocation Failure)
[34.845s][debug][gc,heap        ] GC(75) Heap before GC invocations=74 (full 1):
[34.845s][debug][gc,heap        ] GC(75)  def new generation   total 39424K, used 4351K [0x0000000780000000, 0x0000000782ac0000, 0x00000007aaaa0000)
[34.845s][debug][gc,heap        ] GC(75)   eden space 35072K,   0% used [0x0000000780000000, 0x0000000780000000, 0x0000000782240000)
[34.845s][debug][gc,heap        ] GC(75)   from space 4352K,  99% used [0x0000000782680000, 0x0000000782abfff8, 0x0000000782ac0000)
[34.845s][debug][gc,heap        ] GC(75)   to   space 4352K,   0% used [0x0000000782240000, 0x0000000782240000, 0x0000000782680000)
[34.845s][debug][gc,heap        ] GC(75)  tenured generation   total 90880K, used 90732K [0x00000007aaaa0000, 0x00000007b0360000, 0x0000000800000000)
[34.845s][debug][gc,heap        ] GC(75)    the space 90880K,  99% used [0x00000007aaaa0000, 0x00000007b033b1a0, 0x00000007b033b200, 0x00000007b0360000)
[34.845s][debug][gc,heap        ] GC(75)  Metaspace       used 8912K, committed 9216K, reserved 1114112K
[34.845s][debug][gc,heap        ] GC(75)   class space    used 933K, committed 1088K, reserved 1048576K
[34.846s][info ][gc,phases,start] GC(75) Phase 1: Mark live objects
[34.864s][debug][gc,phases,start] GC(75) Reference Processing
[34.864s][debug][gc,ref         ] GC(75) ReferenceProcessor::execute queues: 1, RefProcThreadModel::Single, marks_oops_alive: false
[34.864s][debug][gc,ref         ] GC(75) Skipped KeepAliveFinalRefsPhase of Reference Processing: no references
[34.864s][debug][gc,ref         ] GC(75) ReferenceProcessor::execute queues: 1, RefProcThreadModel::Single, marks_oops_alive: false
[34.864s][debug][gc,phases,ref  ] GC(75) Reference Processing: 0.1ms
[34.864s][debug][gc,phases,ref  ] GC(75)   Notify Soft/WeakReferences: 0.0ms
[34.864s][debug][gc,phases,ref  ] GC(75)     SoftRef: 0.0ms
[34.864s][debug][gc,phases,ref  ] GC(75)     WeakRef: 0.0ms
[34.864s][debug][gc,phases,ref  ] GC(75)     FinalRef: 0.0ms
[34.864s][debug][gc,phases,ref  ] GC(75)     Total: 0.0ms
[34.864s][debug][gc,phases,ref  ] GC(75)   Notify and keep alive finalizable: 0.0ms
[34.864s][debug][gc,phases,ref  ] GC(75)     FinalRef: skipped
[34.864s][debug][gc,phases,ref  ] GC(75)   Notify PhantomReferences: 0.0ms
[34.864s][debug][gc,phases,ref  ] GC(75)     PhantomRef: 0.0ms
[34.864s][debug][gc,phases,ref  ] GC(75)   SoftReference Discovered: 0, Dropped: 0, Processed: 0
[34.864s][debug][gc,phases,ref  ] GC(75)   WeakReference Discovered: 112, Dropped: 112, Processed: 0
[34.864s][debug][gc,phases,ref  ] GC(75)   FinalReference Discovered: 0, Dropped: 0, Processed: 0
[34.864s][debug][gc,phases,ref  ] GC(75)   PhantomReference Discovered: 14, Dropped: 14, Processed: 0
[34.864s][debug][gc,phases      ] GC(75) Reference Processing 0.304ms
[34.864s][debug][gc,phases,start] GC(75) Weak Processing
[34.864s][debug][gc,phases      ] GC(75) Weak Processing 0.205ms
[34.864s][debug][gc,phases,start] GC(75) Class Unloading
[34.864s][debug][gc,phases,start] GC(75) ClassLoaderData
[34.864s][debug][gc,phases      ] GC(75) ClassLoaderData 0.039ms
[34.864s][debug][gc,phases,start] GC(75) Trigger cleanups
[34.864s][debug][gc,phases      ] GC(75) Trigger cleanups 0.011ms
[34.868s][debug][gc,phases      ] GC(75) Class Unloading 3.504ms
[34.868s][info ][gc,phases      ] GC(75) Phase 1: Mark live objects 22.115ms
[34.868s][info ][gc,phases,start] GC(75) Phase 2: Compute new object addresses
[34.902s][info ][gc,phases      ] GC(75) Phase 2: Compute new object addresses 34.195ms
[34.902s][info ][gc,phases,start] GC(75) Phase 3: Adjust pointers
[34.909s][info ][gc,phases      ] GC(75) Phase 3: Adjust pointers 7.333ms
[34.909s][info ][gc,phases,start] GC(75) Phase 4: Move objects
[34.912s][info ][gc,phases      ] GC(75) Phase 4: Move objects 2.734ms
[34.913s][info ][gc,heap        ] GC(75) DefNew: 35718K(39424K)->0K(39424K) Eden: 35072K(35072K)->0K(35072K) From: 646K(4352K)->0K(4352K)
[34.913s][info ][gc,heap        ] GC(75) Tenured: 84598K(87424K)->15122K(87424K)
[34.913s][info ][gc,metaspace   ] GC(75) Metaspace: 8912K(9216K)->8912K(9216K) NonClass: 7979K(8128K)->7979K(8128K) Class: 933K(1088K)->933K(1088K)
[34.913s][debug][gc,heap        ] GC(75) Heap after GC invocations=74 (full 2):
[34.913s][debug][gc,heap        ] GC(75)  def new generation   total 39424K, used 0K [0x0000000780000000, 0x0000000782ac0000, 0x00000007aaaa0000)
[34.913s][debug][gc,heap        ] GC(75)   eden space 35072K,   0% used [0x0000000780000000, 0x0000000780000000, 0x0000000782240000)
[34.913s][debug][gc,heap        ] GC(75)   from space 4352K,   0% used [0x0000000782680000, 0x0000000782680000, 0x0000000782ac0000)
[34.913s][debug][gc,heap        ] GC(75)   to   space 4352K,   0% used [0x0000000782240000, 0x0000000782240000, 0x0000000782680000)
[34.913s][debug][gc,heap        ] GC(75)  tenured generation   total 87424K, used 15122K [0x00000007aaaa0000, 0x00000007b0000000, 0x0000000800000000)
[34.913s][debug][gc,heap        ] GC(75)    the space 87424K,  17% used [0x00000007aaaa0000, 0x00000007ab9648d8, 0x00000007ab964a00, 0x00000007b0000000)
[34.913s][debug][gc,heap        ] GC(75)  Metaspace       used 8912K, committed 9216K, reserved 1114112K
[34.913s][debug][gc,heap        ] GC(75)   class space    used 933K, committed 1088K, reserved 1048576K
[34.913s][info ][gc             ] GC(75) Pause Full (Allocation Failure) 92M->14M(123M) 67.566ms
[34.913s][info ][gc,cpu         ] GC(75) User=0.07s Sys=0.00s Real=0.07s
[35.250s][info ][gc,start       ] GC(76) Pause Young (Allocation Failure)
[35.250s][debug][gc,heap        ] GC(76) Heap before GC invocations=74 (full 2):
[35.250s][debug][gc,heap        ] GC(76)  def new generation   total 39424K, used 35072K [0x0000000780000000, 0x0000000782ac0000, 0x00000007aaaa0000)
[35.250s][debug][gc,heap        ] GC(76)   eden space 35072K, 100% used [0x0000000780000000, 0x0000000782240000, 0x0000000782240000)
[35.250s][debug][gc,heap        ] GC(76)   from space 4352K,   0% used [0x0000000782680000, 0x0000000782680000, 0x0000000782ac0000)
[35.250s][debug][gc,heap        ] GC(76)   to   space 4352K,   0% used [0x0000000782240000, 0x0000000782240000, 0x0000000782680000)
[35.250s][debug][gc,heap        ] GC(76)  tenured generation   total 87424K, used 15122K [0x00000007aaaa0000, 0x00000007b0000000, 0x0000000800000000)
[35.250s][debug][gc,heap        ] GC(76)    the space 87424K,  17% used [0x00000007aaaa0000, 0x00000007ab9648d8, 0x00000007ab964a00, 0x00000007b0000000)
[35.250s][debug][gc,heap        ] GC(76)  Metaspace       used 8912K, committed 9216K, reserved 1114112K
[35.250s][debug][gc,heap        ] GC(76)   class space    used 933K, committed 1088K, reserved 1048576K
[35.250s][debug][gc,tlab        ] GC(76) TLAB totals: thrds: 1  refills: 45 max: 45 slow allocs: 4 max 4 waste:  0.1% gc: 0B max: 0B slow: 26008B max: 26008B
[35.267s][debug][gc,ref         ] GC(76) Skipped SoftWeakFinalRefsPhase of Reference Processing: no references
[35.267s][debug][gc,ref         ] GC(76) Skipped KeepAliveFinalRefsPhase of Reference Processing: no references
[35.267s][debug][gc,ref         ] GC(76) Skipped PhantomRefsPhase of Reference Processing: no references
[35.267s][debug][gc,phases,ref  ] GC(76) Reference Processing: 0.1ms
[35.267s][debug][gc,phases,ref  ] GC(76)   Notify Soft/WeakReferences: 0.1ms
[35.267s][debug][gc,phases,ref  ] GC(76)     SoftRef: skipped
[35.267s][debug][gc,phases,ref  ] GC(76)     WeakRef: skipped
[35.267s][debug][gc,phases,ref  ] GC(76)     FinalRef: skipped
[35.267s][debug][gc,phases,ref  ] GC(76)     Total: skipped
[35.267s][debug][gc,phases,ref  ] GC(76)   Notify and keep alive finalizable: 0.0ms
[35.267s][debug][gc,phases,ref  ] GC(76)     FinalRef: skipped
[35.267s][debug][gc,phases,ref  ] GC(76)   Notify PhantomReferences: 0.0ms
[35.267s][debug][gc,phases,ref  ] GC(76)     PhantomRef: skipped
[35.267s][debug][gc,phases,ref  ] GC(76)   SoftReference Discovered: 0, Dropped: 0, Processed: 0
[35.267s][debug][gc,phases,ref  ] GC(76)   WeakReference Discovered: 0, Dropped: 0, Processed: 0
[35.267s][debug][gc,phases,ref  ] GC(76)   FinalReference Discovered: 0, Dropped: 0, Processed: 0
[35.267s][debug][gc,phases,ref  ] GC(76)   PhantomReference Discovered: 0, Dropped: 0, Processed: 0
[35.267s][debug][gc,age         ] GC(76) Desired survivor size 2228224 bytes, new threshold 1 (max threshold 15)
[35.267s][info ][gc,heap        ] GC(76) DefNew: 35072K(39424K)->4352K(39424K) Eden: 35072K(35072K)->0K(35072K) From: 0K(4352K)->4352K(4352K)
[35.267s][info ][gc,heap        ] GC(76) Tenured: 15122K(87424K)->20915K(87424K)
[35.267s][info ][gc,metaspace   ] GC(76) Metaspace: 8912K(9216K)->8912K(9216K) NonClass: 7979K(8128K)->7979K(8128K) Class: 933K(1088K)->933K(1088K)
[35.268s][debug][gc,heap        ] GC(76) Heap after GC invocations=75 (full 2):
[35.268s][debug][gc,heap        ] GC(76)  def new generation   total 39424K, used 4352K [0x0000000780000000, 0x0000000782ac0000, 0x00000007aaaa0000)
[35.268s][debug][gc,heap        ] GC(76)   eden space 35072K,   0% used [0x0000000780000000, 0x0000000780000000, 0x0000000782240000)
[35.268s][debug][gc,heap        ] GC(76)   from space 4352K, 100% used [0x0000000782240000, 0x0000000782680000, 0x0000000782680000)
[35.268s][debug][gc,heap        ] GC(76)   to   space 4352K,   0% used [0x0000000782680000, 0x0000000782680000, 0x0000000782ac0000)
[35.268s][debug][gc,heap        ] GC(76)  tenured generation   total 87424K, used 20915K [0x00000007aaaa0000, 0x00000007b0000000, 0x0000000800000000)
[35.268s][debug][gc,heap        ] GC(76)    the space 87424K,  23% used [0x00000007aaaa0000, 0x00000007abf0ce10, 0x00000007abf0d000, 0x00000007b0000000)
[35.268s][debug][gc,heap        ] GC(76)  Metaspace       used 8912K, committed 9216K, reserved 1114112K
[35.268s][debug][gc,heap        ] GC(76)   class space    used 933K, committed 1088K, reserved 1048576K
[35.268s][info ][gc             ] GC(76) Pause Young (Allocation Failure) 49M->24M(123M) 17.524ms
[35.268s][info ][gc,cpu         ] GC(76) User=0.01s Sys=0.01s Real=0.02s
[35.601s][info ][gc,start       ] GC(77) Pause Young (Allocation Failure)
[35.601s][debug][gc,heap        ] GC(77) Heap before GC invocations=75 (full 2):
[35.601s][debug][gc,heap        ] GC(77)  def new generation   total 39424K, used 39424K [0x0000000780000000, 0x0000000782ac0000, 0x00000007aaaa0000)
[35.601s][debug][gc,heap        ] GC(77)   eden space 35072K, 100% used [0x0000000780000000, 0x0000000782240000, 0x0000000782240000)
[35.601s][debug][gc,heap        ] GC(77)   from space 4352K, 100% used [0x0000000782240000, 0x0000000782680000, 0x0000000782680000)
[35.601s][debug][gc,heap        ] GC(77)   to   space 4352K,   0% used [0x0000000782680000, 0x0000000782680000, 0x0000000782ac0000)
[35.601s][debug][gc,heap        ] GC(77)  tenured generation   total 87424K, used 20915K [0x00000007aaaa0000, 0x00000007b0000000, 0x0000000800000000)
[35.601s][debug][gc,heap        ] GC(77)    the space 87424K,  23% used [0x00000007aaaa0000, 0x00000007abf0ce10, 0x00000007abf0d000, 0x00000007b0000000)
[35.601s][debug][gc,heap        ] GC(77)  Metaspace       used 8923K, committed 9216K, reserved 1114112K
[35.601s][debug][gc,heap        ] GC(77)   class space    used 933K, committed 1088K, reserved 1048576K
[35.601s][debug][gc,tlab        ] GC(77) TLAB totals: thrds: 5  refills: 89 max: 44 slow allocs: 26 max 14 waste:  0.2% gc: 10032B max: 3072B slow: 54424B max: 30040B
[35.611s][debug][gc,ref         ] GC(77) Skipped SoftWeakFinalRefsPhase of Reference Processing: no references
[35.611s][debug][gc,ref         ] GC(77) Skipped KeepAliveFinalRefsPhase of Reference Processing: no references
[35.611s][debug][gc,ref         ] GC(77) Skipped PhantomRefsPhase of Reference Processing: no references
[35.611s][debug][gc,phases,ref  ] GC(77) Reference Processing: 0.1ms
[35.611s][debug][gc,phases,ref  ] GC(77)   Notify Soft/WeakReferences: 0.1ms
[35.611s][debug][gc,phases,ref  ] GC(77)     SoftRef: skipped
[35.611s][debug][gc,phases,ref  ] GC(77)     WeakRef: skipped
[35.611s][debug][gc,phases,ref  ] GC(77)     FinalRef: skipped
[35.611s][debug][gc,phases,ref  ] GC(77)     Total: skipped
[35.611s][debug][gc,phases,ref  ] GC(77)   Notify and keep alive finalizable: 0.0ms
[35.611s][debug][gc,phases,ref  ] GC(77)     FinalRef: skipped
[35.611s][debug][gc,phases,ref  ] GC(77)   Notify PhantomReferences: 0.0ms
[35.611s][debug][gc,phases,ref  ] GC(77)     PhantomRef: skipped
[35.611s][debug][gc,phases,ref  ] GC(77)   SoftReference Discovered: 0, Dropped: 0, Processed: 0
[35.611s][debug][gc,phases,ref  ] GC(77)   WeakReference Discovered: 0, Dropped: 0, Processed: 0
[35.611s][debug][gc,phases,ref  ] GC(77)   FinalReference Discovered: 0, Dropped: 0, Processed: 0
[35.611s][debug][gc,phases,ref  ] GC(77)   PhantomReference Discovered: 0, Dropped: 0, Processed: 0
[35.612s][debug][gc,age         ] GC(77) Desired survivor size 2228224 bytes, new threshold 1 (max threshold 15)
[35.612s][info ][gc,heap        ] GC(77) DefNew: 39424K(39424K)->4352K(39424K) Eden: 35072K(35072K)->0K(35072K) From: 4352K(4352K)->4352K(4352K)
[35.612s][info ][gc,heap        ] GC(77) Tenured: 20915K(87424K)->24984K(87424K)
[35.612s][info ][gc,metaspace   ] GC(77) Metaspace: 8923K(9216K)->8923K(9216K) NonClass: 7989K(8128K)->7989K(8128K) Class: 933K(1088K)->933K(1088K)
[35.612s][debug][gc,heap        ] GC(77) Heap after GC invocations=76 (full 2):
[35.612s][debug][gc,heap        ] GC(77)  def new generation   total 39424K, used 4352K [0x0000000780000000, 0x0000000782ac0000, 0x00000007aaaa0000)
[35.612s][debug][gc,heap        ] GC(77)   eden space 35072K,   0% used [0x0000000780000000, 0x0000000780000000, 0x0000000782240000)
[35.612s][debug][gc,heap        ] GC(77)   from space 4352K, 100% used [0x0000000782680000, 0x0000000782ac0000, 0x0000000782ac0000)
[35.612s][debug][gc,heap        ] GC(77)   to   space 4352K,   0% used [0x0000000782240000, 0x0000000782240000, 0x0000000782680000)
[35.612s][debug][gc,heap        ] GC(77)  tenured generation   total 87424K, used 24984K [0x00000007aaaa0000, 0x00000007b0000000, 0x0000000800000000)
[35.612s][debug][gc,heap        ] GC(77)    the space 87424K,  28% used [0x00000007aaaa0000, 0x00000007ac306270, 0x00000007ac306400, 0x00000007b0000000)
[35.612s][debug][gc,heap        ] GC(77)  Metaspace       used 8923K, committed 9216K, reserved 1114112K
[35.612s][debug][gc,heap        ] GC(77)   class space    used 933K, committed 1088K, reserved 1048576K
[35.612s][info ][gc             ] GC(77) Pause Young (Allocation Failure) 58M->28M(123M) 10.605ms
[35.612s][info ][gc,cpu         ] GC(77) User=0.01s Sys=0.00s Real=0.01s
[35.954s][info ][gc,start       ] GC(78) Pause Young (Allocation Failure)
[35.954s][debug][gc,heap        ] GC(78) Heap before GC invocations=76 (full 2):
[35.954s][debug][gc,heap        ] GC(78)  def new generation   total 39424K, used 39424K [0x0000000780000000, 0x0000000782ac0000, 0x00000007aaaa0000)
[35.954s][debug][gc,heap        ] GC(78)   eden space 35072K, 100% used [0x0000000780000000, 0x0000000782240000, 0x0000000782240000)
[35.954s][debug][gc,heap        ] GC(78)   from space 4352K, 100% used [0x0000000782680000, 0x0000000782ac0000, 0x0000000782ac0000)
[35.954s][debug][gc,heap        ] GC(78)   to   space 4352K,   0% used [0x0000000782240000, 0x0000000782240000, 0x0000000782680000)
[35.954s][debug][gc,heap        ] GC(78)  tenured generation   total 87424K, used 24984K [0x00000007aaaa0000, 0x00000007b0000000, 0x0000000800000000)
[35.954s][debug][gc,heap        ] GC(78)    the space 87424K,  28% used [0x00000007aaaa0000, 0x00000007ac306270, 0x00000007ac306400, 0x00000007b0000000)
[35.954s][debug][gc,heap        ] GC(78)  Metaspace       used 8923K, committed 9216K, reserved 1114112K
[35.954s][debug][gc,heap        ] GC(78)   class space    used 933K, committed 1088K, reserved 1048576K
[35.954s][debug][gc,tlab        ] GC(78) TLAB totals: thrds: 1  refills: 44 max: 44 slow allocs: 8 max 8 waste:  0.1% gc: 0B max: 0B slow: 25736B max: 25736B
[35.964s][debug][gc,ref         ] GC(78) Skipped SoftWeakFinalRefsPhase of Reference Processing: no references
[35.964s][debug][gc,ref         ] GC(78) Skipped KeepAliveFinalRefsPhase of Reference Processing: no references
[35.964s][debug][gc,ref         ] GC(78) Skipped PhantomRefsPhase of Reference Processing: no references
[35.964s][debug][gc,phases,ref  ] GC(78) Reference Processing: 0.1ms
[35.964s][debug][gc,phases,ref  ] GC(78)   Notify Soft/WeakReferences: 0.1ms
[35.964s][debug][gc,phases,ref  ] GC(78)     SoftRef: skipped
[35.964s][debug][gc,phases,ref  ] GC(78)     WeakRef: skipped
[35.964s][debug][gc,phases,ref  ] GC(78)     FinalRef: skipped
[35.964s][debug][gc,phases,ref  ] GC(78)     Total: skipped
[35.964s][debug][gc,phases,ref  ] GC(78)   Notify and keep alive finalizable: 0.0ms
[35.964s][debug][gc,phases,ref  ] GC(78)     FinalRef: skipped
[35.964s][debug][gc,phases,ref  ] GC(78)   Notify PhantomReferences: 0.0ms
[35.964s][debug][gc,phases,ref  ] GC(78)     PhantomRef: skipped
[35.964s][debug][gc,phases,ref  ] GC(78)   SoftReference Discovered: 0, Dropped: 0, Processed: 0
[35.964s][debug][gc,phases,ref  ] GC(78)   WeakReference Discovered: 0, Dropped: 0, Processed: 0
[35.964s][debug][gc,phases,ref  ] GC(78)   FinalReference Discovered: 0, Dropped: 0, Processed: 0
[35.964s][debug][gc,phases,ref  ] GC(78)   PhantomReference Discovered: 0, Dropped: 0, Processed: 0
[35.964s][debug][gc,age         ] GC(78) Desired survivor size 2228224 bytes, new threshold 1 (max threshold 15)
[35.964s][info ][gc,heap        ] GC(78) DefNew: 39424K(39424K)->4351K(39424K) Eden: 35072K(35072K)->0K(35072K) From: 4352K(4352K)->4351K(4352K)
[35.964s][info ][gc,heap        ] GC(78) Tenured: 24984K(87424K)->26373K(87424K)
[35.964s][info ][gc,metaspace   ] GC(78) Metaspace: 8923K(9216K)->8923K(9216K) NonClass: 7989K(8128K)->7989K(8128K) Class: 933K(1088K)->933K(1088K)
[35.964s][debug][gc,heap        ] GC(78) Heap after GC invocations=77 (full 2):
[35.964s][debug][gc,heap        ] GC(78)  def new generation   total 39424K, used 4351K [0x0000000780000000, 0x0000000782ac0000, 0x00000007aaaa0000)
[35.964s][debug][gc,heap        ] GC(78)   eden space 35072K,   0% used [0x0000000780000000, 0x0000000780000000, 0x0000000782240000)
[35.964s][debug][gc,heap        ] GC(78)   from space 4352K,  99% used [0x0000000782240000, 0x000000078267fff0, 0x0000000782680000)
[35.964s][debug][gc,heap        ] GC(78)   to   space 4352K,   0% used [0x0000000782680000, 0x0000000782680000, 0x0000000782ac0000)
[35.964s][debug][gc,heap        ] GC(78)  tenured generation   total 87424K, used 26373K [0x00000007aaaa0000, 0x00000007b0000000, 0x0000000800000000)
[35.964s][debug][gc,heap        ] GC(78)    the space 87424K,  30% used [0x00000007aaaa0000, 0x00000007ac4616e8, 0x00000007ac461800, 0x00000007b0000000)
[35.964s][debug][gc,heap        ] GC(78)  Metaspace       used 8923K, committed 9216K, reserved 1114112K
[35.964s][debug][gc,heap        ] GC(78)   class space    used 933K, committed 1088K, reserved 1048576K
[35.964s][info ][gc             ] GC(78) Pause Young (Allocation Failure) 62M->30M(123M) 10.346ms
[35.965s][info ][gc,cpu         ] GC(78) User=0.01s Sys=0.00s Real=0.01s
[36.299s][info ][gc,start       ] GC(79) Pause Young (Allocation Failure)
[36.299s][debug][gc,heap        ] GC(79) Heap before GC invocations=77 (full 2):
[36.299s][debug][gc,heap        ] GC(79)  def new generation   total 39424K, used 39423K [0x0000000780000000, 0x0000000782ac0000, 0x00000007aaaa0000)
[36.299s][debug][gc,heap        ] GC(79)   eden space 35072K, 100% used [0x0000000780000000, 0x0000000782240000, 0x0000000782240000)
[36.299s][debug][gc,heap        ] GC(79)   from space 4352K,  99% used [0x0000000782240000, 0x000000078267fff0, 0x0000000782680000)
[36.299s][debug][gc,heap        ] GC(79)   to   space 4352K,   0% used [0x0000000782680000, 0x0000000782680000, 0x0000000782ac0000)
[36.299s][debug][gc,heap        ] GC(79)  tenured generation   total 87424K, used 26373K [0x00000007aaaa0000, 0x00000007b0000000, 0x0000000800000000)
[36.299s][debug][gc,heap        ] GC(79)    the space 87424K,  30% used [0x00000007aaaa0000, 0x00000007ac4616e8, 0x00000007ac461800, 0x00000007b0000000)
[36.299s][debug][gc,heap        ] GC(79)  Metaspace       used 8923K, committed 9216K, reserved 1114112K
[36.299s][debug][gc,heap        ] GC(79)   class space    used 933K, committed 1088K, reserved 1048576K
[36.299s][debug][gc,tlab        ] GC(79) TLAB totals: thrds: 1  refills: 44 max: 44 slow allocs: 9 max 9 waste:  0.1% gc: 0B max: 0B slow: 33424B max: 33424B
[36.307s][debug][gc,ref         ] GC(79) Skipped SoftWeakFinalRefsPhase of Reference Processing: no references
[36.308s][debug][gc,ref         ] GC(79) Skipped KeepAliveFinalRefsPhase of Reference Processing: no references
[36.308s][debug][gc,ref         ] GC(79) Skipped PhantomRefsPhase of Reference Processing: no references
[36.308s][debug][gc,phases,ref  ] GC(79) Reference Processing: 0.1ms
[36.308s][debug][gc,phases,ref  ] GC(79)   Notify Soft/WeakReferences: 0.1ms
[36.308s][debug][gc,phases,ref  ] GC(79)     SoftRef: skipped
[36.308s][debug][gc,phases,ref  ] GC(79)     WeakRef: skipped
[36.308s][debug][gc,phases,ref  ] GC(79)     FinalRef: skipped
[36.308s][debug][gc,phases,ref  ] GC(79)     Total: skipped
[36.308s][debug][gc,phases,ref  ] GC(79)   Notify and keep alive finalizable: 0.0ms
[36.308s][debug][gc,phases,ref  ] GC(79)     FinalRef: skipped
[36.308s][debug][gc,phases,ref  ] GC(79)   Notify PhantomReferences: 0.0ms
[36.308s][debug][gc,phases,ref  ] GC(79)     PhantomRef: skipped
[36.308s][debug][gc,phases,ref  ] GC(79)   SoftReference Discovered: 0, Dropped: 0, Processed: 0
[36.308s][debug][gc,phases,ref  ] GC(79)   WeakReference Discovered: 0, Dropped: 0, Processed: 0
[36.308s][debug][gc,phases,ref  ] GC(79)   FinalReference Discovered: 0, Dropped: 0, Processed: 0
[36.308s][debug][gc,phases,ref  ] GC(79)   PhantomReference Discovered: 0, Dropped: 0, Processed: 0
[36.308s][debug][gc,age         ] GC(79) Desired survivor size 2228224 bytes, new threshold 1 (max threshold 15)
[36.308s][info ][gc,heap        ] GC(79) DefNew: 39423K(39424K)->4352K(39424K) Eden: 35072K(35072K)->0K(35072K) From: 4351K(4352K)->4352K(4352K)
[36.308s][info ][gc,heap        ] GC(79) Tenured: 26373K(87424K)->26474K(87424K)
[36.308s][info ][gc,metaspace   ] GC(79) Metaspace: 8923K(9216K)->8923K(9216K) NonClass: 7989K(8128K)->7989K(8128K) Class: 933K(1088K)->933K(1088K)
[36.308s][debug][gc,heap        ] GC(79) Heap after GC invocations=78 (full 2):
[36.308s][debug][gc,heap        ] GC(79)  def new generation   total 39424K, used 4352K [0x0000000780000000, 0x0000000782ac0000, 0x00000007aaaa0000)
[36.308s][debug][gc,heap        ] GC(79)   eden space 35072K,   0% used [0x0000000780000000, 0x0000000780000000, 0x0000000782240000)
[36.308s][debug][gc,heap        ] GC(79)   from space 4352K, 100% used [0x0000000782680000, 0x0000000782ac0000, 0x0000000782ac0000)
[36.308s][debug][gc,heap        ] GC(79)   to   space 4352K,   0% used [0x0000000782240000, 0x0000000782240000, 0x0000000782680000)
[36.308s][debug][gc,heap        ] GC(79)  tenured generation   total 87424K, used 26474K [0x00000007aaaa0000, 0x00000007b0000000, 0x0000000800000000)
[36.308s][debug][gc,heap        ] GC(79)    the space 87424K,  30% used [0x00000007aaaa0000, 0x00000007ac47a988, 0x00000007ac47aa00, 0x00000007b0000000)
[36.308s][debug][gc,heap        ] GC(79)  Metaspace       used 8923K, committed 9216K, reserved 1114112K
[36.308s][debug][gc,heap        ] GC(79)   class space    used 933K, committed 1088K, reserved 1048576K
[36.308s][info ][gc             ] GC(79) Pause Young (Allocation Failure) 64M->30M(123M) 9.056ms
[36.308s][info ][gc,cpu         ] GC(79) User=0.01s Sys=0.00s Real=0.01s
[36.643s][info ][gc,start       ] GC(80) Pause Young (Allocation Failure)
[36.643s][debug][gc,heap        ] GC(80) Heap before GC invocations=78 (full 2):
[36.643s][debug][gc,heap        ] GC(80)  def new generation   total 39424K, used 39424K [0x0000000780000000, 0x0000000782ac0000, 0x00000007aaaa0000)
[36.643s][debug][gc,heap        ] GC(80)   eden space 35072K, 100% used [0x0000000780000000, 0x0000000782240000, 0x0000000782240000)
[36.643s][debug][gc,heap        ] GC(80)   from space 4352K, 100% used [0x0000000782680000, 0x0000000782ac0000, 0x0000000782ac0000)
[36.643s][debug][gc,heap        ] GC(80)   to   space 4352K,   0% used [0x0000000782240000, 0x0000000782240000, 0x0000000782680000)
[36.643s][debug][gc,heap        ] GC(80)  tenured generation   total 87424K, used 26474K [0x00000007aaaa0000, 0x00000007b0000000, 0x0000000800000000)
[36.643s][debug][gc,heap        ] GC(80)    the space 87424K,  30% used [0x00000007aaaa0000, 0x00000007ac47a988, 0x00000007ac47aa00, 0x00000007b0000000)
[36.643s][debug][gc,heap        ] GC(80)  Metaspace       used 8923K, committed 9216K, reserved 1114112K
[36.643s][debug][gc,heap        ] GC(80)   class space    used 933K, committed 1088K, reserved 1048576K
[36.643s][debug][gc,tlab        ] GC(80) TLAB totals: thrds: 4  refills: 90 max: 46 slow allocs: 22 max 14 waste:  0.2% gc: 6088B max: 2512B slow: 72816B max: 48544B
[36.648s][debug][gc,ref         ] GC(80) Skipped SoftWeakFinalRefsPhase of Reference Processing: no references
[36.648s][debug][gc,ref         ] GC(80) Skipped KeepAliveFinalRefsPhase of Reference Processing: no references
[36.648s][debug][gc,ref         ] GC(80) Skipped PhantomRefsPhase of Reference Processing: no references
[36.648s][debug][gc,phases,ref  ] GC(80) Reference Processing: 0.1ms
[36.648s][debug][gc,phases,ref  ] GC(80)   Notify Soft/WeakReferences: 0.1ms
[36.648s][debug][gc,phases,ref  ] GC(80)     SoftRef: skipped
[36.648s][debug][gc,phases,ref  ] GC(80)     WeakRef: skipped
[36.648s][debug][gc,phases,ref  ] GC(80)     FinalRef: skipped
[36.648s][debug][gc,phases,ref  ] GC(80)     Total: skipped
[36.648s][debug][gc,phases,ref  ] GC(80)   Notify and keep alive finalizable: 0.0ms
[36.648s][debug][gc,phases,ref  ] GC(80)     FinalRef: skipped
[36.648s][debug][gc,phases,ref  ] GC(80)   Notify PhantomReferences: 0.0ms
[36.648s][debug][gc,phases,ref  ] GC(80)     PhantomRef: skipped
[36.648s][debug][gc,phases,ref  ] GC(80)   SoftReference Discovered: 0, Dropped: 0, Processed: 0
[36.648s][debug][gc,phases,ref  ] GC(80)   WeakReference Discovered: 0, Dropped: 0, Processed: 0
[36.648s][debug][gc,phases,ref  ] GC(80)   FinalReference Discovered: 0, Dropped: 0, Processed: 0
[36.648s][debug][gc,phases,ref  ] GC(80)   PhantomReference Discovered: 0, Dropped: 0, Processed: 0
[36.648s][debug][gc,age         ] GC(80) Desired survivor size 2228224 bytes, new threshold 1 (max threshold 15)
[36.648s][info ][gc,heap        ] GC(80) DefNew: 39424K(39424K)->2767K(39424K) Eden: 35072K(35072K)->0K(35072K) From: 4352K(4352K)->2767K(4352K)
[36.648s][info ][gc,heap        ] GC(80) Tenured: 26474K(87424K)->26474K(87424K)
[36.648s][info ][gc,metaspace   ] GC(80) Metaspace: 8923K(9216K)->8923K(9216K) NonClass: 7990K(8128K)->7990K(8128K) Class: 933K(1088K)->933K(1088K)
[36.648s][debug][gc,heap        ] GC(80) Heap after GC invocations=79 (full 2):
[36.648s][debug][gc,heap        ] GC(80)  def new generation   total 39424K, used 2767K [0x0000000780000000, 0x0000000782ac0000, 0x00000007aaaa0000)
[36.648s][debug][gc,heap        ] GC(80)   eden space 35072K,   0% used [0x0000000780000000, 0x0000000780000000, 0x0000000782240000)
[36.648s][debug][gc,heap        ] GC(80)   from space 4352K,  63% used [0x0000000782240000, 0x00000007824f3c68, 0x0000000782680000)
[36.648s][debug][gc,heap        ] GC(80)   to   space 4352K,   0% used [0x0000000782680000, 0x0000000782680000, 0x0000000782ac0000)
[36.648s][debug][gc,heap        ] GC(80)  tenured generation   total 87424K, used 26474K [0x00000007aaaa0000, 0x00000007b0000000, 0x0000000800000000)
[36.648s][debug][gc,heap        ] GC(80)    the space 87424K,  30% used [0x00000007aaaa0000, 0x00000007ac47a988, 0x00000007ac47aa00, 0x00000007b0000000)
[36.648s][debug][gc,heap        ] GC(80)  Metaspace       used 8923K, committed 9216K, reserved 1114112K
[36.648s][debug][gc,heap        ] GC(80)   class space    used 933K, committed 1088K, reserved 1048576K
[36.648s][info ][gc             ] GC(80) Pause Young (Allocation Failure) 64M->28M(123M) 5.449ms
[36.648s][info ][gc,cpu         ] GC(80) User=0.00s Sys=0.00s Real=0.01s
[36.984s][info ][gc,start       ] GC(81) Pause Young (Allocation Failure)
[36.984s][debug][gc,heap        ] GC(81) Heap before GC invocations=79 (full 2):
[36.984s][debug][gc,heap        ] GC(81)  def new generation   total 39424K, used 37839K [0x0000000780000000, 0x0000000782ac0000, 0x00000007aaaa0000)
[36.984s][debug][gc,heap        ] GC(81)   eden space 35072K, 100% used [0x0000000780000000, 0x0000000782240000, 0x0000000782240000)
[36.984s][debug][gc,heap        ] GC(81)   from space 4352K,  63% used [0x0000000782240000, 0x00000007824f3c68, 0x0000000782680000)
[36.984s][debug][gc,heap        ] GC(81)   to   space 4352K,   0% used [0x0000000782680000, 0x0000000782680000, 0x0000000782ac0000)
[36.984s][debug][gc,heap        ] GC(81)  tenured generation   total 87424K, used 26474K [0x00000007aaaa0000, 0x00000007b0000000, 0x0000000800000000)
[36.984s][debug][gc,heap        ] GC(81)    the space 87424K,  30% used [0x00000007aaaa0000, 0x00000007ac47a988, 0x00000007ac47aa00, 0x00000007b0000000)
[36.984s][debug][gc,heap        ] GC(81)  Metaspace       used 8923K, committed 9216K, reserved 1114112K
[36.984s][debug][gc,heap        ] GC(81)   class space    used 933K, committed 1088K, reserved 1048576K
[36.984s][debug][gc,tlab        ] GC(81) TLAB totals: thrds: 1  refills: 45 max: 45 slow allocs: 7 max 7 waste:  0.5% gc: 123056B max: 123056B slow: 25448B max: 25448B
[36.988s][debug][gc,ref         ] GC(81) Skipped SoftWeakFinalRefsPhase of Reference Processing: no references
[36.988s][debug][gc,ref         ] GC(81) Skipped KeepAliveFinalRefsPhase of Reference Processing: no references
[36.988s][debug][gc,ref         ] GC(81) Skipped PhantomRefsPhase of Reference Processing: no references
[36.988s][debug][gc,phases,ref  ] GC(81) Reference Processing: 0.1ms
[36.988s][debug][gc,phases,ref  ] GC(81)   Notify Soft/WeakReferences: 0.1ms
[36.988s][debug][gc,phases,ref  ] GC(81)     SoftRef: skipped
[36.988s][debug][gc,phases,ref  ] GC(81)     WeakRef: skipped
[36.988s][debug][gc,phases,ref  ] GC(81)     FinalRef: skipped
[36.988s][debug][gc,phases,ref  ] GC(81)     Total: skipped
[36.988s][debug][gc,phases,ref  ] GC(81)   Notify and keep alive finalizable: 0.0ms
[36.988s][debug][gc,phases,ref  ] GC(81)     FinalRef: skipped
[36.988s][debug][gc,phases,ref  ] GC(81)   Notify PhantomReferences: 0.0ms
[36.988s][debug][gc,phases,ref  ] GC(81)     PhantomRef: skipped
[36.988s][debug][gc,phases,ref  ] GC(81)   SoftReference Discovered: 0, Dropped: 0, Processed: 0
[36.988s][debug][gc,phases,ref  ] GC(81)   WeakReference Discovered: 0, Dropped: 0, Processed: 0
[36.988s][debug][gc,phases,ref  ] GC(81)   FinalReference Discovered: 0, Dropped: 0, Processed: 0
[36.988s][debug][gc,phases,ref  ] GC(81)   PhantomReference Discovered: 0, Dropped: 0, Processed: 0
[36.988s][debug][gc,age         ] GC(81) Desired survivor size 2228224 bytes, new threshold 15 (max threshold 15)
[36.988s][info ][gc,heap        ] GC(81) DefNew: 37839K(39424K)->1302K(39424K) Eden: 35072K(35072K)->0K(35072K) From: 2767K(4352K)->1302K(4352K)
[36.988s][info ][gc,heap        ] GC(81) Tenured: 26474K(87424K)->26474K(87424K)
[36.988s][info ][gc,metaspace   ] GC(81) Metaspace: 8923K(9216K)->8923K(9216K) NonClass: 7990K(8128K)->7990K(8128K) Class: 933K(1088K)->933K(1088K)
[36.988s][debug][gc,heap        ] GC(81) Heap after GC invocations=80 (full 2):
[36.988s][debug][gc,heap        ] GC(81)  def new generation   total 39424K, used 1302K [0x0000000780000000, 0x0000000782ac0000, 0x00000007aaaa0000)
[36.988s][debug][gc,heap        ] GC(81)   eden space 35072K,   0% used [0x0000000780000000, 0x0000000780000000, 0x0000000782240000)
[36.988s][debug][gc,heap        ] GC(81)   from space 4352K,  29% used [0x0000000782680000, 0x00000007827c5980, 0x0000000782ac0000)
[36.988s][debug][gc,heap        ] GC(81)   to   space 4352K,   0% used [0x0000000782240000, 0x0000000782240000, 0x0000000782680000)
[36.988s][debug][gc,heap        ] GC(81)  tenured generation   total 87424K, used 26474K [0x00000007aaaa0000, 0x00000007b0000000, 0x0000000800000000)
[36.988s][debug][gc,heap        ] GC(81)    the space 87424K,  30% used [0x00000007aaaa0000, 0x00000007ac47a988, 0x00000007ac47aa00, 0x00000007b0000000)
[36.988s][debug][gc,heap        ] GC(81)  Metaspace       used 8923K, committed 9216K, reserved 1114112K
[36.988s][debug][gc,heap        ] GC(81)   class space    used 933K, committed 1088K, reserved 1048576K
[36.988s][info ][gc             ] GC(81) Pause Young (Allocation Failure) 62M->27M(123M) 4.575ms
[36.988s][info ][gc,cpu         ] GC(81) User=0.01s Sys=0.00s Real=0.01s
[37.222s][info ][gc,start       ] GC(82) Pause Young (Allocation Failure)
[37.223s][debug][gc,heap        ] GC(82) Heap before GC invocations=80 (full 2):
[37.223s][debug][gc,heap        ] GC(82)  def new generation   total 39424K, used 35945K [0x0000000780000000, 0x0000000782ac0000, 0x00000007aaaa0000)
[37.223s][debug][gc,heap        ] GC(82)   eden space 35072K,  98% used [0x0000000780000000, 0x00000007821d4c48, 0x0000000782240000)
[37.223s][debug][gc,heap        ] GC(82)   from space 4352K,  29% used [0x0000000782680000, 0x00000007827c5980, 0x0000000782ac0000)
[37.223s][debug][gc,heap        ] GC(82)   to   space 4352K,   0% used [0x0000000782240000, 0x0000000782240000, 0x0000000782680000)
[37.223s][debug][gc,heap        ] GC(82)  tenured generation   total 87424K, used 26474K [0x00000007aaaa0000, 0x00000007b0000000, 0x0000000800000000)
[37.223s][debug][gc,heap        ] GC(82)    the space 87424K,  30% used [0x00000007aaaa0000, 0x00000007ac47a988, 0x00000007ac47aa00, 0x00000007b0000000)
[37.223s][debug][gc,heap        ] GC(82)  Metaspace       used 8923K, committed 9216K, reserved 1114112K
[37.223s][debug][gc,heap        ] GC(82)   class space    used 933K, committed 1088K, reserved 1048576K
[37.223s][debug][gc,tlab        ] GC(82) TLAB totals: thrds: 1  refills: 44 max: 44 slow allocs: 8 max 8 waste:  2.0% gc: 611840B max: 611840B slow: 24952B max: 24952B
[37.239s][debug][gc,ref         ] GC(82) Skipped SoftWeakFinalRefsPhase of Reference Processing: no references
[37.240s][debug][gc,ref         ] GC(82) Skipped KeepAliveFinalRefsPhase of Reference Processing: no references
[37.240s][debug][gc,ref         ] GC(82) Skipped PhantomRefsPhase of Reference Processing: no references
[37.240s][debug][gc,phases,ref  ] GC(82) Reference Processing: 0.1ms
[37.240s][debug][gc,phases,ref  ] GC(82)   Notify Soft/WeakReferences: 0.1ms
[37.240s][debug][gc,phases,ref  ] GC(82)     SoftRef: skipped
[37.240s][debug][gc,phases,ref  ] GC(82)     WeakRef: skipped
[37.240s][debug][gc,phases,ref  ] GC(82)     FinalRef: skipped
[37.240s][debug][gc,phases,ref  ] GC(82)     Total: skipped
[37.240s][debug][gc,phases,ref  ] GC(82)   Notify and keep alive finalizable: 0.0ms
[37.240s][debug][gc,phases,ref  ] GC(82)     FinalRef: skipped
[37.240s][debug][gc,phases,ref  ] GC(82)   Notify PhantomReferences: 0.0ms
[37.240s][debug][gc,phases,ref  ] GC(82)     PhantomRef: skipped
[37.240s][debug][gc,phases,ref  ] GC(82)   SoftReference Discovered: 0, Dropped: 0, Processed: 0
[37.240s][debug][gc,phases,ref  ] GC(82)   WeakReference Discovered: 0, Dropped: 0, Processed: 0
[37.240s][debug][gc,phases,ref  ] GC(82)   FinalReference Discovered: 0, Dropped: 0, Processed: 0
[37.240s][debug][gc,phases,ref  ] GC(82)   PhantomReference Discovered: 0, Dropped: 0, Processed: 0
[37.240s][debug][gc,age         ] GC(82) Desired survivor size 2228224 bytes, new threshold 1 (max threshold 15)
[37.240s][info ][gc,heap        ] GC(82) DefNew: 35945K(39424K)->4351K(39424K) Eden: 34643K(35072K)->0K(35072K) From: 1302K(4352K)->4351K(4352K)
[37.240s][info ][gc,heap        ] GC(82) Tenured: 26474K(87424K)->32608K(87424K)
[37.240s][info ][gc,metaspace   ] GC(82) Metaspace: 8923K(9216K)->8923K(9216K) NonClass: 7990K(8128K)->7990K(8128K) Class: 933K(1088K)->933K(1088K)
[37.240s][debug][gc,heap        ] GC(82) Heap after GC invocations=81 (full 2):
[37.240s][debug][gc,heap        ] GC(82)  def new generation   total 39424K, used 4351K [0x0000000780000000, 0x0000000782ac0000, 0x00000007aaaa0000)
[37.240s][debug][gc,heap        ] GC(82)   eden space 35072K,   0% used [0x0000000780000000, 0x0000000780000000, 0x0000000782240000)
[37.240s][debug][gc,heap        ] GC(82)   from space 4352K,  99% used [0x0000000782240000, 0x000000078267fff8, 0x0000000782680000)
[37.240s][debug][gc,heap        ] GC(82)   to   space 4352K,   0% used [0x0000000782680000, 0x0000000782680000, 0x0000000782ac0000)
[37.240s][debug][gc,heap        ] GC(82)  tenured generation   total 87424K, used 32608K [0x00000007aaaa0000, 0x00000007b0000000, 0x0000000800000000)
[37.240s][debug][gc,heap        ] GC(82)    the space 87424K,  37% used [0x00000007aaaa0000, 0x00000007aca78310, 0x00000007aca78400, 0x00000007b0000000)
[37.240s][debug][gc,heap        ] GC(82)  Metaspace       used 8923K, committed 9216K, reserved 1114112K
[37.240s][debug][gc,heap        ] GC(82)   class space    used 933K, committed 1088K, reserved 1048576K
[37.240s][info ][gc             ] GC(82) Pause Young (Allocation Failure) 60M->36M(123M) 17.603ms
[37.240s][info ][gc,cpu         ] GC(82) User=0.02s Sys=0.01s Real=0.02s
[37.583s][info ][gc,start       ] GC(83) Pause Young (Allocation Failure)
[37.584s][debug][gc,heap        ] GC(83) Heap before GC invocations=81 (full 2):
[37.584s][debug][gc,heap        ] GC(83)  def new generation   total 39424K, used 39423K [0x0000000780000000, 0x0000000782ac0000, 0x00000007aaaa0000)
[37.584s][debug][gc,heap        ] GC(83)   eden space 35072K, 100% used [0x0000000780000000, 0x0000000782240000, 0x0000000782240000)
[37.584s][debug][gc,heap        ] GC(83)   from space 4352K,  99% used [0x0000000782240000, 0x000000078267fff8, 0x0000000782680000)
[37.584s][debug][gc,heap        ] GC(83)   to   space 4352K,   0% used [0x0000000782680000, 0x0000000782680000, 0x0000000782ac0000)
[37.584s][debug][gc,heap        ] GC(83)  tenured generation   total 87424K, used 32608K [0x00000007aaaa0000, 0x00000007b0000000, 0x0000000800000000)
[37.584s][debug][gc,heap        ] GC(83)    the space 87424K,  37% used [0x00000007aaaa0000, 0x00000007aca78310, 0x00000007aca78400, 0x00000007b0000000)
[37.584s][debug][gc,heap        ] GC(83)  Metaspace       used 8927K, committed 9216K, reserved 1114112K
[37.584s][debug][gc,heap        ] GC(83)   class space    used 933K, committed 1088K, reserved 1048576K
[37.584s][debug][gc,tlab        ] GC(83) TLAB totals: thrds: 3  refills: 57 max: 46 slow allocs: 8 max 5 waste:  0.1% gc: 4464B max: 2272B slow: 32256B max: 26872B
[37.598s][debug][gc,ref         ] GC(83) Skipped SoftWeakFinalRefsPhase of Reference Processing: no references
[37.598s][debug][gc,ref         ] GC(83) Skipped KeepAliveFinalRefsPhase of Reference Processing: no references
[37.598s][debug][gc,ref         ] GC(83) Skipped PhantomRefsPhase of Reference Processing: no references
[37.598s][debug][gc,phases,ref  ] GC(83) Reference Processing: 0.1ms
[37.598s][debug][gc,phases,ref  ] GC(83)   Notify Soft/WeakReferences: 0.1ms
[37.598s][debug][gc,phases,ref  ] GC(83)     SoftRef: skipped
[37.598s][debug][gc,phases,ref  ] GC(83)     WeakRef: skipped
[37.598s][debug][gc,phases,ref  ] GC(83)     FinalRef: skipped
[37.598s][debug][gc,phases,ref  ] GC(83)     Total: skipped
[37.598s][debug][gc,phases,ref  ] GC(83)   Notify and keep alive finalizable: 0.0ms
[37.598s][debug][gc,phases,ref  ] GC(83)     FinalRef: skipped
[37.598s][debug][gc,phases,ref  ] GC(83)   Notify PhantomReferences: 0.0ms
[37.598s][debug][gc,phases,ref  ] GC(83)     PhantomRef: skipped
[37.598s][debug][gc,phases,ref  ] GC(83)   SoftReference Discovered: 0, Dropped: 0, Processed: 0
[37.598s][debug][gc,phases,ref  ] GC(83)   WeakReference Discovered: 0, Dropped: 0, Processed: 0
[37.598s][debug][gc,phases,ref  ] GC(83)   FinalReference Discovered: 0, Dropped: 0, Processed: 0
[37.598s][debug][gc,phases,ref  ] GC(83)   PhantomReference Discovered: 0, Dropped: 0, Processed: 0
[37.598s][debug][gc,age         ] GC(83) Desired survivor size 2228224 bytes, new threshold 1 (max threshold 15)
[37.598s][info ][gc,heap        ] GC(83) DefNew: 39423K(39424K)->4351K(39424K) Eden: 35072K(35072K)->0K(35072K) From: 4351K(4352K)->4351K(4352K)
[37.598s][info ][gc,heap        ] GC(83) Tenured: 32608K(87424K)->37173K(87424K)
[37.598s][info ][gc,metaspace   ] GC(83) Metaspace: 8927K(9216K)->8927K(9216K) NonClass: 7993K(8128K)->7993K(8128K) Class: 933K(1088K)->933K(1088K)
[37.598s][debug][gc,heap        ] GC(83) Heap after GC invocations=82 (full 2):
[37.598s][debug][gc,heap        ] GC(83)  def new generation   total 39424K, used 4351K [0x0000000780000000, 0x0000000782ac0000, 0x00000007aaaa0000)
[37.598s][debug][gc,heap        ] GC(83)   eden space 35072K,   0% used [0x0000000780000000, 0x0000000780000000, 0x0000000782240000)
[37.598s][debug][gc,heap        ] GC(83)   from space 4352K,  99% used [0x0000000782680000, 0x0000000782abfff8, 0x0000000782ac0000)
[37.598s][debug][gc,heap        ] GC(83)   to   space 4352K,   0% used [0x0000000782240000, 0x0000000782240000, 0x0000000782680000)
[37.598s][debug][gc,heap        ] GC(83)  tenured generation   total 87424K, used 37173K [0x00000007aaaa0000, 0x00000007b0000000, 0x0000000800000000)
[37.598s][debug][gc,heap        ] GC(83)    the space 87424K,  42% used [0x00000007aaaa0000, 0x00000007aceed4a8, 0x00000007aceed600, 0x00000007b0000000)
[37.598s][debug][gc,heap        ] GC(83)  Metaspace       used 8927K, committed 9216K, reserved 1114112K
[37.598s][debug][gc,heap        ] GC(83)   class space    used 933K, committed 1088K, reserved 1048576K
[37.598s][info ][gc             ] GC(83) Pause Young (Allocation Failure) 70M->40M(123M) 15.079ms
[37.599s][info ][gc,cpu         ] GC(83) User=0.01s Sys=0.00s Real=0.02s
[37.939s][info ][gc,start       ] GC(84) Pause Young (Allocation Failure)
[37.939s][debug][gc,heap        ] GC(84) Heap before GC invocations=82 (full 2):
[37.939s][debug][gc,heap        ] GC(84)  def new generation   total 39424K, used 39423K [0x0000000780000000, 0x0000000782ac0000, 0x00000007aaaa0000)
[37.939s][debug][gc,heap        ] GC(84)   eden space 35072K, 100% used [0x0000000780000000, 0x0000000782240000, 0x0000000782240000)
[37.939s][debug][gc,heap        ] GC(84)   from space 4352K,  99% used [0x0000000782680000, 0x0000000782abfff8, 0x0000000782ac0000)
[37.939s][debug][gc,heap        ] GC(84)   to   space 4352K,   0% used [0x0000000782240000, 0x0000000782240000, 0x0000000782680000)
[37.939s][debug][gc,heap        ] GC(84)  tenured generation   total 87424K, used 37173K [0x00000007aaaa0000, 0x00000007b0000000, 0x0000000800000000)
[37.939s][debug][gc,heap        ] GC(84)    the space 87424K,  42% used [0x00000007aaaa0000, 0x00000007aceed4a8, 0x00000007aceed600, 0x00000007b0000000)
[37.939s][debug][gc,heap        ] GC(84)  Metaspace       used 8931K, committed 9216K, reserved 1114112K
[37.939s][debug][gc,heap        ] GC(84)   class space    used 933K, committed 1088K, reserved 1048576K
[37.939s][debug][gc,tlab        ] GC(84) TLAB totals: thrds: 3  refills: 78 max: 44 slow allocs: 22 max 14 waste:  0.2% gc: 4784B max: 2512B slow: 44744B max: 25760B
[37.951s][debug][gc,ref         ] GC(84) Skipped SoftWeakFinalRefsPhase of Reference Processing: no references
[37.951s][debug][gc,ref         ] GC(84) Skipped KeepAliveFinalRefsPhase of Reference Processing: no references
[37.951s][debug][gc,ref         ] GC(84) Skipped PhantomRefsPhase of Reference Processing: no references
[37.951s][debug][gc,phases,ref  ] GC(84) Reference Processing: 0.1ms
[37.951s][debug][gc,phases,ref  ] GC(84)   Notify Soft/WeakReferences: 0.1ms
[37.951s][debug][gc,phases,ref  ] GC(84)     SoftRef: skipped
[37.951s][debug][gc,phases,ref  ] GC(84)     WeakRef: skipped
[37.951s][debug][gc,phases,ref  ] GC(84)     FinalRef: skipped
[37.951s][debug][gc,phases,ref  ] GC(84)     Total: skipped
[37.951s][debug][gc,phases,ref  ] GC(84)   Notify and keep alive finalizable: 0.0ms
[37.951s][debug][gc,phases,ref  ] GC(84)     FinalRef: skipped
[37.951s][debug][gc,phases,ref  ] GC(84)   Notify PhantomReferences: 0.0ms
[37.951s][debug][gc,phases,ref  ] GC(84)     PhantomRef: skipped
[37.951s][debug][gc,phases,ref  ] GC(84)   SoftReference Discovered: 0, Dropped: 0, Processed: 0
[37.951s][debug][gc,phases,ref  ] GC(84)   WeakReference Discovered: 0, Dropped: 0, Processed: 0
[37.951s][debug][gc,phases,ref  ] GC(84)   FinalReference Discovered: 0, Dropped: 0, Processed: 0
[37.951s][debug][gc,phases,ref  ] GC(84)   PhantomReference Discovered: 0, Dropped: 0, Processed: 0
[37.951s][debug][gc,age         ] GC(84) Desired survivor size 2228224 bytes, new threshold 1 (max threshold 15)
[37.951s][info ][gc,heap        ] GC(84) DefNew: 39423K(39424K)->4351K(39424K) Eden: 35072K(35072K)->0K(35072K) From: 4351K(4352K)->4351K(4352K)
[37.951s][info ][gc,heap        ] GC(84) Tenured: 37173K(87424K)->40102K(87424K)
[37.951s][info ][gc,metaspace   ] GC(84) Metaspace: 8931K(9216K)->8931K(9216K) NonClass: 7997K(8128K)->7997K(8128K) Class: 933K(1088K)->933K(1088K)
[37.951s][debug][gc,heap        ] GC(84) Heap after GC invocations=83 (full 2):
[37.951s][debug][gc,heap        ] GC(84)  def new generation   total 39424K, used 4351K [0x0000000780000000, 0x0000000782ac0000, 0x00000007aaaa0000)
[37.951s][debug][gc,heap        ] GC(84)   eden space 35072K,   0% used [0x0000000780000000, 0x0000000780000000, 0x0000000782240000)
[37.951s][debug][gc,heap        ] GC(84)   from space 4352K,  99% used [0x0000000782240000, 0x000000078267fff8, 0x0000000782680000)
[37.952s][debug][gc,heap        ] GC(84)   to   space 4352K,   0% used [0x0000000782680000, 0x0000000782680000, 0x0000000782ac0000)
[37.952s][debug][gc,heap        ] GC(84)  tenured generation   total 87424K, used 40102K [0x00000007aaaa0000, 0x00000007b0000000, 0x0000000800000000)
[37.952s][debug][gc,heap        ] GC(84)    the space 87424K,  45% used [0x00000007aaaa0000, 0x00000007ad1c9bd8, 0x00000007ad1c9c00, 0x00000007b0000000)
[37.952s][debug][gc,heap        ] GC(84)  Metaspace       used 8931K, committed 9216K, reserved 1114112K
[37.952s][debug][gc,heap        ] GC(84)   class space    used 933K, committed 1088K, reserved 1048576K
[37.952s][info ][gc             ] GC(84) Pause Young (Allocation Failure) 74M->43M(123M) 12.862ms
[37.952s][info ][gc,cpu         ] GC(84) User=0.01s Sys=0.00s Real=0.01s
[38.288s][info ][gc,start       ] GC(85) Pause Young (Allocation Failure)
[38.288s][debug][gc,heap        ] GC(85) Heap before GC invocations=83 (full 2):
[38.288s][debug][gc,heap        ] GC(85)  def new generation   total 39424K, used 39174K [0x0000000780000000, 0x0000000782ac0000, 0x00000007aaaa0000)
[38.288s][debug][gc,heap        ] GC(85)   eden space 35072K,  99% used [0x0000000780000000, 0x00000007822018d8, 0x0000000782240000)
[38.288s][debug][gc,heap        ] GC(85)   from space 4352K,  99% used [0x0000000782240000, 0x000000078267fff8, 0x0000000782680000)
[38.288s][debug][gc,heap        ] GC(85)   to   space 4352K,   0% used [0x0000000782680000, 0x0000000782680000, 0x0000000782ac0000)
[38.288s][debug][gc,heap        ] GC(85)  tenured generation   total 87424K, used 40102K [0x00000007aaaa0000, 0x00000007b0000000, 0x0000000800000000)
[38.288s][debug][gc,heap        ] GC(85)    the space 87424K,  45% used [0x00000007aaaa0000, 0x00000007ad1c9bd8, 0x00000007ad1c9c00, 0x00000007b0000000)
[38.288s][debug][gc,heap        ] GC(85)  Metaspace       used 8931K, committed 9216K, reserved 1114112K
[38.288s][debug][gc,heap        ] GC(85)   class space    used 933K, committed 1088K, reserved 1048576K
[38.288s][debug][gc,tlab        ] GC(85) TLAB totals: thrds: 1  refills: 44 max: 44 slow allocs: 7 max 7 waste:  1.8% gc: 519208B max: 519208B slow: 31608B max: 31608B
[38.299s][debug][gc,ref         ] GC(85) Skipped SoftWeakFinalRefsPhase of Reference Processing: no references
[38.299s][debug][gc,ref         ] GC(85) Skipped KeepAliveFinalRefsPhase of Reference Processing: no references
[38.299s][debug][gc,ref         ] GC(85) Skipped PhantomRefsPhase of Reference Processing: no references
[38.299s][debug][gc,phases,ref  ] GC(85) Reference Processing: 0.2ms
[38.299s][debug][gc,phases,ref  ] GC(85)   Notify Soft/WeakReferences: 0.2ms
[38.299s][debug][gc,phases,ref  ] GC(85)     SoftRef: skipped
[38.299s][debug][gc,phases,ref  ] GC(85)     WeakRef: skipped
[38.299s][debug][gc,phases,ref  ] GC(85)     FinalRef: skipped
[38.299s][debug][gc,phases,ref  ] GC(85)     Total: skipped
[38.299s][debug][gc,phases,ref  ] GC(85)   Notify and keep alive finalizable: 0.0ms
[38.299s][debug][gc,phases,ref  ] GC(85)     FinalRef: skipped
[38.299s][debug][gc,phases,ref  ] GC(85)   Notify PhantomReferences: 0.0ms
[38.299s][debug][gc,phases,ref  ] GC(85)     PhantomRef: skipped
[38.299s][debug][gc,phases,ref  ] GC(85)   SoftReference Discovered: 0, Dropped: 0, Processed: 0
[38.299s][debug][gc,phases,ref  ] GC(85)   WeakReference Discovered: 0, Dropped: 0, Processed: 0
[38.299s][debug][gc,phases,ref  ] GC(85)   FinalReference Discovered: 0, Dropped: 0, Processed: 0
[38.299s][debug][gc,phases,ref  ] GC(85)   PhantomReference Discovered: 0, Dropped: 0, Processed: 0
[38.300s][debug][gc,age         ] GC(85) Desired survivor size 2228224 bytes, new threshold 1 (max threshold 15)
[38.300s][info ][gc,heap        ] GC(85) DefNew: 39174K(39424K)->4352K(39424K) Eden: 34822K(35072K)->0K(35072K) From: 4351K(4352K)->4352K(4352K)
[38.300s][info ][gc,heap        ] GC(85) Tenured: 40102K(87424K)->40989K(87424K)
[38.300s][info ][gc,metaspace   ] GC(85) Metaspace: 8931K(9216K)->8931K(9216K) NonClass: 7997K(8128K)->7997K(8128K) Class: 933K(1088K)->933K(1088K)
[38.300s][debug][gc,heap        ] GC(85) Heap after GC invocations=84 (full 2):
[38.300s][debug][gc,heap        ] GC(85)  def new generation   total 39424K, used 4352K [0x0000000780000000, 0x0000000782ac0000, 0x00000007aaaa0000)
[38.300s][debug][gc,heap        ] GC(85)   eden space 35072K,   0% used [0x0000000780000000, 0x0000000780000000, 0x0000000782240000)
[38.300s][debug][gc,heap        ] GC(85)   from space 4352K, 100% used [0x0000000782680000, 0x0000000782ac0000, 0x0000000782ac0000)
[38.300s][debug][gc,heap        ] GC(85)   to   space 4352K,   0% used [0x0000000782240000, 0x0000000782240000, 0x0000000782680000)
[38.300s][debug][gc,heap        ] GC(85)  tenured generation   total 87424K, used 40989K [0x00000007aaaa0000, 0x00000007b0000000, 0x0000000800000000)
[38.300s][debug][gc,heap        ] GC(85)    the space 87424K,  46% used [0x00000007aaaa0000, 0x00000007ad2a7558, 0x00000007ad2a7600, 0x00000007b0000000)
[38.300s][debug][gc,heap        ] GC(85)  Metaspace       used 8931K, committed 9216K, reserved 1114112K
[38.300s][debug][gc,heap        ] GC(85)   class space    used 933K, committed 1088K, reserved 1048576K
[38.300s][info ][gc             ] GC(85) Pause Young (Allocation Failure) 77M->44M(123M) 11.964ms
[38.300s][info ][gc,cpu         ] GC(85) User=0.01s Sys=0.01s Real=0.01s
[38.625s][info ][gc,start       ] GC(86) Pause Young (Allocation Failure)
[38.626s][debug][gc,heap        ] GC(86) Heap before GC invocations=84 (full 2):
[38.626s][debug][gc,heap        ] GC(86)  def new generation   total 39424K, used 39424K [0x0000000780000000, 0x0000000782ac0000, 0x00000007aaaa0000)
[38.626s][debug][gc,heap        ] GC(86)   eden space 35072K, 100% used [0x0000000780000000, 0x0000000782240000, 0x0000000782240000)
[38.626s][debug][gc,heap        ] GC(86)   from space 4352K, 100% used [0x0000000782680000, 0x0000000782ac0000, 0x0000000782ac0000)
[38.626s][debug][gc,heap        ] GC(86)   to   space 4352K,   0% used [0x0000000782240000, 0x0000000782240000, 0x0000000782680000)
[38.626s][debug][gc,heap        ] GC(86)  tenured generation   total 87424K, used 40989K [0x00000007aaaa0000, 0x00000007b0000000, 0x0000000800000000)
[38.626s][debug][gc,heap        ] GC(86)    the space 87424K,  46% used [0x00000007aaaa0000, 0x00000007ad2a7558, 0x00000007ad2a7600, 0x00000007b0000000)
[38.626s][debug][gc,heap        ] GC(86)  Metaspace       used 8941K, committed 9280K, reserved 1114112K
[38.626s][debug][gc,heap        ] GC(86)   class space    used 933K, committed 1088K, reserved 1048576K
[38.626s][debug][gc,tlab        ] GC(86) TLAB totals: thrds: 4  refills: 87 max: 43 slow allocs: 30 max 15 waste:  0.2% gc: 6616B max: 2432B slow: 49568B max: 25272B
[38.632s][debug][gc,ref         ] GC(86) Skipped SoftWeakFinalRefsPhase of Reference Processing: no references
[38.632s][debug][gc,ref         ] GC(86) Skipped KeepAliveFinalRefsPhase of Reference Processing: no references
[38.632s][debug][gc,ref         ] GC(86) Skipped PhantomRefsPhase of Reference Processing: no references
[38.632s][debug][gc,phases,ref  ] GC(86) Reference Processing: 0.1ms
[38.632s][debug][gc,phases,ref  ] GC(86)   Notify Soft/WeakReferences: 0.1ms
[38.632s][debug][gc,phases,ref  ] GC(86)     SoftRef: skipped
[38.632s][debug][gc,phases,ref  ] GC(86)     WeakRef: skipped
[38.632s][debug][gc,phases,ref  ] GC(86)     FinalRef: skipped
[38.632s][debug][gc,phases,ref  ] GC(86)     Total: skipped
[38.632s][debug][gc,phases,ref  ] GC(86)   Notify and keep alive finalizable: 0.0ms
[38.632s][debug][gc,phases,ref  ] GC(86)     FinalRef: skipped
[38.632s][debug][gc,phases,ref  ] GC(86)   Notify PhantomReferences: 0.0ms
[38.632s][debug][gc,phases,ref  ] GC(86)     PhantomRef: skipped
[38.632s][debug][gc,phases,ref  ] GC(86)   SoftReference Discovered: 0, Dropped: 0, Processed: 0
[38.632s][debug][gc,phases,ref  ] GC(86)   WeakReference Discovered: 0, Dropped: 0, Processed: 0
[38.632s][debug][gc,phases,ref  ] GC(86)   FinalReference Discovered: 0, Dropped: 0, Processed: 0
[38.632s][debug][gc,phases,ref  ] GC(86)   PhantomReference Discovered: 0, Dropped: 0, Processed: 0
[38.633s][debug][gc,age         ] GC(86) Desired survivor size 2228224 bytes, new threshold 1 (max threshold 15)
[38.633s][info ][gc,heap        ] GC(86) DefNew: 39424K(39424K)->3574K(39424K) Eden: 35072K(35072K)->0K(35072K) From: 4352K(4352K)->3574K(4352K)
[38.633s][info ][gc,heap        ] GC(86) Tenured: 40989K(87424K)->40989K(87424K)
[38.633s][info ][gc,metaspace   ] GC(86) Metaspace: 8941K(9280K)->8941K(9280K) NonClass: 8007K(8192K)->8007K(8192K) Class: 933K(1088K)->933K(1088K)
[38.633s][debug][gc,heap        ] GC(86) Heap after GC invocations=85 (full 2):
[38.633s][debug][gc,heap        ] GC(86)  def new generation   total 39424K, used 3574K [0x0000000780000000, 0x0000000782ac0000, 0x00000007aaaa0000)
[38.633s][debug][gc,heap        ] GC(86)   eden space 35072K,   0% used [0x0000000780000000, 0x0000000780000000, 0x0000000782240000)
[38.633s][debug][gc,heap        ] GC(86)   from space 4352K,  82% used [0x0000000782240000, 0x00000007825bdb68, 0x0000000782680000)
[38.633s][debug][gc,heap        ] GC(86)   to   space 4352K,   0% used [0x0000000782680000, 0x0000000782680000, 0x0000000782ac0000)
[38.633s][debug][gc,heap        ] GC(86)  tenured generation   total 87424K, used 40989K [0x00000007aaaa0000, 0x00000007b0000000, 0x0000000800000000)
[38.633s][debug][gc,heap        ] GC(86)    the space 87424K,  46% used [0x00000007aaaa0000, 0x00000007ad2a7558, 0x00000007ad2a7600, 0x00000007b0000000)
[38.633s][debug][gc,heap        ] GC(86)  Metaspace       used 8941K, committed 9280K, reserved 1114112K
[38.633s][debug][gc,heap        ] GC(86)   class space    used 933K, committed 1088K, reserved 1048576K
[38.633s][info ][gc             ] GC(86) Pause Young (Allocation Failure) 78M->43M(123M) 7.373ms
[38.633s][info ][gc,cpu         ] GC(86) User=0.01s Sys=0.00s Real=0.01s
[38.974s][info ][gc,start       ] GC(87) Pause Young (Allocation Failure)
[38.974s][debug][gc,heap        ] GC(87) Heap before GC invocations=85 (full 2):
[38.974s][debug][gc,heap        ] GC(87)  def new generation   total 39424K, used 38646K [0x0000000780000000, 0x0000000782ac0000, 0x00000007aaaa0000)
[38.974s][debug][gc,heap        ] GC(87)   eden space 35072K, 100% used [0x0000000780000000, 0x0000000782240000, 0x0000000782240000)
[38.974s][debug][gc,heap        ] GC(87)   from space 4352K,  82% used [0x0000000782240000, 0x00000007825bdb68, 0x0000000782680000)
[38.974s][debug][gc,heap        ] GC(87)   to   space 4352K,   0% used [0x0000000782680000, 0x0000000782680000, 0x0000000782ac0000)
[38.974s][debug][gc,heap        ] GC(87)  tenured generation   total 87424K, used 40989K [0x00000007aaaa0000, 0x00000007b0000000, 0x0000000800000000)
[38.974s][debug][gc,heap        ] GC(87)    the space 87424K,  46% used [0x00000007aaaa0000, 0x00000007ad2a7558, 0x00000007ad2a7600, 0x00000007b0000000)
[38.974s][debug][gc,heap        ] GC(87)  Metaspace       used 8941K, committed 9280K, reserved 1114112K
[38.974s][debug][gc,heap        ] GC(87)   class space    used 933K, committed 1088K, reserved 1048576K
[38.974s][debug][gc,tlab        ] GC(87) TLAB totals: thrds: 1  refills: 43 max: 43 slow allocs: 8 max 8 waste:  0.1% gc: 0B max: 0B slow: 34736B max: 34736B
[38.979s][debug][gc,ref         ] GC(87) Skipped SoftWeakFinalRefsPhase of Reference Processing: no references
[38.979s][debug][gc,ref         ] GC(87) Skipped KeepAliveFinalRefsPhase of Reference Processing: no references
[38.979s][debug][gc,ref         ] GC(87) Skipped PhantomRefsPhase of Reference Processing: no references
[38.979s][debug][gc,phases,ref  ] GC(87) Reference Processing: 0.1ms
[38.979s][debug][gc,phases,ref  ] GC(87)   Notify Soft/WeakReferences: 0.1ms
[38.979s][debug][gc,phases,ref  ] GC(87)     SoftRef: skipped
[38.979s][debug][gc,phases,ref  ] GC(87)     WeakRef: skipped
[38.979s][debug][gc,phases,ref  ] GC(87)     FinalRef: skipped
[38.979s][debug][gc,phases,ref  ] GC(87)     Total: skipped
[38.979s][debug][gc,phases,ref  ] GC(87)   Notify and keep alive finalizable: 0.0ms
[38.979s][debug][gc,phases,ref  ] GC(87)     FinalRef: skipped
[38.979s][debug][gc,phases,ref  ] GC(87)   Notify PhantomReferences: 0.0ms
[38.979s][debug][gc,phases,ref  ] GC(87)     PhantomRef: skipped
[38.979s][debug][gc,phases,ref  ] GC(87)   SoftReference Discovered: 0, Dropped: 0, Processed: 0
[38.979s][debug][gc,phases,ref  ] GC(87)   WeakReference Discovered: 0, Dropped: 0, Processed: 0
[38.979s][debug][gc,phases,ref  ] GC(87)   FinalReference Discovered: 0, Dropped: 0, Processed: 0
[38.979s][debug][gc,phases,ref  ] GC(87)   PhantomReference Discovered: 0, Dropped: 0, Processed: 0
[38.980s][debug][gc,age         ] GC(87) Desired survivor size 2228224 bytes, new threshold 15 (max threshold 15)
[38.980s][info ][gc,heap        ] GC(87) DefNew: 38646K(39424K)->2157K(39424K) Eden: 35072K(35072K)->0K(35072K) From: 3574K(4352K)->2157K(4352K)
[38.980s][info ][gc,heap        ] GC(87) Tenured: 40989K(87424K)->40989K(87424K)
[38.980s][info ][gc,metaspace   ] GC(87) Metaspace: 8941K(9280K)->8941K(9280K) NonClass: 8007K(8192K)->8007K(8192K) Class: 933K(1088K)->933K(1088K)
[38.980s][debug][gc,heap        ] GC(87) Heap after GC invocations=86 (full 2):
[38.980s][debug][gc,heap        ] GC(87)  def new generation   total 39424K, used 2157K [0x0000000780000000, 0x0000000782ac0000, 0x00000007aaaa0000)
[38.980s][debug][gc,heap        ] GC(87)   eden space 35072K,   0% used [0x0000000780000000, 0x0000000780000000, 0x0000000782240000)
[38.980s][debug][gc,heap        ] GC(87)   from space 4352K,  49% used [0x0000000782680000, 0x000000078289b4d8, 0x0000000782ac0000)
[38.980s][debug][gc,heap        ] GC(87)   to   space 4352K,   0% used [0x0000000782240000, 0x0000000782240000, 0x0000000782680000)
[38.980s][debug][gc,heap        ] GC(87)  tenured generation   total 87424K, used 40989K [0x00000007aaaa0000, 0x00000007b0000000, 0x0000000800000000)
[38.980s][debug][gc,heap        ] GC(87)    the space 87424K,  46% used [0x00000007aaaa0000, 0x00000007ad2a7558, 0x00000007ad2a7600, 0x00000007b0000000)
[38.980s][debug][gc,heap        ] GC(87)  Metaspace       used 8941K, committed 9280K, reserved 1114112K
[38.980s][debug][gc,heap        ] GC(87)   class space    used 933K, committed 1088K, reserved 1048576K
[38.980s][info ][gc             ] GC(87) Pause Young (Allocation Failure) 77M->42M(123M) 6.374ms
[38.980s][info ][gc,cpu         ] GC(87) User=0.01s Sys=0.00s Real=0.01s
[39.311s][info ][gc,start       ] GC(88) Pause Young (Allocation Failure)
[39.312s][debug][gc,heap        ] GC(88) Heap before GC invocations=86 (full 2):
[39.312s][debug][gc,heap        ] GC(88)  def new generation   total 39424K, used 37229K [0x0000000780000000, 0x0000000782ac0000, 0x00000007aaaa0000)
[39.312s][debug][gc,heap        ] GC(88)   eden space 35072K, 100% used [0x0000000780000000, 0x0000000782240000, 0x0000000782240000)
[39.312s][debug][gc,heap        ] GC(88)   from space 4352K,  49% used [0x0000000782680000, 0x000000078289b4d8, 0x0000000782ac0000)
[39.312s][debug][gc,heap        ] GC(88)   to   space 4352K,   0% used [0x0000000782240000, 0x0000000782240000, 0x0000000782680000)
[39.312s][debug][gc,heap        ] GC(88)  tenured generation   total 87424K, used 40989K [0x00000007aaaa0000, 0x00000007b0000000, 0x0000000800000000)
[39.312s][debug][gc,heap        ] GC(88)    the space 87424K,  46% used [0x00000007aaaa0000, 0x00000007ad2a7558, 0x00000007ad2a7600, 0x00000007b0000000)
[39.312s][debug][gc,heap        ] GC(88)  Metaspace       used 8941K, committed 9280K, reserved 1114112K
[39.312s][debug][gc,heap        ] GC(88)   class space    used 933K, committed 1088K, reserved 1048576K
[39.312s][debug][gc,tlab        ] GC(88) TLAB totals: thrds: 1  refills: 46 max: 46 slow allocs: 4 max 4 waste:  0.1% gc: 0B max: 0B slow: 26696B max: 26696B
[39.314s][debug][gc,ref         ] GC(88) Skipped SoftWeakFinalRefsPhase of Reference Processing: no references
[39.314s][debug][gc,ref         ] GC(88) Skipped KeepAliveFinalRefsPhase of Reference Processing: no references
[39.314s][debug][gc,ref         ] GC(88) Skipped PhantomRefsPhase of Reference Processing: no references
[39.314s][debug][gc,phases,ref  ] GC(88) Reference Processing: 0.1ms
[39.314s][debug][gc,phases,ref  ] GC(88)   Notify Soft/WeakReferences: 0.0ms
[39.314s][debug][gc,phases,ref  ] GC(88)     SoftRef: skipped
[39.314s][debug][gc,phases,ref  ] GC(88)     WeakRef: skipped
[39.314s][debug][gc,phases,ref  ] GC(88)     FinalRef: skipped
[39.314s][debug][gc,phases,ref  ] GC(88)     Total: skipped
[39.314s][debug][gc,phases,ref  ] GC(88)   Notify and keep alive finalizable: 0.0ms
[39.314s][debug][gc,phases,ref  ] GC(88)     FinalRef: skipped
[39.314s][debug][gc,phases,ref  ] GC(88)   Notify PhantomReferences: 0.0ms
[39.314s][debug][gc,phases,ref  ] GC(88)     PhantomRef: skipped
[39.314s][debug][gc,phases,ref  ] GC(88)   SoftReference Discovered: 0, Dropped: 0, Processed: 0
[39.314s][debug][gc,phases,ref  ] GC(88)   WeakReference Discovered: 0, Dropped: 0, Processed: 0
[39.314s][debug][gc,phases,ref  ] GC(88)   FinalReference Discovered: 0, Dropped: 0, Processed: 0
[39.314s][debug][gc,phases,ref  ] GC(88)   PhantomReference Discovered: 0, Dropped: 0, Processed: 0
[39.315s][debug][gc,age         ] GC(88) Desired survivor size 2228224 bytes, new threshold 15 (max threshold 15)
[39.315s][info ][gc,heap        ] GC(88) DefNew: 37229K(39424K)->683K(39424K) Eden: 35072K(35072K)->0K(35072K) From: 2157K(4352K)->683K(4352K)
[39.315s][info ][gc,heap        ] GC(88) Tenured: 40989K(87424K)->40989K(87424K)
[39.315s][info ][gc,metaspace   ] GC(88) Metaspace: 8941K(9280K)->8941K(9280K) NonClass: 8007K(8192K)->8007K(8192K) Class: 933K(1088K)->933K(1088K)
[39.315s][debug][gc,heap        ] GC(88) Heap after GC invocations=87 (full 2):
[39.315s][debug][gc,heap        ] GC(88)  def new generation   total 39424K, used 683K [0x0000000780000000, 0x0000000782ac0000, 0x00000007aaaa0000)
[39.315s][debug][gc,heap        ] GC(88)   eden space 35072K,   0% used [0x0000000780000000, 0x0000000780000000, 0x0000000782240000)
[39.315s][debug][gc,heap        ] GC(88)   from space 4352K,  15% used [0x0000000782240000, 0x00000007822eadb0, 0x0000000782680000)
[39.315s][debug][gc,heap        ] GC(88)   to   space 4352K,   0% used [0x0000000782680000, 0x0000000782680000, 0x0000000782ac0000)
[39.315s][debug][gc,heap        ] GC(88)  tenured generation   total 87424K, used 40989K [0x00000007aaaa0000, 0x00000007b0000000, 0x0000000800000000)
[39.315s][debug][gc,heap        ] GC(88)    the space 87424K,  46% used [0x00000007aaaa0000, 0x00000007ad2a7558, 0x00000007ad2a7600, 0x00000007b0000000)
[39.315s][debug][gc,heap        ] GC(88)  Metaspace       used 8941K, committed 9280K, reserved 1114112K
[39.315s][debug][gc,heap        ] GC(88)   class space    used 933K, committed 1088K, reserved 1048576K
[39.315s][info ][gc             ] GC(88) Pause Young (Allocation Failure) 76M->40M(123M) 3.565ms
[39.315s][info ][gc,cpu         ] GC(88) User=0.00s Sys=0.01s Real=0.00s
[39.552s][info ][gc,start       ] GC(89) Pause Young (Allocation Failure)
[39.552s][debug][gc,heap        ] GC(89) Heap before GC invocations=87 (full 2):
[39.552s][debug][gc,heap        ] GC(89)  def new generation   total 39424K, used 35755K [0x0000000780000000, 0x0000000782ac0000, 0x00000007aaaa0000)
[39.552s][debug][gc,heap        ] GC(89)   eden space 35072K, 100% used [0x0000000780000000, 0x0000000782240000, 0x0000000782240000)
[39.552s][debug][gc,heap        ] GC(89)   from space 4352K,  15% used [0x0000000782240000, 0x00000007822eadb0, 0x0000000782680000)
[39.552s][debug][gc,heap        ] GC(89)   to   space 4352K,   0% used [0x0000000782680000, 0x0000000782680000, 0x0000000782ac0000)
[39.552s][debug][gc,heap        ] GC(89)  tenured generation   total 87424K, used 40989K [0x00000007aaaa0000, 0x00000007b0000000, 0x0000000800000000)
[39.552s][debug][gc,heap        ] GC(89)    the space 87424K,  46% used [0x00000007aaaa0000, 0x00000007ad2a7558, 0x00000007ad2a7600, 0x00000007b0000000)
[39.552s][debug][gc,heap        ] GC(89)  Metaspace       used 8941K, committed 9280K, reserved 1114112K
[39.552s][debug][gc,heap        ] GC(89)   class space    used 933K, committed 1088K, reserved 1048576K
[39.552s][debug][gc,tlab        ] GC(89) TLAB totals: thrds: 1  refills: 47 max: 47 slow allocs: 5 max 5 waste:  1.3% gc: 415424B max: 415424B slow: 26784B max: 26784B
[39.570s][debug][gc,ref         ] GC(89) Skipped SoftWeakFinalRefsPhase of Reference Processing: no references
[39.570s][debug][gc,ref         ] GC(89) Skipped KeepAliveFinalRefsPhase of Reference Processing: no references
[39.570s][debug][gc,ref         ] GC(89) Skipped PhantomRefsPhase of Reference Processing: no references
[39.570s][debug][gc,phases,ref  ] GC(89) Reference Processing: 0.1ms
[39.570s][debug][gc,phases,ref  ] GC(89)   Notify Soft/WeakReferences: 0.1ms
[39.570s][debug][gc,phases,ref  ] GC(89)     SoftRef: skipped
[39.570s][debug][gc,phases,ref  ] GC(89)     WeakRef: skipped
[39.571s][debug][gc,phases,ref  ] GC(89)     FinalRef: skipped
[39.571s][debug][gc,phases,ref  ] GC(89)     Total: skipped
[39.571s][debug][gc,phases,ref  ] GC(89)   Notify and keep alive finalizable: 0.0ms
[39.571s][debug][gc,phases,ref  ] GC(89)     FinalRef: skipped
[39.571s][debug][gc,phases,ref  ] GC(89)   Notify PhantomReferences: 0.0ms
[39.571s][debug][gc,phases,ref  ] GC(89)     PhantomRef: skipped
[39.571s][debug][gc,phases,ref  ] GC(89)   SoftReference Discovered: 0, Dropped: 0, Processed: 0
[39.571s][debug][gc,phases,ref  ] GC(89)   WeakReference Discovered: 0, Dropped: 0, Processed: 0
[39.571s][debug][gc,phases,ref  ] GC(89)   FinalReference Discovered: 0, Dropped: 0, Processed: 0
[39.571s][debug][gc,phases,ref  ] GC(89)   PhantomReference Discovered: 0, Dropped: 0, Processed: 0
[39.571s][debug][gc,age         ] GC(89) Desired survivor size 2228224 bytes, new threshold 1 (max threshold 15)
[39.571s][info ][gc,heap        ] GC(89) DefNew: 35755K(39424K)->4351K(39424K) Eden: 35072K(35072K)->0K(35072K) From: 683K(4352K)->4351K(4352K)
[39.571s][info ][gc,heap        ] GC(89) Tenured: 40989K(87424K)->47123K(87424K)
[39.571s][info ][gc,metaspace   ] GC(89) Metaspace: 8941K(9280K)->8941K(9280K) NonClass: 8007K(8192K)->8007K(8192K) Class: 933K(1088K)->933K(1088K)
[39.571s][debug][gc,heap        ] GC(89) Heap after GC invocations=88 (full 2):
[39.571s][debug][gc,heap        ] GC(89)  def new generation   total 39424K, used 4351K [0x0000000780000000, 0x0000000782ac0000, 0x00000007aaaa0000)
[39.571s][debug][gc,heap        ] GC(89)   eden space 35072K,   0% used [0x0000000780000000, 0x0000000780000000, 0x0000000782240000)
[39.571s][debug][gc,heap        ] GC(89)   from space 4352K,  99% used [0x0000000782680000, 0x0000000782abfff8, 0x0000000782ac0000)
[39.571s][debug][gc,heap        ] GC(89)   to   space 4352K,   0% used [0x0000000782240000, 0x0000000782240000, 0x0000000782680000)
[39.571s][debug][gc,heap        ] GC(89)  tenured generation   total 87424K, used 47123K [0x00000007aaaa0000, 0x00000007b0000000, 0x0000000800000000)
[39.571s][debug][gc,heap        ] GC(89)    the space 87424K,  53% used [0x00000007aaaa0000, 0x00000007ad8a4ee0, 0x00000007ad8a5000, 0x00000007b0000000)
[39.571s][debug][gc,heap        ] GC(89)  Metaspace       used 8941K, committed 9280K, reserved 1114112K
[39.571s][debug][gc,heap        ] GC(89)   class space    used 933K, committed 1088K, reserved 1048576K
[39.571s][info ][gc             ] GC(89) Pause Young (Allocation Failure) 74M->50M(123M) 18.896ms
[39.571s][info ][gc,cpu         ] GC(89) User=0.02s Sys=0.00s Real=0.02s
[39.912s][info ][gc,start       ] GC(90) Pause Young (Allocation Failure)
[39.912s][debug][gc,heap        ] GC(90) Heap before GC invocations=88 (full 2):
[39.912s][debug][gc,heap        ] GC(90)  def new generation   total 39424K, used 39423K [0x0000000780000000, 0x0000000782ac0000, 0x00000007aaaa0000)
[39.912s][debug][gc,heap        ] GC(90)   eden space 35072K, 100% used [0x0000000780000000, 0x0000000782240000, 0x0000000782240000)
[39.912s][debug][gc,heap        ] GC(90)   from space 4352K,  99% used [0x0000000782680000, 0x0000000782abfff8, 0x0000000782ac0000)
[39.912s][debug][gc,heap        ] GC(90)   to   space 4352K,   0% used [0x0000000782240000, 0x0000000782240000, 0x0000000782680000)
[39.912s][debug][gc,heap        ] GC(90)  tenured generation   total 87424K, used 47123K [0x00000007aaaa0000, 0x00000007b0000000, 0x0000000800000000)
[39.912s][debug][gc,heap        ] GC(90)    the space 87424K,  53% used [0x00000007aaaa0000, 0x00000007ad8a4ee0, 0x00000007ad8a5000, 0x00000007b0000000)
[39.912s][debug][gc,heap        ] GC(90)  Metaspace       used 8948K, committed 9344K, reserved 1114112K
[39.912s][debug][gc,heap        ] GC(90)   class space    used 933K, committed 1088K, reserved 1048576K
[39.912s][debug][gc,tlab        ] GC(90) TLAB totals: thrds: 4  refills: 90 max: 46 slow allocs: 25 max 15 waste:  0.2% gc: 6816B max: 2432B slow: 51128B max: 26712B
[39.926s][debug][gc,ref         ] GC(90) Skipped SoftWeakFinalRefsPhase of Reference Processing: no references
[39.926s][debug][gc,ref         ] GC(90) Skipped KeepAliveFinalRefsPhase of Reference Processing: no references
[39.926s][debug][gc,ref         ] GC(90) Skipped PhantomRefsPhase of Reference Processing: no references
[39.926s][debug][gc,phases,ref  ] GC(90) Reference Processing: 0.1ms
[39.926s][debug][gc,phases,ref  ] GC(90)   Notify Soft/WeakReferences: 0.1ms
[39.926s][debug][gc,phases,ref  ] GC(90)     SoftRef: skipped
[39.926s][debug][gc,phases,ref  ] GC(90)     WeakRef: skipped
[39.926s][debug][gc,phases,ref  ] GC(90)     FinalRef: skipped
[39.926s][debug][gc,phases,ref  ] GC(90)     Total: skipped
[39.926s][debug][gc,phases,ref  ] GC(90)   Notify and keep alive finalizable: 0.0ms
[39.926s][debug][gc,phases,ref  ] GC(90)     FinalRef: skipped
[39.926s][debug][gc,phases,ref  ] GC(90)   Notify PhantomReferences: 0.0ms
[39.926s][debug][gc,phases,ref  ] GC(90)     PhantomRef: skipped
[39.926s][debug][gc,phases,ref  ] GC(90)   SoftReference Discovered: 0, Dropped: 0, Processed: 0
[39.926s][debug][gc,phases,ref  ] GC(90)   WeakReference Discovered: 0, Dropped: 0, Processed: 0
[39.926s][debug][gc,phases,ref  ] GC(90)   FinalReference Discovered: 0, Dropped: 0, Processed: 0
[39.926s][debug][gc,phases,ref  ] GC(90)   PhantomReference Discovered: 0, Dropped: 0, Processed: 0
[39.926s][debug][gc,age         ] GC(90) Desired survivor size 2228224 bytes, new threshold 1 (max threshold 15)
[39.927s][info ][gc,heap        ] GC(90) DefNew: 39423K(39424K)->4351K(39424K) Eden: 35072K(35072K)->0K(35072K) From: 4351K(4352K)->4351K(4352K)
[39.927s][info ][gc,heap        ] GC(90) Tenured: 47123K(87424K)->51592K(87424K)
[39.927s][info ][gc,metaspace   ] GC(90) Metaspace: 8948K(9344K)->8948K(9344K) NonClass: 8015K(8256K)->8015K(8256K) Class: 933K(1088K)->933K(1088K)
[39.927s][debug][gc,heap        ] GC(90) Heap after GC invocations=89 (full 2):
[39.927s][debug][gc,heap        ] GC(90)  def new generation   total 39424K, used 4351K [0x0000000780000000, 0x0000000782ac0000, 0x00000007aaaa0000)
[39.927s][debug][gc,heap        ] GC(90)   eden space 35072K,   0% used [0x0000000780000000, 0x0000000780000000, 0x0000000782240000)
[39.927s][debug][gc,heap        ] GC(90)   from space 4352K,  99% used [0x0000000782240000, 0x000000078267fff8, 0x0000000782680000)
[39.927s][debug][gc,heap        ] GC(90)   to   space 4352K,   0% used [0x0000000782680000, 0x0000000782680000, 0x0000000782ac0000)
[39.927s][debug][gc,heap        ] GC(90)  tenured generation   total 87424K, used 51592K [0x00000007aaaa0000, 0x00000007b0000000, 0x0000000800000000)
[39.927s][debug][gc,heap        ] GC(90)    the space 87424K,  59% used [0x00000007aaaa0000, 0x00000007add022e8, 0x00000007add02400, 0x00000007b0000000)
[39.927s][debug][gc,heap        ] GC(90)  Metaspace       used 8948K, committed 9344K, reserved 1114112K
[39.927s][debug][gc,heap        ] GC(90)   class space    used 933K, committed 1088K, reserved 1048576K
[39.927s][info ][gc             ] GC(90) Pause Young (Allocation Failure) 84M->54M(123M) 15.147ms
[39.927s][info ][gc,cpu         ] GC(90) User=0.01s Sys=0.00s Real=0.01s
[40.267s][info ][gc,start       ] GC(91) Pause Young (Allocation Failure)
[40.267s][debug][gc,heap        ] GC(91) Heap before GC invocations=89 (full 2):
[40.268s][debug][gc,heap        ] GC(91)  def new generation   total 39424K, used 39423K [0x0000000780000000, 0x0000000782ac0000, 0x00000007aaaa0000)
[40.268s][debug][gc,heap        ] GC(91)   eden space 35072K, 100% used [0x0000000780000000, 0x0000000782240000, 0x0000000782240000)
[40.268s][debug][gc,heap        ] GC(91)   from space 4352K,  99% used [0x0000000782240000, 0x000000078267fff8, 0x0000000782680000)
[40.268s][debug][gc,heap        ] GC(91)   to   space 4352K,   0% used [0x0000000782680000, 0x0000000782680000, 0x0000000782ac0000)
[40.268s][debug][gc,heap        ] GC(91)  tenured generation   total 87424K, used 51592K [0x00000007aaaa0000, 0x00000007b0000000, 0x0000000800000000)
[40.268s][debug][gc,heap        ] GC(91)    the space 87424K,  59% used [0x00000007aaaa0000, 0x00000007add022e8, 0x00000007add02400, 0x00000007b0000000)
[40.268s][debug][gc,heap        ] GC(91)  Metaspace       used 8948K, committed 9344K, reserved 1114112K
[40.268s][debug][gc,heap        ] GC(91)   class space    used 933K, committed 1088K, reserved 1048576K
[40.268s][debug][gc,tlab        ] GC(91) TLAB totals: thrds: 1  refills: 44 max: 44 slow allocs: 7 max 7 waste:  0.1% gc: 0B max: 0B slow: 26176B max: 26176B
[40.281s][debug][gc,ref         ] GC(91) Skipped SoftWeakFinalRefsPhase of Reference Processing: no references
[40.281s][debug][gc,ref         ] GC(91) Skipped KeepAliveFinalRefsPhase of Reference Processing: no references
[40.281s][debug][gc,ref         ] GC(91) Skipped PhantomRefsPhase of Reference Processing: no references
[40.281s][debug][gc,phases,ref  ] GC(91) Reference Processing: 0.1ms
[40.281s][debug][gc,phases,ref  ] GC(91)   Notify Soft/WeakReferences: 0.1ms
[40.281s][debug][gc,phases,ref  ] GC(91)     SoftRef: skipped
[40.281s][debug][gc,phases,ref  ] GC(91)     WeakRef: skipped
[40.281s][debug][gc,phases,ref  ] GC(91)     FinalRef: skipped
[40.281s][debug][gc,phases,ref  ] GC(91)     Total: skipped
[40.281s][debug][gc,phases,ref  ] GC(91)   Notify and keep alive finalizable: 0.0ms
[40.281s][debug][gc,phases,ref  ] GC(91)     FinalRef: skipped
[40.281s][debug][gc,phases,ref  ] GC(91)   Notify PhantomReferences: 0.0ms
[40.281s][debug][gc,phases,ref  ] GC(91)     PhantomRef: skipped
[40.281s][debug][gc,phases,ref  ] GC(91)   SoftReference Discovered: 0, Dropped: 0, Processed: 0
[40.281s][debug][gc,phases,ref  ] GC(91)   WeakReference Discovered: 0, Dropped: 0, Processed: 0
[40.281s][debug][gc,phases,ref  ] GC(91)   FinalReference Discovered: 0, Dropped: 0, Processed: 0
[40.281s][debug][gc,phases,ref  ] GC(91)   PhantomReference Discovered: 0, Dropped: 0, Processed: 0
[40.281s][debug][gc,age         ] GC(91) Desired survivor size 2228224 bytes, new threshold 1 (max threshold 15)
[40.281s][info ][gc,heap        ] GC(91) DefNew: 39423K(39424K)->4351K(39424K) Eden: 35072K(35072K)->0K(35072K) From: 4351K(4352K)->4351K(4352K)
[40.281s][info ][gc,heap        ] GC(91) Tenured: 51592K(87424K)->54524K(87424K)
[40.281s][info ][gc,metaspace   ] GC(91) Metaspace: 8948K(9344K)->8948K(9344K) NonClass: 8015K(8256K)->8015K(8256K) Class: 933K(1088K)->933K(1088K)
[40.281s][debug][gc,heap        ] GC(91) Heap after GC invocations=90 (full 2):
[40.281s][debug][gc,heap        ] GC(91)  def new generation   total 39424K, used 4351K [0x0000000780000000, 0x0000000782ac0000, 0x00000007aaaa0000)
[40.281s][debug][gc,heap        ] GC(91)   eden space 35072K,   0% used [0x0000000780000000, 0x0000000780000000, 0x0000000782240000)
[40.281s][debug][gc,heap        ] GC(91)   from space 4352K,  99% used [0x0000000782680000, 0x0000000782abfff8, 0x0000000782ac0000)
[40.281s][debug][gc,heap        ] GC(91)   to   space 4352K,   0% used [0x0000000782240000, 0x0000000782240000, 0x0000000782680000)
[40.281s][debug][gc,heap        ] GC(91)  tenured generation   total 87424K, used 54524K [0x00000007aaaa0000, 0x00000007b0000000, 0x0000000800000000)
[40.281s][debug][gc,heap        ] GC(91)    the space 87424K,  62% used [0x00000007aaaa0000, 0x00000007adfdf1c0, 0x00000007adfdf200, 0x00000007b0000000)
[40.281s][debug][gc,heap        ] GC(91)  Metaspace       used 8948K, committed 9344K, reserved 1114112K
[40.281s][debug][gc,heap        ] GC(91)   class space    used 933K, committed 1088K, reserved 1048576K
[40.281s][info ][gc             ] GC(91) Pause Young (Allocation Failure) 88M->57M(123M) 13.963ms
[40.281s][info ][gc,cpu         ] GC(91) User=0.02s Sys=0.00s Real=0.01s
[40.617s][info ][gc,start       ] GC(92) Pause Young (Allocation Failure)
[40.617s][debug][gc,heap        ] GC(92) Heap before GC invocations=90 (full 2):
[40.617s][debug][gc,heap        ] GC(92)  def new generation   total 39424K, used 39423K [0x0000000780000000, 0x0000000782ac0000, 0x00000007aaaa0000)
[40.618s][debug][gc,heap        ] GC(92)   eden space 35072K, 100% used [0x0000000780000000, 0x0000000782240000, 0x0000000782240000)
[40.618s][debug][gc,heap        ] GC(92)   from space 4352K,  99% used [0x0000000782680000, 0x0000000782abfff8, 0x0000000782ac0000)
[40.618s][debug][gc,heap        ] GC(92)   to   space 4352K,   0% used [0x0000000782240000, 0x0000000782240000, 0x0000000782680000)
[40.618s][debug][gc,heap        ] GC(92)  tenured generation   total 87424K, used 54524K [0x00000007aaaa0000, 0x00000007b0000000, 0x0000000800000000)
[40.618s][debug][gc,heap        ] GC(92)    the space 87424K,  62% used [0x00000007aaaa0000, 0x00000007adfdf1c0, 0x00000007adfdf200, 0x00000007b0000000)
[40.618s][debug][gc,heap        ] GC(92)  Metaspace       used 8954K, committed 9344K, reserved 1114112K
[40.618s][debug][gc,heap        ] GC(92)   class space    used 933K, committed 1088K, reserved 1048576K
[40.618s][debug][gc,tlab        ] GC(92) TLAB totals: thrds: 4  refills: 89 max: 45 slow allocs: 25 max 10 waste:  0.2% gc: 6776B max: 2512B slow: 50664B max: 26304B
[40.625s][debug][gc,ref         ] GC(92) Skipped SoftWeakFinalRefsPhase of Reference Processing: no references
[40.626s][debug][gc,ref         ] GC(92) Skipped KeepAliveFinalRefsPhase of Reference Processing: no references
[40.626s][debug][gc,ref         ] GC(92) Skipped PhantomRefsPhase of Reference Processing: no references
[40.626s][debug][gc,phases,ref  ] GC(92) Reference Processing: 0.1ms
[40.626s][debug][gc,phases,ref  ] GC(92)   Notify Soft/WeakReferences: 0.1ms
[40.626s][debug][gc,phases,ref  ] GC(92)     SoftRef: skipped
[40.626s][debug][gc,phases,ref  ] GC(92)     WeakRef: skipped
[40.626s][debug][gc,phases,ref  ] GC(92)     FinalRef: skipped
[40.626s][debug][gc,phases,ref  ] GC(92)     Total: skipped
[40.626s][debug][gc,phases,ref  ] GC(92)   Notify and keep alive finalizable: 0.0ms
[40.626s][debug][gc,phases,ref  ] GC(92)     FinalRef: skipped
[40.626s][debug][gc,phases,ref  ] GC(92)   Notify PhantomReferences: 0.0ms
[40.626s][debug][gc,phases,ref  ] GC(92)     PhantomRef: skipped
[40.626s][debug][gc,phases,ref  ] GC(92)   SoftReference Discovered: 0, Dropped: 0, Processed: 0
[40.626s][debug][gc,phases,ref  ] GC(92)   WeakReference Discovered: 0, Dropped: 0, Processed: 0
[40.626s][debug][gc,phases,ref  ] GC(92)   FinalReference Discovered: 0, Dropped: 0, Processed: 0
[40.626s][debug][gc,phases,ref  ] GC(92)   PhantomReference Discovered: 0, Dropped: 0, Processed: 0
[40.626s][debug][gc,age         ] GC(92) Desired survivor size 2228224 bytes, new threshold 1 (max threshold 15)
[40.626s][info ][gc,heap        ] GC(92) DefNew: 39423K(39424K)->4351K(39424K) Eden: 35072K(35072K)->0K(35072K) From: 4351K(4352K)->4351K(4352K)
[40.626s][info ][gc,heap        ] GC(92) Tenured: 54524K(87424K)->55791K(87424K)
[40.626s][info ][gc,metaspace   ] GC(92) Metaspace: 8954K(9344K)->8954K(9344K) NonClass: 8021K(8256K)->8021K(8256K) Class: 933K(1088K)->933K(1088K)
[40.626s][debug][gc,heap        ] GC(92) Heap after GC invocations=91 (full 2):
[40.626s][debug][gc,heap        ] GC(92)  def new generation   total 39424K, used 4351K [0x0000000780000000, 0x0000000782ac0000, 0x00000007aaaa0000)
[40.626s][debug][gc,heap        ] GC(92)   eden space 35072K,   0% used [0x0000000780000000, 0x0000000780000000, 0x0000000782240000)
[40.626s][debug][gc,heap        ] GC(92)   from space 4352K,  99% used [0x0000000782240000, 0x000000078267fff8, 0x0000000782680000)
[40.626s][debug][gc,heap        ] GC(92)   to   space 4352K,   0% used [0x0000000782680000, 0x0000000782680000, 0x0000000782ac0000)
[40.626s][debug][gc,heap        ] GC(92)  tenured generation   total 87424K, used 55791K [0x00000007aaaa0000, 0x00000007b0000000, 0x0000000800000000)
[40.626s][debug][gc,heap        ] GC(92)    the space 87424K,  63% used [0x00000007aaaa0000, 0x00000007ae11bda0, 0x00000007ae11be00, 0x00000007b0000000)
[40.626s][debug][gc,heap        ] GC(92)  Metaspace       used 8954K, committed 9344K, reserved 1114112K
[40.626s][debug][gc,heap        ] GC(92)   class space    used 933K, committed 1088K, reserved 1048576K
[40.626s][info ][gc             ] GC(92) Pause Young (Allocation Failure) 91M->58M(123M) 8.659ms
[40.626s][info ][gc,cpu         ] GC(92) User=0.01s Sys=0.00s Real=0.00s
[40.957s][info ][gc,start       ] GC(93) Pause Young (Allocation Failure)
[40.957s][debug][gc,heap        ] GC(93) Heap before GC invocations=91 (full 2):
[40.957s][debug][gc,heap        ] GC(93)  def new generation   total 39424K, used 39423K [0x0000000780000000, 0x0000000782ac0000, 0x00000007aaaa0000)
[40.957s][debug][gc,heap        ] GC(93)   eden space 35072K, 100% used [0x0000000780000000, 0x0000000782240000, 0x0000000782240000)
[40.957s][debug][gc,heap        ] GC(93)   from space 4352K,  99% used [0x0000000782240000, 0x000000078267fff8, 0x0000000782680000)
[40.957s][debug][gc,heap        ] GC(93)   to   space 4352K,   0% used [0x0000000782680000, 0x0000000782680000, 0x0000000782ac0000)
[40.957s][debug][gc,heap        ] GC(93)  tenured generation   total 87424K, used 55791K [0x00000007aaaa0000, 0x00000007b0000000, 0x0000000800000000)
[40.957s][debug][gc,heap        ] GC(93)    the space 87424K,  63% used [0x00000007aaaa0000, 0x00000007ae11bda0, 0x00000007ae11be00, 0x00000007b0000000)
[40.957s][debug][gc,heap        ] GC(93)  Metaspace       used 8954K, committed 9344K, reserved 1114112K
[40.957s][debug][gc,heap        ] GC(93)   class space    used 933K, committed 1088K, reserved 1048576K
[40.957s][debug][gc,tlab        ] GC(93) TLAB totals: thrds: 1  refills: 46 max: 46 slow allocs: 3 max 3 waste:  0.1% gc: 0B max: 0B slow: 27000B max: 27000B
[40.965s][debug][gc,ref         ] GC(93) Skipped SoftWeakFinalRefsPhase of Reference Processing: no references
[40.965s][debug][gc,ref         ] GC(93) Skipped KeepAliveFinalRefsPhase of Reference Processing: no references
[40.965s][debug][gc,ref         ] GC(93) Skipped PhantomRefsPhase of Reference Processing: no references
[40.965s][debug][gc,phases,ref  ] GC(93) Reference Processing: 0.1ms
[40.965s][debug][gc,phases,ref  ] GC(93)   Notify Soft/WeakReferences: 0.1ms
[40.965s][debug][gc,phases,ref  ] GC(93)     SoftRef: skipped
[40.965s][debug][gc,phases,ref  ] GC(93)     WeakRef: skipped
[40.965s][debug][gc,phases,ref  ] GC(93)     FinalRef: skipped
[40.965s][debug][gc,phases,ref  ] GC(93)     Total: skipped
[40.965s][debug][gc,phases,ref  ] GC(93)   Notify and keep alive finalizable: 0.0ms
[40.965s][debug][gc,phases,ref  ] GC(93)     FinalRef: skipped
[40.965s][debug][gc,phases,ref  ] GC(93)   Notify PhantomReferences: 0.0ms
[40.965s][debug][gc,phases,ref  ] GC(93)     PhantomRef: skipped
[40.965s][debug][gc,phases,ref  ] GC(93)   SoftReference Discovered: 0, Dropped: 0, Processed: 0
[40.965s][debug][gc,phases,ref  ] GC(93)   WeakReference Discovered: 0, Dropped: 0, Processed: 0
[40.965s][debug][gc,phases,ref  ] GC(93)   FinalReference Discovered: 0, Dropped: 0, Processed: 0
[40.965s][debug][gc,phases,ref  ] GC(93)   PhantomReference Discovered: 0, Dropped: 0, Processed: 0
[40.965s][debug][gc,age         ] GC(93) Desired survivor size 2228224 bytes, new threshold 1 (max threshold 15)
[40.965s][info ][gc,heap        ] GC(93) DefNew: 39423K(39424K)->4336K(39424K) Eden: 35072K(35072K)->0K(35072K) From: 4351K(4352K)->4336K(4352K)
[40.965s][info ][gc,heap        ] GC(93) Tenured: 55791K(87424K)->55791K(87424K)
[40.965s][info ][gc,metaspace   ] GC(93) Metaspace: 8954K(9344K)->8954K(9344K) NonClass: 8021K(8256K)->8021K(8256K) Class: 933K(1088K)->933K(1088K)
[40.965s][debug][gc,heap        ] GC(93) Heap after GC invocations=92 (full 2):
[40.965s][debug][gc,heap        ] GC(93)  def new generation   total 39424K, used 4336K [0x0000000780000000, 0x0000000782ac0000, 0x00000007aaaa0000)
[40.965s][debug][gc,heap        ] GC(93)   eden space 35072K,   0% used [0x0000000780000000, 0x0000000780000000, 0x0000000782240000)
[40.965s][debug][gc,heap        ] GC(93)   from space 4352K,  99% used [0x0000000782680000, 0x0000000782abc380, 0x0000000782ac0000)
[40.965s][debug][gc,heap        ] GC(93)   to   space 4352K,   0% used [0x0000000782240000, 0x0000000782240000, 0x0000000782680000)
[40.965s][debug][gc,heap        ] GC(93)  tenured generation   total 87424K, used 55791K [0x00000007aaaa0000, 0x00000007b0000000, 0x0000000800000000)
[40.965s][debug][gc,heap        ] GC(93)    the space 87424K,  63% used [0x00000007aaaa0000, 0x00000007ae11bda0, 0x00000007ae11be00, 0x00000007b0000000)
[40.965s][debug][gc,heap        ] GC(93)  Metaspace       used 8954K, committed 9344K, reserved 1114112K
[40.965s][debug][gc,heap        ] GC(93)   class space    used 933K, committed 1088K, reserved 1048576K
[40.965s][info ][gc             ] GC(93) Pause Young (Allocation Failure) 92M->58M(123M) 8.412ms
[40.965s][info ][gc,cpu         ] GC(93) User=0.01s Sys=0.00s Real=0.01s
[41.305s][info ][gc,start       ] GC(94) Pause Young (Allocation Failure)
[41.306s][debug][gc,heap        ] GC(94) Heap before GC invocations=92 (full 2):
[41.306s][debug][gc,heap        ] GC(94)  def new generation   total 39424K, used 39408K [0x0000000780000000, 0x0000000782ac0000, 0x00000007aaaa0000)
[41.306s][debug][gc,heap        ] GC(94)   eden space 35072K, 100% used [0x0000000780000000, 0x0000000782240000, 0x0000000782240000)
[41.306s][debug][gc,heap        ] GC(94)   from space 4352K,  99% used [0x0000000782680000, 0x0000000782abc380, 0x0000000782ac0000)
[41.306s][debug][gc,heap        ] GC(94)   to   space 4352K,   0% used [0x0000000782240000, 0x0000000782240000, 0x0000000782680000)
[41.306s][debug][gc,heap        ] GC(94)  tenured generation   total 87424K, used 55791K [0x00000007aaaa0000, 0x00000007b0000000, 0x0000000800000000)
[41.306s][debug][gc,heap        ] GC(94)    the space 87424K,  63% used [0x00000007aaaa0000, 0x00000007ae11bda0, 0x00000007ae11be00, 0x00000007b0000000)
[41.306s][debug][gc,heap        ] GC(94)  Metaspace       used 8954K, committed 9344K, reserved 1114112K
[41.306s][debug][gc,heap        ] GC(94)   class space    used 933K, committed 1088K, reserved 1048576K
[41.306s][debug][gc,tlab        ] GC(94) TLAB totals: thrds: 1  refills: 44 max: 44 slow allocs: 7 max 7 waste:  0.1% gc: 0B max: 0B slow: 25712B max: 25712B
[41.312s][debug][gc,ref         ] GC(94) Skipped SoftWeakFinalRefsPhase of Reference Processing: no references
[41.312s][debug][gc,ref         ] GC(94) Skipped KeepAliveFinalRefsPhase of Reference Processing: no references
[41.312s][debug][gc,ref         ] GC(94) Skipped PhantomRefsPhase of Reference Processing: no references
[41.312s][debug][gc,phases,ref  ] GC(94) Reference Processing: 0.1ms
[41.312s][debug][gc,phases,ref  ] GC(94)   Notify Soft/WeakReferences: 0.1ms
[41.312s][debug][gc,phases,ref  ] GC(94)     SoftRef: skipped
[41.312s][debug][gc,phases,ref  ] GC(94)     WeakRef: skipped
[41.312s][debug][gc,phases,ref  ] GC(94)     FinalRef: skipped
[41.312s][debug][gc,phases,ref  ] GC(94)     Total: skipped
[41.312s][debug][gc,phases,ref  ] GC(94)   Notify and keep alive finalizable: 0.0ms
[41.312s][debug][gc,phases,ref  ] GC(94)     FinalRef: skipped
[41.312s][debug][gc,phases,ref  ] GC(94)   Notify PhantomReferences: 0.0ms
[41.312s][debug][gc,phases,ref  ] GC(94)     PhantomRef: skipped
[41.312s][debug][gc,phases,ref  ] GC(94)   SoftReference Discovered: 0, Dropped: 0, Processed: 0
[41.312s][debug][gc,phases,ref  ] GC(94)   WeakReference Discovered: 0, Dropped: 0, Processed: 0
[41.312s][debug][gc,phases,ref  ] GC(94)   FinalReference Discovered: 0, Dropped: 0, Processed: 0
[41.312s][debug][gc,phases,ref  ] GC(94)   PhantomReference Discovered: 0, Dropped: 0, Processed: 0
[41.313s][debug][gc,age         ] GC(94) Desired survivor size 2228224 bytes, new threshold 1 (max threshold 15)
[41.313s][info ][gc,heap        ] GC(94) DefNew: 39408K(39424K)->2800K(39424K) Eden: 35072K(35072K)->0K(35072K) From: 4336K(4352K)->2800K(4352K)
[41.313s][info ][gc,heap        ] GC(94) Tenured: 55791K(87424K)->55791K(87424K)
[41.313s][info ][gc,metaspace   ] GC(94) Metaspace: 8954K(9344K)->8954K(9344K) NonClass: 8021K(8256K)->8021K(8256K) Class: 933K(1088K)->933K(1088K)
[41.313s][debug][gc,heap        ] GC(94) Heap after GC invocations=93 (full 2):
[41.313s][debug][gc,heap        ] GC(94)  def new generation   total 39424K, used 2800K [0x0000000780000000, 0x0000000782ac0000, 0x00000007aaaa0000)
[41.313s][debug][gc,heap        ] GC(94)   eden space 35072K,   0% used [0x0000000780000000, 0x0000000780000000, 0x0000000782240000)
[41.313s][debug][gc,heap        ] GC(94)   from space 4352K,  64% used [0x0000000782240000, 0x00000007824fc020, 0x0000000782680000)
[41.313s][debug][gc,heap        ] GC(94)   to   space 4352K,   0% used [0x0000000782680000, 0x0000000782680000, 0x0000000782ac0000)
[41.313s][debug][gc,heap        ] GC(94)  tenured generation   total 87424K, used 55791K [0x00000007aaaa0000, 0x00000007b0000000, 0x0000000800000000)
[41.313s][debug][gc,heap        ] GC(94)    the space 87424K,  63% used [0x00000007aaaa0000, 0x00000007ae11bda0, 0x00000007ae11be00, 0x00000007b0000000)
[41.313s][debug][gc,heap        ] GC(94)  Metaspace       used 8954K, committed 9344K, reserved 1114112K
[41.313s][debug][gc,heap        ] GC(94)   class space    used 933K, committed 1088K, reserved 1048576K
[41.313s][info ][gc             ] GC(94) Pause Young (Allocation Failure) 92M->57M(123M) 7.440ms
[41.313s][info ][gc,cpu         ] GC(94) User=0.00s Sys=0.00s Real=0.01s
[41.648s][info ][gc,start       ] GC(95) Pause Young (Allocation Failure)
[41.648s][debug][gc,heap        ] GC(95) Heap before GC invocations=93 (full 2):
[41.649s][debug][gc,heap        ] GC(95)  def new generation   total 39424K, used 37872K [0x0000000780000000, 0x0000000782ac0000, 0x00000007aaaa0000)
[41.649s][debug][gc,heap        ] GC(95)   eden space 35072K, 100% used [0x0000000780000000, 0x0000000782240000, 0x0000000782240000)
[41.649s][debug][gc,heap        ] GC(95)   from space 4352K,  64% used [0x0000000782240000, 0x00000007824fc020, 0x0000000782680000)
[41.649s][debug][gc,heap        ] GC(95)   to   space 4352K,   0% used [0x0000000782680000, 0x0000000782680000, 0x0000000782ac0000)
[41.649s][debug][gc,heap        ] GC(95)  tenured generation   total 87424K, used 55791K [0x00000007aaaa0000, 0x00000007b0000000, 0x0000000800000000)
[41.649s][debug][gc,heap        ] GC(95)    the space 87424K,  63% used [0x00000007aaaa0000, 0x00000007ae11bda0, 0x00000007ae11be00, 0x00000007b0000000)
[41.649s][debug][gc,heap        ] GC(95)  Metaspace       used 8973K, committed 9344K, reserved 1114112K
[41.649s][debug][gc,heap        ] GC(95)   class space    used 933K, committed 1088K, reserved 1048576K
[41.649s][debug][gc,tlab        ] GC(95) TLAB totals: thrds: 5  refills: 89 max: 44 slow allocs: 35 max 15 waste:  0.3% gc: 33216B max: 24792B slow: 49160B max: 24880B
[41.653s][debug][gc,ref         ] GC(95) Skipped SoftWeakFinalRefsPhase of Reference Processing: no references
[41.653s][debug][gc,ref         ] GC(95) Skipped KeepAliveFinalRefsPhase of Reference Processing: no references
[41.653s][debug][gc,ref         ] GC(95) Skipped PhantomRefsPhase of Reference Processing: no references
[41.653s][debug][gc,phases,ref  ] GC(95) Reference Processing: 0.2ms
[41.653s][debug][gc,phases,ref  ] GC(95)   Notify Soft/WeakReferences: 0.1ms
[41.653s][debug][gc,phases,ref  ] GC(95)     SoftRef: skipped
[41.653s][debug][gc,phases,ref  ] GC(95)     WeakRef: skipped
[41.653s][debug][gc,phases,ref  ] GC(95)     FinalRef: skipped
[41.653s][debug][gc,phases,ref  ] GC(95)     Total: skipped
[41.653s][debug][gc,phases,ref  ] GC(95)   Notify and keep alive finalizable: 0.0ms
[41.653s][debug][gc,phases,ref  ] GC(95)     FinalRef: skipped
[41.653s][debug][gc,phases,ref  ] GC(95)   Notify PhantomReferences: 0.0ms
[41.653s][debug][gc,phases,ref  ] GC(95)     PhantomRef: skipped
[41.653s][debug][gc,phases,ref  ] GC(95)   SoftReference Discovered: 0, Dropped: 0, Processed: 0
[41.653s][debug][gc,phases,ref  ] GC(95)   WeakReference Discovered: 0, Dropped: 0, Processed: 0
[41.653s][debug][gc,phases,ref  ] GC(95)   FinalReference Discovered: 0, Dropped: 0, Processed: 0
[41.653s][debug][gc,phases,ref  ] GC(95)   PhantomReference Discovered: 0, Dropped: 0, Processed: 0
[41.653s][debug][gc,age         ] GC(95) Desired survivor size 2228224 bytes, new threshold 15 (max threshold 15)
[41.654s][info ][gc,heap        ] GC(95) DefNew: 37872K(39424K)->1303K(39424K) Eden: 35072K(35072K)->0K(35072K) From: 2800K(4352K)->1303K(4352K)
[41.654s][info ][gc,heap        ] GC(95) Tenured: 55791K(87424K)->55791K(87424K)
[41.654s][info ][gc,metaspace   ] GC(95) Metaspace: 8973K(9344K)->8973K(9344K) NonClass: 8040K(8256K)->8040K(8256K) Class: 933K(1088K)->933K(1088K)
[41.654s][debug][gc,heap        ] GC(95) Heap after GC invocations=94 (full 2):
[41.654s][debug][gc,heap        ] GC(95)  def new generation   total 39424K, used 1303K [0x0000000780000000, 0x0000000782ac0000, 0x00000007aaaa0000)
[41.654s][debug][gc,heap        ] GC(95)   eden space 35072K,   0% used [0x0000000780000000, 0x0000000780000000, 0x0000000782240000)
[41.654s][debug][gc,heap        ] GC(95)   from space 4352K,  29% used [0x0000000782680000, 0x00000007827c5c18, 0x0000000782ac0000)
[41.654s][debug][gc,heap        ] GC(95)   to   space 4352K,   0% used [0x0000000782240000, 0x0000000782240000, 0x0000000782680000)
[41.654s][debug][gc,heap        ] GC(95)  tenured generation   total 87424K, used 55791K [0x00000007aaaa0000, 0x00000007b0000000, 0x0000000800000000)
[41.654s][debug][gc,heap        ] GC(95)    the space 87424K,  63% used [0x00000007aaaa0000, 0x00000007ae11bda0, 0x00000007ae11be00, 0x00000007b0000000)
[41.654s][debug][gc,heap        ] GC(95)  Metaspace       used 8973K, committed 9344K, reserved 1114112K
[41.654s][debug][gc,heap        ] GC(95)   class space    used 933K, committed 1088K, reserved 1048576K
[41.654s][info ][gc             ] GC(95) Pause Young (Allocation Failure) 91M->55M(123M) 5.360ms
[41.654s][info ][gc,cpu         ] GC(95) User=0.00s Sys=0.00s Real=0.00s
[41.879s][info ][gc,start       ] GC(96) Pause Young (Allocation Failure)
[41.879s][debug][gc,heap        ] GC(96) Heap before GC invocations=94 (full 2):
[41.879s][debug][gc,heap        ] GC(96)  def new generation   total 39424K, used 35531K [0x0000000780000000, 0x0000000782ac0000, 0x00000007aaaa0000)
[41.879s][debug][gc,heap        ] GC(96)   eden space 35072K,  97% used [0x0000000780000000, 0x000000078216d078, 0x0000000782240000)
[41.879s][debug][gc,heap        ] GC(96)   from space 4352K,  29% used [0x0000000782680000, 0x00000007827c5c18, 0x0000000782ac0000)
[41.879s][debug][gc,heap        ] GC(96)   to   space 4352K,   0% used [0x0000000782240000, 0x0000000782240000, 0x0000000782680000)
[41.880s][debug][gc,heap        ] GC(96)  tenured generation   total 87424K, used 55791K [0x00000007aaaa0000, 0x00000007b0000000, 0x0000000800000000)
[41.880s][debug][gc,heap        ] GC(96)    the space 87424K,  63% used [0x00000007aaaa0000, 0x00000007ae11bda0, 0x00000007ae11be00, 0x00000007b0000000)
[41.880s][debug][gc,heap        ] GC(96)  Metaspace       used 8973K, committed 9344K, reserved 1114112K
[41.880s][debug][gc,heap        ] GC(96)   class space    used 933K, committed 1088K, reserved 1048576K
[41.880s][debug][gc,tlab        ] GC(96) TLAB totals: thrds: 1  refills: 43 max: 43 slow allocs: 8 max 8 waste:  0.7% gc: 187520B max: 187520B slow: 24360B max: 24360B
[41.896s][debug][gc,ref         ] GC(96) Skipped SoftWeakFinalRefsPhase of Reference Processing: no references
[41.896s][debug][gc,ref         ] GC(96) Skipped KeepAliveFinalRefsPhase of Reference Processing: no references
[41.896s][debug][gc,ref         ] GC(96) Skipped PhantomRefsPhase of Reference Processing: no references
[41.896s][debug][gc,phases,ref  ] GC(96) Reference Processing: 0.1ms
[41.896s][debug][gc,phases,ref  ] GC(96)   Notify Soft/WeakReferences: 0.1ms
[41.896s][debug][gc,phases,ref  ] GC(96)     SoftRef: skipped
[41.896s][debug][gc,phases,ref  ] GC(96)     WeakRef: skipped
[41.896s][debug][gc,phases,ref  ] GC(96)     FinalRef: skipped
[41.896s][debug][gc,phases,ref  ] GC(96)     Total: skipped
[41.896s][debug][gc,phases,ref  ] GC(96)   Notify and keep alive finalizable: 0.0ms
[41.896s][debug][gc,phases,ref  ] GC(96)     FinalRef: skipped
[41.896s][debug][gc,phases,ref  ] GC(96)   Notify PhantomReferences: 0.0ms
[41.896s][debug][gc,phases,ref  ] GC(96)     PhantomRef: skipped
[41.896s][debug][gc,phases,ref  ] GC(96)   SoftReference Discovered: 0, Dropped: 0, Processed: 0
[41.896s][debug][gc,phases,ref  ] GC(96)   WeakReference Discovered: 0, Dropped: 0, Processed: 0
[41.896s][debug][gc,phases,ref  ] GC(96)   FinalReference Discovered: 0, Dropped: 0, Processed: 0
[41.896s][debug][gc,phases,ref  ] GC(96)   PhantomReference Discovered: 0, Dropped: 0, Processed: 0
[41.897s][debug][gc,age         ] GC(96) Desired survivor size 2228224 bytes, new threshold 1 (max threshold 15)
[41.897s][info ][gc,heap        ] GC(96) DefNew: 35531K(39424K)->4351K(39424K) Eden: 34228K(35072K)->0K(35072K) From: 1303K(4352K)->4351K(4352K)
[41.897s][info ][gc,heap        ] GC(96) Tenured: 55791K(87424K)->61926K(87424K)
[41.897s][info ][gc,metaspace   ] GC(96) Metaspace: 8973K(9344K)->8973K(9344K) NonClass: 8040K(8256K)->8040K(8256K) Class: 933K(1088K)->933K(1088K)
[41.897s][debug][gc,heap        ] GC(96) Heap after GC invocations=95 (full 2):
[41.897s][debug][gc,heap        ] GC(96)  def new generation   total 39424K, used 4351K [0x0000000780000000, 0x0000000782ac0000, 0x00000007aaaa0000)
[41.897s][debug][gc,heap        ] GC(96)   eden space 35072K,   0% used [0x0000000780000000, 0x0000000780000000, 0x0000000782240000)
[41.897s][debug][gc,heap        ] GC(96)   from space 4352K,  99% used [0x0000000782240000, 0x000000078267fff8, 0x0000000782680000)
[41.897s][debug][gc,heap        ] GC(96)   to   space 4352K,   0% used [0x0000000782680000, 0x0000000782680000, 0x0000000782ac0000)
[41.897s][debug][gc,heap        ] GC(96)  tenured generation   total 87424K, used 61926K [0x00000007aaaa0000, 0x00000007b0000000, 0x0000000800000000)
[41.897s][debug][gc,heap        ] GC(96)    the space 87424K,  70% used [0x00000007aaaa0000, 0x00000007ae7199c0, 0x00000007ae719a00, 0x00000007b0000000)
[41.897s][debug][gc,heap        ] GC(96)  Metaspace       used 8973K, committed 9344K, reserved 1114112K
[41.897s][debug][gc,heap        ] GC(96)   class space    used 933K, committed 1088K, reserved 1048576K
[41.897s][info ][gc             ] GC(96) Pause Young (Allocation Failure) 89M->64M(123M) 17.462ms
[41.897s][info ][gc,cpu         ] GC(96) User=0.01s Sys=0.00s Real=0.01s
[42.232s][info ][gc,start       ] GC(97) Pause Young (Allocation Failure)
[42.232s][debug][gc,heap        ] GC(97) Heap before GC invocations=95 (full 2):
[42.232s][debug][gc,heap        ] GC(97)  def new generation   total 39424K, used 39423K [0x0000000780000000, 0x0000000782ac0000, 0x00000007aaaa0000)
[42.232s][debug][gc,heap        ] GC(97)   eden space 35072K, 100% used [0x0000000780000000, 0x0000000782240000, 0x0000000782240000)
[42.232s][debug][gc,heap        ] GC(97)   from space 4352K,  99% used [0x0000000782240000, 0x000000078267fff8, 0x0000000782680000)
[42.232s][debug][gc,heap        ] GC(97)   to   space 4352K,   0% used [0x0000000782680000, 0x0000000782680000, 0x0000000782ac0000)
[42.232s][debug][gc,heap        ] GC(97)  tenured generation   total 87424K, used 61926K [0x00000007aaaa0000, 0x00000007b0000000, 0x0000000800000000)
[42.232s][debug][gc,heap        ] GC(97)    the space 87424K,  70% used [0x00000007aaaa0000, 0x00000007ae7199c0, 0x00000007ae719a00, 0x00000007b0000000)
[42.232s][debug][gc,heap        ] GC(97)  Metaspace       used 8973K, committed 9344K, reserved 1114112K
[42.232s][debug][gc,heap        ] GC(97)   class space    used 933K, committed 1088K, reserved 1048576K
[42.232s][debug][gc,tlab        ] GC(97) TLAB totals: thrds: 1  refills: 46 max: 46 slow allocs: 3 max 3 waste:  0.1% gc: 0B max: 0B slow: 26856B max: 26856B
[42.247s][debug][gc,ref         ] GC(97) Skipped SoftWeakFinalRefsPhase of Reference Processing: no references
[42.247s][debug][gc,ref         ] GC(97) Skipped KeepAliveFinalRefsPhase of Reference Processing: no references
[42.248s][debug][gc,ref         ] GC(97) Skipped PhantomRefsPhase of Reference Processing: no references
[42.248s][debug][gc,phases,ref  ] GC(97) Reference Processing: 0.1ms
[42.248s][debug][gc,phases,ref  ] GC(97)   Notify Soft/WeakReferences: 0.1ms
[42.248s][debug][gc,phases,ref  ] GC(97)     SoftRef: skipped
[42.248s][debug][gc,phases,ref  ] GC(97)     WeakRef: skipped
[42.248s][debug][gc,phases,ref  ] GC(97)     FinalRef: skipped
[42.248s][debug][gc,phases,ref  ] GC(97)     Total: skipped
[42.248s][debug][gc,phases,ref  ] GC(97)   Notify and keep alive finalizable: 0.0ms
[42.248s][debug][gc,phases,ref  ] GC(97)     FinalRef: skipped
[42.248s][debug][gc,phases,ref  ] GC(97)   Notify PhantomReferences: 0.0ms
[42.248s][debug][gc,phases,ref  ] GC(97)     PhantomRef: skipped
[42.248s][debug][gc,phases,ref  ] GC(97)   SoftReference Discovered: 0, Dropped: 0, Processed: 0
[42.248s][debug][gc,phases,ref  ] GC(97)   WeakReference Discovered: 0, Dropped: 0, Processed: 0
[42.248s][debug][gc,phases,ref  ] GC(97)   FinalReference Discovered: 0, Dropped: 0, Processed: 0
[42.248s][debug][gc,phases,ref  ] GC(97)   PhantomReference Discovered: 0, Dropped: 0, Processed: 0
[42.248s][debug][gc,age         ] GC(97) Desired survivor size 2228224 bytes, new threshold 1 (max threshold 15)
[42.248s][info ][gc,heap        ] GC(97) DefNew: 39423K(39424K)->4351K(39424K) Eden: 35072K(35072K)->0K(35072K) From: 4351K(4352K)->4351K(4352K)
[42.248s][info ][gc,heap        ] GC(97) Tenured: 61926K(87424K)->66523K(87424K)
[42.248s][info ][gc,metaspace   ] GC(97) Metaspace: 8973K(9344K)->8973K(9344K) NonClass: 8040K(8256K)->8040K(8256K) Class: 933K(1088K)->933K(1088K)
[42.248s][debug][gc,heap        ] GC(97) Heap after GC invocations=96 (full 2):
[42.248s][debug][gc,heap        ] GC(97)  def new generation   total 39424K, used 4351K [0x0000000780000000, 0x0000000782ac0000, 0x00000007aaaa0000)
[42.248s][debug][gc,heap        ] GC(97)   eden space 35072K,   0% used [0x0000000780000000, 0x0000000780000000, 0x0000000782240000)
[42.248s][debug][gc,heap        ] GC(97)   from space 4352K,  99% used [0x0000000782680000, 0x0000000782abfff8, 0x0000000782ac0000)
[42.248s][debug][gc,heap        ] GC(97)   to   space 4352K,   0% used [0x0000000782240000, 0x0000000782240000, 0x0000000782680000)
[42.248s][debug][gc,heap        ] GC(97)  tenured generation   total 87424K, used 66523K [0x00000007aaaa0000, 0x00000007b0000000, 0x0000000800000000)
[42.248s][debug][gc,heap        ] GC(97)    the space 87424K,  76% used [0x00000007aaaa0000, 0x00000007aeb96e08, 0x00000007aeb97000, 0x00000007b0000000)
[42.248s][debug][gc,heap        ] GC(97)  Metaspace       used 8973K, committed 9344K, reserved 1114112K
[42.248s][debug][gc,heap        ] GC(97)   class space    used 933K, committed 1088K, reserved 1048576K
[42.248s][info ][gc             ] GC(97) Pause Young (Allocation Failure) 98M->69M(123M) 16.337ms
[42.248s][info ][gc,cpu         ] GC(97) User=0.02s Sys=0.00s Real=0.02s
[42.585s][info ][gc,start       ] GC(98) Pause Young (Allocation Failure)
[42.585s][debug][gc,heap        ] GC(98) Heap before GC invocations=96 (full 2):
[42.585s][debug][gc,heap        ] GC(98)  def new generation   total 39424K, used 39423K [0x0000000780000000, 0x0000000782ac0000, 0x00000007aaaa0000)
[42.585s][debug][gc,heap        ] GC(98)   eden space 35072K, 100% used [0x0000000780000000, 0x0000000782240000, 0x0000000782240000)
[42.585s][debug][gc,heap        ] GC(98)   from space 4352K,  99% used [0x0000000782680000, 0x0000000782abfff8, 0x0000000782ac0000)
[42.585s][debug][gc,heap        ] GC(98)   to   space 4352K,   0% used [0x0000000782240000, 0x0000000782240000, 0x0000000782680000)
[42.585s][debug][gc,heap        ] GC(98)  tenured generation   total 87424K, used 66523K [0x00000007aaaa0000, 0x00000007b0000000, 0x0000000800000000)
[42.585s][debug][gc,heap        ] GC(98)    the space 87424K,  76% used [0x00000007aaaa0000, 0x00000007aeb96e08, 0x00000007aeb97000, 0x00000007b0000000)
[42.585s][debug][gc,heap        ] GC(98)  Metaspace       used 8973K, committed 9344K, reserved 1114112K
[42.585s][debug][gc,heap        ] GC(98)   class space    used 933K, committed 1088K, reserved 1048576K
[42.585s][debug][gc,tlab        ] GC(98) TLAB totals: thrds: 1  refills: 45 max: 45 slow allocs: 7 max 7 waste:  0.1% gc: 0B max: 0B slow: 26368B max: 26368B
[42.597s][debug][gc,ref         ] GC(98) Skipped SoftWeakFinalRefsPhase of Reference Processing: no references
[42.597s][debug][gc,ref         ] GC(98) Skipped KeepAliveFinalRefsPhase of Reference Processing: no references
[42.598s][debug][gc,ref         ] GC(98) Skipped PhantomRefsPhase of Reference Processing: no references
[42.598s][debug][gc,phases,ref  ] GC(98) Reference Processing: 0.2ms
[42.598s][debug][gc,phases,ref  ] GC(98)   Notify Soft/WeakReferences: 0.1ms
[42.598s][debug][gc,phases,ref  ] GC(98)     SoftRef: skipped
[42.598s][debug][gc,phases,ref  ] GC(98)     WeakRef: skipped
[42.598s][debug][gc,phases,ref  ] GC(98)     FinalRef: skipped
[42.598s][debug][gc,phases,ref  ] GC(98)     Total: skipped
[42.598s][debug][gc,phases,ref  ] GC(98)   Notify and keep alive finalizable: 0.1ms
[42.598s][debug][gc,phases,ref  ] GC(98)     FinalRef: skipped
[42.598s][debug][gc,phases,ref  ] GC(98)   Notify PhantomReferences: 0.0ms
[42.598s][debug][gc,phases,ref  ] GC(98)     PhantomRef: skipped
[42.598s][debug][gc,phases,ref  ] GC(98)   SoftReference Discovered: 0, Dropped: 0, Processed: 0
[42.598s][debug][gc,phases,ref  ] GC(98)   WeakReference Discovered: 0, Dropped: 0, Processed: 0
[42.598s][debug][gc,phases,ref  ] GC(98)   FinalReference Discovered: 0, Dropped: 0, Processed: 0
[42.598s][debug][gc,phases,ref  ] GC(98)   PhantomReference Discovered: 0, Dropped: 0, Processed: 0
[42.598s][debug][gc,age         ] GC(98) Desired survivor size 2228224 bytes, new threshold 1 (max threshold 15)
[42.598s][info ][gc,heap        ] GC(98) DefNew: 39423K(39424K)->4352K(39424K) Eden: 35072K(35072K)->0K(35072K) From: 4351K(4352K)->4352K(4352K)
[42.598s][info ][gc,heap        ] GC(98) Tenured: 66523K(87424K)->69582K(87424K)
[42.598s][info ][gc,metaspace   ] GC(98) Metaspace: 8973K(9344K)->8973K(9344K) NonClass: 8040K(8256K)->8040K(8256K) Class: 933K(1088K)->933K(1088K)
[42.598s][debug][gc,heap        ] GC(98) Heap after GC invocations=97 (full 2):
[42.598s][debug][gc,heap        ] GC(98)  def new generation   total 39424K, used 4352K [0x0000000780000000, 0x0000000782ac0000, 0x00000007aaaa0000)
[42.598s][debug][gc,heap        ] GC(98)   eden space 35072K,   0% used [0x0000000780000000, 0x0000000780000000, 0x0000000782240000)
[42.598s][debug][gc,heap        ] GC(98)   from space 4352K, 100% used [0x0000000782240000, 0x0000000782680000, 0x0000000782680000)
[42.598s][debug][gc,heap        ] GC(98)   to   space 4352K,   0% used [0x0000000782680000, 0x0000000782680000, 0x0000000782ac0000)
[42.598s][debug][gc,heap        ] GC(98)  tenured generation   total 87424K, used 69582K [0x00000007aaaa0000, 0x00000007b0000000, 0x0000000800000000)
[42.598s][debug][gc,heap        ] GC(98)    the space 87424K,  79% used [0x00000007aaaa0000, 0x00000007aee939c0, 0x00000007aee93a00, 0x00000007b0000000)
[42.598s][debug][gc,heap        ] GC(98)  Metaspace       used 8973K, committed 9344K, reserved 1114112K
[42.598s][debug][gc,heap        ] GC(98)   class space    used 933K, committed 1088K, reserved 1048576K
[42.598s][info ][gc             ] GC(98) Pause Young (Allocation Failure) 103M->72M(123M) 13.136ms
[42.598s][info ][gc,cpu         ] GC(98) User=0.01s Sys=0.00s Real=0.02s
[42.937s][info ][gc,start       ] GC(99) Pause Young (Allocation Failure)
[42.937s][debug][gc,heap        ] GC(99) Heap before GC invocations=97 (full 2):
[42.938s][debug][gc,heap        ] GC(99)  def new generation   total 39424K, used 39424K [0x0000000780000000, 0x0000000782ac0000, 0x00000007aaaa0000)
[42.938s][debug][gc,heap        ] GC(99)   eden space 35072K, 100% used [0x0000000780000000, 0x0000000782240000, 0x0000000782240000)
[42.938s][debug][gc,heap        ] GC(99)   from space 4352K, 100% used [0x0000000782240000, 0x0000000782680000, 0x0000000782680000)
[42.938s][debug][gc,heap        ] GC(99)   to   space 4352K,   0% used [0x0000000782680000, 0x0000000782680000, 0x0000000782ac0000)
[42.938s][debug][gc,heap        ] GC(99)  tenured generation   total 87424K, used 69582K [0x00000007aaaa0000, 0x00000007b0000000, 0x0000000800000000)
[42.938s][debug][gc,heap        ] GC(99)    the space 87424K,  79% used [0x00000007aaaa0000, 0x00000007aee939c0, 0x00000007aee93a00, 0x00000007b0000000)
[42.938s][debug][gc,heap        ] GC(99)  Metaspace       used 8976K, committed 9344K, reserved 1114112K
[42.938s][debug][gc,heap        ] GC(99)   class space    used 933K, committed 1088K, reserved 1048576K
[42.938s][debug][gc,tlab        ] GC(99) TLAB totals: thrds: 5  refills: 90 max: 45 slow allocs: 29 max 14 waste:  0.2% gc: 9000B max: 2512B slow: 51064B max: 26680B
[42.947s][debug][gc,ref         ] GC(99) Skipped SoftWeakFinalRefsPhase of Reference Processing: no references
[42.947s][debug][gc,ref         ] GC(99) Skipped KeepAliveFinalRefsPhase of Reference Processing: no references
[42.947s][debug][gc,ref         ] GC(99) Skipped PhantomRefsPhase of Reference Processing: no references
[42.947s][debug][gc,phases,ref  ] GC(99) Reference Processing: 0.1ms
[42.947s][debug][gc,phases,ref  ] GC(99)   Notify Soft/WeakReferences: 0.1ms
[42.947s][debug][gc,phases,ref  ] GC(99)     SoftRef: skipped
[42.947s][debug][gc,phases,ref  ] GC(99)     WeakRef: skipped
[42.947s][debug][gc,phases,ref  ] GC(99)     FinalRef: skipped
[42.947s][debug][gc,phases,ref  ] GC(99)     Total: skipped
[42.947s][debug][gc,phases,ref  ] GC(99)   Notify and keep alive finalizable: 0.0ms
[42.947s][debug][gc,phases,ref  ] GC(99)     FinalRef: skipped
[42.947s][debug][gc,phases,ref  ] GC(99)   Notify PhantomReferences: 0.0ms
[42.948s][debug][gc,phases,ref  ] GC(99)     PhantomRef: skipped
[42.948s][debug][gc,phases,ref  ] GC(99)   SoftReference Discovered: 0, Dropped: 0, Processed: 0
[42.948s][debug][gc,phases,ref  ] GC(99)   WeakReference Discovered: 0, Dropped: 0, Processed: 0
[42.948s][debug][gc,phases,ref  ] GC(99)   FinalReference Discovered: 0, Dropped: 0, Processed: 0
[42.948s][debug][gc,phases,ref  ] GC(99)   PhantomReference Discovered: 0, Dropped: 0, Processed: 0
[42.948s][debug][gc,age         ] GC(99) Desired survivor size 2228224 bytes, new threshold 1 (max threshold 15)
[42.948s][info ][gc,heap        ] GC(99) DefNew: 39424K(39424K)->4351K(39424K) Eden: 35072K(35072K)->0K(35072K) From: 4352K(4352K)->4351K(4352K)
[42.948s][info ][gc,heap        ] GC(99) Tenured: 69582K(87424K)->70974K(87424K)
[42.948s][info ][gc,metaspace   ] GC(99) Metaspace: 8976K(9344K)->8976K(9344K) NonClass: 8043K(8256K)->8043K(8256K) Class: 933K(1088K)->933K(1088K)
[42.948s][debug][gc,heap        ] GC(99) Heap after GC invocations=98 (full 2):
[42.948s][debug][gc,heap        ] GC(99)  def new generation   total 39424K, used 4351K [0x0000000780000000, 0x0000000782ac0000, 0x00000007aaaa0000)
[42.948s][debug][gc,heap        ] GC(99)   eden space 35072K,   0% used [0x0000000780000000, 0x0000000780000000, 0x0000000782240000)
[42.948s][debug][gc,heap        ] GC(99)   from space 4352K,  99% used [0x0000000782680000, 0x0000000782abfff0, 0x0000000782ac0000)
[42.948s][debug][gc,heap        ] GC(99)   to   space 4352K,   0% used [0x0000000782240000, 0x0000000782240000, 0x0000000782680000)
[42.948s][debug][gc,heap        ] GC(99)  tenured generation   total 87424K, used 70974K [0x00000007aaaa0000, 0x00000007b0000000, 0x0000000800000000)
[42.948s][debug][gc,heap        ] GC(99)    the space 87424K,  81% used [0x00000007aaaa0000, 0x00000007aefef8e0, 0x00000007aefefa00, 0x00000007b0000000)
[42.948s][debug][gc,heap        ] GC(99)  Metaspace       used 8976K, committed 9344K, reserved 1114112K
[42.948s][debug][gc,heap        ] GC(99)   class space    used 933K, committed 1088K, reserved 1048576K
[42.948s][info ][gc             ] GC(99) Pause Young (Allocation Failure) 106M->73M(123M) 10.621ms
[42.948s][info ][gc,cpu         ] GC(99) User=0.01s Sys=0.00s Real=0.01s
[43.286s][info ][gc,start       ] GC(100) Pause Young (Allocation Failure)
[43.286s][debug][gc,heap        ] GC(100) Heap before GC invocations=98 (full 2):
[43.286s][debug][gc,heap        ] GC(100)  def new generation   total 39424K, used 39423K [0x0000000780000000, 0x0000000782ac0000, 0x00000007aaaa0000)
[43.286s][debug][gc,heap        ] GC(100)   eden space 35072K, 100% used [0x0000000780000000, 0x0000000782240000, 0x0000000782240000)
[43.286s][debug][gc,heap        ] GC(100)   from space 4352K,  99% used [0x0000000782680000, 0x0000000782abfff0, 0x0000000782ac0000)
[43.286s][debug][gc,heap        ] GC(100)   to   space 4352K,   0% used [0x0000000782240000, 0x0000000782240000, 0x0000000782680000)
[43.286s][debug][gc,heap        ] GC(100)  tenured generation   total 87424K, used 70974K [0x00000007aaaa0000, 0x00000007b0000000, 0x0000000800000000)
[43.286s][debug][gc,heap        ] GC(100)    the space 87424K,  81% used [0x00000007aaaa0000, 0x00000007aefef8e0, 0x00000007aefefa00, 0x00000007b0000000)
[43.286s][debug][gc,heap        ] GC(100)  Metaspace       used 8976K, committed 9344K, reserved 1114112K
[43.286s][debug][gc,heap        ] GC(100)   class space    used 933K, committed 1088K, reserved 1048576K
[43.286s][debug][gc,tlab        ] GC(100) TLAB totals: thrds: 1  refills: 45 max: 45 slow allocs: 6 max 6 waste:  0.1% gc: 0B max: 0B slow: 31032B max: 31032B
[43.297s][debug][gc,ref         ] GC(100) Skipped SoftWeakFinalRefsPhase of Reference Processing: no references
[43.297s][debug][gc,ref         ] GC(100) Skipped KeepAliveFinalRefsPhase of Reference Processing: no references
[43.297s][debug][gc,ref         ] GC(100) Skipped PhantomRefsPhase of Reference Processing: no references
[43.297s][debug][gc,phases,ref  ] GC(100) Reference Processing: 0.2ms
[43.297s][debug][gc,phases,ref  ] GC(100)   Notify Soft/WeakReferences: 0.1ms
[43.297s][debug][gc,phases,ref  ] GC(100)     SoftRef: skipped
[43.297s][debug][gc,phases,ref  ] GC(100)     WeakRef: skipped
[43.297s][debug][gc,phases,ref  ] GC(100)     FinalRef: skipped
[43.297s][debug][gc,phases,ref  ] GC(100)     Total: skipped
[43.297s][debug][gc,phases,ref  ] GC(100)   Notify and keep alive finalizable: 0.0ms
[43.297s][debug][gc,phases,ref  ] GC(100)     FinalRef: skipped
[43.297s][debug][gc,phases,ref  ] GC(100)   Notify PhantomReferences: 0.0ms
[43.297s][debug][gc,phases,ref  ] GC(100)     PhantomRef: skipped
[43.297s][debug][gc,phases,ref  ] GC(100)   SoftReference Discovered: 0, Dropped: 0, Processed: 0
[43.297s][debug][gc,phases,ref  ] GC(100)   WeakReference Discovered: 0, Dropped: 0, Processed: 0
[43.297s][debug][gc,phases,ref  ] GC(100)   FinalReference Discovered: 0, Dropped: 0, Processed: 0
[43.297s][debug][gc,phases,ref  ] GC(100)   PhantomReference Discovered: 0, Dropped: 0, Processed: 0
[43.297s][debug][gc,age         ] GC(100) Desired survivor size 2228224 bytes, new threshold 1 (max threshold 15)
[43.297s][info ][gc,heap        ] GC(100) DefNew: 39423K(39424K)->4352K(39424K) Eden: 35072K(35072K)->0K(35072K) From: 4351K(4352K)->4352K(4352K)
[43.297s][info ][gc,heap        ] GC(100) Tenured: 70974K(87424K)->71079K(87424K)
[43.297s][info ][gc,metaspace   ] GC(100) Metaspace: 8976K(9344K)->8976K(9344K) NonClass: 8043K(8256K)->8043K(8256K) Class: 933K(1088K)->933K(1088K)
[43.297s][debug][gc,heap        ] GC(100) Heap after GC invocations=99 (full 2):
[43.297s][debug][gc,heap        ] GC(100)  def new generation   total 39424K, used 4352K [0x0000000780000000, 0x0000000782ac0000, 0x00000007aaaa0000)
[43.298s][debug][gc,heap        ] GC(100)   eden space 35072K,   0% used [0x0000000780000000, 0x0000000780000000, 0x0000000782240000)
[43.298s][debug][gc,heap        ] GC(100)   from space 4352K, 100% used [0x0000000782240000, 0x0000000782680000, 0x0000000782680000)
[43.298s][debug][gc,heap        ] GC(100)   to   space 4352K,   0% used [0x0000000782680000, 0x0000000782680000, 0x0000000782ac0000)
[43.298s][debug][gc,heap        ] GC(100)  tenured generation   total 87424K, used 71079K [0x00000007aaaa0000, 0x00000007b0000000, 0x0000000800000000)
[43.298s][debug][gc,heap        ] GC(100)    the space 87424K,  81% used [0x00000007aaaa0000, 0x00000007af009fd8, 0x00000007af00a000, 0x00000007b0000000)
[43.298s][debug][gc,heap        ] GC(100)  Metaspace       used 8976K, committed 9344K, reserved 1114112K
[43.298s][debug][gc,heap        ] GC(100)   class space    used 933K, committed 1088K, reserved 1048576K
[43.298s][info ][gc             ] GC(100) Pause Young (Allocation Failure) 107M->73M(123M) 11.749ms
[43.298s][info ][gc,cpu         ] GC(100) User=0.01s Sys=0.00s Real=0.02s
[43.624s][info ][gc,start       ] GC(101) Pause Young (Allocation Failure)
[43.624s][debug][gc,heap        ] GC(101) Heap before GC invocations=99 (full 2):
[43.624s][debug][gc,heap        ] GC(101)  def new generation   total 39424K, used 39424K [0x0000000780000000, 0x0000000782ac0000, 0x00000007aaaa0000)
[43.624s][debug][gc,heap        ] GC(101)   eden space 35072K, 100% used [0x0000000780000000, 0x0000000782240000, 0x0000000782240000)
[43.624s][debug][gc,heap        ] GC(101)   from space 4352K, 100% used [0x0000000782240000, 0x0000000782680000, 0x0000000782680000)
[43.624s][debug][gc,heap        ] GC(101)   to   space 4352K,   0% used [0x0000000782680000, 0x0000000782680000, 0x0000000782ac0000)
[43.624s][debug][gc,heap        ] GC(101)  tenured generation   total 87424K, used 71079K [0x00000007aaaa0000, 0x00000007b0000000, 0x0000000800000000)
[43.624s][debug][gc,heap        ] GC(101)    the space 87424K,  81% used [0x00000007aaaa0000, 0x00000007af009fd8, 0x00000007af00a000, 0x00000007b0000000)
[43.624s][debug][gc,heap        ] GC(101)  Metaspace       used 8976K, committed 9344K, reserved 1114112K
[43.624s][debug][gc,heap        ] GC(101)   class space    used 933K, committed 1088K, reserved 1048576K
[43.624s][debug][gc,tlab        ] GC(101) TLAB totals: thrds: 4  refills: 90 max: 46 slow allocs: 19 max 14 waste:  0.2% gc: 6592B max: 2512B slow: 77336B max: 52968B
[43.628s][debug][gc,ref         ] GC(101) Skipped SoftWeakFinalRefsPhase of Reference Processing: no references
[43.628s][debug][gc,ref         ] GC(101) Skipped KeepAliveFinalRefsPhase of Reference Processing: no references
[43.628s][debug][gc,ref         ] GC(101) Skipped PhantomRefsPhase of Reference Processing: no references
[43.628s][debug][gc,phases,ref  ] GC(101) Reference Processing: 0.2ms
[43.628s][debug][gc,phases,ref  ] GC(101)   Notify Soft/WeakReferences: 0.2ms
[43.628s][debug][gc,phases,ref  ] GC(101)     SoftRef: skipped
[43.628s][debug][gc,phases,ref  ] GC(101)     WeakRef: skipped
[43.628s][debug][gc,phases,ref  ] GC(101)     FinalRef: skipped
[43.628s][debug][gc,phases,ref  ] GC(101)     Total: skipped
[43.628s][debug][gc,phases,ref  ] GC(101)   Notify and keep alive finalizable: 0.0ms
[43.628s][debug][gc,phases,ref  ] GC(101)     FinalRef: skipped
[43.628s][debug][gc,phases,ref  ] GC(101)   Notify PhantomReferences: 0.0ms
[43.628s][debug][gc,phases,ref  ] GC(101)     PhantomRef: skipped
[43.628s][debug][gc,phases,ref  ] GC(101)   SoftReference Discovered: 0, Dropped: 0, Processed: 0
[43.628s][debug][gc,phases,ref  ] GC(101)   WeakReference Discovered: 0, Dropped: 0, Processed: 0
[43.628s][debug][gc,phases,ref  ] GC(101)   FinalReference Discovered: 0, Dropped: 0, Processed: 0
[43.629s][debug][gc,phases,ref  ] GC(101)   PhantomReference Discovered: 0, Dropped: 0, Processed: 0
[43.629s][debug][gc,age         ] GC(101) Desired survivor size 2228224 bytes, new threshold 1 (max threshold 15)
[43.629s][info ][gc,heap        ] GC(101) DefNew: 39424K(39424K)->2766K(39424K) Eden: 35072K(35072K)->0K(35072K) From: 4352K(4352K)->2766K(4352K)
[43.629s][info ][gc,heap        ] GC(101) Tenured: 71079K(87424K)->71079K(87424K)
[43.629s][info ][gc,metaspace   ] GC(101) Metaspace: 8976K(9344K)->8976K(9344K) NonClass: 8043K(8256K)->8043K(8256K) Class: 933K(1088K)->933K(1088K)
[43.629s][debug][gc,heap        ] GC(101) Heap after GC invocations=100 (full 2):
[43.629s][debug][gc,heap        ] GC(101)  def new generation   total 39424K, used 2766K [0x0000000780000000, 0x0000000782ac0000, 0x00000007aaaa0000)
[43.629s][debug][gc,heap        ] GC(101)   eden space 35072K,   0% used [0x0000000780000000, 0x0000000780000000, 0x0000000782240000)
[43.629s][debug][gc,heap        ] GC(101)   from space 4352K,  63% used [0x0000000782680000, 0x0000000782933b78, 0x0000000782ac0000)
[43.629s][debug][gc,heap        ] GC(101)   to   space 4352K,   0% used [0x0000000782240000, 0x0000000782240000, 0x0000000782680000)
[43.629s][debug][gc,heap        ] GC(101)  tenured generation   total 87424K, used 71079K [0x00000007aaaa0000, 0x00000007b0000000, 0x0000000800000000)
[43.629s][debug][gc,heap        ] GC(101)    the space 87424K,  81% used [0x00000007aaaa0000, 0x00000007af009fd8, 0x00000007af00a000, 0x00000007b0000000)
[43.629s][debug][gc,heap        ] GC(101)  Metaspace       used 8976K, committed 9344K, reserved 1114112K
[43.629s][debug][gc,heap        ] GC(101)   class space    used 933K, committed 1088K, reserved 1048576K
[43.629s][info ][gc             ] GC(101) Pause Young (Allocation Failure) 107M->72M(123M) 5.166ms
[43.629s][info ][gc,cpu         ] GC(101) User=0.01s Sys=0.00s Real=0.01s
[43.966s][info ][gc,start       ] GC(102) Pause Young (Allocation Failure)
[43.966s][debug][gc,heap        ] GC(102) Heap before GC invocations=100 (full 2):
[43.966s][debug][gc,heap        ] GC(102)  def new generation   total 39424K, used 37838K [0x0000000780000000, 0x0000000782ac0000, 0x00000007aaaa0000)
[43.966s][debug][gc,heap        ] GC(102)   eden space 35072K, 100% used [0x0000000780000000, 0x0000000782240000, 0x0000000782240000)
[43.966s][debug][gc,heap        ] GC(102)   from space 4352K,  63% used [0x0000000782680000, 0x0000000782933b78, 0x0000000782ac0000)
[43.966s][debug][gc,heap        ] GC(102)   to   space 4352K,   0% used [0x0000000782240000, 0x0000000782240000, 0x0000000782680000)
[43.966s][debug][gc,heap        ] GC(102)  tenured generation   total 87424K, used 71079K [0x00000007aaaa0000, 0x00000007b0000000, 0x0000000800000000)
[43.966s][debug][gc,heap        ] GC(102)    the space 87424K,  81% used [0x00000007aaaa0000, 0x00000007af009fd8, 0x00000007af00a000, 0x00000007b0000000)
[43.966s][debug][gc,heap        ] GC(102)  Metaspace       used 8976K, committed 9344K, reserved 1114112K
[43.966s][debug][gc,heap        ] GC(102)   class space    used 933K, committed 1088K, reserved 1048576K
[43.966s][debug][gc,tlab        ] GC(102) TLAB totals: thrds: 1  refills: 45 max: 45 slow allocs: 7 max 7 waste:  0.5% gc: 122616B max: 122616B slow: 25648B max: 25648B
[43.969s][debug][gc,ref         ] GC(102) Skipped SoftWeakFinalRefsPhase of Reference Processing: no references
[43.969s][debug][gc,ref         ] GC(102) Skipped KeepAliveFinalRefsPhase of Reference Processing: no references
[43.969s][debug][gc,ref         ] GC(102) Skipped PhantomRefsPhase of Reference Processing: no references
[43.969s][debug][gc,phases,ref  ] GC(102) Reference Processing: 0.1ms
[43.969s][debug][gc,phases,ref  ] GC(102)   Notify Soft/WeakReferences: 0.1ms
[43.969s][debug][gc,phases,ref  ] GC(102)     SoftRef: skipped
[43.969s][debug][gc,phases,ref  ] GC(102)     WeakRef: skipped
[43.969s][debug][gc,phases,ref  ] GC(102)     FinalRef: skipped
[43.969s][debug][gc,phases,ref  ] GC(102)     Total: skipped
[43.969s][debug][gc,phases,ref  ] GC(102)   Notify and keep alive finalizable: 0.0ms
[43.969s][debug][gc,phases,ref  ] GC(102)     FinalRef: skipped
[43.969s][debug][gc,phases,ref  ] GC(102)   Notify PhantomReferences: 0.0ms
[43.969s][debug][gc,phases,ref  ] GC(102)     PhantomRef: skipped
[43.970s][debug][gc,phases,ref  ] GC(102)   SoftReference Discovered: 0, Dropped: 0, Processed: 0
[43.970s][debug][gc,phases,ref  ] GC(102)   WeakReference Discovered: 0, Dropped: 0, Processed: 0
[43.970s][debug][gc,phases,ref  ] GC(102)   FinalReference Discovered: 0, Dropped: 0, Processed: 0
[43.970s][debug][gc,phases,ref  ] GC(102)   PhantomReference Discovered: 0, Dropped: 0, Processed: 0
[43.970s][debug][gc,age         ] GC(102) Desired survivor size 2228224 bytes, new threshold 15 (max threshold 15)
[43.970s][info ][gc,heap        ] GC(102) DefNew: 37838K(39424K)->1302K(39424K) Eden: 35072K(35072K)->0K(35072K) From: 2766K(4352K)->1302K(4352K)
[43.970s][info ][gc,heap        ] GC(102) Tenured: 71079K(87424K)->71079K(87424K)
[43.970s][info ][gc,metaspace   ] GC(102) Metaspace: 8976K(9344K)->8976K(9344K) NonClass: 8043K(8256K)->8043K(8256K) Class: 933K(1088K)->933K(1088K)
[43.970s][debug][gc,heap        ] GC(102) Heap after GC invocations=101 (full 2):
[43.970s][debug][gc,heap        ] GC(102)  def new generation   total 39424K, used 1302K [0x0000000780000000, 0x0000000782ac0000, 0x00000007aaaa0000)
[43.970s][debug][gc,heap        ] GC(102)   eden space 35072K,   0% used [0x0000000780000000, 0x0000000780000000, 0x0000000782240000)
[43.970s][debug][gc,heap        ] GC(102)   from space 4352K,  29% used [0x0000000782240000, 0x0000000782385980, 0x0000000782680000)
[43.970s][debug][gc,heap        ] GC(102)   to   space 4352K,   0% used [0x0000000782680000, 0x0000000782680000, 0x0000000782ac0000)
[43.970s][debug][gc,heap        ] GC(102)  tenured generation   total 87424K, used 71079K [0x00000007aaaa0000, 0x00000007b0000000, 0x0000000800000000)
[43.970s][debug][gc,heap        ] GC(102)    the space 87424K,  81% used [0x00000007aaaa0000, 0x00000007af009fd8, 0x00000007af00a000, 0x00000007b0000000)
[43.970s][debug][gc,heap        ] GC(102)  Metaspace       used 8976K, committed 9344K, reserved 1114112K
[43.970s][debug][gc,heap        ] GC(102)   class space    used 933K, committed 1088K, reserved 1048576K
[43.970s][info ][gc             ] GC(102) Pause Young (Allocation Failure) 106M->70M(123M) 4.231ms
[43.970s][info ][gc,cpu         ] GC(102) User=0.01s Sys=0.00s Real=0.01s
[44.203s][info ][gc,start       ] GC(103) Pause Young (Allocation Failure)
[44.203s][debug][gc,heap        ] GC(103) Heap before GC invocations=101 (full 2):
[44.203s][debug][gc,heap        ] GC(103)  def new generation   total 39424K, used 35943K [0x0000000780000000, 0x0000000782ac0000, 0x00000007aaaa0000)
[44.203s][debug][gc,heap        ] GC(103)   eden space 35072K,  98% used [0x0000000780000000, 0x00000007821d45f8, 0x0000000782240000)
[44.203s][debug][gc,heap        ] GC(103)   from space 4352K,  29% used [0x0000000782240000, 0x0000000782385980, 0x0000000782680000)
[44.203s][debug][gc,heap        ] GC(103)   to   space 4352K,   0% used [0x0000000782680000, 0x0000000782680000, 0x0000000782ac0000)
[44.203s][debug][gc,heap        ] GC(103)  tenured generation   total 87424K, used 71079K [0x00000007aaaa0000, 0x00000007b0000000, 0x0000000800000000)
[44.203s][debug][gc,heap        ] GC(103)    the space 87424K,  81% used [0x00000007aaaa0000, 0x00000007af009fd8, 0x00000007af00a000, 0x00000007b0000000)
[44.203s][debug][gc,heap        ] GC(103)  Metaspace       used 8976K, committed 9344K, reserved 1114112K
[44.203s][debug][gc,heap        ] GC(103)   class space    used 933K, committed 1088K, reserved 1048576K
[44.203s][debug][gc,tlab        ] GC(103) TLAB totals: thrds: 1  refills: 44 max: 44 slow allocs: 8 max 8 waste:  2.0% gc: 609928B max: 609928B slow: 25248B max: 25248B
[44.222s][debug][gc,ref         ] GC(103) Skipped SoftWeakFinalRefsPhase of Reference Processing: no references
[44.223s][debug][gc,ref         ] GC(103) Skipped KeepAliveFinalRefsPhase of Reference Processing: no references
[44.223s][debug][gc,ref         ] GC(103) Skipped PhantomRefsPhase of Reference Processing: no references
[44.223s][debug][gc,phases,ref  ] GC(103) Reference Processing: 0.1ms
[44.223s][debug][gc,phases,ref  ] GC(103)   Notify Soft/WeakReferences: 0.1ms
[44.223s][debug][gc,phases,ref  ] GC(103)     SoftRef: skipped
[44.223s][debug][gc,phases,ref  ] GC(103)     WeakRef: skipped
[44.223s][debug][gc,phases,ref  ] GC(103)     FinalRef: skipped
[44.223s][debug][gc,phases,ref  ] GC(103)     Total: skipped
[44.223s][debug][gc,phases,ref  ] GC(103)   Notify and keep alive finalizable: 0.0ms
[44.223s][debug][gc,phases,ref  ] GC(103)     FinalRef: skipped
[44.223s][debug][gc,phases,ref  ] GC(103)   Notify PhantomReferences: 0.0ms
[44.223s][debug][gc,phases,ref  ] GC(103)     PhantomRef: skipped
[44.223s][debug][gc,phases,ref  ] GC(103)   SoftReference Discovered: 0, Dropped: 0, Processed: 0
[44.223s][debug][gc,phases,ref  ] GC(103)   WeakReference Discovered: 0, Dropped: 0, Processed: 0
[44.223s][debug][gc,phases,ref  ] GC(103)   FinalReference Discovered: 0, Dropped: 0, Processed: 0
[44.223s][debug][gc,phases,ref  ] GC(103)   PhantomReference Discovered: 0, Dropped: 0, Processed: 0
[44.223s][debug][gc,age         ] GC(103) Desired survivor size 2228224 bytes, new threshold 1 (max threshold 15)
[44.223s][info ][gc,heap        ] GC(103) DefNew: 35943K(39424K)->4351K(39424K) Eden: 34641K(35072K)->0K(35072K) From: 1302K(4352K)->4351K(4352K)
[44.223s][info ][gc,heap        ] GC(103) Tenured: 71079K(87424K)->77214K(87424K)
[44.223s][info ][gc,metaspace   ] GC(103) Metaspace: 8976K(9344K)->8976K(9344K) NonClass: 8043K(8256K)->8043K(8256K) Class: 933K(1088K)->933K(1088K)
[44.223s][debug][gc,heap        ] GC(103) Heap after GC invocations=102 (full 2):
[44.223s][debug][gc,heap        ] GC(103)  def new generation   total 39424K, used 4351K [0x0000000780000000, 0x0000000782ac0000, 0x00000007aaaa0000)
[44.223s][debug][gc,heap        ] GC(103)   eden space 35072K,   0% used [0x0000000780000000, 0x0000000780000000, 0x0000000782240000)
[44.223s][debug][gc,heap        ] GC(103)   from space 4352K,  99% used [0x0000000782680000, 0x0000000782abfff8, 0x0000000782ac0000)
[44.223s][debug][gc,heap        ] GC(103)   to   space 4352K,   0% used [0x0000000782240000, 0x0000000782240000, 0x0000000782680000)
[44.223s][debug][gc,heap        ] GC(103)  tenured generation   total 87424K, used 77214K [0x00000007aaaa0000, 0x00000007b0000000, 0x0000000800000000)
[44.223s][debug][gc,heap        ] GC(103)    the space 87424K,  88% used [0x00000007aaaa0000, 0x00000007af607960, 0x00000007af607a00, 0x00000007b0000000)
[44.223s][debug][gc,heap        ] GC(103)  Metaspace       used 8976K, committed 9344K, reserved 1114112K
[44.223s][debug][gc,heap        ] GC(103)   class space    used 933K, committed 1088K, reserved 1048576K
[44.223s][info ][gc             ] GC(103) Pause Young (Allocation Failure) 104M->79M(123M) 19.943ms
[44.223s][info ][gc,cpu         ] GC(103) User=0.02s Sys=0.00s Real=0.02s
[44.558s][info ][gc,start       ] GC(104) Pause Young (Allocation Failure)
[44.558s][debug][gc,heap        ] GC(104) Heap before GC invocations=102 (full 2):
[44.558s][debug][gc,heap        ] GC(104)  def new generation   total 39424K, used 39423K [0x0000000780000000, 0x0000000782ac0000, 0x00000007aaaa0000)
[44.558s][debug][gc,heap        ] GC(104)   eden space 35072K, 100% used [0x0000000780000000, 0x0000000782240000, 0x0000000782240000)
[44.558s][debug][gc,heap        ] GC(104)   from space 4352K,  99% used [0x0000000782680000, 0x0000000782abfff8, 0x0000000782ac0000)
[44.558s][debug][gc,heap        ] GC(104)   to   space 4352K,   0% used [0x0000000782240000, 0x0000000782240000, 0x0000000782680000)
[44.558s][debug][gc,heap        ] GC(104)  tenured generation   total 87424K, used 77214K [0x00000007aaaa0000, 0x00000007b0000000, 0x0000000800000000)
[44.558s][debug][gc,heap        ] GC(104)    the space 87424K,  88% used [0x00000007aaaa0000, 0x00000007af607960, 0x00000007af607a00, 0x00000007b0000000)
[44.559s][debug][gc,heap        ] GC(104)  Metaspace       used 8976K, committed 9344K, reserved 1114112K
[44.559s][debug][gc,heap        ] GC(104)   class space    used 933K, committed 1088K, reserved 1048576K
[44.559s][debug][gc,tlab        ] GC(104) TLAB totals: thrds: 1  refills: 46 max: 46 slow allocs: 3 max 3 waste:  0.1% gc: 0B max: 0B slow: 26888B max: 26888B
[44.573s][debug][gc,ref         ] GC(104) Skipped SoftWeakFinalRefsPhase of Reference Processing: no references
[44.573s][debug][gc,ref         ] GC(104) Skipped KeepAliveFinalRefsPhase of Reference Processing: no references
[44.573s][debug][gc,ref         ] GC(104) Skipped PhantomRefsPhase of Reference Processing: no references
[44.573s][debug][gc,phases,ref  ] GC(104) Reference Processing: 0.1ms
[44.573s][debug][gc,phases,ref  ] GC(104)   Notify Soft/WeakReferences: 0.1ms
[44.573s][debug][gc,phases,ref  ] GC(104)     SoftRef: skipped
[44.573s][debug][gc,phases,ref  ] GC(104)     WeakRef: skipped
[44.573s][debug][gc,phases,ref  ] GC(104)     FinalRef: skipped
[44.573s][debug][gc,phases,ref  ] GC(104)     Total: skipped
[44.573s][debug][gc,phases,ref  ] GC(104)   Notify and keep alive finalizable: 0.0ms
[44.573s][debug][gc,phases,ref  ] GC(104)     FinalRef: skipped
[44.573s][debug][gc,phases,ref  ] GC(104)   Notify PhantomReferences: 0.0ms
[44.573s][debug][gc,phases,ref  ] GC(104)     PhantomRef: skipped
[44.573s][debug][gc,phases,ref  ] GC(104)   SoftReference Discovered: 0, Dropped: 0, Processed: 0
[44.573s][debug][gc,phases,ref  ] GC(104)   WeakReference Discovered: 0, Dropped: 0, Processed: 0
[44.573s][debug][gc,phases,ref  ] GC(104)   FinalReference Discovered: 0, Dropped: 0, Processed: 0
[44.573s][debug][gc,phases,ref  ] GC(104)   PhantomReference Discovered: 0, Dropped: 0, Processed: 0
[44.573s][debug][gc,age         ] GC(104) Desired survivor size 2228224 bytes, new threshold 1 (max threshold 15)
[44.573s][info ][gc,heap        ] GC(104) DefNew: 39423K(39424K)->4351K(39424K) Eden: 35072K(35072K)->0K(35072K) From: 4351K(4352K)->4351K(4352K)
[44.573s][info ][gc,heap        ] GC(104) Tenured: 77214K(87424K)->81810K(87424K)
[44.573s][info ][gc,metaspace   ] GC(104) Metaspace: 8976K(9344K)->8976K(9344K) NonClass: 8043K(8256K)->8043K(8256K) Class: 933K(1088K)->933K(1088K)
[44.573s][debug][gc,heap        ] GC(104) Heap after GC invocations=103 (full 2):
[44.573s][debug][gc,heap        ] GC(104)  def new generation   total 39424K, used 4351K [0x0000000780000000, 0x0000000782ac0000, 0x00000007aaaa0000)
[44.573s][debug][gc,heap        ] GC(104)   eden space 35072K,   0% used [0x0000000780000000, 0x0000000780000000, 0x0000000782240000)
[44.573s][debug][gc,heap        ] GC(104)   from space 4352K,  99% used [0x0000000782240000, 0x000000078267fff8, 0x0000000782680000)
[44.573s][debug][gc,heap        ] GC(104)   to   space 4352K,   0% used [0x0000000782680000, 0x0000000782680000, 0x0000000782ac0000)
[44.573s][debug][gc,heap        ] GC(104)  tenured generation   total 87424K, used 81810K [0x00000007aaaa0000, 0x00000007b0000000, 0x0000000800000000)
[44.573s][debug][gc,heap        ] GC(104)    the space 87424K,  93% used [0x00000007aaaa0000, 0x00000007afa84af0, 0x00000007afa84c00, 0x00000007b0000000)
[44.574s][debug][gc,heap        ] GC(104)  Metaspace       used 8976K, committed 9344K, reserved 1114112K
[44.574s][debug][gc,heap        ] GC(104)   class space    used 933K, committed 1088K, reserved 1048576K
[44.574s][info ][gc             ] GC(104) Pause Young (Allocation Failure) 113M->84M(123M) 15.331ms
[44.574s][info ][gc,cpu         ] GC(104) User=0.01s Sys=0.00s Real=0.01s
[44.914s][info ][gc,start       ] GC(105) Pause Young (Allocation Failure)
[44.914s][debug][gc,heap        ] GC(105) Heap before GC invocations=103 (full 2):
[44.914s][debug][gc,heap        ] GC(105)  def new generation   total 39424K, used 39423K [0x0000000780000000, 0x0000000782ac0000, 0x00000007aaaa0000)
[44.914s][debug][gc,heap        ] GC(105)   eden space 35072K, 100% used [0x0000000780000000, 0x0000000782240000, 0x0000000782240000)
[44.915s][debug][gc,heap        ] GC(105)   from space 4352K,  99% used [0x0000000782240000, 0x000000078267fff8, 0x0000000782680000)
[44.915s][debug][gc,heap        ] GC(105)   to   space 4352K,   0% used [0x0000000782680000, 0x0000000782680000, 0x0000000782ac0000)
[44.915s][debug][gc,heap        ] GC(105)  tenured generation   total 87424K, used 81810K [0x00000007aaaa0000, 0x00000007b0000000, 0x0000000800000000)
[44.915s][debug][gc,heap        ] GC(105)    the space 87424K,  93% used [0x00000007aaaa0000, 0x00000007afa84af0, 0x00000007afa84c00, 0x00000007b0000000)
[44.915s][debug][gc,heap        ] GC(105)  Metaspace       used 8977K, committed 9344K, reserved 1114112K
[44.915s][debug][gc,heap        ] GC(105)   class space    used 933K, committed 1088K, reserved 1048576K
[44.915s][debug][gc,tlab        ] GC(105) TLAB totals: thrds: 4  refills: 94 max: 44 slow allocs: 30 max 14 waste:  0.2% gc: 6824B max: 2504B slow: 53480B max: 25536B
[44.929s][debug][gc,ref         ] GC(105) Skipped SoftWeakFinalRefsPhase of Reference Processing: no references
[44.929s][debug][gc,ref         ] GC(105) Skipped KeepAliveFinalRefsPhase of Reference Processing: no references
[44.930s][debug][gc,ref         ] GC(105) Skipped PhantomRefsPhase of Reference Processing: no references
[44.930s][debug][gc,phases,ref  ] GC(105) Reference Processing: 0.1ms
[44.930s][debug][gc,phases,ref  ] GC(105)   Notify Soft/WeakReferences: 0.1ms
[44.930s][debug][gc,phases,ref  ] GC(105)     SoftRef: skipped
[44.930s][debug][gc,phases,ref  ] GC(105)     WeakRef: skipped
[44.930s][debug][gc,phases,ref  ] GC(105)     FinalRef: skipped
[44.930s][debug][gc,phases,ref  ] GC(105)     Total: skipped
[44.930s][debug][gc,phases,ref  ] GC(105)   Notify and keep alive finalizable: 0.0ms
[44.930s][debug][gc,phases,ref  ] GC(105)     FinalRef: skipped
[44.930s][debug][gc,phases,ref  ] GC(105)   Notify PhantomReferences: 0.0ms
[44.930s][debug][gc,phases,ref  ] GC(105)     PhantomRef: skipped
[44.930s][debug][gc,phases,ref  ] GC(105)   SoftReference Discovered: 0, Dropped: 0, Processed: 0
[44.930s][debug][gc,phases,ref  ] GC(105)   WeakReference Discovered: 0, Dropped: 0, Processed: 0
[44.930s][debug][gc,phases,ref  ] GC(105)   FinalReference Discovered: 0, Dropped: 0, Processed: 0
[44.930s][debug][gc,phases,ref  ] GC(105)   PhantomReference Discovered: 0, Dropped: 0, Processed: 0
[44.930s][debug][gc,age         ] GC(105) Desired survivor size 2228224 bytes, new threshold 1 (max threshold 15)
[44.930s][info ][gc,heap        ] GC(105) DefNew: 39423K(39424K)->4352K(39424K) Eden: 35072K(35072K)->0K(35072K) From: 4351K(4352K)->4352K(4352K)
[44.930s][info ][gc,heap        ] GC(105) Tenured: 81810K(87424K)->84726K(87424K)
[44.930s][info ][gc,metaspace   ] GC(105) Metaspace: 8977K(9344K)->8977K(9344K) NonClass: 8043K(8256K)->8043K(8256K) Class: 933K(1088K)->933K(1088K)
[44.930s][debug][gc,heap        ] GC(105) Heap after GC invocations=104 (full 2):
[44.930s][debug][gc,heap        ] GC(105)  def new generation   total 39424K, used 4352K [0x0000000780000000, 0x0000000782ac0000, 0x00000007aaaa0000)
[44.930s][debug][gc,heap        ] GC(105)   eden space 35072K,   0% used [0x0000000780000000, 0x0000000780000000, 0x0000000782240000)
[44.930s][debug][gc,heap        ] GC(105)   from space 4352K, 100% used [0x0000000782680000, 0x0000000782ac0000, 0x0000000782ac0000)
[44.930s][debug][gc,heap        ] GC(105)   to   space 4352K,   0% used [0x0000000782240000, 0x0000000782240000, 0x0000000782680000)
[44.930s][debug][gc,heap        ] GC(105)  tenured generation   total 87424K, used 84726K [0x00000007aaaa0000, 0x00000007b0000000, 0x0000000800000000)
[44.930s][debug][gc,heap        ] GC(105)    the space 87424K,  96% used [0x00000007aaaa0000, 0x00000007afd5d928, 0x00000007afd5da00, 0x00000007b0000000)
[44.930s][debug][gc,heap        ] GC(105)  Metaspace       used 8977K, committed 9344K, reserved 1114112K
[44.930s][debug][gc,heap        ] GC(105)   class space    used 933K, committed 1088K, reserved 1048576K
[44.930s][info ][gc             ] GC(105) Pause Young (Allocation Failure) 118M->86M(123M) 15.897ms
[44.930s][info ][gc,cpu         ] GC(105) User=0.02s Sys=0.00s Real=0.02s
[45.266s][info ][gc,start       ] GC(106) Pause Young (Allocation Failure)
[45.266s][debug][gc,heap        ] GC(106) Heap before GC invocations=104 (full 2):
[45.266s][debug][gc,heap        ] GC(106)  def new generation   total 39424K, used 39424K [0x0000000780000000, 0x0000000782ac0000, 0x00000007aaaa0000)
[45.266s][debug][gc,heap        ] GC(106)   eden space 35072K, 100% used [0x0000000780000000, 0x0000000782240000, 0x0000000782240000)
[45.266s][debug][gc,heap        ] GC(106)   from space 4352K, 100% used [0x0000000782680000, 0x0000000782ac0000, 0x0000000782ac0000)
[45.267s][debug][gc,heap        ] GC(106)   to   space 4352K,   0% used [0x0000000782240000, 0x0000000782240000, 0x0000000782680000)
[45.267s][debug][gc,heap        ] GC(106)  tenured generation   total 87424K, used 84726K [0x00000007aaaa0000, 0x00000007b0000000, 0x0000000800000000)
[45.267s][debug][gc,heap        ] GC(106)    the space 87424K,  96% used [0x00000007aaaa0000, 0x00000007afd5d928, 0x00000007afd5da00, 0x00000007b0000000)
[45.267s][debug][gc,heap        ] GC(106)  Metaspace       used 8977K, committed 9344K, reserved 1114112K
[45.267s][debug][gc,heap        ] GC(106)   class space    used 933K, committed 1088K, reserved 1048576K
[45.267s][debug][gc,tlab        ] GC(106) TLAB totals: thrds: 1  refills: 44 max: 44 slow allocs: 11 max 11 waste:  0.1% gc: 0B max: 0B slow: 28288B max: 28288B
[45.277s][debug][gc,ref         ] GC(106) Skipped SoftWeakFinalRefsPhase of Reference Processing: no references
[45.277s][debug][gc,ref         ] GC(106) Skipped KeepAliveFinalRefsPhase of Reference Processing: no references
[45.277s][debug][gc,ref         ] GC(106) Skipped PhantomRefsPhase of Reference Processing: no references
[45.277s][debug][gc,phases,ref  ] GC(106) Reference Processing: 0.1ms
[45.277s][debug][gc,phases,ref  ] GC(106)   Notify Soft/WeakReferences: 0.1ms
[45.277s][debug][gc,phases,ref  ] GC(106)     SoftRef: skipped
[45.277s][debug][gc,phases,ref  ] GC(106)     WeakRef: skipped
[45.277s][debug][gc,phases,ref  ] GC(106)     FinalRef: skipped
[45.277s][debug][gc,phases,ref  ] GC(106)     Total: skipped
[45.277s][debug][gc,phases,ref  ] GC(106)   Notify and keep alive finalizable: 0.0ms
[45.277s][debug][gc,phases,ref  ] GC(106)     FinalRef: skipped
[45.277s][debug][gc,phases,ref  ] GC(106)   Notify PhantomReferences: 0.0ms
[45.277s][debug][gc,phases,ref  ] GC(106)     PhantomRef: skipped
[45.277s][debug][gc,phases,ref  ] GC(106)   SoftReference Discovered: 0, Dropped: 0, Processed: 0
[45.277s][debug][gc,phases,ref  ] GC(106)   WeakReference Discovered: 0, Dropped: 0, Processed: 0
[45.277s][debug][gc,phases,ref  ] GC(106)   FinalReference Discovered: 0, Dropped: 0, Processed: 0
[45.277s][debug][gc,phases,ref  ] GC(106)   PhantomReference Discovered: 0, Dropped: 0, Processed: 0
[45.277s][debug][gc,age         ] GC(106) Desired survivor size 2228224 bytes, new threshold 1 (max threshold 15)
[45.277s][info ][gc,heap        ] GC(106) DefNew: 39424K(39424K)->4351K(39424K) Eden: 35072K(35072K)->0K(35072K) From: 4352K(4352K)->4351K(4352K)
[45.277s][info ][gc,heap        ] GC(106) Tenured: 84726K(87424K)->86102K(87424K)
[45.277s][info ][gc,metaspace   ] GC(106) Metaspace: 8977K(9344K)->8977K(9344K) NonClass: 8043K(8256K)->8043K(8256K) Class: 933K(1088K)->933K(1088K)
[45.277s][debug][gc,heap        ] GC(106) Heap after GC invocations=105 (full 2):
[45.277s][debug][gc,heap        ] GC(106)  def new generation   total 39424K, used 4351K [0x0000000780000000, 0x0000000782ac0000, 0x00000007aaaa0000)
[45.277s][debug][gc,heap        ] GC(106)   eden space 35072K,   0% used [0x0000000780000000, 0x0000000780000000, 0x0000000782240000)
[45.277s][debug][gc,heap        ] GC(106)   from space 4352K,  99% used [0x0000000782240000, 0x000000078267fff0, 0x0000000782680000)
[45.277s][debug][gc,heap        ] GC(106)   to   space 4352K,   0% used [0x0000000782680000, 0x0000000782680000, 0x0000000782ac0000)
[45.277s][debug][gc,heap        ] GC(106)  tenured generation   total 87424K, used 86102K [0x00000007aaaa0000, 0x00000007b0000000, 0x0000000800000000)
[45.277s][debug][gc,heap        ] GC(106)    the space 87424K,  98% used [0x00000007aaaa0000, 0x00000007afeb5a00, 0x00000007afeb5a00, 0x00000007b0000000)
[45.277s][debug][gc,heap        ] GC(106)  Metaspace       used 8977K, committed 9344K, reserved 1114112K
[45.277s][debug][gc,heap        ] GC(106)   class space    used 933K, committed 1088K, reserved 1048576K
[45.277s][info ][gc             ] GC(106) Pause Young (Allocation Failure) 121M->88M(123M) 11.316ms
[45.278s][info ][gc,cpu         ] GC(106) User=0.01s Sys=0.01s Real=0.02s
[45.614s][info ][gc,start       ] GC(107) Pause Young (Allocation Failure)
[45.614s][debug][gc,heap        ] GC(107) Heap before GC invocations=105 (full 2):
[45.614s][debug][gc,heap        ] GC(107)  def new generation   total 39424K, used 39423K [0x0000000780000000, 0x0000000782ac0000, 0x00000007aaaa0000)
[45.614s][debug][gc,heap        ] GC(107)   eden space 35072K, 100% used [0x0000000780000000, 0x0000000782240000, 0x0000000782240000)
[45.614s][debug][gc,heap        ] GC(107)   from space 4352K,  99% used [0x0000000782240000, 0x000000078267fff0, 0x0000000782680000)
[45.614s][debug][gc,heap        ] GC(107)   to   space 4352K,   0% used [0x0000000782680000, 0x0000000782680000, 0x0000000782ac0000)
[45.614s][debug][gc,heap        ] GC(107)  tenured generation   total 87424K, used 86102K [0x00000007aaaa0000, 0x00000007b0000000, 0x0000000800000000)
[45.614s][debug][gc,heap        ] GC(107)    the space 87424K,  98% used [0x00000007aaaa0000, 0x00000007afeb5a00, 0x00000007afeb5a00, 0x00000007b0000000)
[45.614s][debug][gc,heap        ] GC(107)  Metaspace       used 8983K, committed 9344K, reserved 1114112K
[45.614s][debug][gc,heap        ] GC(107)   class space    used 934K, committed 1088K, reserved 1048576K
[45.614s][debug][gc,tlab        ] GC(107) TLAB totals: thrds: 4  refills: 99 max: 44 slow allocs: 37 max 18 waste:  0.2% gc: 6784B max: 2576B slow: 64400B max: 33344B
[45.621s][debug][gc,ref         ] GC(107) Skipped SoftWeakFinalRefsPhase of Reference Processing: no references
[45.621s][debug][gc,ref         ] GC(107) Skipped KeepAliveFinalRefsPhase of Reference Processing: no references
[45.621s][debug][gc,ref         ] GC(107) Skipped PhantomRefsPhase of Reference Processing: no references
[45.621s][debug][gc,phases,ref  ] GC(107) Reference Processing: 0.1ms
[45.621s][debug][gc,phases,ref  ] GC(107)   Notify Soft/WeakReferences: 0.1ms
[45.621s][debug][gc,phases,ref  ] GC(107)     SoftRef: skipped
[45.621s][debug][gc,phases,ref  ] GC(107)     WeakRef: skipped
[45.621s][debug][gc,phases,ref  ] GC(107)     FinalRef: skipped
[45.621s][debug][gc,phases,ref  ] GC(107)     Total: skipped
[45.621s][debug][gc,phases,ref  ] GC(107)   Notify and keep alive finalizable: 0.0ms
[45.621s][debug][gc,phases,ref  ] GC(107)     FinalRef: skipped
[45.621s][debug][gc,phases,ref  ] GC(107)   Notify PhantomReferences: 0.0ms
[45.621s][debug][gc,phases,ref  ] GC(107)     PhantomRef: skipped
[45.621s][debug][gc,phases,ref  ] GC(107)   SoftReference Discovered: 0, Dropped: 0, Processed: 0
[45.621s][debug][gc,phases,ref  ] GC(107)   WeakReference Discovered: 0, Dropped: 0, Processed: 0
[45.621s][debug][gc,phases,ref  ] GC(107)   FinalReference Discovered: 0, Dropped: 0, Processed: 0
[45.621s][debug][gc,phases,ref  ] GC(107)   PhantomReference Discovered: 0, Dropped: 0, Processed: 0
[45.621s][debug][gc,age         ] GC(107) Desired survivor size 2228224 bytes, new threshold 1 (max threshold 15)
[45.621s][info ][gc,heap        ] GC(107) DefNew: 39423K(39424K)->4276K(39424K) Eden: 35072K(35072K)->0K(35072K) From: 4351K(4352K)->4276K(4352K)
[45.621s][info ][gc,heap        ] GC(107) Tenured: 86102K(87424K)->86102K(87424K)
[45.621s][info ][gc,metaspace   ] GC(107) Metaspace: 8983K(9344K)->8983K(9344K) NonClass: 8048K(8256K)->8048K(8256K) Class: 934K(1088K)->934K(1088K)
[45.621s][debug][gc,heap        ] GC(107) Heap after GC invocations=106 (full 2):
[45.621s][debug][gc,heap        ] GC(107)  def new generation   total 39424K, used 4276K [0x0000000780000000, 0x0000000782ac0000, 0x00000007aaaa0000)
[45.621s][debug][gc,heap        ] GC(107)   eden space 35072K,   0% used [0x0000000780000000, 0x0000000780000000, 0x0000000782240000)
[45.621s][debug][gc,heap        ] GC(107)   from space 4352K,  98% used [0x0000000782680000, 0x0000000782aad368, 0x0000000782ac0000)
[45.621s][debug][gc,heap        ] GC(107)   to   space 4352K,   0% used [0x0000000782240000, 0x0000000782240000, 0x0000000782680000)
[45.621s][debug][gc,heap        ] GC(107)  tenured generation   total 87424K, used 86102K [0x00000007aaaa0000, 0x00000007b0000000, 0x0000000800000000)
[45.621s][debug][gc,heap        ] GC(107)    the space 87424K,  98% used [0x00000007aaaa0000, 0x00000007afeb5a00, 0x00000007afeb5a00, 0x00000007b0000000)
[45.621s][debug][gc,heap        ] GC(107)  Metaspace       used 8983K, committed 9344K, reserved 1114112K
[45.621s][debug][gc,heap        ] GC(107)   class space    used 934K, committed 1088K, reserved 1048576K
[45.621s][info ][gc             ] GC(107) Pause Young (Allocation Failure) 122M->88M(123M) 7.315ms
[45.621s][info ][gc,cpu         ] GC(107) User=0.01s Sys=0.00s Real=0.01s
[45.950s][info ][gc,start       ] GC(108) Pause Young (Allocation Failure)
[45.950s][debug][gc,heap        ] GC(108) Heap before GC invocations=106 (full 2):
[45.950s][debug][gc,heap        ] GC(108)  def new generation   total 39424K, used 39348K [0x0000000780000000, 0x0000000782ac0000, 0x00000007aaaa0000)
[45.950s][debug][gc,heap        ] GC(108)   eden space 35072K, 100% used [0x0000000780000000, 0x0000000782240000, 0x0000000782240000)
[45.950s][debug][gc,heap        ] GC(108)   from space 4352K,  98% used [0x0000000782680000, 0x0000000782aad368, 0x0000000782ac0000)
[45.950s][debug][gc,heap        ] GC(108)   to   space 4352K,   0% used [0x0000000782240000, 0x0000000782240000, 0x0000000782680000)
[45.950s][debug][gc,heap        ] GC(108)  tenured generation   total 87424K, used 86102K [0x00000007aaaa0000, 0x00000007b0000000, 0x0000000800000000)
[45.950s][debug][gc,heap        ] GC(108)    the space 87424K,  98% used [0x00000007aaaa0000, 0x00000007afeb5a00, 0x00000007afeb5a00, 0x00000007b0000000)
[45.950s][debug][gc,heap        ] GC(108)  Metaspace       used 8983K, committed 9344K, reserved 1114112K
[45.950s][debug][gc,heap        ] GC(108)   class space    used 934K, committed 1088K, reserved 1048576K
[45.950s][debug][gc,tlab        ] GC(108) TLAB totals: thrds: 1  refills: 43 max: 43 slow allocs: 10 max 10 waste:  0.9% gc: 260112B max: 260112B slow: 24640B max: 24640B
[45.956s][debug][gc,ref         ] GC(108) Skipped SoftWeakFinalRefsPhase of Reference Processing: no references
[45.956s][debug][gc,ref         ] GC(108) Skipped KeepAliveFinalRefsPhase of Reference Processing: no references
[45.956s][debug][gc,ref         ] GC(108) Skipped PhantomRefsPhase of Reference Processing: no references
[45.956s][debug][gc,phases,ref  ] GC(108) Reference Processing: 0.2ms
[45.957s][debug][gc,phases,ref  ] GC(108)   Notify Soft/WeakReferences: 0.2ms
[45.957s][debug][gc,phases,ref  ] GC(108)     SoftRef: skipped
[45.957s][debug][gc,phases,ref  ] GC(108)     WeakRef: skipped
[45.957s][debug][gc,phases,ref  ] GC(108)     FinalRef: skipped
[45.957s][debug][gc,phases,ref  ] GC(108)     Total: skipped
[45.957s][debug][gc,phases,ref  ] GC(108)   Notify and keep alive finalizable: 0.0ms
[45.957s][debug][gc,phases,ref  ] GC(108)     FinalRef: skipped
[45.957s][debug][gc,phases,ref  ] GC(108)   Notify PhantomReferences: 0.0ms
[45.957s][debug][gc,phases,ref  ] GC(108)     PhantomRef: skipped
[45.957s][debug][gc,phases,ref  ] GC(108)   SoftReference Discovered: 0, Dropped: 0, Processed: 0
[45.957s][debug][gc,phases,ref  ] GC(108)   WeakReference Discovered: 0, Dropped: 0, Processed: 0
[45.957s][debug][gc,phases,ref  ] GC(108)   FinalReference Discovered: 0, Dropped: 0, Processed: 0
[45.957s][debug][gc,phases,ref  ] GC(108)   PhantomReference Discovered: 0, Dropped: 0, Processed: 0
[45.957s][debug][gc,age         ] GC(108) Desired survivor size 2228224 bytes, new threshold 1 (max threshold 15)
[45.957s][info ][gc,heap        ] GC(108) DefNew: 39348K(39424K)->2614K(39424K) Eden: 35072K(35072K)->0K(35072K) From: 4276K(4352K)->2614K(4352K)
[45.957s][info ][gc,heap        ] GC(108) Tenured: 86102K(87424K)->86103K(87424K)
[45.957s][info ][gc,metaspace   ] GC(108) Metaspace: 8983K(9344K)->8983K(9344K) NonClass: 8048K(8256K)->8048K(8256K) Class: 934K(1088K)->934K(1088K)
[45.957s][debug][gc,heap        ] GC(108) Heap after GC invocations=107 (full 2):
[45.957s][debug][gc,heap        ] GC(108)  def new generation   total 39424K, used 2614K [0x0000000780000000, 0x0000000782ac0000, 0x00000007aaaa0000)
[45.957s][debug][gc,heap        ] GC(108)   eden space 35072K,   0% used [0x0000000780000000, 0x0000000780000000, 0x0000000782240000)
[45.957s][debug][gc,heap        ] GC(108)   from space 4352K,  60% used [0x0000000782240000, 0x00000007824cd980, 0x0000000782680000)
[45.957s][debug][gc,heap        ] GC(108)   to   space 4352K,   0% used [0x0000000782680000, 0x0000000782680000, 0x0000000782ac0000)
[45.957s][debug][gc,heap        ] GC(108)  tenured generation   total 87424K, used 86103K [0x00000007aaaa0000, 0x00000007b0000000, 0x0000000800000000)
[45.957s][debug][gc,heap        ] GC(108)    the space 87424K,  98% used [0x00000007aaaa0000, 0x00000007afeb5cb8, 0x00000007afeb5e00, 0x00000007b0000000)
[45.957s][debug][gc,heap        ] GC(108)  Metaspace       used 8983K, committed 9344K, reserved 1114112K
[45.957s][debug][gc,heap        ] GC(108)   class space    used 934K, committed 1088K, reserved 1048576K
[45.957s][info ][gc             ] GC(108) Pause Young (Allocation Failure) 122M->86M(123M) 7.647ms
[45.958s][info ][gc,cpu         ] GC(108) User=0.00s Sys=0.00s Real=0.01s
[46.295s][info ][gc,start       ] GC(109) Pause Young (Allocation Failure)
[46.295s][debug][gc,heap        ] GC(109) Heap before GC invocations=107 (full 2):
[46.295s][debug][gc,heap        ] GC(109)  def new generation   total 39424K, used 37686K [0x0000000780000000, 0x0000000782ac0000, 0x00000007aaaa0000)
[46.295s][debug][gc,heap        ] GC(109)   eden space 35072K, 100% used [0x0000000780000000, 0x0000000782240000, 0x0000000782240000)
[46.295s][debug][gc,heap        ] GC(109)   from space 4352K,  60% used [0x0000000782240000, 0x00000007824cd980, 0x0000000782680000)
[46.295s][debug][gc,heap        ] GC(109)   to   space 4352K,   0% used [0x0000000782680000, 0x0000000782680000, 0x0000000782ac0000)
[46.295s][debug][gc,heap        ] GC(109)  tenured generation   total 87424K, used 86103K [0x00000007aaaa0000, 0x00000007b0000000, 0x0000000800000000)
[46.295s][debug][gc,heap        ] GC(109)    the space 87424K,  98% used [0x00000007aaaa0000, 0x00000007afeb5cb8, 0x00000007afeb5e00, 0x00000007b0000000)
[46.295s][debug][gc,heap        ] GC(109)  Metaspace       used 8983K, committed 9344K, reserved 1114112K
[46.296s][debug][gc,heap        ] GC(109)   class space    used 934K, committed 1088K, reserved 1048576K
[46.296s][debug][gc,tlab        ] GC(109) TLAB totals: thrds: 1  refills: 43 max: 43 slow allocs: 6 max 6 waste:  0.1% gc: 0B max: 0B slow: 36992B max: 36992B
[46.299s][debug][gc,ref         ] GC(109) Skipped SoftWeakFinalRefsPhase of Reference Processing: no references
[46.299s][debug][gc,ref         ] GC(109) Skipped KeepAliveFinalRefsPhase of Reference Processing: no references
[46.299s][debug][gc,ref         ] GC(109) Skipped PhantomRefsPhase of Reference Processing: no references
[46.299s][debug][gc,phases,ref  ] GC(109) Reference Processing: 0.1ms
[46.299s][debug][gc,phases,ref  ] GC(109)   Notify Soft/WeakReferences: 0.0ms
[46.299s][debug][gc,phases,ref  ] GC(109)     SoftRef: skipped
[46.299s][debug][gc,phases,ref  ] GC(109)     WeakRef: skipped
[46.299s][debug][gc,phases,ref  ] GC(109)     FinalRef: skipped
[46.299s][debug][gc,phases,ref  ] GC(109)     Total: skipped
[46.299s][debug][gc,phases,ref  ] GC(109)   Notify and keep alive finalizable: 0.0ms
[46.299s][debug][gc,phases,ref  ] GC(109)     FinalRef: skipped
[46.299s][debug][gc,phases,ref  ] GC(109)   Notify PhantomReferences: 0.0ms
[46.299s][debug][gc,phases,ref  ] GC(109)     PhantomRef: skipped
[46.299s][debug][gc,phases,ref  ] GC(109)   SoftReference Discovered: 0, Dropped: 0, Processed: 0
[46.299s][debug][gc,phases,ref  ] GC(109)   WeakReference Discovered: 0, Dropped: 0, Processed: 0
[46.299s][debug][gc,phases,ref  ] GC(109)   FinalReference Discovered: 0, Dropped: 0, Processed: 0
[46.299s][debug][gc,phases,ref  ] GC(109)   PhantomReference Discovered: 0, Dropped: 0, Processed: 0
[46.299s][debug][gc,age         ] GC(109) Desired survivor size 2228224 bytes, new threshold 15 (max threshold 15)
[46.299s][info ][gc,heap        ] GC(109) DefNew: 37686K(39424K)->1130K(39424K) Eden: 35072K(35072K)->0K(35072K) From: 2614K(4352K)->1130K(4352K)
[46.299s][info ][gc,heap        ] GC(109) Tenured: 86103K(87424K)->86103K(87424K)
[46.299s][info ][gc,metaspace   ] GC(109) Metaspace: 8983K(9344K)->8983K(9344K) NonClass: 8048K(8256K)->8048K(8256K) Class: 934K(1088K)->934K(1088K)
[46.299s][debug][gc,heap        ] GC(109) Heap after GC invocations=108 (full 2):
[46.299s][debug][gc,heap        ] GC(109)  def new generation   total 39424K, used 1130K [0x0000000780000000, 0x0000000782ac0000, 0x00000007aaaa0000)
[46.299s][debug][gc,heap        ] GC(109)   eden space 35072K,   0% used [0x0000000780000000, 0x0000000780000000, 0x0000000782240000)
[46.299s][debug][gc,heap        ] GC(109)   from space 4352K,  25% used [0x0000000782680000, 0x000000078279aa20, 0x0000000782ac0000)
[46.299s][debug][gc,heap        ] GC(109)   to   space 4352K,   0% used [0x0000000782240000, 0x0000000782240000, 0x0000000782680000)
[46.299s][debug][gc,heap        ] GC(109)  tenured generation   total 87424K, used 86103K [0x00000007aaaa0000, 0x00000007b0000000, 0x0000000800000000)
[46.299s][debug][gc,heap        ] GC(109)    the space 87424K,  98% used [0x00000007aaaa0000, 0x00000007afeb5cb8, 0x00000007afeb5e00, 0x00000007b0000000)
[46.299s][debug][gc,heap        ] GC(109)  Metaspace       used 8983K, committed 9344K, reserved 1114112K
[46.299s][debug][gc,heap        ] GC(109)   class space    used 934K, committed 1088K, reserved 1048576K
[46.300s][info ][gc             ] GC(109) Pause Young (Allocation Failure) 120M->85M(123M) 4.345ms
[46.300s][info ][gc,cpu         ] GC(109) User=0.01s Sys=0.00s Real=0.01s
[46.529s][info ][gc,start       ] GC(110) Pause Young (Allocation Failure)
[46.529s][debug][gc,heap        ] GC(110) Heap before GC invocations=108 (full 2):
[46.529s][debug][gc,heap        ] GC(110)  def new generation   total 39424K, used 35933K [0x0000000780000000, 0x0000000782ac0000, 0x00000007aaaa0000)
[46.529s][debug][gc,heap        ] GC(110)   eden space 35072K,  99% used [0x0000000780000000, 0x00000007821fccd0, 0x0000000782240000)
[46.529s][debug][gc,heap        ] GC(110)   from space 4352K,  25% used [0x0000000782680000, 0x000000078279aa20, 0x0000000782ac0000)
[46.529s][debug][gc,heap        ] GC(110)   to   space 4352K,   0% used [0x0000000782240000, 0x0000000782240000, 0x0000000782680000)
[46.529s][debug][gc,heap        ] GC(110)  tenured generation   total 87424K, used 86103K [0x00000007aaaa0000, 0x00000007b0000000, 0x0000000800000000)
[46.529s][debug][gc,heap        ] GC(110)    the space 87424K,  98% used [0x00000007aaaa0000, 0x00000007afeb5cb8, 0x00000007afeb5e00, 0x00000007b0000000)
[46.529s][debug][gc,heap        ] GC(110)  Metaspace       used 8983K, committed 9344K, reserved 1114112K
[46.529s][debug][gc,heap        ] GC(110)   class space    used 934K, committed 1088K, reserved 1048576K
[46.529s][debug][gc,tlab        ] GC(110) TLAB totals: thrds: 1  refills: 47 max: 47 slow allocs: 3 max 3 waste:  1.9% gc: 597808B max: 597808B slow: 26992B max: 26992B
[46.552s][debug][gc,ref         ] GC(110) Skipped SoftWeakFinalRefsPhase of Reference Processing: no references
[46.552s][debug][gc,ref         ] GC(110) Skipped KeepAliveFinalRefsPhase of Reference Processing: no references
[46.552s][debug][gc,ref         ] GC(110) Skipped PhantomRefsPhase of Reference Processing: no references
[46.552s][debug][gc,phases,ref  ] GC(110) Reference Processing: 0.2ms
[46.552s][debug][gc,phases,ref  ] GC(110)   Notify Soft/WeakReferences: 0.1ms
[46.552s][debug][gc,phases,ref  ] GC(110)     SoftRef: skipped
[46.552s][debug][gc,phases,ref  ] GC(110)     WeakRef: skipped
[46.552s][debug][gc,phases,ref  ] GC(110)     FinalRef: skipped
[46.552s][debug][gc,phases,ref  ] GC(110)     Total: skipped
[46.552s][debug][gc,phases,ref  ] GC(110)   Notify and keep alive finalizable: 0.1ms
[46.552s][debug][gc,phases,ref  ] GC(110)     FinalRef: skipped
[46.552s][debug][gc,phases,ref  ] GC(110)   Notify PhantomReferences: 0.0ms
[46.552s][debug][gc,phases,ref  ] GC(110)     PhantomRef: skipped
[46.553s][debug][gc,phases,ref  ] GC(110)   SoftReference Discovered: 0, Dropped: 0, Processed: 0
[46.553s][debug][gc,phases,ref  ] GC(110)   WeakReference Discovered: 0, Dropped: 0, Processed: 0
[46.553s][debug][gc,phases,ref  ] GC(110)   FinalReference Discovered: 0, Dropped: 0, Processed: 0
[46.553s][debug][gc,phases,ref  ] GC(110)   PhantomReference Discovered: 0, Dropped: 0, Processed: 0
[46.553s][debug][gc,age         ] GC(110) Desired survivor size 2228224 bytes, new threshold 1 (max threshold 15)
[46.553s][debug][gc,heap        ] GC(110) Heap after GC invocations=109 (full 2):
[46.553s][debug][gc,heap        ] GC(110)  def new generation   total 39424K, used 4351K [0x0000000780000000, 0x0000000782ac0000, 0x00000007aaaa0000)
[46.553s][debug][gc,heap        ] GC(110)   eden space 35072K,   0% used [0x0000000780000000, 0x0000000780000000, 0x0000000782240000)
[46.553s][debug][gc,heap        ] GC(110)   from space 4352K,  99% used [0x0000000782240000, 0x000000078267fff8, 0x0000000782680000)
[46.553s][debug][gc,heap        ] GC(110)   to   space 4352K,   0% used [0x0000000782680000, 0x0000000782680000, 0x0000000782ac0000)
[46.553s][debug][gc,heap        ] GC(110)  tenured generation   total 92416K, used 92237K [0x00000007aaaa0000, 0x00000007b04e0000, 0x0000000800000000)
[46.553s][debug][gc,heap        ] GC(110)    the space 92416K,  99% used [0x00000007aaaa0000, 0x00000007b04b3640, 0x00000007b04b3800, 0x00000007b04e0000)
[46.553s][debug][gc,heap        ] GC(110)  Metaspace       used 8983K, committed 9344K, reserved 1114112K
[46.553s][debug][gc,heap        ] GC(110)   class space    used 934K, committed 1088K, reserved 1048576K
[46.553s][info ][gc             ] GC(110) Pause Young (Allocation Failure) 119M->94M(128M) 24.007ms
[46.553s][info ][gc,cpu         ] GC(110) User=0.02s Sys=0.01s Real=0.02s
[46.553s][info ][gc,start       ] GC(111) Pause Full (Allocation Failure)
[46.553s][debug][gc,heap        ] GC(111) Heap before GC invocations=109 (full 2):
[46.553s][debug][gc,heap        ] GC(111)  def new generation   total 39424K, used 4351K [0x0000000780000000, 0x0000000782ac0000, 0x00000007aaaa0000)
[46.553s][debug][gc,heap        ] GC(111)   eden space 35072K,   0% used [0x0000000780000000, 0x0000000780000000, 0x0000000782240000)
[46.553s][debug][gc,heap        ] GC(111)   from space 4352K,  99% used [0x0000000782240000, 0x000000078267fff8, 0x0000000782680000)
[46.553s][debug][gc,heap        ] GC(111)   to   space 4352K,   0% used [0x0000000782680000, 0x0000000782680000, 0x0000000782ac0000)
[46.553s][debug][gc,heap        ] GC(111)  tenured generation   total 92416K, used 92237K [0x00000007aaaa0000, 0x00000007b04e0000, 0x0000000800000000)
[46.553s][debug][gc,heap        ] GC(111)    the space 92416K,  99% used [0x00000007aaaa0000, 0x00000007b04b3640, 0x00000007b04b3800, 0x00000007b04e0000)
[46.553s][debug][gc,heap        ] GC(111)  Metaspace       used 8983K, committed 9344K, reserved 1114112K
[46.553s][debug][gc,heap        ] GC(111)   class space    used 934K, committed 1088K, reserved 1048576K
[46.553s][info ][gc,phases,start] GC(111) Phase 1: Mark live objects
[46.567s][debug][gc,phases,start] GC(111) Reference Processing
[46.568s][debug][gc,ref         ] GC(111) ReferenceProcessor::execute queues: 1, RefProcThreadModel::Single, marks_oops_alive: false
[46.568s][debug][gc,ref         ] GC(111) Skipped KeepAliveFinalRefsPhase of Reference Processing: no references
[46.568s][debug][gc,ref         ] GC(111) ReferenceProcessor::execute queues: 1, RefProcThreadModel::Single, marks_oops_alive: false
[46.568s][debug][gc,phases,ref  ] GC(111) Reference Processing: 0.1ms
[46.568s][debug][gc,phases,ref  ] GC(111)   Notify Soft/WeakReferences: 0.0ms
[46.568s][debug][gc,phases,ref  ] GC(111)     SoftRef: 0.0ms
[46.568s][debug][gc,phases,ref  ] GC(111)     WeakRef: 0.0ms
[46.568s][debug][gc,phases,ref  ] GC(111)     FinalRef: 0.0ms
[46.568s][debug][gc,phases,ref  ] GC(111)     Total: 0.0ms
[46.568s][debug][gc,phases,ref  ] GC(111)   Notify and keep alive finalizable: 0.0ms
[46.568s][debug][gc,phases,ref  ] GC(111)     FinalRef: skipped
[46.568s][debug][gc,phases,ref  ] GC(111)   Notify PhantomReferences: 0.0ms
[46.568s][debug][gc,phases,ref  ] GC(111)     PhantomRef: 0.0ms
[46.568s][debug][gc,phases,ref  ] GC(111)   SoftReference Discovered: 0, Dropped: 0, Processed: 0
[46.568s][debug][gc,phases,ref  ] GC(111)   WeakReference Discovered: 112, Dropped: 112, Processed: 0
[46.568s][debug][gc,phases,ref  ] GC(111)   FinalReference Discovered: 0, Dropped: 0, Processed: 0
[46.568s][debug][gc,phases,ref  ] GC(111)   PhantomReference Discovered: 14, Dropped: 14, Processed: 0
[46.568s][debug][gc,phases      ] GC(111) Reference Processing 0.439ms
[46.568s][debug][gc,phases,start] GC(111) Weak Processing
[46.568s][debug][gc,phases      ] GC(111) Weak Processing 0.380ms
[46.568s][debug][gc,phases,start] GC(111) Class Unloading
[46.568s][debug][gc,phases,start] GC(111) ClassLoaderData
[46.568s][debug][gc,phases      ] GC(111) ClassLoaderData 0.046ms
[46.568s][debug][gc,phases,start] GC(111) Trigger cleanups
[46.568s][debug][gc,phases      ] GC(111) Trigger cleanups 0.015ms
[46.572s][debug][gc,phases      ] GC(111) Class Unloading 3.919ms
[46.572s][info ][gc,phases      ] GC(111) Phase 1: Mark live objects 19.209ms
[46.572s][info ][gc,phases,start] GC(111) Phase 2: Compute new object addresses
[46.607s][info ][gc,phases      ] GC(111) Phase 2: Compute new object addresses 35.010ms
[46.607s][info ][gc,phases,start] GC(111) Phase 3: Adjust pointers
[46.615s][info ][gc,phases      ] GC(111) Phase 3: Adjust pointers 7.402ms
[46.615s][info ][gc,phases,start] GC(111) Phase 4: Move objects
[46.618s][info ][gc,phases      ] GC(111) Phase 4: Move objects 3.165ms
[46.619s][info ][gc,heap        ] GC(111) DefNew: 35933K(39424K)->0K(39424K) Eden: 34803K(35072K)->0K(35072K) From: 1130K(4352K)->0K(4352K)
[46.619s][info ][gc,heap        ] GC(111) Tenured: 86103K(87424K)->15124K(87424K)
[46.619s][info ][gc,metaspace   ] GC(111) Metaspace: 8983K(9344K)->8983K(9344K) NonClass: 8048K(8256K)->8048K(8256K) Class: 934K(1088K)->934K(1088K)
[46.619s][debug][gc,heap        ] GC(111) Heap after GC invocations=109 (full 3):
[46.619s][debug][gc,heap        ] GC(111)  def new generation   total 39424K, used 0K [0x0000000780000000, 0x0000000782ac0000, 0x00000007aaaa0000)
[46.619s][debug][gc,heap        ] GC(111)   eden space 35072K,   0% used [0x0000000780000000, 0x0000000780000000, 0x0000000782240000)
[46.619s][debug][gc,heap        ] GC(111)   from space 4352K,   0% used [0x0000000782240000, 0x0000000782240000, 0x0000000782680000)
[46.619s][debug][gc,heap        ] GC(111)   to   space 4352K,   0% used [0x0000000782680000, 0x0000000782680000, 0x0000000782ac0000)
[46.619s][debug][gc,heap        ] GC(111)  tenured generation   total 87424K, used 15124K [0x00000007aaaa0000, 0x00000007b0000000, 0x0000000800000000)
[46.619s][debug][gc,heap        ] GC(111)    the space 87424K,  17% used [0x00000007aaaa0000, 0x00000007ab965018, 0x00000007ab965200, 0x00000007b0000000)
[46.619s][debug][gc,heap        ] GC(111)  Metaspace       used 8983K, committed 9344K, reserved 1114112K
[46.619s][debug][gc,heap        ] GC(111)   class space    used 934K, committed 1088K, reserved 1048576K
[46.619s][info ][gc             ] GC(111) Pause Full (Allocation Failure) 94M->14M(123M) 66.169ms
[46.619s][info ][gc,cpu         ] GC(111) User=0.07s Sys=0.00s Real=0.07s
[46.957s][info ][gc,start       ] GC(112) Pause Young (Allocation Failure)
[46.957s][debug][gc,heap        ] GC(112) Heap before GC invocations=109 (full 3):
[46.957s][debug][gc,heap        ] GC(112)  def new generation   total 39424K, used 35072K [0x0000000780000000, 0x0000000782ac0000, 0x00000007aaaa0000)
[46.957s][debug][gc,heap        ] GC(112)   eden space 35072K, 100% used [0x0000000780000000, 0x0000000782240000, 0x0000000782240000)
[46.957s][debug][gc,heap        ] GC(112)   from space 4352K,   0% used [0x0000000782240000, 0x0000000782240000, 0x0000000782680000)
[46.957s][debug][gc,heap        ] GC(112)   to   space 4352K,   0% used [0x0000000782680000, 0x0000000782680000, 0x0000000782ac0000)
[46.957s][debug][gc,heap        ] GC(112)  tenured generation   total 87424K, used 15124K [0x00000007aaaa0000, 0x00000007b0000000, 0x0000000800000000)
[46.957s][debug][gc,heap        ] GC(112)    the space 87424K,  17% used [0x00000007aaaa0000, 0x00000007ab965018, 0x00000007ab965200, 0x00000007b0000000)
[46.957s][debug][gc,heap        ] GC(112)  Metaspace       used 9005K, committed 9344K, reserved 1114112K
[46.957s][debug][gc,heap        ] GC(112)   class space    used 934K, committed 1088K, reserved 1048576K
[46.957s][debug][gc,tlab        ] GC(112) TLAB totals: thrds: 4  refills: 89 max: 45 slow allocs: 25 max 14 waste:  0.2% gc: 6800B max: 2512B slow: 57824B max: 33368B
[46.973s][debug][gc,ref         ] GC(112) Skipped SoftWeakFinalRefsPhase of Reference Processing: no references
[46.973s][debug][gc,ref         ] GC(112) Skipped KeepAliveFinalRefsPhase of Reference Processing: no references
[46.973s][debug][gc,ref         ] GC(112) Skipped PhantomRefsPhase of Reference Processing: no references
[46.973s][debug][gc,phases,ref  ] GC(112) Reference Processing: 0.1ms
[46.973s][debug][gc,phases,ref  ] GC(112)   Notify Soft/WeakReferences: 0.1ms
[46.973s][debug][gc,phases,ref  ] GC(112)     SoftRef: skipped
[46.973s][debug][gc,phases,ref  ] GC(112)     WeakRef: skipped
[46.973s][debug][gc,phases,ref  ] GC(112)     FinalRef: skipped
[46.973s][debug][gc,phases,ref  ] GC(112)     Total: skipped
[46.973s][debug][gc,phases,ref  ] GC(112)   Notify and keep alive finalizable: 0.0ms
[46.973s][debug][gc,phases,ref  ] GC(112)     FinalRef: skipped
[46.973s][debug][gc,phases,ref  ] GC(112)   Notify PhantomReferences: 0.0ms
[46.973s][debug][gc,phases,ref  ] GC(112)     PhantomRef: skipped
[46.973s][debug][gc,phases,ref  ] GC(112)   SoftReference Discovered: 0, Dropped: 0, Processed: 0
[46.973s][debug][gc,phases,ref  ] GC(112)   WeakReference Discovered: 0, Dropped: 0, Processed: 0
[46.973s][debug][gc,phases,ref  ] GC(112)   FinalReference Discovered: 0, Dropped: 0, Processed: 0
[46.973s][debug][gc,phases,ref  ] GC(112)   PhantomReference Discovered: 0, Dropped: 0, Processed: 0
[46.973s][debug][gc,age         ] GC(112) Desired survivor size 2228224 bytes, new threshold 1 (max threshold 15)
[46.973s][info ][gc,heap        ] GC(112) DefNew: 35072K(39424K)->4352K(39424K) Eden: 35072K(35072K)->0K(35072K) From: 0K(4352K)->4352K(4352K)
[46.973s][info ][gc,heap        ] GC(112) Tenured: 15124K(87424K)->20782K(87424K)
[46.973s][info ][gc,metaspace   ] GC(112) Metaspace: 9005K(9344K)->9005K(9344K) NonClass: 8071K(8256K)->8071K(8256K) Class: 934K(1088K)->934K(1088K)
[46.973s][debug][gc,heap        ] GC(112) Heap after GC invocations=110 (full 3):
[46.973s][debug][gc,heap        ] GC(112)  def new generation   total 39424K, used 4352K [0x0000000780000000, 0x0000000782ac0000, 0x00000007aaaa0000)
[46.973s][debug][gc,heap        ] GC(112)   eden space 35072K,   0% used [0x0000000780000000, 0x0000000780000000, 0x0000000782240000)
[46.973s][debug][gc,heap        ] GC(112)   from space 4352K, 100% used [0x0000000782680000, 0x0000000782ac0000, 0x0000000782ac0000)
[46.973s][debug][gc,heap        ] GC(112)   to   space 4352K,   0% used [0x0000000782240000, 0x0000000782240000, 0x0000000782680000)
[46.973s][debug][gc,heap        ] GC(112)  tenured generation   total 87424K, used 20782K [0x00000007aaaa0000, 0x00000007b0000000, 0x0000000800000000)
[46.973s][debug][gc,heap        ] GC(112)    the space 87424K,  23% used [0x00000007aaaa0000, 0x00000007abeebb40, 0x00000007abeebc00, 0x00000007b0000000)
[46.973s][debug][gc,heap        ] GC(112)  Metaspace       used 9005K, committed 9344K, reserved 1114112K
[46.973s][debug][gc,heap        ] GC(112)   class space    used 934K, committed 1088K, reserved 1048576K
[46.973s][info ][gc             ] GC(112) Pause Young (Allocation Failure) 49M->24M(123M) 16.513ms
[46.974s][info ][gc,cpu         ] GC(112) User=0.02s Sys=0.00s Real=0.02s
[47.310s][info ][gc,start       ] GC(113) Pause Young (Allocation Failure)
[47.310s][debug][gc,heap        ] GC(113) Heap before GC invocations=110 (full 3):
[47.310s][debug][gc,heap        ] GC(113)  def new generation   total 39424K, used 39424K [0x0000000780000000, 0x0000000782ac0000, 0x00000007aaaa0000)
[47.310s][debug][gc,heap        ] GC(113)   eden space 35072K, 100% used [0x0000000780000000, 0x0000000782240000, 0x0000000782240000)
[47.310s][debug][gc,heap        ] GC(113)   from space 4352K, 100% used [0x0000000782680000, 0x0000000782ac0000, 0x0000000782ac0000)
[47.310s][debug][gc,heap        ] GC(113)   to   space 4352K,   0% used [0x0000000782240000, 0x0000000782240000, 0x0000000782680000)
[47.310s][debug][gc,heap        ] GC(113)  tenured generation   total 87424K, used 20782K [0x00000007aaaa0000, 0x00000007b0000000, 0x0000000800000000)
[47.310s][debug][gc,heap        ] GC(113)    the space 87424K,  23% used [0x00000007aaaa0000, 0x00000007abeebb40, 0x00000007abeebc00, 0x00000007b0000000)
[47.310s][debug][gc,heap        ] GC(113)  Metaspace       used 9005K, committed 9344K, reserved 1114112K
[47.310s][debug][gc,heap        ] GC(113)   class space    used 934K, committed 1088K, reserved 1048576K
[47.310s][debug][gc,tlab        ] GC(113) TLAB totals: thrds: 1  refills: 44 max: 44 slow allocs: 8 max 8 waste:  0.1% gc: 0B max: 0B slow: 25744B max: 25744B
[47.321s][debug][gc,ref         ] GC(113) Skipped SoftWeakFinalRefsPhase of Reference Processing: no references
[47.321s][debug][gc,ref         ] GC(113) Skipped KeepAliveFinalRefsPhase of Reference Processing: no references
[47.321s][debug][gc,ref         ] GC(113) Skipped PhantomRefsPhase of Reference Processing: no references
[47.322s][debug][gc,phases,ref  ] GC(113) Reference Processing: 0.1ms
[47.322s][debug][gc,phases,ref  ] GC(113)   Notify Soft/WeakReferences: 0.1ms
[47.322s][debug][gc,phases,ref  ] GC(113)     SoftRef: skipped
[47.322s][debug][gc,phases,ref  ] GC(113)     WeakRef: skipped
[47.322s][debug][gc,phases,ref  ] GC(113)     FinalRef: skipped
[47.322s][debug][gc,phases,ref  ] GC(113)     Total: skipped
[47.322s][debug][gc,phases,ref  ] GC(113)   Notify and keep alive finalizable: 0.0ms
[47.322s][debug][gc,phases,ref  ] GC(113)     FinalRef: skipped
[47.322s][debug][gc,phases,ref  ] GC(113)   Notify PhantomReferences: 0.0ms
[47.322s][debug][gc,phases,ref  ] GC(113)     PhantomRef: skipped
[47.322s][debug][gc,phases,ref  ] GC(113)   SoftReference Discovered: 0, Dropped: 0, Processed: 0
[47.322s][debug][gc,phases,ref  ] GC(113)   WeakReference Discovered: 0, Dropped: 0, Processed: 0
[47.322s][debug][gc,phases,ref  ] GC(113)   FinalReference Discovered: 0, Dropped: 0, Processed: 0
[47.322s][debug][gc,phases,ref  ] GC(113)   PhantomReference Discovered: 0, Dropped: 0, Processed: 0
[47.322s][debug][gc,age         ] GC(113) Desired survivor size 2228224 bytes, new threshold 1 (max threshold 15)
[47.322s][info ][gc,heap        ] GC(113) DefNew: 39424K(39424K)->4352K(39424K) Eden: 35072K(35072K)->0K(35072K) From: 4352K(4352K)->4352K(4352K)
[47.322s][info ][gc,heap        ] GC(113) Tenured: 20782K(87424K)->24851K(87424K)
[47.322s][info ][gc,metaspace   ] GC(113) Metaspace: 9005K(9344K)->9005K(9344K) NonClass: 8071K(8256K)->8071K(8256K) Class: 934K(1088K)->934K(1088K)
[47.322s][debug][gc,heap        ] GC(113) Heap after GC invocations=111 (full 3):
[47.322s][debug][gc,heap        ] GC(113)  def new generation   total 39424K, used 4352K [0x0000000780000000, 0x0000000782ac0000, 0x00000007aaaa0000)
[47.322s][debug][gc,heap        ] GC(113)   eden space 35072K,   0% used [0x0000000780000000, 0x0000000780000000, 0x0000000782240000)
[47.322s][debug][gc,heap        ] GC(113)   from space 4352K, 100% used [0x0000000782240000, 0x0000000782680000, 0x0000000782680000)
[47.322s][debug][gc,heap        ] GC(113)   to   space 4352K,   0% used [0x0000000782680000, 0x0000000782680000, 0x0000000782ac0000)
[47.322s][debug][gc,heap        ] GC(113)  tenured generation   total 87424K, used 24851K [0x00000007aaaa0000, 0x00000007b0000000, 0x0000000800000000)
[47.322s][debug][gc,heap        ] GC(113)    the space 87424K,  28% used [0x00000007aaaa0000, 0x00000007ac2e4f28, 0x00000007ac2e5000, 0x00000007b0000000)
[47.322s][debug][gc,heap        ] GC(113)  Metaspace       used 9005K, committed 9344K, reserved 1114112K
[47.322s][debug][gc,heap        ] GC(113)   class space    used 934K, committed 1088K, reserved 1048576K
[47.322s][info ][gc             ] GC(113) Pause Young (Allocation Failure) 58M->28M(123M) 12.328ms
[47.322s][info ][gc,cpu         ] GC(113) User=0.01s Sys=0.00s Real=0.01s
[47.656s][info ][gc,start       ] GC(114) Pause Young (Allocation Failure)
[47.656s][debug][gc,heap        ] GC(114) Heap before GC invocations=111 (full 3):
[47.656s][debug][gc,heap        ] GC(114)  def new generation   total 39424K, used 39086K [0x0000000780000000, 0x0000000782ac0000, 0x00000007aaaa0000)
[47.656s][debug][gc,heap        ] GC(114)   eden space 35072K,  99% used [0x0000000780000000, 0x00000007821ebaa0, 0x0000000782240000)
[47.656s][debug][gc,heap        ] GC(114)   from space 4352K, 100% used [0x0000000782240000, 0x0000000782680000, 0x0000000782680000)
[47.656s][debug][gc,heap        ] GC(114)   to   space 4352K,   0% used [0x0000000782680000, 0x0000000782680000, 0x0000000782ac0000)
[47.656s][debug][gc,heap        ] GC(114)  tenured generation   total 87424K, used 24851K [0x00000007aaaa0000, 0x00000007b0000000, 0x0000000800000000)
[47.656s][debug][gc,heap        ] GC(114)    the space 87424K,  28% used [0x00000007aaaa0000, 0x00000007ac2e4f28, 0x00000007ac2e5000, 0x00000007b0000000)
[47.656s][debug][gc,heap        ] GC(114)  Metaspace       used 9007K, committed 9344K, reserved 1114112K
[47.656s][debug][gc,heap        ] GC(114)   class space    used 934K, committed 1088K, reserved 1048576K
[47.656s][debug][gc,tlab        ] GC(114) TLAB totals: thrds: 4  refills: 87 max: 43 slow allocs: 31 max 14 waste:  1.2% gc: 309464B max: 302768B slow: 48688B max: 24416B
[47.666s][debug][gc,ref         ] GC(114) Skipped SoftWeakFinalRefsPhase of Reference Processing: no references
[47.666s][debug][gc,ref         ] GC(114) Skipped KeepAliveFinalRefsPhase of Reference Processing: no references
[47.666s][debug][gc,ref         ] GC(114) Skipped PhantomRefsPhase of Reference Processing: no references
[47.666s][debug][gc,phases,ref  ] GC(114) Reference Processing: 0.2ms
[47.666s][debug][gc,phases,ref  ] GC(114)   Notify Soft/WeakReferences: 0.1ms
[47.666s][debug][gc,phases,ref  ] GC(114)     SoftRef: skipped
[47.666s][debug][gc,phases,ref  ] GC(114)     WeakRef: skipped
[47.666s][debug][gc,phases,ref  ] GC(114)     FinalRef: skipped
[47.666s][debug][gc,phases,ref  ] GC(114)     Total: skipped
[47.666s][debug][gc,phases,ref  ] GC(114)   Notify and keep alive finalizable: 0.0ms
[47.666s][debug][gc,phases,ref  ] GC(114)     FinalRef: skipped
[47.666s][debug][gc,phases,ref  ] GC(114)   Notify PhantomReferences: 0.0ms
[47.666s][debug][gc,phases,ref  ] GC(114)     PhantomRef: skipped
[47.666s][debug][gc,phases,ref  ] GC(114)   SoftReference Discovered: 0, Dropped: 0, Processed: 0
[47.666s][debug][gc,phases,ref  ] GC(114)   WeakReference Discovered: 0, Dropped: 0, Processed: 0
[47.666s][debug][gc,phases,ref  ] GC(114)   FinalReference Discovered: 0, Dropped: 0, Processed: 0
[47.666s][debug][gc,phases,ref  ] GC(114)   PhantomReference Discovered: 0, Dropped: 0, Processed: 0
[47.666s][debug][gc,age         ] GC(114) Desired survivor size 2228224 bytes, new threshold 1 (max threshold 15)
[47.666s][info ][gc,heap        ] GC(114) DefNew: 39086K(39424K)->4351K(39424K) Eden: 34734K(35072K)->0K(35072K) From: 4352K(4352K)->4351K(4352K)
[47.666s][info ][gc,heap        ] GC(114) Tenured: 24851K(87424K)->25738K(87424K)
[47.666s][info ][gc,metaspace   ] GC(114) Metaspace: 9007K(9344K)->9007K(9344K) NonClass: 8072K(8256K)->8072K(8256K) Class: 934K(1088K)->934K(1088K)
[47.666s][debug][gc,heap        ] GC(114) Heap after GC invocations=112 (full 3):
[47.666s][debug][gc,heap        ] GC(114)  def new generation   total 39424K, used 4351K [0x0000000780000000, 0x0000000782ac0000, 0x00000007aaaa0000)
[47.666s][debug][gc,heap        ] GC(114)   eden space 35072K,   0% used [0x0000000780000000, 0x0000000780000000, 0x0000000782240000)
[47.666s][debug][gc,heap        ] GC(114)   from space 4352K,  99% used [0x0000000782680000, 0x0000000782abfff8, 0x0000000782ac0000)
[47.666s][debug][gc,heap        ] GC(114)   to   space 4352K,   0% used [0x0000000782240000, 0x0000000782240000, 0x0000000782680000)
[47.666s][debug][gc,heap        ] GC(114)  tenured generation   total 87424K, used 25738K [0x00000007aaaa0000, 0x00000007b0000000, 0x0000000800000000)
[47.666s][debug][gc,heap        ] GC(114)    the space 87424K,  29% used [0x00000007aaaa0000, 0x00000007ac3c2908, 0x00000007ac3c2a00, 0x00000007b0000000)
[47.666s][debug][gc,heap        ] GC(114)  Metaspace       used 9007K, committed 9344K, reserved 1114112K
[47.666s][debug][gc,heap        ] GC(114)   class space    used 934K, committed 1088K, reserved 1048576K
[47.666s][info ][gc             ] GC(114) Pause Young (Allocation Failure) 62M->29M(123M) 10.406ms
[47.666s][info ][gc,cpu         ] GC(114) User=0.01s Sys=0.00s Real=0.01s
[47.997s][info ][gc,start       ] GC(115) Pause Young (Allocation Failure)
[47.997s][debug][gc,heap        ] GC(115) Heap before GC invocations=112 (full 3):
[47.997s][debug][gc,heap        ] GC(115)  def new generation   total 39424K, used 39423K [0x0000000780000000, 0x0000000782ac0000, 0x00000007aaaa0000)
[47.997s][debug][gc,heap        ] GC(115)   eden space 35072K, 100% used [0x0000000780000000, 0x0000000782240000, 0x0000000782240000)
[47.998s][debug][gc,heap        ] GC(115)   from space 4352K,  99% used [0x0000000782680000, 0x0000000782abfff8, 0x0000000782ac0000)
[47.998s][debug][gc,heap        ] GC(115)   to   space 4352K,   0% used [0x0000000782240000, 0x0000000782240000, 0x0000000782680000)
[47.998s][debug][gc,heap        ] GC(115)  tenured generation   total 87424K, used 25738K [0x00000007aaaa0000, 0x00000007b0000000, 0x0000000800000000)
[47.998s][debug][gc,heap        ] GC(115)    the space 87424K,  29% used [0x00000007aaaa0000, 0x00000007ac3c2908, 0x00000007ac3c2a00, 0x00000007b0000000)
[47.998s][debug][gc,heap        ] GC(115)  Metaspace       used 9007K, committed 9344K, reserved 1114112K
[47.998s][debug][gc,heap        ] GC(115)   class space    used 934K, committed 1088K, reserved 1048576K
[47.998s][debug][gc,tlab        ] GC(115) TLAB totals: thrds: 1  refills: 44 max: 44 slow allocs: 6 max 6 waste:  0.1% gc: 0B max: 0B slow: 25848B max: 25848B
[48.004s][debug][gc,ref         ] GC(115) Skipped SoftWeakFinalRefsPhase of Reference Processing: no references
[48.004s][debug][gc,ref         ] GC(115) Skipped KeepAliveFinalRefsPhase of Reference Processing: no references
[48.004s][debug][gc,ref         ] GC(115) Skipped PhantomRefsPhase of Reference Processing: no references
[48.005s][debug][gc,phases,ref  ] GC(115) Reference Processing: 0.1ms
[48.005s][debug][gc,phases,ref  ] GC(115)   Notify Soft/WeakReferences: 0.1ms
[48.005s][debug][gc,phases,ref  ] GC(115)     SoftRef: skipped
[48.005s][debug][gc,phases,ref  ] GC(115)     WeakRef: skipped
[48.005s][debug][gc,phases,ref  ] GC(115)     FinalRef: skipped
[48.005s][debug][gc,phases,ref  ] GC(115)     Total: skipped
[48.005s][debug][gc,phases,ref  ] GC(115)   Notify and keep alive finalizable: 0.0ms
[48.005s][debug][gc,phases,ref  ] GC(115)     FinalRef: skipped
[48.005s][debug][gc,phases,ref  ] GC(115)   Notify PhantomReferences: 0.0ms
[48.005s][debug][gc,phases,ref  ] GC(115)     PhantomRef: skipped
[48.005s][debug][gc,phases,ref  ] GC(115)   SoftReference Discovered: 0, Dropped: 0, Processed: 0
[48.005s][debug][gc,phases,ref  ] GC(115)   WeakReference Discovered: 0, Dropped: 0, Processed: 0
[48.005s][debug][gc,phases,ref  ] GC(115)   FinalReference Discovered: 0, Dropped: 0, Processed: 0
[48.005s][debug][gc,phases,ref  ] GC(115)   PhantomReference Discovered: 0, Dropped: 0, Processed: 0
[48.005s][debug][gc,age         ] GC(115) Desired survivor size 2228224 bytes, new threshold 1 (max threshold 15)
[48.005s][info ][gc,heap        ] GC(115) DefNew: 39423K(39424K)->3701K(39424K) Eden: 35072K(35072K)->0K(35072K) From: 4351K(4352K)->3701K(4352K)
[48.005s][info ][gc,heap        ] GC(115) Tenured: 25738K(87424K)->25738K(87424K)
[48.005s][info ][gc,metaspace   ] GC(115) Metaspace: 9007K(9344K)->9007K(9344K) NonClass: 8072K(8256K)->8072K(8256K) Class: 934K(1088K)->934K(1088K)
[48.005s][debug][gc,heap        ] GC(115) Heap after GC invocations=113 (full 3):
[48.005s][debug][gc,heap        ] GC(115)  def new generation   total 39424K, used 3701K [0x0000000780000000, 0x0000000782ac0000, 0x00000007aaaa0000)
[48.005s][debug][gc,heap        ] GC(115)   eden space 35072K,   0% used [0x0000000780000000, 0x0000000780000000, 0x0000000782240000)
[48.005s][debug][gc,heap        ] GC(115)   from space 4352K,  85% used [0x0000000782240000, 0x00000007825dd598, 0x0000000782680000)
[48.005s][debug][gc,heap        ] GC(115)   to   space 4352K,   0% used [0x0000000782680000, 0x0000000782680000, 0x0000000782ac0000)
[48.005s][debug][gc,heap        ] GC(115)  tenured generation   total 87424K, used 25738K [0x00000007aaaa0000, 0x00000007b0000000, 0x0000000800000000)
[48.005s][debug][gc,heap        ] GC(115)    the space 87424K,  29% used [0x00000007aaaa0000, 0x00000007ac3c2960, 0x00000007ac3c2a00, 0x00000007b0000000)
[48.005s][debug][gc,heap        ] GC(115)  Metaspace       used 9007K, committed 9344K, reserved 1114112K
[48.005s][debug][gc,heap        ] GC(115)   class space    used 934K, committed 1088K, reserved 1048576K
[48.005s][info ][gc             ] GC(115) Pause Young (Allocation Failure) 63M->28M(123M) 7.907ms
[48.005s][info ][gc,cpu         ] GC(115) User=0.00s Sys=0.00s Real=0.01s
[48.336s][info ][gc,start       ] GC(116) Pause Young (Allocation Failure)
[48.336s][debug][gc,heap        ] GC(116) Heap before GC invocations=113 (full 3):
[48.336s][debug][gc,heap        ] GC(116)  def new generation   total 39424K, used 38773K [0x0000000780000000, 0x0000000782ac0000, 0x00000007aaaa0000)
[48.336s][debug][gc,heap        ] GC(116)   eden space 35072K, 100% used [0x0000000780000000, 0x0000000782240000, 0x0000000782240000)
[48.336s][debug][gc,heap        ] GC(116)   from space 4352K,  85% used [0x0000000782240000, 0x00000007825dd598, 0x0000000782680000)
[48.336s][debug][gc,heap        ] GC(116)   to   space 4352K,   0% used [0x0000000782680000, 0x0000000782680000, 0x0000000782ac0000)
[48.336s][debug][gc,heap        ] GC(116)  tenured generation   total 87424K, used 25738K [0x00000007aaaa0000, 0x00000007b0000000, 0x0000000800000000)
[48.336s][debug][gc,heap        ] GC(116)    the space 87424K,  29% used [0x00000007aaaa0000, 0x00000007ac3c2960, 0x00000007ac3c2a00, 0x00000007b0000000)
[48.336s][debug][gc,heap        ] GC(116)  Metaspace       used 9007K, committed 9344K, reserved 1114112K
[48.336s][debug][gc,heap        ] GC(116)   class space    used 934K, committed 1088K, reserved 1048576K
[48.336s][debug][gc,tlab        ] GC(116) TLAB totals: thrds: 1  refills: 45 max: 45 slow allocs: 5 max 5 waste:  0.1% gc: 0B max: 0B slow: 26368B max: 26368B
[48.341s][debug][gc,ref         ] GC(116) Skipped SoftWeakFinalRefsPhase of Reference Processing: no references
[48.341s][debug][gc,ref         ] GC(116) Skipped KeepAliveFinalRefsPhase of Reference Processing: no references
[48.341s][debug][gc,ref         ] GC(116) Skipped PhantomRefsPhase of Reference Processing: no references
[48.341s][debug][gc,phases,ref  ] GC(116) Reference Processing: 0.2ms
[48.341s][debug][gc,phases,ref  ] GC(116)   Notify Soft/WeakReferences: 0.1ms
[48.341s][debug][gc,phases,ref  ] GC(116)     SoftRef: skipped
[48.341s][debug][gc,phases,ref  ] GC(116)     WeakRef: skipped
[48.341s][debug][gc,phases,ref  ] GC(116)     FinalRef: skipped
[48.341s][debug][gc,phases,ref  ] GC(116)     Total: skipped
[48.342s][debug][gc,phases,ref  ] GC(116)   Notify and keep alive finalizable: 0.0ms
[48.342s][debug][gc,phases,ref  ] GC(116)     FinalRef: skipped
[48.342s][debug][gc,phases,ref  ] GC(116)   Notify PhantomReferences: 0.0ms
[48.342s][debug][gc,phases,ref  ] GC(116)     PhantomRef: skipped
[48.342s][debug][gc,phases,ref  ] GC(116)   SoftReference Discovered: 0, Dropped: 0, Processed: 0
[48.342s][debug][gc,phases,ref  ] GC(116)   WeakReference Discovered: 0, Dropped: 0, Processed: 0
[48.342s][debug][gc,phases,ref  ] GC(116)   FinalReference Discovered: 0, Dropped: 0, Processed: 0
[48.342s][debug][gc,phases,ref  ] GC(116)   PhantomReference Discovered: 0, Dropped: 0, Processed: 0
[48.342s][debug][gc,age         ] GC(116) Desired survivor size 2228224 bytes, new threshold 1 (max threshold 15)
[48.342s][info ][gc,heap        ] GC(116) DefNew: 38773K(39424K)->2291K(39424K) Eden: 35072K(35072K)->0K(35072K) From: 3701K(4352K)->2291K(4352K)
[48.342s][info ][gc,heap        ] GC(116) Tenured: 25738K(87424K)->25738K(87424K)
[48.342s][info ][gc,metaspace   ] GC(116) Metaspace: 9007K(9344K)->9007K(9344K) NonClass: 8072K(8256K)->8072K(8256K) Class: 934K(1088K)->934K(1088K)
[48.342s][debug][gc,heap        ] GC(116) Heap after GC invocations=114 (full 3):
[48.342s][debug][gc,heap        ] GC(116)  def new generation   total 39424K, used 2291K [0x0000000780000000, 0x0000000782ac0000, 0x00000007aaaa0000)
[48.342s][debug][gc,heap        ] GC(116)   eden space 35072K,   0% used [0x0000000780000000, 0x0000000780000000, 0x0000000782240000)
[48.342s][debug][gc,heap        ] GC(116)   from space 4352K,  52% used [0x0000000782680000, 0x00000007828bcfb8, 0x0000000782ac0000)
[48.342s][debug][gc,heap        ] GC(116)   to   space 4352K,   0% used [0x0000000782240000, 0x0000000782240000, 0x0000000782680000)
[48.342s][debug][gc,heap        ] GC(116)  tenured generation   total 87424K, used 25738K [0x00000007aaaa0000, 0x00000007b0000000, 0x0000000800000000)
[48.342s][debug][gc,heap        ] GC(116)    the space 87424K,  29% used [0x00000007aaaa0000, 0x00000007ac3c2960, 0x00000007ac3c2a00, 0x00000007b0000000)
[48.342s][debug][gc,heap        ] GC(116)  Metaspace       used 9007K, committed 9344K, reserved 1114112K
[48.342s][debug][gc,heap        ] GC(116)   class space    used 934K, committed 1088K, reserved 1048576K
[48.342s][info ][gc             ] GC(116) Pause Young (Allocation Failure) 62M->27M(123M) 6.574ms
[48.342s][info ][gc,cpu         ] GC(116) User=0.01s Sys=0.00s Real=0.01s
[48.675s][info ][gc,start       ] GC(117) Pause Young (Allocation Failure)
[48.675s][debug][gc,heap        ] GC(117) Heap before GC invocations=114 (full 3):
[48.675s][debug][gc,heap        ] GC(117)  def new generation   total 39424K, used 37363K [0x0000000780000000, 0x0000000782ac0000, 0x00000007aaaa0000)
[48.675s][debug][gc,heap        ] GC(117)   eden space 35072K, 100% used [0x0000000780000000, 0x0000000782240000, 0x0000000782240000)
[48.675s][debug][gc,heap        ] GC(117)   from space 4352K,  52% used [0x0000000782680000, 0x00000007828bcfb8, 0x0000000782ac0000)
[48.675s][debug][gc,heap        ] GC(117)   to   space 4352K,   0% used [0x0000000782240000, 0x0000000782240000, 0x0000000782680000)
[48.675s][debug][gc,heap        ] GC(117)  tenured generation   total 87424K, used 25738K [0x00000007aaaa0000, 0x00000007b0000000, 0x0000000800000000)
[48.675s][debug][gc,heap        ] GC(117)    the space 87424K,  29% used [0x00000007aaaa0000, 0x00000007ac3c2960, 0x00000007ac3c2a00, 0x00000007b0000000)
[48.675s][debug][gc,heap        ] GC(117)  Metaspace       used 9010K, committed 9344K, reserved 1114112K
[48.675s][debug][gc,heap        ] GC(117)   class space    used 934K, committed 1088K, reserved 1048576K
[48.675s][debug][gc,tlab        ] GC(117) TLAB totals: thrds: 4  refills: 88 max: 44 slow allocs: 29 max 14 waste:  0.2% gc: 6696B max: 2512B slow: 50368B max: 26104B
[48.677s][debug][gc,ref         ] GC(117) Skipped SoftWeakFinalRefsPhase of Reference Processing: no references
[48.677s][debug][gc,ref         ] GC(117) Skipped KeepAliveFinalRefsPhase of Reference Processing: no references
[48.677s][debug][gc,ref         ] GC(117) Skipped PhantomRefsPhase of Reference Processing: no references
[48.677s][debug][gc,phases,ref  ] GC(117) Reference Processing: 0.1ms
[48.677s][debug][gc,phases,ref  ] GC(117)   Notify Soft/WeakReferences: 0.0ms
[48.677s][debug][gc,phases,ref  ] GC(117)     SoftRef: skipped
[48.677s][debug][gc,phases,ref  ] GC(117)     WeakRef: skipped
[48.677s][debug][gc,phases,ref  ] GC(117)     FinalRef: skipped
[48.677s][debug][gc,phases,ref  ] GC(117)     Total: skipped
[48.677s][debug][gc,phases,ref  ] GC(117)   Notify and keep alive finalizable: 0.0ms
[48.677s][debug][gc,phases,ref  ] GC(117)     FinalRef: skipped
[48.677s][debug][gc,phases,ref  ] GC(117)   Notify PhantomReferences: 0.0ms
[48.677s][debug][gc,phases,ref  ] GC(117)     PhantomRef: skipped
[48.678s][debug][gc,phases,ref  ] GC(117)   SoftReference Discovered: 0, Dropped: 0, Processed: 0
[48.678s][debug][gc,phases,ref  ] GC(117)   WeakReference Discovered: 0, Dropped: 0, Processed: 0
[48.678s][debug][gc,phases,ref  ] GC(117)   FinalReference Discovered: 0, Dropped: 0, Processed: 0
[48.678s][debug][gc,phases,ref  ] GC(117)   PhantomReference Discovered: 0, Dropped: 0, Processed: 0
[48.678s][debug][gc,age         ] GC(117) Desired survivor size 2228224 bytes, new threshold 15 (max threshold 15)
[48.678s][info ][gc,heap        ] GC(117) DefNew: 37363K(39424K)->691K(39424K) Eden: 35072K(35072K)->0K(35072K) From: 2291K(4352K)->691K(4352K)
[48.678s][info ][gc,heap        ] GC(117) Tenured: 25738K(87424K)->25738K(87424K)
[48.678s][info ][gc,metaspace   ] GC(117) Metaspace: 9010K(9344K)->9010K(9344K) NonClass: 8076K(8256K)->8076K(8256K) Class: 934K(1088K)->934K(1088K)
[48.678s][debug][gc,heap        ] GC(117) Heap after GC invocations=115 (full 3):
[48.678s][debug][gc,heap        ] GC(117)  def new generation   total 39424K, used 691K [0x0000000780000000, 0x0000000782ac0000, 0x00000007aaaa0000)
[48.678s][debug][gc,heap        ] GC(117)   eden space 35072K,   0% used [0x0000000780000000, 0x0000000780000000, 0x0000000782240000)
[48.678s][debug][gc,heap        ] GC(117)   from space 4352K,  15% used [0x0000000782240000, 0x00000007822ecf00, 0x0000000782680000)
[48.678s][debug][gc,heap        ] GC(117)   to   space 4352K,   0% used [0x0000000782680000, 0x0000000782680000, 0x0000000782ac0000)
[48.678s][debug][gc,heap        ] GC(117)  tenured generation   total 87424K, used 25738K [0x00000007aaaa0000, 0x00000007b0000000, 0x0000000800000000)
[48.678s][debug][gc,heap        ] GC(117)    the space 87424K,  29% used [0x00000007aaaa0000, 0x00000007ac3c2960, 0x00000007ac3c2a00, 0x00000007b0000000)
[48.678s][debug][gc,heap        ] GC(117)  Metaspace       used 9010K, committed 9344K, reserved 1114112K
[48.678s][debug][gc,heap        ] GC(117)   class space    used 934K, committed 1088K, reserved 1048576K
[48.678s][info ][gc             ] GC(117) Pause Young (Allocation Failure) 61M->25M(123M) 3.184ms
[48.678s][info ][gc,cpu         ] GC(117) User=0.00s Sys=0.00s Real=0.01s
[48.913s][info ][gc,start       ] GC(118) Pause Young (Allocation Failure)
[48.913s][debug][gc,heap        ] GC(118) Heap before GC invocations=115 (full 3):
[48.913s][debug][gc,heap        ] GC(118)  def new generation   total 39424K, used 35741K [0x0000000780000000, 0x0000000782ac0000, 0x00000007aaaa0000)
[48.913s][debug][gc,heap        ] GC(118)   eden space 35072K,  99% used [0x0000000780000000, 0x000000078223a848, 0x0000000782240000)
[48.913s][debug][gc,heap        ] GC(118)   from space 4352K,  15% used [0x0000000782240000, 0x00000007822ecf00, 0x0000000782680000)
[48.913s][debug][gc,heap        ] GC(118)   to   space 4352K,   0% used [0x0000000782680000, 0x0000000782680000, 0x0000000782ac0000)
[48.913s][debug][gc,heap        ] GC(118)  tenured generation   total 87424K, used 25738K [0x00000007aaaa0000, 0x00000007b0000000, 0x0000000800000000)
[48.913s][debug][gc,heap        ] GC(118)    the space 87424K,  29% used [0x00000007aaaa0000, 0x00000007ac3c2960, 0x00000007ac3c2a00, 0x00000007b0000000)
[48.913s][debug][gc,heap        ] GC(118)  Metaspace       used 9010K, committed 9344K, reserved 1114112K
[48.913s][debug][gc,heap        ] GC(118)   class space    used 934K, committed 1088K, reserved 1048576K
[48.913s][debug][gc,tlab        ] GC(118) TLAB totals: thrds: 1  refills: 46 max: 46 slow allocs: 6 max 6 waste:  1.3% gc: 401744B max: 401744B slow: 26536B max: 26536B
[48.930s][debug][gc,ref         ] GC(118) Skipped SoftWeakFinalRefsPhase of Reference Processing: no references
[48.930s][debug][gc,ref         ] GC(118) Skipped KeepAliveFinalRefsPhase of Reference Processing: no references
[48.930s][debug][gc,ref         ] GC(118) Skipped PhantomRefsPhase of Reference Processing: no references
[48.930s][debug][gc,phases,ref  ] GC(118) Reference Processing: 0.1ms
[48.930s][debug][gc,phases,ref  ] GC(118)   Notify Soft/WeakReferences: 0.1ms
[48.930s][debug][gc,phases,ref  ] GC(118)     SoftRef: skipped
[48.930s][debug][gc,phases,ref  ] GC(118)     WeakRef: skipped
[48.930s][debug][gc,phases,ref  ] GC(118)     FinalRef: skipped
[48.930s][debug][gc,phases,ref  ] GC(118)     Total: skipped
[48.930s][debug][gc,phases,ref  ] GC(118)   Notify and keep alive finalizable: 0.0ms
[48.930s][debug][gc,phases,ref  ] GC(118)     FinalRef: skipped
[48.930s][debug][gc,phases,ref  ] GC(118)   Notify PhantomReferences: 0.0ms
[48.930s][debug][gc,phases,ref  ] GC(118)     PhantomRef: skipped
[48.930s][debug][gc,phases,ref  ] GC(118)   SoftReference Discovered: 0, Dropped: 0, Processed: 0
[48.930s][debug][gc,phases,ref  ] GC(118)   WeakReference Discovered: 0, Dropped: 0, Processed: 0
[48.930s][debug][gc,phases,ref  ] GC(118)   FinalReference Discovered: 0, Dropped: 0, Processed: 0
[48.930s][debug][gc,phases,ref  ] GC(118)   PhantomReference Discovered: 0, Dropped: 0, Processed: 0
[48.930s][debug][gc,age         ] GC(118) Desired survivor size 2228224 bytes, new threshold 1 (max threshold 15)
[48.930s][info ][gc,heap        ] GC(118) DefNew: 35741K(39424K)->4351K(39424K) Eden: 35050K(35072K)->0K(35072K) From: 691K(4352K)->4351K(4352K)
[48.930s][info ][gc,heap        ] GC(118) Tenured: 25738K(87424K)->31872K(87424K)
[48.930s][info ][gc,metaspace   ] GC(118) Metaspace: 9010K(9344K)->9010K(9344K) NonClass: 8076K(8256K)->8076K(8256K) Class: 934K(1088K)->934K(1088K)
[48.930s][debug][gc,heap        ] GC(118) Heap after GC invocations=116 (full 3):
[48.930s][debug][gc,heap        ] GC(118)  def new generation   total 39424K, used 4351K [0x0000000780000000, 0x0000000782ac0000, 0x00000007aaaa0000)
[48.930s][debug][gc,heap        ] GC(118)   eden space 35072K,   0% used [0x0000000780000000, 0x0000000780000000, 0x0000000782240000)
[48.930s][debug][gc,heap        ] GC(118)   from space 4352K,  99% used [0x0000000782680000, 0x0000000782abfff8, 0x0000000782ac0000)
[48.930s][debug][gc,heap        ] GC(118)   to   space 4352K,   0% used [0x0000000782240000, 0x0000000782240000, 0x0000000782680000)
[48.930s][debug][gc,heap        ] GC(118)  tenured generation   total 87424K, used 31872K [0x00000007aaaa0000, 0x00000007b0000000, 0x0000000800000000)
[48.930s][debug][gc,heap        ] GC(118)    the space 87424K,  36% used [0x00000007aaaa0000, 0x00000007ac9c02e8, 0x00000007ac9c0400, 0x00000007b0000000)
[48.930s][debug][gc,heap        ] GC(118)  Metaspace       used 9010K, committed 9344K, reserved 1114112K
[48.930s][debug][gc,heap        ] GC(118)   class space    used 934K, committed 1088K, reserved 1048576K
[48.930s][info ][gc             ] GC(118) Pause Young (Allocation Failure) 60M->35M(123M) 17.557ms
[48.930s][info ][gc,cpu         ] GC(118) User=0.01s Sys=0.00s Real=0.02s
[49.272s][info ][gc,start       ] GC(119) Pause Young (Allocation Failure)
[49.272s][debug][gc,heap        ] GC(119) Heap before GC invocations=116 (full 3):
[49.272s][debug][gc,heap        ] GC(119)  def new generation   total 39424K, used 39423K [0x0000000780000000, 0x0000000782ac0000, 0x00000007aaaa0000)
[49.272s][debug][gc,heap        ] GC(119)   eden space 35072K, 100% used [0x0000000780000000, 0x0000000782240000, 0x0000000782240000)
[49.272s][debug][gc,heap        ] GC(119)   from space 4352K,  99% used [0x0000000782680000, 0x0000000782abfff8, 0x0000000782ac0000)
[49.272s][debug][gc,heap        ] GC(119)   to   space 4352K,   0% used [0x0000000782240000, 0x0000000782240000, 0x0000000782680000)
[49.272s][debug][gc,heap        ] GC(119)  tenured generation   total 87424K, used 31872K [0x00000007aaaa0000, 0x00000007b0000000, 0x0000000800000000)
[49.272s][debug][gc,heap        ] GC(119)    the space 87424K,  36% used [0x00000007aaaa0000, 0x00000007ac9c02e8, 0x00000007ac9c0400, 0x00000007b0000000)
[49.272s][debug][gc,heap        ] GC(119)  Metaspace       used 9010K, committed 9344K, reserved 1114112K
[49.272s][debug][gc,heap        ] GC(119)   class space    used 934K, committed 1088K, reserved 1048576K
[49.272s][debug][gc,tlab        ] GC(119) TLAB totals: thrds: 1  refills: 45 max: 45 slow allocs: 5 max 5 waste:  0.1% gc: 0B max: 0B slow: 26184B max: 26184B
[49.288s][debug][gc,ref         ] GC(119) Skipped SoftWeakFinalRefsPhase of Reference Processing: no references
[49.288s][debug][gc,ref         ] GC(119) Skipped KeepAliveFinalRefsPhase of Reference Processing: no references
[49.288s][debug][gc,ref         ] GC(119) Skipped PhantomRefsPhase of Reference Processing: no references
[49.288s][debug][gc,phases,ref  ] GC(119) Reference Processing: 0.1ms
[49.289s][debug][gc,phases,ref  ] GC(119)   Notify Soft/WeakReferences: 0.1ms
[49.289s][debug][gc,phases,ref  ] GC(119)     SoftRef: skipped
[49.289s][debug][gc,phases,ref  ] GC(119)     WeakRef: skipped
[49.289s][debug][gc,phases,ref  ] GC(119)     FinalRef: skipped
[49.289s][debug][gc,phases,ref  ] GC(119)     Total: skipped
[49.289s][debug][gc,phases,ref  ] GC(119)   Notify and keep alive finalizable: 0.0ms
[49.289s][debug][gc,phases,ref  ] GC(119)     FinalRef: skipped
[49.289s][debug][gc,phases,ref  ] GC(119)   Notify PhantomReferences: 0.0ms
[49.289s][debug][gc,phases,ref  ] GC(119)     PhantomRef: skipped
[49.289s][debug][gc,phases,ref  ] GC(119)   SoftReference Discovered: 0, Dropped: 0, Processed: 0
[49.289s][debug][gc,phases,ref  ] GC(119)   WeakReference Discovered: 0, Dropped: 0, Processed: 0
[49.289s][debug][gc,phases,ref  ] GC(119)   FinalReference Discovered: 0, Dropped: 0, Processed: 0
[49.289s][debug][gc,phases,ref  ] GC(119)   PhantomReference Discovered: 0, Dropped: 0, Processed: 0
[49.289s][debug][gc,age         ] GC(119) Desired survivor size 2228224 bytes, new threshold 1 (max threshold 15)
[49.289s][info ][gc,heap        ] GC(119) DefNew: 39423K(39424K)->4351K(39424K) Eden: 35072K(35072K)->0K(35072K) From: 4351K(4352K)->4351K(4352K)
[49.289s][info ][gc,heap        ] GC(119) Tenured: 31872K(87424K)->36469K(87424K)
[49.289s][info ][gc,metaspace   ] GC(119) Metaspace: 9010K(9344K)->9010K(9344K) NonClass: 8076K(8256K)->8076K(8256K) Class: 934K(1088K)->934K(1088K)
[49.289s][debug][gc,heap        ] GC(119) Heap after GC invocations=117 (full 3):
[49.289s][debug][gc,heap        ] GC(119)  def new generation   total 39424K, used 4351K [0x0000000780000000, 0x0000000782ac0000, 0x00000007aaaa0000)
[49.289s][debug][gc,heap        ] GC(119)   eden space 35072K,   0% used [0x0000000780000000, 0x0000000780000000, 0x0000000782240000)
[49.289s][debug][gc,heap        ] GC(119)   from space 4352K,  99% used [0x0000000782240000, 0x000000078267fff8, 0x0000000782680000)
[49.289s][debug][gc,heap        ] GC(119)   to   space 4352K,   0% used [0x0000000782680000, 0x0000000782680000, 0x0000000782ac0000)
[49.289s][debug][gc,heap        ] GC(119)  tenured generation   total 87424K, used 36469K [0x00000007aaaa0000, 0x00000007b0000000, 0x0000000800000000)
[49.289s][debug][gc,heap        ] GC(119)    the space 87424K,  41% used [0x00000007aaaa0000, 0x00000007ace3d738, 0x00000007ace3d800, 0x00000007b0000000)
[49.289s][debug][gc,heap        ] GC(119)  Metaspace       used 9010K, committed 9344K, reserved 1114112K
[49.289s][debug][gc,heap        ] GC(119)   class space    used 934K, committed 1088K, reserved 1048576K
[49.289s][info ][gc             ] GC(119) Pause Young (Allocation Failure) 69M->39M(123M) 17.292ms
[49.289s][info ][gc,cpu         ] GC(119) User=0.01s Sys=0.00s Real=0.02s
[49.625s][info ][gc,start       ] GC(120) Pause Young (Allocation Failure)
[49.625s][debug][gc,heap        ] GC(120) Heap before GC invocations=117 (full 3):
[49.625s][debug][gc,heap        ] GC(120)  def new generation   total 39424K, used 39423K [0x0000000780000000, 0x0000000782ac0000, 0x00000007aaaa0000)
[49.625s][debug][gc,heap        ] GC(120)   eden space 35072K, 100% used [0x0000000780000000, 0x0000000782240000, 0x0000000782240000)
[49.625s][debug][gc,heap        ] GC(120)   from space 4352K,  99% used [0x0000000782240000, 0x000000078267fff8, 0x0000000782680000)
[49.625s][debug][gc,heap        ] GC(120)   to   space 4352K,   0% used [0x0000000782680000, 0x0000000782680000, 0x0000000782ac0000)
[49.625s][debug][gc,heap        ] GC(120)  tenured generation   total 87424K, used 36469K [0x00000007aaaa0000, 0x00000007b0000000, 0x0000000800000000)
[49.625s][debug][gc,heap        ] GC(120)    the space 87424K,  41% used [0x00000007aaaa0000, 0x00000007ace3d738, 0x00000007ace3d800, 0x00000007b0000000)
[49.625s][debug][gc,heap        ] GC(120)  Metaspace       used 9012K, committed 9344K, reserved 1114112K
[49.625s][debug][gc,heap        ] GC(120)   class space    used 934K, committed 1088K, reserved 1048576K
[49.625s][debug][gc,tlab        ] GC(120) TLAB totals: thrds: 4  refills: 88 max: 44 slow allocs: 29 max 15 waste:  0.2% gc: 6616B max: 2272B slow: 50400B max: 25992B
[49.636s][debug][gc,ref         ] GC(120) Skipped SoftWeakFinalRefsPhase of Reference Processing: no references
[49.636s][debug][gc,ref         ] GC(120) Skipped KeepAliveFinalRefsPhase of Reference Processing: no references
[49.636s][debug][gc,ref         ] GC(120) Skipped PhantomRefsPhase of Reference Processing: no references
[49.636s][debug][gc,phases,ref  ] GC(120) Reference Processing: 0.1ms
[49.636s][debug][gc,phases,ref  ] GC(120)   Notify Soft/WeakReferences: 0.1ms
[49.636s][debug][gc,phases,ref  ] GC(120)     SoftRef: skipped
[49.636s][debug][gc,phases,ref  ] GC(120)     WeakRef: skipped
[49.636s][debug][gc,phases,ref  ] GC(120)     FinalRef: skipped
[49.636s][debug][gc,phases,ref  ] GC(120)     Total: skipped
[49.636s][debug][gc,phases,ref  ] GC(120)   Notify and keep alive finalizable: 0.0ms
[49.636s][debug][gc,phases,ref  ] GC(120)     FinalRef: skipped
[49.636s][debug][gc,phases,ref  ] GC(120)   Notify PhantomReferences: 0.0ms
[49.636s][debug][gc,phases,ref  ] GC(120)     PhantomRef: skipped
[49.636s][debug][gc,phases,ref  ] GC(120)   SoftReference Discovered: 0, Dropped: 0, Processed: 0
[49.636s][debug][gc,phases,ref  ] GC(120)   WeakReference Discovered: 0, Dropped: 0, Processed: 0
[49.636s][debug][gc,phases,ref  ] GC(120)   FinalReference Discovered: 0, Dropped: 0, Processed: 0
[49.637s][debug][gc,phases,ref  ] GC(120)   PhantomReference Discovered: 0, Dropped: 0, Processed: 0
[49.637s][debug][gc,age         ] GC(120) Desired survivor size 2228224 bytes, new threshold 1 (max threshold 15)
[49.637s][info ][gc,heap        ] GC(120) DefNew: 39423K(39424K)->4351K(39424K) Eden: 35072K(35072K)->0K(35072K) From: 4351K(4352K)->4351K(4352K)
[49.637s][info ][gc,heap        ] GC(120) Tenured: 36469K(87424K)->39402K(87424K)
[49.637s][info ][gc,metaspace   ] GC(120) Metaspace: 9012K(9344K)->9012K(9344K) NonClass: 8078K(8256K)->8078K(8256K) Class: 934K(1088K)->934K(1088K)
[49.637s][debug][gc,heap        ] GC(120) Heap after GC invocations=118 (full 3):
[49.637s][debug][gc,heap        ] GC(120)  def new generation   total 39424K, used 4351K [0x0000000780000000, 0x0000000782ac0000, 0x00000007aaaa0000)
[49.637s][debug][gc,heap        ] GC(120)   eden space 35072K,   0% used [0x0000000780000000, 0x0000000780000000, 0x0000000782240000)
[49.637s][debug][gc,heap        ] GC(120)   from space 4352K,  99% used [0x0000000782680000, 0x0000000782abfff8, 0x0000000782ac0000)
[49.637s][debug][gc,heap        ] GC(120)   to   space 4352K,   0% used [0x0000000782240000, 0x0000000782240000, 0x0000000782680000)
[49.637s][debug][gc,heap        ] GC(120)  tenured generation   total 87424K, used 39402K [0x00000007aaaa0000, 0x00000007b0000000, 0x0000000800000000)
[49.637s][debug][gc,heap        ] GC(120)    the space 87424K,  45% used [0x00000007aaaa0000, 0x00000007ad11aa68, 0x00000007ad11ac00, 0x00000007b0000000)
[49.637s][debug][gc,heap        ] GC(120)  Metaspace       used 9012K, committed 9344K, reserved 1114112K
[49.637s][debug][gc,heap        ] GC(120)   class space    used 934K, committed 1088K, reserved 1048576K
[49.637s][info ][gc             ] GC(120) Pause Young (Allocation Failure) 74M->42M(123M) 11.998ms
[49.637s][info ][gc,cpu         ] GC(120) User=0.01s Sys=0.00s Real=0.01s
[49.973s][info ][gc,start       ] GC(121) Pause Young (Allocation Failure)
[49.973s][debug][gc,heap        ] GC(121) Heap before GC invocations=118 (full 3):
[49.973s][debug][gc,heap        ] GC(121)  def new generation   total 39424K, used 39423K [0x0000000780000000, 0x0000000782ac0000, 0x00000007aaaa0000)
[49.973s][debug][gc,heap        ] GC(121)   eden space 35072K, 100% used [0x0000000780000000, 0x0000000782240000, 0x0000000782240000)
[49.973s][debug][gc,heap        ] GC(121)   from space 4352K,  99% used [0x0000000782680000, 0x0000000782abfff8, 0x0000000782ac0000)
[49.973s][debug][gc,heap        ] GC(121)   to   space 4352K,   0% used [0x0000000782240000, 0x0000000782240000, 0x0000000782680000)
[49.973s][debug][gc,heap        ] GC(121)  tenured generation   total 87424K, used 39402K [0x00000007aaaa0000, 0x00000007b0000000, 0x0000000800000000)
[49.973s][debug][gc,heap        ] GC(121)    the space 87424K,  45% used [0x00000007aaaa0000, 0x00000007ad11aa68, 0x00000007ad11ac00, 0x00000007b0000000)
[49.973s][debug][gc,heap        ] GC(121)  Metaspace       used 9012K, committed 9344K, reserved 1114112K
[49.973s][debug][gc,heap        ] GC(121)   class space    used 934K, committed 1088K, reserved 1048576K
[49.974s][debug][gc,tlab        ] GC(121) TLAB totals: thrds: 1  refills: 44 max: 44 slow allocs: 8 max 8 waste:  0.1% gc: 0B max: 0B slow: 25456B max: 25456B
[49.983s][debug][gc,ref         ] GC(121) Skipped SoftWeakFinalRefsPhase of Reference Processing: no references
[49.984s][debug][gc,ref         ] GC(121) Skipped KeepAliveFinalRefsPhase of Reference Processing: no references
[49.984s][debug][gc,ref         ] GC(121) Skipped PhantomRefsPhase of Reference Processing: no references
[49.984s][debug][gc,phases,ref  ] GC(121) Reference Processing: 0.2ms
[49.984s][debug][gc,phases,ref  ] GC(121)   Notify Soft/WeakReferences: 0.2ms
[49.984s][debug][gc,phases,ref  ] GC(121)     SoftRef: skipped
[49.984s][debug][gc,phases,ref  ] GC(121)     WeakRef: skipped
[49.984s][debug][gc,phases,ref  ] GC(121)     FinalRef: skipped
[49.984s][debug][gc,phases,ref  ] GC(121)     Total: skipped
[49.984s][debug][gc,phases,ref  ] GC(121)   Notify and keep alive finalizable: 0.0ms
[49.984s][debug][gc,phases,ref  ] GC(121)     FinalRef: skipped
[49.984s][debug][gc,phases,ref  ] GC(121)   Notify PhantomReferences: 0.0ms
[49.984s][debug][gc,phases,ref  ] GC(121)     PhantomRef: skipped
[49.984s][debug][gc,phases,ref  ] GC(121)   SoftReference Discovered: 0, Dropped: 0, Processed: 0
[49.984s][debug][gc,phases,ref  ] GC(121)   WeakReference Discovered: 0, Dropped: 0, Processed: 0
[49.984s][debug][gc,phases,ref  ] GC(121)   FinalReference Discovered: 0, Dropped: 0, Processed: 0
[49.984s][debug][gc,phases,ref  ] GC(121)   PhantomReference Discovered: 0, Dropped: 0, Processed: 0
[49.984s][debug][gc,age         ] GC(121) Desired survivor size 2228224 bytes, new threshold 1 (max threshold 15)
[49.984s][info ][gc,heap        ] GC(121) DefNew: 39423K(39424K)->4351K(39424K) Eden: 35072K(35072K)->0K(35072K) From: 4351K(4352K)->4351K(4352K)
[49.985s][info ][gc,heap        ] GC(121) Tenured: 39402K(87424K)->40798K(87424K)
[49.985s][info ][gc,metaspace   ] GC(121) Metaspace: 9012K(9344K)->9012K(9344K) NonClass: 8078K(8256K)->8078K(8256K) Class: 934K(1088K)->934K(1088K)
[49.985s][debug][gc,heap        ] GC(121) Heap after GC invocations=119 (full 3):
[49.985s][debug][gc,heap        ] GC(121)  def new generation   total 39424K, used 4351K [0x0000000780000000, 0x0000000782ac0000, 0x00000007aaaa0000)
[49.985s][debug][gc,heap        ] GC(121)   eden space 35072K,   0% used [0x0000000780000000, 0x0000000780000000, 0x0000000782240000)
[49.985s][debug][gc,heap        ] GC(121)   from space 4352K,  99% used [0x0000000782240000, 0x000000078267ffe8, 0x0000000782680000)
[49.985s][debug][gc,heap        ] GC(121)   to   space 4352K,   0% used [0x0000000782680000, 0x0000000782680000, 0x0000000782ac0000)
[49.985s][debug][gc,heap        ] GC(121)  tenured generation   total 87424K, used 40798K [0x00000007aaaa0000, 0x00000007b0000000, 0x0000000800000000)
[49.985s][debug][gc,heap        ] GC(121)    the space 87424K,  46% used [0x00000007aaaa0000, 0x00000007ad277b48, 0x00000007ad277c00, 0x00000007b0000000)
[49.985s][debug][gc,heap        ] GC(121)  Metaspace       used 9012K, committed 9344K, reserved 1114112K
[49.985s][debug][gc,heap        ] GC(121)   class space    used 934K, committed 1088K, reserved 1048576K
[49.985s][info ][gc             ] GC(121) Pause Young (Allocation Failure) 76M->44M(123M) 11.762ms
[49.985s][info ][gc,cpu         ] GC(121) User=0.01s Sys=0.00s Real=0.01s
[50.319s][info ][gc,start       ] GC(122) Pause Young (Allocation Failure)
[50.319s][debug][gc,heap        ] GC(122) Heap before GC invocations=119 (full 3):
[50.319s][debug][gc,heap        ] GC(122)  def new generation   total 39424K, used 39423K [0x0000000780000000, 0x0000000782ac0000, 0x00000007aaaa0000)
[50.319s][debug][gc,heap        ] GC(122)   eden space 35072K, 100% used [0x0000000780000000, 0x0000000782240000, 0x0000000782240000)
[50.319s][debug][gc,heap        ] GC(122)   from space 4352K,  99% used [0x0000000782240000, 0x000000078267ffe8, 0x0000000782680000)
[50.319s][debug][gc,heap        ] GC(122)   to   space 4352K,   0% used [0x0000000782680000, 0x0000000782680000, 0x0000000782ac0000)
[50.319s][debug][gc,heap        ] GC(122)  tenured generation   total 87424K, used 40798K [0x00000007aaaa0000, 0x00000007b0000000, 0x0000000800000000)
[50.319s][debug][gc,heap        ] GC(122)    the space 87424K,  46% used [0x00000007aaaa0000, 0x00000007ad277b48, 0x00000007ad277c00, 0x00000007b0000000)
[50.319s][debug][gc,heap        ] GC(122)  Metaspace       used 9012K, committed 9344K, reserved 1114112K
[50.319s][debug][gc,heap        ] GC(122)   class space    used 934K, committed 1088K, reserved 1048576K
[50.319s][debug][gc,tlab        ] GC(122) TLAB totals: thrds: 1  refills: 45 max: 45 slow allocs: 6 max 6 waste:  0.1% gc: 0B max: 0B slow: 35424B max: 35424B
[50.326s][debug][gc,ref         ] GC(122) Skipped SoftWeakFinalRefsPhase of Reference Processing: no references
[50.326s][debug][gc,ref         ] GC(122) Skipped KeepAliveFinalRefsPhase of Reference Processing: no references
[50.326s][debug][gc,ref         ] GC(122) Skipped PhantomRefsPhase of Reference Processing: no references
[50.326s][debug][gc,phases,ref  ] GC(122) Reference Processing: 0.1ms
[50.326s][debug][gc,phases,ref  ] GC(122)   Notify Soft/WeakReferences: 0.1ms
[50.326s][debug][gc,phases,ref  ] GC(122)     SoftRef: skipped
[50.326s][debug][gc,phases,ref  ] GC(122)     WeakRef: skipped
[50.326s][debug][gc,phases,ref  ] GC(122)     FinalRef: skipped
[50.326s][debug][gc,phases,ref  ] GC(122)     Total: skipped
[50.326s][debug][gc,phases,ref  ] GC(122)   Notify and keep alive finalizable: 0.0ms
[50.326s][debug][gc,phases,ref  ] GC(122)     FinalRef: skipped
[50.326s][debug][gc,phases,ref  ] GC(122)   Notify PhantomReferences: 0.0ms
[50.326s][debug][gc,phases,ref  ] GC(122)     PhantomRef: skipped
[50.326s][debug][gc,phases,ref  ] GC(122)   SoftReference Discovered: 0, Dropped: 0, Processed: 0
[50.326s][debug][gc,phases,ref  ] GC(122)   WeakReference Discovered: 0, Dropped: 0, Processed: 0
[50.326s][debug][gc,phases,ref  ] GC(122)   FinalReference Discovered: 0, Dropped: 0, Processed: 0
[50.326s][debug][gc,phases,ref  ] GC(122)   PhantomReference Discovered: 0, Dropped: 0, Processed: 0
[50.327s][debug][gc,age         ] GC(122) Desired survivor size 2228224 bytes, new threshold 1 (max threshold 15)
[50.327s][info ][gc,heap        ] GC(122) DefNew: 39423K(39424K)->4351K(39424K) Eden: 35072K(35072K)->0K(35072K) From: 4351K(4352K)->4351K(4352K)
[50.327s][info ][gc,heap        ] GC(122) Tenured: 40798K(87424K)->40904K(87424K)
[50.327s][info ][gc,metaspace   ] GC(122) Metaspace: 9012K(9344K)->9012K(9344K) NonClass: 8078K(8256K)->8078K(8256K) Class: 934K(1088K)->934K(1088K)
[50.327s][debug][gc,heap        ] GC(122) Heap after GC invocations=120 (full 3):
[50.327s][debug][gc,heap        ] GC(122)  def new generation   total 39424K, used 4351K [0x0000000780000000, 0x0000000782ac0000, 0x00000007aaaa0000)
[50.327s][debug][gc,heap        ] GC(122)   eden space 35072K,   0% used [0x0000000780000000, 0x0000000780000000, 0x0000000782240000)
[50.327s][debug][gc,heap        ] GC(122)   from space 4352K,  99% used [0x0000000782680000, 0x0000000782abffe8, 0x0000000782ac0000)
[50.327s][debug][gc,heap        ] GC(122)   to   space 4352K,   0% used [0x0000000782240000, 0x0000000782240000, 0x0000000782680000)
[50.327s][debug][gc,heap        ] GC(122)  tenured generation   total 87424K, used 40904K [0x00000007aaaa0000, 0x00000007b0000000, 0x0000000800000000)
[50.327s][debug][gc,heap        ] GC(122)    the space 87424K,  46% used [0x00000007aaaa0000, 0x00000007ad2922e8, 0x00000007ad292400, 0x00000007b0000000)
[50.327s][debug][gc,heap        ] GC(122)  Metaspace       used 9012K, committed 9344K, reserved 1114112K
[50.327s][debug][gc,heap        ] GC(122)   class space    used 934K, committed 1088K, reserved 1048576K
[50.327s][info ][gc             ] GC(122) Pause Young (Allocation Failure) 78M->44M(123M) 7.959ms
[50.327s][info ][gc,cpu         ] GC(122) User=0.01s Sys=0.00s Real=0.00s
[50.660s][info ][gc,start       ] GC(123) Pause Young (Allocation Failure)
[50.660s][debug][gc,heap        ] GC(123) Heap before GC invocations=120 (full 3):
[50.660s][debug][gc,heap        ] GC(123)  def new generation   total 39424K, used 39423K [0x0000000780000000, 0x0000000782ac0000, 0x00000007aaaa0000)
[50.660s][debug][gc,heap        ] GC(123)   eden space 35072K, 100% used [0x0000000780000000, 0x0000000782240000, 0x0000000782240000)
[50.660s][debug][gc,heap        ] GC(123)   from space 4352K,  99% used [0x0000000782680000, 0x0000000782abffe8, 0x0000000782ac0000)
[50.660s][debug][gc,heap        ] GC(123)   to   space 4352K,   0% used [0x0000000782240000, 0x0000000782240000, 0x0000000782680000)
[50.661s][debug][gc,heap        ] GC(123)  tenured generation   total 87424K, used 40904K [0x00000007aaaa0000, 0x00000007b0000000, 0x0000000800000000)
[50.661s][debug][gc,heap        ] GC(123)    the space 87424K,  46% used [0x00000007aaaa0000, 0x00000007ad2922e8, 0x00000007ad292400, 0x00000007b0000000)
[50.661s][debug][gc,heap        ] GC(123)  Metaspace       used 9022K, committed 9344K, reserved 1114112K
[50.661s][debug][gc,heap        ] GC(123)   class space    used 934K, committed 1088K, reserved 1048576K
[50.661s][debug][gc,tlab        ] GC(123) TLAB totals: thrds: 3  refills: 89 max: 46 slow allocs: 20 max 20 waste:  0.2% gc: 4400B max: 2512B slow: 75984B max: 51656B
[50.666s][debug][gc,ref         ] GC(123) Skipped SoftWeakFinalRefsPhase of Reference Processing: no references
[50.666s][debug][gc,ref         ] GC(123) Skipped KeepAliveFinalRefsPhase of Reference Processing: no references
[50.666s][debug][gc,ref         ] GC(123) Skipped PhantomRefsPhase of Reference Processing: no references
[50.666s][debug][gc,phases,ref  ] GC(123) Reference Processing: 0.1ms
[50.666s][debug][gc,phases,ref  ] GC(123)   Notify Soft/WeakReferences: 0.1ms
[50.666s][debug][gc,phases,ref  ] GC(123)     SoftRef: skipped
[50.666s][debug][gc,phases,ref  ] GC(123)     WeakRef: skipped
[50.666s][debug][gc,phases,ref  ] GC(123)     FinalRef: skipped
[50.666s][debug][gc,phases,ref  ] GC(123)     Total: skipped
[50.666s][debug][gc,phases,ref  ] GC(123)   Notify and keep alive finalizable: 0.0ms
[50.666s][debug][gc,phases,ref  ] GC(123)     FinalRef: skipped
[50.666s][debug][gc,phases,ref  ] GC(123)   Notify PhantomReferences: 0.0ms
[50.666s][debug][gc,phases,ref  ] GC(123)     PhantomRef: skipped
[50.666s][debug][gc,phases,ref  ] GC(123)   SoftReference Discovered: 0, Dropped: 0, Processed: 0
[50.666s][debug][gc,phases,ref  ] GC(123)   WeakReference Discovered: 0, Dropped: 0, Processed: 0
[50.666s][debug][gc,phases,ref  ] GC(123)   FinalReference Discovered: 0, Dropped: 0, Processed: 0
[50.666s][debug][gc,phases,ref  ] GC(123)   PhantomReference Discovered: 0, Dropped: 0, Processed: 0
[50.666s][debug][gc,age         ] GC(123) Desired survivor size 2228224 bytes, new threshold 1 (max threshold 15)
[50.666s][info ][gc,heap        ] GC(123) DefNew: 39423K(39424K)->2770K(39424K) Eden: 35072K(35072K)->0K(35072K) From: 4351K(4352K)->2770K(4352K)
[50.666s][info ][gc,heap        ] GC(123) Tenured: 40904K(87424K)->40904K(87424K)
[50.666s][info ][gc,metaspace   ] GC(123) Metaspace: 9022K(9344K)->9022K(9344K) NonClass: 8088K(8256K)->8088K(8256K) Class: 934K(1088K)->934K(1088K)
[50.666s][debug][gc,heap        ] GC(123) Heap after GC invocations=121 (full 3):
[50.666s][debug][gc,heap        ] GC(123)  def new generation   total 39424K, used 2770K [0x0000000780000000, 0x0000000782ac0000, 0x00000007aaaa0000)
[50.666s][debug][gc,heap        ] GC(123)   eden space 35072K,   0% used [0x0000000780000000, 0x0000000780000000, 0x0000000782240000)
[50.666s][debug][gc,heap        ] GC(123)   from space 4352K,  63% used [0x0000000782240000, 0x00000007824f4a18, 0x0000000782680000)
[50.667s][debug][gc,heap        ] GC(123)   to   space 4352K,   0% used [0x0000000782680000, 0x0000000782680000, 0x0000000782ac0000)
[50.667s][debug][gc,heap        ] GC(123)  tenured generation   total 87424K, used 40904K [0x00000007aaaa0000, 0x00000007b0000000, 0x0000000800000000)
[50.667s][debug][gc,heap        ] GC(123)    the space 87424K,  46% used [0x00000007aaaa0000, 0x00000007ad2922e8, 0x00000007ad292400, 0x00000007b0000000)
[50.667s][debug][gc,heap        ] GC(123)  Metaspace       used 9022K, committed 9344K, reserved 1114112K
[50.667s][debug][gc,heap        ] GC(123)   class space    used 934K, committed 1088K, reserved 1048576K
[50.667s][info ][gc             ] GC(123) Pause Young (Allocation Failure) 78M->42M(123M) 6.384ms
[50.667s][info ][gc,cpu         ] GC(123) User=0.01s Sys=0.00s Real=0.00s
[50.998s][info ][gc,start       ] GC(124) Pause Young (Allocation Failure)
[50.998s][debug][gc,heap        ] GC(124) Heap before GC invocations=121 (full 3):
[50.998s][debug][gc,heap        ] GC(124)  def new generation   total 39424K, used 37842K [0x0000000780000000, 0x0000000782ac0000, 0x00000007aaaa0000)
[50.998s][debug][gc,heap        ] GC(124)   eden space 35072K, 100% used [0x0000000780000000, 0x0000000782240000, 0x0000000782240000)
[50.998s][debug][gc,heap        ] GC(124)   from space 4352K,  63% used [0x0000000782240000, 0x00000007824f4a18, 0x0000000782680000)
[50.998s][debug][gc,heap        ] GC(124)   to   space 4352K,   0% used [0x0000000782680000, 0x0000000782680000, 0x0000000782ac0000)
[50.998s][debug][gc,heap        ] GC(124)  tenured generation   total 87424K, used 40904K [0x00000007aaaa0000, 0x00000007b0000000, 0x0000000800000000)
[50.998s][debug][gc,heap        ] GC(124)    the space 87424K,  46% used [0x00000007aaaa0000, 0x00000007ad2922e8, 0x00000007ad292400, 0x00000007b0000000)
[50.998s][debug][gc,heap        ] GC(124)  Metaspace       used 9022K, committed 9344K, reserved 1114112K
[50.998s][debug][gc,heap        ] GC(124)   class space    used 934K, committed 1088K, reserved 1048576K
[50.998s][debug][gc,tlab        ] GC(124) TLAB totals: thrds: 1  refills: 45 max: 45 slow allocs: 7 max 7 waste:  0.5% gc: 126352B max: 126352B slow: 25656B max: 25656B
[51.002s][debug][gc,ref         ] GC(124) Skipped SoftWeakFinalRefsPhase of Reference Processing: no references
[51.002s][debug][gc,ref         ] GC(124) Skipped KeepAliveFinalRefsPhase of Reference Processing: no references
[51.002s][debug][gc,ref         ] GC(124) Skipped PhantomRefsPhase of Reference Processing: no references
[51.002s][debug][gc,phases,ref  ] GC(124) Reference Processing: 0.1ms
[51.002s][debug][gc,phases,ref  ] GC(124)   Notify Soft/WeakReferences: 0.0ms
[51.002s][debug][gc,phases,ref  ] GC(124)     SoftRef: skipped
[51.002s][debug][gc,phases,ref  ] GC(124)     WeakRef: skipped
[51.002s][debug][gc,phases,ref  ] GC(124)     FinalRef: skipped
[51.002s][debug][gc,phases,ref  ] GC(124)     Total: skipped
[51.002s][debug][gc,phases,ref  ] GC(124)   Notify and keep alive finalizable: 0.0ms
[51.002s][debug][gc,phases,ref  ] GC(124)     FinalRef: skipped
[51.002s][debug][gc,phases,ref  ] GC(124)   Notify PhantomReferences: 0.0ms
[51.002s][debug][gc,phases,ref  ] GC(124)     PhantomRef: skipped
[51.002s][debug][gc,phases,ref  ] GC(124)   SoftReference Discovered: 0, Dropped: 0, Processed: 0
[51.002s][debug][gc,phases,ref  ] GC(124)   WeakReference Discovered: 0, Dropped: 0, Processed: 0
[51.002s][debug][gc,phases,ref  ] GC(124)   FinalReference Discovered: 0, Dropped: 0, Processed: 0
[51.002s][debug][gc,phases,ref  ] GC(124)   PhantomReference Discovered: 0, Dropped: 0, Processed: 0
[51.002s][debug][gc,age         ] GC(124) Desired survivor size 2228224 bytes, new threshold 15 (max threshold 15)
[51.002s][info ][gc,heap        ] GC(124) DefNew: 37842K(39424K)->1302K(39424K) Eden: 35072K(35072K)->0K(35072K) From: 2770K(4352K)->1302K(4352K)
[51.002s][info ][gc,heap        ] GC(124) Tenured: 40904K(87424K)->40904K(87424K)
[51.002s][info ][gc,metaspace   ] GC(124) Metaspace: 9022K(9344K)->9022K(9344K) NonClass: 8088K(8256K)->8088K(8256K) Class: 934K(1088K)->934K(1088K)
[51.002s][debug][gc,heap        ] GC(124) Heap after GC invocations=122 (full 3):
[51.002s][debug][gc,heap        ] GC(124)  def new generation   total 39424K, used 1302K [0x0000000780000000, 0x0000000782ac0000, 0x00000007aaaa0000)
[51.002s][debug][gc,heap        ] GC(124)   eden space 35072K,   0% used [0x0000000780000000, 0x0000000780000000, 0x0000000782240000)
[51.002s][debug][gc,heap        ] GC(124)   from space 4352K,  29% used [0x0000000782680000, 0x00000007827c5980, 0x0000000782ac0000)
[51.002s][debug][gc,heap        ] GC(124)   to   space 4352K,   0% used [0x0000000782240000, 0x0000000782240000, 0x0000000782680000)
[51.002s][debug][gc,heap        ] GC(124)  tenured generation   total 87424K, used 40904K [0x00000007aaaa0000, 0x00000007b0000000, 0x0000000800000000)
[51.002s][debug][gc,heap        ] GC(124)    the space 87424K,  46% used [0x00000007aaaa0000, 0x00000007ad2922e8, 0x00000007ad292400, 0x00000007b0000000)
[51.002s][debug][gc,heap        ] GC(124)  Metaspace       used 9022K, committed 9344K, reserved 1114112K
[51.002s][debug][gc,heap        ] GC(124)   class space    used 934K, committed 1088K, reserved 1048576K
[51.002s][info ][gc             ] GC(124) Pause Young (Allocation Failure) 76M->41M(123M) 4.673ms
[51.002s][info ][gc,cpu         ] GC(124) User=0.00s Sys=0.00s Real=0.00s
[51.231s][info ][gc,start       ] GC(125) Pause Young (Allocation Failure)
[51.232s][debug][gc,heap        ] GC(125) Heap before GC invocations=122 (full 3):
[51.232s][debug][gc,heap        ] GC(125)  def new generation   total 39424K, used 35943K [0x0000000780000000, 0x0000000782ac0000, 0x00000007aaaa0000)
[51.232s][debug][gc,heap        ] GC(125)   eden space 35072K,  98% used [0x0000000780000000, 0x00000007821d43f8, 0x0000000782240000)
[51.232s][debug][gc,heap        ] GC(125)   from space 4352K,  29% used [0x0000000782680000, 0x00000007827c5980, 0x0000000782ac0000)
[51.232s][debug][gc,heap        ] GC(125)   to   space 4352K,   0% used [0x0000000782240000, 0x0000000782240000, 0x0000000782680000)
[51.232s][debug][gc,heap        ] GC(125)  tenured generation   total 87424K, used 40904K [0x00000007aaaa0000, 0x00000007b0000000, 0x0000000800000000)
[51.232s][debug][gc,heap        ] GC(125)    the space 87424K,  46% used [0x00000007aaaa0000, 0x00000007ad2922e8, 0x00000007ad292400, 0x00000007b0000000)
[51.232s][debug][gc,heap        ] GC(125)  Metaspace       used 9022K, committed 9344K, reserved 1114112K
[51.232s][debug][gc,heap        ] GC(125)   class space    used 934K, committed 1088K, reserved 1048576K
[51.232s][debug][gc,tlab        ] GC(125) TLAB totals: thrds: 1  refills: 44 max: 44 slow allocs: 8 max 8 waste:  2.0% gc: 609576B max: 609576B slow: 25088B max: 25088B
[51.252s][debug][gc,ref         ] GC(125) Skipped SoftWeakFinalRefsPhase of Reference Processing: no references
[51.252s][debug][gc,ref         ] GC(125) Skipped KeepAliveFinalRefsPhase of Reference Processing: no references
[51.252s][debug][gc,ref         ] GC(125) Skipped PhantomRefsPhase of Reference Processing: no references
[51.252s][debug][gc,phases,ref  ] GC(125) Reference Processing: 0.1ms
[51.252s][debug][gc,phases,ref  ] GC(125)   Notify Soft/WeakReferences: 0.1ms
[51.252s][debug][gc,phases,ref  ] GC(125)     SoftRef: skipped
[51.252s][debug][gc,phases,ref  ] GC(125)     WeakRef: skipped
[51.252s][debug][gc,phases,ref  ] GC(125)     FinalRef: skipped
[51.252s][debug][gc,phases,ref  ] GC(125)     Total: skipped
[51.252s][debug][gc,phases,ref  ] GC(125)   Notify and keep alive finalizable: 0.0ms
[51.252s][debug][gc,phases,ref  ] GC(125)     FinalRef: skipped
[51.252s][debug][gc,phases,ref  ] GC(125)   Notify PhantomReferences: 0.0ms
[51.252s][debug][gc,phases,ref  ] GC(125)     PhantomRef: skipped
[51.252s][debug][gc,phases,ref  ] GC(125)   SoftReference Discovered: 0, Dropped: 0, Processed: 0
[51.252s][debug][gc,phases,ref  ] GC(125)   WeakReference Discovered: 0, Dropped: 0, Processed: 0
[51.252s][debug][gc,phases,ref  ] GC(125)   FinalReference Discovered: 0, Dropped: 0, Processed: 0
[51.252s][debug][gc,phases,ref  ] GC(125)   PhantomReference Discovered: 0, Dropped: 0, Processed: 0
[51.252s][debug][gc,age         ] GC(125) Desired survivor size 2228224 bytes, new threshold 1 (max threshold 15)
[51.252s][info ][gc,heap        ] GC(125) DefNew: 35943K(39424K)->4351K(39424K) Eden: 34640K(35072K)->0K(35072K) From: 1302K(4352K)->4351K(4352K)
[51.252s][info ][gc,heap        ] GC(125) Tenured: 40904K(87424K)->47039K(87424K)
[51.252s][info ][gc,metaspace   ] GC(125) Metaspace: 9022K(9344K)->9022K(9344K) NonClass: 8088K(8256K)->8088K(8256K) Class: 934K(1088K)->934K(1088K)
[51.252s][debug][gc,heap        ] GC(125) Heap after GC invocations=123 (full 3):
[51.252s][debug][gc,heap        ] GC(125)  def new generation   total 39424K, used 4351K [0x0000000780000000, 0x0000000782ac0000, 0x00000007aaaa0000)
[51.252s][debug][gc,heap        ] GC(125)   eden space 35072K,   0% used [0x0000000780000000, 0x0000000780000000, 0x0000000782240000)
[51.252s][debug][gc,heap        ] GC(125)   from space 4352K,  99% used [0x0000000782240000, 0x000000078267fff8, 0x0000000782680000)
[51.252s][debug][gc,heap        ] GC(125)   to   space 4352K,   0% used [0x0000000782680000, 0x0000000782680000, 0x0000000782ac0000)
[51.252s][debug][gc,heap        ] GC(125)  tenured generation   total 87424K, used 47039K [0x00000007aaaa0000, 0x00000007b0000000, 0x0000000800000000)
[51.252s][debug][gc,heap        ] GC(125)    the space 87424K,  53% used [0x00000007aaaa0000, 0x00000007ad88fc70, 0x00000007ad88fe00, 0x00000007b0000000)
[51.252s][debug][gc,heap        ] GC(125)  Metaspace       used 9022K, committed 9344K, reserved 1114112K
[51.252s][debug][gc,heap        ] GC(125)   class space    used 934K, committed 1088K, reserved 1048576K
[51.252s][info ][gc             ] GC(125) Pause Young (Allocation Failure) 75M->50M(123M) 21.086ms
[51.253s][info ][gc,cpu         ] GC(125) User=0.02s Sys=0.00s Real=0.02s
[51.594s][info ][gc,start       ] GC(126) Pause Young (Allocation Failure)
[51.594s][debug][gc,heap        ] GC(126) Heap before GC invocations=123 (full 3):
[51.594s][debug][gc,heap        ] GC(126)  def new generation   total 39424K, used 39423K [0x0000000780000000, 0x0000000782ac0000, 0x00000007aaaa0000)
[51.594s][debug][gc,heap        ] GC(126)   eden space 35072K, 100% used [0x0000000780000000, 0x0000000782240000, 0x0000000782240000)
[51.594s][debug][gc,heap        ] GC(126)   from space 4352K,  99% used [0x0000000782240000, 0x000000078267fff8, 0x0000000782680000)
[51.594s][debug][gc,heap        ] GC(126)   to   space 4352K,   0% used [0x0000000782680000, 0x0000000782680000, 0x0000000782ac0000)
[51.594s][debug][gc,heap        ] GC(126)  tenured generation   total 87424K, used 47039K [0x00000007aaaa0000, 0x00000007b0000000, 0x0000000800000000)
[51.594s][debug][gc,heap        ] GC(126)    the space 87424K,  53% used [0x00000007aaaa0000, 0x00000007ad88fc70, 0x00000007ad88fe00, 0x00000007b0000000)
[51.594s][debug][gc,heap        ] GC(126)  Metaspace       used 9022K, committed 9344K, reserved 1114112K
[51.594s][debug][gc,heap        ] GC(126)   class space    used 934K, committed 1088K, reserved 1048576K
[51.594s][debug][gc,tlab        ] GC(126) TLAB totals: thrds: 1  refills: 46 max: 46 slow allocs: 3 max 3 waste:  0.1% gc: 0B max: 0B slow: 27096B max: 27096B
[51.609s][debug][gc,ref         ] GC(126) Skipped SoftWeakFinalRefsPhase of Reference Processing: no references
[51.609s][debug][gc,ref         ] GC(126) Skipped KeepAliveFinalRefsPhase of Reference Processing: no references
[51.609s][debug][gc,ref         ] GC(126) Skipped PhantomRefsPhase of Reference Processing: no references
[51.609s][debug][gc,phases,ref  ] GC(126) Reference Processing: 0.1ms
[51.609s][debug][gc,phases,ref  ] GC(126)   Notify Soft/WeakReferences: 0.1ms
[51.609s][debug][gc,phases,ref  ] GC(126)     SoftRef: skipped
[51.609s][debug][gc,phases,ref  ] GC(126)     WeakRef: skipped
[51.609s][debug][gc,phases,ref  ] GC(126)     FinalRef: skipped
[51.609s][debug][gc,phases,ref  ] GC(126)     Total: skipped
[51.609s][debug][gc,phases,ref  ] GC(126)   Notify and keep alive finalizable: 0.0ms
[51.609s][debug][gc,phases,ref  ] GC(126)     FinalRef: skipped
[51.609s][debug][gc,phases,ref  ] GC(126)   Notify PhantomReferences: 0.0ms
[51.609s][debug][gc,phases,ref  ] GC(126)     PhantomRef: skipped
[51.609s][debug][gc,phases,ref  ] GC(126)   SoftReference Discovered: 0, Dropped: 0, Processed: 0
[51.609s][debug][gc,phases,ref  ] GC(126)   WeakReference Discovered: 0, Dropped: 0, Processed: 0
[51.609s][debug][gc,phases,ref  ] GC(126)   FinalReference Discovered: 0, Dropped: 0, Processed: 0
[51.609s][debug][gc,phases,ref  ] GC(126)   PhantomReference Discovered: 0, Dropped: 0, Processed: 0
[51.609s][debug][gc,age         ] GC(126) Desired survivor size 2228224 bytes, new threshold 1 (max threshold 15)
[51.609s][info ][gc,heap        ] GC(126) DefNew: 39423K(39424K)->4351K(39424K) Eden: 35072K(35072K)->0K(35072K) From: 4351K(4352K)->4351K(4352K)
[51.609s][info ][gc,heap        ] GC(126) Tenured: 47039K(87424K)->51635K(87424K)
[51.609s][info ][gc,metaspace   ] GC(126) Metaspace: 9022K(9344K)->9022K(9344K) NonClass: 8088K(8256K)->8088K(8256K) Class: 934K(1088K)->934K(1088K)
[51.609s][debug][gc,heap        ] GC(126) Heap after GC invocations=124 (full 3):
[51.609s][debug][gc,heap        ] GC(126)  def new generation   total 39424K, used 4351K [0x0000000780000000, 0x0000000782ac0000, 0x00000007aaaa0000)
[51.609s][debug][gc,heap        ] GC(126)   eden space 35072K,   0% used [0x0000000780000000, 0x0000000780000000, 0x0000000782240000)
[51.609s][debug][gc,heap        ] GC(126)   from space 4352K,  99% used [0x0000000782680000, 0x0000000782abfff8, 0x0000000782ac0000)
[51.609s][debug][gc,heap        ] GC(126)   to   space 4352K,   0% used [0x0000000782240000, 0x0000000782240000, 0x0000000782680000)
[51.609s][debug][gc,heap        ] GC(126)  tenured generation   total 87424K, used 51635K [0x00000007aaaa0000, 0x00000007b0000000, 0x0000000800000000)
[51.609s][debug][gc,heap        ] GC(126)    the space 87424K,  59% used [0x00000007aaaa0000, 0x00000007add0cd30, 0x00000007add0ce00, 0x00000007b0000000)
[51.609s][debug][gc,heap        ] GC(126)  Metaspace       used 9022K, committed 9344K, reserved 1114112K
[51.609s][debug][gc,heap        ] GC(126)   class space    used 934K, committed 1088K, reserved 1048576K
[51.609s][info ][gc             ] GC(126) Pause Young (Allocation Failure) 84M->54M(123M) 15.523ms
[51.609s][info ][gc,cpu         ] GC(126) User=0.02s Sys=0.00s Real=0.02s
[51.945s][info ][gc,start       ] GC(127) Pause Young (Allocation Failure)
[51.945s][debug][gc,heap        ] GC(127) Heap before GC invocations=124 (full 3):
[51.945s][debug][gc,heap        ] GC(127)  def new generation   total 39424K, used 39423K [0x0000000780000000, 0x0000000782ac0000, 0x00000007aaaa0000)
[51.945s][debug][gc,heap        ] GC(127)   eden space 35072K, 100% used [0x0000000780000000, 0x0000000782240000, 0x0000000782240000)
[51.945s][debug][gc,heap        ] GC(127)   from space 4352K,  99% used [0x0000000782680000, 0x0000000782abfff8, 0x0000000782ac0000)
[51.945s][debug][gc,heap        ] GC(127)   to   space 4352K,   0% used [0x0000000782240000, 0x0000000782240000, 0x0000000782680000)
[51.945s][debug][gc,heap        ] GC(127)  tenured generation   total 87424K, used 51635K [0x00000007aaaa0000, 0x00000007b0000000, 0x0000000800000000)
[51.945s][debug][gc,heap        ] GC(127)    the space 87424K,  59% used [0x00000007aaaa0000, 0x00000007add0cd30, 0x00000007add0ce00, 0x00000007b0000000)
[51.945s][debug][gc,heap        ] GC(127)  Metaspace       used 9022K, committed 9344K, reserved 1114112K
[51.945s][debug][gc,heap        ] GC(127)   class space    used 934K, committed 1088K, reserved 1048576K
[51.946s][debug][gc,tlab        ] GC(127) TLAB totals: thrds: 4  refills: 88 max: 44 slow allocs: 29 max 15 waste:  0.2% gc: 5960B max: 2512B slow: 49920B max: 25608B
[51.961s][debug][gc,ref         ] GC(127) Skipped SoftWeakFinalRefsPhase of Reference Processing: no references
[51.961s][debug][gc,ref         ] GC(127) Skipped KeepAliveFinalRefsPhase of Reference Processing: no references
[51.961s][debug][gc,ref         ] GC(127) Skipped PhantomRefsPhase of Reference Processing: no references
[51.961s][debug][gc,phases,ref  ] GC(127) Reference Processing: 0.1ms
[51.961s][debug][gc,phases,ref  ] GC(127)   Notify Soft/WeakReferences: 0.1ms
[51.961s][debug][gc,phases,ref  ] GC(127)     SoftRef: skipped
[51.961s][debug][gc,phases,ref  ] GC(127)     WeakRef: skipped
[51.961s][debug][gc,phases,ref  ] GC(127)     FinalRef: skipped
[51.961s][debug][gc,phases,ref  ] GC(127)     Total: skipped
[51.961s][debug][gc,phases,ref  ] GC(127)   Notify and keep alive finalizable: 0.0ms
[51.961s][debug][gc,phases,ref  ] GC(127)     FinalRef: skipped
[51.961s][debug][gc,phases,ref  ] GC(127)   Notify PhantomReferences: 0.0ms
[51.961s][debug][gc,phases,ref  ] GC(127)     PhantomRef: skipped
[51.961s][debug][gc,phases,ref  ] GC(127)   SoftReference Discovered: 0, Dropped: 0, Processed: 0
[51.961s][debug][gc,phases,ref  ] GC(127)   WeakReference Discovered: 0, Dropped: 0, Processed: 0
[51.961s][debug][gc,phases,ref  ] GC(127)   FinalReference Discovered: 0, Dropped: 0, Processed: 0
[51.961s][debug][gc,phases,ref  ] GC(127)   PhantomReference Discovered: 0, Dropped: 0, Processed: 0
[51.962s][debug][gc,age         ] GC(127) Desired survivor size 2228224 bytes, new threshold 1 (max threshold 15)
[51.962s][info ][gc,heap        ] GC(127) DefNew: 39423K(39424K)->4351K(39424K) Eden: 35072K(35072K)->0K(35072K) From: 4351K(4352K)->4351K(4352K)
[51.962s][info ][gc,heap        ] GC(127) Tenured: 51635K(87424K)->54568K(87424K)
[51.962s][info ][gc,metaspace   ] GC(127) Metaspace: 9022K(9344K)->9022K(9344K) NonClass: 8088K(8256K)->8088K(8256K) Class: 934K(1088K)->934K(1088K)
[51.962s][debug][gc,heap        ] GC(127) Heap after GC invocations=125 (full 3):
[51.962s][debug][gc,heap        ] GC(127)  def new generation   total 39424K, used 4351K [0x0000000780000000, 0x0000000782ac0000, 0x00000007aaaa0000)
[51.962s][debug][gc,heap        ] GC(127)   eden space 35072K,   0% used [0x0000000780000000, 0x0000000780000000, 0x0000000782240000)
[51.962s][debug][gc,heap        ] GC(127)   from space 4352K,  99% used [0x0000000782240000, 0x000000078267fff8, 0x0000000782680000)
[51.962s][debug][gc,heap        ] GC(127)   to   space 4352K,   0% used [0x0000000782680000, 0x0000000782680000, 0x0000000782ac0000)
[51.962s][debug][gc,heap        ] GC(127)  tenured generation   total 87424K, used 54568K [0x00000007aaaa0000, 0x00000007b0000000, 0x0000000800000000)
[51.962s][debug][gc,heap        ] GC(127)    the space 87424K,  62% used [0x00000007aaaa0000, 0x00000007adfea060, 0x00000007adfea200, 0x00000007b0000000)
[51.962s][debug][gc,heap        ] GC(127)  Metaspace       used 9022K, committed 9344K, reserved 1114112K
[51.962s][debug][gc,heap        ] GC(127)   class space    used 934K, committed 1088K, reserved 1048576K
[51.962s][info ][gc             ] GC(127) Pause Young (Allocation Failure) 88M->57M(123M) 16.773ms
[51.962s][info ][gc,cpu         ] GC(127) User=0.01s Sys=0.00s Real=0.02s
[52.293s][info ][gc,start       ] GC(128) Pause Young (Allocation Failure)
[52.293s][debug][gc,heap        ] GC(128) Heap before GC invocations=125 (full 3):
[52.293s][debug][gc,heap        ] GC(128)  def new generation   total 39424K, used 39164K [0x0000000780000000, 0x0000000782ac0000, 0x00000007aaaa0000)
[52.293s][debug][gc,heap        ] GC(128)   eden space 35072K,  99% used [0x0000000780000000, 0x00000007821ff2d0, 0x0000000782240000)
[52.293s][debug][gc,heap        ] GC(128)   from space 4352K,  99% used [0x0000000782240000, 0x000000078267fff8, 0x0000000782680000)
[52.293s][debug][gc,heap        ] GC(128)   to   space 4352K,   0% used [0x0000000782680000, 0x0000000782680000, 0x0000000782ac0000)
[52.293s][debug][gc,heap        ] GC(128)  tenured generation   total 87424K, used 54568K [0x00000007aaaa0000, 0x00000007b0000000, 0x0000000800000000)
[52.293s][debug][gc,heap        ] GC(128)    the space 87424K,  62% used [0x00000007aaaa0000, 0x00000007adfea060, 0x00000007adfea200, 0x00000007b0000000)
[52.293s][debug][gc,heap        ] GC(128)  Metaspace       used 9022K, committed 9344K, reserved 1114112K
[52.293s][debug][gc,heap        ] GC(128)   class space    used 934K, committed 1088K, reserved 1048576K
[52.293s][debug][gc,tlab        ] GC(128) TLAB totals: thrds: 1  refills: 44 max: 44 slow allocs: 7 max 7 waste:  1.7% gc: 514096B max: 514096B slow: 30056B max: 30056B
[52.302s][debug][gc,ref         ] GC(128) Skipped SoftWeakFinalRefsPhase of Reference Processing: no references
[52.303s][debug][gc,ref         ] GC(128) Skipped KeepAliveFinalRefsPhase of Reference Processing: no references
[52.303s][debug][gc,ref         ] GC(128) Skipped PhantomRefsPhase of Reference Processing: no references
[52.303s][debug][gc,phases,ref  ] GC(128) Reference Processing: 0.1ms
[52.303s][debug][gc,phases,ref  ] GC(128)   Notify Soft/WeakReferences: 0.1ms
[52.303s][debug][gc,phases,ref  ] GC(128)     SoftRef: skipped
[52.303s][debug][gc,phases,ref  ] GC(128)     WeakRef: skipped
[52.303s][debug][gc,phases,ref  ] GC(128)     FinalRef: skipped
[52.303s][debug][gc,phases,ref  ] GC(128)     Total: skipped
[52.303s][debug][gc,phases,ref  ] GC(128)   Notify and keep alive finalizable: 0.0ms
[52.303s][debug][gc,phases,ref  ] GC(128)     FinalRef: skipped
[52.303s][debug][gc,phases,ref  ] GC(128)   Notify PhantomReferences: 0.0ms
[52.303s][debug][gc,phases,ref  ] GC(128)     PhantomRef: skipped
[52.303s][debug][gc,phases,ref  ] GC(128)   SoftReference Discovered: 0, Dropped: 0, Processed: 0
[52.303s][debug][gc,phases,ref  ] GC(128)   WeakReference Discovered: 0, Dropped: 0, Processed: 0
[52.303s][debug][gc,phases,ref  ] GC(128)   FinalReference Discovered: 0, Dropped: 0, Processed: 0
[52.303s][debug][gc,phases,ref  ] GC(128)   PhantomReference Discovered: 0, Dropped: 0, Processed: 0
[52.303s][debug][gc,age         ] GC(128) Desired survivor size 2228224 bytes, new threshold 1 (max threshold 15)
[52.303s][info ][gc,heap        ] GC(128) DefNew: 39164K(39424K)->4352K(39424K) Eden: 34812K(35072K)->0K(35072K) From: 4351K(4352K)->4352K(4352K)
[52.303s][info ][gc,heap        ] GC(128) Tenured: 54568K(87424K)->55454K(87424K)
[52.303s][info ][gc,metaspace   ] GC(128) Metaspace: 9022K(9344K)->9022K(9344K) NonClass: 8088K(8256K)->8088K(8256K) Class: 934K(1088K)->934K(1088K)
[52.303s][debug][gc,heap        ] GC(128) Heap after GC invocations=126 (full 3):
[52.303s][debug][gc,heap        ] GC(128)  def new generation   total 39424K, used 4352K [0x0000000780000000, 0x0000000782ac0000, 0x00000007aaaa0000)
[52.303s][debug][gc,heap        ] GC(128)   eden space 35072K,   0% used [0x0000000780000000, 0x0000000780000000, 0x0000000782240000)
[52.303s][debug][gc,heap        ] GC(128)   from space 4352K, 100% used [0x0000000782680000, 0x0000000782ac0000, 0x0000000782ac0000)
[52.303s][debug][gc,heap        ] GC(128)   to   space 4352K,   0% used [0x0000000782240000, 0x0000000782240000, 0x0000000782680000)
[52.303s][debug][gc,heap        ] GC(128)  tenured generation   total 87424K, used 55454K [0x00000007aaaa0000, 0x00000007b0000000, 0x0000000800000000)
[52.303s][debug][gc,heap        ] GC(128)    the space 87424K,  63% used [0x00000007aaaa0000, 0x00000007ae0c79e0, 0x00000007ae0c7a00, 0x00000007b0000000)
[52.303s][debug][gc,heap        ] GC(128)  Metaspace       used 9022K, committed 9344K, reserved 1114112K
[52.303s][debug][gc,heap        ] GC(128)   class space    used 934K, committed 1088K, reserved 1048576K
[52.303s][info ][gc             ] GC(128) Pause Young (Allocation Failure) 91M->58M(123M) 10.372ms
[52.303s][info ][gc,cpu         ] GC(128) User=0.01s Sys=0.00s Real=0.01s
[52.637s][info ][gc,start       ] GC(129) Pause Young (Allocation Failure)
[52.637s][debug][gc,heap        ] GC(129) Heap before GC invocations=126 (full 3):
[52.637s][debug][gc,heap        ] GC(129)  def new generation   total 39424K, used 39424K [0x0000000780000000, 0x0000000782ac0000, 0x00000007aaaa0000)
[52.637s][debug][gc,heap        ] GC(129)   eden space 35072K, 100% used [0x0000000780000000, 0x0000000782240000, 0x0000000782240000)
[52.637s][debug][gc,heap        ] GC(129)   from space 4352K, 100% used [0x0000000782680000, 0x0000000782ac0000, 0x0000000782ac0000)
[52.637s][debug][gc,heap        ] GC(129)   to   space 4352K,   0% used [0x0000000782240000, 0x0000000782240000, 0x0000000782680000)
[52.637s][debug][gc,heap        ] GC(129)  tenured generation   total 87424K, used 55454K [0x00000007aaaa0000, 0x00000007b0000000, 0x0000000800000000)
[52.637s][debug][gc,heap        ] GC(129)    the space 87424K,  63% used [0x00000007aaaa0000, 0x00000007ae0c79e0, 0x00000007ae0c7a00, 0x00000007b0000000)
[52.637s][debug][gc,heap        ] GC(129)  Metaspace       used 9023K, committed 9344K, reserved 1114112K
[52.637s][debug][gc,heap        ] GC(129)   class space    used 934K, committed 1088K, reserved 1048576K
[52.637s][debug][gc,tlab        ] GC(129) TLAB totals: thrds: 4  refills: 87 max: 43 slow allocs: 29 max 14 waste:  0.2% gc: 6696B max: 2512B slow: 49592B max: 25328B
[52.643s][debug][gc,ref         ] GC(129) Skipped SoftWeakFinalRefsPhase of Reference Processing: no references
[52.643s][debug][gc,ref         ] GC(129) Skipped KeepAliveFinalRefsPhase of Reference Processing: no references
[52.643s][debug][gc,ref         ] GC(129) Skipped PhantomRefsPhase of Reference Processing: no references
[52.643s][debug][gc,phases,ref  ] GC(129) Reference Processing: 0.1ms
[52.643s][debug][gc,phases,ref  ] GC(129)   Notify Soft/WeakReferences: 0.1ms
[52.643s][debug][gc,phases,ref  ] GC(129)     SoftRef: skipped
[52.643s][debug][gc,phases,ref  ] GC(129)     WeakRef: skipped
[52.643s][debug][gc,phases,ref  ] GC(129)     FinalRef: skipped
[52.643s][debug][gc,phases,ref  ] GC(129)     Total: skipped
[52.643s][debug][gc,phases,ref  ] GC(129)   Notify and keep alive finalizable: 0.0ms
[52.643s][debug][gc,phases,ref  ] GC(129)     FinalRef: skipped
[52.643s][debug][gc,phases,ref  ] GC(129)   Notify PhantomReferences: 0.0ms
[52.643s][debug][gc,phases,ref  ] GC(129)     PhantomRef: skipped
[52.643s][debug][gc,phases,ref  ] GC(129)   SoftReference Discovered: 0, Dropped: 0, Processed: 0
[52.643s][debug][gc,phases,ref  ] GC(129)   WeakReference Discovered: 0, Dropped: 0, Processed: 0
[52.643s][debug][gc,phases,ref  ] GC(129)   FinalReference Discovered: 0, Dropped: 0, Processed: 0
[52.644s][debug][gc,phases,ref  ] GC(129)   PhantomReference Discovered: 0, Dropped: 0, Processed: 0
[52.644s][debug][gc,age         ] GC(129) Desired survivor size 2228224 bytes, new threshold 1 (max threshold 15)
[52.644s][info ][gc,heap        ] GC(129) DefNew: 39424K(39424K)->3574K(39424K) Eden: 35072K(35072K)->0K(35072K) From: 4352K(4352K)->3574K(4352K)
[52.644s][info ][gc,heap        ] GC(129) Tenured: 55454K(87424K)->55454K(87424K)
[52.644s][info ][gc,metaspace   ] GC(129) Metaspace: 9023K(9344K)->9023K(9344K) NonClass: 8089K(8256K)->8089K(8256K) Class: 934K(1088K)->934K(1088K)
[52.644s][debug][gc,heap        ] GC(129) Heap after GC invocations=127 (full 3):
[52.644s][debug][gc,heap        ] GC(129)  def new generation   total 39424K, used 3574K [0x0000000780000000, 0x0000000782ac0000, 0x00000007aaaa0000)
[52.644s][debug][gc,heap        ] GC(129)   eden space 35072K,   0% used [0x0000000780000000, 0x0000000780000000, 0x0000000782240000)
[52.644s][debug][gc,heap        ] GC(129)   from space 4352K,  82% used [0x0000000782240000, 0x00000007825bdb68, 0x0000000782680000)
[52.644s][debug][gc,heap        ] GC(129)   to   space 4352K,   0% used [0x0000000782680000, 0x0000000782680000, 0x0000000782ac0000)
[52.644s][debug][gc,heap        ] GC(129)  tenured generation   total 87424K, used 55454K [0x00000007aaaa0000, 0x00000007b0000000, 0x0000000800000000)
[52.644s][debug][gc,heap        ] GC(129)    the space 87424K,  63% used [0x00000007aaaa0000, 0x00000007ae0c79e0, 0x00000007ae0c7a00, 0x00000007b0000000)
[52.644s][debug][gc,heap        ] GC(129)  Metaspace       used 9023K, committed 9344K, reserved 1114112K
[52.644s][debug][gc,heap        ] GC(129)   class space    used 934K, committed 1088K, reserved 1048576K
[52.644s][info ][gc             ] GC(129) Pause Young (Allocation Failure) 92M->57M(123M) 7.398ms
[52.644s][info ][gc,cpu         ] GC(129) User=0.00s Sys=0.01s Real=0.01s
[52.984s][info ][gc,start       ] GC(130) Pause Young (Allocation Failure)
[52.984s][debug][gc,heap        ] GC(130) Heap before GC invocations=127 (full 3):
[52.984s][debug][gc,heap        ] GC(130)  def new generation   total 39424K, used 38646K [0x0000000780000000, 0x0000000782ac0000, 0x00000007aaaa0000)
[52.984s][debug][gc,heap        ] GC(130)   eden space 35072K, 100% used [0x0000000780000000, 0x0000000782240000, 0x0000000782240000)
[52.984s][debug][gc,heap        ] GC(130)   from space 4352K,  82% used [0x0000000782240000, 0x00000007825bdb68, 0x0000000782680000)
[52.984s][debug][gc,heap        ] GC(130)   to   space 4352K,   0% used [0x0000000782680000, 0x0000000782680000, 0x0000000782ac0000)
[52.984s][debug][gc,heap        ] GC(130)  tenured generation   total 87424K, used 55454K [0x00000007aaaa0000, 0x00000007b0000000, 0x0000000800000000)
[52.984s][debug][gc,heap        ] GC(130)    the space 87424K,  63% used [0x00000007aaaa0000, 0x00000007ae0c79e0, 0x00000007ae0c7a00, 0x00000007b0000000)
[52.984s][debug][gc,heap        ] GC(130)  Metaspace       used 9023K, committed 9344K, reserved 1114112K
[52.984s][debug][gc,heap        ] GC(130)   class space    used 934K, committed 1088K, reserved 1048576K
[52.984s][debug][gc,tlab        ] GC(130) TLAB totals: thrds: 1  refills: 43 max: 43 slow allocs: 8 max 8 waste:  0.1% gc: 0B max: 0B slow: 32520B max: 32520B
[52.989s][debug][gc,ref         ] GC(130) Skipped SoftWeakFinalRefsPhase of Reference Processing: no references
[52.989s][debug][gc,ref         ] GC(130) Skipped KeepAliveFinalRefsPhase of Reference Processing: no references
[52.989s][debug][gc,ref         ] GC(130) Skipped PhantomRefsPhase of Reference Processing: no references
[52.989s][debug][gc,phases,ref  ] GC(130) Reference Processing: 0.2ms
[52.989s][debug][gc,phases,ref  ] GC(130)   Notify Soft/WeakReferences: 0.1ms
[52.989s][debug][gc,phases,ref  ] GC(130)     SoftRef: skipped
[52.989s][debug][gc,phases,ref  ] GC(130)     WeakRef: skipped
[52.990s][debug][gc,phases,ref  ] GC(130)     FinalRef: skipped
[52.990s][debug][gc,phases,ref  ] GC(130)     Total: skipped
[52.990s][debug][gc,phases,ref  ] GC(130)   Notify and keep alive finalizable: 0.0ms
[52.990s][debug][gc,phases,ref  ] GC(130)     FinalRef: skipped
[52.990s][debug][gc,phases,ref  ] GC(130)   Notify PhantomReferences: 0.1ms
[52.990s][debug][gc,phases,ref  ] GC(130)     PhantomRef: skipped
[52.990s][debug][gc,phases,ref  ] GC(130)   SoftReference Discovered: 0, Dropped: 0, Processed: 0
[52.990s][debug][gc,phases,ref  ] GC(130)   WeakReference Discovered: 0, Dropped: 0, Processed: 0
[52.990s][debug][gc,phases,ref  ] GC(130)   FinalReference Discovered: 0, Dropped: 0, Processed: 0
[52.990s][debug][gc,phases,ref  ] GC(130)   PhantomReference Discovered: 0, Dropped: 0, Processed: 0
[52.990s][debug][gc,age         ] GC(130) Desired survivor size 2228224 bytes, new threshold 15 (max threshold 15)
[52.990s][info ][gc,heap        ] GC(130) DefNew: 38646K(39424K)->2159K(39424K) Eden: 35072K(35072K)->0K(35072K) From: 3574K(4352K)->2159K(4352K)
[52.990s][info ][gc,heap        ] GC(130) Tenured: 55454K(87424K)->55454K(87424K)
[52.990s][info ][gc,metaspace   ] GC(130) Metaspace: 9023K(9344K)->9023K(9344K) NonClass: 8089K(8256K)->8089K(8256K) Class: 934K(1088K)->934K(1088K)
[52.990s][debug][gc,heap        ] GC(130) Heap after GC invocations=128 (full 3):
[52.990s][debug][gc,heap        ] GC(130)  def new generation   total 39424K, used 2159K [0x0000000780000000, 0x0000000782ac0000, 0x00000007aaaa0000)
[52.990s][debug][gc,heap        ] GC(130)   eden space 35072K,   0% used [0x0000000780000000, 0x0000000780000000, 0x0000000782240000)
[52.990s][debug][gc,heap        ] GC(130)   from space 4352K,  49% used [0x0000000782680000, 0x000000078289bd80, 0x0000000782ac0000)
[52.990s][debug][gc,heap        ] GC(130)   to   space 4352K,   0% used [0x0000000782240000, 0x0000000782240000, 0x0000000782680000)
[52.990s][debug][gc,heap        ] GC(130)  tenured generation   total 87424K, used 55454K [0x00000007aaaa0000, 0x00000007b0000000, 0x0000000800000000)
[52.990s][debug][gc,heap        ] GC(130)    the space 87424K,  63% used [0x00000007aaaa0000, 0x00000007ae0c79e0, 0x00000007ae0c7a00, 0x00000007b0000000)
[52.990s][debug][gc,heap        ] GC(130)  Metaspace       used 9023K, committed 9344K, reserved 1114112K
[52.990s][debug][gc,heap        ] GC(130)   class space    used 934K, committed 1088K, reserved 1048576K
[52.990s][info ][gc             ] GC(130) Pause Young (Allocation Failure) 91M->56M(123M) 6.755ms
[52.990s][info ][gc,cpu         ] GC(130) User=0.01s Sys=0.00s Real=0.01s
[53.325s][info ][gc,start       ] GC(131) Pause Young (Allocation Failure)
[53.325s][debug][gc,heap        ] GC(131) Heap before GC invocations=128 (full 3):
[53.325s][debug][gc,heap        ] GC(131)  def new generation   total 39424K, used 37231K [0x0000000780000000, 0x0000000782ac0000, 0x00000007aaaa0000)
[53.325s][debug][gc,heap        ] GC(131)   eden space 35072K, 100% used [0x0000000780000000, 0x0000000782240000, 0x0000000782240000)
[53.325s][debug][gc,heap        ] GC(131)   from space 4352K,  49% used [0x0000000782680000, 0x000000078289bd80, 0x0000000782ac0000)
[53.325s][debug][gc,heap        ] GC(131)   to   space 4352K,   0% used [0x0000000782240000, 0x0000000782240000, 0x0000000782680000)
[53.325s][debug][gc,heap        ] GC(131)  tenured generation   total 87424K, used 55454K [0x00000007aaaa0000, 0x00000007b0000000, 0x0000000800000000)
[53.325s][debug][gc,heap        ] GC(131)    the space 87424K,  63% used [0x00000007aaaa0000, 0x00000007ae0c79e0, 0x00000007ae0c7a00, 0x00000007b0000000)
[53.325s][debug][gc,heap        ] GC(131)  Metaspace       used 9023K, committed 9344K, reserved 1114112K
[53.325s][debug][gc,heap        ] GC(131)   class space    used 934K, committed 1088K, reserved 1048576K
[53.325s][debug][gc,tlab        ] GC(131) TLAB totals: thrds: 1  refills: 46 max: 46 slow allocs: 4 max 4 waste:  0.1% gc: 0B max: 0B slow: 26960B max: 26960B
[53.328s][debug][gc,ref         ] GC(131) Skipped SoftWeakFinalRefsPhase of Reference Processing: no references
[53.328s][debug][gc,ref         ] GC(131) Skipped KeepAliveFinalRefsPhase of Reference Processing: no references
[53.328s][debug][gc,ref         ] GC(131) Skipped PhantomRefsPhase of Reference Processing: no references
[53.328s][debug][gc,phases,ref  ] GC(131) Reference Processing: 0.1ms
[53.328s][debug][gc,phases,ref  ] GC(131)   Notify Soft/WeakReferences: 0.0ms
[53.328s][debug][gc,phases,ref  ] GC(131)     SoftRef: skipped
[53.328s][debug][gc,phases,ref  ] GC(131)     WeakRef: skipped
[53.328s][debug][gc,phases,ref  ] GC(131)     FinalRef: skipped
[53.328s][debug][gc,phases,ref  ] GC(131)     Total: skipped
[53.328s][debug][gc,phases,ref  ] GC(131)   Notify and keep alive finalizable: 0.0ms
[53.328s][debug][gc,phases,ref  ] GC(131)     FinalRef: skipped
[53.328s][debug][gc,phases,ref  ] GC(131)   Notify PhantomReferences: 0.0ms
[53.328s][debug][gc,phases,ref  ] GC(131)     PhantomRef: skipped
[53.328s][debug][gc,phases,ref  ] GC(131)   SoftReference Discovered: 0, Dropped: 0, Processed: 0
[53.328s][debug][gc,phases,ref  ] GC(131)   WeakReference Discovered: 0, Dropped: 0, Processed: 0
[53.328s][debug][gc,phases,ref  ] GC(131)   FinalReference Discovered: 0, Dropped: 0, Processed: 0
[53.328s][debug][gc,phases,ref  ] GC(131)   PhantomReference Discovered: 0, Dropped: 0, Processed: 0
[53.328s][debug][gc,age         ] GC(131) Desired survivor size 2228224 bytes, new threshold 15 (max threshold 15)
[53.328s][info ][gc,heap        ] GC(131) DefNew: 37231K(39424K)->685K(39424K) Eden: 35072K(35072K)->0K(35072K) From: 2159K(4352K)->685K(4352K)
[53.328s][info ][gc,heap        ] GC(131) Tenured: 55454K(87424K)->55454K(87424K)
[53.328s][info ][gc,metaspace   ] GC(131) Metaspace: 9023K(9344K)->9023K(9344K) NonClass: 8089K(8256K)->8089K(8256K) Class: 934K(1088K)->934K(1088K)
[53.328s][debug][gc,heap        ] GC(131) Heap after GC invocations=129 (full 3):
[53.328s][debug][gc,heap        ] GC(131)  def new generation   total 39424K, used 685K [0x0000000780000000, 0x0000000782ac0000, 0x00000007aaaa0000)
[53.328s][debug][gc,heap        ] GC(131)   eden space 35072K,   0% used [0x0000000780000000, 0x0000000780000000, 0x0000000782240000)
[53.328s][debug][gc,heap        ] GC(131)   from space 4352K,  15% used [0x0000000782240000, 0x00000007822eb550, 0x0000000782680000)
[53.328s][debug][gc,heap        ] GC(131)   to   space 4352K,   0% used [0x0000000782680000, 0x0000000782680000, 0x0000000782ac0000)
[53.328s][debug][gc,heap        ] GC(131)  tenured generation   total 87424K, used 55454K [0x00000007aaaa0000, 0x00000007b0000000, 0x0000000800000000)
[53.328s][debug][gc,heap        ] GC(131)    the space 87424K,  63% used [0x00000007aaaa0000, 0x00000007ae0c79e0, 0x00000007ae0c7a00, 0x00000007b0000000)
[53.328s][debug][gc,heap        ] GC(131)  Metaspace       used 9023K, committed 9344K, reserved 1114112K
[53.328s][debug][gc,heap        ] GC(131)   class space    used 934K, committed 1088K, reserved 1048576K
[53.328s][info ][gc             ] GC(131) Pause Young (Allocation Failure) 90M->54M(123M) 3.467ms
[53.329s][info ][gc,cpu         ] GC(131) User=0.00s Sys=0.00s Real=0.01s
[53.563s][info ][gc,start       ] GC(132) Pause Young (Allocation Failure)
[53.563s][debug][gc,heap        ] GC(132) Heap before GC invocations=129 (full 3):
[53.563s][debug][gc,heap        ] GC(132)  def new generation   total 39424K, used 35757K [0x0000000780000000, 0x0000000782ac0000, 0x00000007aaaa0000)
[53.563s][debug][gc,heap        ] GC(132)   eden space 35072K, 100% used [0x0000000780000000, 0x0000000782240000, 0x0000000782240000)
[53.563s][debug][gc,heap        ] GC(132)   from space 4352K,  15% used [0x0000000782240000, 0x00000007822eb550, 0x0000000782680000)
[53.563s][debug][gc,heap        ] GC(132)   to   space 4352K,   0% used [0x0000000782680000, 0x0000000782680000, 0x0000000782ac0000)
[53.563s][debug][gc,heap        ] GC(132)  tenured generation   total 87424K, used 55454K [0x00000007aaaa0000, 0x00000007b0000000, 0x0000000800000000)
[53.563s][debug][gc,heap        ] GC(132)    the space 87424K,  63% used [0x00000007aaaa0000, 0x00000007ae0c79e0, 0x00000007ae0c7a00, 0x00000007b0000000)
[53.563s][debug][gc,heap        ] GC(132)  Metaspace       used 9023K, committed 9344K, reserved 1114112K
[53.563s][debug][gc,heap        ] GC(132)   class space    used 934K, committed 1088K, reserved 1048576K
[53.563s][debug][gc,tlab        ] GC(132) TLAB totals: thrds: 1  refills: 47 max: 47 slow allocs: 5 max 5 waste:  1.3% gc: 417336B max: 417336B slow: 26824B max: 26824B
[53.580s][debug][gc,ref         ] GC(132) Skipped SoftWeakFinalRefsPhase of Reference Processing: no references
[53.580s][debug][gc,ref         ] GC(132) Skipped KeepAliveFinalRefsPhase of Reference Processing: no references
[53.580s][debug][gc,ref         ] GC(132) Skipped PhantomRefsPhase of Reference Processing: no references
[53.580s][debug][gc,phases,ref  ] GC(132) Reference Processing: 0.2ms
[53.580s][debug][gc,phases,ref  ] GC(132)   Notify Soft/WeakReferences: 0.1ms
[53.580s][debug][gc,phases,ref  ] GC(132)     SoftRef: skipped
[53.580s][debug][gc,phases,ref  ] GC(132)     WeakRef: skipped
[53.580s][debug][gc,phases,ref  ] GC(132)     FinalRef: skipped
[53.580s][debug][gc,phases,ref  ] GC(132)     Total: skipped
[53.580s][debug][gc,phases,ref  ] GC(132)   Notify and keep alive finalizable: 0.0ms
[53.580s][debug][gc,phases,ref  ] GC(132)     FinalRef: skipped
[53.580s][debug][gc,phases,ref  ] GC(132)   Notify PhantomReferences: 0.0ms
[53.580s][debug][gc,phases,ref  ] GC(132)     PhantomRef: skipped
[53.580s][debug][gc,phases,ref  ] GC(132)   SoftReference Discovered: 0, Dropped: 0, Processed: 0
[53.580s][debug][gc,phases,ref  ] GC(132)   WeakReference Discovered: 0, Dropped: 0, Processed: 0
[53.580s][debug][gc,phases,ref  ] GC(132)   FinalReference Discovered: 0, Dropped: 0, Processed: 0
[53.580s][debug][gc,phases,ref  ] GC(132)   PhantomReference Discovered: 0, Dropped: 0, Processed: 0
[53.580s][debug][gc,age         ] GC(132) Desired survivor size 2228224 bytes, new threshold 1 (max threshold 15)
[53.581s][info ][gc,heap        ] GC(132) DefNew: 35757K(39424K)->4351K(39424K) Eden: 35072K(35072K)->0K(35072K) From: 685K(4352K)->4351K(4352K)
[53.581s][info ][gc,heap        ] GC(132) Tenured: 55454K(87424K)->61588K(87424K)
[53.581s][info ][gc,metaspace   ] GC(132) Metaspace: 9023K(9344K)->9023K(9344K) NonClass: 8089K(8256K)->8089K(8256K) Class: 934K(1088K)->934K(1088K)
[53.581s][debug][gc,heap        ] GC(132) Heap after GC invocations=130 (full 3):
[53.581s][debug][gc,heap        ] GC(132)  def new generation   total 39424K, used 4351K [0x0000000780000000, 0x0000000782ac0000, 0x00000007aaaa0000)
[53.581s][debug][gc,heap        ] GC(132)   eden space 35072K,   0% used [0x0000000780000000, 0x0000000780000000, 0x0000000782240000)
[53.581s][debug][gc,heap        ] GC(132)   from space 4352K,  99% used [0x0000000782680000, 0x0000000782abfff8, 0x0000000782ac0000)
[53.581s][debug][gc,heap        ] GC(132)   to   space 4352K,   0% used [0x0000000782240000, 0x0000000782240000, 0x0000000782680000)
[53.581s][debug][gc,heap        ] GC(132)  tenured generation   total 87424K, used 61588K [0x00000007aaaa0000, 0x00000007b0000000, 0x0000000800000000)
[53.581s][debug][gc,heap        ] GC(132)    the space 87424K,  70% used [0x00000007aaaa0000, 0x00000007ae6c5368, 0x00000007ae6c5400, 0x00000007b0000000)
[53.581s][debug][gc,heap        ] GC(132)  Metaspace       used 9023K, committed 9344K, reserved 1114112K
[53.581s][debug][gc,heap        ] GC(132)   class space    used 934K, committed 1088K, reserved 1048576K
[53.581s][info ][gc             ] GC(132) Pause Young (Allocation Failure) 89M->64M(123M) 17.795ms
[53.581s][info ][gc,cpu         ] GC(132) User=0.01s Sys=0.00s Real=0.02s
[53.917s][info ][gc,start       ] GC(133) Pause Young (Allocation Failure)
[53.917s][debug][gc,heap        ] GC(133) Heap before GC invocations=130 (full 3):
[53.917s][debug][gc,heap        ] GC(133)  def new generation   total 39424K, used 39423K [0x0000000780000000, 0x0000000782ac0000, 0x00000007aaaa0000)
[53.917s][debug][gc,heap        ] GC(133)   eden space 35072K, 100% used [0x0000000780000000, 0x0000000782240000, 0x0000000782240000)
[53.917s][debug][gc,heap        ] GC(133)   from space 4352K,  99% used [0x0000000782680000, 0x0000000782abfff8, 0x0000000782ac0000)
[53.917s][debug][gc,heap        ] GC(133)   to   space 4352K,   0% used [0x0000000782240000, 0x0000000782240000, 0x0000000782680000)
[53.917s][debug][gc,heap        ] GC(133)  tenured generation   total 87424K, used 61588K [0x00000007aaaa0000, 0x00000007b0000000, 0x0000000800000000)
[53.917s][debug][gc,heap        ] GC(133)    the space 87424K,  70% used [0x00000007aaaa0000, 0x00000007ae6c5368, 0x00000007ae6c5400, 0x00000007b0000000)
[53.917s][debug][gc,heap        ] GC(133)  Metaspace       used 9024K, committed 9344K, reserved 1114112K
[53.917s][debug][gc,heap        ] GC(133)   class space    used 934K, committed 1088K, reserved 1048576K
[53.917s][debug][gc,tlab        ] GC(133) TLAB totals: thrds: 5  refills: 91 max: 46 slow allocs: 23 max 14 waste:  0.2% gc: 8552B max: 2592B slow: 51056B max: 26784B
[53.932s][debug][gc,ref         ] GC(133) Skipped SoftWeakFinalRefsPhase of Reference Processing: no references
[53.932s][debug][gc,ref         ] GC(133) Skipped KeepAliveFinalRefsPhase of Reference Processing: no references
[53.932s][debug][gc,ref         ] GC(133) Skipped PhantomRefsPhase of Reference Processing: no references
[53.932s][debug][gc,phases,ref  ] GC(133) Reference Processing: 0.1ms
[53.932s][debug][gc,phases,ref  ] GC(133)   Notify Soft/WeakReferences: 0.1ms
[53.932s][debug][gc,phases,ref  ] GC(133)     SoftRef: skipped
[53.932s][debug][gc,phases,ref  ] GC(133)     WeakRef: skipped
[53.932s][debug][gc,phases,ref  ] GC(133)     FinalRef: skipped
[53.932s][debug][gc,phases,ref  ] GC(133)     Total: skipped
[53.932s][debug][gc,phases,ref  ] GC(133)   Notify and keep alive finalizable: 0.0ms
[53.932s][debug][gc,phases,ref  ] GC(133)     FinalRef: skipped
[53.932s][debug][gc,phases,ref  ] GC(133)   Notify PhantomReferences: 0.0ms
[53.932s][debug][gc,phases,ref  ] GC(133)     PhantomRef: skipped
[53.932s][debug][gc,phases,ref  ] GC(133)   SoftReference Discovered: 0, Dropped: 0, Processed: 0
[53.932s][debug][gc,phases,ref  ] GC(133)   WeakReference Discovered: 0, Dropped: 0, Processed: 0
[53.932s][debug][gc,phases,ref  ] GC(133)   FinalReference Discovered: 0, Dropped: 0, Processed: 0
[53.932s][debug][gc,phases,ref  ] GC(133)   PhantomReference Discovered: 0, Dropped: 0, Processed: 0
[53.932s][debug][gc,age         ] GC(133) Desired survivor size 2228224 bytes, new threshold 1 (max threshold 15)
[53.932s][info ][gc,heap        ] GC(133) DefNew: 39423K(39424K)->4352K(39424K) Eden: 35072K(35072K)->0K(35072K) From: 4351K(4352K)->4352K(4352K)
[53.932s][info ][gc,heap        ] GC(133) Tenured: 61588K(87424K)->66056K(87424K)
[53.932s][info ][gc,metaspace   ] GC(133) Metaspace: 9024K(9344K)->9024K(9344K) NonClass: 8089K(8256K)->8089K(8256K) Class: 934K(1088K)->934K(1088K)
[53.932s][debug][gc,heap        ] GC(133) Heap after GC invocations=131 (full 3):
[53.932s][debug][gc,heap        ] GC(133)  def new generation   total 39424K, used 4352K [0x0000000780000000, 0x0000000782ac0000, 0x00000007aaaa0000)
[53.932s][debug][gc,heap        ] GC(133)   eden space 35072K,   0% used [0x0000000780000000, 0x0000000780000000, 0x0000000782240000)
[53.932s][debug][gc,heap        ] GC(133)   from space 4352K, 100% used [0x0000000782240000, 0x0000000782680000, 0x0000000782680000)
[53.932s][debug][gc,heap        ] GC(133)   to   space 4352K,   0% used [0x0000000782680000, 0x0000000782680000, 0x0000000782ac0000)
[53.933s][debug][gc,heap        ] GC(133)  tenured generation   total 87424K, used 66056K [0x00000007aaaa0000, 0x00000007b0000000, 0x0000000800000000)
[53.933s][debug][gc,heap        ] GC(133)    the space 87424K,  75% used [0x00000007aaaa0000, 0x00000007aeb22168, 0x00000007aeb22200, 0x00000007b0000000)
[53.933s][debug][gc,heap        ] GC(133)  Metaspace       used 9024K, committed 9344K, reserved 1114112K
[53.933s][debug][gc,heap        ] GC(133)   class space    used 934K, committed 1088K, reserved 1048576K
[53.933s][info ][gc             ] GC(133) Pause Young (Allocation Failure) 98M->68M(123M) 15.884ms
[53.933s][info ][gc,cpu         ] GC(133) User=0.02s Sys=0.00s Real=0.02s
[54.267s][info ][gc,start       ] GC(134) Pause Young (Allocation Failure)
[54.267s][debug][gc,heap        ] GC(134) Heap before GC invocations=131 (full 3):
[54.267s][debug][gc,heap        ] GC(134)  def new generation   total 39424K, used 39424K [0x0000000780000000, 0x0000000782ac0000, 0x00000007aaaa0000)
[54.267s][debug][gc,heap        ] GC(134)   eden space 35072K, 100% used [0x0000000780000000, 0x0000000782240000, 0x0000000782240000)
[54.267s][debug][gc,heap        ] GC(134)   from space 4352K, 100% used [0x0000000782240000, 0x0000000782680000, 0x0000000782680000)
[54.268s][debug][gc,heap        ] GC(134)   to   space 4352K,   0% used [0x0000000782680000, 0x0000000782680000, 0x0000000782ac0000)
[54.268s][debug][gc,heap        ] GC(134)  tenured generation   total 87424K, used 66056K [0x00000007aaaa0000, 0x00000007b0000000, 0x0000000800000000)
[54.268s][debug][gc,heap        ] GC(134)    the space 87424K,  75% used [0x00000007aaaa0000, 0x00000007aeb22168, 0x00000007aeb22200, 0x00000007b0000000)
[54.268s][debug][gc,heap        ] GC(134)  Metaspace       used 9024K, committed 9344K, reserved 1114112K
[54.268s][debug][gc,heap        ] GC(134)   class space    used 934K, committed 1088K, reserved 1048576K
[54.268s][debug][gc,tlab        ] GC(134) TLAB totals: thrds: 1  refills: 44 max: 44 slow allocs: 7 max 7 waste:  0.1% gc: 0B max: 0B slow: 25816B max: 25816B
[54.280s][debug][gc,ref         ] GC(134) Skipped SoftWeakFinalRefsPhase of Reference Processing: no references
[54.280s][debug][gc,ref         ] GC(134) Skipped KeepAliveFinalRefsPhase of Reference Processing: no references
[54.280s][debug][gc,ref         ] GC(134) Skipped PhantomRefsPhase of Reference Processing: no references
[54.280s][debug][gc,phases,ref  ] GC(134) Reference Processing: 0.1ms
[54.280s][debug][gc,phases,ref  ] GC(134)   Notify Soft/WeakReferences: 0.1ms
[54.280s][debug][gc,phases,ref  ] GC(134)     SoftRef: skipped
[54.280s][debug][gc,phases,ref  ] GC(134)     WeakRef: skipped
[54.280s][debug][gc,phases,ref  ] GC(134)     FinalRef: skipped
[54.280s][debug][gc,phases,ref  ] GC(134)     Total: skipped
[54.280s][debug][gc,phases,ref  ] GC(134)   Notify and keep alive finalizable: 0.0ms
[54.280s][debug][gc,phases,ref  ] GC(134)     FinalRef: skipped
[54.280s][debug][gc,phases,ref  ] GC(134)   Notify PhantomReferences: 0.0ms
[54.280s][debug][gc,phases,ref  ] GC(134)     PhantomRef: skipped
[54.280s][debug][gc,phases,ref  ] GC(134)   SoftReference Discovered: 0, Dropped: 0, Processed: 0
[54.280s][debug][gc,phases,ref  ] GC(134)   WeakReference Discovered: 0, Dropped: 0, Processed: 0
[54.280s][debug][gc,phases,ref  ] GC(134)   FinalReference Discovered: 0, Dropped: 0, Processed: 0
[54.280s][debug][gc,phases,ref  ] GC(134)   PhantomReference Discovered: 0, Dropped: 0, Processed: 0
[54.280s][debug][gc,age         ] GC(134) Desired survivor size 2228224 bytes, new threshold 1 (max threshold 15)
[54.280s][info ][gc,heap        ] GC(134) DefNew: 39424K(39424K)->4351K(39424K) Eden: 35072K(35072K)->0K(35072K) From: 4352K(4352K)->4351K(4352K)
[54.280s][info ][gc,heap        ] GC(134) Tenured: 66056K(87424K)->68986K(87424K)
[54.280s][info ][gc,metaspace   ] GC(134) Metaspace: 9024K(9344K)->9024K(9344K) NonClass: 8089K(8256K)->8089K(8256K) Class: 934K(1088K)->934K(1088K)
[54.280s][debug][gc,heap        ] GC(134) Heap after GC invocations=132 (full 3):
[54.280s][debug][gc,heap        ] GC(134)  def new generation   total 39424K, used 4351K [0x0000000780000000, 0x0000000782ac0000, 0x00000007aaaa0000)
[54.280s][debug][gc,heap        ] GC(134)   eden space 35072K,   0% used [0x0000000780000000, 0x0000000780000000, 0x0000000782240000)
[54.280s][debug][gc,heap        ] GC(134)   from space 4352K,  99% used [0x0000000782680000, 0x0000000782abfff8, 0x0000000782ac0000)
[54.280s][debug][gc,heap        ] GC(134)   to   space 4352K,   0% used [0x0000000782240000, 0x0000000782240000, 0x0000000782680000)
[54.280s][debug][gc,heap        ] GC(134)  tenured generation   total 87424K, used 68986K [0x00000007aaaa0000, 0x00000007b0000000, 0x0000000800000000)
[54.280s][debug][gc,heap        ] GC(134)    the space 87424K,  78% used [0x00000007aaaa0000, 0x00000007aedfeba8, 0x00000007aedfec00, 0x00000007b0000000)
[54.281s][debug][gc,heap        ] GC(134)  Metaspace       used 9024K, committed 9344K, reserved 1114112K
[54.281s][debug][gc,heap        ] GC(134)   class space    used 934K, committed 1088K, reserved 1048576K
[54.281s][info ][gc             ] GC(134) Pause Young (Allocation Failure) 103M->71M(123M) 13.230ms
[54.281s][info ][gc,cpu         ] GC(134) User=0.01s Sys=0.00s Real=0.02s
[54.617s][info ][gc,start       ] GC(135) Pause Young (Allocation Failure)
[54.617s][debug][gc,heap        ] GC(135) Heap before GC invocations=132 (full 3):
[54.617s][debug][gc,heap        ] GC(135)  def new generation   total 39424K, used 39423K [0x0000000780000000, 0x0000000782ac0000, 0x00000007aaaa0000)
[54.617s][debug][gc,heap        ] GC(135)   eden space 35072K, 100% used [0x0000000780000000, 0x0000000782240000, 0x0000000782240000)
[54.617s][debug][gc,heap        ] GC(135)   from space 4352K,  99% used [0x0000000782680000, 0x0000000782abfff8, 0x0000000782ac0000)
[54.617s][debug][gc,heap        ] GC(135)   to   space 4352K,   0% used [0x0000000782240000, 0x0000000782240000, 0x0000000782680000)
[54.617s][debug][gc,heap        ] GC(135)  tenured generation   total 87424K, used 68986K [0x00000007aaaa0000, 0x00000007b0000000, 0x0000000800000000)
[54.617s][debug][gc,heap        ] GC(135)    the space 87424K,  78% used [0x00000007aaaa0000, 0x00000007aedfeba8, 0x00000007aedfec00, 0x00000007b0000000)
[54.617s][debug][gc,heap        ] GC(135)  Metaspace       used 9024K, committed 9344K, reserved 1114112K
[54.617s][debug][gc,heap        ] GC(135)   class space    used 934K, committed 1088K, reserved 1048576K
[54.617s][debug][gc,tlab        ] GC(135) TLAB totals: thrds: 1  refills: 45 max: 45 slow allocs: 6 max 6 waste:  0.1% gc: 0B max: 0B slow: 26040B max: 26040B
[54.627s][debug][gc,ref         ] GC(135) Skipped SoftWeakFinalRefsPhase of Reference Processing: no references
[54.627s][debug][gc,ref         ] GC(135) Skipped KeepAliveFinalRefsPhase of Reference Processing: no references
[54.627s][debug][gc,ref         ] GC(135) Skipped PhantomRefsPhase of Reference Processing: no references
[54.627s][debug][gc,phases,ref  ] GC(135) Reference Processing: 0.1ms
[54.627s][debug][gc,phases,ref  ] GC(135)   Notify Soft/WeakReferences: 0.1ms
[54.627s][debug][gc,phases,ref  ] GC(135)     SoftRef: skipped
[54.627s][debug][gc,phases,ref  ] GC(135)     WeakRef: skipped
[54.627s][debug][gc,phases,ref  ] GC(135)     FinalRef: skipped
[54.627s][debug][gc,phases,ref  ] GC(135)     Total: skipped
[54.627s][debug][gc,phases,ref  ] GC(135)   Notify and keep alive finalizable: 0.0ms
[54.627s][debug][gc,phases,ref  ] GC(135)     FinalRef: skipped
[54.627s][debug][gc,phases,ref  ] GC(135)   Notify PhantomReferences: 0.0ms
[54.627s][debug][gc,phases,ref  ] GC(135)     PhantomRef: skipped
[54.627s][debug][gc,phases,ref  ] GC(135)   SoftReference Discovered: 0, Dropped: 0, Processed: 0
[54.627s][debug][gc,phases,ref  ] GC(135)   WeakReference Discovered: 0, Dropped: 0, Processed: 0
[54.627s][debug][gc,phases,ref  ] GC(135)   FinalReference Discovered: 0, Dropped: 0, Processed: 0
[54.627s][debug][gc,phases,ref  ] GC(135)   PhantomReference Discovered: 0, Dropped: 0, Processed: 0
[54.628s][debug][gc,age         ] GC(135) Desired survivor size 2228224 bytes, new threshold 1 (max threshold 15)
[54.628s][info ][gc,heap        ] GC(135) DefNew: 39423K(39424K)->4351K(39424K) Eden: 35072K(35072K)->0K(35072K) From: 4351K(4352K)->4351K(4352K)
[54.628s][info ][gc,heap        ] GC(135) Tenured: 68986K(87424K)->70380K(87424K)
[54.628s][info ][gc,metaspace   ] GC(135) Metaspace: 9024K(9344K)->9024K(9344K) NonClass: 8089K(8256K)->8089K(8256K) Class: 934K(1088K)->934K(1088K)
[54.628s][debug][gc,heap        ] GC(135) Heap after GC invocations=133 (full 3):
[54.628s][debug][gc,heap        ] GC(135)  def new generation   total 39424K, used 4351K [0x0000000780000000, 0x0000000782ac0000, 0x00000007aaaa0000)
[54.628s][debug][gc,heap        ] GC(135)   eden space 35072K,   0% used [0x0000000780000000, 0x0000000780000000, 0x0000000782240000)
[54.628s][debug][gc,heap        ] GC(135)   from space 4352K,  99% used [0x0000000782240000, 0x000000078267fff8, 0x0000000782680000)
[54.628s][debug][gc,heap        ] GC(135)   to   space 4352K,   0% used [0x0000000782680000, 0x0000000782680000, 0x0000000782ac0000)
[54.628s][debug][gc,heap        ] GC(135)  tenured generation   total 87424K, used 70380K [0x00000007aaaa0000, 0x00000007b0000000, 0x0000000800000000)
[54.628s][debug][gc,heap        ] GC(135)    the space 87424K,  80% used [0x00000007aaaa0000, 0x00000007aef5b108, 0x00000007aef5b200, 0x00000007b0000000)
[54.628s][debug][gc,heap        ] GC(135)  Metaspace       used 9024K, committed 9344K, reserved 1114112K
[54.628s][debug][gc,heap        ] GC(135)   class space    used 934K, committed 1088K, reserved 1048576K
[54.628s][info ][gc             ] GC(135) Pause Young (Allocation Failure) 105M->72M(123M) 10.836ms
[54.628s][info ][gc,cpu         ] GC(135) User=0.01s Sys=0.00s Real=0.02s
[54.958s][info ][gc,start       ] GC(136) Pause Young (Allocation Failure)
[54.958s][debug][gc,heap        ] GC(136) Heap before GC invocations=133 (full 3):
[54.958s][debug][gc,heap        ] GC(136)  def new generation   total 39424K, used 39423K [0x0000000780000000, 0x0000000782ac0000, 0x00000007aaaa0000)
[54.958s][debug][gc,heap        ] GC(136)   eden space 35072K, 100% used [0x0000000780000000, 0x0000000782240000, 0x0000000782240000)
[54.958s][debug][gc,heap        ] GC(136)   from space 4352K,  99% used [0x0000000782240000, 0x000000078267fff8, 0x0000000782680000)
[54.958s][debug][gc,heap        ] GC(136)   to   space 4352K,   0% used [0x0000000782680000, 0x0000000782680000, 0x0000000782ac0000)
[54.958s][debug][gc,heap        ] GC(136)  tenured generation   total 87424K, used 70380K [0x00000007aaaa0000, 0x00000007b0000000, 0x0000000800000000)
[54.958s][debug][gc,heap        ] GC(136)    the space 87424K,  80% used [0x00000007aaaa0000, 0x00000007aef5b108, 0x00000007aef5b200, 0x00000007b0000000)
[54.958s][debug][gc,heap        ] GC(136)  Metaspace       used 9024K, committed 9344K, reserved 1114112K
[54.958s][debug][gc,heap        ] GC(136)   class space    used 934K, committed 1088K, reserved 1048576K
[54.958s][debug][gc,tlab        ] GC(136) TLAB totals: thrds: 4  refills: 96 max: 45 slow allocs: 28 max 17 waste:  0.2% gc: 6664B max: 2504B slow: 55272B max: 26528B
[54.966s][debug][gc,ref         ] GC(136) Skipped SoftWeakFinalRefsPhase of Reference Processing: no references
[54.966s][debug][gc,ref         ] GC(136) Skipped KeepAliveFinalRefsPhase of Reference Processing: no references
[54.966s][debug][gc,ref         ] GC(136) Skipped PhantomRefsPhase of Reference Processing: no references
[54.966s][debug][gc,phases,ref  ] GC(136) Reference Processing: 0.1ms
[54.966s][debug][gc,phases,ref  ] GC(136)   Notify Soft/WeakReferences: 0.1ms
[54.966s][debug][gc,phases,ref  ] GC(136)     SoftRef: skipped
[54.966s][debug][gc,phases,ref  ] GC(136)     WeakRef: skipped
[54.966s][debug][gc,phases,ref  ] GC(136)     FinalRef: skipped
[54.966s][debug][gc,phases,ref  ] GC(136)     Total: skipped
[54.966s][debug][gc,phases,ref  ] GC(136)   Notify and keep alive finalizable: 0.0ms
[54.966s][debug][gc,phases,ref  ] GC(136)     FinalRef: skipped
[54.966s][debug][gc,phases,ref  ] GC(136)   Notify PhantomReferences: 0.0ms
[54.966s][debug][gc,phases,ref  ] GC(136)     PhantomRef: skipped
[54.966s][debug][gc,phases,ref  ] GC(136)   SoftReference Discovered: 0, Dropped: 0, Processed: 0
[54.966s][debug][gc,phases,ref  ] GC(136)   WeakReference Discovered: 0, Dropped: 0, Processed: 0
[54.966s][debug][gc,phases,ref  ] GC(136)   FinalReference Discovered: 0, Dropped: 0, Processed: 0
[54.966s][debug][gc,phases,ref  ] GC(136)   PhantomReference Discovered: 0, Dropped: 0, Processed: 0
[54.966s][debug][gc,age         ] GC(136) Desired survivor size 2228224 bytes, new threshold 1 (max threshold 15)
[54.966s][info ][gc,heap        ] GC(136) DefNew: 39423K(39424K)->4319K(39424K) Eden: 35072K(35072K)->0K(35072K) From: 4351K(4352K)->4319K(4352K)
[54.966s][info ][gc,heap        ] GC(136) Tenured: 70380K(87424K)->70380K(87424K)
[54.966s][info ][gc,metaspace   ] GC(136) Metaspace: 9024K(9344K)->9024K(9344K) NonClass: 8090K(8256K)->8090K(8256K) Class: 934K(1088K)->934K(1088K)
[54.966s][debug][gc,heap        ] GC(136) Heap after GC invocations=134 (full 3):
[54.966s][debug][gc,heap        ] GC(136)  def new generation   total 39424K, used 4319K [0x0000000780000000, 0x0000000782ac0000, 0x00000007aaaa0000)
[54.966s][debug][gc,heap        ] GC(136)   eden space 35072K,   0% used [0x0000000780000000, 0x0000000780000000, 0x0000000782240000)
[54.966s][debug][gc,heap        ] GC(136)   from space 4352K,  99% used [0x0000000782680000, 0x0000000782ab7cb8, 0x0000000782ac0000)
[54.966s][debug][gc,heap        ] GC(136)   to   space 4352K,   0% used [0x0000000782240000, 0x0000000782240000, 0x0000000782680000)
[54.966s][debug][gc,heap        ] GC(136)  tenured generation   total 87424K, used 70380K [0x00000007aaaa0000, 0x00000007b0000000, 0x0000000800000000)
[54.966s][debug][gc,heap        ] GC(136)    the space 87424K,  80% used [0x00000007aaaa0000, 0x00000007aef5b108, 0x00000007aef5b200, 0x00000007b0000000)
[54.966s][debug][gc,heap        ] GC(136)  Metaspace       used 9024K, committed 9344K, reserved 1114112K
[54.967s][debug][gc,heap        ] GC(136)   class space    used 934K, committed 1088K, reserved 1048576K
[54.967s][info ][gc             ] GC(136) Pause Young (Allocation Failure) 107M->72M(123M) 8.868ms
[54.967s][info ][gc,cpu         ] GC(136) User=0.01s Sys=0.00s Real=0.01s
[55.298s][info ][gc,start       ] GC(137) Pause Young (Allocation Failure)
[55.298s][debug][gc,heap        ] GC(137) Heap before GC invocations=134 (full 3):
[55.298s][debug][gc,heap        ] GC(137)  def new generation   total 39424K, used 39391K [0x0000000780000000, 0x0000000782ac0000, 0x00000007aaaa0000)
[55.298s][debug][gc,heap        ] GC(137)   eden space 35072K, 100% used [0x0000000780000000, 0x0000000782240000, 0x0000000782240000)
[55.298s][debug][gc,heap        ] GC(137)   from space 4352K,  99% used [0x0000000782680000, 0x0000000782ab7cb8, 0x0000000782ac0000)
[55.298s][debug][gc,heap        ] GC(137)   to   space 4352K,   0% used [0x0000000782240000, 0x0000000782240000, 0x0000000782680000)
[55.298s][debug][gc,heap        ] GC(137)  tenured generation   total 87424K, used 70380K [0x00000007aaaa0000, 0x00000007b0000000, 0x0000000800000000)
[55.298s][debug][gc,heap        ] GC(137)    the space 87424K,  80% used [0x00000007aaaa0000, 0x00000007aef5b108, 0x00000007aef5b200, 0x00000007b0000000)
[55.298s][debug][gc,heap        ] GC(137)  Metaspace       used 9024K, committed 9344K, reserved 1114112K
[55.298s][debug][gc,heap        ] GC(137)   class space    used 934K, committed 1088K, reserved 1048576K
[55.298s][debug][gc,tlab        ] GC(137) TLAB totals: thrds: 1  refills: 45 max: 45 slow allocs: 5 max 5 waste:  0.1% gc: 0B max: 0B slow: 26056B max: 26056B
[55.303s][debug][gc,ref         ] GC(137) Skipped SoftWeakFinalRefsPhase of Reference Processing: no references
[55.303s][debug][gc,ref         ] GC(137) Skipped KeepAliveFinalRefsPhase of Reference Processing: no references
[55.303s][debug][gc,ref         ] GC(137) Skipped PhantomRefsPhase of Reference Processing: no references
[55.303s][debug][gc,phases,ref  ] GC(137) Reference Processing: 0.1ms
[55.303s][debug][gc,phases,ref  ] GC(137)   Notify Soft/WeakReferences: 0.1ms
[55.303s][debug][gc,phases,ref  ] GC(137)     SoftRef: skipped
[55.303s][debug][gc,phases,ref  ] GC(137)     WeakRef: skipped
[55.303s][debug][gc,phases,ref  ] GC(137)     FinalRef: skipped
[55.303s][debug][gc,phases,ref  ] GC(137)     Total: skipped
[55.303s][debug][gc,phases,ref  ] GC(137)   Notify and keep alive finalizable: 0.0ms
[55.303s][debug][gc,phases,ref  ] GC(137)     FinalRef: skipped
[55.303s][debug][gc,phases,ref  ] GC(137)   Notify PhantomReferences: 0.0ms
[55.303s][debug][gc,phases,ref  ] GC(137)     PhantomRef: skipped
[55.303s][debug][gc,phases,ref  ] GC(137)   SoftReference Discovered: 0, Dropped: 0, Processed: 0
[55.303s][debug][gc,phases,ref  ] GC(137)   WeakReference Discovered: 0, Dropped: 0, Processed: 0
[55.303s][debug][gc,phases,ref  ] GC(137)   FinalReference Discovered: 0, Dropped: 0, Processed: 0
[55.304s][debug][gc,phases,ref  ] GC(137)   PhantomReference Discovered: 0, Dropped: 0, Processed: 0
[55.304s][debug][gc,age         ] GC(137) Desired survivor size 2228224 bytes, new threshold 1 (max threshold 15)
[55.304s][info ][gc,heap        ] GC(137) DefNew: 39391K(39424K)->2780K(39424K) Eden: 35072K(35072K)->0K(35072K) From: 4319K(4352K)->2780K(4352K)
[55.304s][info ][gc,heap        ] GC(137) Tenured: 70380K(87424K)->70381K(87424K)
[55.304s][info ][gc,metaspace   ] GC(137) Metaspace: 9024K(9344K)->9024K(9344K) NonClass: 8090K(8256K)->8090K(8256K) Class: 934K(1088K)->934K(1088K)
[55.304s][debug][gc,heap        ] GC(137) Heap after GC invocations=135 (full 3):
[55.304s][debug][gc,heap        ] GC(137)  def new generation   total 39424K, used 2780K [0x0000000780000000, 0x0000000782ac0000, 0x00000007aaaa0000)
[55.304s][debug][gc,heap        ] GC(137)   eden space 35072K,   0% used [0x0000000780000000, 0x0000000780000000, 0x0000000782240000)
[55.304s][debug][gc,heap        ] GC(137)   from space 4352K,  63% used [0x0000000782240000, 0x00000007824f7320, 0x0000000782680000)
[55.304s][debug][gc,heap        ] GC(137)   to   space 4352K,   0% used [0x0000000782680000, 0x0000000782680000, 0x0000000782ac0000)
[55.304s][debug][gc,heap        ] GC(137)  tenured generation   total 87424K, used 70381K [0x00000007aaaa0000, 0x00000007b0000000, 0x0000000800000000)
[55.304s][debug][gc,heap        ] GC(137)    the space 87424K,  80% used [0x00000007aaaa0000, 0x00000007aef5b5e8, 0x00000007aef5b600, 0x00000007b0000000)
[55.304s][debug][gc,heap        ] GC(137)  Metaspace       used 9024K, committed 9344K, reserved 1114112K
[55.304s][debug][gc,heap        ] GC(137)   class space    used 934K, committed 1088K, reserved 1048576K
[55.304s][info ][gc             ] GC(137) Pause Young (Allocation Failure) 107M->71M(123M) 6.232ms
[55.304s][info ][gc,cpu         ] GC(137) User=0.01s Sys=0.00s Real=0.00s
[55.638s][info ][gc,start       ] GC(138) Pause Young (Allocation Failure)
[55.638s][debug][gc,heap        ] GC(138) Heap before GC invocations=135 (full 3):
[55.638s][debug][gc,heap        ] GC(138)  def new generation   total 39424K, used 37852K [0x0000000780000000, 0x0000000782ac0000, 0x00000007aaaa0000)
[55.638s][debug][gc,heap        ] GC(138)   eden space 35072K, 100% used [0x0000000780000000, 0x0000000782240000, 0x0000000782240000)
[55.638s][debug][gc,heap        ] GC(138)   from space 4352K,  63% used [0x0000000782240000, 0x00000007824f7320, 0x0000000782680000)
[55.638s][debug][gc,heap        ] GC(138)   to   space 4352K,   0% used [0x0000000782680000, 0x0000000782680000, 0x0000000782ac0000)
[55.638s][debug][gc,heap        ] GC(138)  tenured generation   total 87424K, used 70381K [0x00000007aaaa0000, 0x00000007b0000000, 0x0000000800000000)
[55.638s][debug][gc,heap        ] GC(138)    the space 87424K,  80% used [0x00000007aaaa0000, 0x00000007aef5b5e8, 0x00000007aef5b600, 0x00000007b0000000)
[55.638s][debug][gc,heap        ] GC(138)  Metaspace       used 9026K, committed 9344K, reserved 1114112K
[55.638s][debug][gc,heap        ] GC(138)   class space    used 934K, committed 1088K, reserved 1048576K
[55.638s][debug][gc,tlab        ] GC(138) TLAB totals: thrds: 4  refills: 88 max: 45 slow allocs: 26 max 11 waste:  0.2% gc: 5768B max: 2272B slow: 59752B max: 36000B
[55.641s][debug][gc,ref         ] GC(138) Skipped SoftWeakFinalRefsPhase of Reference Processing: no references
[55.641s][debug][gc,ref         ] GC(138) Skipped KeepAliveFinalRefsPhase of Reference Processing: no references
[55.641s][debug][gc,ref         ] GC(138) Skipped PhantomRefsPhase of Reference Processing: no references
[55.641s][debug][gc,phases,ref  ] GC(138) Reference Processing: 0.1ms
[55.641s][debug][gc,phases,ref  ] GC(138)   Notify Soft/WeakReferences: 0.1ms
[55.641s][debug][gc,phases,ref  ] GC(138)     SoftRef: skipped
[55.641s][debug][gc,phases,ref  ] GC(138)     WeakRef: skipped
[55.641s][debug][gc,phases,ref  ] GC(138)     FinalRef: skipped
[55.641s][debug][gc,phases,ref  ] GC(138)     Total: skipped
[55.641s][debug][gc,phases,ref  ] GC(138)   Notify and keep alive finalizable: 0.0ms
[55.641s][debug][gc,phases,ref  ] GC(138)     FinalRef: skipped
[55.641s][debug][gc,phases,ref  ] GC(138)   Notify PhantomReferences: 0.0ms
[55.641s][debug][gc,phases,ref  ] GC(138)     PhantomRef: skipped
[55.641s][debug][gc,phases,ref  ] GC(138)   SoftReference Discovered: 0, Dropped: 0, Processed: 0
[55.641s][debug][gc,phases,ref  ] GC(138)   WeakReference Discovered: 0, Dropped: 0, Processed: 0
[55.641s][debug][gc,phases,ref  ] GC(138)   FinalReference Discovered: 0, Dropped: 0, Processed: 0
[55.641s][debug][gc,phases,ref  ] GC(138)   PhantomReference Discovered: 0, Dropped: 0, Processed: 0
[55.641s][debug][gc,age         ] GC(138) Desired survivor size 2228224 bytes, new threshold 15 (max threshold 15)
[55.641s][info ][gc,heap        ] GC(138) DefNew: 37852K(39424K)->1302K(39424K) Eden: 35072K(35072K)->0K(35072K) From: 2780K(4352K)->1302K(4352K)
[55.641s][info ][gc,heap        ] GC(138) Tenured: 70381K(87424K)->70381K(87424K)
[55.641s][info ][gc,metaspace   ] GC(138) Metaspace: 9026K(9344K)->9026K(9344K) NonClass: 8091K(8256K)->8091K(8256K) Class: 934K(1088K)->934K(1088K)
[55.641s][debug][gc,heap        ] GC(138) Heap after GC invocations=136 (full 3):
[55.641s][debug][gc,heap        ] GC(138)  def new generation   total 39424K, used 1302K [0x0000000780000000, 0x0000000782ac0000, 0x00000007aaaa0000)
[55.641s][debug][gc,heap        ] GC(138)   eden space 35072K,   0% used [0x0000000780000000, 0x0000000780000000, 0x0000000782240000)
[55.641s][debug][gc,heap        ] GC(138)   from space 4352K,  29% used [0x0000000782680000, 0x00000007827c5980, 0x0000000782ac0000)
[55.641s][debug][gc,heap        ] GC(138)   to   space 4352K,   0% used [0x0000000782240000, 0x0000000782240000, 0x0000000782680000)
[55.641s][debug][gc,heap        ] GC(138)  tenured generation   total 87424K, used 70381K [0x00000007aaaa0000, 0x00000007b0000000, 0x0000000800000000)
[55.641s][debug][gc,heap        ] GC(138)    the space 87424K,  80% used [0x00000007aaaa0000, 0x00000007aef5b5e8, 0x00000007aef5b600, 0x00000007b0000000)
[55.641s][debug][gc,heap        ] GC(138)  Metaspace       used 9026K, committed 9344K, reserved 1114112K
[55.641s][debug][gc,heap        ] GC(138)   class space    used 934K, committed 1088K, reserved 1048576K
[55.641s][info ][gc             ] GC(138) Pause Young (Allocation Failure) 105M->70M(123M) 3.179ms
[55.641s][info ][gc,cpu         ] GC(138) User=0.00s Sys=0.00s Real=0.00s
[55.874s][info ][gc,start       ] GC(139) Pause Young (Allocation Failure)
[55.874s][debug][gc,heap        ] GC(139) Heap before GC invocations=136 (full 3):
[55.874s][debug][gc,heap        ] GC(139)  def new generation   total 39424K, used 35982K [0x0000000780000000, 0x0000000782ac0000, 0x00000007aaaa0000)
[55.874s][debug][gc,heap        ] GC(139)   eden space 35072K,  98% used [0x0000000780000000, 0x00000007821ddff0, 0x0000000782240000)
[55.874s][debug][gc,heap        ] GC(139)   from space 4352K,  29% used [0x0000000782680000, 0x00000007827c5980, 0x0000000782ac0000)
[55.874s][debug][gc,heap        ] GC(139)   to   space 4352K,   0% used [0x0000000782240000, 0x0000000782240000, 0x0000000782680000)
[55.874s][debug][gc,heap        ] GC(139)  tenured generation   total 87424K, used 70381K [0x00000007aaaa0000, 0x00000007b0000000, 0x0000000800000000)
[55.874s][debug][gc,heap        ] GC(139)    the space 87424K,  80% used [0x00000007aaaa0000, 0x00000007aef5b5e8, 0x00000007aef5b600, 0x00000007b0000000)
[55.874s][debug][gc,heap        ] GC(139)  Metaspace       used 9026K, committed 9344K, reserved 1114112K
[55.874s][debug][gc,heap        ] GC(139)   class space    used 934K, committed 1088K, reserved 1048576K
[55.874s][debug][gc,tlab        ] GC(139) TLAB totals: thrds: 1  refills: 45 max: 45 slow allocs: 7 max 7 waste:  2.1% gc: 648784B max: 648784B slow: 25808B max: 25808B
[55.893s][debug][gc,ref         ] GC(139) Skipped SoftWeakFinalRefsPhase of Reference Processing: no references
[55.893s][debug][gc,ref         ] GC(139) Skipped KeepAliveFinalRefsPhase of Reference Processing: no references
[55.893s][debug][gc,ref         ] GC(139) Skipped PhantomRefsPhase of Reference Processing: no references
[55.893s][debug][gc,phases,ref  ] GC(139) Reference Processing: 0.1ms
[55.893s][debug][gc,phases,ref  ] GC(139)   Notify Soft/WeakReferences: 0.1ms
[55.893s][debug][gc,phases,ref  ] GC(139)     SoftRef: skipped
[55.893s][debug][gc,phases,ref  ] GC(139)     WeakRef: skipped
[55.893s][debug][gc,phases,ref  ] GC(139)     FinalRef: skipped
[55.893s][debug][gc,phases,ref  ] GC(139)     Total: skipped
[55.893s][debug][gc,phases,ref  ] GC(139)   Notify and keep alive finalizable: 0.0ms
[55.893s][debug][gc,phases,ref  ] GC(139)     FinalRef: skipped
[55.893s][debug][gc,phases,ref  ] GC(139)   Notify PhantomReferences: 0.0ms
[55.893s][debug][gc,phases,ref  ] GC(139)     PhantomRef: skipped
[55.893s][debug][gc,phases,ref  ] GC(139)   SoftReference Discovered: 0, Dropped: 0, Processed: 0
[55.893s][debug][gc,phases,ref  ] GC(139)   WeakReference Discovered: 0, Dropped: 0, Processed: 0
[55.893s][debug][gc,phases,ref  ] GC(139)   FinalReference Discovered: 0, Dropped: 0, Processed: 0
[55.893s][debug][gc,phases,ref  ] GC(139)   PhantomReference Discovered: 0, Dropped: 0, Processed: 0
[55.894s][debug][gc,age         ] GC(139) Desired survivor size 2228224 bytes, new threshold 1 (max threshold 15)
[55.894s][info ][gc,heap        ] GC(139) DefNew: 35982K(39424K)->4351K(39424K) Eden: 34679K(35072K)->0K(35072K) From: 1302K(4352K)->4351K(4352K)
[55.894s][info ][gc,heap        ] GC(139) Tenured: 70381K(87424K)->76515K(87424K)
[55.894s][info ][gc,metaspace   ] GC(139) Metaspace: 9026K(9344K)->9026K(9344K) NonClass: 8091K(8256K)->8091K(8256K) Class: 934K(1088K)->934K(1088K)
[55.894s][debug][gc,heap        ] GC(139) Heap after GC invocations=137 (full 3):
[55.894s][debug][gc,heap        ] GC(139)  def new generation   total 39424K, used 4351K [0x0000000780000000, 0x0000000782ac0000, 0x00000007aaaa0000)
[55.894s][debug][gc,heap        ] GC(139)   eden space 35072K,   0% used [0x0000000780000000, 0x0000000780000000, 0x0000000782240000)
[55.894s][debug][gc,heap        ] GC(139)   from space 4352K,  99% used [0x0000000782240000, 0x000000078267fff8, 0x0000000782680000)
[55.894s][debug][gc,heap        ] GC(139)   to   space 4352K,   0% used [0x0000000782680000, 0x0000000782680000, 0x0000000782ac0000)
[55.894s][debug][gc,heap        ] GC(139)  tenured generation   total 87424K, used 76515K [0x00000007aaaa0000, 0x00000007b0000000, 0x0000000800000000)
[55.894s][debug][gc,heap        ] GC(139)    the space 87424K,  87% used [0x00000007aaaa0000, 0x00000007af558f70, 0x00000007af559000, 0x00000007b0000000)
[55.894s][debug][gc,heap        ] GC(139)  Metaspace       used 9026K, committed 9344K, reserved 1114112K
[55.894s][debug][gc,heap        ] GC(139)   class space    used 934K, committed 1088K, reserved 1048576K
[55.894s][info ][gc             ] GC(139) Pause Young (Allocation Failure) 103M->78M(123M) 20.042ms
[55.894s][info ][gc,cpu         ] GC(139) User=0.02s Sys=0.00s Real=0.02s
[56.230s][info ][gc,start       ] GC(140) Pause Young (Allocation Failure)
[56.231s][debug][gc,heap        ] GC(140) Heap before GC invocations=137 (full 3):
[56.231s][debug][gc,heap        ] GC(140)  def new generation   total 39424K, used 39423K [0x0000000780000000, 0x0000000782ac0000, 0x00000007aaaa0000)
[56.231s][debug][gc,heap        ] GC(140)   eden space 35072K, 100% used [0x0000000780000000, 0x0000000782240000, 0x0000000782240000)
[56.231s][debug][gc,heap        ] GC(140)   from space 4352K,  99% used [0x0000000782240000, 0x000000078267fff8, 0x0000000782680000)
[56.231s][debug][gc,heap        ] GC(140)   to   space 4352K,   0% used [0x0000000782680000, 0x0000000782680000, 0x0000000782ac0000)
[56.231s][debug][gc,heap        ] GC(140)  tenured generation   total 87424K, used 76515K [0x00000007aaaa0000, 0x00000007b0000000, 0x0000000800000000)
[56.231s][debug][gc,heap        ] GC(140)    the space 87424K,  87% used [0x00000007aaaa0000, 0x00000007af558f70, 0x00000007af559000, 0x00000007b0000000)
[56.231s][debug][gc,heap        ] GC(140)  Metaspace       used 9026K, committed 9344K, reserved 1114112K
[56.231s][debug][gc,heap        ] GC(140)   class space    used 934K, committed 1088K, reserved 1048576K
[56.231s][debug][gc,tlab        ] GC(140) TLAB totals: thrds: 1  refills: 46 max: 46 slow allocs: 3 max 3 waste:  0.1% gc: 0B max: 0B slow: 27328B max: 27328B
[56.244s][debug][gc,ref         ] GC(140) Skipped SoftWeakFinalRefsPhase of Reference Processing: no references
[56.244s][debug][gc,ref         ] GC(140) Skipped KeepAliveFinalRefsPhase of Reference Processing: no references
[56.244s][debug][gc,ref         ] GC(140) Skipped PhantomRefsPhase of Reference Processing: no references
[56.244s][debug][gc,phases,ref  ] GC(140) Reference Processing: 0.1ms
[56.244s][debug][gc,phases,ref  ] GC(140)   Notify Soft/WeakReferences: 0.1ms
[56.244s][debug][gc,phases,ref  ] GC(140)     SoftRef: skipped
[56.244s][debug][gc,phases,ref  ] GC(140)     WeakRef: skipped
[56.244s][debug][gc,phases,ref  ] GC(140)     FinalRef: skipped
[56.244s][debug][gc,phases,ref  ] GC(140)     Total: skipped
[56.244s][debug][gc,phases,ref  ] GC(140)   Notify and keep alive finalizable: 0.0ms
[56.244s][debug][gc,phases,ref  ] GC(140)     FinalRef: skipped
[56.244s][debug][gc,phases,ref  ] GC(140)   Notify PhantomReferences: 0.0ms
[56.244s][debug][gc,phases,ref  ] GC(140)     PhantomRef: skipped
[56.244s][debug][gc,phases,ref  ] GC(140)   SoftReference Discovered: 0, Dropped: 0, Processed: 0
[56.244s][debug][gc,phases,ref  ] GC(140)   WeakReference Discovered: 0, Dropped: 0, Processed: 0
[56.244s][debug][gc,phases,ref  ] GC(140)   FinalReference Discovered: 0, Dropped: 0, Processed: 0
[56.244s][debug][gc,phases,ref  ] GC(140)   PhantomReference Discovered: 0, Dropped: 0, Processed: 0
[56.244s][debug][gc,age         ] GC(140) Desired survivor size 2228224 bytes, new threshold 1 (max threshold 15)
[56.244s][info ][gc,heap        ] GC(140) DefNew: 39423K(39424K)->4352K(39424K) Eden: 35072K(35072K)->0K(35072K) From: 4351K(4352K)->4352K(4352K)
[56.244s][info ][gc,heap        ] GC(140) Tenured: 76515K(87424K)->81111K(87424K)
[56.244s][info ][gc,metaspace   ] GC(140) Metaspace: 9026K(9344K)->9026K(9344K) NonClass: 8091K(8256K)->8091K(8256K) Class: 934K(1088K)->934K(1088K)
[56.244s][debug][gc,heap        ] GC(140) Heap after GC invocations=138 (full 3):
[56.244s][debug][gc,heap        ] GC(140)  def new generation   total 39424K, used 4352K [0x0000000780000000, 0x0000000782ac0000, 0x00000007aaaa0000)
[56.244s][debug][gc,heap        ] GC(140)   eden space 35072K,   0% used [0x0000000780000000, 0x0000000780000000, 0x0000000782240000)
[56.245s][debug][gc,heap        ] GC(140)   from space 4352K, 100% used [0x0000000782680000, 0x0000000782ac0000, 0x0000000782ac0000)
[56.245s][debug][gc,heap        ] GC(140)   to   space 4352K,   0% used [0x0000000782240000, 0x0000000782240000, 0x0000000782680000)
[56.245s][debug][gc,heap        ] GC(140)  tenured generation   total 87424K, used 81111K [0x00000007aaaa0000, 0x00000007b0000000, 0x0000000800000000)
[56.245s][debug][gc,heap        ] GC(140)    the space 87424K,  92% used [0x00000007aaaa0000, 0x00000007af9d5f40, 0x00000007af9d6000, 0x00000007b0000000)
[56.245s][debug][gc,heap        ] GC(140)  Metaspace       used 9026K, committed 9344K, reserved 1114112K
[56.245s][debug][gc,heap        ] GC(140)   class space    used 934K, committed 1088K, reserved 1048576K
[56.245s][info ][gc             ] GC(140) Pause Young (Allocation Failure) 113M->83M(123M) 14.843ms
[56.245s][info ][gc,cpu         ] GC(140) User=0.01s Sys=0.00s Real=0.01s
[56.583s][info ][gc,start       ] GC(141) Pause Young (Allocation Failure)
[56.583s][debug][gc,heap        ] GC(141) Heap before GC invocations=138 (full 3):
[56.583s][debug][gc,heap        ] GC(141)  def new generation   total 39424K, used 39424K [0x0000000780000000, 0x0000000782ac0000, 0x00000007aaaa0000)
[56.583s][debug][gc,heap        ] GC(141)   eden space 35072K, 100% used [0x0000000780000000, 0x0000000782240000, 0x0000000782240000)
[56.583s][debug][gc,heap        ] GC(141)   from space 4352K, 100% used [0x0000000782680000, 0x0000000782ac0000, 0x0000000782ac0000)
[56.583s][debug][gc,heap        ] GC(141)   to   space 4352K,   0% used [0x0000000782240000, 0x0000000782240000, 0x0000000782680000)
[56.583s][debug][gc,heap        ] GC(141)  tenured generation   total 87424K, used 81111K [0x00000007aaaa0000, 0x00000007b0000000, 0x0000000800000000)
[56.583s][debug][gc,heap        ] GC(141)    the space 87424K,  92% used [0x00000007aaaa0000, 0x00000007af9d5f40, 0x00000007af9d6000, 0x00000007b0000000)
[56.583s][debug][gc,heap        ] GC(141)  Metaspace       used 9026K, committed 9344K, reserved 1114112K
[56.583s][debug][gc,heap        ] GC(141)   class space    used 934K, committed 1088K, reserved 1048576K
[56.583s][debug][gc,tlab        ] GC(141) TLAB totals: thrds: 1  refills: 45 max: 45 slow allocs: 6 max 6 waste:  0.1% gc: 0B max: 0B slow: 33856B max: 33856B
[56.595s][debug][gc,ref         ] GC(141) Skipped SoftWeakFinalRefsPhase of Reference Processing: no references
[56.595s][debug][gc,ref         ] GC(141) Skipped KeepAliveFinalRefsPhase of Reference Processing: no references
[56.595s][debug][gc,ref         ] GC(141) Skipped PhantomRefsPhase of Reference Processing: no references
[56.595s][debug][gc,phases,ref  ] GC(141) Reference Processing: 0.1ms
[56.595s][debug][gc,phases,ref  ] GC(141)   Notify Soft/WeakReferences: 0.1ms
[56.595s][debug][gc,phases,ref  ] GC(141)     SoftRef: skipped
[56.595s][debug][gc,phases,ref  ] GC(141)     WeakRef: skipped
[56.595s][debug][gc,phases,ref  ] GC(141)     FinalRef: skipped
[56.595s][debug][gc,phases,ref  ] GC(141)     Total: skipped
[56.595s][debug][gc,phases,ref  ] GC(141)   Notify and keep alive finalizable: 0.0ms
[56.596s][debug][gc,phases,ref  ] GC(141)     FinalRef: skipped
[56.596s][debug][gc,phases,ref  ] GC(141)   Notify PhantomReferences: 0.0ms
[56.596s][debug][gc,phases,ref  ] GC(141)     PhantomRef: skipped
[56.596s][debug][gc,phases,ref  ] GC(141)   SoftReference Discovered: 0, Dropped: 0, Processed: 0
[56.596s][debug][gc,phases,ref  ] GC(141)   WeakReference Discovered: 0, Dropped: 0, Processed: 0
[56.596s][debug][gc,phases,ref  ] GC(141)   FinalReference Discovered: 0, Dropped: 0, Processed: 0
[56.596s][debug][gc,phases,ref  ] GC(141)   PhantomReference Discovered: 0, Dropped: 0, Processed: 0
[56.596s][debug][gc,age         ] GC(141) Desired survivor size 2228224 bytes, new threshold 1 (max threshold 15)
[56.596s][info ][gc,heap        ] GC(141) DefNew: 39424K(39424K)->4351K(39424K) Eden: 35072K(35072K)->0K(35072K) From: 4352K(4352K)->4351K(4352K)
[56.596s][info ][gc,heap        ] GC(141) Tenured: 81111K(87424K)->84162K(87424K)
[56.596s][info ][gc,metaspace   ] GC(141) Metaspace: 9026K(9344K)->9026K(9344K) NonClass: 8091K(8256K)->8091K(8256K) Class: 934K(1088K)->934K(1088K)
[56.596s][debug][gc,heap        ] GC(141) Heap after GC invocations=139 (full 3):
[56.596s][debug][gc,heap        ] GC(141)  def new generation   total 39424K, used 4351K [0x0000000780000000, 0x0000000782ac0000, 0x00000007aaaa0000)
[56.596s][debug][gc,heap        ] GC(141)   eden space 35072K,   0% used [0x0000000780000000, 0x0000000780000000, 0x0000000782240000)
[56.596s][debug][gc,heap        ] GC(141)   from space 4352K,  99% used [0x0000000782240000, 0x000000078267fff8, 0x0000000782680000)
[56.596s][debug][gc,heap        ] GC(141)   to   space 4352K,   0% used [0x0000000782680000, 0x0000000782680000, 0x0000000782ac0000)
[56.596s][debug][gc,heap        ] GC(141)  tenured generation   total 87424K, used 84162K [0x00000007aaaa0000, 0x00000007b0000000, 0x0000000800000000)
[56.596s][debug][gc,heap        ] GC(141)    the space 87424K,  96% used [0x00000007aaaa0000, 0x00000007afcd0be8, 0x00000007afcd0c00, 0x00000007b0000000)
[56.596s][debug][gc,heap        ] GC(141)  Metaspace       used 9026K, committed 9344K, reserved 1114112K
[56.596s][debug][gc,heap        ] GC(141)   class space    used 934K, committed 1088K, reserved 1048576K
[56.596s][info ][gc             ] GC(141) Pause Young (Allocation Failure) 117M->86M(123M) 13.209ms
[56.596s][info ][gc,cpu         ] GC(141) User=0.01s Sys=0.00s Real=0.01s
[56.932s][info ][gc,start       ] GC(142) Pause Young (Allocation Failure)
[56.933s][debug][gc,heap        ] GC(142) Heap before GC invocations=139 (full 3):
[56.933s][debug][gc,heap        ] GC(142)  def new generation   total 39424K, used 39423K [0x0000000780000000, 0x0000000782ac0000, 0x00000007aaaa0000)
[56.933s][debug][gc,heap        ] GC(142)   eden space 35072K, 100% used [0x0000000780000000, 0x0000000782240000, 0x0000000782240000)
[56.933s][debug][gc,heap        ] GC(142)   from space 4352K,  99% used [0x0000000782240000, 0x000000078267fff8, 0x0000000782680000)
[56.933s][debug][gc,heap        ] GC(142)   to   space 4352K,   0% used [0x0000000782680000, 0x0000000782680000, 0x0000000782ac0000)
[56.933s][debug][gc,heap        ] GC(142)  tenured generation   total 87424K, used 84162K [0x00000007aaaa0000, 0x00000007b0000000, 0x0000000800000000)
[56.933s][debug][gc,heap        ] GC(142)    the space 87424K,  96% used [0x00000007aaaa0000, 0x00000007afcd0be8, 0x00000007afcd0c00, 0x00000007b0000000)
[56.933s][debug][gc,heap        ] GC(142)  Metaspace       used 9034K, committed 9344K, reserved 1114112K
[56.933s][debug][gc,heap        ] GC(142)   class space    used 934K, committed 1088K, reserved 1048576K
[56.933s][debug][gc,tlab        ] GC(142) TLAB totals: thrds: 3  refills: 86 max: 44 slow allocs: 31 max 23 waste:  0.2% gc: 4160B max: 2272B slow: 60584B max: 36816B
[56.945s][debug][gc,ref         ] GC(142) Skipped SoftWeakFinalRefsPhase of Reference Processing: no references
[56.945s][debug][gc,ref         ] GC(142) Skipped KeepAliveFinalRefsPhase of Reference Processing: no references
[56.945s][debug][gc,ref         ] GC(142) Skipped PhantomRefsPhase of Reference Processing: no references
[56.945s][debug][gc,phases,ref  ] GC(142) Reference Processing: 0.1ms
[56.945s][debug][gc,phases,ref  ] GC(142)   Notify Soft/WeakReferences: 0.1ms
[56.945s][debug][gc,phases,ref  ] GC(142)     SoftRef: skipped
[56.945s][debug][gc,phases,ref  ] GC(142)     WeakRef: skipped
[56.945s][debug][gc,phases,ref  ] GC(142)     FinalRef: skipped
[56.945s][debug][gc,phases,ref  ] GC(142)     Total: skipped
[56.945s][debug][gc,phases,ref  ] GC(142)   Notify and keep alive finalizable: 0.0ms
[56.945s][debug][gc,phases,ref  ] GC(142)     FinalRef: skipped
[56.945s][debug][gc,phases,ref  ] GC(142)   Notify PhantomReferences: 0.0ms
[56.945s][debug][gc,phases,ref  ] GC(142)     PhantomRef: skipped
[56.945s][debug][gc,phases,ref  ] GC(142)   SoftReference Discovered: 0, Dropped: 0, Processed: 0
[56.945s][debug][gc,phases,ref  ] GC(142)   WeakReference Discovered: 0, Dropped: 0, Processed: 0
[56.945s][debug][gc,phases,ref  ] GC(142)   FinalReference Discovered: 0, Dropped: 0, Processed: 0
[56.945s][debug][gc,phases,ref  ] GC(142)   PhantomReference Discovered: 0, Dropped: 0, Processed: 0
[56.945s][debug][gc,age         ] GC(142) Desired survivor size 2228224 bytes, new threshold 1 (max threshold 15)
[56.946s][info ][gc,heap        ] GC(142) DefNew: 39423K(39424K)->4351K(39424K) Eden: 35072K(35072K)->0K(35072K) From: 4351K(4352K)->4351K(4352K)
[56.946s][info ][gc,heap        ] GC(142) Tenured: 84162K(87424K)->85543K(87424K)
[56.946s][info ][gc,metaspace   ] GC(142) Metaspace: 9034K(9344K)->9034K(9344K) NonClass: 8100K(8256K)->8100K(8256K) Class: 934K(1088K)->934K(1088K)
[56.946s][debug][gc,heap        ] GC(142) Heap after GC invocations=140 (full 3):
[56.946s][debug][gc,heap        ] GC(142)  def new generation   total 39424K, used 4351K [0x0000000780000000, 0x0000000782ac0000, 0x00000007aaaa0000)
[56.946s][debug][gc,heap        ] GC(142)   eden space 35072K,   0% used [0x0000000780000000, 0x0000000780000000, 0x0000000782240000)
[56.946s][debug][gc,heap        ] GC(142)   from space 4352K,  99% used [0x0000000782680000, 0x0000000782abfff0, 0x0000000782ac0000)
[56.946s][debug][gc,heap        ] GC(142)   to   space 4352K,   0% used [0x0000000782240000, 0x0000000782240000, 0x0000000782680000)
[56.946s][debug][gc,heap        ] GC(142)  tenured generation   total 87424K, used 85543K [0x00000007aaaa0000, 0x00000007b0000000, 0x0000000800000000)
[56.946s][debug][gc,heap        ] GC(142)    the space 87424K,  97% used [0x00000007aaaa0000, 0x00000007afe29e68, 0x00000007afe2a000, 0x00000007b0000000)
[56.946s][debug][gc,heap        ] GC(142)  Metaspace       used 9034K, committed 9344K, reserved 1114112K
[56.946s][debug][gc,heap        ] GC(142)   class space    used 934K, committed 1088K, reserved 1048576K
[56.946s][info ][gc             ] GC(142) Pause Young (Allocation Failure) 120M->87M(123M) 13.391ms
[56.946s][info ][gc,cpu         ] GC(142) User=0.02s Sys=0.00s Real=0.01s
[57.275s][info ][gc,start       ] GC(143) Pause Young (Allocation Failure)
[57.275s][debug][gc,heap        ] GC(143) Heap before GC invocations=140 (full 3):
[57.276s][debug][gc,heap        ] GC(143)  def new generation   total 39424K, used 39423K [0x0000000780000000, 0x0000000782ac0000, 0x00000007aaaa0000)
[57.276s][debug][gc,heap        ] GC(143)   eden space 35072K, 100% used [0x0000000780000000, 0x0000000782240000, 0x0000000782240000)
[57.276s][debug][gc,heap        ] GC(143)   from space 4352K,  99% used [0x0000000782680000, 0x0000000782abfff0, 0x0000000782ac0000)
[57.276s][debug][gc,heap        ] GC(143)   to   space 4352K,   0% used [0x0000000782240000, 0x0000000782240000, 0x0000000782680000)
[57.276s][debug][gc,heap        ] GC(143)  tenured generation   total 87424K, used 85543K [0x00000007aaaa0000, 0x00000007b0000000, 0x0000000800000000)
[57.276s][debug][gc,heap        ] GC(143)    the space 87424K,  97% used [0x00000007aaaa0000, 0x00000007afe29e68, 0x00000007afe2a000, 0x00000007b0000000)
[57.276s][debug][gc,heap        ] GC(143)  Metaspace       used 9034K, committed 9344K, reserved 1114112K
[57.276s][debug][gc,heap        ] GC(143)   class space    used 934K, committed 1088K, reserved 1048576K
[57.276s][debug][gc,tlab        ] GC(143) TLAB totals: thrds: 1  refills: 44 max: 44 slow allocs: 9 max 9 waste:  0.1% gc: 0B max: 0B slow: 33712B max: 33712B
[57.283s][debug][gc,ref         ] GC(143) Skipped SoftWeakFinalRefsPhase of Reference Processing: no references
[57.283s][debug][gc,ref         ] GC(143) Skipped KeepAliveFinalRefsPhase of Reference Processing: no references
[57.283s][debug][gc,ref         ] GC(143) Skipped PhantomRefsPhase of Reference Processing: no references
[57.283s][debug][gc,phases,ref  ] GC(143) Reference Processing: 0.1ms
[57.283s][debug][gc,phases,ref  ] GC(143)   Notify Soft/WeakReferences: 0.1ms
[57.283s][debug][gc,phases,ref  ] GC(143)     SoftRef: skipped
[57.283s][debug][gc,phases,ref  ] GC(143)     WeakRef: skipped
[57.283s][debug][gc,phases,ref  ] GC(143)     FinalRef: skipped
[57.283s][debug][gc,phases,ref  ] GC(143)     Total: skipped
[57.283s][debug][gc,phases,ref  ] GC(143)   Notify and keep alive finalizable: 0.0ms
[57.283s][debug][gc,phases,ref  ] GC(143)     FinalRef: skipped
[57.284s][debug][gc,phases,ref  ] GC(143)   Notify PhantomReferences: 0.0ms
[57.284s][debug][gc,phases,ref  ] GC(143)     PhantomRef: skipped
[57.284s][debug][gc,phases,ref  ] GC(143)   SoftReference Discovered: 0, Dropped: 0, Processed: 0
[57.284s][debug][gc,phases,ref  ] GC(143)   WeakReference Discovered: 0, Dropped: 0, Processed: 0
[57.284s][debug][gc,phases,ref  ] GC(143)   FinalReference Discovered: 0, Dropped: 0, Processed: 0
[57.284s][debug][gc,phases,ref  ] GC(143)   PhantomReference Discovered: 0, Dropped: 0, Processed: 0
[57.284s][debug][gc,age         ] GC(143) Desired survivor size 2228224 bytes, new threshold 1 (max threshold 15)
[57.284s][info ][gc,heap        ] GC(143) DefNew: 39423K(39424K)->4352K(39424K) Eden: 35072K(35072K)->0K(35072K) From: 4351K(4352K)->4352K(4352K)
[57.284s][info ][gc,heap        ] GC(143) Tenured: 85543K(87424K)->85635K(87424K)
[57.284s][info ][gc,metaspace   ] GC(143) Metaspace: 9034K(9344K)->9034K(9344K) NonClass: 8100K(8256K)->8100K(8256K) Class: 934K(1088K)->934K(1088K)
[57.284s][debug][gc,heap        ] GC(143) Heap after GC invocations=141 (full 3):
[57.284s][debug][gc,heap        ] GC(143)  def new generation   total 39424K, used 4352K [0x0000000780000000, 0x0000000782ac0000, 0x00000007aaaa0000)
[57.284s][debug][gc,heap        ] GC(143)   eden space 35072K,   0% used [0x0000000780000000, 0x0000000780000000, 0x0000000782240000)
[57.284s][debug][gc,heap        ] GC(143)   from space 4352K, 100% used [0x0000000782240000, 0x0000000782680000, 0x0000000782680000)
[57.284s][debug][gc,heap        ] GC(143)   to   space 4352K,   0% used [0x0000000782680000, 0x0000000782680000, 0x0000000782ac0000)
[57.284s][debug][gc,heap        ] GC(143)  tenured generation   total 87424K, used 85635K [0x00000007aaaa0000, 0x00000007b0000000, 0x0000000800000000)
[57.284s][debug][gc,heap        ] GC(143)    the space 87424K,  97% used [0x00000007aaaa0000, 0x00000007afe40e48, 0x00000007afe41000, 0x00000007b0000000)
[57.284s][debug][gc,heap        ] GC(143)  Metaspace       used 9034K, committed 9344K, reserved 1114112K
[57.284s][debug][gc,heap        ] GC(143)   class space    used 934K, committed 1088K, reserved 1048576K
[57.284s][info ][gc             ] GC(143) Pause Young (Allocation Failure) 122M->87M(123M) 8.778ms
[57.284s][info ][gc,cpu         ] GC(143) User=0.00s Sys=0.00s Real=0.01s
[57.628s][info ][gc,start       ] GC(144) Pause Young (Allocation Failure)
[57.628s][debug][gc,heap        ] GC(144) Heap before GC invocations=141 (full 3):
[57.629s][debug][gc,heap        ] GC(144)  def new generation   total 39424K, used 39424K [0x0000000780000000, 0x0000000782ac0000, 0x00000007aaaa0000)
[57.629s][debug][gc,heap        ] GC(144)   eden space 35072K, 100% used [0x0000000780000000, 0x0000000782240000, 0x0000000782240000)
[57.629s][debug][gc,heap        ] GC(144)   from space 4352K, 100% used [0x0000000782240000, 0x0000000782680000, 0x0000000782680000)
[57.629s][debug][gc,heap        ] GC(144)   to   space 4352K,   0% used [0x0000000782680000, 0x0000000782680000, 0x0000000782ac0000)
[57.629s][debug][gc,heap        ] GC(144)  tenured generation   total 87424K, used 85635K [0x00000007aaaa0000, 0x00000007b0000000, 0x0000000800000000)
[57.629s][debug][gc,heap        ] GC(144)    the space 87424K,  97% used [0x00000007aaaa0000, 0x00000007afe40e48, 0x00000007afe41000, 0x00000007b0000000)
[57.629s][debug][gc,heap        ] GC(144)  Metaspace       used 9034K, committed 9344K, reserved 1114112K
[57.629s][debug][gc,heap        ] GC(144)   class space    used 934K, committed 1088K, reserved 1048576K
[57.629s][debug][gc,tlab        ] GC(144) TLAB totals: thrds: 1  refills: 46 max: 46 slow allocs: 2 max 2 waste:  0.1% gc: 0B max: 0B slow: 32488B max: 32488B
[57.636s][debug][gc,ref         ] GC(144) Skipped SoftWeakFinalRefsPhase of Reference Processing: no references
[57.636s][debug][gc,ref         ] GC(144) Skipped KeepAliveFinalRefsPhase of Reference Processing: no references
[57.636s][debug][gc,ref         ] GC(144) Skipped PhantomRefsPhase of Reference Processing: no references
[57.636s][debug][gc,phases,ref  ] GC(144) Reference Processing: 0.2ms
[57.636s][debug][gc,phases,ref  ] GC(144)   Notify Soft/WeakReferences: 0.1ms
[57.636s][debug][gc,phases,ref  ] GC(144)     SoftRef: skipped
[57.636s][debug][gc,phases,ref  ] GC(144)     WeakRef: skipped
[57.636s][debug][gc,phases,ref  ] GC(144)     FinalRef: skipped
[57.637s][debug][gc,phases,ref  ] GC(144)     Total: skipped
[57.637s][debug][gc,phases,ref  ] GC(144)   Notify and keep alive finalizable: 0.0ms
[57.637s][debug][gc,phases,ref  ] GC(144)     FinalRef: skipped
[57.637s][debug][gc,phases,ref  ] GC(144)   Notify PhantomReferences: 0.0ms
[57.637s][debug][gc,phases,ref  ] GC(144)     PhantomRef: skipped
[57.637s][debug][gc,phases,ref  ] GC(144)   SoftReference Discovered: 0, Dropped: 0, Processed: 0
[57.637s][debug][gc,phases,ref  ] GC(144)   WeakReference Discovered: 0, Dropped: 0, Processed: 0
[57.637s][debug][gc,phases,ref  ] GC(144)   FinalReference Discovered: 0, Dropped: 0, Processed: 0
[57.637s][debug][gc,phases,ref  ] GC(144)   PhantomReference Discovered: 0, Dropped: 0, Processed: 0
[57.637s][debug][gc,age         ] GC(144) Desired survivor size 2228224 bytes, new threshold 1 (max threshold 15)
[57.637s][info ][gc,heap        ] GC(144) DefNew: 39424K(39424K)->2900K(39424K) Eden: 35072K(35072K)->0K(35072K) From: 4352K(4352K)->2900K(4352K)
[57.637s][info ][gc,heap        ] GC(144) Tenured: 85635K(87424K)->85635K(87424K)
[57.637s][info ][gc,metaspace   ] GC(144) Metaspace: 9034K(9344K)->9034K(9344K) NonClass: 8100K(8256K)->8100K(8256K) Class: 934K(1088K)->934K(1088K)
[57.637s][debug][gc,heap        ] GC(144) Heap after GC invocations=142 (full 3):
[57.637s][debug][gc,heap        ] GC(144)  def new generation   total 39424K, used 2900K [0x0000000780000000, 0x0000000782ac0000, 0x00000007aaaa0000)
[57.637s][debug][gc,heap        ] GC(144)   eden space 35072K,   0% used [0x0000000780000000, 0x0000000780000000, 0x0000000782240000)
[57.637s][debug][gc,heap        ] GC(144)   from space 4352K,  66% used [0x0000000782680000, 0x0000000782955208, 0x0000000782ac0000)
[57.637s][debug][gc,heap        ] GC(144)   to   space 4352K,   0% used [0x0000000782240000, 0x0000000782240000, 0x0000000782680000)
[57.637s][debug][gc,heap        ] GC(144)  tenured generation   total 87424K, used 85635K [0x00000007aaaa0000, 0x00000007b0000000, 0x0000000800000000)
[57.637s][debug][gc,heap        ] GC(144)    the space 87424K,  97% used [0x00000007aaaa0000, 0x00000007afe40e48, 0x00000007afe41000, 0x00000007b0000000)
[57.637s][debug][gc,heap        ] GC(144)  Metaspace       used 9034K, committed 9344K, reserved 1114112K
[57.637s][debug][gc,heap        ] GC(144)   class space    used 934K, committed 1088K, reserved 1048576K
[57.637s][info ][gc             ] GC(144) Pause Young (Allocation Failure) 122M->86M(123M) 9.009ms
[57.637s][info ][gc,cpu         ] GC(144) User=0.01s Sys=0.00s Real=0.00s
[57.974s][info ][gc,start       ] GC(145) Pause Young (Allocation Failure)
[57.974s][debug][gc,heap        ] GC(145) Heap before GC invocations=142 (full 3):
[57.974s][debug][gc,heap        ] GC(145)  def new generation   total 39424K, used 37972K [0x0000000780000000, 0x0000000782ac0000, 0x00000007aaaa0000)
[57.974s][debug][gc,heap        ] GC(145)   eden space 35072K, 100% used [0x0000000780000000, 0x0000000782240000, 0x0000000782240000)
[57.974s][debug][gc,heap        ] GC(145)   from space 4352K,  66% used [0x0000000782680000, 0x0000000782955208, 0x0000000782ac0000)
[57.974s][debug][gc,heap        ] GC(145)   to   space 4352K,   0% used [0x0000000782240000, 0x0000000782240000, 0x0000000782680000)
[57.974s][debug][gc,heap        ] GC(145)  tenured generation   total 87424K, used 85635K [0x00000007aaaa0000, 0x00000007b0000000, 0x0000000800000000)
[57.974s][debug][gc,heap        ] GC(145)    the space 87424K,  97% used [0x00000007aaaa0000, 0x00000007afe40e48, 0x00000007afe41000, 0x00000007b0000000)
[57.974s][debug][gc,heap        ] GC(145)  Metaspace       used 9034K, committed 9344K, reserved 1114112K
[57.974s][debug][gc,heap        ] GC(145)   class space    used 934K, committed 1088K, reserved 1048576K
[57.975s][debug][gc,tlab        ] GC(145) TLAB totals: thrds: 4  refills: 88 max: 45 slow allocs: 26 max 15 waste:  0.2% gc: 6848B max: 2432B slow: 49960B max: 26232B
[57.977s][debug][gc,ref         ] GC(145) Skipped SoftWeakFinalRefsPhase of Reference Processing: no references
[57.977s][debug][gc,ref         ] GC(145) Skipped KeepAliveFinalRefsPhase of Reference Processing: no references
[57.977s][debug][gc,ref         ] GC(145) Skipped PhantomRefsPhase of Reference Processing: no references
[57.977s][debug][gc,phases,ref  ] GC(145) Reference Processing: 0.1ms
[57.977s][debug][gc,phases,ref  ] GC(145)   Notify Soft/WeakReferences: 0.1ms
[57.977s][debug][gc,phases,ref  ] GC(145)     SoftRef: skipped
[57.977s][debug][gc,phases,ref  ] GC(145)     WeakRef: skipped
[57.977s][debug][gc,phases,ref  ] GC(145)     FinalRef: skipped
[57.977s][debug][gc,phases,ref  ] GC(145)     Total: skipped
[57.977s][debug][gc,phases,ref  ] GC(145)   Notify and keep alive finalizable: 0.0ms
[57.977s][debug][gc,phases,ref  ] GC(145)     FinalRef: skipped
[57.977s][debug][gc,phases,ref  ] GC(145)   Notify PhantomReferences: 0.0ms
[57.977s][debug][gc,phases,ref  ] GC(145)     PhantomRef: skipped
[57.977s][debug][gc,phases,ref  ] GC(145)   SoftReference Discovered: 0, Dropped: 0, Processed: 0
[57.977s][debug][gc,phases,ref  ] GC(145)   WeakReference Discovered: 0, Dropped: 0, Processed: 0
[57.977s][debug][gc,phases,ref  ] GC(145)   FinalReference Discovered: 0, Dropped: 0, Processed: 0
[57.977s][debug][gc,phases,ref  ] GC(145)   PhantomReference Discovered: 0, Dropped: 0, Processed: 0
[57.977s][debug][gc,age         ] GC(145) Desired survivor size 2228224 bytes, new threshold 15 (max threshold 15)
[57.977s][info ][gc,heap        ] GC(145) DefNew: 37972K(39424K)->1366K(39424K) Eden: 35072K(35072K)->0K(35072K) From: 2900K(4352K)->1366K(4352K)
[57.977s][info ][gc,heap        ] GC(145) Tenured: 85635K(87424K)->85635K(87424K)
[57.977s][info ][gc,metaspace   ] GC(145) Metaspace: 9034K(9344K)->9034K(9344K) NonClass: 8100K(8256K)->8100K(8256K) Class: 934K(1088K)->934K(1088K)
[57.977s][debug][gc,heap        ] GC(145) Heap after GC invocations=143 (full 3):
[57.977s][debug][gc,heap        ] GC(145)  def new generation   total 39424K, used 1366K [0x0000000780000000, 0x0000000782ac0000, 0x00000007aaaa0000)
[57.977s][debug][gc,heap        ] GC(145)   eden space 35072K,   0% used [0x0000000780000000, 0x0000000780000000, 0x0000000782240000)
[57.977s][debug][gc,heap        ] GC(145)   from space 4352K,  31% used [0x0000000782240000, 0x0000000782395990, 0x0000000782680000)
[57.977s][debug][gc,heap        ] GC(145)   to   space 4352K,   0% used [0x0000000782680000, 0x0000000782680000, 0x0000000782ac0000)
[57.977s][debug][gc,heap        ] GC(145)  tenured generation   total 87424K, used 85635K [0x00000007aaaa0000, 0x00000007b0000000, 0x0000000800000000)
[57.977s][debug][gc,heap        ] GC(145)    the space 87424K,  97% used [0x00000007aaaa0000, 0x00000007afe40e48, 0x00000007afe41000, 0x00000007b0000000)
[57.977s][debug][gc,heap        ] GC(145)  Metaspace       used 9034K, committed 9344K, reserved 1114112K
[57.977s][debug][gc,heap        ] GC(145)   class space    used 934K, committed 1088K, reserved 1048576K
[57.977s][info ][gc             ] GC(145) Pause Young (Allocation Failure) 120M->84M(123M) 3.231ms
[57.977s][info ][gc,cpu         ] GC(145) User=0.00s Sys=0.00s Real=0.00s
[58.204s][info ][gc,start       ] GC(146) Pause Young (Allocation Failure)
[58.204s][debug][gc,heap        ] GC(146) Heap before GC invocations=143 (full 3):
[58.204s][debug][gc,heap        ] GC(146)  def new generation   total 39424K, used 35924K [0x0000000780000000, 0x0000000782ac0000, 0x00000007aaaa0000)
[58.204s][debug][gc,heap        ] GC(146)   eden space 35072K,  98% used [0x0000000780000000, 0x00000007821bf700, 0x0000000782240000)
[58.204s][debug][gc,heap        ] GC(146)   from space 4352K,  31% used [0x0000000782240000, 0x0000000782395990, 0x0000000782680000)
[58.204s][debug][gc,heap        ] GC(146)   to   space 4352K,   0% used [0x0000000782680000, 0x0000000782680000, 0x0000000782ac0000)
[58.204s][debug][gc,heap        ] GC(146)  tenured generation   total 87424K, used 85635K [0x00000007aaaa0000, 0x00000007b0000000, 0x0000000800000000)
[58.204s][debug][gc,heap        ] GC(146)    the space 87424K,  97% used [0x00000007aaaa0000, 0x00000007afe40e48, 0x00000007afe41000, 0x00000007b0000000)
[58.204s][debug][gc,heap        ] GC(146)  Metaspace       used 9034K, committed 9344K, reserved 1114112K
[58.204s][debug][gc,heap        ] GC(146)   class space    used 934K, committed 1088K, reserved 1048576K
[58.204s][debug][gc,tlab        ] GC(146) TLAB totals: thrds: 1  refills: 45 max: 45 slow allocs: 7 max 7 waste:  2.1% gc: 654616B max: 654616B slow: 25912B max: 25912B
[58.225s][debug][gc,ref         ] GC(146) Skipped SoftWeakFinalRefsPhase of Reference Processing: no references
[58.225s][debug][gc,ref         ] GC(146) Skipped KeepAliveFinalRefsPhase of Reference Processing: no references
[58.225s][debug][gc,ref         ] GC(146) Skipped PhantomRefsPhase of Reference Processing: no references
[58.225s][debug][gc,phases,ref  ] GC(146) Reference Processing: 0.1ms
[58.225s][debug][gc,phases,ref  ] GC(146)   Notify Soft/WeakReferences: 0.1ms
[58.225s][debug][gc,phases,ref  ] GC(146)     SoftRef: skipped
[58.225s][debug][gc,phases,ref  ] GC(146)     WeakRef: skipped
[58.225s][debug][gc,phases,ref  ] GC(146)     FinalRef: skipped
[58.225s][debug][gc,phases,ref  ] GC(146)     Total: skipped
[58.225s][debug][gc,phases,ref  ] GC(146)   Notify and keep alive finalizable: 0.0ms
[58.225s][debug][gc,phases,ref  ] GC(146)     FinalRef: skipped
[58.225s][debug][gc,phases,ref  ] GC(146)   Notify PhantomReferences: 0.0ms
[58.225s][debug][gc,phases,ref  ] GC(146)     PhantomRef: skipped
[58.225s][debug][gc,phases,ref  ] GC(146)   SoftReference Discovered: 0, Dropped: 0, Processed: 0
[58.225s][debug][gc,phases,ref  ] GC(146)   WeakReference Discovered: 0, Dropped: 0, Processed: 0
[58.225s][debug][gc,phases,ref  ] GC(146)   FinalReference Discovered: 0, Dropped: 0, Processed: 0
[58.225s][debug][gc,phases,ref  ] GC(146)   PhantomReference Discovered: 0, Dropped: 0, Processed: 0
[58.226s][debug][gc,age         ] GC(146) Desired survivor size 2228224 bytes, new threshold 1 (max threshold 15)
[58.226s][debug][gc,heap        ] GC(146) Heap after GC invocations=144 (full 3):
[58.226s][debug][gc,heap        ] GC(146)  def new generation   total 39424K, used 4351K [0x0000000780000000, 0x0000000782ac0000, 0x00000007aaaa0000)
[58.226s][debug][gc,heap        ] GC(146)   eden space 35072K,   0% used [0x0000000780000000, 0x0000000780000000, 0x0000000782240000)
[58.226s][debug][gc,heap        ] GC(146)   from space 4352K,  99% used [0x0000000782680000, 0x0000000782abfff8, 0x0000000782ac0000)
[58.226s][debug][gc,heap        ] GC(146)   to   space 4352K,   0% used [0x0000000782240000, 0x0000000782240000, 0x0000000782680000)
[58.226s][debug][gc,heap        ] GC(146)  tenured generation   total 91840K, used 91769K [0x00000007aaaa0000, 0x00000007b0450000, 0x0000000800000000)
[58.226s][debug][gc,heap        ] GC(146)    the space 91840K,  99% used [0x00000007aaaa0000, 0x00000007b043e7d0, 0x00000007b043e800, 0x00000007b0450000)
[58.226s][debug][gc,heap        ] GC(146)  Metaspace       used 9034K, committed 9344K, reserved 1114112K
[58.226s][debug][gc,heap        ] GC(146)   class space    used 934K, committed 1088K, reserved 1048576K
[58.226s][info ][gc             ] GC(146) Pause Young (Allocation Failure) 118M->93M(128M) 21.639ms
[58.226s][info ][gc,cpu         ] GC(146) User=0.02s Sys=0.01s Real=0.02s
[58.226s][info ][gc,start       ] GC(147) Pause Full (Allocation Failure)
[58.226s][debug][gc,heap        ] GC(147) Heap before GC invocations=144 (full 3):
[58.226s][debug][gc,heap        ] GC(147)  def new generation   total 39424K, used 4351K [0x0000000780000000, 0x0000000782ac0000, 0x00000007aaaa0000)
[58.226s][debug][gc,heap        ] GC(147)   eden space 35072K,   0% used [0x0000000780000000, 0x0000000780000000, 0x0000000782240000)
[58.226s][debug][gc,heap        ] GC(147)   from space 4352K,  99% used [0x0000000782680000, 0x0000000782abfff8, 0x0000000782ac0000)
[58.226s][debug][gc,heap        ] GC(147)   to   space 4352K,   0% used [0x0000000782240000, 0x0000000782240000, 0x0000000782680000)
[58.226s][debug][gc,heap        ] GC(147)  tenured generation   total 91840K, used 91769K [0x00000007aaaa0000, 0x00000007b0450000, 0x0000000800000000)
[58.226s][debug][gc,heap        ] GC(147)    the space 91840K,  99% used [0x00000007aaaa0000, 0x00000007b043e7d0, 0x00000007b043e800, 0x00000007b0450000)
[58.226s][debug][gc,heap        ] GC(147)  Metaspace       used 9034K, committed 9344K, reserved 1114112K
[58.226s][debug][gc,heap        ] GC(147)   class space    used 934K, committed 1088K, reserved 1048576K
[58.226s][info ][gc,phases,start] GC(147) Phase 1: Mark live objects
[58.240s][debug][gc,phases,start] GC(147) Reference Processing
[58.240s][debug][gc,ref         ] GC(147) ReferenceProcessor::execute queues: 1, RefProcThreadModel::Single, marks_oops_alive: false
[58.240s][debug][gc,ref         ] GC(147) Skipped KeepAliveFinalRefsPhase of Reference Processing: no references
[58.240s][debug][gc,ref         ] GC(147) ReferenceProcessor::execute queues: 1, RefProcThreadModel::Single, marks_oops_alive: false
[58.240s][debug][gc,phases,ref  ] GC(147) Reference Processing: 0.1ms
[58.240s][debug][gc,phases,ref  ] GC(147)   Notify Soft/WeakReferences: 0.0ms
[58.240s][debug][gc,phases,ref  ] GC(147)     SoftRef: 0.0ms
[58.240s][debug][gc,phases,ref  ] GC(147)     WeakRef: 0.0ms
[58.240s][debug][gc,phases,ref  ] GC(147)     FinalRef: 0.0ms
[58.240s][debug][gc,phases,ref  ] GC(147)     Total: 0.0ms
[58.240s][debug][gc,phases,ref  ] GC(147)   Notify and keep alive finalizable: 0.0ms
[58.240s][debug][gc,phases,ref  ] GC(147)     FinalRef: skipped
[58.240s][debug][gc,phases,ref  ] GC(147)   Notify PhantomReferences: 0.0ms
[58.240s][debug][gc,phases,ref  ] GC(147)     PhantomRef: 0.0ms
[58.240s][debug][gc,phases,ref  ] GC(147)   SoftReference Discovered: 0, Dropped: 0, Processed: 0
[58.240s][debug][gc,phases,ref  ] GC(147)   WeakReference Discovered: 112, Dropped: 112, Processed: 0
[58.240s][debug][gc,phases,ref  ] GC(147)   FinalReference Discovered: 0, Dropped: 0, Processed: 0
[58.240s][debug][gc,phases,ref  ] GC(147)   PhantomReference Discovered: 14, Dropped: 14, Processed: 0
[58.240s][debug][gc,phases      ] GC(147) Reference Processing 0.296ms
[58.240s][debug][gc,phases,start] GC(147) Weak Processing
[58.241s][debug][gc,phases      ] GC(147) Weak Processing 0.176ms
[58.241s][debug][gc,phases,start] GC(147) Class Unloading
[58.241s][debug][gc,phases,start] GC(147) ClassLoaderData
[58.241s][debug][gc,phases      ] GC(147) ClassLoaderData 0.036ms
[58.241s][debug][gc,phases,start] GC(147) Trigger cleanups
[58.241s][debug][gc,phases      ] GC(147) Trigger cleanups 0.010ms
[58.244s][debug][gc,phases      ] GC(147) Class Unloading 3.585ms
[58.244s][info ][gc,phases      ] GC(147) Phase 1: Mark live objects 18.299ms
[58.244s][info ][gc,phases,start] GC(147) Phase 2: Compute new object addresses
[58.281s][info ][gc,phases      ] GC(147) Phase 2: Compute new object addresses 37.143ms
[58.281s][info ][gc,phases,start] GC(147) Phase 3: Adjust pointers
[58.290s][info ][gc,phases      ] GC(147) Phase 3: Adjust pointers 8.443ms
[58.290s][info ][gc,phases,start] GC(147) Phase 4: Move objects
[58.294s][info ][gc,phases      ] GC(147) Phase 4: Move objects 4.261ms
[58.295s][info ][gc,heap        ] GC(147) DefNew: 35924K(39424K)->0K(39424K) Eden: 34557K(35072K)->0K(35072K) From: 1366K(4352K)->0K(4352K)
[58.295s][info ][gc,heap        ] GC(147) Tenured: 85635K(87424K)->14939K(87424K)
[58.295s][info ][gc,metaspace   ] GC(147) Metaspace: 9034K(9344K)->9034K(9344K) NonClass: 8100K(8256K)->8100K(8256K) Class: 934K(1088K)->934K(1088K)
[58.295s][debug][gc,heap        ] GC(147) Heap after GC invocations=144 (full 4):
[58.295s][debug][gc,heap        ] GC(147)  def new generation   total 39424K, used 0K [0x0000000780000000, 0x0000000782ac0000, 0x00000007aaaa0000)
[58.295s][debug][gc,heap        ] GC(147)   eden space 35072K,   0% used [0x0000000780000000, 0x0000000780000000, 0x0000000782240000)
[58.295s][debug][gc,heap        ] GC(147)   from space 4352K,   0% used [0x0000000782680000, 0x0000000782680000, 0x0000000782ac0000)
[58.295s][debug][gc,heap        ] GC(147)   to   space 4352K,   0% used [0x0000000782240000, 0x0000000782240000, 0x0000000782680000)
[58.295s][debug][gc,heap        ] GC(147)  tenured generation   total 87424K, used 14939K [0x00000007aaaa0000, 0x00000007b0000000, 0x0000000800000000)
[58.295s][debug][gc,heap        ] GC(147)    the space 87424K,  17% used [0x00000007aaaa0000, 0x00000007ab936cd8, 0x00000007ab936e00, 0x00000007b0000000)
[58.295s][debug][gc,heap        ] GC(147)  Metaspace       used 9034K, committed 9344K, reserved 1114112K
[58.295s][debug][gc,heap        ] GC(147)   class space    used 934K, committed 1088K, reserved 1048576K
[58.295s][info ][gc             ] GC(147) Pause Full (Allocation Failure) 93M->14M(123M) 69.409ms
[58.295s][info ][gc,cpu         ] GC(147) User=0.07s Sys=0.00s Real=0.07s
[58.627s][info ][gc,start       ] GC(148) Pause Young (Allocation Failure)
[58.628s][debug][gc,heap        ] GC(148) Heap before GC invocations=144 (full 4):
[58.628s][debug][gc,heap        ] GC(148)  def new generation   total 39424K, used 35072K [0x0000000780000000, 0x0000000782ac0000, 0x00000007aaaa0000)
[58.628s][debug][gc,heap        ] GC(148)   eden space 35072K, 100% used [0x0000000780000000, 0x0000000782240000, 0x0000000782240000)
[58.628s][debug][gc,heap        ] GC(148)   from space 4352K,   0% used [0x0000000782680000, 0x0000000782680000, 0x0000000782ac0000)
[58.628s][debug][gc,heap        ] GC(148)   to   space 4352K,   0% used [0x0000000782240000, 0x0000000782240000, 0x0000000782680000)
[58.628s][debug][gc,heap        ] GC(148)  tenured generation   total 87424K, used 14939K [0x00000007aaaa0000, 0x00000007b0000000, 0x0000000800000000)
[58.628s][debug][gc,heap        ] GC(148)    the space 87424K,  17% used [0x00000007aaaa0000, 0x00000007ab936cd8, 0x00000007ab936e00, 0x00000007b0000000)
[58.628s][debug][gc,heap        ] GC(148)  Metaspace       used 9034K, committed 9344K, reserved 1114112K
[58.628s][debug][gc,heap        ] GC(148)   class space    used 934K, committed 1088K, reserved 1048576K
[58.628s][debug][gc,tlab        ] GC(148) TLAB totals: thrds: 1  refills: 46 max: 46 slow allocs: 3 max 3 waste:  0.1% gc: 0B max: 0B slow: 26808B max: 26808B
[58.643s][debug][gc,ref         ] GC(148) Skipped SoftWeakFinalRefsPhase of Reference Processing: no references
[58.643s][debug][gc,ref         ] GC(148) Skipped KeepAliveFinalRefsPhase of Reference Processing: no references
[58.643s][debug][gc,ref         ] GC(148) Skipped PhantomRefsPhase of Reference Processing: no references
[58.643s][debug][gc,phases,ref  ] GC(148) Reference Processing: 0.1ms
[58.643s][debug][gc,phases,ref  ] GC(148)   Notify Soft/WeakReferences: 0.1ms
[58.643s][debug][gc,phases,ref  ] GC(148)     SoftRef: skipped
[58.643s][debug][gc,phases,ref  ] GC(148)     WeakRef: skipped
[58.643s][debug][gc,phases,ref  ] GC(148)     FinalRef: skipped
[58.643s][debug][gc,phases,ref  ] GC(148)     Total: skipped
[58.643s][debug][gc,phases,ref  ] GC(148)   Notify and keep alive finalizable: 0.0ms
[58.643s][debug][gc,phases,ref  ] GC(148)     FinalRef: skipped
[58.643s][debug][gc,phases,ref  ] GC(148)   Notify PhantomReferences: 0.0ms
[58.643s][debug][gc,phases,ref  ] GC(148)     PhantomRef: skipped
[58.643s][debug][gc,phases,ref  ] GC(148)   SoftReference Discovered: 0, Dropped: 0, Processed: 0
[58.644s][debug][gc,phases,ref  ] GC(148)   WeakReference Discovered: 0, Dropped: 0, Processed: 0
[58.644s][debug][gc,phases,ref  ] GC(148)   FinalReference Discovered: 0, Dropped: 0, Processed: 0
[58.644s][debug][gc,phases,ref  ] GC(148)   PhantomReference Discovered: 0, Dropped: 0, Processed: 0
[58.644s][debug][gc,age         ] GC(148) Desired survivor size 2228224 bytes, new threshold 1 (max threshold 15)
[58.644s][info ][gc,heap        ] GC(148) DefNew: 35072K(39424K)->4352K(39424K) Eden: 35072K(35072K)->0K(35072K) From: 0K(4352K)->4352K(4352K)
[58.644s][info ][gc,heap        ] GC(148) Tenured: 14939K(87424K)->20731K(87424K)
[58.644s][info ][gc,metaspace   ] GC(148) Metaspace: 9034K(9344K)->9034K(9344K) NonClass: 8100K(8256K)->8100K(8256K) Class: 934K(1088K)->934K(1088K)
[58.644s][debug][gc,heap        ] GC(148) Heap after GC invocations=145 (full 4):
[58.644s][debug][gc,heap        ] GC(148)  def new generation   total 39424K, used 4352K [0x0000000780000000, 0x0000000782ac0000, 0x00000007aaaa0000)
[58.644s][debug][gc,heap        ] GC(148)   eden space 35072K,   0% used [0x0000000780000000, 0x0000000780000000, 0x0000000782240000)
[58.644s][debug][gc,heap        ] GC(148)   from space 4352K, 100% used [0x0000000782240000, 0x0000000782680000, 0x0000000782680000)
[58.644s][debug][gc,heap        ] GC(148)   to   space 4352K,   0% used [0x0000000782680000, 0x0000000782680000, 0x0000000782ac0000)
[58.644s][debug][gc,heap        ] GC(148)  tenured generation   total 87424K, used 20731K [0x00000007aaaa0000, 0x00000007b0000000, 0x0000000800000000)
[58.644s][debug][gc,heap        ] GC(148)    the space 87424K,  23% used [0x00000007aaaa0000, 0x00000007abedeef0, 0x00000007abedf000, 0x00000007b0000000)
[58.644s][debug][gc,heap        ] GC(148)  Metaspace       used 9034K, committed 9344K, reserved 1114112K
[58.644s][debug][gc,heap        ] GC(148)   class space    used 934K, committed 1088K, reserved 1048576K
[58.644s][info ][gc             ] GC(148) Pause Young (Allocation Failure) 48M->24M(123M) 16.479ms
[58.644s][info ][gc,cpu         ] GC(148) User=0.02s Sys=0.00s Real=0.02s
[58.991s][info ][gc,start       ] GC(149) Pause Young (Allocation Failure)
[58.991s][debug][gc,heap        ] GC(149) Heap before GC invocations=145 (full 4):
[58.991s][debug][gc,heap        ] GC(149)  def new generation   total 39424K, used 39424K [0x0000000780000000, 0x0000000782ac0000, 0x00000007aaaa0000)
[58.991s][debug][gc,heap        ] GC(149)   eden space 35072K, 100% used [0x0000000780000000, 0x0000000782240000, 0x0000000782240000)
[58.991s][debug][gc,heap        ] GC(149)   from space 4352K, 100% used [0x0000000782240000, 0x0000000782680000, 0x0000000782680000)
[58.991s][debug][gc,heap        ] GC(149)   to   space 4352K,   0% used [0x0000000782680000, 0x0000000782680000, 0x0000000782ac0000)
[58.991s][debug][gc,heap        ] GC(149)  tenured generation   total 87424K, used 20731K [0x00000007aaaa0000, 0x00000007b0000000, 0x0000000800000000)
[58.991s][debug][gc,heap        ] GC(149)    the space 87424K,  23% used [0x00000007aaaa0000, 0x00000007abedeef0, 0x00000007abedf000, 0x00000007b0000000)
[58.991s][debug][gc,heap        ] GC(149)  Metaspace       used 9034K, committed 9344K, reserved 1114112K
[58.991s][debug][gc,heap        ] GC(149)   class space    used 934K, committed 1088K, reserved 1048576K
[58.991s][debug][gc,tlab        ] GC(149) TLAB totals: thrds: 4  refills: 87 max: 44 slow allocs: 26 max 14 waste:  0.2% gc: 6560B max: 2272B slow: 58344B max: 34640B
[59.006s][debug][gc,ref         ] GC(149) Skipped SoftWeakFinalRefsPhase of Reference Processing: no references
[59.006s][debug][gc,ref         ] GC(149) Skipped KeepAliveFinalRefsPhase of Reference Processing: no references
[59.006s][debug][gc,ref         ] GC(149) Skipped PhantomRefsPhase of Reference Processing: no references
[59.006s][debug][gc,phases,ref  ] GC(149) Reference Processing: 0.1ms
[59.006s][debug][gc,phases,ref  ] GC(149)   Notify Soft/WeakReferences: 0.1ms
[59.006s][debug][gc,phases,ref  ] GC(149)     SoftRef: skipped
[59.006s][debug][gc,phases,ref  ] GC(149)     WeakRef: skipped
[59.006s][debug][gc,phases,ref  ] GC(149)     FinalRef: skipped
[59.006s][debug][gc,phases,ref  ] GC(149)     Total: skipped
[59.006s][debug][gc,phases,ref  ] GC(149)   Notify and keep alive finalizable: 0.0ms
[59.006s][debug][gc,phases,ref  ] GC(149)     FinalRef: skipped
[59.006s][debug][gc,phases,ref  ] GC(149)   Notify PhantomReferences: 0.0ms
[59.006s][debug][gc,phases,ref  ] GC(149)     PhantomRef: skipped
[59.006s][debug][gc,phases,ref  ] GC(149)   SoftReference Discovered: 0, Dropped: 0, Processed: 0
[59.006s][debug][gc,phases,ref  ] GC(149)   WeakReference Discovered: 0, Dropped: 0, Processed: 0
[59.006s][debug][gc,phases,ref  ] GC(149)   FinalReference Discovered: 0, Dropped: 0, Processed: 0
[59.006s][debug][gc,phases,ref  ] GC(149)   PhantomReference Discovered: 0, Dropped: 0, Processed: 0
[59.007s][debug][gc,age         ] GC(149) Desired survivor size 2228224 bytes, new threshold 1 (max threshold 15)
[59.007s][info ][gc,heap        ] GC(149) DefNew: 39424K(39424K)->4352K(39424K) Eden: 35072K(35072K)->0K(35072K) From: 4352K(4352K)->4352K(4352K)
[59.007s][info ][gc,heap        ] GC(149) Tenured: 20731K(87424K)->24801K(87424K)
[59.007s][info ][gc,metaspace   ] GC(149) Metaspace: 9034K(9344K)->9034K(9344K) NonClass: 8100K(8256K)->8100K(8256K) Class: 934K(1088K)->934K(1088K)
[59.007s][debug][gc,heap        ] GC(149) Heap after GC invocations=146 (full 4):
[59.007s][debug][gc,heap        ] GC(149)  def new generation   total 39424K, used 4352K [0x0000000780000000, 0x0000000782ac0000, 0x00000007aaaa0000)
[59.007s][debug][gc,heap        ] GC(149)   eden space 35072K,   0% used [0x0000000780000000, 0x0000000780000000, 0x0000000782240000)
[59.007s][debug][gc,heap        ] GC(149)   from space 4352K, 100% used [0x0000000782680000, 0x0000000782ac0000, 0x0000000782ac0000)
[59.007s][debug][gc,heap        ] GC(149)   to   space 4352K,   0% used [0x0000000782240000, 0x0000000782240000, 0x0000000782680000)
[59.007s][debug][gc,heap        ] GC(149)  tenured generation   total 87424K, used 24801K [0x00000007aaaa0000, 0x00000007b0000000, 0x0000000800000000)
[59.007s][debug][gc,heap        ] GC(149)    the space 87424K,  28% used [0x00000007aaaa0000, 0x00000007ac2d8480, 0x00000007ac2d8600, 0x00000007b0000000)
[59.007s][debug][gc,heap        ] GC(149)  Metaspace       used 9034K, committed 9344K, reserved 1114112K
[59.007s][debug][gc,heap        ] GC(149)   class space    used 934K, committed 1088K, reserved 1048576K
[59.007s][info ][gc             ] GC(149) Pause Young (Allocation Failure) 58M->28M(123M) 15.880ms
[59.007s][info ][gc,cpu         ] GC(149) User=0.01s Sys=0.00s Real=0.01s
[59.339s][info ][gc,start       ] GC(150) Pause Young (Allocation Failure)
[59.339s][debug][gc,heap        ] GC(150) Heap before GC invocations=146 (full 4):
[59.339s][debug][gc,heap        ] GC(150)  def new generation   total 39424K, used 38956K [0x0000000780000000, 0x0000000782ac0000, 0x00000007aaaa0000)
[59.339s][debug][gc,heap        ] GC(150)   eden space 35072K,  98% used [0x0000000780000000, 0x00000007821cb288, 0x0000000782240000)
[59.339s][debug][gc,heap        ] GC(150)   from space 4352K, 100% used [0x0000000782680000, 0x0000000782ac0000, 0x0000000782ac0000)
[59.339s][debug][gc,heap        ] GC(150)   to   space 4352K,   0% used [0x0000000782240000, 0x0000000782240000, 0x0000000782680000)
[59.339s][debug][gc,heap        ] GC(150)  tenured generation   total 87424K, used 24801K [0x00000007aaaa0000, 0x00000007b0000000, 0x0000000800000000)
[59.339s][debug][gc,heap        ] GC(150)    the space 87424K,  28% used [0x00000007aaaa0000, 0x00000007ac2d8480, 0x00000007ac2d8600, 0x00000007b0000000)
[59.339s][debug][gc,heap        ] GC(150)  Metaspace       used 9034K, committed 9344K, reserved 1114112K
[59.339s][debug][gc,heap        ] GC(150)   class space    used 934K, committed 1088K, reserved 1048576K
[59.339s][debug][gc,tlab        ] GC(150) TLAB totals: thrds: 1  refills: 43 max: 43 slow allocs: 8 max 8 waste:  1.1% gc: 299864B max: 299864B slow: 24544B max: 24544B
[59.348s][debug][gc,ref         ] GC(150) Skipped SoftWeakFinalRefsPhase of Reference Processing: no references
[59.348s][debug][gc,ref         ] GC(150) Skipped KeepAliveFinalRefsPhase of Reference Processing: no references
[59.348s][debug][gc,ref         ] GC(150) Skipped PhantomRefsPhase of Reference Processing: no references
[59.348s][debug][gc,phases,ref  ] GC(150) Reference Processing: 0.1ms
[59.348s][debug][gc,phases,ref  ] GC(150)   Notify Soft/WeakReferences: 0.1ms
[59.348s][debug][gc,phases,ref  ] GC(150)     SoftRef: skipped
[59.348s][debug][gc,phases,ref  ] GC(150)     WeakRef: skipped
[59.348s][debug][gc,phases,ref  ] GC(150)     FinalRef: skipped
[59.348s][debug][gc,phases,ref  ] GC(150)     Total: skipped
[59.348s][debug][gc,phases,ref  ] GC(150)   Notify and keep alive finalizable: 0.0ms
[59.348s][debug][gc,phases,ref  ] GC(150)     FinalRef: skipped
[59.348s][debug][gc,phases,ref  ] GC(150)   Notify PhantomReferences: 0.0ms
[59.348s][debug][gc,phases,ref  ] GC(150)     PhantomRef: skipped
[59.348s][debug][gc,phases,ref  ] GC(150)   SoftReference Discovered: 0, Dropped: 0, Processed: 0
[59.348s][debug][gc,phases,ref  ] GC(150)   WeakReference Discovered: 0, Dropped: 0, Processed: 0
[59.348s][debug][gc,phases,ref  ] GC(150)   FinalReference Discovered: 0, Dropped: 0, Processed: 0
[59.348s][debug][gc,phases,ref  ] GC(150)   PhantomReference Discovered: 0, Dropped: 0, Processed: 0
[59.348s][debug][gc,age         ] GC(150) Desired survivor size 2228224 bytes, new threshold 1 (max threshold 15)
[59.349s][info ][gc,heap        ] GC(150) DefNew: 38956K(39424K)->4352K(39424K) Eden: 34604K(35072K)->0K(35072K) From: 4352K(4352K)->4352K(4352K)
[59.349s][info ][gc,heap        ] GC(150) Tenured: 24801K(87424K)->25687K(87424K)
[59.349s][info ][gc,metaspace   ] GC(150) Metaspace: 9034K(9344K)->9034K(9344K) NonClass: 8100K(8256K)->8100K(8256K) Class: 934K(1088K)->934K(1088K)
[59.349s][debug][gc,heap        ] GC(150) Heap after GC invocations=147 (full 4):
[59.349s][debug][gc,heap        ] GC(150)  def new generation   total 39424K, used 4352K [0x0000000780000000, 0x0000000782ac0000, 0x00000007aaaa0000)
[59.349s][debug][gc,heap        ] GC(150)   eden space 35072K,   0% used [0x0000000780000000, 0x0000000780000000, 0x0000000782240000)
[59.349s][debug][gc,heap        ] GC(150)   from space 4352K, 100% used [0x0000000782240000, 0x0000000782680000, 0x0000000782680000)
[59.349s][debug][gc,heap        ] GC(150)   to   space 4352K,   0% used [0x0000000782680000, 0x0000000782680000, 0x0000000782ac0000)
[59.349s][debug][gc,heap        ] GC(150)  tenured generation   total 87424K, used 25687K [0x00000007aaaa0000, 0x00000007b0000000, 0x0000000800000000)
[59.349s][debug][gc,heap        ] GC(150)    the space 87424K,  29% used [0x00000007aaaa0000, 0x00000007ac3b5e00, 0x00000007ac3b5e00, 0x00000007b0000000)
[59.349s][debug][gc,heap        ] GC(150)  Metaspace       used 9034K, committed 9344K, reserved 1114112K
[59.349s][debug][gc,heap        ] GC(150)   class space    used 934K, committed 1088K, reserved 1048576K
[59.349s][info ][gc             ] GC(150) Pause Young (Allocation Failure) 62M->29M(123M) 9.905ms
[59.349s][info ][gc,cpu         ] GC(150) User=0.00s Sys=0.00s Real=0.01s
[59.684s][info ][gc,start       ] GC(151) Pause Young (Allocation Failure)
[59.685s][debug][gc,heap        ] GC(151) Heap before GC invocations=147 (full 4):
[59.685s][debug][gc,heap        ] GC(151)  def new generation   total 39424K, used 39424K [0x0000000780000000, 0x0000000782ac0000, 0x00000007aaaa0000)
[59.685s][debug][gc,heap        ] GC(151)   eden space 35072K, 100% used [0x0000000780000000, 0x0000000782240000, 0x0000000782240000)
[59.685s][debug][gc,heap        ] GC(151)   from space 4352K, 100% used [0x0000000782240000, 0x0000000782680000, 0x0000000782680000)
[59.685s][debug][gc,heap        ] GC(151)   to   space 4352K,   0% used [0x0000000782680000, 0x0000000782680000, 0x0000000782ac0000)
[59.685s][debug][gc,heap        ] GC(151)  tenured generation   total 87424K, used 25687K [0x00000007aaaa0000, 0x00000007b0000000, 0x0000000800000000)
[59.685s][debug][gc,heap        ] GC(151)    the space 87424K,  29% used [0x00000007aaaa0000, 0x00000007ac3b5e00, 0x00000007ac3b5e00, 0x00000007b0000000)
[59.685s][debug][gc,heap        ] GC(151)  Metaspace       used 9035K, committed 9344K, reserved 1114112K
[59.685s][debug][gc,heap        ] GC(151)   class space    used 934K, committed 1088K, reserved 1048576K
[59.685s][debug][gc,tlab        ] GC(151) TLAB totals: thrds: 4  refills: 86 max: 43 slow allocs: 26 max 13 waste:  0.2% gc: 4808B max: 2016B slow: 48624B max: 24904B
[59.691s][debug][gc,ref         ] GC(151) Skipped SoftWeakFinalRefsPhase of Reference Processing: no references
[59.691s][debug][gc,ref         ] GC(151) Skipped KeepAliveFinalRefsPhase of Reference Processing: no references
[59.691s][debug][gc,ref         ] GC(151) Skipped PhantomRefsPhase of Reference Processing: no references
[59.691s][debug][gc,phases,ref  ] GC(151) Reference Processing: 0.1ms
[59.691s][debug][gc,phases,ref  ] GC(151)   Notify Soft/WeakReferences: 0.1ms
[59.691s][debug][gc,phases,ref  ] GC(151)     SoftRef: skipped
[59.691s][debug][gc,phases,ref  ] GC(151)     WeakRef: skipped
[59.691s][debug][gc,phases,ref  ] GC(151)     FinalRef: skipped
[59.691s][debug][gc,phases,ref  ] GC(151)     Total: skipped
[59.691s][debug][gc,phases,ref  ] GC(151)   Notify and keep alive finalizable: 0.0ms
[59.691s][debug][gc,phases,ref  ] GC(151)     FinalRef: skipped
[59.691s][debug][gc,phases,ref  ] GC(151)   Notify PhantomReferences: 0.0ms
[59.691s][debug][gc,phases,ref  ] GC(151)     PhantomRef: skipped
[59.691s][debug][gc,phases,ref  ] GC(151)   SoftReference Discovered: 0, Dropped: 0, Processed: 0
[59.691s][debug][gc,phases,ref  ] GC(151)   WeakReference Discovered: 0, Dropped: 0, Processed: 0
[59.691s][debug][gc,phases,ref  ] GC(151)   FinalReference Discovered: 0, Dropped: 0, Processed: 0
[59.691s][debug][gc,phases,ref  ] GC(151)   PhantomReference Discovered: 0, Dropped: 0, Processed: 0
[59.692s][debug][gc,age         ] GC(151) Desired survivor size 2228224 bytes, new threshold 1 (max threshold 15)
[59.692s][info ][gc,heap        ] GC(151) DefNew: 39424K(39424K)->3579K(39424K) Eden: 35072K(35072K)->0K(35072K) From: 4352K(4352K)->3579K(4352K)
[59.692s][info ][gc,heap        ] GC(151) Tenured: 25687K(87424K)->25687K(87424K)
[59.692s][info ][gc,metaspace   ] GC(151) Metaspace: 9035K(9344K)->9035K(9344K) NonClass: 8101K(8256K)->8101K(8256K) Class: 934K(1088K)->934K(1088K)
[59.692s][debug][gc,heap        ] GC(151) Heap after GC invocations=148 (full 4):
[59.692s][debug][gc,heap        ] GC(151)  def new generation   total 39424K, used 3579K [0x0000000780000000, 0x0000000782ac0000, 0x00000007aaaa0000)
[59.692s][debug][gc,heap        ] GC(151)   eden space 35072K,   0% used [0x0000000780000000, 0x0000000780000000, 0x0000000782240000)
[59.692s][debug][gc,heap        ] GC(151)   from space 4352K,  82% used [0x0000000782680000, 0x00000007829fec30, 0x0000000782ac0000)
[59.692s][debug][gc,heap        ] GC(151)   to   space 4352K,   0% used [0x0000000782240000, 0x0000000782240000, 0x0000000782680000)
[59.692s][debug][gc,heap        ] GC(151)  tenured generation   total 87424K, used 25687K [0x00000007aaaa0000, 0x00000007b0000000, 0x0000000800000000)
[59.692s][debug][gc,heap        ] GC(151)    the space 87424K,  29% used [0x00000007aaaa0000, 0x00000007ac3b5e00, 0x00000007ac3b5e00, 0x00000007b0000000)
[59.692s][debug][gc,heap        ] GC(151)  Metaspace       used 9035K, committed 9344K, reserved 1114112K
[59.692s][debug][gc,heap        ] GC(151)   class space    used 934K, committed 1088K, reserved 1048576K
[59.692s][info ][gc             ] GC(151) Pause Young (Allocation Failure) 63M->28M(123M) 7.507ms
[59.692s][info ][gc,cpu         ] GC(151) User=0.01s Sys=0.00s Real=0.01s
[60.036s][info ][gc,start       ] GC(152) Pause Young (Allocation Failure)
[60.036s][debug][gc,heap        ] GC(152) Heap before GC invocations=148 (full 4):
[60.036s][debug][gc,heap        ] GC(152)  def new generation   total 39424K, used 38651K [0x0000000780000000, 0x0000000782ac0000, 0x00000007aaaa0000)
[60.036s][debug][gc,heap        ] GC(152)   eden space 35072K, 100% used [0x0000000780000000, 0x0000000782240000, 0x0000000782240000)
[60.037s][debug][gc,heap        ] GC(152)   from space 4352K,  82% used [0x0000000782680000, 0x00000007829fec30, 0x0000000782ac0000)
[60.037s][debug][gc,heap        ] GC(152)   to   space 4352K,   0% used [0x0000000782240000, 0x0000000782240000, 0x0000000782680000)
[60.037s][debug][gc,heap        ] GC(152)  tenured generation   total 87424K, used 25687K [0x00000007aaaa0000, 0x00000007b0000000, 0x0000000800000000)
[60.037s][debug][gc,heap        ] GC(152)    the space 87424K,  29% used [0x00000007aaaa0000, 0x00000007ac3b5e00, 0x00000007ac3b5e00, 0x00000007b0000000)
[60.037s][debug][gc,heap        ] GC(152)  Metaspace       used 9035K, committed 9344K, reserved 1114112K
[60.037s][debug][gc,heap        ] GC(152)   class space    used 934K, committed 1088K, reserved 1048576K
[60.037s][debug][gc,tlab        ] GC(152) TLAB totals: thrds: 1  refills: 43 max: 43 slow allocs: 8 max 8 waste:  0.1% gc: 0B max: 0B slow: 35344B max: 35344B
[60.043s][debug][gc,ref         ] GC(152) Skipped SoftWeakFinalRefsPhase of Reference Processing: no references
[60.043s][debug][gc,ref         ] GC(152) Skipped KeepAliveFinalRefsPhase of Reference Processing: no references
[60.043s][debug][gc,ref         ] GC(152) Skipped PhantomRefsPhase of Reference Processing: no references
[60.043s][debug][gc,phases,ref  ] GC(152) Reference Processing: 0.2ms
[60.043s][debug][gc,phases,ref  ] GC(152)   Notify Soft/WeakReferences: 0.1ms
[60.043s][debug][gc,phases,ref  ] GC(152)     SoftRef: skipped
[60.043s][debug][gc,phases,ref  ] GC(152)     WeakRef: skipped
[60.043s][debug][gc,phases,ref  ] GC(152)     FinalRef: skipped
[60.043s][debug][gc,phases,ref  ] GC(152)     Total: skipped
[60.043s][debug][gc,phases,ref  ] GC(152)   Notify and keep alive finalizable: 0.0ms
[60.043s][debug][gc,phases,ref  ] GC(152)     FinalRef: skipped
[60.043s][debug][gc,phases,ref  ] GC(152)   Notify PhantomReferences: 0.0ms
[60.043s][debug][gc,phases,ref  ] GC(152)     PhantomRef: skipped
[60.043s][debug][gc,phases,ref  ] GC(152)   SoftReference Discovered: 0, Dropped: 0, Processed: 0
[60.043s][debug][gc,phases,ref  ] GC(152)   WeakReference Discovered: 0, Dropped: 0, Processed: 0
[60.043s][debug][gc,phases,ref  ] GC(152)   FinalReference Discovered: 0, Dropped: 0, Processed: 0
[60.043s][debug][gc,phases,ref  ] GC(152)   PhantomReference Discovered: 0, Dropped: 0, Processed: 0
[60.044s][debug][gc,age         ] GC(152) Desired survivor size 2228224 bytes, new threshold 15 (max threshold 15)
[60.044s][info ][gc,heap        ] GC(152) DefNew: 38651K(39424K)->2160K(39424K) Eden: 35072K(35072K)->0K(35072K) From: 3579K(4352K)->2160K(4352K)
[60.044s][info ][gc,heap        ] GC(152) Tenured: 25687K(87424K)->25687K(87424K)
[60.044s][info ][gc,metaspace   ] GC(152) Metaspace: 9035K(9344K)->9035K(9344K) NonClass: 8101K(8256K)->8101K(8256K) Class: 934K(1088K)->934K(1088K)
[60.044s][debug][gc,heap        ] GC(152) Heap after GC invocations=149 (full 4):
[60.044s][debug][gc,heap        ] GC(152)  def new generation   total 39424K, used 2160K [0x0000000780000000, 0x0000000782ac0000, 0x00000007aaaa0000)
[60.044s][debug][gc,heap        ] GC(152)   eden space 35072K,   0% used [0x0000000780000000, 0x0000000780000000, 0x0000000782240000)
[60.044s][debug][gc,heap        ] GC(152)   from space 4352K,  49% used [0x0000000782240000, 0x000000078245c340, 0x0000000782680000)
[60.044s][debug][gc,heap        ] GC(152)   to   space 4352K,   0% used [0x0000000782680000, 0x0000000782680000, 0x0000000782ac0000)
[60.044s][debug][gc,heap        ] GC(152)  tenured generation   total 87424K, used 25687K [0x00000007aaaa0000, 0x00000007b0000000, 0x0000000800000000)
[60.044s][debug][gc,heap        ] GC(152)    the space 87424K,  29% used [0x00000007aaaa0000, 0x00000007ac3b5e00, 0x00000007ac3b5e00, 0x00000007b0000000)
[60.044s][debug][gc,heap        ] GC(152)  Metaspace       used 9035K, committed 9344K, reserved 1114112K
[60.044s][debug][gc,heap        ] GC(152)   class space    used 934K, committed 1088K, reserved 1048576K
[60.044s][info ][gc             ] GC(152) Pause Young (Allocation Failure) 62M->27M(123M) 7.788ms
[60.044s][info ][gc,cpu         ] GC(152) User=0.01s Sys=0.00s Real=0.01s
[60.375s][info ][gc,start       ] GC(153) Pause Young (Allocation Failure)
[60.375s][debug][gc,heap        ] GC(153) Heap before GC invocations=149 (full 4):
[60.375s][debug][gc,heap        ] GC(153)  def new generation   total 39424K, used 37232K [0x0000000780000000, 0x0000000782ac0000, 0x00000007aaaa0000)
[60.375s][debug][gc,heap        ] GC(153)   eden space 35072K, 100% used [0x0000000780000000, 0x0000000782240000, 0x0000000782240000)
[60.375s][debug][gc,heap        ] GC(153)   from space 4352K,  49% used [0x0000000782240000, 0x000000078245c340, 0x0000000782680000)
[60.375s][debug][gc,heap        ] GC(153)   to   space 4352K,   0% used [0x0000000782680000, 0x0000000782680000, 0x0000000782ac0000)
[60.375s][debug][gc,heap        ] GC(153)  tenured generation   total 87424K, used 25687K [0x00000007aaaa0000, 0x00000007b0000000, 0x0000000800000000)
[60.375s][debug][gc,heap        ] GC(153)    the space 87424K,  29% used [0x00000007aaaa0000, 0x00000007ac3b5e00, 0x00000007ac3b5e00, 0x00000007b0000000)
[60.375s][debug][gc,heap        ] GC(153)  Metaspace       used 9035K, committed 9344K, reserved 1114112K
[60.375s][debug][gc,heap        ] GC(153)   class space    used 934K, committed 1088K, reserved 1048576K
[60.375s][debug][gc,tlab        ] GC(153) TLAB totals: thrds: 1  refills: 46 max: 46 slow allocs: 4 max 4 waste:  0.1% gc: 0B max: 0B slow: 26904B max: 26904B
[60.376s][debug][gc,ref         ] GC(153) Skipped SoftWeakFinalRefsPhase of Reference Processing: no references
[60.376s][debug][gc,ref         ] GC(153) Skipped KeepAliveFinalRefsPhase of Reference Processing: no references
[60.376s][debug][gc,ref         ] GC(153) Skipped PhantomRefsPhase of Reference Processing: no references
[60.376s][debug][gc,phases,ref  ] GC(153) Reference Processing: 0.0ms
[60.376s][debug][gc,phases,ref  ] GC(153)   Notify Soft/WeakReferences: 0.0ms
[60.376s][debug][gc,phases,ref  ] GC(153)     SoftRef: skipped
[60.376s][debug][gc,phases,ref  ] GC(153)     WeakRef: skipped
[60.376s][debug][gc,phases,ref  ] GC(153)     FinalRef: skipped
[60.376s][debug][gc,phases,ref  ] GC(153)     Total: skipped
[60.376s][debug][gc,phases,ref  ] GC(153)   Notify and keep alive finalizable: 0.0ms
[60.376s][debug][gc,phases,ref  ] GC(153)     FinalRef: skipped
[60.376s][debug][gc,phases,ref  ] GC(153)   Notify PhantomReferences: 0.0ms
[60.376s][debug][gc,phases,ref  ] GC(153)     PhantomRef: skipped
[60.376s][debug][gc,phases,ref  ] GC(153)   SoftReference Discovered: 0, Dropped: 0, Processed: 0
[60.376s][debug][gc,phases,ref  ] GC(153)   WeakReference Discovered: 0, Dropped: 0, Processed: 0
[60.376s][debug][gc,phases,ref  ] GC(153)   FinalReference Discovered: 0, Dropped: 0, Processed: 0
[60.376s][debug][gc,phases,ref  ] GC(153)   PhantomReference Discovered: 0, Dropped: 0, Processed: 0
[60.377s][debug][gc,age         ] GC(153) Desired survivor size 2228224 bytes, new threshold 15 (max threshold 15)
[60.377s][info ][gc,heap        ] GC(153) DefNew: 37232K(39424K)->686K(39424K) Eden: 35072K(35072K)->0K(35072K) From: 2160K(4352K)->686K(4352K)
[60.377s][info ][gc,heap        ] GC(153) Tenured: 25687K(87424K)->25687K(87424K)
[60.377s][info ][gc,metaspace   ] GC(153) Metaspace: 9035K(9344K)->9035K(9344K) NonClass: 8101K(8256K)->8101K(8256K) Class: 934K(1088K)->934K(1088K)
[60.377s][debug][gc,heap        ] GC(153) Heap after GC invocations=150 (full 4):
[60.377s][debug][gc,heap        ] GC(153)  def new generation   total 39424K, used 686K [0x0000000780000000, 0x0000000782ac0000, 0x00000007aaaa0000)
[60.377s][debug][gc,heap        ] GC(153)   eden space 35072K,   0% used [0x0000000780000000, 0x0000000780000000, 0x0000000782240000)
[60.377s][debug][gc,heap        ] GC(153)   from space 4352K,  15% used [0x0000000782680000, 0x000000078272bb48, 0x0000000782ac0000)
[60.377s][debug][gc,heap        ] GC(153)   to   space 4352K,   0% used [0x0000000782240000, 0x0000000782240000, 0x0000000782680000)
[60.377s][debug][gc,heap        ] GC(153)  tenured generation   total 87424K, used 25687K [0x00000007aaaa0000, 0x00000007b0000000, 0x0000000800000000)
[60.377s][debug][gc,heap        ] GC(153)    the space 87424K,  29% used [0x00000007aaaa0000, 0x00000007ac3b5e00, 0x00000007ac3b5e00, 0x00000007b0000000)
[60.377s][debug][gc,heap        ] GC(153)  Metaspace       used 9035K, committed 9344K, reserved 1114112K
[60.377s][debug][gc,heap        ] GC(153)   class space    used 934K, committed 1088K, reserved 1048576K
[60.377s][info ][gc             ] GC(153) Pause Young (Allocation Failure) 61M->25M(123M) 2.003ms
[60.377s][info ][gc,cpu         ] GC(153) User=0.00s Sys=0.01s Real=0.00s
[60.606s][info ][gc,start       ] GC(154) Pause Young (Allocation Failure)
[60.606s][debug][gc,heap        ] GC(154) Heap before GC invocations=150 (full 4):
[60.606s][debug][gc,heap        ] GC(154)  def new generation   total 39424K, used 35758K [0x0000000780000000, 0x0000000782ac0000, 0x00000007aaaa0000)
[60.606s][debug][gc,heap        ] GC(154)   eden space 35072K, 100% used [0x0000000780000000, 0x0000000782240000, 0x0000000782240000)
[60.606s][debug][gc,heap        ] GC(154)   from space 4352K,  15% used [0x0000000782680000, 0x000000078272bb48, 0x0000000782ac0000)
[60.606s][debug][gc,heap        ] GC(154)   to   space 4352K,   0% used [0x0000000782240000, 0x0000000782240000, 0x0000000782680000)
[60.606s][debug][gc,heap        ] GC(154)  tenured generation   total 87424K, used 25687K [0x00000007aaaa0000, 0x00000007b0000000, 0x0000000800000000)
[60.606s][debug][gc,heap        ] GC(154)    the space 87424K,  29% used [0x00000007aaaa0000, 0x00000007ac3b5e00, 0x00000007ac3b5e00, 0x00000007b0000000)
[60.606s][debug][gc,heap        ] GC(154)  Metaspace       used 9035K, committed 9344K, reserved 1114112K
[60.606s][debug][gc,heap        ] GC(154)   class space    used 934K, committed 1088K, reserved 1048576K
[60.606s][debug][gc,tlab        ] GC(154) TLAB totals: thrds: 1  refills: 47 max: 47 slow allocs: 5 max 5 waste:  1.3% gc: 418472B max: 418472B slow: 27216B max: 27216B
[60.622s][debug][gc,ref         ] GC(154) Skipped SoftWeakFinalRefsPhase of Reference Processing: no references
[60.623s][debug][gc,ref         ] GC(154) Skipped KeepAliveFinalRefsPhase of Reference Processing: no references
[60.623s][debug][gc,ref         ] GC(154) Skipped PhantomRefsPhase of Reference Processing: no references
[60.623s][debug][gc,phases,ref  ] GC(154) Reference Processing: 0.1ms
[60.623s][debug][gc,phases,ref  ] GC(154)   Notify Soft/WeakReferences: 0.1ms
[60.623s][debug][gc,phases,ref  ] GC(154)     SoftRef: skipped
[60.623s][debug][gc,phases,ref  ] GC(154)     WeakRef: skipped
[60.623s][debug][gc,phases,ref  ] GC(154)     FinalRef: skipped
[60.623s][debug][gc,phases,ref  ] GC(154)     Total: skipped
[60.623s][debug][gc,phases,ref  ] GC(154)   Notify and keep alive finalizable: 0.0ms
[60.623s][debug][gc,phases,ref  ] GC(154)     FinalRef: skipped
[60.623s][debug][gc,phases,ref  ] GC(154)   Notify PhantomReferences: 0.0ms
[60.623s][debug][gc,phases,ref  ] GC(154)     PhantomRef: skipped
[60.623s][debug][gc,phases,ref  ] GC(154)   SoftReference Discovered: 0, Dropped: 0, Processed: 0
[60.623s][debug][gc,phases,ref  ] GC(154)   WeakReference Discovered: 0, Dropped: 0, Processed: 0
[60.623s][debug][gc,phases,ref  ] GC(154)   FinalReference Discovered: 0, Dropped: 0, Processed: 0
[60.623s][debug][gc,phases,ref  ] GC(154)   PhantomReference Discovered: 0, Dropped: 0, Processed: 0
[60.623s][debug][gc,age         ] GC(154) Desired survivor size 2228224 bytes, new threshold 1 (max threshold 15)
[60.623s][info ][gc,heap        ] GC(154) DefNew: 35758K(39424K)->4351K(39424K) Eden: 35072K(35072K)->0K(35072K) From: 686K(4352K)->4351K(4352K)
[60.623s][info ][gc,heap        ] GC(154) Tenured: 25687K(87424K)->31821K(87424K)
[60.623s][info ][gc,metaspace   ] GC(154) Metaspace: 9035K(9344K)->9035K(9344K) NonClass: 8101K(8256K)->8101K(8256K) Class: 934K(1088K)->934K(1088K)
[60.623s][debug][gc,heap        ] GC(154) Heap after GC invocations=151 (full 4):
[60.623s][debug][gc,heap        ] GC(154)  def new generation   total 39424K, used 4351K [0x0000000780000000, 0x0000000782ac0000, 0x00000007aaaa0000)
[60.623s][debug][gc,heap        ] GC(154)   eden space 35072K,   0% used [0x0000000780000000, 0x0000000780000000, 0x0000000782240000)
[60.623s][debug][gc,heap        ] GC(154)   from space 4352K,  99% used [0x0000000782240000, 0x000000078267fff8, 0x0000000782680000)
[60.623s][debug][gc,heap        ] GC(154)   to   space 4352K,   0% used [0x0000000782680000, 0x0000000782680000, 0x0000000782ac0000)
[60.623s][debug][gc,heap        ] GC(154)  tenured generation   total 87424K, used 31821K [0x00000007aaaa0000, 0x00000007b0000000, 0x0000000800000000)
[60.623s][debug][gc,heap        ] GC(154)    the space 87424K,  36% used [0x00000007aaaa0000, 0x00000007ac9b3788, 0x00000007ac9b3800, 0x00000007b0000000)
[60.623s][debug][gc,heap        ] GC(154)  Metaspace       used 9035K, committed 9344K, reserved 1114112K
[60.623s][debug][gc,heap        ] GC(154)   class space    used 934K, committed 1088K, reserved 1048576K
[60.623s][info ][gc             ] GC(154) Pause Young (Allocation Failure) 60M->35M(123M) 16.943ms
[60.623s][info ][gc,cpu         ] GC(154) User=0.01s Sys=0.00s Real=0.02s
[60.970s][info ][gc,start       ] GC(155) Pause Young (Allocation Failure)
[60.970s][debug][gc,heap        ] GC(155) Heap before GC invocations=151 (full 4):
[60.970s][debug][gc,heap        ] GC(155)  def new generation   total 39424K, used 39423K [0x0000000780000000, 0x0000000782ac0000, 0x00000007aaaa0000)
[60.970s][debug][gc,heap        ] GC(155)   eden space 35072K, 100% used [0x0000000780000000, 0x0000000782240000, 0x0000000782240000)
[60.970s][debug][gc,heap        ] GC(155)   from space 4352K,  99% used [0x0000000782240000, 0x000000078267fff8, 0x0000000782680000)
[60.970s][debug][gc,heap        ] GC(155)   to   space 4352K,   0% used [0x0000000782680000, 0x0000000782680000, 0x0000000782ac0000)
[60.970s][debug][gc,heap        ] GC(155)  tenured generation   total 87424K, used 31821K [0x00000007aaaa0000, 0x00000007b0000000, 0x0000000800000000)
[60.970s][debug][gc,heap        ] GC(155)    the space 87424K,  36% used [0x00000007aaaa0000, 0x00000007ac9b3788, 0x00000007ac9b3800, 0x00000007b0000000)
[60.970s][debug][gc,heap        ] GC(155)  Metaspace       used 9037K, committed 9344K, reserved 1114112K
[60.970s][debug][gc,heap        ] GC(155)   class space    used 934K, committed 1088K, reserved 1048576K
[60.970s][debug][gc,tlab        ] GC(155) TLAB totals: thrds: 5  refills: 90 max: 46 slow allocs: 24 max 15 waste:  0.2% gc: 9264B max: 2544B slow: 50648B max: 26888B
[60.987s][debug][gc,ref         ] GC(155) Skipped SoftWeakFinalRefsPhase of Reference Processing: no references
[60.987s][debug][gc,ref         ] GC(155) Skipped KeepAliveFinalRefsPhase of Reference Processing: no references
[60.987s][debug][gc,ref         ] GC(155) Skipped PhantomRefsPhase of Reference Processing: no references
[60.987s][debug][gc,phases,ref  ] GC(155) Reference Processing: 0.2ms
[60.987s][debug][gc,phases,ref  ] GC(155)   Notify Soft/WeakReferences: 0.1ms
[60.987s][debug][gc,phases,ref  ] GC(155)     SoftRef: skipped
[60.987s][debug][gc,phases,ref  ] GC(155)     WeakRef: skipped
[60.987s][debug][gc,phases,ref  ] GC(155)     FinalRef: skipped
[60.987s][debug][gc,phases,ref  ] GC(155)     Total: skipped
[60.987s][debug][gc,phases,ref  ] GC(155)   Notify and keep alive finalizable: 0.0ms
[60.987s][debug][gc,phases,ref  ] GC(155)     FinalRef: skipped
[60.987s][debug][gc,phases,ref  ] GC(155)   Notify PhantomReferences: 0.0ms
[60.987s][debug][gc,phases,ref  ] GC(155)     PhantomRef: skipped
[60.987s][debug][gc,phases,ref  ] GC(155)   SoftReference Discovered: 0, Dropped: 0, Processed: 0
[60.987s][debug][gc,phases,ref  ] GC(155)   WeakReference Discovered: 0, Dropped: 0, Processed: 0
[60.987s][debug][gc,phases,ref  ] GC(155)   FinalReference Discovered: 0, Dropped: 0, Processed: 0
[60.987s][debug][gc,phases,ref  ] GC(155)   PhantomReference Discovered: 0, Dropped: 0, Processed: 0
[60.987s][debug][gc,age         ] GC(155) Desired survivor size 2228224 bytes, new threshold 1 (max threshold 15)
[60.987s][info ][gc,heap        ] GC(155) DefNew: 39423K(39424K)->4351K(39424K) Eden: 35072K(35072K)->0K(35072K) From: 4351K(4352K)->4351K(4352K)
[60.987s][info ][gc,heap        ] GC(155) Tenured: 31821K(87424K)->36290K(87424K)
[60.987s][info ][gc,metaspace   ] GC(155) Metaspace: 9037K(9344K)->9037K(9344K) NonClass: 8103K(8256K)->8103K(8256K) Class: 934K(1088K)->934K(1088K)
[60.987s][debug][gc,heap        ] GC(155) Heap after GC invocations=152 (full 4):
[60.988s][debug][gc,heap        ] GC(155)  def new generation   total 39424K, used 4351K [0x0000000780000000, 0x0000000782ac0000, 0x00000007aaaa0000)
[60.988s][debug][gc,heap        ] GC(155)   eden space 35072K,   0% used [0x0000000780000000, 0x0000000780000000, 0x0000000782240000)
[60.988s][debug][gc,heap        ] GC(155)   from space 4352K,  99% used [0x0000000782680000, 0x0000000782abfff8, 0x0000000782ac0000)
[60.988s][debug][gc,heap        ] GC(155)   to   space 4352K,   0% used [0x0000000782240000, 0x0000000782240000, 0x0000000782680000)
[60.988s][debug][gc,heap        ] GC(155)  tenured generation   total 87424K, used 36290K [0x00000007aaaa0000, 0x00000007b0000000, 0x0000000800000000)
[60.988s][debug][gc,heap        ] GC(155)    the space 87424K,  41% used [0x00000007aaaa0000, 0x00000007ace10ac8, 0x00000007ace10c00, 0x00000007b0000000)
[60.988s][debug][gc,heap        ] GC(155)  Metaspace       used 9037K, committed 9344K, reserved 1114112K
[60.988s][debug][gc,heap        ] GC(155)   class space    used 934K, committed 1088K, reserved 1048576K
[60.988s][info ][gc             ] GC(155) Pause Young (Allocation Failure) 69M->39M(123M) 17.929ms
[60.988s][info ][gc,cpu         ] GC(155) User=0.02s Sys=0.00s Real=0.01s
[61.315s][info ][gc,start       ] GC(156) Pause Young (Allocation Failure)
[61.316s][debug][gc,heap        ] GC(156) Heap before GC invocations=152 (full 4):
[61.316s][debug][gc,heap        ] GC(156)  def new generation   total 39424K, used 39423K [0x0000000780000000, 0x0000000782ac0000, 0x00000007aaaa0000)
[61.316s][debug][gc,heap        ] GC(156)   eden space 35072K, 100% used [0x0000000780000000, 0x0000000782240000, 0x0000000782240000)
[61.316s][debug][gc,heap        ] GC(156)   from space 4352K,  99% used [0x0000000782680000, 0x0000000782abfff8, 0x0000000782ac0000)
[61.316s][debug][gc,heap        ] GC(156)   to   space 4352K,   0% used [0x0000000782240000, 0x0000000782240000, 0x0000000782680000)
[61.316s][debug][gc,heap        ] GC(156)  tenured generation   total 87424K, used 36290K [0x00000007aaaa0000, 0x00000007b0000000, 0x0000000800000000)
[61.316s][debug][gc,heap        ] GC(156)    the space 87424K,  41% used [0x00000007aaaa0000, 0x00000007ace10ac8, 0x00000007ace10c00, 0x00000007b0000000)
[61.316s][debug][gc,heap        ] GC(156)  Metaspace       used 9037K, committed 9344K, reserved 1114112K
[61.316s][debug][gc,heap        ] GC(156)   class space    used 934K, committed 1088K, reserved 1048576K
[61.316s][debug][gc,tlab        ] GC(156) TLAB totals: thrds: 1  refills: 44 max: 44 slow allocs: 7 max 7 waste:  0.1% gc: 0B max: 0B slow: 25712B max: 25712B
[61.326s][debug][gc,ref         ] GC(156) Skipped SoftWeakFinalRefsPhase of Reference Processing: no references
[61.327s][debug][gc,ref         ] GC(156) Skipped KeepAliveFinalRefsPhase of Reference Processing: no references
[61.327s][debug][gc,ref         ] GC(156) Skipped PhantomRefsPhase of Reference Processing: no references
[61.327s][debug][gc,phases,ref  ] GC(156) Reference Processing: 0.1ms
[61.327s][debug][gc,phases,ref  ] GC(156)   Notify Soft/WeakReferences: 0.1ms
[61.327s][debug][gc,phases,ref  ] GC(156)     SoftRef: skipped
[61.327s][debug][gc,phases,ref  ] GC(156)     WeakRef: skipped
[61.327s][debug][gc,phases,ref  ] GC(156)     FinalRef: skipped
[61.327s][debug][gc,phases,ref  ] GC(156)     Total: skipped
[61.327s][debug][gc,phases,ref  ] GC(156)   Notify and keep alive finalizable: 0.0ms
[61.327s][debug][gc,phases,ref  ] GC(156)     FinalRef: skipped
[61.327s][debug][gc,phases,ref  ] GC(156)   Notify PhantomReferences: 0.0ms
[61.327s][debug][gc,phases,ref  ] GC(156)     PhantomRef: skipped
[61.327s][debug][gc,phases,ref  ] GC(156)   SoftReference Discovered: 0, Dropped: 0, Processed: 0
[61.327s][debug][gc,phases,ref  ] GC(156)   WeakReference Discovered: 0, Dropped: 0, Processed: 0
[61.327s][debug][gc,phases,ref  ] GC(156)   FinalReference Discovered: 0, Dropped: 0, Processed: 0
[61.327s][debug][gc,phases,ref  ] GC(156)   PhantomReference Discovered: 0, Dropped: 0, Processed: 0
[61.327s][debug][gc,age         ] GC(156) Desired survivor size 2228224 bytes, new threshold 1 (max threshold 15)
[61.327s][info ][gc,heap        ] GC(156) DefNew: 39423K(39424K)->4352K(39424K) Eden: 35072K(35072K)->0K(35072K) From: 4351K(4352K)->4352K(4352K)
[61.327s][info ][gc,heap        ] GC(156) Tenured: 36290K(87424K)->39222K(87424K)
[61.327s][info ][gc,metaspace   ] GC(156) Metaspace: 9037K(9344K)->9037K(9344K) NonClass: 8103K(8256K)->8103K(8256K) Class: 934K(1088K)->934K(1088K)
[61.327s][debug][gc,heap        ] GC(156) Heap after GC invocations=153 (full 4):
[61.327s][debug][gc,heap        ] GC(156)  def new generation   total 39424K, used 4352K [0x0000000780000000, 0x0000000782ac0000, 0x00000007aaaa0000)
[61.327s][debug][gc,heap        ] GC(156)   eden space 35072K,   0% used [0x0000000780000000, 0x0000000780000000, 0x0000000782240000)
[61.327s][debug][gc,heap        ] GC(156)   from space 4352K, 100% used [0x0000000782240000, 0x0000000782680000, 0x0000000782680000)
[61.327s][debug][gc,heap        ] GC(156)   to   space 4352K,   0% used [0x0000000782680000, 0x0000000782680000, 0x0000000782ac0000)
[61.327s][debug][gc,heap        ] GC(156)  tenured generation   total 87424K, used 39222K [0x00000007aaaa0000, 0x00000007b0000000, 0x0000000800000000)
[61.327s][debug][gc,heap        ] GC(156)    the space 87424K,  44% used [0x00000007aaaa0000, 0x00000007ad0edaa0, 0x00000007ad0edc00, 0x00000007b0000000)
[61.327s][debug][gc,heap        ] GC(156)  Metaspace       used 9037K, committed 9344K, reserved 1114112K
[61.327s][debug][gc,heap        ] GC(156)   class space    used 934K, committed 1088K, reserved 1048576K
[61.327s][info ][gc             ] GC(156) Pause Young (Allocation Failure) 73M->42M(123M) 11.572ms
[61.327s][info ][gc,cpu         ] GC(156) User=0.02s Sys=0.00s Real=0.01s
[61.658s][info ][gc,start       ] GC(157) Pause Young (Allocation Failure)
[61.658s][debug][gc,heap        ] GC(157) Heap before GC invocations=153 (full 4):
[61.658s][debug][gc,heap        ] GC(157)  def new generation   total 39424K, used 39424K [0x0000000780000000, 0x0000000782ac0000, 0x00000007aaaa0000)
[61.658s][debug][gc,heap        ] GC(157)   eden space 35072K, 100% used [0x0000000780000000, 0x0000000782240000, 0x0000000782240000)
[61.658s][debug][gc,heap        ] GC(157)   from space 4352K, 100% used [0x0000000782240000, 0x0000000782680000, 0x0000000782680000)
[61.658s][debug][gc,heap        ] GC(157)   to   space 4352K,   0% used [0x0000000782680000, 0x0000000782680000, 0x0000000782ac0000)
[61.658s][debug][gc,heap        ] GC(157)  tenured generation   total 87424K, used 39222K [0x00000007aaaa0000, 0x00000007b0000000, 0x0000000800000000)
[61.658s][debug][gc,heap        ] GC(157)    the space 87424K,  44% used [0x00000007aaaa0000, 0x00000007ad0edaa0, 0x00000007ad0edc00, 0x00000007b0000000)
[61.658s][debug][gc,heap        ] GC(157)  Metaspace       used 9043K, committed 9408K, reserved 1114112K
[61.658s][debug][gc,heap        ] GC(157)   class space    used 934K, committed 1088K, reserved 1048576K
[61.658s][debug][gc,tlab        ] GC(157) TLAB totals: thrds: 4  refills: 85 max: 45 slow allocs: 25 max 15 waste:  0.4% gc: 92736B max: 88160B slow: 48064B max: 25624B
[61.667s][debug][gc,ref         ] GC(157) Skipped SoftWeakFinalRefsPhase of Reference Processing: no references
[61.667s][debug][gc,ref         ] GC(157) Skipped KeepAliveFinalRefsPhase of Reference Processing: no references
[61.667s][debug][gc,ref         ] GC(157) Skipped PhantomRefsPhase of Reference Processing: no references
[61.667s][debug][gc,phases,ref  ] GC(157) Reference Processing: 0.1ms
[61.667s][debug][gc,phases,ref  ] GC(157)   Notify Soft/WeakReferences: 0.1ms
[61.667s][debug][gc,phases,ref  ] GC(157)     SoftRef: skipped
[61.667s][debug][gc,phases,ref  ] GC(157)     WeakRef: skipped
[61.667s][debug][gc,phases,ref  ] GC(157)     FinalRef: skipped
[61.667s][debug][gc,phases,ref  ] GC(157)     Total: skipped
[61.667s][debug][gc,phases,ref  ] GC(157)   Notify and keep alive finalizable: 0.0ms
[61.667s][debug][gc,phases,ref  ] GC(157)     FinalRef: skipped
[61.667s][debug][gc,phases,ref  ] GC(157)   Notify PhantomReferences: 0.0ms
[61.668s][debug][gc,phases,ref  ] GC(157)     PhantomRef: skipped
[61.668s][debug][gc,phases,ref  ] GC(157)   SoftReference Discovered: 0, Dropped: 0, Processed: 0
[61.668s][debug][gc,phases,ref  ] GC(157)   WeakReference Discovered: 0, Dropped: 0, Processed: 0
[61.668s][debug][gc,phases,ref  ] GC(157)   FinalReference Discovered: 0, Dropped: 0, Processed: 0
[61.668s][debug][gc,phases,ref  ] GC(157)   PhantomReference Discovered: 0, Dropped: 0, Processed: 0
[61.668s][debug][gc,age         ] GC(157) Desired survivor size 2228224 bytes, new threshold 1 (max threshold 15)
[61.668s][info ][gc,heap        ] GC(157) DefNew: 39424K(39424K)->4352K(39424K) Eden: 35072K(35072K)->0K(35072K) From: 4352K(4352K)->4352K(4352K)
[61.668s][info ][gc,heap        ] GC(157) Tenured: 39222K(87424K)->40417K(87424K)
[61.668s][info ][gc,metaspace   ] GC(157) Metaspace: 9043K(9408K)->9043K(9408K) NonClass: 8108K(8320K)->8108K(8320K) Class: 934K(1088K)->934K(1088K)
[61.668s][debug][gc,heap        ] GC(157) Heap after GC invocations=154 (full 4):
[61.668s][debug][gc,heap        ] GC(157)  def new generation   total 39424K, used 4352K [0x0000000780000000, 0x0000000782ac0000, 0x00000007aaaa0000)
[61.668s][debug][gc,heap        ] GC(157)   eden space 35072K,   0% used [0x0000000780000000, 0x0000000780000000, 0x0000000782240000)
[61.668s][debug][gc,heap        ] GC(157)   from space 4352K, 100% used [0x0000000782680000, 0x0000000782ac0000, 0x0000000782ac0000)
[61.668s][debug][gc,heap        ] GC(157)   to   space 4352K,   0% used [0x0000000782240000, 0x0000000782240000, 0x0000000782680000)
[61.668s][debug][gc,heap        ] GC(157)  tenured generation   total 87424K, used 40417K [0x00000007aaaa0000, 0x00000007b0000000, 0x0000000800000000)
[61.668s][debug][gc,heap        ] GC(157)    the space 87424K,  46% used [0x00000007aaaa0000, 0x00000007ad218600, 0x00000007ad218600, 0x00000007b0000000)
[61.668s][debug][gc,heap        ] GC(157)  Metaspace       used 9043K, committed 9408K, reserved 1114112K
[61.668s][debug][gc,heap        ] GC(157)   class space    used 934K, committed 1088K, reserved 1048576K
[61.668s][info ][gc             ] GC(157) Pause Young (Allocation Failure) 76M->43M(123M) 9.989ms
[61.668s][info ][gc,cpu         ] GC(157) User=0.01s Sys=0.00s Real=0.01s
[62.007s][info ][gc,start       ] GC(158) Pause Young (Allocation Failure)
[62.007s][debug][gc,heap        ] GC(158) Heap before GC invocations=154 (full 4):
[62.007s][debug][gc,heap        ] GC(158)  def new generation   total 39424K, used 39424K [0x0000000780000000, 0x0000000782ac0000, 0x00000007aaaa0000)
[62.007s][debug][gc,heap        ] GC(158)   eden space 35072K, 100% used [0x0000000780000000, 0x0000000782240000, 0x0000000782240000)
[62.007s][debug][gc,heap        ] GC(158)   from space 4352K, 100% used [0x0000000782680000, 0x0000000782ac0000, 0x0000000782ac0000)
[62.007s][debug][gc,heap        ] GC(158)   to   space 4352K,   0% used [0x0000000782240000, 0x0000000782240000, 0x0000000782680000)
[62.007s][debug][gc,heap        ] GC(158)  tenured generation   total 87424K, used 40417K [0x00000007aaaa0000, 0x00000007b0000000, 0x0000000800000000)
[62.007s][debug][gc,heap        ] GC(158)    the space 87424K,  46% used [0x00000007aaaa0000, 0x00000007ad218600, 0x00000007ad218600, 0x00000007b0000000)
[62.007s][debug][gc,heap        ] GC(158)  Metaspace       used 9050K, committed 9408K, reserved 1114112K
[62.007s][debug][gc,heap        ] GC(158)   class space    used 934K, committed 1088K, reserved 1048576K
[62.007s][debug][gc,tlab        ] GC(158) TLAB totals: thrds: 4  refills: 51 max: 46 slow allocs: 5 max 3 waste:  0.1% gc: 7296B max: 2576B slow: 28544B max: 27304B
[62.014s][debug][gc,ref         ] GC(158) Skipped SoftWeakFinalRefsPhase of Reference Processing: no references
[62.014s][debug][gc,ref         ] GC(158) Skipped KeepAliveFinalRefsPhase of Reference Processing: no references
[62.014s][debug][gc,ref         ] GC(158) Skipped PhantomRefsPhase of Reference Processing: no references
[62.014s][debug][gc,phases,ref  ] GC(158) Reference Processing: 0.1ms
[62.014s][debug][gc,phases,ref  ] GC(158)   Notify Soft/WeakReferences: 0.1ms
[62.014s][debug][gc,phases,ref  ] GC(158)     SoftRef: skipped
[62.014s][debug][gc,phases,ref  ] GC(158)     WeakRef: skipped
[62.015s][debug][gc,phases,ref  ] GC(158)     FinalRef: skipped
[62.015s][debug][gc,phases,ref  ] GC(158)     Total: skipped
[62.015s][debug][gc,phases,ref  ] GC(158)   Notify and keep alive finalizable: 0.0ms
[62.015s][debug][gc,phases,ref  ] GC(158)     FinalRef: skipped
[62.015s][debug][gc,phases,ref  ] GC(158)   Notify PhantomReferences: 0.0ms
[62.015s][debug][gc,phases,ref  ] GC(158)     PhantomRef: skipped
[62.015s][debug][gc,phases,ref  ] GC(158)   SoftReference Discovered: 0, Dropped: 0, Processed: 0
[62.015s][debug][gc,phases,ref  ] GC(158)   WeakReference Discovered: 0, Dropped: 0, Processed: 0
[62.015s][debug][gc,phases,ref  ] GC(158)   FinalReference Discovered: 0, Dropped: 0, Processed: 0
[62.015s][debug][gc,phases,ref  ] GC(158)   PhantomReference Discovered: 0, Dropped: 0, Processed: 0
[62.015s][debug][gc,age         ] GC(158) Desired survivor size 2228224 bytes, new threshold 1 (max threshold 15)
[62.015s][info ][gc,heap        ] GC(158) DefNew: 39424K(39424K)->4248K(39424K) Eden: 35072K(35072K)->0K(35072K) From: 4352K(4352K)->4248K(4352K)
[62.015s][info ][gc,heap        ] GC(158) Tenured: 40417K(87424K)->40417K(87424K)
[62.015s][info ][gc,metaspace   ] GC(158) Metaspace: 9050K(9408K)->9050K(9408K) NonClass: 8116K(8320K)->8116K(8320K) Class: 934K(1088K)->934K(1088K)
[62.015s][debug][gc,heap        ] GC(158) Heap after GC invocations=155 (full 4):
[62.015s][debug][gc,heap        ] GC(158)  def new generation   total 39424K, used 4248K [0x0000000780000000, 0x0000000782ac0000, 0x00000007aaaa0000)
[62.015s][debug][gc,heap        ] GC(158)   eden space 35072K,   0% used [0x0000000780000000, 0x0000000780000000, 0x0000000782240000)
[62.015s][debug][gc,heap        ] GC(158)   from space 4352K,  97% used [0x0000000782240000, 0x0000000782666240, 0x0000000782680000)
[62.015s][debug][gc,heap        ] GC(158)   to   space 4352K,   0% used [0x0000000782680000, 0x0000000782680000, 0x0000000782ac0000)
[62.015s][debug][gc,heap        ] GC(158)  tenured generation   total 87424K, used 40417K [0x00000007aaaa0000, 0x00000007b0000000, 0x0000000800000000)
[62.015s][debug][gc,heap        ] GC(158)    the space 87424K,  46% used [0x00000007aaaa0000, 0x00000007ad218600, 0x00000007ad218600, 0x00000007b0000000)
[62.015s][debug][gc,heap        ] GC(158)  Metaspace       used 9050K, committed 9408K, reserved 1114112K
[62.015s][debug][gc,heap        ] GC(158)   class space    used 934K, committed 1088K, reserved 1048576K
[62.015s][info ][gc             ] GC(158) Pause Young (Allocation Failure) 77M->43M(123M) 8.299ms
[62.015s][info ][gc,cpu         ] GC(158) User=0.01s Sys=0.00s Real=0.01s
[62.350s][info ][gc,start       ] GC(159) Pause Young (Allocation Failure)
[62.350s][debug][gc,heap        ] GC(159) Heap before GC invocations=155 (full 4):
[62.350s][debug][gc,heap        ] GC(159)  def new generation   total 39424K, used 39320K [0x0000000780000000, 0x0000000782ac0000, 0x00000007aaaa0000)
[62.350s][debug][gc,heap        ] GC(159)   eden space 35072K, 100% used [0x0000000780000000, 0x0000000782240000, 0x0000000782240000)
[62.350s][debug][gc,heap        ] GC(159)   from space 4352K,  97% used [0x0000000782240000, 0x0000000782666240, 0x0000000782680000)
[62.350s][debug][gc,heap        ] GC(159)   to   space 4352K,   0% used [0x0000000782680000, 0x0000000782680000, 0x0000000782ac0000)
[62.350s][debug][gc,heap        ] GC(159)  tenured generation   total 87424K, used 40417K [0x00000007aaaa0000, 0x00000007b0000000, 0x0000000800000000)
[62.350s][debug][gc,heap        ] GC(159)    the space 87424K,  46% used [0x00000007aaaa0000, 0x00000007ad218600, 0x00000007ad218600, 0x00000007b0000000)
[62.350s][debug][gc,heap        ] GC(159)  Metaspace       used 9050K, committed 9408K, reserved 1114112K
[62.350s][debug][gc,heap        ] GC(159)   class space    used 934K, committed 1088K, reserved 1048576K
[62.350s][debug][gc,tlab        ] GC(159) TLAB totals: thrds: 1  refills: 43 max: 43 slow allocs: 10 max 10 waste:  0.8% gc: 231840B max: 231840B slow: 24568B max: 24568B
[62.356s][debug][gc,ref         ] GC(159) Skipped SoftWeakFinalRefsPhase of Reference Processing: no references
[62.356s][debug][gc,ref         ] GC(159) Skipped KeepAliveFinalRefsPhase of Reference Processing: no references
[62.356s][debug][gc,ref         ] GC(159) Skipped PhantomRefsPhase of Reference Processing: no references
[62.356s][debug][gc,phases,ref  ] GC(159) Reference Processing: 0.2ms
[62.356s][debug][gc,phases,ref  ] GC(159)   Notify Soft/WeakReferences: 0.1ms
[62.356s][debug][gc,phases,ref  ] GC(159)     SoftRef: skipped
[62.356s][debug][gc,phases,ref  ] GC(159)     WeakRef: skipped
[62.356s][debug][gc,phases,ref  ] GC(159)     FinalRef: skipped
[62.356s][debug][gc,phases,ref  ] GC(159)     Total: skipped
[62.357s][debug][gc,phases,ref  ] GC(159)   Notify and keep alive finalizable: 0.1ms
[62.357s][debug][gc,phases,ref  ] GC(159)     FinalRef: skipped
[62.357s][debug][gc,phases,ref  ] GC(159)   Notify PhantomReferences: 0.0ms
[62.357s][debug][gc,phases,ref  ] GC(159)     PhantomRef: skipped
[62.357s][debug][gc,phases,ref  ] GC(159)   SoftReference Discovered: 0, Dropped: 0, Processed: 0
[62.357s][debug][gc,phases,ref  ] GC(159)   WeakReference Discovered: 0, Dropped: 0, Processed: 0
[62.357s][debug][gc,phases,ref  ] GC(159)   FinalReference Discovered: 0, Dropped: 0, Processed: 0
[62.357s][debug][gc,phases,ref  ] GC(159)   PhantomReference Discovered: 0, Dropped: 0, Processed: 0
[62.357s][debug][gc,age         ] GC(159) Desired survivor size 2228224 bytes, new threshold 1 (max threshold 15)
[62.357s][info ][gc,heap        ] GC(159) DefNew: 39320K(39424K)->2614K(39424K) Eden: 35072K(35072K)->0K(35072K) From: 4248K(4352K)->2614K(4352K)
[62.357s][info ][gc,heap        ] GC(159) Tenured: 40417K(87424K)->40417K(87424K)
[62.357s][info ][gc,metaspace   ] GC(159) Metaspace: 9050K(9408K)->9050K(9408K) NonClass: 8116K(8320K)->8116K(8320K) Class: 934K(1088K)->934K(1088K)
[62.357s][debug][gc,heap        ] GC(159) Heap after GC invocations=156 (full 4):
[62.357s][debug][gc,heap        ] GC(159)  def new generation   total 39424K, used 2614K [0x0000000780000000, 0x0000000782ac0000, 0x00000007aaaa0000)
[62.357s][debug][gc,heap        ] GC(159)   eden space 35072K,   0% used [0x0000000780000000, 0x0000000780000000, 0x0000000782240000)
[62.357s][debug][gc,heap        ] GC(159)   from space 4352K,  60% used [0x0000000782680000, 0x000000078290d980, 0x0000000782ac0000)
[62.357s][debug][gc,heap        ] GC(159)   to   space 4352K,   0% used [0x0000000782240000, 0x0000000782240000, 0x0000000782680000)
[62.357s][debug][gc,heap        ] GC(159)  tenured generation   total 87424K, used 40417K [0x00000007aaaa0000, 0x00000007b0000000, 0x0000000800000000)
[62.357s][debug][gc,heap        ] GC(159)    the space 87424K,  46% used [0x00000007aaaa0000, 0x00000007ad218648, 0x00000007ad218800, 0x00000007b0000000)
[62.357s][debug][gc,heap        ] GC(159)  Metaspace       used 9050K, committed 9408K, reserved 1114112K
[62.357s][debug][gc,heap        ] GC(159)   class space    used 934K, committed 1088K, reserved 1048576K
[62.357s][info ][gc             ] GC(159) Pause Young (Allocation Failure) 77M->42M(123M) 7.075ms
[62.357s][info ][gc,cpu         ] GC(159) User=0.00s Sys=0.00s Real=0.00s
[62.679s][info ][gc,start       ] GC(160) Pause Young (Allocation Failure)
[62.679s][debug][gc,heap        ] GC(160) Heap before GC invocations=156 (full 4):
[62.679s][debug][gc,heap        ] GC(160)  def new generation   total 39424K, used 37686K [0x0000000780000000, 0x0000000782ac0000, 0x00000007aaaa0000)
[62.679s][debug][gc,heap        ] GC(160)   eden space 35072K, 100% used [0x0000000780000000, 0x0000000782240000, 0x0000000782240000)
[62.679s][debug][gc,heap        ] GC(160)   from space 4352K,  60% used [0x0000000782680000, 0x000000078290d980, 0x0000000782ac0000)
[62.679s][debug][gc,heap        ] GC(160)   to   space 4352K,   0% used [0x0000000782240000, 0x0000000782240000, 0x0000000782680000)
[62.679s][debug][gc,heap        ] GC(160)  tenured generation   total 87424K, used 40417K [0x00000007aaaa0000, 0x00000007b0000000, 0x0000000800000000)
[62.679s][debug][gc,heap        ] GC(160)    the space 87424K,  46% used [0x00000007aaaa0000, 0x00000007ad218648, 0x00000007ad218800, 0x00000007b0000000)
[62.679s][debug][gc,heap        ] GC(160)  Metaspace       used 9065K, committed 9408K, reserved 1114112K
[62.679s][debug][gc,heap        ] GC(160)   class space    used 934K, committed 1088K, reserved 1048576K
[62.679s][debug][gc,tlab        ] GC(160) TLAB totals: thrds: 5  refills: 87 max: 43 slow allocs: 24 max 11 waste:  0.2% gc: 7528B max: 2192B slow: 52024B max: 28256B
[62.681s][debug][gc,ref         ] GC(160) Skipped SoftWeakFinalRefsPhase of Reference Processing: no references
[62.681s][debug][gc,ref         ] GC(160) Skipped KeepAliveFinalRefsPhase of Reference Processing: no references
[62.681s][debug][gc,ref         ] GC(160) Skipped PhantomRefsPhase of Reference Processing: no references
[62.681s][debug][gc,phases,ref  ] GC(160) Reference Processing: 0.1ms
[62.681s][debug][gc,phases,ref  ] GC(160)   Notify Soft/WeakReferences: 0.0ms
[62.681s][debug][gc,phases,ref  ] GC(160)     SoftRef: skipped
[62.681s][debug][gc,phases,ref  ] GC(160)     WeakRef: skipped
[62.681s][debug][gc,phases,ref  ] GC(160)     FinalRef: skipped
[62.681s][debug][gc,phases,ref  ] GC(160)     Total: skipped
[62.681s][debug][gc,phases,ref  ] GC(160)   Notify and keep alive finalizable: 0.0ms
[62.681s][debug][gc,phases,ref  ] GC(160)     FinalRef: skipped
[62.681s][debug][gc,phases,ref  ] GC(160)   Notify PhantomReferences: 0.0ms
[62.681s][debug][gc,phases,ref  ] GC(160)     PhantomRef: skipped
[62.681s][debug][gc,phases,ref  ] GC(160)   SoftReference Discovered: 0, Dropped: 0, Processed: 0
[62.681s][debug][gc,phases,ref  ] GC(160)   WeakReference Discovered: 0, Dropped: 0, Processed: 0
[62.681s][debug][gc,phases,ref  ] GC(160)   FinalReference Discovered: 0, Dropped: 0, Processed: 0
[62.682s][debug][gc,phases,ref  ] GC(160)   PhantomReference Discovered: 0, Dropped: 0, Processed: 0
[62.682s][debug][gc,age         ] GC(160) Desired survivor size 2228224 bytes, new threshold 15 (max threshold 15)
[62.682s][info ][gc,heap        ] GC(160) DefNew: 37686K(39424K)->1013K(39424K) Eden: 35072K(35072K)->0K(35072K) From: 2614K(4352K)->1013K(4352K)
[62.682s][info ][gc,heap        ] GC(160) Tenured: 40417K(87424K)->40417K(87424K)
[62.682s][info ][gc,metaspace   ] GC(160) Metaspace: 9065K(9408K)->9065K(9408K) NonClass: 8130K(8320K)->8130K(8320K) Class: 934K(1088K)->934K(1088K)
[62.682s][debug][gc,heap        ] GC(160) Heap after GC invocations=157 (full 4):
[62.682s][debug][gc,heap        ] GC(160)  def new generation   total 39424K, used 1013K [0x0000000780000000, 0x0000000782ac0000, 0x00000007aaaa0000)
[62.682s][debug][gc,heap        ] GC(160)   eden space 35072K,   0% used [0x0000000780000000, 0x0000000780000000, 0x0000000782240000)
[62.682s][debug][gc,heap        ] GC(160)   from space 4352K,  23% used [0x0000000782240000, 0x000000078233d558, 0x0000000782680000)
[62.682s][debug][gc,heap        ] GC(160)   to   space 4352K,   0% used [0x0000000782680000, 0x0000000782680000, 0x0000000782ac0000)
[62.682s][debug][gc,heap        ] GC(160)  tenured generation   total 87424K, used 40417K [0x00000007aaaa0000, 0x00000007b0000000, 0x0000000800000000)
[62.682s][debug][gc,heap        ] GC(160)    the space 87424K,  46% used [0x00000007aaaa0000, 0x00000007ad218648, 0x00000007ad218800, 0x00000007b0000000)
[62.682s][debug][gc,heap        ] GC(160)  Metaspace       used 9065K, committed 9408K, reserved 1114112K
[62.682s][debug][gc,heap        ] GC(160)   class space    used 934K, committed 1088K, reserved 1048576K
[62.682s][info ][gc             ] GC(160) Pause Young (Allocation Failure) 76M->40M(123M) 2.803ms
[62.682s][info ][gc,cpu         ] GC(160) User=0.01s Sys=0.00s Real=0.00s
[62.912s][info ][gc,start       ] GC(161) Pause Young (Allocation Failure)
[62.913s][debug][gc,heap        ] GC(161) Heap before GC invocations=157 (full 4):
[62.913s][debug][gc,heap        ] GC(161)  def new generation   total 39424K, used 35738K [0x0000000780000000, 0x0000000782ac0000, 0x00000007aaaa0000)
[62.913s][debug][gc,heap        ] GC(161)   eden space 35072K,  99% used [0x0000000780000000, 0x00000007821e9588, 0x0000000782240000)
[62.913s][debug][gc,heap        ] GC(161)   from space 4352K,  23% used [0x0000000782240000, 0x000000078233d558, 0x0000000782680000)
[62.913s][debug][gc,heap        ] GC(161)   to   space 4352K,   0% used [0x0000000782680000, 0x0000000782680000, 0x0000000782ac0000)
[62.913s][debug][gc,heap        ] GC(161)  tenured generation   total 87424K, used 40417K [0x00000007aaaa0000, 0x00000007b0000000, 0x0000000800000000)
[62.913s][debug][gc,heap        ] GC(161)    the space 87424K,  46% used [0x00000007aaaa0000, 0x00000007ad218648, 0x00000007ad218800, 0x00000007b0000000)
[62.913s][debug][gc,heap        ] GC(161)  Metaspace       used 9072K, committed 9408K, reserved 1114112K
[62.913s][debug][gc,heap        ] GC(161)   class space    used 934K, committed 1088K, reserved 1048576K
[62.913s][debug][gc,tlab        ] GC(161) TLAB totals: thrds: 1  refills: 45 max: 45 slow allocs: 7 max 7 waste:  1.3% gc: 398848B max: 398848B slow: 25568B max: 25568B
[62.930s][debug][gc,ref         ] GC(161) Skipped SoftWeakFinalRefsPhase of Reference Processing: no references
[62.930s][debug][gc,ref         ] GC(161) Skipped KeepAliveFinalRefsPhase of Reference Processing: no references
[62.930s][debug][gc,ref         ] GC(161) Skipped PhantomRefsPhase of Reference Processing: no references
[62.930s][debug][gc,phases,ref  ] GC(161) Reference Processing: 0.1ms
[62.930s][debug][gc,phases,ref  ] GC(161)   Notify Soft/WeakReferences: 0.1ms
[62.930s][debug][gc,phases,ref  ] GC(161)     SoftRef: skipped
[62.930s][debug][gc,phases,ref  ] GC(161)     WeakRef: skipped
[62.930s][debug][gc,phases,ref  ] GC(161)     FinalRef: skipped
[62.930s][debug][gc,phases,ref  ] GC(161)     Total: skipped
[62.930s][debug][gc,phases,ref  ] GC(161)   Notify and keep alive finalizable: 0.0ms
[62.930s][debug][gc,phases,ref  ] GC(161)     FinalRef: skipped
[62.930s][debug][gc,phases,ref  ] GC(161)   Notify PhantomReferences: 0.0ms
[62.930s][debug][gc,phases,ref  ] GC(161)     PhantomRef: skipped
[62.930s][debug][gc,phases,ref  ] GC(161)   SoftReference Discovered: 0, Dropped: 0, Processed: 0
[62.930s][debug][gc,phases,ref  ] GC(161)   WeakReference Discovered: 0, Dropped: 0, Processed: 0
[62.930s][debug][gc,phases,ref  ] GC(161)   FinalReference Discovered: 0, Dropped: 0, Processed: 0
[62.930s][debug][gc,phases,ref  ] GC(161)   PhantomReference Discovered: 0, Dropped: 0, Processed: 0
[62.930s][debug][gc,age         ] GC(161) Desired survivor size 2228224 bytes, new threshold 1 (max threshold 15)
[62.930s][info ][gc,heap        ] GC(161) DefNew: 35738K(39424K)->4352K(39424K) Eden: 34725K(35072K)->0K(35072K) From: 1013K(4352K)->4352K(4352K)
[62.930s][info ][gc,heap        ] GC(161) Tenured: 40417K(87424K)->46552K(87424K)
[62.930s][info ][gc,metaspace   ] GC(161) Metaspace: 9072K(9408K)->9072K(9408K) NonClass: 8138K(8320K)->8138K(8320K) Class: 934K(1088K)->934K(1088K)
[62.930s][debug][gc,heap        ] GC(161) Heap after GC invocations=158 (full 4):
[62.930s][debug][gc,heap        ] GC(161)  def new generation   total 39424K, used 4352K [0x0000000780000000, 0x0000000782ac0000, 0x00000007aaaa0000)
[62.930s][debug][gc,heap        ] GC(161)   eden space 35072K,   0% used [0x0000000780000000, 0x0000000780000000, 0x0000000782240000)
[62.930s][debug][gc,heap        ] GC(161)   from space 4352K, 100% used [0x0000000782680000, 0x0000000782ac0000, 0x0000000782ac0000)
[62.930s][debug][gc,heap        ] GC(161)   to   space 4352K,   0% used [0x0000000782240000, 0x0000000782240000, 0x0000000782680000)
[62.930s][debug][gc,heap        ] GC(161)  tenured generation   total 87424K, used 46552K [0x00000007aaaa0000, 0x00000007b0000000, 0x0000000800000000)
[62.930s][debug][gc,heap        ] GC(161)    the space 87424K,  53% used [0x00000007aaaa0000, 0x00000007ad816278, 0x00000007ad816400, 0x00000007b0000000)
[62.930s][debug][gc,heap        ] GC(161)  Metaspace       used 9072K, committed 9408K, reserved 1114112K
[62.930s][debug][gc,heap        ] GC(161)   class space    used 934K, committed 1088K, reserved 1048576K
[62.931s][info ][gc             ] GC(161) Pause Young (Allocation Failure) 74M->49M(123M) 18.065ms
[62.931s][info ][gc,cpu         ] GC(161) User=0.01s Sys=0.00s Real=0.02s
[63.265s][info ][gc,start       ] GC(162) Pause Young (Allocation Failure)
[63.266s][debug][gc,heap        ] GC(162) Heap before GC invocations=158 (full 4):
[63.266s][debug][gc,heap        ] GC(162)  def new generation   total 39424K, used 39424K [0x0000000780000000, 0x0000000782ac0000, 0x00000007aaaa0000)
[63.266s][debug][gc,heap        ] GC(162)   eden space 35072K, 100% used [0x0000000780000000, 0x0000000782240000, 0x0000000782240000)
[63.266s][debug][gc,heap        ] GC(162)   from space 4352K, 100% used [0x0000000782680000, 0x0000000782ac0000, 0x0000000782ac0000)
[63.266s][debug][gc,heap        ] GC(162)   to   space 4352K,   0% used [0x0000000782240000, 0x0000000782240000, 0x0000000782680000)
[63.266s][debug][gc,heap        ] GC(162)  tenured generation   total 87424K, used 46552K [0x00000007aaaa0000, 0x00000007b0000000, 0x0000000800000000)
[63.266s][debug][gc,heap        ] GC(162)    the space 87424K,  53% used [0x00000007aaaa0000, 0x00000007ad816278, 0x00000007ad816400, 0x00000007b0000000)
[63.266s][debug][gc,heap        ] GC(162)  Metaspace       used 9072K, committed 9408K, reserved 1114112K
[63.266s][debug][gc,heap        ] GC(162)   class space    used 934K, committed 1088K, reserved 1048576K
[63.266s][debug][gc,tlab        ] GC(162) TLAB totals: thrds: 1  refills: 45 max: 45 slow allocs: 5 max 5 waste:  0.1% gc: 0B max: 0B slow: 26472B max: 26472B
[63.280s][debug][gc,ref         ] GC(162) Skipped SoftWeakFinalRefsPhase of Reference Processing: no references
[63.280s][debug][gc,ref         ] GC(162) Skipped KeepAliveFinalRefsPhase of Reference Processing: no references
[63.280s][debug][gc,ref         ] GC(162) Skipped PhantomRefsPhase of Reference Processing: no references
[63.280s][debug][gc,phases,ref  ] GC(162) Reference Processing: 0.1ms
[63.280s][debug][gc,phases,ref  ] GC(162)   Notify Soft/WeakReferences: 0.0ms
[63.280s][debug][gc,phases,ref  ] GC(162)     SoftRef: skipped
[63.280s][debug][gc,phases,ref  ] GC(162)     WeakRef: skipped
[63.280s][debug][gc,phases,ref  ] GC(162)     FinalRef: skipped
[63.280s][debug][gc,phases,ref  ] GC(162)     Total: skipped
[63.280s][debug][gc,phases,ref  ] GC(162)   Notify and keep alive finalizable: 0.0ms
[63.280s][debug][gc,phases,ref  ] GC(162)     FinalRef: skipped
[63.280s][debug][gc,phases,ref  ] GC(162)   Notify PhantomReferences: 0.0ms
[63.280s][debug][gc,phases,ref  ] GC(162)     PhantomRef: skipped
[63.280s][debug][gc,phases,ref  ] GC(162)   SoftReference Discovered: 0, Dropped: 0, Processed: 0
[63.280s][debug][gc,phases,ref  ] GC(162)   WeakReference Discovered: 0, Dropped: 0, Processed: 0
[63.280s][debug][gc,phases,ref  ] GC(162)   FinalReference Discovered: 0, Dropped: 0, Processed: 0
[63.280s][debug][gc,phases,ref  ] GC(162)   PhantomReference Discovered: 0, Dropped: 0, Processed: 0
[63.280s][debug][gc,age         ] GC(162) Desired survivor size 2228224 bytes, new threshold 1 (max threshold 15)
[63.280s][info ][gc,heap        ] GC(162) DefNew: 39424K(39424K)->4352K(39424K) Eden: 35072K(35072K)->0K(35072K) From: 4352K(4352K)->4352K(4352K)
[63.280s][info ][gc,heap        ] GC(162) Tenured: 46552K(87424K)->51150K(87424K)
[63.280s][info ][gc,metaspace   ] GC(162) Metaspace: 9072K(9408K)->9072K(9408K) NonClass: 8138K(8320K)->8138K(8320K) Class: 934K(1088K)->934K(1088K)
[63.281s][debug][gc,heap        ] GC(162) Heap after GC invocations=159 (full 4):
[63.281s][debug][gc,heap        ] GC(162)  def new generation   total 39424K, used 4352K [0x0000000780000000, 0x0000000782ac0000, 0x00000007aaaa0000)
[63.281s][debug][gc,heap        ] GC(162)   eden space 35072K,   0% used [0x0000000780000000, 0x0000000780000000, 0x0000000782240000)
[63.281s][debug][gc,heap        ] GC(162)   from space 4352K, 100% used [0x0000000782240000, 0x0000000782680000, 0x0000000782680000)
[63.281s][debug][gc,heap        ] GC(162)   to   space 4352K,   0% used [0x0000000782680000, 0x0000000782680000, 0x0000000782ac0000)
[63.281s][debug][gc,heap        ] GC(162)  tenured generation   total 87424K, used 51150K [0x00000007aaaa0000, 0x00000007b0000000, 0x0000000800000000)
[63.281s][debug][gc,heap        ] GC(162)    the space 87424K,  58% used [0x00000007aaaa0000, 0x00000007adc93850, 0x00000007adc93a00, 0x00000007b0000000)
[63.281s][debug][gc,heap        ] GC(162)  Metaspace       used 9072K, committed 9408K, reserved 1114112K
[63.281s][debug][gc,heap        ] GC(162)   class space    used 934K, committed 1088K, reserved 1048576K
[63.281s][info ][gc             ] GC(162) Pause Young (Allocation Failure) 83M->54M(123M) 15.197ms
[63.281s][info ][gc,cpu         ] GC(162) User=0.02s Sys=0.00s Real=0.02s
[63.614s][info ][gc,start       ] GC(163) Pause Young (Allocation Failure)
[63.614s][debug][gc,heap        ] GC(163) Heap before GC invocations=159 (full 4):
[63.614s][debug][gc,heap        ] GC(163)  def new generation   total 39424K, used 39424K [0x0000000780000000, 0x0000000782ac0000, 0x00000007aaaa0000)
[63.614s][debug][gc,heap        ] GC(163)   eden space 35072K, 100% used [0x0000000780000000, 0x0000000782240000, 0x0000000782240000)
[63.615s][debug][gc,heap        ] GC(163)   from space 4352K, 100% used [0x0000000782240000, 0x0000000782680000, 0x0000000782680000)
[63.615s][debug][gc,heap        ] GC(163)   to   space 4352K,   0% used [0x0000000782680000, 0x0000000782680000, 0x0000000782ac0000)
[63.615s][debug][gc,heap        ] GC(163)  tenured generation   total 87424K, used 51150K [0x00000007aaaa0000, 0x00000007b0000000, 0x0000000800000000)
[63.615s][debug][gc,heap        ] GC(163)    the space 87424K,  58% used [0x00000007aaaa0000, 0x00000007adc93850, 0x00000007adc93a00, 0x00000007b0000000)
[63.615s][debug][gc,heap        ] GC(163)  Metaspace       used 9078K, committed 9408K, reserved 1114112K
[63.615s][debug][gc,heap        ] GC(163)   class space    used 934K, committed 1088K, reserved 1048576K
[63.615s][debug][gc,tlab        ] GC(163) TLAB totals: thrds: 4  refills: 49 max: 44 slow allocs: 9 max 7 waste:  0.1% gc: 7384B max: 2584B slow: 26992B max: 25824B
[63.625s][debug][gc,ref         ] GC(163) Skipped SoftWeakFinalRefsPhase of Reference Processing: no references
[63.625s][debug][gc,ref         ] GC(163) Skipped KeepAliveFinalRefsPhase of Reference Processing: no references
[63.625s][debug][gc,ref         ] GC(163) Skipped PhantomRefsPhase of Reference Processing: no references
[63.625s][debug][gc,phases,ref  ] GC(163) Reference Processing: 0.1ms
[63.625s][debug][gc,phases,ref  ] GC(163)   Notify Soft/WeakReferences: 0.1ms
[63.625s][debug][gc,phases,ref  ] GC(163)     SoftRef: skipped
[63.625s][debug][gc,phases,ref  ] GC(163)     WeakRef: skipped
[63.625s][debug][gc,phases,ref  ] GC(163)     FinalRef: skipped
[63.625s][debug][gc,phases,ref  ] GC(163)     Total: skipped
[63.625s][debug][gc,phases,ref  ] GC(163)   Notify and keep alive finalizable: 0.0ms
[63.625s][debug][gc,phases,ref  ] GC(163)     FinalRef: skipped
[63.625s][debug][gc,phases,ref  ] GC(163)   Notify PhantomReferences: 0.0ms
[63.625s][debug][gc,phases,ref  ] GC(163)     PhantomRef: skipped
[63.625s][debug][gc,phases,ref  ] GC(163)   SoftReference Discovered: 0, Dropped: 0, Processed: 0
[63.625s][debug][gc,phases,ref  ] GC(163)   WeakReference Discovered: 0, Dropped: 0, Processed: 0
[63.625s][debug][gc,phases,ref  ] GC(163)   FinalReference Discovered: 0, Dropped: 0, Processed: 0
[63.625s][debug][gc,phases,ref  ] GC(163)   PhantomReference Discovered: 0, Dropped: 0, Processed: 0
[63.626s][debug][gc,age         ] GC(163) Desired survivor size 2228224 bytes, new threshold 1 (max threshold 15)
[63.626s][info ][gc,heap        ] GC(163) DefNew: 39424K(39424K)->4351K(39424K) Eden: 35072K(35072K)->0K(35072K) From: 4352K(4352K)->4351K(4352K)
[63.626s][info ][gc,heap        ] GC(163) Tenured: 51150K(87424K)->54196K(87424K)
[63.626s][info ][gc,metaspace   ] GC(163) Metaspace: 9078K(9408K)->9078K(9408K) NonClass: 8144K(8320K)->8144K(8320K) Class: 934K(1088K)->934K(1088K)
[63.626s][debug][gc,heap        ] GC(163) Heap after GC invocations=160 (full 4):
[63.626s][debug][gc,heap        ] GC(163)  def new generation   total 39424K, used 4351K [0x0000000780000000, 0x0000000782ac0000, 0x00000007aaaa0000)
[63.626s][debug][gc,heap        ] GC(163)   eden space 35072K,   0% used [0x0000000780000000, 0x0000000780000000, 0x0000000782240000)
[63.626s][debug][gc,heap        ] GC(163)   from space 4352K,  99% used [0x0000000782680000, 0x0000000782abfff8, 0x0000000782ac0000)
[63.626s][debug][gc,heap        ] GC(163)   to   space 4352K,   0% used [0x0000000782240000, 0x0000000782240000, 0x0000000782680000)
[63.626s][debug][gc,heap        ] GC(163)  tenured generation   total 87424K, used 54196K [0x00000007aaaa0000, 0x00000007b0000000, 0x0000000800000000)
[63.626s][debug][gc,heap        ] GC(163)    the space 87424K,  61% used [0x00000007aaaa0000, 0x00000007adf8d120, 0x00000007adf8d200, 0x00000007b0000000)
[63.626s][debug][gc,heap        ] GC(163)  Metaspace       used 9078K, committed 9408K, reserved 1114112K
[63.626s][debug][gc,heap        ] GC(163)   class space    used 934K, committed 1088K, reserved 1048576K
[63.626s][info ][gc             ] GC(163) Pause Young (Allocation Failure) 88M->57M(123M) 11.484ms
[63.626s][info ][gc,cpu         ] GC(163) User=0.02s Sys=0.00s Real=0.01s
[63.961s][info ][gc,start       ] GC(164) Pause Young (Allocation Failure)
[63.961s][debug][gc,heap        ] GC(164) Heap before GC invocations=160 (full 4):
[63.961s][debug][gc,heap        ] GC(164)  def new generation   total 39424K, used 38966K [0x0000000780000000, 0x0000000782ac0000, 0x00000007aaaa0000)
[63.961s][debug][gc,heap        ] GC(164)   eden space 35072K,  98% used [0x0000000780000000, 0x00000007821cd8c0, 0x0000000782240000)
[63.961s][debug][gc,heap        ] GC(164)   from space 4352K,  99% used [0x0000000782680000, 0x0000000782abfff8, 0x0000000782ac0000)
[63.961s][debug][gc,heap        ] GC(164)   to   space 4352K,   0% used [0x0000000782240000, 0x0000000782240000, 0x0000000782680000)
[63.961s][debug][gc,heap        ] GC(164)  tenured generation   total 87424K, used 54196K [0x00000007aaaa0000, 0x00000007b0000000, 0x0000000800000000)
[63.961s][debug][gc,heap        ] GC(164)    the space 87424K,  61% used [0x00000007aaaa0000, 0x00000007adf8d120, 0x00000007adf8d200, 0x00000007b0000000)
[63.961s][debug][gc,heap        ] GC(164)  Metaspace       used 9079K, committed 9408K, reserved 1114112K
[63.961s][debug][gc,heap        ] GC(164)   class space    used 934K, committed 1088K, reserved 1048576K
[63.961s][debug][gc,tlab        ] GC(164) TLAB totals: thrds: 4  refills: 86 max: 43 slow allocs: 31 max 14 waste:  1.2% gc: 310872B max: 305152B slow: 48544B max: 24960B
[63.970s][debug][gc,ref         ] GC(164) Skipped SoftWeakFinalRefsPhase of Reference Processing: no references
[63.970s][debug][gc,ref         ] GC(164) Skipped KeepAliveFinalRefsPhase of Reference Processing: no references
[63.970s][debug][gc,ref         ] GC(164) Skipped PhantomRefsPhase of Reference Processing: no references
[63.970s][debug][gc,phases,ref  ] GC(164) Reference Processing: 0.1ms
[63.970s][debug][gc,phases,ref  ] GC(164)   Notify Soft/WeakReferences: 0.1ms
[63.970s][debug][gc,phases,ref  ] GC(164)     SoftRef: skipped
[63.970s][debug][gc,phases,ref  ] GC(164)     WeakRef: skipped
[63.970s][debug][gc,phases,ref  ] GC(164)     FinalRef: skipped
[63.970s][debug][gc,phases,ref  ] GC(164)     Total: skipped
[63.970s][debug][gc,phases,ref  ] GC(164)   Notify and keep alive finalizable: 0.0ms
[63.970s][debug][gc,phases,ref  ] GC(164)     FinalRef: skipped
[63.970s][debug][gc,phases,ref  ] GC(164)   Notify PhantomReferences: 0.0ms
[63.970s][debug][gc,phases,ref  ] GC(164)     PhantomRef: skipped
[63.970s][debug][gc,phases,ref  ] GC(164)   SoftReference Discovered: 0, Dropped: 0, Processed: 0
[63.970s][debug][gc,phases,ref  ] GC(164)   WeakReference Discovered: 0, Dropped: 0, Processed: 0
[63.970s][debug][gc,phases,ref  ] GC(164)   FinalReference Discovered: 0, Dropped: 0, Processed: 0
[63.970s][debug][gc,phases,ref  ] GC(164)   PhantomReference Discovered: 0, Dropped: 0, Processed: 0
[63.971s][debug][gc,age         ] GC(164) Desired survivor size 2228224 bytes, new threshold 1 (max threshold 15)
[63.971s][info ][gc,heap        ] GC(164) DefNew: 38966K(39424K)->4352K(39424K) Eden: 34614K(35072K)->0K(35072K) From: 4351K(4352K)->4352K(4352K)
[63.971s][info ][gc,heap        ] GC(164) Tenured: 54196K(87424K)->55082K(87424K)
[63.971s][info ][gc,metaspace   ] GC(164) Metaspace: 9079K(9408K)->9079K(9408K) NonClass: 8145K(8320K)->8145K(8320K) Class: 934K(1088K)->934K(1088K)
[63.971s][debug][gc,heap        ] GC(164) Heap after GC invocations=161 (full 4):
[63.971s][debug][gc,heap        ] GC(164)  def new generation   total 39424K, used 4352K [0x0000000780000000, 0x0000000782ac0000, 0x00000007aaaa0000)
[63.971s][debug][gc,heap        ] GC(164)   eden space 35072K,   0% used [0x0000000780000000, 0x0000000780000000, 0x0000000782240000)
[63.971s][debug][gc,heap        ] GC(164)   from space 4352K, 100% used [0x0000000782240000, 0x0000000782680000, 0x0000000782680000)
[63.971s][debug][gc,heap        ] GC(164)   to   space 4352K,   0% used [0x0000000782680000, 0x0000000782680000, 0x0000000782ac0000)
[63.971s][debug][gc,heap        ] GC(164)  tenured generation   total 87424K, used 55082K [0x00000007aaaa0000, 0x00000007b0000000, 0x0000000800000000)
[63.971s][debug][gc,heap        ] GC(164)    the space 87424K,  63% used [0x00000007aaaa0000, 0x00000007ae06aae0, 0x00000007ae06ac00, 0x00000007b0000000)
[63.971s][debug][gc,heap        ] GC(164)  Metaspace       used 9079K, committed 9408K, reserved 1114112K
[63.971s][debug][gc,heap        ] GC(164)   class space    used 934K, committed 1088K, reserved 1048576K
[63.971s][info ][gc             ] GC(164) Pause Young (Allocation Failure) 90M->58M(123M) 9.785ms
[63.971s][info ][gc,cpu         ] GC(164) User=0.01s Sys=0.00s Real=0.01s
[64.312s][info ][gc,start       ] GC(165) Pause Young (Allocation Failure)
[64.312s][debug][gc,heap        ] GC(165) Heap before GC invocations=161 (full 4):
[64.312s][debug][gc,heap        ] GC(165)  def new generation   total 39424K, used 39424K [0x0000000780000000, 0x0000000782ac0000, 0x00000007aaaa0000)
[64.312s][debug][gc,heap        ] GC(165)   eden space 35072K, 100% used [0x0000000780000000, 0x0000000782240000, 0x0000000782240000)
[64.312s][debug][gc,heap        ] GC(165)   from space 4352K, 100% used [0x0000000782240000, 0x0000000782680000, 0x0000000782680000)
[64.312s][debug][gc,heap        ] GC(165)   to   space 4352K,   0% used [0x0000000782680000, 0x0000000782680000, 0x0000000782ac0000)
[64.312s][debug][gc,heap        ] GC(165)  tenured generation   total 87424K, used 55082K [0x00000007aaaa0000, 0x00000007b0000000, 0x0000000800000000)
[64.312s][debug][gc,heap        ] GC(165)    the space 87424K,  63% used [0x00000007aaaa0000, 0x00000007ae06aae0, 0x00000007ae06ac00, 0x00000007b0000000)
[64.312s][debug][gc,heap        ] GC(165)  Metaspace       used 9079K, committed 9408K, reserved 1114112K
[64.312s][debug][gc,heap        ] GC(165)   class space    used 934K, committed 1088K, reserved 1048576K
[64.312s][debug][gc,tlab        ] GC(165) TLAB totals: thrds: 1  refills: 44 max: 44 slow allocs: 6 max 6 waste:  0.1% gc: 0B max: 0B slow: 25744B max: 25744B
[64.319s][debug][gc,ref         ] GC(165) Skipped SoftWeakFinalRefsPhase of Reference Processing: no references
[64.319s][debug][gc,ref         ] GC(165) Skipped KeepAliveFinalRefsPhase of Reference Processing: no references
[64.320s][debug][gc,ref         ] GC(165) Skipped PhantomRefsPhase of Reference Processing: no references
[64.320s][debug][gc,phases,ref  ] GC(165) Reference Processing: 0.3ms
[64.320s][debug][gc,phases,ref  ] GC(165)   Notify Soft/WeakReferences: 0.2ms
[64.320s][debug][gc,phases,ref  ] GC(165)     SoftRef: skipped
[64.320s][debug][gc,phases,ref  ] GC(165)     WeakRef: skipped
[64.320s][debug][gc,phases,ref  ] GC(165)     FinalRef: skipped
[64.320s][debug][gc,phases,ref  ] GC(165)     Total: skipped
[64.320s][debug][gc,phases,ref  ] GC(165)   Notify and keep alive finalizable: 0.1ms
[64.320s][debug][gc,phases,ref  ] GC(165)     FinalRef: skipped
[64.320s][debug][gc,phases,ref  ] GC(165)   Notify PhantomReferences: 0.0ms
[64.320s][debug][gc,phases,ref  ] GC(165)     PhantomRef: skipped
[64.320s][debug][gc,phases,ref  ] GC(165)   SoftReference Discovered: 0, Dropped: 0, Processed: 0
[64.320s][debug][gc,phases,ref  ] GC(165)   WeakReference Discovered: 0, Dropped: 0, Processed: 0
[64.320s][debug][gc,phases,ref  ] GC(165)   FinalReference Discovered: 0, Dropped: 0, Processed: 0
[64.320s][debug][gc,phases,ref  ] GC(165)   PhantomReference Discovered: 0, Dropped: 0, Processed: 0
[64.320s][debug][gc,age         ] GC(165) Desired survivor size 2228224 bytes, new threshold 1 (max threshold 15)
[64.320s][info ][gc,heap        ] GC(165) DefNew: 39424K(39424K)->3701K(39424K) Eden: 35072K(35072K)->0K(35072K) From: 4352K(4352K)->3701K(4352K)
[64.321s][info ][gc,heap        ] GC(165) Tenured: 55082K(87424K)->55082K(87424K)
[64.321s][info ][gc,metaspace   ] GC(165) Metaspace: 9079K(9408K)->9079K(9408K) NonClass: 8145K(8320K)->8145K(8320K) Class: 934K(1088K)->934K(1088K)
[64.321s][debug][gc,heap        ] GC(165) Heap after GC invocations=162 (full 4):
[64.321s][debug][gc,heap        ] GC(165)  def new generation   total 39424K, used 3701K [0x0000000780000000, 0x0000000782ac0000, 0x00000007aaaa0000)
[64.321s][debug][gc,heap        ] GC(165)   eden space 35072K,   0% used [0x0000000780000000, 0x0000000780000000, 0x0000000782240000)
[64.321s][debug][gc,heap        ] GC(165)   from space 4352K,  85% used [0x0000000782680000, 0x0000000782a1d600, 0x0000000782ac0000)
[64.321s][debug][gc,heap        ] GC(165)   to   space 4352K,   0% used [0x0000000782240000, 0x0000000782240000, 0x0000000782680000)
[64.321s][debug][gc,heap        ] GC(165)  tenured generation   total 87424K, used 55082K [0x00000007aaaa0000, 0x00000007b0000000, 0x0000000800000000)
[64.321s][debug][gc,heap        ] GC(165)    the space 87424K,  63% used [0x00000007aaaa0000, 0x00000007ae06aae0, 0x00000007ae06ac00, 0x00000007b0000000)
[64.321s][debug][gc,heap        ] GC(165)  Metaspace       used 9079K, committed 9408K, reserved 1114112K
[64.321s][debug][gc,heap        ] GC(165)   class space    used 934K, committed 1088K, reserved 1048576K
[64.321s][info ][gc             ] GC(165) Pause Young (Allocation Failure) 92M->57M(123M) 8.927ms
[64.321s][info ][gc,cpu         ] GC(165) User=0.00s Sys=0.00s Real=0.01s
[64.650s][info ][gc,start       ] GC(166) Pause Young (Allocation Failure)
[64.651s][debug][gc,heap        ] GC(166) Heap before GC invocations=162 (full 4):
[64.651s][debug][gc,heap        ] GC(166)  def new generation   total 39424K, used 38773K [0x0000000780000000, 0x0000000782ac0000, 0x00000007aaaa0000)
[64.651s][debug][gc,heap        ] GC(166)   eden space 35072K, 100% used [0x0000000780000000, 0x0000000782240000, 0x0000000782240000)
[64.651s][debug][gc,heap        ] GC(166)   from space 4352K,  85% used [0x0000000782680000, 0x0000000782a1d600, 0x0000000782ac0000)
[64.651s][debug][gc,heap        ] GC(166)   to   space 4352K,   0% used [0x0000000782240000, 0x0000000782240000, 0x0000000782680000)
[64.651s][debug][gc,heap        ] GC(166)  tenured generation   total 87424K, used 55082K [0x00000007aaaa0000, 0x00000007b0000000, 0x0000000800000000)
[64.651s][debug][gc,heap        ] GC(166)    the space 87424K,  63% used [0x00000007aaaa0000, 0x00000007ae06aae0, 0x00000007ae06ac00, 0x00000007b0000000)
[64.651s][debug][gc,heap        ] GC(166)  Metaspace       used 9079K, committed 9408K, reserved 1114112K
[64.651s][debug][gc,heap        ] GC(166)   class space    used 934K, committed 1088K, reserved 1048576K
[64.651s][debug][gc,tlab        ] GC(166) TLAB totals: thrds: 1  refills: 45 max: 45 slow allocs: 5 max 5 waste:  0.1% gc: 0B max: 0B slow: 26072B max: 26072B
[64.656s][debug][gc,ref         ] GC(166) Skipped SoftWeakFinalRefsPhase of Reference Processing: no references
[64.656s][debug][gc,ref         ] GC(166) Skipped KeepAliveFinalRefsPhase of Reference Processing: no references
[64.656s][debug][gc,ref         ] GC(166) Skipped PhantomRefsPhase of Reference Processing: no references
[64.656s][debug][gc,phases,ref  ] GC(166) Reference Processing: 0.1ms
[64.656s][debug][gc,phases,ref  ] GC(166)   Notify Soft/WeakReferences: 0.1ms
[64.656s][debug][gc,phases,ref  ] GC(166)     SoftRef: skipped
[64.656s][debug][gc,phases,ref  ] GC(166)     WeakRef: skipped
[64.656s][debug][gc,phases,ref  ] GC(166)     FinalRef: skipped
[64.656s][debug][gc,phases,ref  ] GC(166)     Total: skipped
[64.656s][debug][gc,phases,ref  ] GC(166)   Notify and keep alive finalizable: 0.0ms
[64.656s][debug][gc,phases,ref  ] GC(166)     FinalRef: skipped
[64.656s][debug][gc,phases,ref  ] GC(166)   Notify PhantomReferences: 0.0ms
[64.656s][debug][gc,phases,ref  ] GC(166)     PhantomRef: skipped
[64.656s][debug][gc,phases,ref  ] GC(166)   SoftReference Discovered: 0, Dropped: 0, Processed: 0
[64.656s][debug][gc,phases,ref  ] GC(166)   WeakReference Discovered: 0, Dropped: 0, Processed: 0
[64.656s][debug][gc,phases,ref  ] GC(166)   FinalReference Discovered: 0, Dropped: 0, Processed: 0
[64.656s][debug][gc,phases,ref  ] GC(166)   PhantomReference Discovered: 0, Dropped: 0, Processed: 0
[64.657s][debug][gc,age         ] GC(166) Desired survivor size 2228224 bytes, new threshold 1 (max threshold 15)
[64.657s][info ][gc,heap        ] GC(166) DefNew: 38773K(39424K)->2292K(39424K) Eden: 35072K(35072K)->0K(35072K) From: 3701K(4352K)->2292K(4352K)
[64.657s][info ][gc,heap        ] GC(166) Tenured: 55082K(87424K)->55082K(87424K)
[64.657s][info ][gc,metaspace   ] GC(166) Metaspace: 9079K(9408K)->9079K(9408K) NonClass: 8145K(8320K)->8145K(8320K) Class: 934K(1088K)->934K(1088K)
[64.657s][debug][gc,heap        ] GC(166) Heap after GC invocations=163 (full 4):
[64.657s][debug][gc,heap        ] GC(166)  def new generation   total 39424K, used 2292K [0x0000000780000000, 0x0000000782ac0000, 0x00000007aaaa0000)
[64.657s][debug][gc,heap        ] GC(166)   eden space 35072K,   0% used [0x0000000780000000, 0x0000000780000000, 0x0000000782240000)
[64.657s][debug][gc,heap        ] GC(166)   from space 4352K,  52% used [0x0000000782240000, 0x000000078247d148, 0x0000000782680000)
[64.657s][debug][gc,heap        ] GC(166)   to   space 4352K,   0% used [0x0000000782680000, 0x0000000782680000, 0x0000000782ac0000)
[64.657s][debug][gc,heap        ] GC(166)  tenured generation   total 87424K, used 55082K [0x00000007aaaa0000, 0x00000007b0000000, 0x0000000800000000)
[64.657s][debug][gc,heap        ] GC(166)    the space 87424K,  63% used [0x00000007aaaa0000, 0x00000007ae06aae0, 0x00000007ae06ac00, 0x00000007b0000000)
[64.657s][debug][gc,heap        ] GC(166)  Metaspace       used 9079K, committed 9408K, reserved 1114112K
[64.657s][debug][gc,heap        ] GC(166)   class space    used 934K, committed 1088K, reserved 1048576K
[64.657s][info ][gc             ] GC(166) Pause Young (Allocation Failure) 91M->56M(123M) 6.468ms
[64.657s][info ][gc,cpu         ] GC(166) User=0.01s Sys=0.00s Real=0.00s
[65.005s][info ][gc,start       ] GC(167) Pause Young (Allocation Failure)
[65.006s][debug][gc,heap        ] GC(167) Heap before GC invocations=163 (full 4):
[65.006s][debug][gc,heap        ] GC(167)  def new generation   total 39424K, used 37364K [0x0000000780000000, 0x0000000782ac0000, 0x00000007aaaa0000)
[65.006s][debug][gc,heap        ] GC(167)   eden space 35072K, 100% used [0x0000000780000000, 0x0000000782240000, 0x0000000782240000)
[65.006s][debug][gc,heap        ] GC(167)   from space 4352K,  52% used [0x0000000782240000, 0x000000078247d148, 0x0000000782680000)
[65.006s][debug][gc,heap        ] GC(167)   to   space 4352K,   0% used [0x0000000782680000, 0x0000000782680000, 0x0000000782ac0000)
[65.006s][debug][gc,heap        ] GC(167)  tenured generation   total 87424K, used 55082K [0x00000007aaaa0000, 0x00000007b0000000, 0x0000000800000000)
[65.006s][debug][gc,heap        ] GC(167)    the space 87424K,  63% used [0x00000007aaaa0000, 0x00000007ae06aae0, 0x00000007ae06ac00, 0x00000007b0000000)
[65.006s][debug][gc,heap        ] GC(167)  Metaspace       used 9080K, committed 9408K, reserved 1114112K
[65.006s][debug][gc,heap        ] GC(167)   class space    used 934K, committed 1088K, reserved 1048576K
[65.006s][debug][gc,tlab        ] GC(167) TLAB totals: thrds: 4  refills: 93 max: 44 slow allocs: 29 max 11 waste:  0.4% gc: 72688B max: 66088B slow: 52224B max: 24968B
[65.008s][debug][gc,ref         ] GC(167) Skipped SoftWeakFinalRefsPhase of Reference Processing: no references
[65.008s][debug][gc,ref         ] GC(167) Skipped KeepAliveFinalRefsPhase of Reference Processing: no references
[65.008s][debug][gc,ref         ] GC(167) Skipped PhantomRefsPhase of Reference Processing: no references
[65.008s][debug][gc,phases,ref  ] GC(167) Reference Processing: 0.1ms
[65.008s][debug][gc,phases,ref  ] GC(167)   Notify Soft/WeakReferences: 0.0ms
[65.008s][debug][gc,phases,ref  ] GC(167)     SoftRef: skipped
[65.008s][debug][gc,phases,ref  ] GC(167)     WeakRef: skipped
[65.008s][debug][gc,phases,ref  ] GC(167)     FinalRef: skipped
[65.008s][debug][gc,phases,ref  ] GC(167)     Total: skipped
[65.008s][debug][gc,phases,ref  ] GC(167)   Notify and keep alive finalizable: 0.0ms
[65.008s][debug][gc,phases,ref  ] GC(167)     FinalRef: skipped
[65.008s][debug][gc,phases,ref  ] GC(167)   Notify PhantomReferences: 0.0ms
[65.008s][debug][gc,phases,ref  ] GC(167)     PhantomRef: skipped
[65.008s][debug][gc,phases,ref  ] GC(167)   SoftReference Discovered: 0, Dropped: 0, Processed: 0
[65.008s][debug][gc,phases,ref  ] GC(167)   WeakReference Discovered: 0, Dropped: 0, Processed: 0
[65.008s][debug][gc,phases,ref  ] GC(167)   FinalReference Discovered: 0, Dropped: 0, Processed: 0
[65.008s][debug][gc,phases,ref  ] GC(167)   PhantomReference Discovered: 0, Dropped: 0, Processed: 0
[65.009s][debug][gc,age         ] GC(167) Desired survivor size 2228224 bytes, new threshold 15 (max threshold 15)
[65.009s][info ][gc,heap        ] GC(167) DefNew: 37364K(39424K)->646K(39424K) Eden: 35072K(35072K)->0K(35072K) From: 2292K(4352K)->646K(4352K)
[65.009s][info ][gc,heap        ] GC(167) Tenured: 55082K(87424K)->55082K(87424K)
[65.009s][info ][gc,metaspace   ] GC(167) Metaspace: 9080K(9408K)->9080K(9408K) NonClass: 8145K(8320K)->8145K(8320K) Class: 934K(1088K)->934K(1088K)
[65.009s][debug][gc,heap        ] GC(167) Heap after GC invocations=164 (full 4):
[65.009s][debug][gc,heap        ] GC(167)  def new generation   total 39424K, used 646K [0x0000000780000000, 0x0000000782ac0000, 0x00000007aaaa0000)
[65.009s][debug][gc,heap        ] GC(167)   eden space 35072K,   0% used [0x0000000780000000, 0x0000000780000000, 0x0000000782240000)
[65.009s][debug][gc,heap        ] GC(167)   from space 4352K,  14% used [0x0000000782680000, 0x0000000782721980, 0x0000000782ac0000)
[65.009s][debug][gc,heap        ] GC(167)   to   space 4352K,   0% used [0x0000000782240000, 0x0000000782240000, 0x0000000782680000)
[65.009s][debug][gc,heap        ] GC(167)  tenured generation   total 87424K, used 55082K [0x00000007aaaa0000, 0x00000007b0000000, 0x0000000800000000)
[65.009s][debug][gc,heap        ] GC(167)    the space 87424K,  63% used [0x00000007aaaa0000, 0x00000007ae06aae0, 0x00000007ae06ac00, 0x00000007b0000000)
[65.009s][debug][gc,heap        ] GC(167)  Metaspace       used 9080K, committed 9408K, reserved 1114112K
[65.009s][debug][gc,heap        ] GC(167)   class space    used 934K, committed 1088K, reserved 1048576K
[65.009s][info ][gc             ] GC(167) Pause Young (Allocation Failure) 90M->54M(123M) 3.629ms
[65.009s][info ][gc,cpu         ] GC(167) User=0.00s Sys=0.00s Real=0.01s
[65.246s][info ][gc,start       ] GC(168) Pause Young (Allocation Failure)
[65.246s][debug][gc,heap        ] GC(168) Heap before GC invocations=164 (full 4):
[65.246s][debug][gc,heap        ] GC(168)  def new generation   total 39424K, used 35718K [0x0000000780000000, 0x0000000782ac0000, 0x00000007aaaa0000)
[65.246s][debug][gc,heap        ] GC(168)   eden space 35072K, 100% used [0x0000000780000000, 0x0000000782240000, 0x0000000782240000)
[65.246s][debug][gc,heap        ] GC(168)   from space 4352K,  14% used [0x0000000782680000, 0x0000000782721980, 0x0000000782ac0000)
[65.246s][debug][gc,heap        ] GC(168)   to   space 4352K,   0% used [0x0000000782240000, 0x0000000782240000, 0x0000000782680000)
[65.246s][debug][gc,heap        ] GC(168)  tenured generation   total 87424K, used 55082K [0x00000007aaaa0000, 0x00000007b0000000, 0x0000000800000000)
[65.246s][debug][gc,heap        ] GC(168)    the space 87424K,  63% used [0x00000007aaaa0000, 0x00000007ae06aae0, 0x00000007ae06ac00, 0x00000007b0000000)
[65.246s][debug][gc,heap        ] GC(168)  Metaspace       used 9080K, committed 9408K, reserved 1114112K
[65.246s][debug][gc,heap        ] GC(168)   class space    used 934K, committed 1088K, reserved 1048576K
[65.246s][debug][gc,tlab        ] GC(168) TLAB totals: thrds: 1  refills: 45 max: 45 slow allocs: 8 max 8 waste:  1.2% gc: 345464B max: 345464B slow: 26024B max: 26024B
[65.264s][debug][gc,ref         ] GC(168) Skipped SoftWeakFinalRefsPhase of Reference Processing: no references
[65.264s][debug][gc,ref         ] GC(168) Skipped KeepAliveFinalRefsPhase of Reference Processing: no references
[65.264s][debug][gc,ref         ] GC(168) Skipped PhantomRefsPhase of Reference Processing: no references
[65.264s][debug][gc,phases,ref  ] GC(168) Reference Processing: 0.2ms
[65.264s][debug][gc,phases,ref  ] GC(168)   Notify Soft/WeakReferences: 0.2ms
[65.264s][debug][gc,phases,ref  ] GC(168)     SoftRef: skipped
[65.264s][debug][gc,phases,ref  ] GC(168)     WeakRef: skipped
[65.264s][debug][gc,phases,ref  ] GC(168)     FinalRef: skipped
[65.264s][debug][gc,phases,ref  ] GC(168)     Total: skipped
[65.264s][debug][gc,phases,ref  ] GC(168)   Notify and keep alive finalizable: 0.0ms
[65.264s][debug][gc,phases,ref  ] GC(168)     FinalRef: skipped
[65.264s][debug][gc,phases,ref  ] GC(168)   Notify PhantomReferences: 0.0ms
[65.264s][debug][gc,phases,ref  ] GC(168)     PhantomRef: skipped
[65.264s][debug][gc,phases,ref  ] GC(168)   SoftReference Discovered: 0, Dropped: 0, Processed: 0
[65.264s][debug][gc,phases,ref  ] GC(168)   WeakReference Discovered: 0, Dropped: 0, Processed: 0
[65.264s][debug][gc,phases,ref  ] GC(168)   FinalReference Discovered: 0, Dropped: 0, Processed: 0
[65.264s][debug][gc,phases,ref  ] GC(168)   PhantomReference Discovered: 0, Dropped: 0, Processed: 0
[65.264s][debug][gc,age         ] GC(168) Desired survivor size 2228224 bytes, new threshold 1 (max threshold 15)
[65.265s][info ][gc,heap        ] GC(168) DefNew: 35718K(39424K)->4351K(39424K) Eden: 35072K(35072K)->0K(35072K) From: 646K(4352K)->4351K(4352K)
[65.265s][info ][gc,heap        ] GC(168) Tenured: 55082K(87424K)->61217K(87424K)
[65.265s][info ][gc,metaspace   ] GC(168) Metaspace: 9080K(9408K)->9080K(9408K) NonClass: 8145K(8320K)->8145K(8320K) Class: 934K(1088K)->934K(1088K)
[65.265s][debug][gc,heap        ] GC(168) Heap after GC invocations=165 (full 4):
[65.265s][debug][gc,heap        ] GC(168)  def new generation   total 39424K, used 4351K [0x0000000780000000, 0x0000000782ac0000, 0x00000007aaaa0000)
[65.265s][debug][gc,heap        ] GC(168)   eden space 35072K,   0% used [0x0000000780000000, 0x0000000780000000, 0x0000000782240000)
[65.265s][debug][gc,heap        ] GC(168)   from space 4352K,  99% used [0x0000000782240000, 0x000000078267fff8, 0x0000000782680000)
[65.265s][debug][gc,heap        ] GC(168)   to   space 4352K,   0% used [0x0000000782680000, 0x0000000782680000, 0x0000000782ac0000)
[65.265s][debug][gc,heap        ] GC(168)  tenured generation   total 87424K, used 61217K [0x00000007aaaa0000, 0x00000007b0000000, 0x0000000800000000)
[65.265s][debug][gc,heap        ] GC(168)    the space 87424K,  70% used [0x00000007aaaa0000, 0x00000007ae668468, 0x00000007ae668600, 0x00000007b0000000)
[65.265s][debug][gc,heap        ] GC(168)  Metaspace       used 9080K, committed 9408K, reserved 1114112K
[65.265s][debug][gc,heap        ] GC(168)   class space    used 934K, committed 1088K, reserved 1048576K
[65.265s][info ][gc             ] GC(168) Pause Young (Allocation Failure) 88M->64M(123M) 18.677ms
[65.265s][info ][gc,cpu         ] GC(168) User=0.02s Sys=0.01s Real=0.02s
[65.597s][info ][gc,start       ] GC(169) Pause Young (Allocation Failure)
[65.597s][debug][gc,heap        ] GC(169) Heap before GC invocations=165 (full 4):
[65.597s][debug][gc,heap        ] GC(169)  def new generation   total 39424K, used 39423K [0x0000000780000000, 0x0000000782ac0000, 0x00000007aaaa0000)
[65.597s][debug][gc,heap        ] GC(169)   eden space 35072K, 100% used [0x0000000780000000, 0x0000000782240000, 0x0000000782240000)
[65.597s][debug][gc,heap        ] GC(169)   from space 4352K,  99% used [0x0000000782240000, 0x000000078267fff8, 0x0000000782680000)
[65.597s][debug][gc,heap        ] GC(169)   to   space 4352K,   0% used [0x0000000782680000, 0x0000000782680000, 0x0000000782ac0000)
[65.597s][debug][gc,heap        ] GC(169)  tenured generation   total 87424K, used 61217K [0x00000007aaaa0000, 0x00000007b0000000, 0x0000000800000000)
[65.597s][debug][gc,heap        ] GC(169)    the space 87424K,  70% used [0x00000007aaaa0000, 0x00000007ae668468, 0x00000007ae668600, 0x00000007b0000000)
[65.597s][debug][gc,heap        ] GC(169)  Metaspace       used 9080K, committed 9408K, reserved 1114112K
[65.597s][debug][gc,heap        ] GC(169)   class space    used 934K, committed 1088K, reserved 1048576K
[65.597s][debug][gc,tlab        ] GC(169) TLAB totals: thrds: 1  refills: 45 max: 45 slow allocs: 4 max 4 waste:  0.1% gc: 0B max: 0B slow: 26392B max: 26392B
[65.612s][debug][gc,ref         ] GC(169) Skipped SoftWeakFinalRefsPhase of Reference Processing: no references
[65.612s][debug][gc,ref         ] GC(169) Skipped KeepAliveFinalRefsPhase of Reference Processing: no references
[65.612s][debug][gc,ref         ] GC(169) Skipped PhantomRefsPhase of Reference Processing: no references
[65.612s][debug][gc,phases,ref  ] GC(169) Reference Processing: 0.1ms
[65.612s][debug][gc,phases,ref  ] GC(169)   Notify Soft/WeakReferences: 0.1ms
[65.612s][debug][gc,phases,ref  ] GC(169)     SoftRef: skipped
[65.612s][debug][gc,phases,ref  ] GC(169)     WeakRef: skipped
[65.612s][debug][gc,phases,ref  ] GC(169)     FinalRef: skipped
[65.612s][debug][gc,phases,ref  ] GC(169)     Total: skipped
[65.612s][debug][gc,phases,ref  ] GC(169)   Notify and keep alive finalizable: 0.0ms
[65.612s][debug][gc,phases,ref  ] GC(169)     FinalRef: skipped
[65.612s][debug][gc,phases,ref  ] GC(169)   Notify PhantomReferences: 0.0ms
[65.612s][debug][gc,phases,ref  ] GC(169)     PhantomRef: skipped
[65.612s][debug][gc,phases,ref  ] GC(169)   SoftReference Discovered: 0, Dropped: 0, Processed: 0
[65.612s][debug][gc,phases,ref  ] GC(169)   WeakReference Discovered: 0, Dropped: 0, Processed: 0
[65.612s][debug][gc,phases,ref  ] GC(169)   FinalReference Discovered: 0, Dropped: 0, Processed: 0
[65.612s][debug][gc,phases,ref  ] GC(169)   PhantomReference Discovered: 0, Dropped: 0, Processed: 0
[65.612s][debug][gc,age         ] GC(169) Desired survivor size 2228224 bytes, new threshold 1 (max threshold 15)
[65.612s][info ][gc,heap        ] GC(169) DefNew: 39423K(39424K)->4351K(39424K) Eden: 35072K(35072K)->0K(35072K) From: 4351K(4352K)->4351K(4352K)
[65.612s][info ][gc,heap        ] GC(169) Tenured: 61217K(87424K)->65813K(87424K)
[65.612s][info ][gc,metaspace   ] GC(169) Metaspace: 9080K(9408K)->9080K(9408K) NonClass: 8145K(8320K)->8145K(8320K) Class: 934K(1088K)->934K(1088K)
[65.612s][debug][gc,heap        ] GC(169) Heap after GC invocations=166 (full 4):
[65.613s][debug][gc,heap        ] GC(169)  def new generation   total 39424K, used 4351K [0x0000000780000000, 0x0000000782ac0000, 0x00000007aaaa0000)
[65.613s][debug][gc,heap        ] GC(169)   eden space 35072K,   0% used [0x0000000780000000, 0x0000000780000000, 0x0000000782240000)
[65.613s][debug][gc,heap        ] GC(169)   from space 4352K,  99% used [0x0000000782680000, 0x0000000782abfff8, 0x0000000782ac0000)
[65.613s][debug][gc,heap        ] GC(169)   to   space 4352K,   0% used [0x0000000782240000, 0x0000000782240000, 0x0000000782680000)
[65.613s][debug][gc,heap        ] GC(169)  tenured generation   total 87424K, used 65813K [0x00000007aaaa0000, 0x00000007b0000000, 0x0000000800000000)
[65.613s][debug][gc,heap        ] GC(169)    the space 87424K,  75% used [0x00000007aaaa0000, 0x00000007aeae57e8, 0x00000007aeae5800, 0x00000007b0000000)
[65.613s][debug][gc,heap        ] GC(169)  Metaspace       used 9080K, committed 9408K, reserved 1114112K
[65.613s][debug][gc,heap        ] GC(169)   class space    used 934K, committed 1088K, reserved 1048576K
[65.613s][info ][gc             ] GC(169) Pause Young (Allocation Failure) 98M->68M(123M) 15.422ms
[65.613s][info ][gc,cpu         ] GC(169) User=0.01s Sys=0.00s Real=0.02s
[65.960s][info ][gc,start       ] GC(170) Pause Young (Allocation Failure)
[65.961s][debug][gc,heap        ] GC(170) Heap before GC invocations=166 (full 4):
[65.961s][debug][gc,heap        ] GC(170)  def new generation   total 39424K, used 39423K [0x0000000780000000, 0x0000000782ac0000, 0x00000007aaaa0000)
[65.961s][debug][gc,heap        ] GC(170)   eden space 35072K, 100% used [0x0000000780000000, 0x0000000782240000, 0x0000000782240000)
[65.961s][debug][gc,heap        ] GC(170)   from space 4352K,  99% used [0x0000000782680000, 0x0000000782abfff8, 0x0000000782ac0000)
[65.961s][debug][gc,heap        ] GC(170)   to   space 4352K,   0% used [0x0000000782240000, 0x0000000782240000, 0x0000000782680000)
[65.961s][debug][gc,heap        ] GC(170)  tenured generation   total 87424K, used 65813K [0x00000007aaaa0000, 0x00000007b0000000, 0x0000000800000000)
[65.961s][debug][gc,heap        ] GC(170)    the space 87424K,  75% used [0x00000007aaaa0000, 0x00000007aeae57e8, 0x00000007aeae5800, 0x00000007b0000000)
[65.961s][debug][gc,heap        ] GC(170)  Metaspace       used 9082K, committed 9408K, reserved 1114112K
[65.961s][debug][gc,heap        ] GC(170)   class space    used 934K, committed 1088K, reserved 1048576K
[65.961s][debug][gc,tlab        ] GC(170) TLAB totals: thrds: 4  refills: 87 max: 44 slow allocs: 27 max 14 waste:  0.2% gc: 6560B max: 2272B slow: 53608B max: 29904B
[65.973s][debug][gc,ref         ] GC(170) Skipped SoftWeakFinalRefsPhase of Reference Processing: no references
[65.973s][debug][gc,ref         ] GC(170) Skipped KeepAliveFinalRefsPhase of Reference Processing: no references
[65.973s][debug][gc,ref         ] GC(170) Skipped PhantomRefsPhase of Reference Processing: no references
[65.973s][debug][gc,phases,ref  ] GC(170) Reference Processing: 0.1ms
[65.973s][debug][gc,phases,ref  ] GC(170)   Notify Soft/WeakReferences: 0.1ms
[65.973s][debug][gc,phases,ref  ] GC(170)     SoftRef: skipped
[65.973s][debug][gc,phases,ref  ] GC(170)     WeakRef: skipped
[65.973s][debug][gc,phases,ref  ] GC(170)     FinalRef: skipped
[65.973s][debug][gc,phases,ref  ] GC(170)     Total: skipped
[65.973s][debug][gc,phases,ref  ] GC(170)   Notify and keep alive finalizable: 0.0ms
[65.973s][debug][gc,phases,ref  ] GC(170)     FinalRef: skipped
[65.973s][debug][gc,phases,ref  ] GC(170)   Notify PhantomReferences: 0.0ms
[65.973s][debug][gc,phases,ref  ] GC(170)     PhantomRef: skipped
[65.973s][debug][gc,phases,ref  ] GC(170)   SoftReference Discovered: 0, Dropped: 0, Processed: 0
[65.973s][debug][gc,phases,ref  ] GC(170)   WeakReference Discovered: 0, Dropped: 0, Processed: 0
[65.973s][debug][gc,phases,ref  ] GC(170)   FinalReference Discovered: 0, Dropped: 0, Processed: 0
[65.973s][debug][gc,phases,ref  ] GC(170)   PhantomReference Discovered: 0, Dropped: 0, Processed: 0
[65.973s][debug][gc,age         ] GC(170) Desired survivor size 2228224 bytes, new threshold 1 (max threshold 15)
[65.973s][info ][gc,heap        ] GC(170) DefNew: 39423K(39424K)->4351K(39424K) Eden: 35072K(35072K)->0K(35072K) From: 4351K(4352K)->4351K(4352K)
[65.973s][info ][gc,heap        ] GC(170) Tenured: 65813K(87424K)->68745K(87424K)
[65.973s][info ][gc,metaspace   ] GC(170) Metaspace: 9082K(9408K)->9082K(9408K) NonClass: 8148K(8320K)->8148K(8320K) Class: 934K(1088K)->934K(1088K)
[65.973s][debug][gc,heap        ] GC(170) Heap after GC invocations=167 (full 4):
[65.973s][debug][gc,heap        ] GC(170)  def new generation   total 39424K, used 4351K [0x0000000780000000, 0x0000000782ac0000, 0x00000007aaaa0000)
[65.973s][debug][gc,heap        ] GC(170)   eden space 35072K,   0% used [0x0000000780000000, 0x0000000780000000, 0x0000000782240000)
[65.973s][debug][gc,heap        ] GC(170)   from space 4352K,  99% used [0x0000000782240000, 0x000000078267fff8, 0x0000000782680000)
[65.973s][debug][gc,heap        ] GC(170)   to   space 4352K,   0% used [0x0000000782680000, 0x0000000782680000, 0x0000000782ac0000)
[65.973s][debug][gc,heap        ] GC(170)  tenured generation   total 87424K, used 68745K [0x00000007aaaa0000, 0x00000007b0000000, 0x0000000800000000)
[65.973s][debug][gc,heap        ] GC(170)    the space 87424K,  78% used [0x00000007aaaa0000, 0x00000007aedc2520, 0x00000007aedc2600, 0x00000007b0000000)
[65.973s][debug][gc,heap        ] GC(170)  Metaspace       used 9082K, committed 9408K, reserved 1114112K
[65.973s][debug][gc,heap        ] GC(170)   class space    used 934K, committed 1088K, reserved 1048576K
[65.973s][info ][gc             ] GC(170) Pause Young (Allocation Failure) 102M->71M(123M) 13.006ms
[65.973s][info ][gc,cpu         ] GC(170) User=0.01s Sys=0.00s Real=0.01s
[66.311s][info ][gc,start       ] GC(171) Pause Young (Allocation Failure)
[66.311s][debug][gc,heap        ] GC(171) Heap before GC invocations=167 (full 4):
[66.311s][debug][gc,heap        ] GC(171)  def new generation   total 39424K, used 39423K [0x0000000780000000, 0x0000000782ac0000, 0x00000007aaaa0000)
[66.311s][debug][gc,heap        ] GC(171)   eden space 35072K, 100% used [0x0000000780000000, 0x0000000782240000, 0x0000000782240000)
[66.311s][debug][gc,heap        ] GC(171)   from space 4352K,  99% used [0x0000000782240000, 0x000000078267fff8, 0x0000000782680000)
[66.311s][debug][gc,heap        ] GC(171)   to   space 4352K,   0% used [0x0000000782680000, 0x0000000782680000, 0x0000000782ac0000)
[66.311s][debug][gc,heap        ] GC(171)  tenured generation   total 87424K, used 68745K [0x00000007aaaa0000, 0x00000007b0000000, 0x0000000800000000)
[66.311s][debug][gc,heap        ] GC(171)    the space 87424K,  78% used [0x00000007aaaa0000, 0x00000007aedc2520, 0x00000007aedc2600, 0x00000007b0000000)
[66.311s][debug][gc,heap        ] GC(171)  Metaspace       used 9082K, committed 9408K, reserved 1114112K
[66.311s][debug][gc,heap        ] GC(171)   class space    used 934K, committed 1088K, reserved 1048576K
[66.311s][debug][gc,tlab        ] GC(171) TLAB totals: thrds: 1  refills: 44 max: 44 slow allocs: 8 max 8 waste:  0.1% gc: 0B max: 0B slow: 25872B max: 25872B
[66.319s][debug][gc,ref         ] GC(171) Skipped SoftWeakFinalRefsPhase of Reference Processing: no references
[66.319s][debug][gc,ref         ] GC(171) Skipped KeepAliveFinalRefsPhase of Reference Processing: no references
[66.319s][debug][gc,ref         ] GC(171) Skipped PhantomRefsPhase of Reference Processing: no references
[66.319s][debug][gc,phases,ref  ] GC(171) Reference Processing: 0.1ms
[66.319s][debug][gc,phases,ref  ] GC(171)   Notify Soft/WeakReferences: 0.1ms
[66.319s][debug][gc,phases,ref  ] GC(171)     SoftRef: skipped
[66.319s][debug][gc,phases,ref  ] GC(171)     WeakRef: skipped
[66.320s][debug][gc,phases,ref  ] GC(171)     FinalRef: skipped
[66.320s][debug][gc,phases,ref  ] GC(171)     Total: skipped
[66.320s][debug][gc,phases,ref  ] GC(171)   Notify and keep alive finalizable: 0.0ms
[66.320s][debug][gc,phases,ref  ] GC(171)     FinalRef: skipped
[66.320s][debug][gc,phases,ref  ] GC(171)   Notify PhantomReferences: 0.0ms
[66.320s][debug][gc,phases,ref  ] GC(171)     PhantomRef: skipped
[66.320s][debug][gc,phases,ref  ] GC(171)   SoftReference Discovered: 0, Dropped: 0, Processed: 0
[66.320s][debug][gc,phases,ref  ] GC(171)   WeakReference Discovered: 0, Dropped: 0, Processed: 0
[66.320s][debug][gc,phases,ref  ] GC(171)   FinalReference Discovered: 0, Dropped: 0, Processed: 0
[66.320s][debug][gc,phases,ref  ] GC(171)   PhantomReference Discovered: 0, Dropped: 0, Processed: 0
[66.320s][debug][gc,age         ] GC(171) Desired survivor size 2228224 bytes, new threshold 1 (max threshold 15)
[66.320s][info ][gc,heap        ] GC(171) DefNew: 39423K(39424K)->4351K(39424K) Eden: 35072K(35072K)->0K(35072K) From: 4351K(4352K)->4351K(4352K)
[66.320s][info ][gc,heap        ] GC(171) Tenured: 68745K(87424K)->70139K(87424K)
[66.320s][info ][gc,metaspace   ] GC(171) Metaspace: 9082K(9408K)->9082K(9408K) NonClass: 8148K(8320K)->8148K(8320K) Class: 934K(1088K)->934K(1088K)
[66.320s][debug][gc,heap        ] GC(171) Heap after GC invocations=168 (full 4):
[66.320s][debug][gc,heap        ] GC(171)  def new generation   total 39424K, used 4351K [0x0000000780000000, 0x0000000782ac0000, 0x00000007aaaa0000)
[66.320s][debug][gc,heap        ] GC(171)   eden space 35072K,   0% used [0x0000000780000000, 0x0000000780000000, 0x0000000782240000)
[66.320s][debug][gc,heap        ] GC(171)   from space 4352K,  99% used [0x0000000782680000, 0x0000000782abfff0, 0x0000000782ac0000)
[66.320s][debug][gc,heap        ] GC(171)   to   space 4352K,   0% used [0x0000000782240000, 0x0000000782240000, 0x0000000782680000)
[66.320s][debug][gc,heap        ] GC(171)  tenured generation   total 87424K, used 70139K [0x00000007aaaa0000, 0x00000007b0000000, 0x0000000800000000)
[66.320s][debug][gc,heap        ] GC(171)    the space 87424K,  80% used [0x00000007aaaa0000, 0x00000007aef1ee60, 0x00000007aef1f000, 0x00000007b0000000)
[66.320s][debug][gc,heap        ] GC(171)  Metaspace       used 9082K, committed 9408K, reserved 1114112K
[66.320s][debug][gc,heap        ] GC(171)   class space    used 934K, committed 1088K, reserved 1048576K
[66.320s][info ][gc             ] GC(171) Pause Young (Allocation Failure) 105M->72M(123M) 9.099ms
[66.320s][info ][gc,cpu         ] GC(171) User=0.01s Sys=0.00s Real=0.01s
[66.658s][info ][gc,start       ] GC(172) Pause Young (Allocation Failure)
[66.659s][debug][gc,heap        ] GC(172) Heap before GC invocations=168 (full 4):
[66.659s][debug][gc,heap        ] GC(172)  def new generation   total 39424K, used 39423K [0x0000000780000000, 0x0000000782ac0000, 0x00000007aaaa0000)
[66.659s][debug][gc,heap        ] GC(172)   eden space 35072K, 100% used [0x0000000780000000, 0x0000000782240000, 0x0000000782240000)
[66.659s][debug][gc,heap        ] GC(172)   from space 4352K,  99% used [0x0000000782680000, 0x0000000782abfff0, 0x0000000782ac0000)
[66.659s][debug][gc,heap        ] GC(172)   to   space 4352K,   0% used [0x0000000782240000, 0x0000000782240000, 0x0000000782680000)
[66.659s][debug][gc,heap        ] GC(172)  tenured generation   total 87424K, used 70139K [0x00000007aaaa0000, 0x00000007b0000000, 0x0000000800000000)
[66.659s][debug][gc,heap        ] GC(172)    the space 87424K,  80% used [0x00000007aaaa0000, 0x00000007aef1ee60, 0x00000007aef1f000, 0x00000007b0000000)
[66.659s][debug][gc,heap        ] GC(172)  Metaspace       used 9082K, committed 9408K, reserved 1114112K
[66.659s][debug][gc,heap        ] GC(172)   class space    used 934K, committed 1088K, reserved 1048576K
[66.659s][debug][gc,tlab        ] GC(172) TLAB totals: thrds: 1  refills: 45 max: 45 slow allocs: 6 max 6 waste:  0.1% gc: 0B max: 0B slow: 35736B max: 35736B
[66.667s][debug][gc,ref         ] GC(172) Skipped SoftWeakFinalRefsPhase of Reference Processing: no references
[66.667s][debug][gc,ref         ] GC(172) Skipped KeepAliveFinalRefsPhase of Reference Processing: no references
[66.667s][debug][gc,ref         ] GC(172) Skipped PhantomRefsPhase of Reference Processing: no references
[66.667s][debug][gc,phases,ref  ] GC(172) Reference Processing: 0.1ms
[66.667s][debug][gc,phases,ref  ] GC(172)   Notify Soft/WeakReferences: 0.1ms
[66.667s][debug][gc,phases,ref  ] GC(172)     SoftRef: skipped
[66.667s][debug][gc,phases,ref  ] GC(172)     WeakRef: skipped
[66.667s][debug][gc,phases,ref  ] GC(172)     FinalRef: skipped
[66.667s][debug][gc,phases,ref  ] GC(172)     Total: skipped
[66.667s][debug][gc,phases,ref  ] GC(172)   Notify and keep alive finalizable: 0.0ms
[66.667s][debug][gc,phases,ref  ] GC(172)     FinalRef: skipped
[66.667s][debug][gc,phases,ref  ] GC(172)   Notify PhantomReferences: 0.0ms
[66.667s][debug][gc,phases,ref  ] GC(172)     PhantomRef: skipped
[66.667s][debug][gc,phases,ref  ] GC(172)   SoftReference Discovered: 0, Dropped: 0, Processed: 0
[66.667s][debug][gc,phases,ref  ] GC(172)   WeakReference Discovered: 0, Dropped: 0, Processed: 0
[66.667s][debug][gc,phases,ref  ] GC(172)   FinalReference Discovered: 0, Dropped: 0, Processed: 0
[66.667s][debug][gc,phases,ref  ] GC(172)   PhantomReference Discovered: 0, Dropped: 0, Processed: 0
[66.667s][debug][gc,age         ] GC(172) Desired survivor size 2228224 bytes, new threshold 1 (max threshold 15)
[66.667s][info ][gc,heap        ] GC(172) DefNew: 39423K(39424K)->4351K(39424K) Eden: 35072K(35072K)->0K(35072K) From: 4351K(4352K)->4351K(4352K)
[66.667s][info ][gc,heap        ] GC(172) Tenured: 70139K(87424K)->70243K(87424K)
[66.667s][info ][gc,metaspace   ] GC(172) Metaspace: 9082K(9408K)->9082K(9408K) NonClass: 8148K(8320K)->8148K(8320K) Class: 934K(1088K)->934K(1088K)
[66.667s][debug][gc,heap        ] GC(172) Heap after GC invocations=169 (full 4):
[66.667s][debug][gc,heap        ] GC(172)  def new generation   total 39424K, used 4351K [0x0000000780000000, 0x0000000782ac0000, 0x00000007aaaa0000)
[66.667s][debug][gc,heap        ] GC(172)   eden space 35072K,   0% used [0x0000000780000000, 0x0000000780000000, 0x0000000782240000)
[66.667s][debug][gc,heap        ] GC(172)   from space 4352K,  99% used [0x0000000782240000, 0x000000078267fff8, 0x0000000782680000)
[66.667s][debug][gc,heap        ] GC(172)   to   space 4352K,   0% used [0x0000000782680000, 0x0000000782680000, 0x0000000782ac0000)
[66.667s][debug][gc,heap        ] GC(172)  tenured generation   total 87424K, used 70243K [0x00000007aaaa0000, 0x00000007b0000000, 0x0000000800000000)
[66.667s][debug][gc,heap        ] GC(172)    the space 87424K,  80% used [0x00000007aaaa0000, 0x00000007aef38d20, 0x00000007aef38e00, 0x00000007b0000000)
[66.667s][debug][gc,heap        ] GC(172)  Metaspace       used 9082K, committed 9408K, reserved 1114112K
[66.667s][debug][gc,heap        ] GC(172)   class space    used 934K, committed 1088K, reserved 1048576K
[66.668s][info ][gc             ] GC(172) Pause Young (Allocation Failure) 106M->72M(123M) 9.066ms
[66.668s][info ][gc,cpu         ] GC(172) User=0.01s Sys=0.00s Real=0.00s
[67.007s][info ][gc,start       ] GC(173) Pause Young (Allocation Failure)
[67.008s][debug][gc,heap        ] GC(173) Heap before GC invocations=169 (full 4):
[67.008s][debug][gc,heap        ] GC(173)  def new generation   total 39424K, used 39423K [0x0000000780000000, 0x0000000782ac0000, 0x00000007aaaa0000)
[67.008s][debug][gc,heap        ] GC(173)   eden space 35072K, 100% used [0x0000000780000000, 0x0000000782240000, 0x0000000782240000)
[67.008s][debug][gc,heap        ] GC(173)   from space 4352K,  99% used [0x0000000782240000, 0x000000078267fff8, 0x0000000782680000)
[67.008s][debug][gc,heap        ] GC(173)   to   space 4352K,   0% used [0x0000000782680000, 0x0000000782680000, 0x0000000782ac0000)
[67.008s][debug][gc,heap        ] GC(173)  tenured generation   total 87424K, used 70243K [0x00000007aaaa0000, 0x00000007b0000000, 0x0000000800000000)
[67.008s][debug][gc,heap        ] GC(173)    the space 87424K,  80% used [0x00000007aaaa0000, 0x00000007aef38d20, 0x00000007aef38e00, 0x00000007b0000000)
[67.008s][debug][gc,heap        ] GC(173)  Metaspace       used 9086K, committed 9408K, reserved 1114112K
[67.008s][debug][gc,heap        ] GC(173)   class space    used 934K, committed 1088K, reserved 1048576K
[67.008s][debug][gc,tlab        ] GC(173) TLAB totals: thrds: 5  refills: 95 max: 46 slow allocs: 25 max 15 waste:  0.2% gc: 9336B max: 2576B slow: 78296B max: 51608B
[67.013s][debug][gc,ref         ] GC(173) Skipped SoftWeakFinalRefsPhase of Reference Processing: no references
[67.013s][debug][gc,ref         ] GC(173) Skipped KeepAliveFinalRefsPhase of Reference Processing: no references
[67.013s][debug][gc,ref         ] GC(173) Skipped PhantomRefsPhase of Reference Processing: no references
[67.013s][debug][gc,phases,ref  ] GC(173) Reference Processing: 0.1ms
[67.013s][debug][gc,phases,ref  ] GC(173)   Notify Soft/WeakReferences: 0.1ms
[67.013s][debug][gc,phases,ref  ] GC(173)     SoftRef: skipped
[67.013s][debug][gc,phases,ref  ] GC(173)     WeakRef: skipped
[67.013s][debug][gc,phases,ref  ] GC(173)     FinalRef: skipped
[67.013s][debug][gc,phases,ref  ] GC(173)     Total: skipped
[67.013s][debug][gc,phases,ref  ] GC(173)   Notify and keep alive finalizable: 0.0ms
[67.013s][debug][gc,phases,ref  ] GC(173)     FinalRef: skipped
[67.013s][debug][gc,phases,ref  ] GC(173)   Notify PhantomReferences: 0.0ms
[67.013s][debug][gc,phases,ref  ] GC(173)     PhantomRef: skipped
[67.013s][debug][gc,phases,ref  ] GC(173)   SoftReference Discovered: 0, Dropped: 0, Processed: 0
[67.013s][debug][gc,phases,ref  ] GC(173)   WeakReference Discovered: 0, Dropped: 0, Processed: 0
[67.013s][debug][gc,phases,ref  ] GC(173)   FinalReference Discovered: 0, Dropped: 0, Processed: 0
[67.013s][debug][gc,phases,ref  ] GC(173)   PhantomReference Discovered: 0, Dropped: 0, Processed: 0
[67.013s][debug][gc,age         ] GC(173) Desired survivor size 2228224 bytes, new threshold 1 (max threshold 15)
[67.013s][info ][gc,heap        ] GC(173) DefNew: 39423K(39424K)->2750K(39424K) Eden: 35072K(35072K)->0K(35072K) From: 4351K(4352K)->2750K(4352K)
[67.013s][info ][gc,heap        ] GC(173) Tenured: 70243K(87424K)->70243K(87424K)
[67.014s][info ][gc,metaspace   ] GC(173) Metaspace: 9086K(9408K)->9086K(9408K) NonClass: 8151K(8320K)->8151K(8320K) Class: 934K(1088K)->934K(1088K)
[67.014s][debug][gc,heap        ] GC(173) Heap after GC invocations=170 (full 4):
[67.014s][debug][gc,heap        ] GC(173)  def new generation   total 39424K, used 2750K [0x0000000780000000, 0x0000000782ac0000, 0x00000007aaaa0000)
[67.014s][debug][gc,heap        ] GC(173)   eden space 35072K,   0% used [0x0000000780000000, 0x0000000780000000, 0x0000000782240000)
[67.014s][debug][gc,heap        ] GC(173)   from space 4352K,  63% used [0x0000000782680000, 0x000000078292f960, 0x0000000782ac0000)
[67.014s][debug][gc,heap        ] GC(173)   to   space 4352K,   0% used [0x0000000782240000, 0x0000000782240000, 0x0000000782680000)
[67.014s][debug][gc,heap        ] GC(173)  tenured generation   total 87424K, used 70243K [0x00000007aaaa0000, 0x00000007b0000000, 0x0000000800000000)
[67.014s][debug][gc,heap        ] GC(173)    the space 87424K,  80% used [0x00000007aaaa0000, 0x00000007aef38d20, 0x00000007aef38e00, 0x00000007b0000000)
[67.014s][debug][gc,heap        ] GC(173)  Metaspace       used 9086K, committed 9408K, reserved 1114112K
[67.014s][debug][gc,heap        ] GC(173)   class space    used 934K, committed 1088K, reserved 1048576K
[67.014s][info ][gc             ] GC(173) Pause Young (Allocation Failure) 107M->71M(123M) 6.320ms
[67.014s][info ][gc,cpu         ] GC(173) User=0.00s Sys=0.00s Real=0.01s
[67.348s][info ][gc,start       ] GC(174) Pause Young (Allocation Failure)
[67.348s][debug][gc,heap        ] GC(174) Heap before GC invocations=170 (full 4):
[67.348s][debug][gc,heap        ] GC(174)  def new generation   total 39424K, used 37822K [0x0000000780000000, 0x0000000782ac0000, 0x00000007aaaa0000)
[67.348s][debug][gc,heap        ] GC(174)   eden space 35072K, 100% used [0x0000000780000000, 0x0000000782240000, 0x0000000782240000)
[67.348s][debug][gc,heap        ] GC(174)   from space 4352K,  63% used [0x0000000782680000, 0x000000078292f960, 0x0000000782ac0000)
[67.348s][debug][gc,heap        ] GC(174)   to   space 4352K,   0% used [0x0000000782240000, 0x0000000782240000, 0x0000000782680000)
[67.348s][debug][gc,heap        ] GC(174)  tenured generation   total 87424K, used 70243K [0x00000007aaaa0000, 0x00000007b0000000, 0x0000000800000000)
[67.348s][debug][gc,heap        ] GC(174)    the space 87424K,  80% used [0x00000007aaaa0000, 0x00000007aef38d20, 0x00000007aef38e00, 0x00000007b0000000)
[67.348s][debug][gc,heap        ] GC(174)  Metaspace       used 9086K, committed 9408K, reserved 1114112K
[67.348s][debug][gc,heap        ] GC(174)   class space    used 934K, committed 1088K, reserved 1048576K
[67.348s][debug][gc,tlab        ] GC(174) TLAB totals: thrds: 1  refills: 43 max: 43 slow allocs: 12 max 12 waste:  0.4% gc: 103848B max: 103848B slow: 27080B max: 27080B
[67.351s][debug][gc,ref         ] GC(174) Skipped SoftWeakFinalRefsPhase of Reference Processing: no references
[67.351s][debug][gc,ref         ] GC(174) Skipped KeepAliveFinalRefsPhase of Reference Processing: no references
[67.351s][debug][gc,ref         ] GC(174) Skipped PhantomRefsPhase of Reference Processing: no references
[67.351s][debug][gc,phases,ref  ] GC(174) Reference Processing: 0.2ms
[67.351s][debug][gc,phases,ref  ] GC(174)   Notify Soft/WeakReferences: 0.1ms
[67.351s][debug][gc,phases,ref  ] GC(174)     SoftRef: skipped
[67.351s][debug][gc,phases,ref  ] GC(174)     WeakRef: skipped
[67.351s][debug][gc,phases,ref  ] GC(174)     FinalRef: skipped
[67.351s][debug][gc,phases,ref  ] GC(174)     Total: skipped
[67.351s][debug][gc,phases,ref  ] GC(174)   Notify and keep alive finalizable: 0.0ms
[67.351s][debug][gc,phases,ref  ] GC(174)     FinalRef: skipped
[67.351s][debug][gc,phases,ref  ] GC(174)   Notify PhantomReferences: 0.0ms
[67.351s][debug][gc,phases,ref  ] GC(174)     PhantomRef: skipped
[67.351s][debug][gc,phases,ref  ] GC(174)   SoftReference Discovered: 0, Dropped: 0, Processed: 0
[67.351s][debug][gc,phases,ref  ] GC(174)   WeakReference Discovered: 0, Dropped: 0, Processed: 0
[67.351s][debug][gc,phases,ref  ] GC(174)   FinalReference Discovered: 0, Dropped: 0, Processed: 0
[67.351s][debug][gc,phases,ref  ] GC(174)   PhantomReference Discovered: 0, Dropped: 0, Processed: 0
[67.352s][debug][gc,age         ] GC(174) Desired survivor size 2228224 bytes, new threshold 15 (max threshold 15)
[67.352s][info ][gc,heap        ] GC(174) DefNew: 37822K(39424K)->1302K(39424K) Eden: 35072K(35072K)->0K(35072K) From: 2750K(4352K)->1302K(4352K)
[67.352s][info ][gc,heap        ] GC(174) Tenured: 70243K(87424K)->70243K(87424K)
[67.352s][info ][gc,metaspace   ] GC(174) Metaspace: 9086K(9408K)->9086K(9408K) NonClass: 8151K(8320K)->8151K(8320K) Class: 934K(1088K)->934K(1088K)
[67.352s][debug][gc,heap        ] GC(174) Heap after GC invocations=171 (full 4):
[67.352s][debug][gc,heap        ] GC(174)  def new generation   total 39424K, used 1302K [0x0000000780000000, 0x0000000782ac0000, 0x00000007aaaa0000)
[67.352s][debug][gc,heap        ] GC(174)   eden space 35072K,   0% used [0x0000000780000000, 0x0000000780000000, 0x0000000782240000)
[67.352s][debug][gc,heap        ] GC(174)   from space 4352K,  29% used [0x0000000782240000, 0x0000000782385980, 0x0000000782680000)
[67.352s][debug][gc,heap        ] GC(174)   to   space 4352K,   0% used [0x0000000782680000, 0x0000000782680000, 0x0000000782ac0000)
[67.352s][debug][gc,heap        ] GC(174)  tenured generation   total 87424K, used 70243K [0x00000007aaaa0000, 0x00000007b0000000, 0x0000000800000000)
[67.352s][debug][gc,heap        ] GC(174)    the space 87424K,  80% used [0x00000007aaaa0000, 0x00000007aef38ec0, 0x00000007aef39000, 0x00000007b0000000)
[67.352s][debug][gc,heap        ] GC(174)  Metaspace       used 9086K, committed 9408K, reserved 1114112K
[67.352s][debug][gc,heap        ] GC(174)   class space    used 934K, committed 1088K, reserved 1048576K
[67.352s][info ][gc             ] GC(174) Pause Young (Allocation Failure) 105M->69M(123M) 3.942ms
[67.352s][info ][gc,cpu         ] GC(174) User=0.00s Sys=0.00s Real=0.01s
[67.577s][info ][gc,start       ] GC(175) Pause Young (Allocation Failure)
[67.577s][debug][gc,heap        ] GC(175) Heap before GC invocations=171 (full 4):
[67.577s][debug][gc,heap        ] GC(175)  def new generation   total 39424K, used 35662K [0x0000000780000000, 0x0000000782ac0000, 0x00000007aaaa0000)
[67.577s][debug][gc,heap        ] GC(175)   eden space 35072K,  97% used [0x0000000780000000, 0x000000078218df58, 0x0000000782240000)
[67.577s][debug][gc,heap        ] GC(175)   from space 4352K,  29% used [0x0000000782240000, 0x0000000782385980, 0x0000000782680000)
[67.577s][debug][gc,heap        ] GC(175)   to   space 4352K,   0% used [0x0000000782680000, 0x0000000782680000, 0x0000000782ac0000)
[67.577s][debug][gc,heap        ] GC(175)  tenured generation   total 87424K, used 70243K [0x00000007aaaa0000, 0x00000007b0000000, 0x0000000800000000)
[67.577s][debug][gc,heap        ] GC(175)    the space 87424K,  80% used [0x00000007aaaa0000, 0x00000007aef38ec0, 0x00000007aef39000, 0x00000007b0000000)
[67.577s][debug][gc,heap        ] GC(175)  Metaspace       used 9086K, committed 9408K, reserved 1114112K
[67.577s][debug][gc,heap        ] GC(175)   class space    used 934K, committed 1088K, reserved 1048576K
[67.578s][debug][gc,tlab        ] GC(175) TLAB totals: thrds: 1  refills: 43 max: 43 slow allocs: 9 max 9 waste:  1.1% gc: 322224B max: 322224B slow: 24536B max: 24536B
[67.594s][debug][gc,ref         ] GC(175) Skipped SoftWeakFinalRefsPhase of Reference Processing: no references
[67.594s][debug][gc,ref         ] GC(175) Skipped KeepAliveFinalRefsPhase of Reference Processing: no references
[67.594s][debug][gc,ref         ] GC(175) Skipped PhantomRefsPhase of Reference Processing: no references
[67.594s][debug][gc,phases,ref  ] GC(175) Reference Processing: 0.1ms
[67.594s][debug][gc,phases,ref  ] GC(175)   Notify Soft/WeakReferences: 0.1ms
[67.594s][debug][gc,phases,ref  ] GC(175)     SoftRef: skipped
[67.594s][debug][gc,phases,ref  ] GC(175)     WeakRef: skipped
[67.594s][debug][gc,phases,ref  ] GC(175)     FinalRef: skipped
[67.594s][debug][gc,phases,ref  ] GC(175)     Total: skipped
[67.594s][debug][gc,phases,ref  ] GC(175)   Notify and keep alive finalizable: 0.0ms
[67.594s][debug][gc,phases,ref  ] GC(175)     FinalRef: skipped
[67.594s][debug][gc,phases,ref  ] GC(175)   Notify PhantomReferences: 0.0ms
[67.594s][debug][gc,phases,ref  ] GC(175)     PhantomRef: skipped
[67.594s][debug][gc,phases,ref  ] GC(175)   SoftReference Discovered: 0, Dropped: 0, Processed: 0
[67.594s][debug][gc,phases,ref  ] GC(175)   WeakReference Discovered: 0, Dropped: 0, Processed: 0
[67.594s][debug][gc,phases,ref  ] GC(175)   FinalReference Discovered: 0, Dropped: 0, Processed: 0
[67.594s][debug][gc,phases,ref  ] GC(175)   PhantomReference Discovered: 0, Dropped: 0, Processed: 0
[67.595s][debug][gc,age         ] GC(175) Desired survivor size 2228224 bytes, new threshold 1 (max threshold 15)
[67.595s][info ][gc,heap        ] GC(175) DefNew: 35662K(39424K)->4351K(39424K) Eden: 34359K(35072K)->0K(35072K) From: 1302K(4352K)->4351K(4352K)
[67.595s][info ][gc,heap        ] GC(175) Tenured: 70243K(87424K)->76378K(87424K)
[67.595s][info ][gc,metaspace   ] GC(175) Metaspace: 9086K(9408K)->9086K(9408K) NonClass: 8151K(8320K)->8151K(8320K) Class: 934K(1088K)->934K(1088K)
[67.595s][debug][gc,heap        ] GC(175) Heap after GC invocations=172 (full 4):
[67.595s][debug][gc,heap        ] GC(175)  def new generation   total 39424K, used 4351K [0x0000000780000000, 0x0000000782ac0000, 0x00000007aaaa0000)
[67.595s][debug][gc,heap        ] GC(175)   eden space 35072K,   0% used [0x0000000780000000, 0x0000000780000000, 0x0000000782240000)
[67.595s][debug][gc,heap        ] GC(175)   from space 4352K,  99% used [0x0000000782680000, 0x0000000782abfff8, 0x0000000782ac0000)
[67.595s][debug][gc,heap        ] GC(175)   to   space 4352K,   0% used [0x0000000782240000, 0x0000000782240000, 0x0000000782680000)
[67.595s][debug][gc,heap        ] GC(175)  tenured generation   total 87424K, used 76378K [0x00000007aaaa0000, 0x00000007b0000000, 0x0000000800000000)
[67.595s][debug][gc,heap        ] GC(175)    the space 87424K,  87% used [0x00000007aaaa0000, 0x00000007af536848, 0x00000007af536a00, 0x00000007b0000000)
[67.595s][debug][gc,heap        ] GC(175)  Metaspace       used 9086K, committed 9408K, reserved 1114112K
[67.595s][debug][gc,heap        ] GC(175)   class space    used 934K, committed 1088K, reserved 1048576K
[67.595s][info ][gc             ] GC(175) Pause Young (Allocation Failure) 103M->78M(123M) 17.594ms
[67.595s][info ][gc,cpu         ] GC(175) User=0.01s Sys=0.00s Real=0.02s
[67.923s][info ][gc,start       ] GC(176) Pause Young (Allocation Failure)
[67.923s][debug][gc,heap        ] GC(176) Heap before GC invocations=172 (full 4):
[67.923s][debug][gc,heap        ] GC(176)  def new generation   total 39424K, used 39423K [0x0000000780000000, 0x0000000782ac0000, 0x00000007aaaa0000)
[67.923s][debug][gc,heap        ] GC(176)   eden space 35072K, 100% used [0x0000000780000000, 0x0000000782240000, 0x0000000782240000)
[67.923s][debug][gc,heap        ] GC(176)   from space 4352K,  99% used [0x0000000782680000, 0x0000000782abfff8, 0x0000000782ac0000)
[67.923s][debug][gc,heap        ] GC(176)   to   space 4352K,   0% used [0x0000000782240000, 0x0000000782240000, 0x0000000782680000)
[67.923s][debug][gc,heap        ] GC(176)  tenured generation   total 87424K, used 76378K [0x00000007aaaa0000, 0x00000007b0000000, 0x0000000800000000)
[67.923s][debug][gc,heap        ] GC(176)    the space 87424K,  87% used [0x00000007aaaa0000, 0x00000007af536848, 0x00000007af536a00, 0x00000007b0000000)
[67.923s][debug][gc,heap        ] GC(176)  Metaspace       used 9088K, committed 9408K, reserved 1114112K
[67.923s][debug][gc,heap        ] GC(176)   class space    used 934K, committed 1088K, reserved 1048576K
[67.923s][debug][gc,tlab        ] GC(176) TLAB totals: thrds: 4  refills: 89 max: 46 slow allocs: 25 max 15 waste:  0.2% gc: 5848B max: 2272B slow: 50656B max: 26952B
[67.937s][debug][gc,ref         ] GC(176) Skipped SoftWeakFinalRefsPhase of Reference Processing: no references
[67.937s][debug][gc,ref         ] GC(176) Skipped KeepAliveFinalRefsPhase of Reference Processing: no references
[67.937s][debug][gc,ref         ] GC(176) Skipped PhantomRefsPhase of Reference Processing: no references
[67.937s][debug][gc,phases,ref  ] GC(176) Reference Processing: 0.1ms
[67.937s][debug][gc,phases,ref  ] GC(176)   Notify Soft/WeakReferences: 0.0ms
[67.937s][debug][gc,phases,ref  ] GC(176)     SoftRef: skipped
[67.937s][debug][gc,phases,ref  ] GC(176)     WeakRef: skipped
[67.937s][debug][gc,phases,ref  ] GC(176)     FinalRef: skipped
[67.937s][debug][gc,phases,ref  ] GC(176)     Total: skipped
[67.937s][debug][gc,phases,ref  ] GC(176)   Notify and keep alive finalizable: 0.0ms
[67.937s][debug][gc,phases,ref  ] GC(176)     FinalRef: skipped
[67.937s][debug][gc,phases,ref  ] GC(176)   Notify PhantomReferences: 0.0ms
[67.937s][debug][gc,phases,ref  ] GC(176)     PhantomRef: skipped
[67.937s][debug][gc,phases,ref  ] GC(176)   SoftReference Discovered: 0, Dropped: 0, Processed: 0
[67.937s][debug][gc,phases,ref  ] GC(176)   WeakReference Discovered: 0, Dropped: 0, Processed: 0
[67.938s][debug][gc,phases,ref  ] GC(176)   FinalReference Discovered: 0, Dropped: 0, Processed: 0
[67.938s][debug][gc,phases,ref  ] GC(176)   PhantomReference Discovered: 0, Dropped: 0, Processed: 0
[67.938s][debug][gc,age         ] GC(176) Desired survivor size 2228224 bytes, new threshold 1 (max threshold 15)
[67.938s][info ][gc,heap        ] GC(176) DefNew: 39423K(39424K)->4351K(39424K) Eden: 35072K(35072K)->0K(35072K) From: 4351K(4352K)->4351K(4352K)
[67.938s][info ][gc,heap        ] GC(176) Tenured: 76378K(87424K)->80850K(87424K)
[67.938s][info ][gc,metaspace   ] GC(176) Metaspace: 9088K(9408K)->9088K(9408K) NonClass: 8153K(8320K)->8153K(8320K) Class: 934K(1088K)->934K(1088K)
[67.938s][debug][gc,heap        ] GC(176) Heap after GC invocations=173 (full 4):
[67.938s][debug][gc,heap        ] GC(176)  def new generation   total 39424K, used 4351K [0x0000000780000000, 0x0000000782ac0000, 0x00000007aaaa0000)
[67.938s][debug][gc,heap        ] GC(176)   eden space 35072K,   0% used [0x0000000780000000, 0x0000000780000000, 0x0000000782240000)
[67.938s][debug][gc,heap        ] GC(176)   from space 4352K,  99% used [0x0000000782240000, 0x000000078267fff8, 0x0000000782680000)
[67.938s][debug][gc,heap        ] GC(176)   to   space 4352K,   0% used [0x0000000782680000, 0x0000000782680000, 0x0000000782ac0000)
[67.938s][debug][gc,heap        ] GC(176)  tenured generation   total 87424K, used 80850K [0x00000007aaaa0000, 0x00000007b0000000, 0x0000000800000000)
[67.938s][debug][gc,heap        ] GC(176)    the space 87424K,  92% used [0x00000007aaaa0000, 0x00000007af994980, 0x00000007af994a00, 0x00000007b0000000)
[67.938s][debug][gc,heap        ] GC(176)  Metaspace       used 9088K, committed 9408K, reserved 1114112K
[67.938s][debug][gc,heap        ] GC(176)   class space    used 934K, committed 1088K, reserved 1048576K
[67.938s][info ][gc             ] GC(176) Pause Young (Allocation Failure) 113M->83M(123M) 14.787ms
[67.938s][info ][gc,cpu         ] GC(176) User=0.02s Sys=0.00s Real=0.01s
[68.279s][info ][gc,start       ] GC(177) Pause Young (Allocation Failure)
[68.279s][debug][gc,heap        ] GC(177) Heap before GC invocations=173 (full 4):
[68.279s][debug][gc,heap        ] GC(177)  def new generation   total 39424K, used 39423K [0x0000000780000000, 0x0000000782ac0000, 0x00000007aaaa0000)
[68.279s][debug][gc,heap        ] GC(177)   eden space 35072K, 100% used [0x0000000780000000, 0x0000000782240000, 0x0000000782240000)
[68.279s][debug][gc,heap        ] GC(177)   from space 4352K,  99% used [0x0000000782240000, 0x000000078267fff8, 0x0000000782680000)
[68.279s][debug][gc,heap        ] GC(177)   to   space 4352K,   0% used [0x0000000782680000, 0x0000000782680000, 0x0000000782ac0000)
[68.279s][debug][gc,heap        ] GC(177)  tenured generation   total 87424K, used 80850K [0x00000007aaaa0000, 0x00000007b0000000, 0x0000000800000000)
[68.279s][debug][gc,heap        ] GC(177)    the space 87424K,  92% used [0x00000007aaaa0000, 0x00000007af994980, 0x00000007af994a00, 0x00000007b0000000)
[68.279s][debug][gc,heap        ] GC(177)  Metaspace       used 9088K, committed 9408K, reserved 1114112K
[68.279s][debug][gc,heap        ] GC(177)   class space    used 934K, committed 1088K, reserved 1048576K
[68.280s][debug][gc,tlab        ] GC(177) TLAB totals: thrds: 1  refills: 45 max: 45 slow allocs: 6 max 6 waste:  0.1% gc: 0B max: 0B slow: 26440B max: 26440B
[68.292s][debug][gc,ref         ] GC(177) Skipped SoftWeakFinalRefsPhase of Reference Processing: no references
[68.292s][debug][gc,ref         ] GC(177) Skipped KeepAliveFinalRefsPhase of Reference Processing: no references
[68.292s][debug][gc,ref         ] GC(177) Skipped PhantomRefsPhase of Reference Processing: no references
[68.292s][debug][gc,phases,ref  ] GC(177) Reference Processing: 0.1ms
[68.292s][debug][gc,phases,ref  ] GC(177)   Notify Soft/WeakReferences: 0.1ms
[68.292s][debug][gc,phases,ref  ] GC(177)     SoftRef: skipped
[68.292s][debug][gc,phases,ref  ] GC(177)     WeakRef: skipped
[68.292s][debug][gc,phases,ref  ] GC(177)     FinalRef: skipped
[68.292s][debug][gc,phases,ref  ] GC(177)     Total: skipped
[68.292s][debug][gc,phases,ref  ] GC(177)   Notify and keep alive finalizable: 0.0ms
[68.292s][debug][gc,phases,ref  ] GC(177)     FinalRef: skipped
[68.292s][debug][gc,phases,ref  ] GC(177)   Notify PhantomReferences: 0.0ms
[68.292s][debug][gc,phases,ref  ] GC(177)     PhantomRef: skipped
[68.292s][debug][gc,phases,ref  ] GC(177)   SoftReference Discovered: 0, Dropped: 0, Processed: 0
[68.292s][debug][gc,phases,ref  ] GC(177)   WeakReference Discovered: 0, Dropped: 0, Processed: 0
[68.292s][debug][gc,phases,ref  ] GC(177)   FinalReference Discovered: 0, Dropped: 0, Processed: 0
[68.292s][debug][gc,phases,ref  ] GC(177)   PhantomReference Discovered: 0, Dropped: 0, Processed: 0
[68.292s][debug][gc,age         ] GC(177) Desired survivor size 2228224 bytes, new threshold 1 (max threshold 15)
[68.292s][info ][gc,heap        ] GC(177) DefNew: 39423K(39424K)->4352K(39424K) Eden: 35072K(35072K)->0K(35072K) From: 4351K(4352K)->4352K(4352K)
[68.292s][info ][gc,heap        ] GC(177) Tenured: 80850K(87424K)->83785K(87424K)
[68.292s][info ][gc,metaspace   ] GC(177) Metaspace: 9088K(9408K)->9088K(9408K) NonClass: 8153K(8320K)->8153K(8320K) Class: 934K(1088K)->934K(1088K)
[68.292s][debug][gc,heap        ] GC(177) Heap after GC invocations=174 (full 4):
[68.292s][debug][gc,heap        ] GC(177)  def new generation   total 39424K, used 4352K [0x0000000780000000, 0x0000000782ac0000, 0x00000007aaaa0000)
[68.292s][debug][gc,heap        ] GC(177)   eden space 35072K,   0% used [0x0000000780000000, 0x0000000780000000, 0x0000000782240000)
[68.292s][debug][gc,heap        ] GC(177)   from space 4352K, 100% used [0x0000000782680000, 0x0000000782ac0000, 0x0000000782ac0000)
[68.292s][debug][gc,heap        ] GC(177)   to   space 4352K,   0% used [0x0000000782240000, 0x0000000782240000, 0x0000000782680000)
[68.292s][debug][gc,heap        ] GC(177)  tenured generation   total 87424K, used 83785K [0x00000007aaaa0000, 0x00000007b0000000, 0x0000000800000000)
[68.292s][debug][gc,heap        ] GC(177)    the space 87424K,  95% used [0x00000007aaaa0000, 0x00000007afc72478, 0x00000007afc72600, 0x00000007b0000000)
[68.292s][debug][gc,heap        ] GC(177)  Metaspace       used 9088K, committed 9408K, reserved 1114112K
[68.292s][debug][gc,heap        ] GC(177)   class space    used 934K, committed 1088K, reserved 1048576K
[68.292s][info ][gc             ] GC(177) Pause Young (Allocation Failure) 117M->86M(123M) 13.108ms
[68.292s][info ][gc,cpu         ] GC(177) User=0.01s Sys=0.00s Real=0.01s
[68.627s][info ][gc,start       ] GC(178) Pause Young (Allocation Failure)
[68.627s][debug][gc,heap        ] GC(178) Heap before GC invocations=174 (full 4):
[68.627s][debug][gc,heap        ] GC(178)  def new generation   total 39424K, used 39424K [0x0000000780000000, 0x0000000782ac0000, 0x00000007aaaa0000)
[68.627s][debug][gc,heap        ] GC(178)   eden space 35072K, 100% used [0x0000000780000000, 0x0000000782240000, 0x0000000782240000)
[68.627s][debug][gc,heap        ] GC(178)   from space 4352K, 100% used [0x0000000782680000, 0x0000000782ac0000, 0x0000000782ac0000)
[68.627s][debug][gc,heap        ] GC(178)   to   space 4352K,   0% used [0x0000000782240000, 0x0000000782240000, 0x0000000782680000)
[68.627s][debug][gc,heap        ] GC(178)  tenured generation   total 87424K, used 83785K [0x00000007aaaa0000, 0x00000007b0000000, 0x0000000800000000)
[68.627s][debug][gc,heap        ] GC(178)    the space 87424K,  95% used [0x00000007aaaa0000, 0x00000007afc72478, 0x00000007afc72600, 0x00000007b0000000)
[68.627s][debug][gc,heap        ] GC(178)  Metaspace       used 9088K, committed 9408K, reserved 1114112K
[68.627s][debug][gc,heap        ] GC(178)   class space    used 934K, committed 1088K, reserved 1048576K
[68.627s][debug][gc,tlab        ] GC(178) TLAB totals: thrds: 1  refills: 45 max: 45 slow allocs: 6 max 6 waste:  0.1% gc: 0B max: 0B slow: 26096B max: 26096B
[68.636s][debug][gc,ref         ] GC(178) Skipped SoftWeakFinalRefsPhase of Reference Processing: no references
[68.636s][debug][gc,ref         ] GC(178) Skipped KeepAliveFinalRefsPhase of Reference Processing: no references
[68.636s][debug][gc,ref         ] GC(178) Skipped PhantomRefsPhase of Reference Processing: no references
[68.637s][debug][gc,phases,ref  ] GC(178) Reference Processing: 0.1ms
[68.637s][debug][gc,phases,ref  ] GC(178)   Notify Soft/WeakReferences: 0.1ms
[68.637s][debug][gc,phases,ref  ] GC(178)     SoftRef: skipped
[68.637s][debug][gc,phases,ref  ] GC(178)     WeakRef: skipped
[68.637s][debug][gc,phases,ref  ] GC(178)     FinalRef: skipped
[68.637s][debug][gc,phases,ref  ] GC(178)     Total: skipped
[68.637s][debug][gc,phases,ref  ] GC(178)   Notify and keep alive finalizable: 0.0ms
[68.637s][debug][gc,phases,ref  ] GC(178)     FinalRef: skipped
[68.637s][debug][gc,phases,ref  ] GC(178)   Notify PhantomReferences: 0.0ms
[68.637s][debug][gc,phases,ref  ] GC(178)     PhantomRef: skipped
[68.637s][debug][gc,phases,ref  ] GC(178)   SoftReference Discovered: 0, Dropped: 0, Processed: 0
[68.637s][debug][gc,phases,ref  ] GC(178)   WeakReference Discovered: 0, Dropped: 0, Processed: 0
[68.637s][debug][gc,phases,ref  ] GC(178)   FinalReference Discovered: 0, Dropped: 0, Processed: 0
[68.637s][debug][gc,phases,ref  ] GC(178)   PhantomReference Discovered: 0, Dropped: 0, Processed: 0
[68.637s][debug][gc,age         ] GC(178) Desired survivor size 2228224 bytes, new threshold 1 (max threshold 15)
[68.637s][info ][gc,heap        ] GC(178) DefNew: 39424K(39424K)->4351K(39424K) Eden: 35072K(35072K)->0K(35072K) From: 4352K(4352K)->4351K(4352K)
[68.637s][info ][gc,heap        ] GC(178) Tenured: 83785K(87424K)->85182K(87424K)
[68.637s][info ][gc,metaspace   ] GC(178) Metaspace: 9088K(9408K)->9088K(9408K) NonClass: 8153K(8320K)->8153K(8320K) Class: 934K(1088K)->934K(1088K)
[68.637s][debug][gc,heap        ] GC(178) Heap after GC invocations=175 (full 4):
[68.637s][debug][gc,heap        ] GC(178)  def new generation   total 39424K, used 4351K [0x0000000780000000, 0x0000000782ac0000, 0x00000007aaaa0000)
[68.637s][debug][gc,heap        ] GC(178)   eden space 35072K,   0% used [0x0000000780000000, 0x0000000780000000, 0x0000000782240000)
[68.637s][debug][gc,heap        ] GC(178)   from space 4352K,  99% used [0x0000000782240000, 0x000000078267ffe8, 0x0000000782680000)
[68.637s][debug][gc,heap        ] GC(178)   to   space 4352K,   0% used [0x0000000782680000, 0x0000000782680000, 0x0000000782ac0000)
[68.637s][debug][gc,heap        ] GC(178)  tenured generation   total 87424K, used 85182K [0x00000007aaaa0000, 0x00000007b0000000, 0x0000000800000000)
[68.637s][debug][gc,heap        ] GC(178)    the space 87424K,  97% used [0x00000007aaaa0000, 0x00000007afdcfa58, 0x00000007afdcfc00, 0x00000007b0000000)
[68.637s][debug][gc,heap        ] GC(178)  Metaspace       used 9088K, committed 9408K, reserved 1114112K
[68.637s][debug][gc,heap        ] GC(178)   class space    used 934K, committed 1088K, reserved 1048576K
[68.637s][info ][gc             ] GC(178) Pause Young (Allocation Failure) 120M->87M(123M) 10.419ms
[68.637s][info ][gc,cpu         ] GC(178) User=0.01s Sys=0.00s Real=0.01s
[68.867s][info ][gc,heap,exit   ] Heap
[68.867s][info ][gc,heap,exit   ]  def new generation   total 39424K, used 36336K [0x0000000780000000, 0x0000000782ac0000, 0x00000007aaaa0000)
[68.867s][info ][gc,heap,exit   ]   eden space 35072K,  91% used [0x0000000780000000, 0x0000000781f3c038, 0x0000000782240000)
[68.867s][info ][gc,heap,exit   ]   from space 4352K,  99% used [0x0000000782240000, 0x000000078267ffe8, 0x0000000782680000)
[68.867s][info ][gc,heap,exit   ]   to   space 4352K,   0% used [0x0000000782680000, 0x0000000782680000, 0x0000000782ac0000)
[68.867s][info ][gc,heap,exit   ]  tenured generation   total 87424K, used 85182K [0x00000007aaaa0000, 0x00000007b0000000, 0x0000000800000000)
[68.867s][info ][gc,heap,exit   ]    the space 87424K,  97% used [0x00000007aaaa0000, 0x00000007afdcfa58, 0x00000007afdcfc00, 0x00000007b0000000)
[68.867s][info ][gc,heap,exit   ]  Metaspace       used 9090K, committed 9408K, reserved 1114112K
[68.867s][info ][gc,heap,exit   ]   class space    used 934K, committed 1088K, reserved 1048576K
[68.868s][debug][gc,heap,exit   ] Accumulated young generation GC time 1.9108341 secs, 175 GC's, avg GC time 0.0109191
[68.868s][debug][gc,heap,exit   ] Accumulated old generation GC time 0.2763331 secs, 4 GC's, avg GC time 0.0690833
