[0.015s][debug][gc,heap] Minimum heap 8388608  Initial heap 134217728  Maximum heap 2147483648
[0.015s][info ][gc,init] Initializing The Z Garbage Collector
[0.015s][info ][gc,init] Version: 19+36-2238 (release)
[0.015s][info ][gc,init] NUMA Support: Disabled
[0.015s][info ][gc,init] CPUs: 4 total, 4 available
[0.015s][info ][gc,init] Memory: 8192M
[0.015s][info ][gc,init] Large Page Support: Disabled
[0.015s][info ][gc,init] GC Workers: 1 (dynamic)
[0.016s][info ][gc,init] Address Space Type: Contiguous/Unrestricted/Complete
[0.016s][info ][gc,init] Address Space Size: 32768M x 3 = 98304M
[0.020s][info ][gc,init] Min Capacity: 8M
[0.020s][info ][gc,init] Initial Capacity: 128M
[0.020s][info ][gc,init] Max Capacity: 2048M
[0.020s][info ][gc,init] Medium Page Size: 32M
[0.020s][info ][gc,init] Pre-touch: Disabled
[0.020s][info ][gc,init] Uncommit: Enabled
[0.020s][info ][gc,init] Uncommit Delay: 300s
[0.021s][debug][gc,marking] Expanding mark stack space: 0M->32M
[0.025s][info ][gc,init   ] Runtime Workers: 3
[0.026s][info ][gc        ] Using The Z Garbage Collector
[0.028s][info ][gc,metaspace] CDS archive(s) mapped at: [0x0000000800000000-0x0000000800c44000-0x0000000800c44000), size 12861440, SharedBaseAddress: 0x0000000800000000, ArchiveRelocationMode: 0.
[0.028s][info ][gc,metaspace] Compressed class space mapped at: 0x0000000801000000-0x0000000841000000, reserved size: 1073741824
[0.028s][info ][gc,metaspace] Narrow klass base: 0x0000000800000000, Narrow klass shift: 0, Narrow klass range: 0x100000000
[0.177s][debug][gc,heap     ] Uncommit Timeout: 301s
[0.187s][debug][gc,nmethod  ] Rebuilding NMethod Table: 0->1024 entries, 0(0%->0%) registered, 0(0%->0%) unregistered
[0.278s][debug][gc,alloc    ] Allocation Rate: 2.0MB/s, Predicted: nanMB/s, Avg: 2.0(+/-0.0)MB/s
[0.278s][debug][gc,director ] Rule: Warmup 10%, Used: 6MB, UsedThreshold: 204MB
[0.278s][debug][gc,director ] Rule: High Usage, Free: 2008MB(98.0%)
[0.378s][debug][gc,alloc    ] Allocation Rate: 2.0MB/s, Predicted: 2.0MB/s, Avg: 2.0(+/-0.0)MB/s
[0.378s][debug][gc,director ] Rule: Warmup 10%, Used: 6MB, UsedThreshold: 204MB
[0.378s][debug][gc,director ] Rule: High Usage, Free: 2008MB(98.0%)
[0.479s][debug][gc,alloc    ] Allocation Rate: 2.0MB/s, Predicted: 2.0MB/s, Avg: 2.0(+/-0.0)MB/s
[0.479s][debug][gc,director ] Rule: Warmup 10%, Used: 6MB, UsedThreshold: 204MB
[0.479s][debug][gc,director ] Rule: High Usage, Free: 2008MB(98.0%)
[0.582s][debug][gc,alloc    ] Allocation Rate: 2.0MB/s, Predicted: 2.0MB/s, Avg: 2.0(+/-0.0)MB/s
[0.582s][debug][gc,director ] Rule: Warmup 10%, Used: 6MB, UsedThreshold: 204MB
[0.582s][debug][gc,director ] Rule: High Usage, Free: 2008MB(98.0%)
[0.677s][debug][gc,alloc    ] Allocation Rate: 2.0MB/s, Predicted: 2.0MB/s, Avg: 2.0(+/-0.0)MB/s
[0.678s][debug][gc,director ] Rule: Warmup 10%, Used: 6MB, UsedThreshold: 204MB
[0.678s][debug][gc,director ] Rule: High Usage, Free: 2008MB(98.0%)
[0.780s][debug][gc,alloc    ] Allocation Rate: 2.0MB/s, Predicted: 2.0MB/s, Avg: 2.0(+/-0.0)MB/s
[0.780s][debug][gc,director ] Rule: Warmup 10%, Used: 6MB, UsedThreshold: 204MB
[0.780s][debug][gc,director ] Rule: High Usage, Free: 2008MB(98.0%)
[0.879s][debug][gc,alloc    ] Allocation Rate: 2.0MB/s, Predicted: 2.0MB/s, Avg: 2.0(+/-0.0)MB/s
[0.879s][debug][gc,director ] Rule: Warmup 10%, Used: 6MB, UsedThreshold: 204MB
[0.879s][debug][gc,director ] Rule: High Usage, Free: 2008MB(98.0%)
[0.978s][debug][gc,alloc    ] Allocation Rate: 2.0MB/s, Predicted: 2.0MB/s, Avg: 2.0(+/-0.0)MB/s
[0.978s][debug][gc,director ] Rule: Warmup 10%, Used: 6MB, UsedThreshold: 204MB
[0.978s][debug][gc,director ] Rule: High Usage, Free: 2008MB(98.0%)
[1.079s][debug][gc,alloc    ] Allocation Rate: 2.0MB/s, Predicted: 2.0MB/s, Avg: 2.0(+/-0.0)MB/s
[1.079s][debug][gc,director ] Rule: Warmup 10%, Used: 6MB, UsedThreshold: 204MB
[1.079s][debug][gc,director ] Rule: High Usage, Free: 2008MB(98.0%)
[1.180s][debug][gc,alloc    ] Allocation Rate: 2.0MB/s, Predicted: 2.0MB/s, Avg: 2.0(+/-0.0)MB/s
[1.180s][debug][gc,director ] Rule: Warmup 10%, Used: 6MB, UsedThreshold: 204MB
[1.180s][debug][gc,director ] Rule: High Usage, Free: 2008MB(98.0%)
[1.278s][debug][gc,alloc    ] Allocation Rate: 2.0MB/s, Predicted: 2.0MB/s, Avg: 2.0(+/-0.0)MB/s
[1.279s][debug][gc,director ] Rule: Warmup 10%, Used: 8MB, UsedThreshold: 204MB
[1.279s][debug][gc,director ] Rule: High Usage, Free: 2006MB(97.9%)
[1.379s][debug][gc,alloc    ] Allocation Rate: 2.0MB/s, Predicted: 2.0MB/s, Avg: 2.0(+/-0.0)MB/s
[1.380s][debug][gc,director ] Rule: Warmup 10%, Used: 8MB, UsedThreshold: 204MB
[1.380s][debug][gc,director ] Rule: High Usage, Free: 2006MB(97.9%)
[1.482s][debug][gc,alloc    ] Allocation Rate: 2.0MB/s, Predicted: 2.0MB/s, Avg: 2.0(+/-0.0)MB/s
[1.482s][debug][gc,director ] Rule: Warmup 10%, Used: 8MB, UsedThreshold: 204MB
[1.482s][debug][gc,director ] Rule: High Usage, Free: 2006MB(97.9%)
[1.581s][debug][gc,alloc    ] Allocation Rate: 2.0MB/s, Predicted: 2.0MB/s, Avg: 2.0(+/-0.0)MB/s
[1.581s][debug][gc,director ] Rule: Warmup 10%, Used: 8MB, UsedThreshold: 204MB
[1.581s][debug][gc,director ] Rule: High Usage, Free: 2006MB(97.9%)
[1.678s][debug][gc,alloc    ] Allocation Rate: 2.0MB/s, Predicted: 2.0MB/s, Avg: 2.0(+/-0.0)MB/s
[1.678s][debug][gc,director ] Rule: Warmup 10%, Used: 8MB, UsedThreshold: 204MB
[1.678s][debug][gc,director ] Rule: High Usage, Free: 2006MB(97.9%)
[1.783s][debug][gc,alloc    ] Allocation Rate: 2.0MB/s, Predicted: 2.0MB/s, Avg: 2.0(+/-0.0)MB/s
[1.783s][debug][gc,director ] Rule: Warmup 10%, Used: 8MB, UsedThreshold: 204MB
[1.783s][debug][gc,director ] Rule: High Usage, Free: 2006MB(97.9%)
[1.878s][debug][gc,alloc    ] Allocation Rate: 2.0MB/s, Predicted: 2.0MB/s, Avg: 2.0(+/-0.0)MB/s
[1.878s][debug][gc,director ] Rule: Warmup 10%, Used: 8MB, UsedThreshold: 204MB
[1.878s][debug][gc,director ] Rule: High Usage, Free: 2006MB(97.9%)
[1.978s][debug][gc,alloc    ] Allocation Rate: 2.0MB/s, Predicted: 2.0MB/s, Avg: 2.0(+/-0.0)MB/s
[1.978s][debug][gc,director ] Rule: Warmup 10%, Used: 8MB, UsedThreshold: 204MB
[1.978s][debug][gc,director ] Rule: High Usage, Free: 2006MB(97.9%)
[2.078s][debug][gc,alloc    ] Allocation Rate: 2.0MB/s, Predicted: 2.0MB/s, Avg: 2.0(+/-0.0)MB/s
[2.078s][debug][gc,director ] Rule: Warmup 10%, Used: 8MB, UsedThreshold: 204MB
[2.078s][debug][gc,director ] Rule: High Usage, Free: 2006MB(97.9%)
[2.177s][debug][gc,alloc    ] Allocation Rate: 2.0MB/s, Predicted: 2.0MB/s, Avg: 2.0(+/-0.0)MB/s
[2.177s][debug][gc,director ] Rule: Warmup 10%, Used: 8MB, UsedThreshold: 204MB
[2.178s][debug][gc,director ] Rule: High Usage, Free: 2006MB(97.9%)
[2.278s][debug][gc,alloc    ] Allocation Rate: 0.0MB/s, Predicted: 1.2MB/s, Avg: 1.8(+/-0.6)MB/s
[2.278s][debug][gc,director ] Rule: Warmup 10%, Used: 8MB, UsedThreshold: 204MB
[2.279s][debug][gc,director ] Rule: High Usage, Free: 2006MB(97.9%)
[2.383s][debug][gc,alloc    ] Allocation Rate: 0.0MB/s, Predicted: 0.5MB/s, Avg: 1.6(+/-0.8)MB/s
[2.383s][debug][gc,director ] Rule: Warmup 10%, Used: 8MB, UsedThreshold: 204MB
[2.383s][debug][gc,director ] Rule: High Usage, Free: 2006MB(97.9%)
[2.481s][debug][gc,alloc    ] Allocation Rate: 0.0MB/s, Predicted: 0.0MB/s, Avg: 1.4(+/-0.9)MB/s
[2.481s][debug][gc,director ] Rule: Warmup 10%, Used: 8MB, UsedThreshold: 204MB
[2.482s][debug][gc,director ] Rule: High Usage, Free: 2006MB(97.9%)
[2.580s][debug][gc,alloc    ] Allocation Rate: 0.0MB/s, Predicted: -0.4MB/s, Avg: 1.2(+/-1.0)MB/s
[2.581s][debug][gc,director ] Rule: Warmup 10%, Used: 8MB, UsedThreshold: 204MB
[2.581s][debug][gc,director ] Rule: High Usage, Free: 2006MB(97.9%)
[2.678s][debug][gc,alloc    ] Allocation Rate: 0.0MB/s, Predicted: -0.7MB/s, Avg: 1.0(+/-1.0)MB/s
[2.678s][debug][gc,director ] Rule: Warmup 10%, Used: 8MB, UsedThreshold: 204MB
[2.678s][debug][gc,director ] Rule: High Usage, Free: 2006MB(97.9%)
[2.783s][debug][gc,alloc    ] Allocation Rate: 0.0MB/s, Predicted: -0.8MB/s, Avg: 0.8(+/-1.0)MB/s
[2.783s][debug][gc,director ] Rule: Warmup 10%, Used: 8MB, UsedThreshold: 204MB
[2.783s][debug][gc,director ] Rule: High Usage, Free: 2006MB(97.9%)
[2.878s][debug][gc,alloc    ] Allocation Rate: 0.0MB/s, Predicted: -0.8MB/s, Avg: 0.6(+/-0.9)MB/s
[2.878s][debug][gc,director ] Rule: Warmup 10%, Used: 8MB, UsedThreshold: 204MB
[2.878s][debug][gc,director ] Rule: High Usage, Free: 2006MB(97.9%)
[2.982s][debug][gc,alloc    ] Allocation Rate: 2.0MB/s, Predicted: 0.1MB/s, Avg: 0.6(+/-0.9)MB/s
[2.982s][debug][gc,director ] Rule: Warmup 10%, Used: 10MB, UsedThreshold: 204MB
[2.982s][debug][gc,director ] Rule: High Usage, Free: 2004MB(97.9%)
[3.026s][debug][gc,nmethod  ] Rebuilding NMethod Table: 1024->2048 entries, 717(70%->35%) registered, 0(0%->0%) unregistered
[3.079s][debug][gc,alloc    ] Allocation Rate: 8.0MB/s, Predicted: 3.5MB/s, Avg: 1.2(+/-2.4)MB/s
[3.079s][debug][gc,director ] Rule: Warmup 10%, Used: 16MB, UsedThreshold: 204MB
[3.079s][debug][gc,director ] Rule: High Usage, Free: 1998MB(97.6%)
[3.178s][debug][gc,alloc    ] Allocation Rate: 16.0MB/s, Predicted: 9.6MB/s, Avg: 2.6(+/-5.1)MB/s
[3.179s][debug][gc,director ] Rule: Warmup 10%, Used: 24MB, UsedThreshold: 204MB
[3.179s][debug][gc,director ] Rule: High Usage, Free: 1990MB(97.2%)
[3.278s][debug][gc,alloc    ] Allocation Rate: 16.0MB/s, Predicted: 14.3MB/s, Avg: 4.2(+/-6.4)MB/s
[3.278s][debug][gc,director ] Rule: Warmup 10%, Used: 24MB, UsedThreshold: 204MB
[3.278s][debug][gc,director ] Rule: High Usage, Free: 1990MB(97.2%)
[3.378s][debug][gc,alloc    ] Allocation Rate: 16.0MB/s, Predicted: 17.9MB/s, Avg: 5.8(+/-7.1)MB/s
[3.378s][debug][gc,director ] Rule: Warmup 10%, Used: 24MB, UsedThreshold: 204MB
[3.378s][debug][gc,director ] Rule: High Usage, Free: 1990MB(97.2%)
[3.458s][debug][gc,nmethod  ] Rebuilding NMethod Table: 2048->4096 entries, 1434(70%->35%) registered, 0(0%->0%) unregistered
[3.477s][debug][gc,alloc    ] Allocation Rate: 18.0MB/s, Predicted: 21.2MB/s, Avg: 7.6(+/-7.6)MB/s
[3.477s][debug][gc,director ] Rule: Warmup 10%, Used: 26MB, UsedThreshold: 204MB
[3.477s][debug][gc,director ] Rule: High Usage, Free: 1988MB(97.1%)
[3.579s][debug][gc,alloc    ] Allocation Rate: 22.0MB/s, Predicted: 24.9MB/s, Avg: 9.8(+/-8.3)MB/s
[3.579s][debug][gc,director ] Rule: Warmup 10%, Used: 30MB, UsedThreshold: 204MB
[3.579s][debug][gc,director ] Rule: High Usage, Free: 1984MB(96.9%)
[3.679s][debug][gc,alloc    ] Allocation Rate: 26.0MB/s, Predicted: 28.8MB/s, Avg: 12.4(+/-8.8)MB/s
[3.679s][debug][gc,director ] Rule: Warmup 10%, Used: 34MB, UsedThreshold: 204MB
[3.679s][debug][gc,director ] Rule: High Usage, Free: 1980MB(96.7%)
[3.779s][debug][gc,alloc    ] Allocation Rate: 28.0MB/s, Predicted: 31.7MB/s, Avg: 15.2(+/-8.9)MB/s
[3.779s][debug][gc,director ] Rule: Warmup 10%, Used: 36MB, UsedThreshold: 204MB
[3.779s][debug][gc,director ] Rule: High Usage, Free: 1978MB(96.6%)
[3.877s][debug][gc,alloc    ] Allocation Rate: 28.0MB/s, Predicted: 32.8MB/s, Avg: 18.0(+/-8.0)MB/s
[3.877s][debug][gc,director ] Rule: Warmup 10%, Used: 36MB, UsedThreshold: 204MB
[3.877s][debug][gc,director ] Rule: High Usage, Free: 1978MB(96.6%)
[3.977s][debug][gc,alloc    ] Allocation Rate: 26.0MB/s, Predicted: 31.7MB/s, Avg: 20.4(+/-6.3)MB/s
[3.977s][debug][gc,director ] Rule: Warmup 10%, Used: 36MB, UsedThreshold: 204MB
[3.977s][debug][gc,director ] Rule: High Usage, Free: 1978MB(96.6%)
[4.082s][debug][gc,alloc    ] Allocation Rate: 20.0MB/s, Predicted: 28.3MB/s, Avg: 21.6(+/-4.8)MB/s
[4.082s][debug][gc,director ] Rule: Warmup 10%, Used: 36MB, UsedThreshold: 204MB
[4.082s][debug][gc,director ] Rule: High Usage, Free: 1978MB(96.6%)
[4.181s][debug][gc,alloc    ] Allocation Rate: 12.0MB/s, Predicted: 22.9MB/s, Avg: 21.2(+/-5.4)MB/s
[4.182s][debug][gc,director ] Rule: Warmup 10%, Used: 36MB, UsedThreshold: 204MB
[4.182s][debug][gc,director ] Rule: High Usage, Free: 1978MB(96.6%)
[4.281s][debug][gc,alloc    ] Allocation Rate: 12.0MB/s, Predicted: 17.9MB/s, Avg: 20.8(+/-5.9)MB/s
[4.281s][debug][gc,director ] Rule: Warmup 10%, Used: 36MB, UsedThreshold: 204MB
[4.281s][debug][gc,director ] Rule: High Usage, Free: 1978MB(96.6%)
[4.380s][debug][gc,alloc    ] Allocation Rate: 12.0MB/s, Predicted: 13.1MB/s, Avg: 20.4(+/-6.3)MB/s
[4.380s][debug][gc,director ] Rule: Warmup 10%, Used: 36MB, UsedThreshold: 204MB
[4.380s][debug][gc,director ] Rule: High Usage, Free: 1978MB(96.6%)
[4.481s][debug][gc,alloc    ] Allocation Rate: 10.0MB/s, Predicted: 8.3MB/s, Avg: 19.6(+/-7.0)MB/s
[4.481s][debug][gc,director ] Rule: Warmup 10%, Used: 36MB, UsedThreshold: 204MB
[4.481s][debug][gc,director ] Rule: High Usage, Free: 1978MB(96.6%)
[4.578s][debug][gc,alloc    ] Allocation Rate: 6.0MB/s, Predicted: 3.5MB/s, Avg: 18.0(+/-8.0)MB/s
[4.578s][debug][gc,director ] Rule: Warmup 10%, Used: 36MB, UsedThreshold: 204MB
[4.578s][debug][gc,director ] Rule: High Usage, Free: 1978MB(96.6%)
[4.682s][debug][gc,alloc    ] Allocation Rate: 2.0MB/s, Predicted: -0.8MB/s, Avg: 15.6(+/-8.8)MB/s
[4.683s][debug][gc,director ] Rule: Warmup 10%, Used: 36MB, UsedThreshold: 204MB
[4.683s][debug][gc,director ] Rule: High Usage, Free: 1978MB(96.6%)
[4.778s][debug][gc,alloc    ] Allocation Rate: 0.0MB/s, Predicted: -3.7MB/s, Avg: 12.8(+/-8.9)MB/s
[4.778s][debug][gc,director ] Rule: Warmup 10%, Used: 36MB, UsedThreshold: 204MB
[4.778s][debug][gc,director ] Rule: High Usage, Free: 1978MB(96.6%)
[4.878s][debug][gc,alloc    ] Allocation Rate: 0.0MB/s, Predicted: -4.8MB/s, Avg: 10.0(+/-8.0)MB/s
[4.878s][debug][gc,director ] Rule: Warmup 10%, Used: 36MB, UsedThreshold: 204MB
[4.878s][debug][gc,director ] Rule: High Usage, Free: 1978MB(96.6%)
[4.982s][debug][gc,alloc    ] Allocation Rate: 0.0MB/s, Predicted: -4.5MB/s, Avg: 7.4(+/-6.5)MB/s
[4.982s][debug][gc,director ] Rule: Warmup 10%, Used: 36MB, UsedThreshold: 204MB
[4.982s][debug][gc,director ] Rule: High Usage, Free: 1978MB(96.6%)
[5.082s][debug][gc,alloc    ] Allocation Rate: 0.0MB/s, Predicted: -4.1MB/s, Avg: 5.4(+/-5.3)MB/s
[5.082s][debug][gc,director ] Rule: Warmup 10%, Used: 36MB, UsedThreshold: 204MB
[5.082s][debug][gc,director ] Rule: High Usage, Free: 1978MB(96.6%)
[5.180s][debug][gc,alloc    ] Allocation Rate: 0.0MB/s, Predicted: -4.5MB/s, Avg: 4.2(+/-5.0)MB/s
[5.180s][debug][gc,director ] Rule: Warmup 10%, Used: 36MB, UsedThreshold: 204MB
[5.180s][debug][gc,director ] Rule: High Usage, Free: 1978MB(96.6%)
[5.277s][debug][gc,alloc    ] Allocation Rate: 0.0MB/s, Predicted: -4.1MB/s, Avg: 3.0(+/-4.4)MB/s
[5.277s][debug][gc,director ] Rule: Warmup 10%, Used: 36MB, UsedThreshold: 204MB
[5.277s][debug][gc,director ] Rule: High Usage, Free: 1978MB(96.6%)
[5.378s][debug][gc,alloc    ] Allocation Rate: 0.0MB/s, Predicted: -2.9MB/s, Avg: 1.8(+/-3.3)MB/s
[5.378s][debug][gc,director ] Rule: Warmup 10%, Used: 36MB, UsedThreshold: 204MB
[5.378s][debug][gc,director ] Rule: High Usage, Free: 1978MB(96.6%)
[5.478s][debug][gc,alloc    ] Allocation Rate: 0.0MB/s, Predicted: -1.5MB/s, Avg: 0.8(+/-1.8)MB/s
[5.478s][debug][gc,director ] Rule: Warmup 10%, Used: 36MB, UsedThreshold: 204MB
[5.478s][debug][gc,director ] Rule: High Usage, Free: 1978MB(96.6%)
[5.577s][debug][gc,alloc    ] Allocation Rate: 0.0MB/s, Predicted: -0.4MB/s, Avg: 0.2(+/-0.6)MB/s
[5.577s][debug][gc,director ] Rule: Warmup 10%, Used: 36MB, UsedThreshold: 204MB
[5.577s][debug][gc,director ] Rule: High Usage, Free: 1978MB(96.6%)
[5.679s][debug][gc,alloc    ] Allocation Rate: 0.0MB/s, Predicted: 0.0MB/s, Avg: 0.0(+/-0.0)MB/s
[5.679s][debug][gc,director ] Rule: Warmup 10%, Used: 36MB, UsedThreshold: 204MB
[5.680s][debug][gc,director ] Rule: High Usage, Free: 1978MB(96.6%)
[5.779s][debug][gc,alloc    ] Allocation Rate: 0.0MB/s, Predicted: 0.0MB/s, Avg: 0.0(+/-0.0)MB/s
[5.779s][debug][gc,director ] Rule: Warmup 10%, Used: 36MB, UsedThreshold: 204MB
[5.780s][debug][gc,director ] Rule: High Usage, Free: 1978MB(96.6%)
[5.881s][debug][gc,alloc    ] Allocation Rate: 0.0MB/s, Predicted: 0.0MB/s, Avg: 0.0(+/-0.0)MB/s
[5.881s][debug][gc,director ] Rule: Warmup 10%, Used: 36MB, UsedThreshold: 204MB
[5.881s][debug][gc,director ] Rule: High Usage, Free: 1978MB(96.6%)
[5.978s][debug][gc,alloc    ] Allocation Rate: 0.0MB/s, Predicted: 0.0MB/s, Avg: 0.0(+/-0.0)MB/s
[5.978s][debug][gc,director ] Rule: Warmup 10%, Used: 36MB, UsedThreshold: 204MB
[5.978s][debug][gc,director ] Rule: High Usage, Free: 1978MB(96.6%)
[6.077s][debug][gc,alloc    ] Allocation Rate: 0.0MB/s, Predicted: 0.0MB/s, Avg: 0.0(+/-0.0)MB/s
[6.077s][debug][gc,director ] Rule: Warmup 10%, Used: 36MB, UsedThreshold: 204MB
[6.077s][debug][gc,director ] Rule: High Usage, Free: 1978MB(96.6%)
[6.180s][debug][gc,alloc    ] Allocation Rate: 0.0MB/s, Predicted: 0.0MB/s, Avg: 0.0(+/-0.0)MB/s
[6.180s][debug][gc,director ] Rule: Warmup 10%, Used: 36MB, UsedThreshold: 204MB
[6.180s][debug][gc,director ] Rule: High Usage, Free: 1978MB(96.6%)
[6.281s][debug][gc,alloc    ] Allocation Rate: 0.0MB/s, Predicted: 0.0MB/s, Avg: 0.0(+/-0.0)MB/s
[6.281s][debug][gc,director ] Rule: Warmup 10%, Used: 36MB, UsedThreshold: 204MB
[6.281s][debug][gc,director ] Rule: High Usage, Free: 1978MB(96.6%)
[6.378s][debug][gc,alloc    ] Allocation Rate: 0.0MB/s, Predicted: 0.0MB/s, Avg: 0.0(+/-0.0)MB/s
[6.378s][debug][gc,director ] Rule: Warmup 10%, Used: 36MB, UsedThreshold: 204MB
[6.379s][debug][gc,director ] Rule: High Usage, Free: 1978MB(96.6%)
[6.478s][debug][gc,alloc    ] Allocation Rate: 0.0MB/s, Predicted: 0.0MB/s, Avg: 0.0(+/-0.0)MB/s
[6.478s][debug][gc,director ] Rule: Warmup 10%, Used: 36MB, UsedThreshold: 204MB
[6.478s][debug][gc,director ] Rule: High Usage, Free: 1978MB(96.6%)
[6.580s][debug][gc,alloc    ] Allocation Rate: 0.0MB/s, Predicted: 0.0MB/s, Avg: 0.0(+/-0.0)MB/s
[6.580s][debug][gc,director ] Rule: Warmup 10%, Used: 36MB, UsedThreshold: 204MB
[6.580s][debug][gc,director ] Rule: High Usage, Free: 1978MB(96.6%)
[6.680s][debug][gc,alloc    ] Allocation Rate: 0.0MB/s, Predicted: 0.0MB/s, Avg: 0.0(+/-0.0)MB/s
[6.680s][debug][gc,director ] Rule: Warmup 10%, Used: 36MB, UsedThreshold: 204MB
[6.680s][debug][gc,director ] Rule: High Usage, Free: 1978MB(96.6%)
[6.781s][debug][gc,alloc    ] Allocation Rate: 0.0MB/s, Predicted: 0.0MB/s, Avg: 0.0(+/-0.0)MB/s
[6.781s][debug][gc,director ] Rule: Warmup 10%, Used: 36MB, UsedThreshold: 204MB
[6.781s][debug][gc,director ] Rule: High Usage, Free: 1978MB(96.6%)
[6.881s][debug][gc,alloc    ] Allocation Rate: 0.0MB/s, Predicted: 0.0MB/s, Avg: 0.0(+/-0.0)MB/s
[6.881s][debug][gc,director ] Rule: Warmup 10%, Used: 36MB, UsedThreshold: 204MB
[6.881s][debug][gc,director ] Rule: High Usage, Free: 1978MB(96.6%)
[6.981s][debug][gc,alloc    ] Allocation Rate: 0.0MB/s, Predicted: 0.0MB/s, Avg: 0.0(+/-0.0)MB/s
[6.981s][debug][gc,director ] Rule: Warmup 10%, Used: 36MB, UsedThreshold: 204MB
[6.981s][debug][gc,director ] Rule: High Usage, Free: 1978MB(96.6%)
[7.082s][debug][gc,alloc    ] Allocation Rate: 0.0MB/s, Predicted: 0.0MB/s, Avg: 0.0(+/-0.0)MB/s
[7.082s][debug][gc,director ] Rule: Warmup 10%, Used: 36MB, UsedThreshold: 204MB
[7.082s][debug][gc,director ] Rule: High Usage, Free: 1978MB(96.6%)
[7.178s][debug][gc,alloc    ] Allocation Rate: 0.0MB/s, Predicted: 0.0MB/s, Avg: 0.0(+/-0.0)MB/s
[7.178s][debug][gc,director ] Rule: Warmup 10%, Used: 36MB, UsedThreshold: 204MB
[7.179s][debug][gc,director ] Rule: High Usage, Free: 1978MB(96.6%)
[7.282s][debug][gc,alloc    ] Allocation Rate: 0.0MB/s, Predicted: 0.0MB/s, Avg: 0.0(+/-0.0)MB/s
[7.282s][debug][gc,director ] Rule: Warmup 10%, Used: 36MB, UsedThreshold: 204MB
[7.282s][debug][gc,director ] Rule: High Usage, Free: 1978MB(96.6%)
[7.381s][debug][gc,alloc    ] Allocation Rate: 0.0MB/s, Predicted: 0.0MB/s, Avg: 0.0(+/-0.0)MB/s
[7.381s][debug][gc,director ] Rule: Warmup 10%, Used: 36MB, UsedThreshold: 204MB
[7.382s][debug][gc,director ] Rule: High Usage, Free: 1978MB(96.6%)
[7.479s][debug][gc,alloc    ] Allocation Rate: 0.0MB/s, Predicted: 0.0MB/s, Avg: 0.0(+/-0.0)MB/s
[7.479s][debug][gc,director ] Rule: Warmup 10%, Used: 36MB, UsedThreshold: 204MB
[7.479s][debug][gc,director ] Rule: High Usage, Free: 1978MB(96.6%)
[7.584s][debug][gc,alloc    ] Allocation Rate: 0.0MB/s, Predicted: 0.0MB/s, Avg: 0.0(+/-0.0)MB/s
[7.584s][debug][gc,director ] Rule: Warmup 10%, Used: 36MB, UsedThreshold: 204MB
[7.584s][debug][gc,director ] Rule: High Usage, Free: 1978MB(96.6%)
[7.681s][debug][gc,alloc    ] Allocation Rate: 0.0MB/s, Predicted: 0.0MB/s, Avg: 0.0(+/-0.0)MB/s
[7.681s][debug][gc,director ] Rule: Warmup 10%, Used: 36MB, UsedThreshold: 204MB
[7.682s][debug][gc,director ] Rule: High Usage, Free: 1978MB(96.6%)
[7.782s][debug][gc,alloc    ] Allocation Rate: 0.0MB/s, Predicted: 0.0MB/s, Avg: 0.0(+/-0.0)MB/s
[7.782s][debug][gc,director ] Rule: Warmup 10%, Used: 36MB, UsedThreshold: 204MB
[7.782s][debug][gc,director ] Rule: High Usage, Free: 1978MB(96.6%)
[7.882s][debug][gc,alloc    ] Allocation Rate: 0.0MB/s, Predicted: 0.0MB/s, Avg: 0.0(+/-0.0)MB/s
[7.882s][debug][gc,director ] Rule: Warmup 10%, Used: 36MB, UsedThreshold: 204MB
[7.882s][debug][gc,director ] Rule: High Usage, Free: 1978MB(96.6%)
[7.979s][debug][gc,alloc    ] Allocation Rate: 0.0MB/s, Predicted: 0.0MB/s, Avg: 0.0(+/-0.0)MB/s
[7.980s][debug][gc,director ] Rule: Warmup 10%, Used: 36MB, UsedThreshold: 204MB
[7.980s][debug][gc,director ] Rule: High Usage, Free: 1978MB(96.6%)
[8.080s][debug][gc,alloc    ] Allocation Rate: 0.0MB/s, Predicted: 0.0MB/s, Avg: 0.0(+/-0.0)MB/s
[8.080s][debug][gc,director ] Rule: Warmup 10%, Used: 36MB, UsedThreshold: 204MB
[8.080s][debug][gc,director ] Rule: High Usage, Free: 1978MB(96.6%)
[8.182s][debug][gc,alloc    ] Allocation Rate: 0.0MB/s, Predicted: 0.0MB/s, Avg: 0.0(+/-0.0)MB/s
[8.182s][debug][gc,director ] Rule: Warmup 10%, Used: 36MB, UsedThreshold: 204MB
[8.182s][debug][gc,director ] Rule: High Usage, Free: 1978MB(96.6%)
[8.279s][debug][gc,alloc    ] Allocation Rate: 0.0MB/s, Predicted: 0.0MB/s, Avg: 0.0(+/-0.0)MB/s
[8.279s][debug][gc,director ] Rule: Warmup 10%, Used: 36MB, UsedThreshold: 204MB
[8.279s][debug][gc,director ] Rule: High Usage, Free: 1978MB(96.6%)
[8.382s][debug][gc,alloc    ] Allocation Rate: 0.0MB/s, Predicted: 0.0MB/s, Avg: 0.0(+/-0.0)MB/s
[8.382s][debug][gc,director ] Rule: Warmup 10%, Used: 36MB, UsedThreshold: 204MB
[8.382s][debug][gc,director ] Rule: High Usage, Free: 1978MB(96.6%)
[8.483s][debug][gc,alloc    ] Allocation Rate: 0.0MB/s, Predicted: 0.0MB/s, Avg: 0.0(+/-0.0)MB/s
[8.483s][debug][gc,director ] Rule: Warmup 10%, Used: 36MB, UsedThreshold: 204MB
[8.483s][debug][gc,director ] Rule: High Usage, Free: 1978MB(96.6%)
[8.581s][debug][gc,alloc    ] Allocation Rate: 0.0MB/s, Predicted: 0.0MB/s, Avg: 0.0(+/-0.0)MB/s
[8.581s][debug][gc,director ] Rule: Warmup 10%, Used: 36MB, UsedThreshold: 204MB
[8.581s][debug][gc,director ] Rule: High Usage, Free: 1978MB(96.6%)
[8.683s][debug][gc,alloc    ] Allocation Rate: 0.0MB/s, Predicted: 0.0MB/s, Avg: 0.0(+/-0.0)MB/s
[8.683s][debug][gc,director ] Rule: Warmup 10%, Used: 36MB, UsedThreshold: 204MB
[8.683s][debug][gc,director ] Rule: High Usage, Free: 1978MB(96.6%)
[8.780s][debug][gc,alloc    ] Allocation Rate: 0.0MB/s, Predicted: 0.0MB/s, Avg: 0.0(+/-0.0)MB/s
[8.780s][debug][gc,director ] Rule: Warmup 10%, Used: 36MB, UsedThreshold: 204MB
[8.780s][debug][gc,director ] Rule: High Usage, Free: 1978MB(96.6%)
[8.878s][debug][gc,alloc    ] Allocation Rate: 0.0MB/s, Predicted: 0.0MB/s, Avg: 0.0(+/-0.0)MB/s
[8.879s][debug][gc,director ] Rule: Warmup 10%, Used: 36MB, UsedThreshold: 204MB
[8.879s][debug][gc,director ] Rule: High Usage, Free: 1978MB(96.6%)
[8.978s][debug][gc,alloc    ] Allocation Rate: 0.0MB/s, Predicted: 0.0MB/s, Avg: 0.0(+/-0.0)MB/s
[8.978s][debug][gc,director ] Rule: Warmup 10%, Used: 36MB, UsedThreshold: 204MB
[8.978s][debug][gc,director ] Rule: High Usage, Free: 1978MB(96.6%)
[9.082s][debug][gc,alloc    ] Allocation Rate: 0.0MB/s, Predicted: 0.0MB/s, Avg: 0.0(+/-0.0)MB/s
[9.082s][debug][gc,director ] Rule: Warmup 10%, Used: 36MB, UsedThreshold: 204MB
[9.082s][debug][gc,director ] Rule: High Usage, Free: 1978MB(96.6%)
[9.178s][debug][gc,alloc    ] Allocation Rate: 0.0MB/s, Predicted: 0.0MB/s, Avg: 0.0(+/-0.0)MB/s
[9.178s][debug][gc,director ] Rule: Warmup 10%, Used: 36MB, UsedThreshold: 204MB
[9.178s][debug][gc,director ] Rule: High Usage, Free: 1978MB(96.6%)
[9.280s][debug][gc,alloc    ] Allocation Rate: 0.0MB/s, Predicted: 0.0MB/s, Avg: 0.0(+/-0.0)MB/s
[9.280s][debug][gc,director ] Rule: Warmup 10%, Used: 36MB, UsedThreshold: 204MB
[9.280s][debug][gc,director ] Rule: High Usage, Free: 1978MB(96.6%)
[9.379s][debug][gc,alloc    ] Allocation Rate: 0.0MB/s, Predicted: 0.0MB/s, Avg: 0.0(+/-0.0)MB/s
[9.380s][debug][gc,director ] Rule: Warmup 10%, Used: 36MB, UsedThreshold: 204MB
[9.380s][debug][gc,director ] Rule: High Usage, Free: 1978MB(96.6%)
[9.482s][debug][gc,alloc    ] Allocation Rate: 0.0MB/s, Predicted: 0.0MB/s, Avg: 0.0(+/-0.0)MB/s
[9.483s][debug][gc,director ] Rule: Warmup 10%, Used: 36MB, UsedThreshold: 204MB
[9.483s][debug][gc,director ] Rule: High Usage, Free: 1978MB(96.6%)
[9.583s][debug][gc,alloc    ] Allocation Rate: 0.0MB/s, Predicted: 0.0MB/s, Avg: 0.0(+/-0.0)MB/s
[9.583s][debug][gc,director ] Rule: Warmup 10%, Used: 36MB, UsedThreshold: 204MB
[9.583s][debug][gc,director ] Rule: High Usage, Free: 1978MB(96.6%)
[9.680s][debug][gc,alloc    ] Allocation Rate: 0.0MB/s, Predicted: 0.0MB/s, Avg: 0.0(+/-0.0)MB/s
[9.680s][debug][gc,director ] Rule: Warmup 10%, Used: 36MB, UsedThreshold: 204MB
[9.680s][debug][gc,director ] Rule: High Usage, Free: 1978MB(96.6%)
[9.778s][debug][gc,alloc    ] Allocation Rate: 0.0MB/s, Predicted: 0.0MB/s, Avg: 0.0(+/-0.0)MB/s
[9.779s][debug][gc,director ] Rule: Warmup 10%, Used: 36MB, UsedThreshold: 204MB
[9.779s][debug][gc,director ] Rule: High Usage, Free: 1978MB(96.6%)
[9.880s][debug][gc,alloc    ] Allocation Rate: 0.0MB/s, Predicted: 0.0MB/s, Avg: 0.0(+/-0.0)MB/s
[9.880s][debug][gc,director ] Rule: Warmup 10%, Used: 36MB, UsedThreshold: 204MB
[9.880s][debug][gc,director ] Rule: High Usage, Free: 1978MB(96.6%)
[9.980s][debug][gc,alloc    ] Allocation Rate: 0.0MB/s, Predicted: 0.0MB/s, Avg: 0.0(+/-0.0)MB/s
[9.980s][debug][gc,director ] Rule: Warmup 10%, Used: 36MB, UsedThreshold: 204MB
[9.981s][debug][gc,director ] Rule: High Usage, Free: 1978MB(96.6%)
[10.084s][debug][gc,alloc    ] Allocation Rate: 0.0MB/s, Predicted: 0.0MB/s, Avg: 0.0(+/-0.0)MB/s
[10.084s][debug][gc,director ] Rule: Warmup 10%, Used: 36MB, UsedThreshold: 204MB
[10.084s][debug][gc,director ] Rule: High Usage, Free: 1978MB(96.6%)
[10.183s][debug][gc,alloc    ] Allocation Rate: 0.0MB/s, Predicted: 0.0MB/s, Avg: 0.0(+/-0.0)MB/s
[10.183s][info ][gc,stats    ] === Garbage Collection Statistics =======================================================================================================================
[10.184s][info ][gc,stats    ]                                                              Last 10s              Last 10m              Last 10h                Total
[10.184s][debug][gc,director ] Rule: Warmup 10%, Used: 36MB, UsedThreshold: 204MB
[10.184s][info ][gc,stats    ]                                                              Avg / Max             Avg / Max             Avg / Max             Avg / Max
[10.184s][debug][gc,director ] Rule: High Usage, Free: 1978MB(96.6%)
[10.184s][info ][gc,stats    ]   Collector: Garbage Collection Cycle                      0.000 / 0.000         0.000 / 0.000         0.000 / 0.000         0.000 / 0.000       ms
[10.184s][info ][gc,stats    ]  Contention: Mark Segment Reset Contention                     0 / 0                 0 / 0                 0 / 0                 0 / 0           ops/s
[10.184s][info ][gc,stats    ]  Contention: Mark SeqNum Reset Contention                      0 / 0                 0 / 0                 0 / 0                 0 / 0           ops/s
[10.184s][info ][gc,stats    ]    Critical: Allocation Stall                                  0 / 0                 0 / 0                 0 / 0                 0 / 0           ops/s
[10.185s][info ][gc,stats    ]    Critical: Allocation Stall                              0.000 / 0.000         0.000 / 0.000         0.000 / 0.000         0.000 / 0.000       ms
[10.185s][info ][gc,stats    ]    Critical: GC Locker Stall                                   0 / 0                 0 / 0                 0 / 0                 0 / 0           ops/s
[10.185s][info ][gc,stats    ]    Critical: GC Locker Stall                               0.000 / 0.000         0.000 / 0.000         0.000 / 0.000         0.000 / 0.000       ms
[10.185s][info ][gc,stats    ]    Critical: Relocation Stall                                  0 / 0                 0 / 0                 0 / 0                 0 / 0           ops/s
[10.185s][info ][gc,stats    ]    Critical: Relocation Stall                              0.000 / 0.000         0.000 / 0.000         0.000 / 0.000         0.000 / 0.000       ms
[10.185s][info ][gc,stats    ]      Memory: Allocation Rate                                   3 / 16                3 / 16                3 / 16                3 / 16          MB/s
[10.185s][info ][gc,stats    ]      Memory: Defragment                                        0 / 0                 0 / 0                 0 / 0                 0 / 0           ops/s
[10.185s][info ][gc,stats    ]      Memory: Out Of Memory                                     0 / 0                 0 / 0                 0 / 0                 0 / 0           ops/s
[10.185s][info ][gc,stats    ]      Memory: Page Cache Flush                                  0 / 0                 0 / 0                 0 / 0                 0 / 0           MB/s
[10.185s][info ][gc,stats    ]      Memory: Page Cache Hit L1                                 0 / 0                 0 / 0                 0 / 0                 0 / 0           ops/s
[10.185s][info ][gc,stats    ]      Memory: Page Cache Hit L2                                 0 / 0                 0 / 0                 0 / 0                 0 / 0           ops/s
[10.185s][info ][gc,stats    ]      Memory: Page Cache Hit L3                                 1 / 8                 1 / 8                 1 / 8                 1 / 8           ops/s
[10.185s][info ][gc,stats    ]      Memory: Page Cache Miss                                   0 / 1                 0 / 1                 0 / 1                 0 / 1           ops/s
[10.185s][info ][gc,stats    ]      Memory: Uncommit                                          0 / 0                 0 / 0                 0 / 0                 0 / 0           MB/s
[10.185s][info ][gc,stats    ]      Memory: Undo Object Allocation Failed                     0 / 0                 0 / 0                 0 / 0                 0 / 0           ops/s
[10.185s][info ][gc,stats    ]      Memory: Undo Object Allocation Succeeded                  0 / 0                 0 / 0                 0 / 0                 0 / 0           ops/s
[10.185s][info ][gc,stats    ]      Memory: Undo Page Allocation                              0 / 0                 0 / 0                 0 / 0                 0 / 0           ops/s
[10.185s][info ][gc,stats    ]       Phase: Concurrent Mark                               0.000 / 0.000         0.000 / 0.000         0.000 / 0.000         0.000 / 0.000       ms
[10.185s][info ][gc,stats    ]       Phase: Concurrent Mark Continue                      0.000 / 0.000         0.000 / 0.000         0.000 / 0.000         0.000 / 0.000       ms
[10.185s][info ][gc,stats    ]       Phase: Concurrent Mark Free                          0.000 / 0.000         0.000 / 0.000         0.000 / 0.000         0.000 / 0.000       ms
[10.185s][info ][gc,stats    ]       Phase: Concurrent Process Non-Strong References      0.000 / 0.000         0.000 / 0.000         0.000 / 0.000         0.000 / 0.000       ms
[10.185s][info ][gc,stats    ]       Phase: Concurrent Relocate                           0.000 / 0.000         0.000 / 0.000         0.000 / 0.000         0.000 / 0.000       ms
[10.185s][info ][gc,stats    ]       Phase: Concurrent Reset Relocation Set               0.000 / 0.000         0.000 / 0.000         0.000 / 0.000         0.000 / 0.000       ms
[10.185s][info ][gc,stats    ]       Phase: Concurrent Select Relocation Set              0.000 / 0.000         0.000 / 0.000         0.000 / 0.000         0.000 / 0.000       ms
[10.185s][info ][gc,stats    ]       Phase: Pause Mark End                                0.000 / 0.000         0.000 / 0.000         0.000 / 0.000         0.000 / 0.000       ms
[10.185s][info ][gc,stats    ]       Phase: Pause Mark Start                              0.000 / 0.000         0.000 / 0.000         0.000 / 0.000         0.000 / 0.000       ms
[10.185s][info ][gc,stats    ]       Phase: Pause Relocate Start                          0.000 / 0.000         0.000 / 0.000         0.000 / 0.000         0.000 / 0.000       ms
[10.185s][info ][gc,stats    ]    Subphase: Concurrent Classes Purge                      0.000 / 0.000         0.000 / 0.000         0.000 / 0.000         0.000 / 0.000       ms
[10.185s][info ][gc,stats    ]    Subphase: Concurrent Classes Unlink                     0.000 / 0.000         0.000 / 0.000         0.000 / 0.000         0.000 / 0.000       ms
[10.185s][info ][gc,stats    ]    Subphase: Concurrent Mark                               0.000 / 0.000         0.000 / 0.000         0.000 / 0.000         0.000 / 0.000       ms
[10.185s][info ][gc,stats    ]    Subphase: Concurrent Mark Try Flush                     0.000 / 0.000         0.000 / 0.000         0.000 / 0.000         0.000 / 0.000       ms
[10.185s][info ][gc,stats    ]    Subphase: Concurrent Mark Try Terminate                 0.000 / 0.000         0.000 / 0.000         0.000 / 0.000         0.000 / 0.000       ms
[10.185s][info ][gc,stats    ]    Subphase: Concurrent References Enqueue                 0.000 / 0.000         0.000 / 0.000         0.000 / 0.000         0.000 / 0.000       ms
[10.185s][info ][gc,stats    ]    Subphase: Concurrent References Process                 0.000 / 0.000         0.000 / 0.000         0.000 / 0.000         0.000 / 0.000       ms
[10.185s][info ][gc,stats    ]    Subphase: Concurrent Roots ClassLoaderDataGraph         0.000 / 0.000         0.000 / 0.000         0.000 / 0.000         0.000 / 0.000       ms
[10.185s][info ][gc,stats    ]    Subphase: Concurrent Roots CodeCache                    0.000 / 0.000         0.000 / 0.000         0.000 / 0.000         0.000 / 0.000       ms
[10.185s][info ][gc,stats    ]    Subphase: Concurrent Roots JavaThreads                  0.000 / 0.000         0.000 / 0.000         0.000 / 0.000         0.000 / 0.000       ms
[10.185s][info ][gc,stats    ]    Subphase: Concurrent Roots OopStorageSet                0.000 / 0.000         0.000 / 0.000         0.000 / 0.000         0.000 / 0.000       ms
[10.186s][info ][gc,stats    ]    Subphase: Concurrent Weak Roots OopStorageSet           0.000 / 0.000         0.000 / 0.000         0.000 / 0.000         0.000 / 0.000       ms
[10.186s][info ][gc,stats    ]    Subphase: Pause Mark Try Complete                       0.000 / 0.000         0.000 / 0.000         0.000 / 0.000         0.000 / 0.000       ms
[10.186s][info ][gc,stats    ]      System: Java Threads                                      0 / 0                 0 / 0                 0 / 0                 0 / 0           threads
[10.186s][info ][gc,stats    ] =========================================================================================================================================================
[10.278s][debug][gc,alloc    ] Allocation Rate: 0.0MB/s, Predicted: 0.0MB/s, Avg: 0.0(+/-0.0)MB/s
[10.278s][debug][gc,director ] Rule: Warmup 10%, Used: 36MB, UsedThreshold: 204MB
[10.278s][debug][gc,director ] Rule: High Usage, Free: 1978MB(96.6%)
[10.382s][debug][gc,alloc    ] Allocation Rate: 0.0MB/s, Predicted: 0.0MB/s, Avg: 0.0(+/-0.0)MB/s
[10.382s][debug][gc,director ] Rule: Warmup 10%, Used: 36MB, UsedThreshold: 204MB
[10.382s][debug][gc,director ] Rule: High Usage, Free: 1978MB(96.6%)
[10.482s][debug][gc,alloc    ] Allocation Rate: 0.0MB/s, Predicted: 0.0MB/s, Avg: 0.0(+/-0.0)MB/s
[10.482s][debug][gc,director ] Rule: Warmup 10%, Used: 36MB, UsedThreshold: 204MB
[10.482s][debug][gc,director ] Rule: High Usage, Free: 1978MB(96.6%)
[10.579s][debug][gc,alloc    ] Allocation Rate: 36.0MB/s, Predicted: 14.4MB/s, Avg: 3.6(+/-10.8)MB/s
[10.579s][debug][gc,director ] Rule: Warmup 10%, Used: 72MB, UsedThreshold: 204MB
[10.579s][debug][gc,director ] Rule: High Usage, Free: 1942MB(94.8%)
[10.677s][debug][gc,alloc    ] Allocation Rate: 44.0MB/s, Predicted: 29.6MB/s, Avg: 8.0(+/-16.1)MB/s
[10.678s][debug][gc,director ] Rule: Warmup 10%, Used: 80MB, UsedThreshold: 204MB
[10.678s][debug][gc,director ] Rule: High Usage, Free: 1934MB(94.4%)
[10.782s][debug][gc,alloc    ] Allocation Rate: 56.0MB/s, Predicted: 46.7MB/s, Avg: 13.6(+/-21.3)MB/s
[10.783s][debug][gc,director ] Rule: Warmup 10%, Used: 92MB, UsedThreshold: 204MB
[10.783s][debug][gc,director ] Rule: High Usage, Free: 1922MB(93.8%)
[10.881s][debug][gc,alloc    ] Allocation Rate: 68.0MB/s, Predicted: 64.8MB/s, Avg: 20.4(+/-26.1)MB/s
[10.881s][debug][gc,director ] Rule: Warmup 10%, Used: 104MB, UsedThreshold: 204MB
[10.881s][debug][gc,director ] Rule: High Usage, Free: 1910MB(93.3%)
[10.982s][debug][gc,alloc    ] Allocation Rate: 68.0MB/s, Predicted: 78.4MB/s, Avg: 27.2(+/-28.7)MB/s
[10.982s][debug][gc,director ] Rule: Warmup 10%, Used: 104MB, UsedThreshold: 204MB
[10.982s][debug][gc,director ] Rule: High Usage, Free: 1910MB(93.3%)
[11.080s][debug][gc,alloc    ] Allocation Rate: 80.0MB/s, Predicted: 92.3MB/s, Avg: 35.2(+/-31.0)MB/s
[11.080s][debug][gc,director ] Rule: Warmup 10%, Used: 116MB, UsedThreshold: 204MB
[11.080s][debug][gc,director ] Rule: High Usage, Free: 1898MB(92.7%)
[11.179s][debug][gc,alloc    ] Allocation Rate: 90.0MB/s, Predicted: 104.8MB/s, Avg: 44.2(+/-32.5)MB/s
[11.179s][debug][gc,director ] Rule: Warmup 10%, Used: 126MB, UsedThreshold: 204MB
[11.180s][debug][gc,director ] Rule: High Usage, Free: 1888MB(92.2%)
[11.284s][debug][gc,alloc    ] Allocation Rate: 102.0MB/s, Predicted: 116.1MB/s, Avg: 54.4(+/-33.1)MB/s
[11.285s][debug][gc,director ] Rule: Warmup 10%, Used: 138MB, UsedThreshold: 204MB
[11.285s][debug][gc,director ] Rule: High Usage, Free: 1876MB(91.6%)
[11.380s][debug][gc,alloc    ] Allocation Rate: 108.0MB/s, Predicted: 123.1MB/s, Avg: 65.2(+/-31.1)MB/s
[11.380s][debug][gc,director ] Rule: Warmup 10%, Used: 144MB, UsedThreshold: 204MB
[11.380s][debug][gc,director ] Rule: High Usage, Free: 1870MB(91.3%)
[11.479s][debug][gc,alloc    ] Allocation Rate: 114.0MB/s, Predicted: 125.2MB/s, Avg: 76.6(+/-25.5)MB/s
[11.479s][debug][gc,director ] Rule: Warmup 10%, Used: 150MB, UsedThreshold: 204MB
[11.479s][debug][gc,director ] Rule: High Usage, Free: 1864MB(91.0%)
[11.580s][debug][gc,alloc    ] Allocation Rate: 90.0MB/s, Predicted: 119.7MB/s, Avg: 82.0(+/-21.8)MB/s
[11.580s][debug][gc,director ] Rule: Warmup 10%, Used: 162MB, UsedThreshold: 204MB
[11.580s][debug][gc,director ] Rule: High Usage, Free: 1852MB(90.4%)
[11.680s][debug][gc,alloc    ] Allocation Rate: 126.0MB/s, Predicted: 127.2MB/s, Avg: 90.2(+/-21.4)MB/s
[11.680s][debug][gc,director ] Rule: Warmup 10%, Used: 206MB, UsedThreshold: 204MB
[11.680s][debug][gc,heap     ] GC(0) Heap before GC invocations=0 (full 0):
[11.680s][debug][gc,heap     ] GC(0)  ZHeap           used 206M, capacity 206M, max capacity 2048M
[11.680s][debug][gc,heap     ] GC(0)  Metaspace       used 8669K, committed 9024K, reserved 1114112K
[11.680s][debug][gc,heap     ] GC(0)   class space    used 918K, committed 1088K, reserved 1048576K
[11.680s][info ][gc,start    ] GC(0) Garbage Collection (Warmup)
[11.680s][info ][gc,task     ] GC(0) Using 1 workers
[11.681s][debug][gc,phases,start] GC(0) Pause Mark Start
[11.681s][debug][gc,marking     ] GC(0) Using 1 mark stripes
[11.681s][debug][gc,marking     ] GC(0) Mark Worker/Stripe Distribution
[11.681s][debug][gc,marking     ] GC(0)   Worker 0(1) -> Stripe 0(1)
[11.681s][info ][gc,phases      ] GC(0) Pause Mark Start 0.198ms
[11.681s][debug][gc,phases,start] GC(0) Concurrent Mark
[11.681s][debug][gc,task        ] GC(0) Executing Task: ZMarkRootsTask, Active Workers: 1
[11.686s][debug][gc,tlab        ] GC(0) TLAB totals: thrds: 14  refills: 558 max: 430 slow allocs: 31 max 31 waste:  2.5% gc: 3012848B max: 261912B slow: 694080B max: 486880B
[11.686s][debug][gc,task        ] GC(0) Executing Task: ZMarkTask, Active Workers: 1
[11.713s][info ][gc,phases      ] GC(0) Concurrent Mark 31.371ms
[11.713s][debug][gc,phases,start] GC(0) Pause Mark End
[11.713s][info ][gc,phases      ] GC(0) Pause Mark End 0.031ms
[11.713s][debug][gc,phases,start] GC(0) Concurrent Mark Free
[11.713s][info ][gc,phases      ] GC(0) Concurrent Mark Free 0.044ms
[11.713s][debug][gc,phases,start] GC(0) Concurrent Process Non-Strong References
[11.713s][debug][gc,phases,start] GC(0) Concurrent References Process
[11.713s][debug][gc,task        ] GC(0) Executing Task: ZReferenceProcessorTask, Active Workers: 1
[11.713s][debug][gc,phases      ] GC(0) Concurrent References Process 0.204ms
[11.713s][debug][gc,task        ] GC(0) Executing Task: ZProcessWeakRootsTask, Active Workers: 1
[11.713s][debug][gc,phases,start] GC(0) Concurrent Classes Unlink
[11.713s][debug][gc,phases,start] GC(0) ClassLoaderData
[11.714s][debug][gc,phases      ] GC(0) ClassLoaderData 0.039ms
[11.714s][debug][gc,phases,start] GC(0) Trigger cleanups
[11.714s][debug][gc,phases      ] GC(0) Trigger cleanups 0.010ms
[11.714s][debug][gc,task        ] GC(0) Executing Task: ZNMethodUnlinkTask, Active Workers: 1
[11.717s][debug][gc,phases      ] GC(0) Concurrent Classes Unlink 3.998ms
[11.718s][debug][gc,phases,start] GC(0) Concurrent Classes Purge
[11.718s][debug][gc,task        ] GC(0) Executing Task: ZNMethodPurgeTask, Active Workers: 1
[11.718s][debug][gc,phases      ] GC(0) Concurrent Classes Purge 0.155ms
[11.718s][debug][gc,phases,start] GC(0) Concurrent References Enqueue
[11.718s][debug][gc,phases      ] GC(0) Concurrent References Enqueue 0.016ms
[11.718s][info ][gc,phases      ] GC(0) Concurrent Process Non-Strong References 4.993ms
[11.718s][debug][gc,phases,start] GC(0) Concurrent Reset Relocation Set
[11.718s][info ][gc,phases      ] GC(0) Concurrent Reset Relocation Set 0.010ms
[11.718s][debug][gc,phases,start] GC(0) Concurrent Select Relocation Set
[11.733s][debug][gc,task        ] GC(0) Executing Task: ZRelocationSetInstallTask, Active Workers: 1
[11.735s][info ][gc,phases      ] GC(0) Concurrent Select Relocation Set 16.802ms
[11.735s][debug][gc,phases,start] GC(0) Pause Relocate Start
[11.735s][info ][gc,phases      ] GC(0) Pause Relocate Start 0.035ms
[11.735s][debug][gc,phases,start] GC(0) Concurrent Relocate
[11.735s][debug][gc,task        ] GC(0) Executing Task: ZRelocateTask, Active Workers: 1
[11.744s][info ][gc,phases      ] GC(0) Concurrent Relocate 9.002ms
[11.744s][debug][gc,heap        ] GC(0) Heap after GC invocations=1 (full 1):
[11.744s][debug][gc,heap        ] GC(0)  ZHeap           used 14M, capacity 210M, max capacity 2048M
[11.744s][debug][gc,heap        ] GC(0)  Metaspace       used 8670K, committed 9024K, reserved 1114112K
[11.744s][debug][gc,heap        ] GC(0)   class space    used 919K, committed 1088K, reserved 1048576K
[11.744s][info ][gc,load        ] GC(0) Load: 4.62/3.26/2.74
[11.744s][info ][gc,mmu         ] GC(0) MMU: 2ms/90.1%, 5ms/96.0%, 10ms/98.0%, 20ms/99.0%, 50ms/99.5%, 100ms/99.7%
[11.744s][info ][gc,marking     ] GC(0) Mark: 1 stripe(s), 2 proactive flush(es), 1 terminate flush(es), 0 completion(s), 0 continuation(s) 
[11.744s][info ][gc,marking     ] GC(0) Mark Stack Usage: 32M
[11.744s][info ][gc,nmethod     ] GC(0) NMethods: 2437 registered, 0 unregistered
[11.744s][info ][gc,metaspace   ] GC(0) Metaspace: 8M used, 8M committed, 1088M reserved
[11.744s][info ][gc,ref         ] GC(0) Soft: 737 encountered, 0 discovered, 0 enqueued
[11.744s][info ][gc,ref         ] GC(0) Weak: 1647 encountered, 967 discovered, 357 enqueued
[11.744s][info ][gc,ref         ] GC(0) Final: 0 encountered, 0 discovered, 0 enqueued
[11.744s][info ][gc,ref         ] GC(0) Phantom: 209 encountered, 203 discovered, 194 enqueued
[11.744s][info ][gc,reloc       ] GC(0) Small Pages: 71 / 142M, Empty: 104M, Relocated: 4M, In-Place: 0
[11.744s][info ][gc,reloc       ] GC(0) Medium Pages: 2 / 64M, Empty: 64M, Relocated: 0M, In-Place: 0
[11.744s][info ][gc,reloc       ] GC(0) Large Pages: 0 / 0M, Empty: 0M, Relocated: 0M, In-Place: 0
[11.744s][info ][gc,reloc       ] GC(0) Forwarding Usage: 1M
[11.744s][info ][gc,heap        ] GC(0) Min Capacity: 8M(0%)
[11.744s][info ][gc,heap        ] GC(0) Max Capacity: 2048M(100%)
[11.744s][info ][gc,heap        ] GC(0) Soft Max Capacity: 2048M(100%)
[11.744s][info ][gc,heap        ] GC(0)                Mark Start          Mark End        Relocate Start      Relocate End           High               Low         
[11.744s][info ][gc,heap        ] GC(0)  Capacity:      206M (10%)         208M (10%)         210M (10%)         210M (10%)         210M (10%)         206M (10%)    
[11.744s][info ][gc,heap        ] GC(0)      Free:     1842M (90%)        1840M (90%)        2006M (98%)        2034M (99%)        2034M (99%)        1838M (90%)    
[11.744s][info ][gc,heap        ] GC(0)      Used:      206M (10%)         208M (10%)          42M (2%)           14M (1%)          210M (10%)          14M (1%)     
[11.744s][info ][gc,heap        ] GC(0)      Live:         -                 5M (0%)            5M (0%)            5M (0%)             -                  -          
[11.744s][info ][gc,heap        ] GC(0) Allocated:         -                 2M (0%)            4M (0%)            5M (0%)             -                  -          
[11.744s][info ][gc,heap        ] GC(0)   Garbage:         -               200M (10%)          32M (2%)            2M (0%)             -                  -          
[11.744s][info ][gc,heap        ] GC(0) Reclaimed:         -                  -               168M (8%)          197M (10%)            -                  -          
[11.744s][info ][gc             ] GC(0) Garbage Collection (Warmup) 206M(10%)->14M(1%)
[11.784s][debug][gc,alloc       ] Allocation Rate: 164.0MB/s, Predicted: 147.6MB/s, Avg: 101.0(+/-27.7)MB/s
[11.785s][debug][gc,director    ] Rule: Warmup 20%, Used: 58MB, UsedThreshold: 409MB
[11.785s][debug][gc,director    ] Select GC Workers (Not Warm), GCWorkers: 1.000
[11.785s][debug][gc,director    ] Rule: Allocation Rate (Dynamic GC Workers), MaxAllocRate: 238.8MB/s (+/-27.4%), Free: 1956MB, GCCPUTime: 0.063, GCDuration: 0.063s, TimeUntilOOM: 6.429s, TimeUntilGC: 6.266s, GCWorkers: 1 -> 1
[11.785s][debug][gc,director    ] Rule: High Usage, Free: 1956MB(95.5%)
[11.879s][debug][gc,alloc       ] Allocation Rate: 164.0MB/s, Predicted: 164.0MB/s, Avg: 110.6(+/-31.0)MB/s
[11.880s][debug][gc,director    ] Rule: Warmup 20%, Used: 70MB, UsedThreshold: 409MB
[11.880s][debug][gc,director    ] Select GC Workers (Not Warm), GCWorkers: 1.000
[11.880s][debug][gc,director    ] Rule: Allocation Rate (Dynamic GC Workers), MaxAllocRate: 266.1MB/s (+/-28.1%), Free: 1944MB, GCCPUTime: 0.063, GCDuration: 0.063s, TimeUntilOOM: 5.704s, TimeUntilGC: 5.541s, GCWorkers: 1 -> 1
[11.880s][debug][gc,director    ] Rule: High Usage, Free: 1944MB(94.9%)
[11.980s][debug][gc,alloc       ] Allocation Rate: 164.0MB/s, Predicted: 174.0MB/s, Avg: 120.2(+/-31.2)MB/s
[11.980s][debug][gc,director    ] Rule: Warmup 20%, Used: 70MB, UsedThreshold: 409MB
[11.980s][debug][gc,director    ] Select GC Workers (Not Warm), GCWorkers: 1.000
[11.980s][debug][gc,director    ] Rule: Allocation Rate (Dynamic GC Workers), MaxAllocRate: 276.7MB/s (+/-26.0%), Free: 1944MB, GCCPUTime: 0.063, GCDuration: 0.063s, TimeUntilOOM: 5.576s, TimeUntilGC: 5.413s, GCWorkers: 1 -> 1
[11.980s][debug][gc,director    ] Rule: High Usage, Free: 1944MB(94.9%)
[12.079s][debug][gc,alloc       ] Allocation Rate: 164.0MB/s, Predicted: 180.8MB/s, Avg: 128.6(+/-30.6)MB/s
[12.079s][debug][gc,director    ] Rule: Warmup 20%, Used: 82MB, UsedThreshold: 409MB
[12.079s][debug][gc,director    ] Select GC Workers (Not Warm), GCWorkers: 1.000
[12.079s][debug][gc,director    ] Rule: Allocation Rate (Dynamic GC Workers), MaxAllocRate: 281.4MB/s (+/-23.8%), Free: 1932MB, GCCPUTime: 0.063, GCDuration: 0.063s, TimeUntilOOM: 5.547s, TimeUntilGC: 5.384s, GCWorkers: 1 -> 1
[12.079s][debug][gc,director    ] Rule: High Usage, Free: 1932MB(94.3%)
[12.183s][debug][gc,alloc       ] Allocation Rate: 166.0MB/s, Predicted: 185.5MB/s, Avg: 136.2(+/-29.5)MB/s
[12.184s][debug][gc,director    ] Rule: Warmup 20%, Used: 94MB, UsedThreshold: 409MB
[12.184s][debug][gc,director    ] Select GC Workers (Not Warm), GCWorkers: 1.000
[12.184s][debug][gc,director    ] Rule: Allocation Rate (Dynamic GC Workers), MaxAllocRate: 282.4MB/s (+/-21.6%), Free: 1920MB, GCCPUTime: 0.063, GCDuration: 0.063s, TimeUntilOOM: 5.590s, TimeUntilGC: 5.427s, GCWorkers: 1 -> 1
[12.184s][debug][gc,director    ] Rule: High Usage, Free: 1920MB(93.8%)
[12.280s][debug][gc,alloc       ] Allocation Rate: 166.0MB/s, Predicted: 188.3MB/s, Avg: 142.6(+/-28.3)MB/s
[12.281s][debug][gc,director    ] Rule: Warmup 20%, Used: 106MB, UsedThreshold: 409MB
[12.281s][debug][gc,director    ] Select GC Workers (Not Warm), GCWorkers: 1.000
[12.281s][debug][gc,director    ] Rule: Allocation Rate (Dynamic GC Workers), MaxAllocRate: 281.2MB/s (+/-19.8%), Free: 1908MB, GCCPUTime: 0.063, GCDuration: 0.063s, TimeUntilOOM: 5.662s, TimeUntilGC: 5.499s, GCWorkers: 1 -> 1
[12.281s][debug][gc,director    ] Rule: High Usage, Free: 1908MB(93.2%)
[12.382s][debug][gc,alloc       ] Allocation Rate: 172.0MB/s, Predicted: 190.8MB/s, Avg: 149.0(+/-26.9)MB/s
[12.382s][debug][gc,director    ] Rule: Warmup 20%, Used: 118MB, UsedThreshold: 409MB
[12.382s][debug][gc,director    ] Select GC Workers (Not Warm), GCWorkers: 1.000
[12.382s][debug][gc,director    ] Rule: Allocation Rate (Dynamic GC Workers), MaxAllocRate: 279.4MB/s (+/-18.1%), Free: 1896MB, GCCPUTime: 0.063, GCDuration: 0.063s, TimeUntilOOM: 5.749s, TimeUntilGC: 5.585s, GCWorkers: 1 -> 1
[12.382s][debug][gc,director    ] Rule: High Usage, Free: 1896MB(92.6%)
[12.483s][debug][gc,alloc       ] Allocation Rate: 178.0MB/s, Predicted: 193.1MB/s, Avg: 155.4(+/-25.4)MB/s
[12.483s][debug][gc,director    ] Rule: Warmup 20%, Used: 130MB, UsedThreshold: 409MB
[12.484s][debug][gc,director    ] Select GC Workers (Not Warm), GCWorkers: 1.000
[12.484s][debug][gc,director    ] Rule: Allocation Rate (Dynamic GC Workers), MaxAllocRate: 276.6MB/s (+/-16.3%), Free: 1884MB, GCCPUTime: 0.063, GCDuration: 0.063s, TimeUntilOOM: 5.854s, TimeUntilGC: 5.691s, GCWorkers: 1 -> 1
[12.484s][debug][gc,director    ] Rule: High Usage, Free: 1884MB(92.0%)
[12.578s][debug][gc,alloc       ] Allocation Rate: 176.0MB/s, Predicted: 183.9MB/s, Avg: 164.0(+/-13.6)MB/s
[12.578s][debug][gc,director    ] Rule: Warmup 20%, Used: 140MB, UsedThreshold: 409MB
[12.578s][debug][gc,director    ] Select GC Workers (Not Warm), GCWorkers: 1.000
[12.578s][debug][gc,director    ] Rule: Allocation Rate (Dynamic GC Workers), MaxAllocRate: 228.7MB/s (+/-8.3%), Free: 1874MB, GCCPUTime: 0.063, GCDuration: 0.063s, TimeUntilOOM: 7.566s, TimeUntilGC: 7.402s, GCWorkers: 1 -> 1
[12.578s][debug][gc,director    ] Rule: High Usage, Free: 1874MB(91.5%)
[12.681s][debug][gc,alloc       ] Allocation Rate: 136.0MB/s, Predicted: 162.5MB/s, Avg: 165.0(+/-10.9)MB/s
[12.681s][debug][gc,director    ] Rule: Warmup 20%, Used: 144MB, UsedThreshold: 409MB
[12.681s][debug][gc,director    ] Select GC Workers (Not Warm), GCWorkers: 1.000
[12.681s][debug][gc,director    ] Rule: Allocation Rate (Dynamic GC Workers), MaxAllocRate: 200.8MB/s (+/-6.6%), Free: 1870MB, GCCPUTime: 0.063, GCDuration: 0.063s, TimeUntilOOM: 8.735s, TimeUntilGC: 8.571s, GCWorkers: 1 -> 1
[12.681s][debug][gc,director    ] Rule: High Usage, Free: 1870MB(91.3%)
[12.782s][debug][gc,alloc       ] Allocation Rate: 126.0MB/s, Predicted: 146.7MB/s, Avg: 161.2(+/-16.0)MB/s
[12.783s][debug][gc,director    ] Rule: Warmup 20%, Used: 184MB, UsedThreshold: 409MB
[12.783s][debug][gc,director    ] Select GC Workers (Not Warm), GCWorkers: 1.000
[12.783s][debug][gc,director    ] Rule: Allocation Rate (Dynamic GC Workers), MaxAllocRate: 213.9MB/s (+/-9.9%), Free: 1830MB, GCCPUTime: 0.063, GCDuration: 0.063s, TimeUntilOOM: 7.784s, TimeUntilGC: 7.621s, GCWorkers: 1 -> 1
[12.783s][debug][gc,director    ] Rule: High Usage, Free: 1830MB(89.4%)
[12.877s][debug][gc,alloc       ] Allocation Rate: 126.0MB/s, Predicted: 133.3MB/s, Avg: 157.4(+/-19.1)MB/s
[12.878s][debug][gc,director    ] Rule: Warmup 20%, Used: 196MB, UsedThreshold: 409MB
[12.878s][debug][gc,director    ] Select GC Workers (Not Warm), GCWorkers: 1.000
[12.878s][debug][gc,director    ] Rule: Allocation Rate (Dynamic GC Workers), MaxAllocRate: 220.3MB/s (+/-12.1%), Free: 1818MB, GCCPUTime: 0.063, GCDuration: 0.063s, TimeUntilOOM: 7.361s, TimeUntilGC: 7.198s, GCWorkers: 1 -> 1
[12.878s][debug][gc,director    ] Rule: High Usage, Free: 1818MB(88.8%)
[12.982s][debug][gc,alloc       ] Allocation Rate: 138.0MB/s, Predicted: 127.3MB/s, Avg: 154.8(+/-19.8)MB/s
[12.982s][debug][gc,director    ] Rule: Warmup 20%, Used: 208MB, UsedThreshold: 409MB
[12.982s][debug][gc,director    ] Select GC Workers (Not Warm), GCWorkers: 1.000
[12.982s][debug][gc,director    ] Rule: Allocation Rate (Dynamic GC Workers), MaxAllocRate: 219.9MB/s (+/-12.8%), Free: 1806MB, GCCPUTime: 0.063, GCDuration: 0.063s, TimeUntilOOM: 7.282s, TimeUntilGC: 7.119s, GCWorkers: 1 -> 1
[12.982s][debug][gc,director    ] Rule: High Usage, Free: 1806MB(88.2%)
[13.079s][debug][gc,alloc       ] Allocation Rate: 138.0MB/s, Predicted: 123.1MB/s, Avg: 152.2(+/-20.1)MB/s
[13.079s][debug][gc,director    ] Rule: Warmup 20%, Used: 220MB, UsedThreshold: 409MB
[13.079s][debug][gc,director    ] Select GC Workers (Not Warm), GCWorkers: 1.000
[13.079s][debug][gc,director    ] Rule: Allocation Rate (Dynamic GC Workers), MaxAllocRate: 218.4MB/s (+/-13.2%), Free: 1794MB, GCCPUTime: 0.063, GCDuration: 0.063s, TimeUntilOOM: 7.257s, TimeUntilGC: 7.093s, GCWorkers: 1 -> 1
[13.079s][debug][gc,director    ] Rule: High Usage, Free: 1794MB(87.6%)
[13.182s][debug][gc,alloc       ] Allocation Rate: 138.0MB/s, Predicted: 121.1MB/s, Avg: 149.4(+/-19.9)MB/s
[13.182s][debug][gc,director    ] Rule: Warmup 20%, Used: 232MB, UsedThreshold: 409MB
[13.182s][debug][gc,director    ] Select GC Workers (Not Warm), GCWorkers: 1.000
[13.182s][debug][gc,director    ] Rule: Allocation Rate (Dynamic GC Workers), MaxAllocRate: 215.0MB/s (+/-13.3%), Free: 1782MB, GCCPUTime: 0.063, GCDuration: 0.063s, TimeUntilOOM: 7.312s, TimeUntilGC: 7.148s, GCWorkers: 1 -> 1
[13.182s][debug][gc,director    ] Rule: High Usage, Free: 1782MB(87.0%)
[13.280s][debug][gc,alloc       ] Allocation Rate: 136.0MB/s, Predicted: 120.1MB/s, Avg: 146.4(+/-19.5)MB/s
[13.280s][debug][gc,director    ] Rule: Warmup 20%, Used: 242MB, UsedThreshold: 409MB
[13.280s][debug][gc,director    ] Select GC Workers (Not Warm), GCWorkers: 1.000
[13.280s][debug][gc,director    ] Rule: Allocation Rate (Dynamic GC Workers), MaxAllocRate: 210.5MB/s (+/-13.3%), Free: 1772MB, GCCPUTime: 0.063, GCDuration: 0.063s, TimeUntilOOM: 7.431s, TimeUntilGC: 7.268s, GCWorkers: 1 -> 1
[13.280s][debug][gc,director    ] Rule: High Usage, Free: 1772MB(86.5%)
[13.379s][debug][gc,alloc       ] Allocation Rate: 126.0MB/s, Predicted: 118.8MB/s, Avg: 141.8(+/-18.3)MB/s
[13.379s][debug][gc,director    ] Rule: Warmup 20%, Used: 244MB, UsedThreshold: 409MB
[13.380s][debug][gc,director    ] Select GC Workers (Not Warm), GCWorkers: 1.000
[13.380s][debug][gc,director    ] Rule: Allocation Rate (Dynamic GC Workers), MaxAllocRate: 201.9MB/s (+/-12.9%), Free: 1770MB, GCCPUTime: 0.063, GCDuration: 0.063s, TimeUntilOOM: 7.765s, TimeUntilGC: 7.601s, GCWorkers: 1 -> 1
[13.380s][debug][gc,director    ] Rule: High Usage, Free: 1770MB(86.4%)
[13.479s][debug][gc,alloc       ] Allocation Rate: 126.0MB/s, Predicted: 122.1MB/s, Avg: 136.6(+/-14.2)MB/s
[13.479s][debug][gc,director    ] Rule: Warmup 20%, Used: 256MB, UsedThreshold: 409MB
[13.480s][debug][gc,director    ] Select GC Workers (Not Warm), GCWorkers: 1.000
[13.480s][debug][gc,director    ] Rule: Allocation Rate (Dynamic GC Workers), MaxAllocRate: 183.2MB/s (+/-10.4%), Free: 1758MB, GCCPUTime: 0.063, GCDuration: 0.063s, TimeUntilOOM: 8.693s, TimeUntilGC: 8.529s, GCWorkers: 1 -> 1
[13.480s][debug][gc,director    ] Rule: High Usage, Free: 1758MB(85.8%)
[13.584s][debug][gc,alloc       ] Allocation Rate: 126.0MB/s, Predicted: 128.4MB/s, Avg: 131.6(+/-5.6)MB/s
[13.584s][debug][gc,director    ] Rule: Warmup 20%, Used: 266MB, UsedThreshold: 409MB
[13.585s][debug][gc,director    ] Select GC Workers (Not Warm), GCWorkers: 1.000
[13.585s][debug][gc,director    ] Rule: Allocation Rate (Dynamic GC Workers), MaxAllocRate: 150.2MB/s (+/-4.3%), Free: 1748MB, GCCPUTime: 0.063, GCDuration: 0.063s, TimeUntilOOM: 11.162s, TimeUntilGC: 10.998s, GCWorkers: 1 -> 1
[13.585s][debug][gc,director    ] Rule: High Usage, Free: 1748MB(85.4%)
[13.683s][debug][gc,alloc       ] Allocation Rate: 166.0MB/s, Predicted: 143.3MB/s, Avg: 134.6(+/-11.8)MB/s
[13.683s][debug][gc,director    ] Rule: Warmup 20%, Used: 310MB, UsedThreshold: 409MB
[13.683s][debug][gc,director    ] Select GC Workers (Not Warm), GCWorkers: 1.000
[13.683s][debug][gc,director    ] Rule: Allocation Rate (Dynamic GC Workers), MaxAllocRate: 182.2MB/s (+/-8.8%), Free: 1704MB, GCCPUTime: 0.063, GCDuration: 0.063s, TimeUntilOOM: 8.600s, TimeUntilGC: 8.437s, GCWorkers: 1 -> 1
[13.684s][debug][gc,director    ] Rule: High Usage, Free: 1704MB(83.2%)
[13.779s][debug][gc,alloc       ] Allocation Rate: 126.0MB/s, Predicted: 137.6MB/s, Avg: 134.6(+/-11.8)MB/s
[13.780s][debug][gc,director    ] Rule: Warmup 20%, Used: 310MB, UsedThreshold: 409MB
[13.780s][debug][gc,director    ] Select GC Workers (Not Warm), GCWorkers: 1.000
[13.780s][debug][gc,director    ] Rule: Allocation Rate (Dynamic GC Workers), MaxAllocRate: 176.4MB/s (+/-8.8%), Free: 1704MB, GCCPUTime: 0.063, GCDuration: 0.063s, TimeUntilOOM: 8.880s, TimeUntilGC: 8.716s, GCWorkers: 1 -> 1
[13.780s][debug][gc,director    ] Rule: High Usage, Free: 1704MB(83.2%)
[13.879s][debug][gc,alloc       ] Allocation Rate: 126.0MB/s, Predicted: 131.9MB/s, Avg: 134.6(+/-11.8)MB/s
[13.879s][debug][gc,director    ] Rule: Warmup 20%, Used: 322MB, UsedThreshold: 409MB
[13.879s][debug][gc,director    ] Select GC Workers (Not Warm), GCWorkers: 1.000
[13.879s][debug][gc,director    ] Rule: Allocation Rate (Dynamic GC Workers), MaxAllocRate: 173.4MB/s (+/-8.8%), Free: 1692MB, GCCPUTime: 0.063, GCDuration: 0.063s, TimeUntilOOM: 8.970s, TimeUntilGC: 8.806s, GCWorkers: 1 -> 1
[13.879s][debug][gc,director    ] Rule: High Usage, Free: 1692MB(82.6%)
[13.979s][debug][gc,alloc       ] Allocation Rate: 126.0MB/s, Predicted: 129.3MB/s, Avg: 133.4(+/-12.0)MB/s
[13.979s][debug][gc,director    ] Rule: Warmup 20%, Used: 334MB, UsedThreshold: 409MB
[13.979s][debug][gc,director    ] Select GC Workers (Not Warm), GCWorkers: 1.000
[13.979s][debug][gc,director    ] Rule: Allocation Rate (Dynamic GC Workers), MaxAllocRate: 172.9MB/s (+/-9.0%), Free: 1680MB, GCCPUTime: 0.063, GCDuration: 0.063s, TimeUntilOOM: 8.915s, TimeUntilGC: 8.752s, GCWorkers: 1 -> 1
[13.980s][debug][gc,director    ] Rule: High Usage, Free: 1680MB(82.0%)
[14.082s][debug][gc,alloc       ] Allocation Rate: 126.0MB/s, Predicted: 127.6MB/s, Avg: 132.2(+/-12.1)MB/s
[14.082s][debug][gc,director    ] Rule: Warmup 20%, Used: 346MB, UsedThreshold: 409MB
[14.082s][debug][gc,director    ] Select GC Workers (Not Warm), GCWorkers: 1.000
[14.082s][debug][gc,director    ] Rule: Allocation Rate (Dynamic GC Workers), MaxAllocRate: 172.0MB/s (+/-9.1%), Free: 1668MB, GCCPUTime: 0.063, GCDuration: 0.063s, TimeUntilOOM: 8.888s, TimeUntilGC: 8.725s, GCWorkers: 1 -> 1
[14.082s][debug][gc,director    ] Rule: High Usage, Free: 1668MB(81.4%)
[14.178s][debug][gc,alloc       ] Allocation Rate: 120.0MB/s, Predicted: 124.3MB/s, Avg: 130.4(+/-12.4)MB/s
[14.178s][debug][gc,director    ] Rule: Warmup 20%, Used: 352MB, UsedThreshold: 409MB
[14.178s][debug][gc,director    ] Select GC Workers (Not Warm), GCWorkers: 1.000
[14.178s][debug][gc,director    ] Rule: Allocation Rate (Dynamic GC Workers), MaxAllocRate: 171.3MB/s (+/-9.5%), Free: 1662MB, GCCPUTime: 0.063, GCDuration: 0.063s, TimeUntilOOM: 8.860s, TimeUntilGC: 8.697s, GCWorkers: 1 -> 1
[14.178s][debug][gc,director    ] Rule: High Usage, Free: 1662MB(81.2%)
[14.280s][debug][gc,alloc       ] Allocation Rate: 116.0MB/s, Predicted: 120.0MB/s, Avg: 128.4(+/-13.0)MB/s
[14.280s][debug][gc,director    ] Rule: Warmup 20%, Used: 358MB, UsedThreshold: 409MB
[14.280s][debug][gc,director    ] Select GC Workers (Not Warm), GCWorkers: 1.000
[14.281s][debug][gc,director    ] Rule: Allocation Rate (Dynamic GC Workers), MaxAllocRate: 171.0MB/s (+/-10.1%), Free: 1656MB, GCCPUTime: 0.063, GCDuration: 0.063s, TimeUntilOOM: 8.795s, TimeUntilGC: 8.632s, GCWorkers: 1 -> 1
[14.281s][debug][gc,director    ] Rule: High Usage, Free: 1656MB(80.9%)
[14.378s][debug][gc,alloc       ] Allocation Rate: 126.0MB/s, Predicted: 118.4MB/s, Avg: 128.4(+/-13.0)MB/s
[14.379s][debug][gc,director    ] Rule: Warmup 20%, Used: 370MB, UsedThreshold: 409MB
[14.379s][debug][gc,director    ] Select GC Workers (Not Warm), GCWorkers: 1.000
[14.379s][debug][gc,director    ] Rule: Allocation Rate (Dynamic GC Workers), MaxAllocRate: 171.0MB/s (+/-10.1%), Free: 1644MB, GCCPUTime: 0.063, GCDuration: 0.063s, TimeUntilOOM: 8.731s, TimeUntilGC: 8.568s, GCWorkers: 1 -> 1
[14.379s][debug][gc,director    ] Rule: High Usage, Free: 1644MB(80.3%)
[14.483s][debug][gc,alloc       ] Allocation Rate: 126.0MB/s, Predicted: 116.8MB/s, Avg: 128.4(+/-13.0)MB/s
[14.483s][debug][gc,director    ] Rule: Warmup 20%, Used: 382MB, UsedThreshold: 409MB
[14.483s][debug][gc,director    ] Select GC Workers (Not Warm), GCWorkers: 1.000
[14.483s][debug][gc,director    ] Rule: Allocation Rate (Dynamic GC Workers), MaxAllocRate: 171.0MB/s (+/-10.1%), Free: 1632MB, GCCPUTime: 0.063, GCDuration: 0.063s, TimeUntilOOM: 8.668s, TimeUntilGC: 8.504s, GCWorkers: 1 -> 1
[14.483s][debug][gc,director    ] Rule: High Usage, Free: 1632MB(79.7%)
[14.579s][debug][gc,alloc       ] Allocation Rate: 126.0MB/s, Predicted: 115.2MB/s, Avg: 128.4(+/-13.0)MB/s
[14.579s][debug][gc,director    ] Rule: Warmup 20%, Used: 392MB, UsedThreshold: 409MB
[14.580s][debug][gc,director    ] Select GC Workers (Not Warm), GCWorkers: 1.000
[14.580s][debug][gc,director    ] Rule: Allocation Rate (Dynamic GC Workers), MaxAllocRate: 171.0MB/s (+/-10.1%), Free: 1622MB, GCCPUTime: 0.063, GCDuration: 0.063s, TimeUntilOOM: 8.615s, TimeUntilGC: 8.451s, GCWorkers: 1 -> 1
[14.580s][debug][gc,director    ] Rule: High Usage, Free: 1622MB(79.2%)
[14.678s][debug][gc,alloc       ] Allocation Rate: 84.0MB/s, Predicted: 107.5MB/s, Avg: 120.2(+/-12.5)MB/s
[14.678s][debug][gc,director    ] Rule: Warmup 20%, Used: 394MB, UsedThreshold: 409MB
[14.678s][debug][gc,director    ] Select GC Workers (Not Warm), GCWorkers: 1.000
[14.678s][debug][gc,director    ] Rule: Allocation Rate (Dynamic GC Workers), MaxAllocRate: 161.3MB/s (+/-10.4%), Free: 1620MB, GCCPUTime: 0.063, GCDuration: 0.063s, TimeUntilOOM: 9.094s, TimeUntilGC: 8.931s, GCWorkers: 1 -> 1
[14.678s][debug][gc,director    ] Rule: High Usage, Free: 1620MB(79.1%)
[14.782s][debug][gc,alloc       ] Allocation Rate: 126.0MB/s, Predicted: 111.3MB/s, Avg: 120.2(+/-12.5)MB/s
[14.783s][debug][gc,director    ] Rule: Warmup 20%, Used: 436MB, UsedThreshold: 409MB
[14.783s][debug][gc,heap        ] GC(1) Heap before GC invocations=1 (full 1):
[14.783s][debug][gc,heap        ] GC(1)  ZHeap           used 436M, capacity 436M, max capacity 2048M
[14.783s][debug][gc,heap        ] GC(1)  Metaspace       used 8730K, committed 9024K, reserved 1114112K
[14.783s][debug][gc,heap        ] GC(1)   class space    used 928K, committed 1088K, reserved 1048576K
[14.783s][info ][gc,start       ] GC(1) Garbage Collection (Warmup)
[14.783s][info ][gc,task        ] GC(1) Using 1 workers
[14.783s][debug][gc,phases,start] GC(1) Pause Mark Start
[14.784s][debug][gc,marking     ] GC(1) Using 1 mark stripes
[14.784s][debug][gc,marking     ] GC(1) Mark Worker/Stripe Distribution
[14.784s][debug][gc,marking     ] GC(1)   Worker 0(1) -> Stripe 0(1)
[14.784s][info ][gc,phases      ] GC(1) Pause Mark Start 0.225ms
[14.784s][debug][gc,phases,start] GC(1) Concurrent Mark
[14.784s][debug][gc,task        ] GC(1) Executing Task: ZMarkRootsTask, Active Workers: 1
[14.789s][debug][gc,tlab        ] GC(1) TLAB totals: thrds: 8  refills: 1184 max: 1175 slow allocs: 77 max 77 waste:  1.1% gc: 1716016B max: 261808B slow: 1613136B max: 1611856B
[14.789s][debug][gc,task        ] GC(1) Executing Task: ZMarkTask, Active Workers: 1
[14.827s][info ][gc,phases      ] GC(1) Concurrent Mark 43.395ms
[14.829s][debug][gc,phases,start] GC(1) Pause Mark End
[14.829s][debug][gc,task        ] GC(1) Executing Task: ZMarkTask, Active Workers: 1
[14.829s][debug][gc,marking     ] GC(1) Mark With Timeout (ZWorker#0): Completed, 13 oops, 0.005ms
[14.829s][info ][gc,phases      ] GC(1) Pause Mark End 0.198ms
[14.829s][debug][gc,phases,start] GC(1) Concurrent Mark Free
[14.829s][info ][gc,phases      ] GC(1) Concurrent Mark Free 0.051ms
[14.829s][debug][gc,phases,start] GC(1) Concurrent Process Non-Strong References
[14.829s][debug][gc,phases,start] GC(1) Concurrent References Process
[14.829s][debug][gc,task        ] GC(1) Executing Task: ZReferenceProcessorTask, Active Workers: 1
[14.829s][debug][gc,phases      ] GC(1) Concurrent References Process 0.276ms
[14.829s][debug][gc,task        ] GC(1) Executing Task: ZProcessWeakRootsTask, Active Workers: 1
[14.831s][debug][gc,phases,start] GC(1) Concurrent Classes Unlink
[14.831s][debug][gc,phases,start] GC(1) ClassLoaderData
[14.832s][debug][gc,phases      ] GC(1) ClassLoaderData 0.101ms
[14.832s][debug][gc,phases,start] GC(1) Trigger cleanups
[14.832s][debug][gc,phases      ] GC(1) Trigger cleanups 0.037ms
[14.832s][debug][gc,task        ] GC(1) Executing Task: ZNMethodUnlinkTask, Active Workers: 1
[14.841s][debug][gc,phases      ] GC(1) Concurrent Classes Unlink 9.434ms
[14.841s][debug][gc,phases,start] GC(1) Concurrent Classes Purge
[14.841s][debug][gc,task        ] GC(1) Executing Task: ZNMethodPurgeTask, Active Workers: 1
[14.841s][debug][gc,phases      ] GC(1) Concurrent Classes Purge 0.396ms
[14.841s][debug][gc,phases,start] GC(1) Concurrent References Enqueue
[14.842s][debug][gc,phases      ] GC(1) Concurrent References Enqueue 0.128ms
[14.842s][info ][gc,phases      ] GC(1) Concurrent Process Non-Strong References 12.475ms
[14.842s][debug][gc,phases,start] GC(1) Concurrent Reset Relocation Set
[14.842s][info ][gc,phases      ] GC(1) Concurrent Reset Relocation Set 0.024ms
[14.842s][debug][gc,phases,start] GC(1) Concurrent Select Relocation Set
[14.848s][debug][gc,task        ] GC(1) Executing Task: ZRelocationSetInstallTask, Active Workers: 1
[14.848s][info ][gc,phases      ] GC(1) Concurrent Select Relocation Set 6.502ms
[14.848s][debug][gc,phases,start] GC(1) Pause Relocate Start
[14.848s][info ][gc,phases      ] GC(1) Pause Relocate Start 0.036ms
[14.849s][debug][gc,phases,start] GC(1) Concurrent Relocate
[14.849s][debug][gc,task        ] GC(1) Executing Task: ZRelocateTask, Active Workers: 1
[14.852s][info ][gc,phases      ] GC(1) Concurrent Relocate 3.526ms
[14.852s][debug][gc,heap        ] GC(1) Heap after GC invocations=2 (full 2):
[14.852s][debug][gc,heap        ] GC(1)  ZHeap           used 56M, capacity 486M, max capacity 2048M
[14.852s][debug][gc,heap        ] GC(1)  Metaspace       used 8740K, committed 9088K, reserved 1114112K
[14.852s][debug][gc,heap        ] GC(1)   class space    used 928K, committed 1088K, reserved 1048576K
[14.852s][info ][gc,load        ] GC(1) Load: 4.62/3.26/2.74
[14.852s][info ][gc,mmu         ] GC(1) MMU: 2ms/88.7%, 5ms/95.5%, 10ms/97.7%, 20ms/98.8%, 50ms/99.2%, 100ms/99.5%
[14.852s][info ][gc,marking     ] GC(1) Mark: 1 stripe(s), 2 proactive flush(es), 1 terminate flush(es), 1 completion(s), 0 continuation(s) 
[14.852s][info ][gc,marking     ] GC(1) Mark Stack Usage: 32M
[14.852s][info ][gc,nmethod     ] GC(1) NMethods: 2532 registered, 0 unregistered
[14.852s][info ][gc,metaspace   ] GC(1) Metaspace: 8M used, 8M committed, 1088M reserved
[14.852s][info ][gc,ref         ] GC(1) Soft: 737 encountered, 0 discovered, 0 enqueued
[14.852s][info ][gc,ref         ] GC(1) Weak: 1290 encountered, 610 discovered, 0 enqueued
[14.852s][info ][gc,ref         ] GC(1) Final: 0 encountered, 0 discovered, 0 enqueued
[14.852s][info ][gc,ref         ] GC(1) Phantom: 15 encountered, 9 discovered, 0 enqueued
[14.852s][info ][gc,reloc       ] GC(1) Small Pages: 154 / 308M, Empty: 294M, Relocated: 1M, In-Place: 0
[14.852s][info ][gc,reloc       ] GC(1) Medium Pages: 4 / 128M, Empty: 128M, Relocated: 0M, In-Place: 0
[14.852s][info ][gc,reloc       ] GC(1) Large Pages: 0 / 0M, Empty: 0M, Relocated: 0M, In-Place: 0
[14.852s][info ][gc,reloc       ] GC(1) Forwarding Usage: 0M
[14.852s][info ][gc,heap        ] GC(1) Min Capacity: 8M(0%)
[14.852s][info ][gc,heap        ] GC(1) Max Capacity: 2048M(100%)
[14.852s][info ][gc,heap        ] GC(1) Soft Max Capacity: 2048M(100%)
[14.852s][info ][gc,heap        ] GC(1)                Mark Start          Mark End        Relocate Start      Relocate End           High               Low         
[14.852s][info ][gc,heap        ] GC(1)  Capacity:      436M (21%)         480M (23%)         486M (24%)         486M (24%)         486M (24%)         436M (21%)    
[14.852s][info ][gc,heap        ] GC(1)      Free:     1612M (79%)        1568M (77%)        1984M (97%)        1992M (97%)        1992M (97%)        1562M (76%)    
[14.852s][info ][gc,heap        ] GC(1)      Used:      436M (21%)         480M (23%)          64M (3%)           56M (3%)          486M (24%)          56M (3%)     
[14.852s][info ][gc,heap        ] GC(1)      Live:         -                 5M (0%)            5M (0%)            5M (0%)             -                  -          
[14.852s][info ][gc,heap        ] GC(1) Allocated:         -                44M (2%)           50M (2%)           50M (2%)             -                  -          
[14.852s][info ][gc,heap        ] GC(1)   Garbage:         -               430M (21%)           8M (0%)            0M (0%)             -                  -          
[14.852s][info ][gc,heap        ] GC(1) Reclaimed:         -                  -               422M (21%)         430M (21%)            -                  -          
[14.852s][info ][gc             ] GC(1) Garbage Collection (Warmup) 436M(21%)->56M(3%)
[14.881s][debug][gc,alloc       ] Allocation Rate: 164.0MB/s, Predicted: 130.4MB/s, Avg: 124.0(+/-18.2)MB/s
[14.881s][debug][gc,director    ] Rule: Warmup 30%, Used: 56MB, UsedThreshold: 614MB
[14.881s][debug][gc,director    ] Select GC Workers (Not Warm), GCWorkers: 1.000
[14.881s][debug][gc,director    ] Rule: Allocation Rate (Dynamic GC Workers), MaxAllocRate: 190.2MB/s (+/-14.7%), Free: 1958MB, GCCPUTime: 0.093, GCDuration: 0.093s, TimeUntilOOM: 8.978s, TimeUntilGC: 8.785s, GCWorkers: 1 -> 1
[14.881s][debug][gc,director    ] Rule: High Usage, Free: 1958MB(95.6%)
[14.977s][debug][gc,alloc       ] Allocation Rate: 162.0MB/s, Predicted: 146.1MB/s, Avg: 127.6(+/-21.5)MB/s
[14.978s][debug][gc,director    ] Rule: Warmup 30%, Used: 66MB, UsedThreshold: 614MB
[14.978s][debug][gc,director    ] Select GC Workers (Not Warm), GCWorkers: 1.000
[14.978s][debug][gc,director    ] Rule: Allocation Rate (Dynamic GC Workers), MaxAllocRate: 216.8MB/s (+/-16.8%), Free: 1948MB, GCCPUTime: 0.093, GCDuration: 0.093s, TimeUntilOOM: 7.690s, TimeUntilGC: 7.497s, GCWorkers: 1 -> 1
[14.978s][debug][gc,director    ] Rule: High Usage, Free: 1948MB(95.1%)
[15.080s][debug][gc,alloc       ] Allocation Rate: 162.0MB/s, Predicted: 159.5MB/s, Avg: 131.2(+/-23.8)MB/s
[15.080s][debug][gc,director    ] Rule: Warmup 30%, Used: 78MB, UsedThreshold: 614MB
[15.080s][debug][gc,director    ] Select GC Workers (Not Warm), GCWorkers: 1.000
[15.080s][debug][gc,director    ] Rule: Allocation Rate (Dynamic GC Workers), MaxAllocRate: 237.8MB/s (+/-18.1%), Free: 1936MB, GCCPUTime: 0.093, GCDuration: 0.093s, TimeUntilOOM: 6.891s, TimeUntilGC: 6.698s, GCWorkers: 1 -> 1
[15.080s][debug][gc,director    ] Rule: High Usage, Free: 1936MB(94.5%)
[15.179s][debug][gc,alloc       ] Allocation Rate: 156.0MB/s, Predicted: 166.4MB/s, Avg: 134.8(+/-24.5)MB/s
[15.179s][debug][gc,director    ] Rule: Warmup 30%, Used: 78MB, UsedThreshold: 614MB
[15.180s][debug][gc,director    ] Select GC Workers (Not Warm), GCWorkers: 1.000
[15.180s][debug][gc,director    ] Rule: Allocation Rate (Dynamic GC Workers), MaxAllocRate: 247.2MB/s (+/-18.2%), Free: 1936MB, GCCPUTime: 0.093, GCDuration: 0.093s, TimeUntilOOM: 6.626s, TimeUntilGC: 6.433s, GCWorkers: 1 -> 1
[15.180s][debug][gc,director    ] Rule: High Usage, Free: 1936MB(94.5%)
[15.284s][debug][gc,alloc       ] Allocation Rate: 160.0MB/s, Predicted: 171.5MB/s, Avg: 139.2(+/-24.7)MB/s
[15.284s][debug][gc,director    ] Rule: Warmup 30%, Used: 88MB, UsedThreshold: 614MB
[15.285s][debug][gc,director    ] Select GC Workers (Not Warm), GCWorkers: 1.000
[15.285s][debug][gc,director    ] Rule: Allocation Rate (Dynamic GC Workers), MaxAllocRate: 252.8MB/s (+/-17.8%), Free: 1926MB, GCCPUTime: 0.093, GCDuration: 0.093s, TimeUntilOOM: 6.469s, TimeUntilGC: 6.276s, GCWorkers: 1 -> 1
[15.285s][debug][gc,director    ] Rule: High Usage, Free: 1926MB(94.0%)
[15.378s][debug][gc,alloc       ] Allocation Rate: 160.0MB/s, Predicted: 176.3MB/s, Avg: 142.6(+/-25.0)MB/s
[15.378s][debug][gc,director    ] Rule: Warmup 30%, Used: 100MB, UsedThreshold: 614MB
[15.378s][debug][gc,director    ] Select GC Workers (Not Warm), GCWorkers: 1.000
[15.378s][debug][gc,director    ] Rule: Allocation Rate (Dynamic GC Workers), MaxAllocRate: 258.6MB/s (+/-17.5%), Free: 1914MB, GCCPUTime: 0.093, GCDuration: 0.093s, TimeUntilOOM: 6.298s, TimeUntilGC: 6.104s, GCWorkers: 1 -> 1
[15.378s][debug][gc,director    ] Rule: High Usage, Free: 1914MB(93.5%)
[15.482s][debug][gc,alloc       ] Allocation Rate: 160.0MB/s, Predicted: 178.8MB/s, Avg: 146.0(+/-24.8)MB/s
[15.482s][debug][gc,director    ] Rule: Warmup 30%, Used: 112MB, UsedThreshold: 614MB
[15.482s][debug][gc,director    ] Select GC Workers (Not Warm), GCWorkers: 1.000
[15.482s][debug][gc,director    ] Rule: Allocation Rate (Dynamic GC Workers), MaxAllocRate: 260.5MB/s (+/-17.0%), Free: 1902MB, GCCPUTime: 0.093, GCDuration: 0.093s, TimeUntilOOM: 6.239s, TimeUntilGC: 6.046s, GCWorkers: 1 -> 1
[15.482s][debug][gc,director    ] Rule: High Usage, Free: 1902MB(92.9%)
[15.582s][debug][gc,alloc       ] Allocation Rate: 162.0MB/s, Predicted: 179.9MB/s, Avg: 149.6(+/-24.3)MB/s
[15.582s][debug][gc,director    ] Rule: Warmup 30%, Used: 124MB, UsedThreshold: 614MB
[15.582s][debug][gc,director    ] Select GC Workers (Not Warm), GCWorkers: 1.000
[15.582s][debug][gc,director    ] Rule: Allocation Rate (Dynamic GC Workers), MaxAllocRate: 259.8MB/s (+/-16.2%), Free: 1890MB, GCCPUTime: 0.093, GCDuration: 0.093s, TimeUntilOOM: 6.260s, TimeUntilGC: 6.067s, GCWorkers: 1 -> 1
[15.582s][debug][gc,director    ] Rule: High Usage, Free: 1890MB(92.3%)
[15.678s][debug][gc,alloc       ] Allocation Rate: 172.0MB/s, Predicted: 171.3MB/s, Avg: 158.4(+/-11.5)MB/s
[15.678s][debug][gc,director    ] Rule: Warmup 30%, Used: 136MB, UsedThreshold: 614MB
[15.678s][debug][gc,director    ] Select GC Workers (Not Warm), GCWorkers: 1.000
[15.678s][debug][gc,director    ] Rule: Allocation Rate (Dynamic GC Workers), MaxAllocRate: 209.1MB/s (+/-7.2%), Free: 1878MB, GCCPUTime: 0.093, GCDuration: 0.093s, TimeUntilOOM: 8.374s, TimeUntilGC: 8.181s, GCWorkers: 1 -> 1
[15.678s][debug][gc,director    ] Rule: High Usage, Free: 1878MB(91.7%)
[15.779s][debug][gc,alloc       ] Allocation Rate: 130.0MB/s, Predicted: 151.3MB/s, Avg: 158.8(+/-10.4)MB/s
[15.779s][debug][gc,director    ] Rule: Warmup 30%, Used: 136MB, UsedThreshold: 614MB
[15.779s][debug][gc,director    ] Select GC Workers (Not Warm), GCWorkers: 1.000
[15.779s][debug][gc,director    ] Rule: Allocation Rate (Dynamic GC Workers), MaxAllocRate: 192.9MB/s (+/-6.5%), Free: 1878MB, GCCPUTime: 0.093, GCDuration: 0.093s, TimeUntilOOM: 9.140s, TimeUntilGC: 8.946s, GCWorkers: 1 -> 1
[15.779s][debug][gc,director    ] Rule: High Usage, Free: 1878MB(91.7%)
[15.881s][debug][gc,alloc       ] Allocation Rate: 126.0MB/s, Predicted: 139.6MB/s, Avg: 155.0(+/-14.1)MB/s
[15.881s][debug][gc,director    ] Rule: Warmup 30%, Used: 182MB, UsedThreshold: 614MB
[15.881s][debug][gc,director    ] Select GC Workers (Not Warm), GCWorkers: 1.000
[15.881s][debug][gc,director    ] Rule: Allocation Rate (Dynamic GC Workers), MaxAllocRate: 201.3MB/s (+/-9.1%), Free: 1832MB, GCCPUTime: 0.093, GCDuration: 0.093s, TimeUntilOOM: 8.345s, TimeUntilGC: 8.151s, GCWorkers: 1 -> 1
[15.881s][debug][gc,director    ] Rule: High Usage, Free: 1832MB(89.5%)
[15.982s][debug][gc,alloc       ] Allocation Rate: 128.0MB/s, Predicted: 130.7MB/s, Avg: 151.6(+/-15.9)MB/s
[15.982s][debug][gc,director    ] Rule: Warmup 30%, Used: 194MB, UsedThreshold: 614MB
[15.982s][debug][gc,director    ] Select GC Workers (Not Warm), GCWorkers: 1.000
[15.982s][debug][gc,director    ] Rule: Allocation Rate (Dynamic GC Workers), MaxAllocRate: 204.1MB/s (+/-10.5%), Free: 1820MB, GCCPUTime: 0.093, GCDuration: 0.093s, TimeUntilOOM: 8.070s, TimeUntilGC: 7.877s, GCWorkers: 1 -> 1
[15.982s][debug][gc,director    ] Rule: High Usage, Free: 1820MB(88.9%)
[16.078s][debug][gc,alloc       ] Allocation Rate: 128.0MB/s, Predicted: 124.0MB/s, Avg: 148.2(+/-17.0)MB/s
[16.078s][debug][gc,director    ] Rule: Warmup 30%, Used: 206MB, UsedThreshold: 614MB
[16.078s][debug][gc,director    ] Select GC Workers (Not Warm), GCWorkers: 1.000
[16.079s][debug][gc,director    ] Rule: Allocation Rate (Dynamic GC Workers), MaxAllocRate: 204.0MB/s (+/-11.4%), Free: 1808MB, GCCPUTime: 0.093, GCDuration: 0.093s, TimeUntilOOM: 7.953s, TimeUntilGC: 7.760s, GCWorkers: 1 -> 1
[16.079s][debug][gc,director    ] Rule: High Usage, Free: 1808MB(88.3%)
[16.183s][debug][gc,alloc       ] Allocation Rate: 138.0MB/s, Predicted: 122.0MB/s, Avg: 146.4(+/-17.0)MB/s
[16.183s][debug][gc,director    ] Rule: Warmup 30%, Used: 216MB, UsedThreshold: 614MB
[16.183s][debug][gc,director    ] Select GC Workers (Not Warm), GCWorkers: 1.000
[16.183s][debug][gc,director    ] Rule: Allocation Rate (Dynamic GC Workers), MaxAllocRate: 202.3MB/s (+/-11.6%), Free: 1798MB, GCCPUTime: 0.093, GCDuration: 0.093s, TimeUntilOOM: 7.963s, TimeUntilGC: 7.770s, GCWorkers: 1 -> 1
[16.183s][debug][gc,director    ] Rule: High Usage, Free: 1798MB(87.8%)
[16.280s][debug][gc,alloc       ] Allocation Rate: 140.0MB/s, Predicted: 123.1MB/s, Avg: 144.4(+/-16.4)MB/s
[16.281s][debug][gc,director    ] Rule: Warmup 30%, Used: 228MB, UsedThreshold: 614MB
[16.281s][debug][gc,director    ] Select GC Workers (Not Warm), GCWorkers: 1.000
[16.281s][debug][gc,director    ] Rule: Allocation Rate (Dynamic GC Workers), MaxAllocRate: 198.5MB/s (+/-11.4%), Free: 1786MB, GCCPUTime: 0.093, GCDuration: 0.093s, TimeUntilOOM: 8.078s, TimeUntilGC: 7.885s, GCWorkers: 1 -> 1
[16.281s][debug][gc,director    ] Rule: High Usage, Free: 1786MB(87.2%)
[16.383s][debug][gc,alloc       ] Allocation Rate: 140.0MB/s, Predicted: 125.5MB/s, Avg: 142.4(+/-15.6)MB/s
[16.383s][debug][gc,director    ] Rule: Warmup 30%, Used: 240MB, UsedThreshold: 614MB
[16.383s][debug][gc,director    ] Select GC Workers (Not Warm), GCWorkers: 1.000
[16.383s][debug][gc,director    ] Rule: Allocation Rate (Dynamic GC Workers), MaxAllocRate: 193.8MB/s (+/-11.0%), Free: 1774MB, GCCPUTime: 0.093, GCDuration: 0.093s, TimeUntilOOM: 8.250s, TimeUntilGC: 8.057s, GCWorkers: 1 -> 1
[16.383s][debug][gc,director    ] Rule: High Usage, Free: 1774MB(86.6%)
[16.479s][debug][gc,alloc       ] Allocation Rate: 140.0MB/s, Predicted: 129.2MB/s, Avg: 140.4(+/-14.5)MB/s
[16.479s][debug][gc,director    ] Rule: Warmup 30%, Used: 252MB, UsedThreshold: 614MB
[16.479s][debug][gc,director    ] Select GC Workers (Not Warm), GCWorkers: 1.000
[16.479s][debug][gc,director    ] Rule: Allocation Rate (Dynamic GC Workers), MaxAllocRate: 188.0MB/s (+/-10.3%), Free: 1762MB, GCCPUTime: 0.093, GCDuration: 0.093s, TimeUntilOOM: 8.496s, TimeUntilGC: 8.302s, GCWorkers: 1 -> 1
[16.479s][debug][gc,director    ] Rule: High Usage, Free: 1762MB(86.0%)
[16.578s][debug][gc,alloc       ] Allocation Rate: 128.0MB/s, Predicted: 130.0MB/s, Avg: 137.0(+/-12.9)MB/s
[16.578s][debug][gc,director    ] Rule: Warmup 30%, Used: 252MB, UsedThreshold: 614MB
[16.578s][debug][gc,director    ] Select GC Workers (Not Warm), GCWorkers: 1.000
[16.579s][debug][gc,director    ] Rule: Allocation Rate (Dynamic GC Workers), MaxAllocRate: 179.5MB/s (+/-9.4%), Free: 1762MB, GCCPUTime: 0.093, GCDuration: 0.093s, TimeUntilOOM: 8.972s, TimeUntilGC: 8.779s, GCWorkers: 1 -> 1
[16.579s][debug][gc,director    ] Rule: High Usage, Free: 1762MB(86.0%)
[16.685s][debug][gc,alloc       ] Allocation Rate: 128.0MB/s, Predicted: 135.7MB/s, Avg: 132.6(+/-5.7)MB/s
[16.685s][debug][gc,director    ] Rule: Warmup 30%, Used: 264MB, UsedThreshold: 614MB
[16.685s][debug][gc,director    ] Select GC Workers (Not Warm), GCWorkers: 1.000
[16.686s][debug][gc,director    ] Rule: Allocation Rate (Dynamic GC Workers), MaxAllocRate: 154.6MB/s (+/-4.3%), Free: 1750MB, GCCPUTime: 0.093, GCDuration: 0.093s, TimeUntilOOM: 10.851s, TimeUntilGC: 10.658s, GCWorkers: 1 -> 1
[16.686s][debug][gc,director    ] Rule: High Usage, Free: 1750MB(85.4%)
[16.782s][debug][gc,alloc       ] Allocation Rate: 172.0MB/s, Predicted: 150.8MB/s, Avg: 136.8(+/-13.0)MB/s
[16.783s][debug][gc,director    ] Rule: Warmup 30%, Used: 308MB, UsedThreshold: 614MB
[16.783s][debug][gc,director    ] Select GC Workers (Not Warm), GCWorkers: 1.000
[16.783s][debug][gc,director    ] Rule: Allocation Rate (Dynamic GC Workers), MaxAllocRate: 193.7MB/s (+/-9.5%), Free: 1706MB, GCCPUTime: 0.093, GCDuration: 0.093s, TimeUntilOOM: 8.043s, TimeUntilGC: 7.849s, GCWorkers: 1 -> 1
[16.783s][debug][gc,director    ] Rule: High Usage, Free: 1706MB(83.3%)
[16.880s][debug][gc,alloc       ] Allocation Rate: 138.0MB/s, Predicted: 148.4MB/s, Avg: 138.0(+/-12.5)MB/s
[16.880s][debug][gc,director    ] Rule: Warmup 30%, Used: 320MB, UsedThreshold: 614MB
[16.880s][debug][gc,director    ] Select GC Workers (Not Warm), GCWorkers: 1.000
[16.880s][debug][gc,director    ] Rule: Allocation Rate (Dynamic GC Workers), MaxAllocRate: 189.6MB/s (+/-9.1%), Free: 1694MB, GCCPUTime: 0.093, GCDuration: 0.093s, TimeUntilOOM: 8.191s, TimeUntilGC: 7.998s, GCWorkers: 1 -> 1
[16.880s][debug][gc,director    ] Rule: High Usage, Free: 1694MB(82.7%)
[16.982s][debug][gc,alloc       ] Allocation Rate: 138.0MB/s, Predicted: 145.7MB/s, Avg: 139.0(+/-12.1)MB/s
[16.982s][debug][gc,director    ] Rule: Warmup 30%, Used: 332MB, UsedThreshold: 614MB
[16.982s][debug][gc,director    ] Select GC Workers (Not Warm), GCWorkers: 1.000
[16.982s][debug][gc,director    ] Rule: Allocation Rate (Dynamic GC Workers), MaxAllocRate: 185.5MB/s (+/-8.7%), Free: 1682MB, GCCPUTime: 0.093, GCDuration: 0.093s, TimeUntilOOM: 8.344s, TimeUntilGC: 8.151s, GCWorkers: 1 -> 1
[16.982s][debug][gc,director    ] Rule: High Usage, Free: 1682MB(82.1%)
[17.082s][debug][gc,alloc       ] Allocation Rate: 136.0MB/s, Predicted: 141.6MB/s, Avg: 139.8(+/-11.6)MB/s
[17.082s][debug][gc,director    ] Rule: Warmup 30%, Used: 342MB, UsedThreshold: 614MB
[17.082s][debug][gc,director    ] Select GC Workers (Not Warm), GCWorkers: 1.000
[17.083s][debug][gc,director    ] Rule: Allocation Rate (Dynamic GC Workers), MaxAllocRate: 179.7MB/s (+/-8.3%), Free: 1672MB, GCCPUTime: 0.093, GCDuration: 0.093s, TimeUntilOOM: 8.594s, TimeUntilGC: 8.401s, GCWorkers: 1 -> 1
[17.083s][debug][gc,director    ] Rule: High Usage, Free: 1672MB(81.6%)
[17.182s][debug][gc,alloc       ] Allocation Rate: 138.0MB/s, Predicted: 140.4MB/s, Avg: 139.8(+/-11.6)MB/s
[17.182s][debug][gc,director    ] Rule: Warmup 30%, Used: 354MB, UsedThreshold: 614MB
[17.182s][debug][gc,director    ] Select GC Workers (Not Warm), GCWorkers: 1.000
[17.182s][debug][gc,director    ] Rule: Allocation Rate (Dynamic GC Workers), MaxAllocRate: 178.5MB/s (+/-8.3%), Free: 1660MB, GCCPUTime: 0.093, GCDuration: 0.093s, TimeUntilOOM: 8.589s, TimeUntilGC: 8.396s, GCWorkers: 1 -> 1
[17.182s][debug][gc,director    ] Rule: High Usage, Free: 1660MB(81.1%)
[17.278s][debug][gc,alloc       ] Allocation Rate: 138.0MB/s, Predicted: 139.7MB/s, Avg: 139.6(+/-11.6)MB/s
[17.278s][debug][gc,director    ] Rule: Warmup 30%, Used: 366MB, UsedThreshold: 614MB
[17.278s][debug][gc,director    ] Select GC Workers (Not Warm), GCWorkers: 1.000
[17.278s][debug][gc,director    ] Rule: Allocation Rate (Dynamic GC Workers), MaxAllocRate: 177.9MB/s (+/-8.3%), Free: 1648MB, GCCPUTime: 0.093, GCDuration: 0.093s, TimeUntilOOM: 8.556s, TimeUntilGC: 8.363s, GCWorkers: 1 -> 1
[17.278s][debug][gc,director    ] Rule: High Usage, Free: 1648MB(80.5%)
[17.380s][debug][gc,alloc       ] Allocation Rate: 126.0MB/s, Predicted: 134.4MB/s, Avg: 138.2(+/-12.3)MB/s
[17.381s][debug][gc,director    ] Rule: Warmup 30%, Used: 366MB, UsedThreshold: 614MB
[17.381s][debug][gc,director    ] Select GC Workers (Not Warm), GCWorkers: 1.000
[17.381s][debug][gc,director    ] Rule: Allocation Rate (Dynamic GC Workers), MaxAllocRate: 178.6MB/s (+/-8.9%), Free: 1648MB, GCCPUTime: 0.093, GCDuration: 0.093s, TimeUntilOOM: 8.474s, TimeUntilGC: 8.281s, GCWorkers: 1 -> 1
[17.381s][debug][gc,director    ] Rule: High Usage, Free: 1648MB(80.5%)
[17.479s][debug][gc,alloc       ] Allocation Rate: 126.0MB/s, Predicted: 130.0MB/s, Avg: 136.8(+/-12.8)MB/s
[17.479s][debug][gc,director    ] Rule: Warmup 30%, Used: 378MB, UsedThreshold: 614MB
[17.479s][debug][gc,director    ] Select GC Workers (Not Warm), GCWorkers: 1.000
[17.480s][debug][gc,director    ] Rule: Allocation Rate (Dynamic GC Workers), MaxAllocRate: 178.9MB/s (+/-9.3%), Free: 1636MB, GCCPUTime: 0.093, GCDuration: 0.093s, TimeUntilOOM: 8.365s, TimeUntilGC: 8.172s, GCWorkers: 1 -> 1
[17.480s][debug][gc,director    ] Rule: High Usage, Free: 1636MB(79.9%)
[17.581s][debug][gc,alloc       ] Allocation Rate: 138.0MB/s, Predicted: 128.1MB/s, Avg: 137.8(+/-12.4)MB/s
[17.581s][debug][gc,director    ] Rule: Warmup 30%, Used: 390MB, UsedThreshold: 614MB
[17.581s][debug][gc,director    ] Select GC Workers (Not Warm), GCWorkers: 1.000
[17.581s][debug][gc,director    ] Rule: Allocation Rate (Dynamic GC Workers), MaxAllocRate: 178.7MB/s (+/-9.0%), Free: 1624MB, GCCPUTime: 0.093, GCDuration: 0.093s, TimeUntilOOM: 8.334s, TimeUntilGC: 8.141s, GCWorkers: 1 -> 1
[17.581s][debug][gc,director    ] Rule: High Usage, Free: 1624MB(79.3%)
[17.681s][debug][gc,alloc       ] Allocation Rate: 170.0MB/s, Predicted: 138.4MB/s, Avg: 142.0(+/-15.2)MB/s
[17.682s][debug][gc,director    ] Rule: Warmup 30%, Used: 434MB, UsedThreshold: 614MB
[17.682s][debug][gc,director    ] Select GC Workers (Not Warm), GCWorkers: 1.000
[17.682s][debug][gc,director    ] Rule: Allocation Rate (Dynamic GC Workers), MaxAllocRate: 192.0MB/s (+/-10.7%), Free: 1580MB, GCCPUTime: 0.093, GCDuration: 0.093s, TimeUntilOOM: 7.432s, TimeUntilGC: 7.239s, GCWorkers: 1 -> 1
[17.682s][debug][gc,director    ] Rule: High Usage, Free: 1580MB(77.1%)
[17.779s][debug][gc,alloc       ] Allocation Rate: 138.0MB/s, Predicted: 144.8MB/s, Avg: 138.6(+/-11.5)MB/s
[17.779s][debug][gc,director    ] Rule: Warmup 30%, Used: 446MB, UsedThreshold: 614MB
[17.780s][debug][gc,director    ] Select GC Workers (Not Warm), GCWorkers: 1.000
[17.780s][debug][gc,director    ] Rule: Allocation Rate (Dynamic GC Workers), MaxAllocRate: 182.5MB/s (+/-8.3%), Free: 1568MB, GCCPUTime: 0.093, GCDuration: 0.093s, TimeUntilOOM: 7.936s, TimeUntilGC: 7.743s, GCWorkers: 1 -> 1
[17.780s][debug][gc,director    ] Rule: High Usage, Free: 1568MB(76.6%)
[17.878s][debug][gc,alloc       ] Allocation Rate: 138.0MB/s, Predicted: 144.4MB/s, Avg: 138.6(+/-11.5)MB/s
[17.878s][debug][gc,director    ] Rule: Warmup 30%, Used: 458MB, UsedThreshold: 614MB
[17.878s][debug][gc,director    ] Select GC Workers (Not Warm), GCWorkers: 1.000
[17.878s][debug][gc,director    ] Rule: Allocation Rate (Dynamic GC Workers), MaxAllocRate: 182.1MB/s (+/-8.3%), Free: 1556MB, GCCPUTime: 0.093, GCDuration: 0.093s, TimeUntilOOM: 7.893s, TimeUntilGC: 7.699s, GCWorkers: 1 -> 1
[17.878s][debug][gc,director    ] Rule: High Usage, Free: 1556MB(76.0%)
[17.981s][debug][gc,alloc       ] Allocation Rate: 136.0MB/s, Predicted: 143.2MB/s, Avg: 138.4(+/-11.5)MB/s
[17.981s][debug][gc,director    ] Rule: Warmup 30%, Used: 468MB, UsedThreshold: 614MB
[17.981s][debug][gc,director    ] Select GC Workers (Not Warm), GCWorkers: 1.000
[17.981s][debug][gc,director    ] Rule: Allocation Rate (Dynamic GC Workers), MaxAllocRate: 181.0MB/s (+/-8.3%), Free: 1546MB, GCCPUTime: 0.093, GCDuration: 0.093s, TimeUntilOOM: 7.888s, TimeUntilGC: 7.695s, GCWorkers: 1 -> 1
[17.981s][debug][gc,director    ] Rule: High Usage, Free: 1546MB(75.5%)
[18.083s][debug][gc,alloc       ] Allocation Rate: 138.0MB/s, Predicted: 142.4MB/s, Avg: 138.6(+/-11.5)MB/s
[18.083s][debug][gc,director    ] Rule: Warmup 30%, Used: 480MB, UsedThreshold: 614MB
[18.083s][debug][gc,director    ] Select GC Workers (Not Warm), GCWorkers: 1.000
[18.083s][debug][gc,director    ] Rule: Allocation Rate (Dynamic GC Workers), MaxAllocRate: 180.1MB/s (+/-8.3%), Free: 1534MB, GCCPUTime: 0.093, GCDuration: 0.093s, TimeUntilOOM: 7.867s, TimeUntilGC: 7.674s, GCWorkers: 1 -> 1
[18.083s][debug][gc,director    ] Rule: High Usage, Free: 1534MB(74.9%)
[18.183s][debug][gc,alloc       ] Allocation Rate: 126.0MB/s, Predicted: 137.2MB/s, Avg: 137.4(+/-12.1)MB/s
[18.184s][debug][gc,director    ] Rule: Warmup 30%, Used: 480MB, UsedThreshold: 614MB
[18.184s][debug][gc,director    ] Select GC Workers (Not Warm), GCWorkers: 1.000
[18.184s][debug][gc,director    ] Rule: Allocation Rate (Dynamic GC Workers), MaxAllocRate: 177.1MB/s (+/-8.8%), Free: 1534MB, GCCPUTime: 0.093, GCDuration: 0.093s, TimeUntilOOM: 7.962s, TimeUntilGC: 7.769s, GCWorkers: 1 -> 1
[18.184s][debug][gc,director    ] Rule: High Usage, Free: 1534MB(74.9%)
[18.283s][debug][gc,alloc       ] Allocation Rate: 126.0MB/s, Predicted: 132.8MB/s, Avg: 136.2(+/-12.5)MB/s
[18.283s][debug][gc,director    ] Rule: Warmup 30%, Used: 492MB, UsedThreshold: 614MB
[18.283s][debug][gc,director    ] Select GC Workers (Not Warm), GCWorkers: 1.000
[18.283s][debug][gc,director    ] Rule: Allocation Rate (Dynamic GC Workers), MaxAllocRate: 177.5MB/s (+/-9.2%), Free: 1522MB, GCCPUTime: 0.093, GCDuration: 0.093s, TimeUntilOOM: 7.854s, TimeUntilGC: 7.661s, GCWorkers: 1 -> 1
[18.283s][debug][gc,director    ] Rule: High Usage, Free: 1522MB(74.3%)
[18.382s][debug][gc,alloc       ] Allocation Rate: 138.0MB/s, Predicted: 130.8MB/s, Avg: 137.4(+/-12.1)MB/s
[18.382s][debug][gc,director    ] Rule: Warmup 30%, Used: 504MB, UsedThreshold: 614MB
[18.382s][debug][gc,director    ] Select GC Workers (Not Warm), GCWorkers: 1.000
[18.382s][debug][gc,director    ] Rule: Allocation Rate (Dynamic GC Workers), MaxAllocRate: 177.1MB/s (+/-8.8%), Free: 1510MB, GCCPUTime: 0.093, GCDuration: 0.093s, TimeUntilOOM: 7.837s, TimeUntilGC: 7.644s, GCWorkers: 1 -> 1
[18.383s][debug][gc,director    ] Rule: High Usage, Free: 1510MB(73.7%)
[18.481s][debug][gc,alloc       ] Allocation Rate: 138.0MB/s, Predicted: 128.0MB/s, Avg: 138.6(+/-11.5)MB/s
[18.481s][debug][gc,director    ] Rule: Warmup 30%, Used: 516MB, UsedThreshold: 614MB
[18.481s][debug][gc,director    ] Select GC Workers (Not Warm), GCWorkers: 1.000
[18.481s][debug][gc,director    ] Rule: Allocation Rate (Dynamic GC Workers), MaxAllocRate: 176.3MB/s (+/-8.3%), Free: 1498MB, GCCPUTime: 0.093, GCDuration: 0.093s, TimeUntilOOM: 7.848s, TimeUntilGC: 7.655s, GCWorkers: 1 -> 1
[18.481s][debug][gc,director    ] Rule: High Usage, Free: 1498MB(73.1%)
[18.582s][debug][gc,alloc       ] Allocation Rate: 134.0MB/s, Predicted: 126.0MB/s, Avg: 138.2(+/-11.5)MB/s
[18.582s][debug][gc,director    ] Rule: Warmup 30%, Used: 524MB, UsedThreshold: 614MB
[18.582s][debug][gc,director    ] Select GC Workers (Not Warm), GCWorkers: 1.000
[18.582s][debug][gc,director    ] Rule: Allocation Rate (Dynamic GC Workers), MaxAllocRate: 176.2MB/s (+/-8.3%), Free: 1490MB, GCCPUTime: 0.093, GCDuration: 0.093s, TimeUntilOOM: 7.806s, TimeUntilGC: 7.613s, GCWorkers: 1 -> 1
[18.582s][debug][gc,director    ] Rule: High Usage, Free: 1490MB(72.8%)
[18.681s][debug][gc,alloc       ] Allocation Rate: 126.0MB/s, Predicted: 129.6MB/s, Avg: 133.8(+/-5.2)MB/s
[18.682s][debug][gc,director    ] Rule: Warmup 30%, Used: 560MB, UsedThreshold: 614MB
[18.682s][debug][gc,director    ] Select GC Workers (Not Warm), GCWorkers: 1.000
[18.682s][debug][gc,director    ] Rule: Allocation Rate (Dynamic GC Workers), MaxAllocRate: 151.1MB/s (+/-3.9%), Free: 1454MB, GCCPUTime: 0.093, GCDuration: 0.093s, TimeUntilOOM: 9.261s, TimeUntilGC: 9.068s, GCWorkers: 1 -> 1
[18.682s][debug][gc,director    ] Rule: High Usage, Free: 1454MB(71.0%)
[18.780s][debug][gc,alloc       ] Allocation Rate: 126.0MB/s, Predicted: 127.6MB/s, Avg: 132.6(+/-5.5)MB/s
[18.781s][debug][gc,director    ] Rule: Warmup 30%, Used: 572MB, UsedThreshold: 614MB
[18.781s][debug][gc,director    ] Select GC Workers (Not Warm), GCWorkers: 1.000
[18.781s][debug][gc,director    ] Rule: Allocation Rate (Dynamic GC Workers), MaxAllocRate: 150.8MB/s (+/-4.2%), Free: 1442MB, GCCPUTime: 0.093, GCDuration: 0.093s, TimeUntilOOM: 9.183s, TimeUntilGC: 8.990s, GCWorkers: 1 -> 1
[18.781s][debug][gc,director    ] Rule: High Usage, Free: 1442MB(70.4%)
[18.880s][debug][gc,alloc       ] Allocation Rate: 126.0MB/s, Predicted: 126.4MB/s, Avg: 131.4(+/-5.5)MB/s
[18.880s][debug][gc,director    ] Rule: Warmup 30%, Used: 584MB, UsedThreshold: 614MB
[18.880s][debug][gc,director    ] Select GC Workers (Not Warm), GCWorkers: 1.000
[18.880s][debug][gc,director    ] Rule: Allocation Rate (Dynamic GC Workers), MaxAllocRate: 149.6MB/s (+/-4.2%), Free: 1430MB, GCCPUTime: 0.093, GCDuration: 0.093s, TimeUntilOOM: 9.176s, TimeUntilGC: 8.983s, GCWorkers: 1 -> 1
[18.880s][debug][gc,director    ] Rule: High Usage, Free: 1430MB(69.8%)
[18.983s][debug][gc,alloc       ] Allocation Rate: 128.0MB/s, Predicted: 126.3MB/s, Avg: 130.6(+/-5.4)MB/s
[18.983s][debug][gc,director    ] Rule: Warmup 30%, Used: 596MB, UsedThreshold: 614MB
[18.983s][debug][gc,director    ] Select GC Workers (Not Warm), GCWorkers: 1.000
[18.983s][debug][gc,director    ] Rule: Allocation Rate (Dynamic GC Workers), MaxAllocRate: 148.3MB/s (+/-4.1%), Free: 1418MB, GCCPUTime: 0.093, GCDuration: 0.093s, TimeUntilOOM: 9.186s, TimeUntilGC: 8.993s, GCWorkers: 1 -> 1
[18.983s][debug][gc,director    ] Rule: High Usage, Free: 1418MB(69.2%)
[19.079s][debug][gc,alloc       ] Allocation Rate: 118.0MB/s, Predicted: 123.2MB/s, Avg: 128.6(+/-5.9)MB/s
[19.079s][debug][gc,director    ] Rule: Warmup 30%, Used: 598MB, UsedThreshold: 614MB
[19.079s][debug][gc,director    ] Select GC Workers (Not Warm), GCWorkers: 1.000
[19.079s][debug][gc,director    ] Rule: Allocation Rate (Dynamic GC Workers), MaxAllocRate: 148.1MB/s (+/-4.6%), Free: 1416MB, GCCPUTime: 0.093, GCDuration: 0.093s, TimeUntilOOM: 9.137s, TimeUntilGC: 8.944s, GCWorkers: 1 -> 1
[19.079s][debug][gc,director    ] Rule: High Usage, Free: 1416MB(69.1%)
[19.180s][debug][gc,alloc       ] Allocation Rate: 126.0MB/s, Predicted: 121.5MB/s, Avg: 128.6(+/-5.9)MB/s
[19.180s][debug][gc,director    ] Rule: Warmup 30%, Used: 606MB, UsedThreshold: 614MB
[19.180s][debug][gc,director    ] Select GC Workers (Not Warm), GCWorkers: 1.000
[19.180s][debug][gc,director    ] Rule: Allocation Rate (Dynamic GC Workers), MaxAllocRate: 148.1MB/s (+/-4.6%), Free: 1408MB, GCCPUTime: 0.093, GCDuration: 0.093s, TimeUntilOOM: 9.086s, TimeUntilGC: 8.892s, GCWorkers: 1 -> 1
[19.180s][debug][gc,director    ] Rule: High Usage, Free: 1408MB(68.8%)
[19.284s][debug][gc,alloc       ] Allocation Rate: 126.0MB/s, Predicted: 119.7MB/s, Avg: 128.6(+/-5.9)MB/s
[19.285s][debug][gc,director    ] Rule: Warmup 30%, Used: 618MB, UsedThreshold: 614MB
[19.286s][debug][gc,heap        ] GC(2) Heap before GC invocations=2 (full 2):
[19.286s][debug][gc,heap        ] GC(2)  ZHeap           used 618M, capacity 618M, max capacity 2048M
[19.286s][debug][gc,heap        ] GC(2)  Metaspace       used 8789K, committed 9152K, reserved 1114112K
[19.286s][debug][gc,heap        ] GC(2)   class space    used 932K, committed 1088K, reserved 1048576K
[19.286s][info ][gc,start       ] GC(2) Garbage Collection (Warmup)
[19.286s][info ][gc,task        ] GC(2) Using 1 workers
[19.286s][debug][gc,phases,start] GC(2) Pause Mark Start
[19.286s][debug][gc,marking     ] GC(2) Using 1 mark stripes
[19.286s][debug][gc,marking     ] GC(2) Mark Worker/Stripe Distribution
[19.286s][debug][gc,marking     ] GC(2)   Worker 0(1) -> Stripe 0(1)
[19.286s][info ][gc,phases      ] GC(2) Pause Mark Start 0.157ms
[19.286s][debug][gc,phases,start] GC(2) Concurrent Mark
[19.286s][debug][gc,task        ] GC(2) Executing Task: ZMarkRootsTask, Active Workers: 1
[19.290s][debug][gc,tlab        ] GC(2) TLAB totals: thrds: 6  refills: 1793 max: 1786 slow allocs: 116 max 116 waste:  0.8% gc: 1090440B max: 261880B slow: 2505704B max: 2504384B
[19.290s][debug][gc,task        ] GC(2) Executing Task: ZMarkTask, Active Workers: 1
[19.313s][info ][gc,phases      ] GC(2) Concurrent Mark 26.471ms
[19.313s][debug][gc,phases,start] GC(2) Pause Mark End
[19.313s][info ][gc,phases      ] GC(2) Pause Mark End 0.061ms
[19.313s][debug][gc,phases,start] GC(2) Concurrent Mark Free
[19.313s][info ][gc,phases      ] GC(2) Concurrent Mark Free 0.017ms
[19.313s][debug][gc,phases,start] GC(2) Concurrent Process Non-Strong References
[19.313s][debug][gc,phases,start] GC(2) Concurrent References Process
[19.313s][debug][gc,task        ] GC(2) Executing Task: ZReferenceProcessorTask, Active Workers: 1
[19.313s][debug][gc,phases      ] GC(2) Concurrent References Process 0.098ms
[19.313s][debug][gc,task        ] GC(2) Executing Task: ZProcessWeakRootsTask, Active Workers: 1
[19.314s][debug][gc,phases,start] GC(2) Concurrent Classes Unlink
[19.314s][debug][gc,phases,start] GC(2) ClassLoaderData
[19.314s][debug][gc,phases      ] GC(2) ClassLoaderData 0.047ms
[19.314s][debug][gc,phases,start] GC(2) Trigger cleanups
[19.314s][debug][gc,phases      ] GC(2) Trigger cleanups 0.014ms
[19.314s][debug][gc,task        ] GC(2) Executing Task: ZNMethodUnlinkTask, Active Workers: 1
[19.318s][debug][gc,phases      ] GC(2) Concurrent Classes Unlink 4.478ms
[19.318s][debug][gc,phases,start] GC(2) Concurrent Classes Purge
[19.318s][debug][gc,task        ] GC(2) Executing Task: ZNMethodPurgeTask, Active Workers: 1
[19.319s][debug][gc,phases      ] GC(2) Concurrent Classes Purge 0.204ms
[19.319s][debug][gc,phases,start] GC(2) Concurrent References Enqueue
[19.319s][debug][gc,phases      ] GC(2) Concurrent References Enqueue 0.023ms
[19.319s][info ][gc,phases      ] GC(2) Concurrent Process Non-Strong References 5.684ms
[19.319s][debug][gc,phases,start] GC(2) Concurrent Reset Relocation Set
[19.319s][info ][gc,phases      ] GC(2) Concurrent Reset Relocation Set 0.023ms
[19.319s][debug][gc,phases,start] GC(2) Concurrent Select Relocation Set
[19.321s][debug][gc,task        ] GC(2) Executing Task: ZRelocationSetInstallTask, Active Workers: 1
[19.321s][info ][gc,phases      ] GC(2) Concurrent Select Relocation Set 2.063ms
[19.321s][debug][gc,phases,start] GC(2) Pause Relocate Start
[19.321s][info ][gc,phases      ] GC(2) Pause Relocate Start 0.058ms
[19.321s][debug][gc,phases,start] GC(2) Concurrent Relocate
[19.321s][debug][gc,task        ] GC(2) Executing Task: ZRelocateTask, Active Workers: 1
[19.323s][info ][gc,phases      ] GC(2) Concurrent Relocate 1.914ms
[19.323s][debug][gc,heap        ] GC(2) Heap after GC invocations=3 (full 3):
[19.323s][debug][gc,heap        ] GC(2)  ZHeap           used 44M, capacity 618M, max capacity 2048M
[19.323s][debug][gc,heap        ] GC(2)  Metaspace       used 8789K, committed 9152K, reserved 1114112K
[19.323s][debug][gc,heap        ] GC(2)   class space    used 932K, committed 1088K, reserved 1048576K
[19.323s][info ][gc,load        ] GC(2) Load: 4.41/3.24/2.74
[19.323s][info ][gc,mmu         ] GC(2) MMU: 2ms/88.7%, 5ms/95.5%, 10ms/97.7%, 20ms/98.8%, 50ms/99.2%, 100ms/99.5%
[19.323s][info ][gc,marking     ] GC(2) Mark: 1 stripe(s), 2 proactive flush(es), 1 terminate flush(es), 0 completion(s), 0 continuation(s) 
[19.323s][info ][gc,marking     ] GC(2) Mark Stack Usage: 32M
[19.323s][info ][gc,nmethod     ] GC(2) NMethods: 2586 registered, 0 unregistered
[19.323s][info ][gc,metaspace   ] GC(2) Metaspace: 8M used, 8M committed, 1088M reserved
[19.323s][info ][gc,ref         ] GC(2) Soft: 737 encountered, 0 discovered, 0 enqueued
[19.323s][info ][gc,ref         ] GC(2) Weak: 1290 encountered, 610 discovered, 0 enqueued
[19.323s][info ][gc,ref         ] GC(2) Final: 0 encountered, 0 discovered, 0 enqueued
[19.323s][info ][gc,ref         ] GC(2) Phantom: 15 encountered, 9 discovered, 0 enqueued
[19.323s][info ][gc,reloc       ] GC(2) Small Pages: 229 / 458M, Empty: 444M, Relocated: 1M, In-Place: 0
[19.323s][info ][gc,reloc       ] GC(2) Medium Pages: 5 / 160M, Empty: 160M, Relocated: 0M, In-Place: 0
[19.323s][info ][gc,reloc       ] GC(2) Large Pages: 0 / 0M, Empty: 0M, Relocated: 0M, In-Place: 0
[19.323s][info ][gc,reloc       ] GC(2) Forwarding Usage: 0M
[19.323s][info ][gc,heap        ] GC(2) Min Capacity: 8M(0%)
[19.323s][info ][gc,heap        ] GC(2) Max Capacity: 2048M(100%)
[19.323s][info ][gc,heap        ] GC(2) Soft Max Capacity: 2048M(100%)
[19.323s][info ][gc,heap        ] GC(2)                Mark Start          Mark End        Relocate Start      Relocate End           High               Low         
[19.323s][info ][gc,heap        ] GC(2)  Capacity:      618M (30%)         618M (30%)         618M (30%)         618M (30%)         618M (30%)         618M (30%)    
[19.323s][info ][gc,heap        ] GC(2)      Free:     1430M (70%)        1430M (70%)        2032M (99%)        2004M (98%)        2032M (99%)        1430M (70%)    
[19.323s][info ][gc,heap        ] GC(2)      Used:      618M (30%)         618M (30%)          16M (1%)           44M (2%)          618M (30%)          16M (1%)     
[19.323s][info ][gc,heap        ] GC(2)      Live:         -                 5M (0%)            5M (0%)            5M (0%)             -                  -          
[19.323s][info ][gc,heap        ] GC(2) Allocated:         -                 0M (0%)            2M (0%)           38M (2%)             -                  -          
[19.323s][info ][gc,heap        ] GC(2)   Garbage:         -               612M (30%)           8M (0%)            0M (0%)             -                  -          
[19.323s][info ][gc,heap        ] GC(2) Reclaimed:         -                  -               604M (29%)         612M (30%)            -                  -          
[19.323s][info ][gc             ] GC(2) Garbage Collection (Warmup) 618M(30%)->44M(2%)
[19.382s][debug][gc,alloc       ] Allocation Rate: 158.0MB/s, Predicted: 134.0MB/s, Avg: 130.6(+/-10.4)MB/s
[19.382s][debug][gc,director    ] Select GC Workers (Normal), AvoidLongGCWorkers: 0.007, AvoidOOMGCWorkers: 0.007, LastGCWorkers: 1.000, GCWorkers: 0.007
[19.383s][debug][gc,director    ] Rule: Allocation Rate (Dynamic GC Workers), MaxAllocRate: 168.3MB/s (+/-8.0%), Free: 1964MB, GCCPUTime: 0.094, GCDuration: 0.094s, TimeUntilOOM: 10.805s, TimeUntilGC: 10.611s, GCWorkers: 1 -> 1
[19.383s][debug][gc,director    ] Rule: High Usage, Free: 1964MB(95.9%)
[19.383s][debug][gc,director    ] Rule: Proactive, UsedUntilEnabled: 198MB, TimeUntilEnabled: 299.940s
[19.482s][debug][gc,alloc       ] Allocation Rate: 158.0MB/s, Predicted: 146.9MB/s, Avg: 132.6(+/-13.2)MB/s
[19.482s][debug][gc,director    ] Select GC Workers (Normal), AvoidLongGCWorkers: 0.007, AvoidOOMGCWorkers: 0.008, LastGCWorkers: 1.000, GCWorkers: 0.008
[19.482s][debug][gc,director    ] Rule: Allocation Rate (Dynamic GC Workers), MaxAllocRate: 190.4MB/s (+/-10.0%), Free: 1952MB, GCCPUTime: 0.094, GCDuration: 0.094s, TimeUntilOOM: 9.324s, TimeUntilGC: 9.130s, GCWorkers: 1 -> 1
[19.482s][debug][gc,director    ] Rule: High Usage, Free: 1952MB(95.3%)
[19.482s][debug][gc,director    ] Rule: Proactive, UsedUntilEnabled: 186MB, TimeUntilEnabled: 299.841s
[19.582s][debug][gc,alloc       ] Allocation Rate: 162.0MB/s, Predicted: 159.1MB/s, Avg: 135.4(+/-15.9)MB/s
[19.583s][debug][gc,director    ] Select GC Workers (Normal), AvoidLongGCWorkers: 0.007, AvoidOOMGCWorkers: 0.009, LastGCWorkers: 1.000, GCWorkers: 0.009
[19.583s][debug][gc,director    ] Rule: Allocation Rate (Dynamic GC Workers), MaxAllocRate: 211.4MB/s (+/-11.7%), Free: 1940MB, GCCPUTime: 0.094, GCDuration: 0.094s, TimeUntilOOM: 8.213s, TimeUntilGC: 8.019s, GCWorkers: 1 -> 1
[19.583s][debug][gc,director    ] Rule: High Usage, Free: 1940MB(94.7%)
[19.583s][debug][gc,director    ] Rule: Proactive, UsedUntilEnabled: 174MB, TimeUntilEnabled: 299.740s
[19.682s][debug][gc,alloc       ] Allocation Rate: 138.0MB/s, Predicted: 157.6MB/s, Avg: 136.6(+/-15.6)MB/s
[19.682s][debug][gc,director    ] Select GC Workers (Normal), AvoidLongGCWorkers: 0.007, AvoidOOMGCWorkers: 0.009, LastGCWorkers: 1.000, GCWorkers: 0.009
[19.682s][debug][gc,director    ] Rule: Allocation Rate (Dynamic GC Workers), MaxAllocRate: 208.9MB/s (+/-11.4%), Free: 1928MB, GCCPUTime: 0.094, GCDuration: 0.094s, TimeUntilOOM: 8.283s, TimeUntilGC: 8.089s, GCWorkers: 1 -> 1
[19.683s][debug][gc,director    ] Rule: High Usage, Free: 1928MB(94.1%)
[19.683s][debug][gc,director    ] Rule: Proactive, UsedUntilEnabled: 162MB, TimeUntilEnabled: 299.640s
[19.780s][debug][gc,alloc       ] Allocation Rate: 138.0MB/s, Predicted: 155.3MB/s, Avg: 137.8(+/-15.2)MB/s
[19.780s][debug][gc,director    ] Select GC Workers (Normal), AvoidLongGCWorkers: 0.007, AvoidOOMGCWorkers: 0.009, LastGCWorkers: 1.000, GCWorkers: 0.009
[19.780s][debug][gc,director    ] Rule: Allocation Rate (Dynamic GC Workers), MaxAllocRate: 205.3MB/s (+/-11.0%), Free: 1916MB, GCCPUTime: 0.094, GCDuration: 0.094s, TimeUntilOOM: 8.405s, TimeUntilGC: 8.211s, GCWorkers: 1 -> 1
[19.780s][debug][gc,director    ] Rule: High Usage, Free: 1916MB(93.6%)
[19.780s][debug][gc,director    ] Rule: Proactive, UsedUntilEnabled: 150MB, TimeUntilEnabled: 299.543s
[19.879s][debug][gc,alloc       ] Allocation Rate: 130.0MB/s, Predicted: 149.1MB/s, Avg: 138.2(+/-14.9)MB/s
[19.879s][debug][gc,director    ] Select GC Workers (Normal), AvoidLongGCWorkers: 0.007, AvoidOOMGCWorkers: 0.008, LastGCWorkers: 1.000, GCWorkers: 0.008
[19.879s][debug][gc,director    ] Rule: Allocation Rate (Dynamic GC Workers), MaxAllocRate: 198.2MB/s (+/-10.8%), Free: 1912MB, GCCPUTime: 0.094, GCDuration: 0.094s, TimeUntilOOM: 8.707s, TimeUntilGC: 8.514s, GCWorkers: 1 -> 1
[19.879s][debug][gc,director    ] Rule: High Usage, Free: 1912MB(93.4%)
[19.879s][debug][gc,director    ] Rule: Proactive, UsedUntilEnabled: 146MB, TimeUntilEnabled: 299.444s
[19.981s][debug][gc,alloc       ] Allocation Rate: 130.0MB/s, Predicted: 143.1MB/s, Avg: 138.4(+/-14.8)MB/s
[19.982s][debug][gc,director    ] Select GC Workers (Normal), AvoidLongGCWorkers: 0.007, AvoidOOMGCWorkers: 0.008, LastGCWorkers: 1.000, GCWorkers: 0.008
[19.982s][debug][gc,director    ] Rule: Allocation Rate (Dynamic GC Workers), MaxAllocRate: 191.8MB/s (+/-10.7%), Free: 1900MB, GCCPUTime: 0.094, GCDuration: 0.094s, TimeUntilOOM: 8.951s, TimeUntilGC: 8.757s, GCWorkers: 1 -> 1
[19.982s][debug][gc,director    ] Rule: High Usage, Free: 1900MB(92.8%)
[19.982s][debug][gc,director    ] Rule: Proactive, UsedUntilEnabled: 134MB, TimeUntilEnabled: 299.341s
[20.082s][debug][gc,alloc       ] Allocation Rate: 140.0MB/s, Predicted: 138.3MB/s, Avg: 140.6(+/-13.1)MB/s
[20.083s][debug][gc,director    ] Select GC Workers (Normal), AvoidLongGCWorkers: 0.007, AvoidOOMGCWorkers: 0.008, LastGCWorkers: 1.000, GCWorkers: 0.008
[20.083s][debug][gc,director    ] Rule: Allocation Rate (Dynamic GC Workers), MaxAllocRate: 183.9MB/s (+/-9.4%), Free: 1888MB, GCCPUTime: 0.094, GCDuration: 0.094s, TimeUntilOOM: 9.391s, TimeUntilGC: 9.197s, GCWorkers: 1 -> 1
[20.083s][debug][gc,director    ] Rule: High Usage, Free: 1888MB(92.2%)
[20.083s][debug][gc,director    ] Rule: Proactive, UsedUntilEnabled: 122MB, TimeUntilEnabled: 299.240s
[20.182s][debug][gc,alloc       ] Allocation Rate: 144.0MB/s, Predicted: 135.7MB/s, Avg: 142.4(+/-12.2)MB/s
[20.182s][info ][gc,stats       ] === Garbage Collection Statistics =======================================================================================================================
[20.182s][debug][gc,director    ] Select GC Workers (Normal), AvoidLongGCWorkers: 0.007, AvoidOOMGCWorkers: 0.008, LastGCWorkers: 1.000, GCWorkers: 0.008
[20.182s][info ][gc,stats       ]                                                              Last 10s              Last 10m              Last 10h                Total
[20.182s][debug][gc,director    ] Rule: Allocation Rate (Dynamic GC Workers), MaxAllocRate: 182.6MB/s (+/-8.6%), Free: 1876MB, GCCPUTime: 0.094, GCDuration: 0.094s, TimeUntilOOM: 9.460s, TimeUntilGC: 9.267s, GCWorkers: 1 -> 1
[20.183s][info ][gc,stats       ]                                                              Avg / Max             Avg / Max             Avg / Max             Avg / Max
[20.183s][debug][gc,director    ] Rule: High Usage, Free: 1876MB(91.6%)
[20.183s][info ][gc,stats       ]   Collector: Garbage Collection Cycle                     56.840 / 69.335       56.840 / 69.335       56.840 / 69.335       56.840 / 69.335      ms
[20.183s][debug][gc,director    ] Rule: Proactive, UsedUntilEnabled: 110MB, TimeUntilEnabled: 299.140s
[20.183s][info ][gc,stats       ]  Contention: Mark Segment Reset Contention                     0 / 0                 0 / 0                 0 / 0                 0 / 0           ops/s
[20.183s][info ][gc,stats       ]  Contention: Mark SeqNum Reset Contention                      0 / 0                 0 / 0                 0 / 0                 0 / 0           ops/s
[20.183s][info ][gc,stats       ]    Critical: Allocation Stall                                  0 / 0                 0 / 0                 0 / 0                 0 / 0           ops/s
[20.183s][info ][gc,stats       ]    Critical: Allocation Stall                              0.000 / 0.000         0.000 / 0.000         0.000 / 0.000         0.000 / 0.000       ms
[20.183s][info ][gc,stats       ]    Critical: GC Locker Stall                                   0 / 0                 0 / 0                 0 / 0                 0 / 0           ops/s
[20.183s][info ][gc,stats       ]    Critical: GC Locker Stall                               0.000 / 0.000         0.000 / 0.000         0.000 / 0.000         0.000 / 0.000       ms
[20.183s][info ][gc,stats       ]    Critical: Relocation Stall                                  0 / 0                 0 / 0                 0 / 0                 0 / 0           ops/s
[20.183s][info ][gc,stats       ]    Critical: Relocation Stall                              0.000 / 0.000         0.000 / 0.000         0.000 / 0.000         0.000 / 0.000       ms
[20.183s][info ][gc,stats       ]      Memory: Allocation Rate                                 134 / 166              68 / 166              68 / 166              68 / 166         MB/s
[20.184s][info ][gc,stats       ]      Memory: Defragment                                        0 / 0                 0 / 0                 0 / 0                 0 / 0           ops/s
[20.184s][info ][gc,stats       ]      Memory: Out Of Memory                                     0 / 0                 0 / 0                 0 / 0                 0 / 0           ops/s
[20.184s][info ][gc,stats       ]      Memory: Page Cache Flush                                  0 / 0                 0 / 0                 0 / 0                 0 / 0           MB/s
[20.184s][info ][gc,stats       ]      Memory: Page Cache Hit L1                                28 / 54               14 / 54               14 / 54               14 / 54          ops/s
[20.184s][info ][gc,stats       ]      Memory: Page Cache Hit L2                                 0 / 0                 0 / 0                 0 / 0                 0 / 0           ops/s
[20.184s][info ][gc,stats       ]      Memory: Page Cache Hit L3                                 4 / 30                3 / 30                3 / 30                3 / 30          ops/s
[20.184s][info ][gc,stats       ]      Memory: Page Cache Miss                                  17 / 45                8 / 45                8 / 45                8 / 45          ops/s
[20.184s][info ][gc,stats       ]      Memory: Uncommit                                          0 / 0                 0 / 0                 0 / 0                 0 / 0           MB/s
[20.184s][info ][gc,stats       ]      Memory: Undo Object Allocation Failed                     0 / 0                 0 / 0                 0 / 0                 0 / 0           ops/s
[20.184s][info ][gc,stats       ]      Memory: Undo Object Allocation Succeeded                  0 / 0                 0 / 0                 0 / 0                 0 / 0           ops/s
[20.184s][info ][gc,stats       ]      Memory: Undo Page Allocation                              0 / 0                 0 / 0                 0 / 0                 0 / 0           ops/s
[20.184s][info ][gc,stats       ]       Phase: Concurrent Mark                              33.746 / 43.395       33.746 / 43.395       33.746 / 43.395       33.746 / 43.395      ms
[20.184s][info ][gc,stats       ]       Phase: Concurrent Mark Continue                      0.000 / 0.000         0.000 / 0.000         0.000 / 0.000         0.000 / 0.000       ms
[20.184s][info ][gc,stats       ]       Phase: Concurrent Mark Free                          0.037 / 0.051         0.037 / 0.051         0.037 / 0.051         0.037 / 0.051       ms
[20.184s][info ][gc,stats       ]       Phase: Concurrent Process Non-Strong References      7.717 / 12.475        7.717 / 12.475        7.717 / 12.475        7.717 / 12.475      ms
[20.184s][info ][gc,stats       ]       Phase: Concurrent Relocate                           4.814 / 9.002         4.814 / 9.002         4.814 / 9.002         4.814 / 9.002       ms
[20.184s][info ][gc,stats       ]       Phase: Concurrent Reset Relocation Set               0.019 / 0.024         0.019 / 0.024         0.019 / 0.024         0.019 / 0.024       ms
[20.184s][info ][gc,stats       ]       Phase: Concurrent Select Relocation Set              8.456 / 16.802        8.456 / 16.802        8.456 / 16.802        8.456 / 16.802      ms
[20.184s][info ][gc,stats       ]       Phase: Pause Mark End                                0.097 / 0.198         0.097 / 0.198         0.097 / 0.198         0.097 / 0.198       ms
[20.184s][info ][gc,stats       ]       Phase: Pause Mark Start                              0.193 / 0.225         0.193 / 0.225         0.193 / 0.225         0.193 / 0.225       ms
[20.184s][info ][gc,stats       ]       Phase: Pause Relocate Start                          0.043 / 0.058         0.043 / 0.058         0.043 / 0.058         0.043 / 0.058       ms
[20.184s][info ][gc,stats       ]    Subphase: Concurrent Classes Purge                      0.251 / 0.396         0.251 / 0.396         0.251 / 0.396         0.251 / 0.396       ms
[20.184s][info ][gc,stats       ]    Subphase: Concurrent Classes Unlink                     5.970 / 9.434         5.970 / 9.434         5.970 / 9.434         5.970 / 9.434       ms
[20.184s][info ][gc,stats       ]    Subphase: Concurrent Mark                              28.787 / 37.349       28.787 / 37.349       28.787 / 37.349       28.787 / 37.349      ms
[20.184s][info ][gc,stats       ]    Subphase: Concurrent Mark Try Flush                     0.228 / 1.189         0.228 / 1.189         0.228 / 1.189         0.228 / 1.189       ms
[20.184s][info ][gc,stats       ]    Subphase: Concurrent Mark Try Terminate                 0.033 / 0.129         0.033 / 0.129         0.033 / 0.129         0.033 / 0.129       ms
[20.184s][info ][gc,stats       ]    Subphase: Concurrent References Enqueue                 0.056 / 0.128         0.056 / 0.128         0.056 / 0.128         0.056 / 0.128       ms
[20.184s][info ][gc,stats       ]    Subphase: Concurrent References Process                 0.193 / 0.276         0.193 / 0.276         0.193 / 0.276         0.193 / 0.276       ms
[20.184s][info ][gc,stats       ]    Subphase: Concurrent Roots ClassLoaderDataGraph         0.678 / 0.812         0.678 / 0.812         0.678 / 0.812         0.678 / 0.812       ms
[20.185s][info ][gc,stats       ]    Subphase: Concurrent Roots CodeCache                    0.000 / 0.000         0.000 / 0.000         0.000 / 0.000         0.000 / 0.000       ms
[20.185s][info ][gc,stats       ]    Subphase: Concurrent Roots JavaThreads                  3.297 / 3.406         3.297 / 3.406         3.297 / 3.406         3.297 / 3.406       ms
[20.185s][info ][gc,stats       ]    Subphase: Concurrent Roots OopStorageSet                0.151 / 0.167         0.151 / 0.167         0.151 / 0.167         0.151 / 0.167       ms
[20.185s][info ][gc,stats       ]    Subphase: Concurrent Weak Roots OopStorageSet           0.826 / 1.494         0.826 / 1.494         0.826 / 1.494         0.826 / 1.494       ms
[20.185s][info ][gc,stats       ]    Subphase: Pause Mark Try Complete                       0.046 / 0.046         0.046 / 0.046         0.046 / 0.046         0.046 / 0.046       ms
[20.185s][info ][gc,stats       ]      System: Java Threads                                     20 / 20               20 / 20               20 / 20               20 / 20          threads
[20.185s][info ][gc,stats       ] =========================================================================================================================================================
[20.279s][debug][gc,alloc       ] Allocation Rate: 176.0MB/s, Predicted: 144.8MB/s, Avg: 147.4(+/-14.5)MB/s
[20.279s][debug][gc,director    ] Select GC Workers (Normal), AvoidLongGCWorkers: 0.007, AvoidOOMGCWorkers: 0.008, LastGCWorkers: 1.000, GCWorkers: 0.008
[20.279s][debug][gc,director    ] Rule: Allocation Rate (Dynamic GC Workers), MaxAllocRate: 195.1MB/s (+/-9.8%), Free: 1832MB, GCCPUTime: 0.094, GCDuration: 0.094s, TimeUntilOOM: 8.547s, TimeUntilGC: 8.353s, GCWorkers: 1 -> 1
[20.279s][debug][gc,director    ] Rule: High Usage, Free: 1832MB(89.5%)
[20.280s][debug][gc,director    ] Rule: Proactive, UsedUntilEnabled: 66MB, TimeUntilEnabled: 299.043s
[20.380s][debug][gc,alloc       ] Allocation Rate: 142.0MB/s, Predicted: 145.5MB/s, Avg: 145.8(+/-14.1)MB/s
[20.380s][debug][gc,director    ] Select GC Workers (Normal), AvoidLongGCWorkers: 0.007, AvoidOOMGCWorkers: 0.008, LastGCWorkers: 1.000, GCWorkers: 0.008
[20.380s][debug][gc,director    ] Rule: Allocation Rate (Dynamic GC Workers), MaxAllocRate: 192.3MB/s (+/-9.7%), Free: 1822MB, GCCPUTime: 0.094, GCDuration: 0.094s, TimeUntilOOM: 8.639s, TimeUntilGC: 8.445s, GCWorkers: 1 -> 1
[20.380s][debug][gc,director    ] Rule: High Usage, Free: 1822MB(89.0%)
[20.380s][debug][gc,director    ] Rule: Proactive, UsedUntilEnabled: 56MB, TimeUntilEnabled: 298.943s
[20.481s][debug][gc,alloc       ] Allocation Rate: 142.0MB/s, Predicted: 147.2MB/s, Avg: 144.2(+/-13.5)MB/s
[20.481s][debug][gc,director    ] Select GC Workers (Normal), AvoidLongGCWorkers: 0.007, AvoidOOMGCWorkers: 0.008, LastGCWorkers: 1.000, GCWorkers: 0.008
[20.481s][debug][gc,director    ] Rule: Allocation Rate (Dynamic GC Workers), MaxAllocRate: 191.8MB/s (+/-9.4%), Free: 1810MB, GCCPUTime: 0.094, GCDuration: 0.094s, TimeUntilOOM: 8.627s, TimeUntilGC: 8.433s, GCWorkers: 1 -> 1
[20.482s][debug][gc,director    ] Rule: High Usage, Free: 1810MB(88.4%)
[20.482s][debug][gc,director    ] Rule: Proactive, UsedUntilEnabled: 44MB, TimeUntilEnabled: 298.841s
[20.578s][debug][gc,alloc       ] Allocation Rate: 134.0MB/s, Predicted: 147.9MB/s, Avg: 141.4(+/-12.4)MB/s
[20.579s][debug][gc,director    ] Select GC Workers (Normal), AvoidLongGCWorkers: 0.007, AvoidOOMGCWorkers: 0.008, LastGCWorkers: 1.000, GCWorkers: 0.008
[20.579s][debug][gc,director    ] Rule: Allocation Rate (Dynamic GC Workers), MaxAllocRate: 188.8MB/s (+/-8.8%), Free: 1806MB, GCCPUTime: 0.094, GCDuration: 0.094s, TimeUntilOOM: 8.795s, TimeUntilGC: 8.601s, GCWorkers: 1 -> 1
[20.579s][debug][gc,director    ] Rule: High Usage, Free: 1806MB(88.2%)
[20.579s][debug][gc,director    ] Rule: Proactive, UsedUntilEnabled: 40MB, TimeUntilEnabled: 298.744s
[20.682s][debug][gc,alloc       ] Allocation Rate: 130.0MB/s, Predicted: 142.4MB/s, Avg: 140.6(+/-12.9)MB/s
[20.683s][debug][gc,director    ] Select GC Workers (Normal), AvoidLongGCWorkers: 0.007, AvoidOOMGCWorkers: 0.008, LastGCWorkers: 1.000, GCWorkers: 0.008
[20.683s][debug][gc,director    ] Rule: Allocation Rate (Dynamic GC Workers), MaxAllocRate: 184.7MB/s (+/-9.2%), Free: 1798MB, GCCPUTime: 0.094, GCDuration: 0.094s, TimeUntilOOM: 8.916s, TimeUntilGC: 8.722s, GCWorkers: 1 -> 1
[20.683s][debug][gc,director    ] Rule: High Usage, Free: 1798MB(87.8%)
[20.683s][debug][gc,director    ] Rule: Proactive, UsedUntilEnabled: 32MB, TimeUntilEnabled: 298.640s
[20.780s][debug][gc,alloc       ] Allocation Rate: 130.0MB/s, Predicted: 137.5MB/s, Avg: 139.8(+/-13.2)MB/s
[20.781s][debug][gc,director    ] Select GC Workers (Normal), AvoidLongGCWorkers: 0.007, AvoidOOMGCWorkers: 0.008, LastGCWorkers: 1.000, GCWorkers: 0.008
[20.781s][debug][gc,director    ] Rule: Allocation Rate (Dynamic GC Workers), MaxAllocRate: 183.4MB/s (+/-9.5%), Free: 1786MB, GCCPUTime: 0.094, GCDuration: 0.094s, TimeUntilOOM: 8.895s, TimeUntilGC: 8.701s, GCWorkers: 1 -> 1
[20.781s][debug][gc,director    ] Rule: High Usage, Free: 1786MB(87.2%)
[20.781s][debug][gc,director    ] Rule: Proactive, UsedUntilEnabled: 20MB, TimeUntilEnabled: 298.542s
[20.883s][debug][gc,alloc       ] Allocation Rate: 138.0MB/s, Predicted: 134.1MB/s, Avg: 140.6(+/-12.9)MB/s
[20.883s][debug][gc,director    ] Select GC Workers (Normal), AvoidLongGCWorkers: 0.007, AvoidOOMGCWorkers: 0.008, LastGCWorkers: 1.000, GCWorkers: 0.008
[20.883s][debug][gc,director    ] Rule: Allocation Rate (Dynamic GC Workers), MaxAllocRate: 182.9MB/s (+/-9.2%), Free: 1774MB, GCCPUTime: 0.094, GCDuration: 0.094s, TimeUntilOOM: 8.883s, TimeUntilGC: 8.690s, GCWorkers: 1 -> 1
[20.883s][debug][gc,director    ] Rule: High Usage, Free: 1774MB(86.6%)
[20.883s][debug][gc,director    ] Rule: Proactive, UsedUntilEnabled: 8MB, TimeUntilEnabled: 298.440s
[20.978s][debug][gc,alloc       ] Allocation Rate: 138.0MB/s, Predicted: 130.3MB/s, Avg: 141.4(+/-12.4)MB/s
[20.978s][debug][gc,director    ] Select GC Workers (Normal), AvoidLongGCWorkers: 0.007, AvoidOOMGCWorkers: 0.008, LastGCWorkers: 1.000, GCWorkers: 0.008
[20.978s][debug][gc,director    ] Rule: Allocation Rate (Dynamic GC Workers), MaxAllocRate: 182.3MB/s (+/-8.8%), Free: 1762MB, GCCPUTime: 0.094, GCDuration: 0.094s, TimeUntilOOM: 8.885s, TimeUntilGC: 8.691s, GCWorkers: 1 -> 1
[20.979s][debug][gc,director    ] Rule: High Usage, Free: 1762MB(86.0%)
[20.979s][debug][gc,director    ] Rule: Proactive, AcceptableGCInterval: 4.594s, TimeSinceLastGC: 1.656s, TimeUntilGC: 2.939s
[21.079s][debug][gc,alloc       ] Allocation Rate: 138.0MB/s, Predicted: 128.5MB/s, Avg: 141.2(+/-12.5)MB/s
[21.079s][debug][gc,director    ] Select GC Workers (Normal), AvoidLongGCWorkers: 0.007, AvoidOOMGCWorkers: 0.008, LastGCWorkers: 1.000, GCWorkers: 0.008
[21.079s][debug][gc,director    ] Rule: Allocation Rate (Dynamic GC Workers), MaxAllocRate: 182.2MB/s (+/-8.8%), Free: 1750MB, GCCPUTime: 0.094, GCDuration: 0.094s, TimeUntilOOM: 8.825s, TimeUntilGC: 8.631s, GCWorkers: 1 -> 1
[21.079s][debug][gc,director    ] Rule: High Usage, Free: 1750MB(85.4%)
[21.079s][debug][gc,director    ] Rule: Proactive, AcceptableGCInterval: 4.594s, TimeSinceLastGC: 1.756s, TimeUntilGC: 2.838s
[21.180s][debug][gc,alloc       ] Allocation Rate: 170.0MB/s, Predicted: 140.8MB/s, Avg: 143.8(+/-15.2)MB/s
[21.181s][debug][gc,director    ] Select GC Workers (Normal), AvoidLongGCWorkers: 0.007, AvoidOOMGCWorkers: 0.009, LastGCWorkers: 1.000, GCWorkers: 0.009
[21.181s][debug][gc,director    ] Rule: Allocation Rate (Dynamic GC Workers), MaxAllocRate: 193.8MB/s (+/-10.6%), Free: 1706MB, GCCPUTime: 0.094, GCDuration: 0.094s, TimeUntilOOM: 7.962s, TimeUntilGC: 7.769s, GCWorkers: 1 -> 1
[21.181s][debug][gc,director    ] Rule: High Usage, Free: 1706MB(83.3%)
[21.181s][debug][gc,director    ] Rule: Proactive, AcceptableGCInterval: 4.594s, TimeSinceLastGC: 1.858s, TimeUntilGC: 2.736s
[21.283s][debug][gc,alloc       ] Allocation Rate: 136.0MB/s, Predicted: 146.3MB/s, Avg: 139.8(+/-10.8)MB/s
[21.283s][debug][gc,director    ] Select GC Workers (Normal), AvoidLongGCWorkers: 0.007, AvoidOOMGCWorkers: 0.008, LastGCWorkers: 1.000, GCWorkers: 0.008
[21.283s][debug][gc,director    ] Rule: Allocation Rate (Dynamic GC Workers), MaxAllocRate: 181.9MB/s (+/-7.7%), Free: 1696MB, GCCPUTime: 0.094, GCDuration: 0.094s, TimeUntilOOM: 8.655s, TimeUntilGC: 8.461s, GCWorkers: 1 -> 1
[21.283s][debug][gc,director    ] Rule: High Usage, Free: 1696MB(82.8%)
[21.283s][debug][gc,director    ] Rule: Proactive, AcceptableGCInterval: 4.594s, TimeSinceLastGC: 1.960s, TimeUntilGC: 2.635s
[21.378s][debug][gc,alloc       ] Allocation Rate: 138.0MB/s, Predicted: 146.1MB/s, Avg: 139.4(+/-10.8)MB/s
[21.378s][debug][gc,director    ] Select GC Workers (Normal), AvoidLongGCWorkers: 0.007, AvoidOOMGCWorkers: 0.008, LastGCWorkers: 1.000, GCWorkers: 0.008
[21.378s][debug][gc,director    ] Rule: Allocation Rate (Dynamic GC Workers), MaxAllocRate: 181.7MB/s (+/-7.8%), Free: 1684MB, GCCPUTime: 0.094, GCDuration: 0.094s, TimeUntilOOM: 8.601s, TimeUntilGC: 8.407s, GCWorkers: 1 -> 1
[21.378s][debug][gc,director    ] Rule: High Usage, Free: 1684MB(82.2%)
[21.378s][debug][gc,director    ] Rule: Proactive, AcceptableGCInterval: 4.594s, TimeSinceLastGC: 2.055s, TimeUntilGC: 2.539s
[21.482s][debug][gc,alloc       ] Allocation Rate: 126.0MB/s, Predicted: 141.5MB/s, Avg: 137.8(+/-11.5)MB/s
[21.482s][debug][gc,director    ] Select GC Workers (Normal), AvoidLongGCWorkers: 0.007, AvoidOOMGCWorkers: 0.008, LastGCWorkers: 1.000, GCWorkers: 0.008
[21.482s][debug][gc,director    ] Rule: Allocation Rate (Dynamic GC Workers), MaxAllocRate: 179.2MB/s (+/-8.3%), Free: 1684MB, GCCPUTime: 0.094, GCDuration: 0.094s, TimeUntilOOM: 8.675s, TimeUntilGC: 8.481s, GCWorkers: 1 -> 1
[21.482s][debug][gc,director    ] Rule: High Usage, Free: 1684MB(82.2%)
[21.482s][debug][gc,director    ] Rule: Proactive, AcceptableGCInterval: 4.594s, TimeSinceLastGC: 2.159s, TimeUntilGC: 2.435s
[21.580s][debug][gc,alloc       ] Allocation Rate: 134.0MB/s, Predicted: 138.9MB/s, Avg: 137.8(+/-11.5)MB/s
[21.580s][debug][gc,director    ] Select GC Workers (Normal), AvoidLongGCWorkers: 0.007, AvoidOOMGCWorkers: 0.008, LastGCWorkers: 1.000, GCWorkers: 0.008
[21.580s][debug][gc,director    ] Rule: Allocation Rate (Dynamic GC Workers), MaxAllocRate: 176.7MB/s (+/-8.3%), Free: 1672MB, GCCPUTime: 0.094, GCDuration: 0.094s, TimeUntilOOM: 8.736s, TimeUntilGC: 8.543s, GCWorkers: 1 -> 1
[21.580s][debug][gc,director    ] Rule: High Usage, Free: 1672MB(81.6%)
[21.580s][debug][gc,director    ] Rule: Proactive, AcceptableGCInterval: 4.594s, TimeSinceLastGC: 2.257s, TimeUntilGC: 2.337s
[21.682s][debug][gc,alloc       ] Allocation Rate: 138.0MB/s, Predicted: 136.9MB/s, Avg: 138.6(+/-11.2)MB/s
[21.682s][debug][gc,director    ] Select GC Workers (Normal), AvoidLongGCWorkers: 0.007, AvoidOOMGCWorkers: 0.008, LastGCWorkers: 1.000, GCWorkers: 0.008
[21.683s][debug][gc,director    ] Rule: Allocation Rate (Dynamic GC Workers), MaxAllocRate: 175.4MB/s (+/-8.1%), Free: 1660MB, GCCPUTime: 0.094, GCDuration: 0.094s, TimeUntilOOM: 8.760s, TimeUntilGC: 8.566s, GCWorkers: 1 -> 1
[21.683s][debug][gc,director    ] Rule: High Usage, Free: 1660MB(81.1%)
[21.683s][debug][gc,director    ] Rule: Proactive, AcceptableGCInterval: 4.594s, TimeSinceLastGC: 2.360s, TimeUntilGC: 2.235s
[21.779s][debug][gc,alloc       ] Allocation Rate: 138.0MB/s, Predicted: 134.4MB/s, Avg: 139.4(+/-10.8)MB/s
[21.780s][debug][gc,director    ] Select GC Workers (Normal), AvoidLongGCWorkers: 0.007, AvoidOOMGCWorkers: 0.008, LastGCWorkers: 1.000, GCWorkers: 0.008
[21.780s][debug][gc,director    ] Rule: Allocation Rate (Dynamic GC Workers), MaxAllocRate: 175.0MB/s (+/-7.8%), Free: 1648MB, GCCPUTime: 0.094, GCDuration: 0.094s, TimeUntilOOM: 8.741s, TimeUntilGC: 8.547s, GCWorkers: 1 -> 1
[21.780s][debug][gc,director    ] Rule: High Usage, Free: 1648MB(80.5%)
[21.780s][debug][gc,director    ] Rule: Proactive, AcceptableGCInterval: 4.594s, TimeSinceLastGC: 2.457s, TimeUntilGC: 2.138s
[21.883s][debug][gc,alloc       ] Allocation Rate: 138.0MB/s, Predicted: 133.5MB/s, Avg: 139.4(+/-10.8)MB/s
[21.883s][debug][gc,director    ] Select GC Workers (Normal), AvoidLongGCWorkers: 0.007, AvoidOOMGCWorkers: 0.008, LastGCWorkers: 1.000, GCWorkers: 0.008
[21.883s][debug][gc,director    ] Rule: Allocation Rate (Dynamic GC Workers), MaxAllocRate: 175.0MB/s (+/-7.8%), Free: 1636MB, GCCPUTime: 0.094, GCDuration: 0.094s, TimeUntilOOM: 8.677s, TimeUntilGC: 8.484s, GCWorkers: 1 -> 1
[21.883s][debug][gc,director    ] Rule: High Usage, Free: 1636MB(79.9%)
[21.883s][debug][gc,director    ] Rule: Proactive, AcceptableGCInterval: 4.594s, TimeSinceLastGC: 2.560s, TimeUntilGC: 2.034s
[21.979s][debug][gc,alloc       ] Allocation Rate: 138.0MB/s, Predicted: 132.5MB/s, Avg: 139.4(+/-10.8)MB/s
[21.979s][debug][gc,director    ] Select GC Workers (Normal), AvoidLongGCWorkers: 0.007, AvoidOOMGCWorkers: 0.008, LastGCWorkers: 1.000, GCWorkers: 0.008
[21.979s][debug][gc,director    ] Rule: Allocation Rate (Dynamic GC Workers), MaxAllocRate: 175.0MB/s (+/-7.8%), Free: 1624MB, GCCPUTime: 0.094, GCDuration: 0.094s, TimeUntilOOM: 8.614s, TimeUntilGC: 8.420s, GCWorkers: 1 -> 1
[21.979s][debug][gc,director    ] Rule: High Usage, Free: 1624MB(79.3%)
[21.979s][debug][gc,director    ] Rule: Proactive, AcceptableGCInterval: 4.594s, TimeSinceLastGC: 2.656s, TimeUntilGC: 1.938s
[22.079s][debug][gc,alloc       ] Allocation Rate: 170.0MB/s, Predicted: 144.4MB/s, Avg: 142.6(+/-14.1)MB/s
[22.079s][debug][gc,director    ] Select GC Workers (Normal), AvoidLongGCWorkers: 0.007, AvoidOOMGCWorkers: 0.010, LastGCWorkers: 1.000, GCWorkers: 0.010
[22.079s][debug][gc,director    ] Rule: Allocation Rate (Dynamic GC Workers), MaxAllocRate: 190.9MB/s (+/-9.9%), Free: 1580MB, GCCPUTime: 0.094, GCDuration: 0.094s, TimeUntilOOM: 7.528s, TimeUntilGC: 7.334s, GCWorkers: 1 -> 1
[22.080s][debug][gc,director    ] Rule: High Usage, Free: 1580MB(77.1%)
[22.080s][debug][gc,director    ] Rule: Proactive, AcceptableGCInterval: 4.594s, TimeSinceLastGC: 2.757s, TimeUntilGC: 1.838s
[22.184s][debug][gc,alloc       ] Allocation Rate: 136.0MB/s, Predicted: 149.1MB/s, Avg: 139.2(+/-10.9)MB/s
[22.184s][debug][gc,director    ] Select GC Workers (Normal), AvoidLongGCWorkers: 0.007, AvoidOOMGCWorkers: 0.009, LastGCWorkers: 1.000, GCWorkers: 0.009
[22.184s][debug][gc,director    ] Rule: Allocation Rate (Dynamic GC Workers), MaxAllocRate: 184.8MB/s (+/-7.8%), Free: 1570MB, GCCPUTime: 0.094, GCDuration: 0.094s, TimeUntilOOM: 7.882s, TimeUntilGC: 7.689s, GCWorkers: 1 -> 1
[22.185s][debug][gc,director    ] Rule: High Usage, Free: 1570MB(76.7%)
[22.185s][debug][gc,director    ] Rule: Proactive, AcceptableGCInterval: 4.594s, TimeSinceLastGC: 2.862s, TimeUntilGC: 1.733s
[22.279s][debug][gc,alloc       ] Allocation Rate: 136.0MB/s, Predicted: 146.9MB/s, Avg: 139.2(+/-10.9)MB/s
[22.279s][debug][gc,director    ] Select GC Workers (Normal), AvoidLongGCWorkers: 0.007, AvoidOOMGCWorkers: 0.009, LastGCWorkers: 1.000, GCWorkers: 0.009
[22.279s][debug][gc,director    ] Rule: Allocation Rate (Dynamic GC Workers), MaxAllocRate: 182.6MB/s (+/-7.8%), Free: 1560MB, GCCPUTime: 0.094, GCDuration: 0.094s, TimeUntilOOM: 7.924s, TimeUntilGC: 7.730s, GCWorkers: 1 -> 1
[22.279s][debug][gc,director    ] Rule: High Usage, Free: 1560MB(76.2%)
[22.279s][debug][gc,director    ] Rule: Proactive, AcceptableGCInterval: 4.594s, TimeSinceLastGC: 2.956s, TimeUntilGC: 1.638s
[22.378s][debug][gc,alloc       ] Allocation Rate: 126.0MB/s, Predicted: 141.3MB/s, Avg: 138.0(+/-11.6)MB/s
[22.379s][debug][gc,director    ] Select GC Workers (Normal), AvoidLongGCWorkers: 0.007, AvoidOOMGCWorkers: 0.009, LastGCWorkers: 1.000, GCWorkers: 0.009
[22.379s][debug][gc,director    ] Rule: Allocation Rate (Dynamic GC Workers), MaxAllocRate: 179.4MB/s (+/-8.4%), Free: 1558MB, GCCPUTime: 0.094, GCDuration: 0.094s, TimeUntilOOM: 8.015s, TimeUntilGC: 7.821s, GCWorkers: 1 -> 1
[22.379s][debug][gc,director    ] Rule: High Usage, Free: 1558MB(76.1%)
[22.379s][debug][gc,director    ] Rule: Proactive, AcceptableGCInterval: 4.594s, TimeSinceLastGC: 3.056s, TimeUntilGC: 1.539s
[22.480s][debug][gc,alloc       ] Allocation Rate: 138.0MB/s, Predicted: 138.1MB/s, Avg: 139.2(+/-10.9)MB/s
[22.480s][debug][gc,director    ] Select GC Workers (Normal), AvoidLongGCWorkers: 0.007, AvoidOOMGCWorkers: 0.009, LastGCWorkers: 1.000, GCWorkers: 0.009
[22.480s][debug][gc,director    ] Rule: Allocation Rate (Dynamic GC Workers), MaxAllocRate: 174.9MB/s (+/-7.8%), Free: 1546MB, GCCPUTime: 0.094, GCDuration: 0.094s, TimeUntilOOM: 8.200s, TimeUntilGC: 8.006s, GCWorkers: 1 -> 1
[22.480s][debug][gc,director    ] Rule: High Usage, Free: 1546MB(75.5%)
[22.480s][debug][gc,director    ] Rule: Proactive, AcceptableGCInterval: 4.594s, TimeSinceLastGC: 3.157s, TimeUntilGC: 1.437s
[22.581s][debug][gc,alloc       ] Allocation Rate: 138.0MB/s, Predicted: 136.3MB/s, Avg: 139.6(+/-10.7)MB/s
[22.581s][debug][gc,director    ] Select GC Workers (Normal), AvoidLongGCWorkers: 0.007, AvoidOOMGCWorkers: 0.009, LastGCWorkers: 1.000, GCWorkers: 0.009
[22.581s][debug][gc,director    ] Rule: Allocation Rate (Dynamic GC Workers), MaxAllocRate: 174.9MB/s (+/-7.7%), Free: 1534MB, GCCPUTime: 0.094, GCDuration: 0.094s, TimeUntilOOM: 8.145s, TimeUntilGC: 7.951s, GCWorkers: 1 -> 1
[22.581s][debug][gc,director    ] Rule: High Usage, Free: 1534MB(74.9%)
[22.581s][debug][gc,director    ] Rule: Proactive, AcceptableGCInterval: 4.594s, TimeSinceLastGC: 3.258s, TimeUntilGC: 1.336s
[22.679s][debug][gc,alloc       ] Allocation Rate: 138.0MB/s, Predicted: 135.2MB/s, Avg: 139.6(+/-10.7)MB/s
[22.680s][debug][gc,director    ] Select GC Workers (Normal), AvoidLongGCWorkers: 0.007, AvoidOOMGCWorkers: 0.009, LastGCWorkers: 1.000, GCWorkers: 0.009
[22.680s][debug][gc,director    ] Rule: Allocation Rate (Dynamic GC Workers), MaxAllocRate: 174.9MB/s (+/-7.7%), Free: 1522MB, GCCPUTime: 0.094, GCDuration: 0.094s, TimeUntilOOM: 8.082s, TimeUntilGC: 7.888s, GCWorkers: 1 -> 1
[22.680s][debug][gc,director    ] Rule: High Usage, Free: 1522MB(74.3%)
[22.680s][debug][gc,director    ] Rule: Proactive, AcceptableGCInterval: 4.594s, TimeSinceLastGC: 3.357s, TimeUntilGC: 1.238s
[22.783s][debug][gc,alloc       ] Allocation Rate: 138.0MB/s, Predicted: 134.1MB/s, Avg: 139.6(+/-10.7)MB/s
[22.783s][debug][gc,director    ] Select GC Workers (Normal), AvoidLongGCWorkers: 0.007, AvoidOOMGCWorkers: 0.009, LastGCWorkers: 1.000, GCWorkers: 0.009
[22.783s][debug][gc,director    ] Rule: Allocation Rate (Dynamic GC Workers), MaxAllocRate: 174.9MB/s (+/-7.7%), Free: 1510MB, GCCPUTime: 0.094, GCDuration: 0.094s, TimeUntilOOM: 8.018s, TimeUntilGC: 7.824s, GCWorkers: 1 -> 1
[22.783s][debug][gc,director    ] Rule: High Usage, Free: 1510MB(73.7%)
[22.784s][debug][gc,director    ] Rule: Proactive, AcceptableGCInterval: 4.594s, TimeSinceLastGC: 3.461s, TimeUntilGC: 1.134s
[22.878s][debug][gc,alloc       ] Allocation Rate: 138.0MB/s, Predicted: 133.1MB/s, Avg: 139.6(+/-10.7)MB/s
[22.878s][debug][gc,director    ] Select GC Workers (Normal), AvoidLongGCWorkers: 0.007, AvoidOOMGCWorkers: 0.009, LastGCWorkers: 1.000, GCWorkers: 0.009
[22.878s][debug][gc,director    ] Rule: Allocation Rate (Dynamic GC Workers), MaxAllocRate: 174.9MB/s (+/-7.7%), Free: 1498MB, GCCPUTime: 0.094, GCDuration: 0.094s, TimeUntilOOM: 7.954s, TimeUntilGC: 7.760s, GCWorkers: 1 -> 1
[22.878s][debug][gc,director    ] Rule: High Usage, Free: 1498MB(73.1%)
[22.878s][debug][gc,director    ] Rule: Proactive, AcceptableGCInterval: 4.594s, TimeSinceLastGC: 3.555s, TimeUntilGC: 1.039s
[22.981s][debug][gc,alloc       ] Allocation Rate: 170.0MB/s, Predicted: 144.8MB/s, Avg: 142.8(+/-14.0)MB/s
[22.981s][debug][gc,director    ] Select GC Workers (Normal), AvoidLongGCWorkers: 0.007, AvoidOOMGCWorkers: 0.010, LastGCWorkers: 1.000, GCWorkers: 0.010
[22.981s][debug][gc,director    ] Rule: Allocation Rate (Dynamic GC Workers), MaxAllocRate: 191.0MB/s (+/-9.8%), Free: 1454MB, GCCPUTime: 0.094, GCDuration: 0.094s, TimeUntilOOM: 6.932s, TimeUntilGC: 6.738s, GCWorkers: 1 -> 1
[22.981s][debug][gc,director    ] Rule: High Usage, Free: 1454MB(71.0%)
[22.981s][debug][gc,director    ] Rule: Proactive, AcceptableGCInterval: 4.594s, TimeSinceLastGC: 3.658s, TimeUntilGC: 0.936s
[23.077s][debug][gc,alloc       ] Allocation Rate: 136.0MB/s, Predicted: 149.3MB/s, Avg: 139.4(+/-10.8)MB/s
[23.078s][debug][gc,director    ] Select GC Workers (Normal), AvoidLongGCWorkers: 0.007, AvoidOOMGCWorkers: 0.010, LastGCWorkers: 1.000, GCWorkers: 0.010
[23.078s][debug][gc,director    ] Rule: Allocation Rate (Dynamic GC Workers), MaxAllocRate: 184.8MB/s (+/-7.7%), Free: 1444MB, GCCPUTime: 0.094, GCDuration: 0.094s, TimeUntilOOM: 7.254s, TimeUntilGC: 7.060s, GCWorkers: 1 -> 1
[23.078s][debug][gc,director    ] Rule: High Usage, Free: 1444MB(70.5%)
[23.078s][debug][gc,director    ] Rule: Proactive, AcceptableGCInterval: 4.594s, TimeSinceLastGC: 3.755s, TimeUntilGC: 0.840s
[23.180s][debug][gc,alloc       ] Allocation Rate: 126.0MB/s, Predicted: 143.1MB/s, Avg: 138.4(+/-11.5)MB/s
[23.180s][debug][gc,director    ] Select GC Workers (Normal), AvoidLongGCWorkers: 0.007, AvoidOOMGCWorkers: 0.010, LastGCWorkers: 1.000, GCWorkers: 0.010
[23.180s][debug][gc,director    ] Rule: Allocation Rate (Dynamic GC Workers), MaxAllocRate: 180.8MB/s (+/-8.3%), Free: 1444MB, GCCPUTime: 0.094, GCDuration: 0.094s, TimeUntilOOM: 7.373s, TimeUntilGC: 7.179s, GCWorkers: 1 -> 1
[23.180s][debug][gc,director    ] Rule: High Usage, Free: 1444MB(70.5%)
[23.180s][debug][gc,director    ] Rule: Proactive, AcceptableGCInterval: 4.594s, TimeSinceLastGC: 3.857s, TimeUntilGC: 0.737s
[23.283s][debug][gc,alloc       ] Allocation Rate: 128.0MB/s, Predicted: 138.3MB/s, Avg: 137.6(+/-11.9)MB/s
[23.283s][debug][gc,director    ] Select GC Workers (Normal), AvoidLongGCWorkers: 0.007, AvoidOOMGCWorkers: 0.010, LastGCWorkers: 1.000, GCWorkers: 0.010
[23.283s][debug][gc,director    ] Rule: Allocation Rate (Dynamic GC Workers), MaxAllocRate: 177.4MB/s (+/-8.6%), Free: 1432MB, GCCPUTime: 0.094, GCDuration: 0.094s, TimeUntilOOM: 7.430s, TimeUntilGC: 7.236s, GCWorkers: 1 -> 1
[23.283s][debug][gc,director    ] Rule: High Usage, Free: 1432MB(69.9%)
[23.283s][debug][gc,director    ] Rule: Proactive, AcceptableGCInterval: 4.594s, TimeSinceLastGC: 3.960s, TimeUntilGC: 0.634s
[23.382s][debug][gc,alloc       ] Allocation Rate: 138.0MB/s, Predicted: 135.3MB/s, Avg: 138.8(+/-11.2)MB/s
[23.382s][debug][gc,director    ] Select GC Workers (Normal), AvoidLongGCWorkers: 0.007, AvoidOOMGCWorkers: 0.010, LastGCWorkers: 1.000, GCWorkers: 0.010
[23.383s][debug][gc,director    ] Rule: Allocation Rate (Dynamic GC Workers), MaxAllocRate: 175.8MB/s (+/-8.1%), Free: 1420MB, GCCPUTime: 0.094, GCDuration: 0.094s, TimeUntilOOM: 7.471s, TimeUntilGC: 7.277s, GCWorkers: 1 -> 1
[23.383s][debug][gc,director    ] Rule: High Usage, Free: 1420MB(69.3%)
[23.383s][debug][gc,director    ] Rule: Proactive, AcceptableGCInterval: 4.594s, TimeSinceLastGC: 4.060s, TimeUntilGC: 0.535s
[23.477s][debug][gc,alloc       ] Allocation Rate: 138.0MB/s, Predicted: 134.8MB/s, Avg: 138.8(+/-11.2)MB/s
[23.478s][debug][gc,director    ] Select GC Workers (Normal), AvoidLongGCWorkers: 0.007, AvoidOOMGCWorkers: 0.010, LastGCWorkers: 1.000, GCWorkers: 0.010
[23.478s][debug][gc,director    ] Rule: Allocation Rate (Dynamic GC Workers), MaxAllocRate: 175.8MB/s (+/-8.1%), Free: 1408MB, GCCPUTime: 0.094, GCDuration: 0.094s, TimeUntilOOM: 7.408s, TimeUntilGC: 7.214s, GCWorkers: 1 -> 1
[23.478s][debug][gc,director    ] Rule: High Usage, Free: 1408MB(68.8%)
[23.478s][debug][gc,director    ] Rule: Proactive, AcceptableGCInterval: 4.594s, TimeSinceLastGC: 4.155s, TimeUntilGC: 0.440s
[23.582s][debug][gc,alloc       ] Allocation Rate: 138.0MB/s, Predicted: 134.3MB/s, Avg: 138.8(+/-11.2)MB/s
[23.582s][debug][gc,director    ] Select GC Workers (Normal), AvoidLongGCWorkers: 0.007, AvoidOOMGCWorkers: 0.010, LastGCWorkers: 1.000, GCWorkers: 0.010
[23.582s][debug][gc,director    ] Rule: Allocation Rate (Dynamic GC Workers), MaxAllocRate: 175.8MB/s (+/-8.1%), Free: 1396MB, GCCPUTime: 0.094, GCDuration: 0.094s, TimeUntilOOM: 7.345s, TimeUntilGC: 7.151s, GCWorkers: 1 -> 1
[23.583s][debug][gc,director    ] Rule: High Usage, Free: 1396MB(68.2%)
[23.583s][debug][gc,director    ] Rule: Proactive, AcceptableGCInterval: 4.594s, TimeSinceLastGC: 4.260s, TimeUntilGC: 0.335s
[23.679s][debug][gc,alloc       ] Allocation Rate: 138.0MB/s, Predicted: 133.7MB/s, Avg: 138.8(+/-11.2)MB/s
[23.680s][debug][gc,director    ] Select GC Workers (Normal), AvoidLongGCWorkers: 0.007, AvoidOOMGCWorkers: 0.010, LastGCWorkers: 1.000, GCWorkers: 0.010
[23.680s][debug][gc,director    ] Rule: Allocation Rate (Dynamic GC Workers), MaxAllocRate: 175.8MB/s (+/-8.1%), Free: 1384MB, GCCPUTime: 0.094, GCDuration: 0.094s, TimeUntilOOM: 7.282s, TimeUntilGC: 7.088s, GCWorkers: 1 -> 1
[23.680s][debug][gc,director    ] Rule: High Usage, Free: 1384MB(67.6%)
[23.680s][debug][gc,director    ] Rule: Proactive, AcceptableGCInterval: 4.594s, TimeSinceLastGC: 4.357s, TimeUntilGC: 0.238s
[23.781s][debug][gc,alloc       ] Allocation Rate: 128.0MB/s, Predicted: 129.2MB/s, Avg: 137.8(+/-11.7)MB/s
[23.781s][debug][gc,director    ] Select GC Workers (Normal), AvoidLongGCWorkers: 0.007, AvoidOOMGCWorkers: 0.010, LastGCWorkers: 1.000, GCWorkers: 0.010
[23.781s][debug][gc,director    ] Rule: Allocation Rate (Dynamic GC Workers), MaxAllocRate: 176.3MB/s (+/-8.5%), Free: 1382MB, GCCPUTime: 0.094, GCDuration: 0.094s, TimeUntilOOM: 7.223s, TimeUntilGC: 7.030s, GCWorkers: 1 -> 1
[23.781s][debug][gc,director    ] Rule: High Usage, Free: 1382MB(67.5%)
[23.781s][debug][gc,director    ] Rule: Proactive, AcceptableGCInterval: 4.594s, TimeSinceLastGC: 4.458s, TimeUntilGC: 0.137s
[23.878s][debug][gc,alloc       ] Allocation Rate: 126.0MB/s, Predicted: 124.5MB/s, Avg: 136.6(+/-12.2)MB/s
[23.878s][debug][gc,director    ] Select GC Workers (Normal), AvoidLongGCWorkers: 0.007, AvoidOOMGCWorkers: 0.010, LastGCWorkers: 1.000, GCWorkers: 0.010
[23.878s][debug][gc,director    ] Rule: Allocation Rate (Dynamic GC Workers), MaxAllocRate: 176.9MB/s (+/-9.0%), Free: 1372MB, GCCPUTime: 0.094, GCDuration: 0.094s, TimeUntilOOM: 7.120s, TimeUntilGC: 6.926s, GCWorkers: 1 -> 1
[23.878s][debug][gc,director    ] Rule: High Usage, Free: 1372MB(67.0%)
[23.878s][debug][gc,director    ] Rule: Proactive, AcceptableGCInterval: 4.594s, TimeSinceLastGC: 4.555s, TimeUntilGC: 0.040s
[23.980s][debug][gc,alloc       ] Allocation Rate: 126.0MB/s, Predicted: 129.2MB/s, Avg: 132.2(+/-5.5)MB/s
[23.980s][debug][gc,director    ] Select GC Workers (Normal), AvoidLongGCWorkers: 0.007, AvoidOOMGCWorkers: 0.009, LastGCWorkers: 1.000, GCWorkers: 0.009
[23.980s][debug][gc,director    ] Rule: Allocation Rate (Dynamic GC Workers), MaxAllocRate: 150.2MB/s (+/-4.1%), Free: 1328MB, GCCPUTime: 0.094, GCDuration: 0.094s, TimeUntilOOM: 8.489s, TimeUntilGC: 8.296s, GCWorkers: 1 -> 1
[23.980s][debug][gc,director    ] Rule: High Usage, Free: 1328MB(64.8%)
[23.980s][debug][gc,director    ] Rule: Proactive, AcceptableGCInterval: 4.594s, TimeSinceLastGC: 4.657s, TimeUntilGC: -0.063s
[23.980s][debug][gc,heap        ] GC(3) Heap before GC invocations=3 (full 3):
[23.981s][debug][gc,heap        ] GC(3)  ZHeap           used 686M, capacity 686M, max capacity 2048M
[23.981s][debug][gc,heap        ] GC(3)  Metaspace       used 8818K, committed 9216K, reserved 1114112K
[23.981s][debug][gc,heap        ] GC(3)   class space    used 932K, committed 1088K, reserved 1048576K
[23.981s][info ][gc,start       ] GC(3) Garbage Collection (Proactive)
[23.981s][info ][gc,task        ] GC(3) Using 1 workers
[23.981s][debug][gc,phases,start] GC(3) Pause Mark Start
[23.981s][debug][gc,marking     ] GC(3) Using 1 mark stripes
[23.981s][debug][gc,marking     ] GC(3) Mark Worker/Stripe Distribution
[23.981s][debug][gc,marking     ] GC(3)   Worker 0(1) -> Stripe 0(1)
[23.981s][info ][gc,phases      ] GC(3) Pause Mark Start 0.203ms
[23.981s][debug][gc,phases,start] GC(3) Concurrent Mark
[23.981s][debug][gc,task        ] GC(3) Executing Task: ZMarkRootsTask, Active Workers: 1
[23.986s][debug][gc,tlab        ] GC(3) TLAB totals: thrds: 5  refills: 1932 max: 1927 slow allocs: 125 max 125 waste:  0.7% gc: 789432B max: 261048B slow: 2710976B max: 2710352B
[23.986s][debug][gc,task        ] GC(3) Executing Task: ZMarkTask, Active Workers: 1
[24.004s][info ][gc,phases      ] GC(3) Concurrent Mark 22.341ms
[24.004s][debug][gc,phases,start] GC(3) Pause Mark End
[24.004s][info ][gc,phases      ] GC(3) Pause Mark End 0.034ms
[24.004s][debug][gc,phases,start] GC(3) Concurrent Mark Free
[24.004s][info ][gc,phases      ] GC(3) Concurrent Mark Free 0.013ms
[24.004s][debug][gc,phases,start] GC(3) Concurrent Process Non-Strong References
[24.004s][debug][gc,phases,start] GC(3) Concurrent References Process
[24.004s][debug][gc,task        ] GC(3) Executing Task: ZReferenceProcessorTask, Active Workers: 1
[24.004s][debug][gc,phases      ] GC(3) Concurrent References Process 0.108ms
[24.004s][debug][gc,task        ] GC(3) Executing Task: ZProcessWeakRootsTask, Active Workers: 1
[24.005s][debug][gc,phases,start] GC(3) Concurrent Classes Unlink
[24.005s][debug][gc,phases,start] GC(3) ClassLoaderData
[24.005s][debug][gc,phases      ] GC(3) ClassLoaderData 0.043ms
[24.005s][debug][gc,phases,start] GC(3) Trigger cleanups
[24.005s][debug][gc,phases      ] GC(3) Trigger cleanups 0.010ms
[24.005s][debug][gc,task        ] GC(3) Executing Task: ZNMethodUnlinkTask, Active Workers: 1
[24.009s][debug][gc,phases      ] GC(3) Concurrent Classes Unlink 4.336ms
[24.009s][debug][gc,phases,start] GC(3) Concurrent Classes Purge
[24.009s][debug][gc,task        ] GC(3) Executing Task: ZNMethodPurgeTask, Active Workers: 1
[24.009s][debug][gc,phases      ] GC(3) Concurrent Classes Purge 0.187ms
[24.009s][debug][gc,phases,start] GC(3) Concurrent References Enqueue
[24.009s][debug][gc,phases      ] GC(3) Concurrent References Enqueue 0.018ms
[24.009s][info ][gc,phases      ] GC(3) Concurrent Process Non-Strong References 5.469ms
[24.009s][debug][gc,phases,start] GC(3) Concurrent Reset Relocation Set
[24.009s][info ][gc,phases      ] GC(3) Concurrent Reset Relocation Set 0.016ms
[24.009s][debug][gc,phases,start] GC(3) Concurrent Select Relocation Set
[24.012s][debug][gc,task        ] GC(3) Executing Task: ZRelocationSetInstallTask, Active Workers: 1
[24.012s][info ][gc,phases      ] GC(3) Concurrent Select Relocation Set 2.194ms
[24.012s][debug][gc,phases,start] GC(3) Pause Relocate Start
[24.012s][info ][gc,phases      ] GC(3) Pause Relocate Start 0.038ms
[24.012s][debug][gc,phases,start] GC(3) Concurrent Relocate
[24.012s][debug][gc,task        ] GC(3) Executing Task: ZRelocateTask, Active Workers: 1
[24.014s][info ][gc,phases      ] GC(3) Concurrent Relocate 2.593ms
[24.014s][debug][gc,heap        ] GC(3) Heap after GC invocations=4 (full 4):
[24.014s][debug][gc,heap        ] GC(3)  ZHeap           used 6M, capacity 686M, max capacity 2048M
[24.014s][debug][gc,heap        ] GC(3)  Metaspace       used 8818K, committed 9216K, reserved 1114112K
[24.014s][debug][gc,heap        ] GC(3)   class space    used 932K, committed 1088K, reserved 1048576K
[24.015s][info ][gc,load        ] GC(3) Load: 4.13/3.20/2.73
[24.015s][info ][gc,mmu         ] GC(3) MMU: 2ms/88.7%, 5ms/95.5%, 10ms/97.7%, 20ms/98.8%, 50ms/99.2%, 100ms/99.5%
[24.015s][info ][gc,marking     ] GC(3) Mark: 1 stripe(s), 2 proactive flush(es), 1 terminate flush(es), 0 completion(s), 0 continuation(s) 
[24.015s][info ][gc,marking     ] GC(3) Mark Stack Usage: 32M
[24.015s][info ][gc,nmethod     ] GC(3) NMethods: 2620 registered, 0 unregistered
[24.015s][info ][gc,metaspace   ] GC(3) Metaspace: 8M used, 9M committed, 1088M reserved
[24.015s][info ][gc,ref         ] GC(3) Soft: 737 encountered, 0 discovered, 0 enqueued
[24.015s][info ][gc,ref         ] GC(3) Weak: 1290 encountered, 610 discovered, 0 enqueued
[24.015s][info ][gc,ref         ] GC(3) Final: 0 encountered, 0 discovered, 0 enqueued
[24.015s][info ][gc,ref         ] GC(3) Phantom: 15 encountered, 9 discovered, 0 enqueued
[24.015s][info ][gc,reloc       ] GC(3) Small Pages: 247 / 494M, Empty: 484M, Relocated: 1M, In-Place: 0
[24.015s][info ][gc,reloc       ] GC(3) Medium Pages: 6 / 192M, Empty: 192M, Relocated: 0M, In-Place: 0
[24.015s][info ][gc,reloc       ] GC(3) Large Pages: 0 / 0M, Empty: 0M, Relocated: 0M, In-Place: 0
[24.015s][info ][gc,reloc       ] GC(3) Forwarding Usage: 0M
[24.015s][info ][gc,heap        ] GC(3) Min Capacity: 8M(0%)
[24.015s][info ][gc,heap        ] GC(3) Max Capacity: 2048M(100%)
[24.015s][info ][gc,heap        ] GC(3) Soft Max Capacity: 2048M(100%)
[24.015s][info ][gc,heap        ] GC(3)                Mark Start          Mark End        Relocate Start      Relocate End           High               Low         
[24.015s][info ][gc,heap        ] GC(3)  Capacity:      686M (33%)         686M (33%)         686M (33%)         686M (33%)         686M (33%)         686M (33%)    
[24.015s][info ][gc,heap        ] GC(3)      Free:     1362M (67%)        1362M (67%)        2038M (100%)       2042M (100%)       2042M (100%)       1362M (67%)    
[24.015s][info ][gc,heap        ] GC(3)      Used:      686M (33%)         686M (33%)          10M (0%)            6M (0%)          686M (33%)           6M (0%)     
[24.015s][info ][gc,heap        ] GC(3)      Live:         -                 5M (0%)            5M (0%)            5M (0%)             -                  -          
[24.015s][info ][gc,heap        ] GC(3) Allocated:         -                 0M (0%)            0M (0%)            0M (0%)             -                  -          
[24.015s][info ][gc,heap        ] GC(3)   Garbage:         -               680M (33%)           4M (0%)            0M (0%)             -                  -          
[24.015s][info ][gc,heap        ] GC(3) Reclaimed:         -                  -               676M (33%)         680M (33%)            -                  -          
[24.015s][info ][gc             ] GC(3) Garbage Collection (Proactive) 686M(33%)->6M(0%)
[24.078s][debug][gc,alloc       ] Allocation Rate: 160.0MB/s, Predicted: 141.3MB/s, Avg: 134.6(+/-10.0)MB/s
[24.078s][debug][gc,director    ] Select GC Workers (Normal), AvoidLongGCWorkers: 0.006, AvoidOOMGCWorkers: 0.005, LastGCWorkers: 1.000, GCWorkers: 0.006
[24.079s][debug][gc,director    ] Rule: Allocation Rate (Dynamic GC Workers), MaxAllocRate: 174.2MB/s (+/-7.4%), Free: 1964MB, GCCPUTime: 0.070, GCDuration: 0.070s, TimeUntilOOM: 10.492s, TimeUntilGC: 10.322s, GCWorkers: 1 -> 1
[24.079s][debug][gc,director    ] Rule: High Usage, Free: 1964MB(95.9%)
[24.079s][debug][gc,director    ] Rule: Proactive, UsedUntilEnabled: 160MB, TimeUntilEnabled: 299.936s
[24.180s][debug][gc,alloc       ] Allocation Rate: 172.0MB/s, Predicted: 154.0MB/s, Avg: 139.2(+/-14.5)MB/s
[24.180s][debug][gc,director    ] Select GC Workers (Normal), AvoidLongGCWorkers: 0.006, AvoidOOMGCWorkers: 0.006, LastGCWorkers: 1.000, GCWorkers: 0.006
[24.180s][debug][gc,director    ] Rule: Allocation Rate (Dynamic GC Workers), MaxAllocRate: 201.8MB/s (+/-10.4%), Free: 1952MB, GCCPUTime: 0.070, GCDuration: 0.070s, TimeUntilOOM: 8.757s, TimeUntilGC: 8.587s, GCWorkers: 1 -> 1
[24.180s][debug][gc,director    ] Rule: High Usage, Free: 1952MB(95.3%)
[24.180s][debug][gc,director    ] Rule: Proactive, UsedUntilEnabled: 148MB, TimeUntilEnabled: 299.834s
[24.280s][debug][gc,alloc       ] Allocation Rate: 172.0MB/s, Predicted: 164.1MB/s, Avg: 143.6(+/-16.9)MB/s
[24.280s][debug][gc,director    ] Select GC Workers (Normal), AvoidLongGCWorkers: 0.006, AvoidOOMGCWorkers: 0.007, LastGCWorkers: 1.000, GCWorkers: 0.007
[24.280s][debug][gc,director    ] Rule: Allocation Rate (Dynamic GC Workers), MaxAllocRate: 219.9MB/s (+/-11.8%), Free: 1940MB, GCCPUTime: 0.070, GCDuration: 0.070s, TimeUntilOOM: 7.892s, TimeUntilGC: 7.722s, GCWorkers: 1 -> 1
[24.280s][debug][gc,director    ] Rule: High Usage, Free: 1940MB(94.7%)
[24.280s][debug][gc,director    ] Rule: Proactive, UsedUntilEnabled: 136MB, TimeUntilEnabled: 299.734s
[24.378s][debug][gc,alloc       ] Allocation Rate: 160.0MB/s, Predicted: 169.2MB/s, Avg: 145.8(+/-17.5)MB/s
[24.378s][debug][gc,director    ] Select GC Workers (Normal), AvoidLongGCWorkers: 0.006, AvoidOOMGCWorkers: 0.007, LastGCWorkers: 1.000, GCWorkers: 0.007
[24.378s][debug][gc,director    ] Rule: Allocation Rate (Dynamic GC Workers), MaxAllocRate: 226.8MB/s (+/-12.0%), Free: 1940MB, GCCPUTime: 0.070, GCDuration: 0.070s, TimeUntilOOM: 7.639s, TimeUntilGC: 7.469s, GCWorkers: 1 -> 1
[24.378s][debug][gc,director    ] Rule: High Usage, Free: 1940MB(94.7%)
[24.378s][debug][gc,director    ] Rule: Proactive, UsedUntilEnabled: 136MB, TimeUntilEnabled: 299.636s
[24.480s][debug][gc,alloc       ] Allocation Rate: 160.0MB/s, Predicted: 172.8MB/s, Avg: 148.0(+/-17.8)MB/s
[24.480s][debug][gc,director    ] Select GC Workers (Normal), AvoidLongGCWorkers: 0.006, AvoidOOMGCWorkers: 0.008, LastGCWorkers: 1.000, GCWorkers: 0.008
[24.480s][debug][gc,director    ] Rule: Allocation Rate (Dynamic GC Workers), MaxAllocRate: 231.2MB/s (+/-12.0%), Free: 1928MB, GCCPUTime: 0.070, GCDuration: 0.070s, TimeUntilOOM: 7.445s, TimeUntilGC: 7.276s, GCWorkers: 1 -> 1
[24.480s][debug][gc,director    ] Rule: High Usage, Free: 1928MB(94.1%)
[24.480s][debug][gc,director    ] Rule: Proactive, UsedUntilEnabled: 124MB, TimeUntilEnabled: 299.534s
[24.584s][debug][gc,alloc       ] Allocation Rate: 160.0MB/s, Predicted: 174.9MB/s, Avg: 150.2(+/-17.7)MB/s
[24.584s][debug][gc,director    ] Select GC Workers (Normal), AvoidLongGCWorkers: 0.006, AvoidOOMGCWorkers: 0.008, LastGCWorkers: 1.000, GCWorkers: 0.008
[24.584s][debug][gc,director    ] Rule: Allocation Rate (Dynamic GC Workers), MaxAllocRate: 233.3MB/s (+/-11.8%), Free: 1916MB, GCCPUTime: 0.070, GCDuration: 0.070s, TimeUntilOOM: 7.345s, TimeUntilGC: 7.175s, GCWorkers: 1 -> 1
[24.584s][debug][gc,director    ] Rule: High Usage, Free: 1916MB(93.6%)
[24.585s][debug][gc,director    ] Rule: Proactive, UsedUntilEnabled: 112MB, TimeUntilEnabled: 299.430s
[24.682s][debug][gc,alloc       ] Allocation Rate: 160.0MB/s, Predicted: 175.6MB/s, Avg: 152.4(+/-17.5)MB/s
[24.682s][debug][gc,director    ] Select GC Workers (Normal), AvoidLongGCWorkers: 0.006, AvoidOOMGCWorkers: 0.008, LastGCWorkers: 1.000, GCWorkers: 0.008
[24.682s][debug][gc,director    ] Rule: Allocation Rate (Dynamic GC Workers), MaxAllocRate: 233.0MB/s (+/-11.5%), Free: 1904MB, GCCPUTime: 0.070, GCDuration: 0.070s, TimeUntilOOM: 7.331s, TimeUntilGC: 7.161s, GCWorkers: 1 -> 1
[24.682s][debug][gc,director    ] Rule: High Usage, Free: 1904MB(93.0%)
[24.682s][debug][gc,director    ] Rule: Proactive, UsedUntilEnabled: 100MB, TimeUntilEnabled: 299.332s
[24.785s][debug][gc,alloc       ] Allocation Rate: 170.0MB/s, Predicted: 176.1MB/s, Avg: 156.6(+/-16.1)MB/s
[24.785s][debug][gc,director    ] Select GC Workers (Normal), AvoidLongGCWorkers: 0.006, AvoidOOMGCWorkers: 0.007, LastGCWorkers: 1.000, GCWorkers: 0.007
[24.785s][debug][gc,director    ] Rule: Allocation Rate (Dynamic GC Workers), MaxAllocRate: 229.0MB/s (+/-10.3%), Free: 1892MB, GCCPUTime: 0.070, GCDuration: 0.070s, TimeUntilOOM: 7.492s, TimeUntilGC: 7.322s, GCWorkers: 1 -> 1
[24.785s][debug][gc,director    ] Rule: High Usage, Free: 1892MB(92.4%)
[24.785s][debug][gc,director    ] Rule: Proactive, UsedUntilEnabled: 88MB, TimeUntilEnabled: 299.229s
[24.883s][debug][gc,alloc       ] Allocation Rate: 174.0MB/s, Predicted: 174.9MB/s, Avg: 161.4(+/-13.1)MB/s
[24.883s][debug][gc,director    ] Select GC Workers (Normal), AvoidLongGCWorkers: 0.006, AvoidOOMGCWorkers: 0.007, LastGCWorkers: 1.000, GCWorkers: 0.007
[24.883s][debug][gc,director    ] Rule: Allocation Rate (Dynamic GC Workers), MaxAllocRate: 218.1MB/s (+/-8.1%), Free: 1878MB, GCCPUTime: 0.070, GCDuration: 0.070s, TimeUntilOOM: 7.964s, TimeUntilGC: 7.794s, GCWorkers: 1 -> 1
[24.883s][debug][gc,director    ] Rule: High Usage, Free: 1878MB(91.7%)
[24.883s][debug][gc,director    ] Rule: Proactive, UsedUntilEnabled: 74MB, TimeUntilEnabled: 299.131s
[24.982s][debug][gc,alloc       ] Allocation Rate: 174.0MB/s, Predicted: 170.5MB/s, Avg: 166.2(+/-6.3)MB/s
[24.982s][debug][gc,director    ] Select GC Workers (Normal), AvoidLongGCWorkers: 0.006, AvoidOOMGCWorkers: 0.006, LastGCWorkers: 1.000, GCWorkers: 0.006
[24.982s][debug][gc,director    ] Rule: Allocation Rate (Dynamic GC Workers), MaxAllocRate: 191.2MB/s (+/-3.8%), Free: 1834MB, GCCPUTime: 0.070, GCDuration: 0.070s, TimeUntilOOM: 9.241s, TimeUntilGC: 9.071s, GCWorkers: 1 -> 1
[24.982s][debug][gc,director    ] Rule: High Usage, Free: 1834MB(89.6%)
[24.982s][debug][gc,director    ] Rule: Proactive, UsedUntilEnabled: 30MB, TimeUntilEnabled: 299.032s
[25.084s][debug][gc,alloc       ] Allocation Rate: 142.0MB/s, Predicted: 159.2MB/s, Avg: 164.4(+/-9.5)MB/s
[25.085s][debug][gc,director    ] Select GC Workers (Normal), AvoidLongGCWorkers: 0.006, AvoidOOMGCWorkers: 0.006, LastGCWorkers: 1.000, GCWorkers: 0.006
[25.085s][debug][gc,director    ] Rule: Allocation Rate (Dynamic GC Workers), MaxAllocRate: 195.8MB/s (+/-5.8%), Free: 1822MB, GCCPUTime: 0.070, GCDuration: 0.070s, TimeUntilOOM: 8.795s, TimeUntilGC: 8.625s, GCWorkers: 1 -> 1
[25.085s][debug][gc,director    ] Rule: High Usage, Free: 1822MB(89.0%)
[25.085s][debug][gc,director    ] Rule: Proactive, UsedUntilEnabled: 18MB, TimeUntilEnabled: 298.929s
[25.178s][debug][gc,alloc       ] Allocation Rate: 136.0MB/s, Predicted: 149.9MB/s, Avg: 160.8(+/-12.4)MB/s
[25.178s][debug][gc,director    ] Select GC Workers (Normal), AvoidLongGCWorkers: 0.006, AvoidOOMGCWorkers: 0.007, LastGCWorkers: 1.000, GCWorkers: 0.007
[25.178s][debug][gc,director    ] Rule: Allocation Rate (Dynamic GC Workers), MaxAllocRate: 201.5MB/s (+/-7.7%), Free: 1816MB, GCCPUTime: 0.070, GCDuration: 0.070s, TimeUntilOOM: 8.369s, TimeUntilGC: 8.199s, GCWorkers: 1 -> 1
[25.178s][debug][gc,director    ] Rule: High Usage, Free: 1816MB(88.7%)
[25.178s][debug][gc,director    ] Rule: Proactive, UsedUntilEnabled: 10MB, TimeUntilEnabled: 298.836s
[25.283s][debug][gc,alloc       ] Allocation Rate: 128.0MB/s, Predicted: 139.7MB/s, Avg: 156.4(+/-15.1)MB/s
[25.283s][debug][gc,director    ] Select GC Workers (Normal), AvoidLongGCWorkers: 0.006, AvoidOOMGCWorkers: 0.007, LastGCWorkers: 1.000, GCWorkers: 0.007
[25.283s][debug][gc,director    ] Rule: Allocation Rate (Dynamic GC Workers), MaxAllocRate: 206.2MB/s (+/-9.7%), Free: 1812MB, GCCPUTime: 0.070, GCDuration: 0.070s, TimeUntilOOM: 8.015s, TimeUntilGC: 7.845s, GCWorkers: 1 -> 1
[25.283s][debug][gc,director    ] Rule: High Usage, Free: 1812MB(88.5%)
[25.283s][debug][gc,director    ] Rule: Proactive, UsedUntilEnabled: 8MB, TimeUntilEnabled: 298.731s
[25.381s][debug][gc,alloc       ] Allocation Rate: 140.0MB/s, Predicted: 134.1MB/s, Avg: 154.4(+/-15.8)MB/s
[25.381s][debug][gc,director    ] Select GC Workers (Normal), AvoidLongGCWorkers: 0.006, AvoidOOMGCWorkers: 0.007, LastGCWorkers: 1.000, GCWorkers: 0.007
[25.381s][debug][gc,director    ] Rule: Allocation Rate (Dynamic GC Workers), MaxAllocRate: 206.5MB/s (+/-10.2%), Free: 1800MB, GCCPUTime: 0.070, GCDuration: 0.070s, TimeUntilOOM: 7.908s, TimeUntilGC: 7.739s, GCWorkers: 1 -> 1
[25.381s][debug][gc,director    ] Rule: High Usage, Free: 1800MB(87.9%)
[25.381s][debug][gc,director    ] Rule: Proactive, AcceptableGCInterval: 3.417s, TimeSinceLastGC: 1.367s, TimeUntilGC: 2.051s
[25.484s][debug][gc,alloc       ] Allocation Rate: 140.0MB/s, Predicted: 129.9MB/s, Avg: 152.4(+/-16.2)MB/s
[25.485s][debug][gc,director    ] Select GC Workers (Normal), AvoidLongGCWorkers: 0.006, AvoidOOMGCWorkers: 0.007, LastGCWorkers: 1.000, GCWorkers: 0.007
[25.485s][debug][gc,director    ] Rule: Allocation Rate (Dynamic GC Workers), MaxAllocRate: 205.8MB/s (+/-10.7%), Free: 1788MB, GCCPUTime: 0.070, GCDuration: 0.070s, TimeUntilOOM: 7.849s, TimeUntilGC: 7.680s, GCWorkers: 1 -> 1
[25.485s][debug][gc,director    ] Rule: High Usage, Free: 1788MB(87.3%)
[25.485s][debug][gc,director    ] Rule: Proactive, AcceptableGCInterval: 3.417s, TimeSinceLastGC: 1.470s, TimeUntilGC: 1.947s
[25.581s][debug][gc,alloc       ] Allocation Rate: 140.0MB/s, Predicted: 126.9MB/s, Avg: 150.4(+/-16.4)MB/s
[25.582s][debug][gc,director    ] Select GC Workers (Normal), AvoidLongGCWorkers: 0.006, AvoidOOMGCWorkers: 0.007, LastGCWorkers: 1.000, GCWorkers: 0.007
[25.582s][debug][gc,director    ] Rule: Allocation Rate (Dynamic GC Workers), MaxAllocRate: 204.4MB/s (+/-10.9%), Free: 1776MB, GCCPUTime: 0.070, GCDuration: 0.070s, TimeUntilOOM: 7.833s, TimeUntilGC: 7.664s, GCWorkers: 1 -> 1
[25.582s][debug][gc,director    ] Rule: High Usage, Free: 1776MB(86.7%)
[25.582s][debug][gc,director    ] Rule: Proactive, AcceptableGCInterval: 3.417s, TimeSinceLastGC: 1.567s, TimeUntilGC: 1.850s
[25.682s][debug][gc,alloc       ] Allocation Rate: 140.0MB/s, Predicted: 125.3MB/s, Avg: 148.4(+/-16.3)MB/s
[25.682s][debug][gc,director    ] Select GC Workers (Normal), AvoidLongGCWorkers: 0.006, AvoidOOMGCWorkers: 0.007, LastGCWorkers: 1.000, GCWorkers: 0.007
[25.682s][debug][gc,director    ] Rule: Allocation Rate (Dynamic GC Workers), MaxAllocRate: 202.2MB/s (+/-11.0%), Free: 1764MB, GCCPUTime: 0.070, GCDuration: 0.070s, TimeUntilOOM: 7.860s, TimeUntilGC: 7.690s, GCWorkers: 1 -> 1
[25.682s][debug][gc,director    ] Rule: High Usage, Free: 1764MB(86.1%)
[25.682s][debug][gc,director    ] Rule: Proactive, AcceptableGCInterval: 3.417s, TimeSinceLastGC: 1.668s, TimeUntilGC: 1.749s
[25.781s][debug][gc,alloc       ] Allocation Rate: 140.0MB/s, Predicted: 127.7MB/s, Avg: 145.4(+/-14.8)MB/s
[25.781s][debug][gc,director    ] Select GC Workers (Normal), AvoidLongGCWorkers: 0.006, AvoidOOMGCWorkers: 0.007, LastGCWorkers: 1.000, GCWorkers: 0.007
[25.782s][debug][gc,director    ] Rule: Allocation Rate (Dynamic GC Workers), MaxAllocRate: 194.0MB/s (+/-10.2%), Free: 1752MB, GCCPUTime: 0.070, GCDuration: 0.070s, TimeUntilOOM: 8.196s, TimeUntilGC: 8.027s, GCWorkers: 1 -> 1
[25.782s][debug][gc,director    ] Rule: High Usage, Free: 1752MB(85.5%)
[25.782s][debug][gc,director    ] Rule: Proactive, AcceptableGCInterval: 3.417s, TimeSinceLastGC: 1.767s, TimeUntilGC: 1.650s
[25.879s][debug][gc,alloc       ] Allocation Rate: 170.0MB/s, Predicted: 145.2MB/s, Avg: 145.0(+/-14.0)MB/s
[25.880s][debug][gc,director    ] Select GC Workers (Normal), AvoidLongGCWorkers: 0.006, AvoidOOMGCWorkers: 0.007, LastGCWorkers: 1.000, GCWorkers: 0.007
[25.880s][debug][gc,director    ] Rule: Allocation Rate (Dynamic GC Workers), MaxAllocRate: 191.4MB/s (+/-9.7%), Free: 1708MB, GCCPUTime: 0.070, GCDuration: 0.070s, TimeUntilOOM: 8.137s, TimeUntilGC: 7.967s, GCWorkers: 1 -> 1
[25.880s][debug][gc,director    ] Rule: High Usage, Free: 1708MB(83.4%)
[25.880s][debug][gc,director    ] Rule: Proactive, AcceptableGCInterval: 3.417s, TimeSinceLastGC: 1.865s, TimeUntilGC: 1.552s
[25.979s][debug][gc,alloc       ] Allocation Rate: 138.0MB/s, Predicted: 150.1MB/s, Avg: 141.4(+/-10.2)MB/s
[25.979s][debug][gc,director    ] Select GC Workers (Normal), AvoidLongGCWorkers: 0.006, AvoidOOMGCWorkers: 0.006, LastGCWorkers: 1.000, GCWorkers: 0.006
[25.979s][debug][gc,director    ] Rule: Allocation Rate (Dynamic GC Workers), MaxAllocRate: 183.8MB/s (+/-7.2%), Free: 1696MB, GCCPUTime: 0.070, GCDuration: 0.070s, TimeUntilOOM: 8.603s, TimeUntilGC: 8.433s, GCWorkers: 1 -> 1
[25.979s][debug][gc,director    ] Rule: High Usage, Free: 1696MB(82.8%)
[25.979s][debug][gc,director    ] Rule: Proactive, AcceptableGCInterval: 3.417s, TimeSinceLastGC: 1.964s, TimeUntilGC: 1.453s
[26.084s][debug][gc,alloc       ] Allocation Rate: 126.0MB/s, Predicted: 144.1MB/s, Avg: 139.8(+/-11.2)MB/s
[26.084s][debug][gc,director    ] Select GC Workers (Normal), AvoidLongGCWorkers: 0.006, AvoidOOMGCWorkers: 0.006, LastGCWorkers: 1.000, GCWorkers: 0.006
[26.085s][debug][gc,director    ] Rule: Allocation Rate (Dynamic GC Workers), MaxAllocRate: 181.1MB/s (+/-8.0%), Free: 1696MB, GCCPUTime: 0.070, GCDuration: 0.070s, TimeUntilOOM: 8.671s, TimeUntilGC: 8.501s, GCWorkers: 1 -> 1
[26.085s][debug][gc,director    ] Rule: High Usage, Free: 1696MB(82.8%)
[26.085s][debug][gc,director    ] Rule: Proactive, AcceptableGCInterval: 3.417s, TimeSinceLastGC: 2.070s, TimeUntilGC: 1.347s
[26.184s][debug][gc,alloc       ] Allocation Rate: 130.0MB/s, Predicted: 139.2MB/s, Avg: 139.2(+/-11.6)MB/s
[26.184s][debug][gc,director    ] Select GC Workers (Normal), AvoidLongGCWorkers: 0.006, AvoidOOMGCWorkers: 0.006, LastGCWorkers: 1.000, GCWorkers: 0.006
[26.184s][debug][gc,director    ] Rule: Allocation Rate (Dynamic GC Workers), MaxAllocRate: 177.3MB/s (+/-8.3%), Free: 1686MB, GCCPUTime: 0.070, GCDuration: 0.070s, TimeUntilOOM: 8.782s, TimeUntilGC: 8.612s, GCWorkers: 1 -> 1
[26.184s][debug][gc,director    ] Rule: High Usage, Free: 1686MB(82.3%)
[26.185s][debug][gc,director    ] Rule: Proactive, AcceptableGCInterval: 3.417s, TimeSinceLastGC: 2.170s, TimeUntilGC: 1.247s
[26.284s][debug][gc,alloc       ] Allocation Rate: 138.0MB/s, Predicted: 135.7MB/s, Avg: 140.2(+/-11.0)MB/s
[26.284s][debug][gc,director    ] Select GC Workers (Normal), AvoidLongGCWorkers: 0.006, AvoidOOMGCWorkers: 0.006, LastGCWorkers: 1.000, GCWorkers: 0.006
[26.284s][debug][gc,director    ] Rule: Allocation Rate (Dynamic GC Workers), MaxAllocRate: 176.3MB/s (+/-7.8%), Free: 1674MB, GCCPUTime: 0.070, GCDuration: 0.070s, TimeUntilOOM: 8.806s, TimeUntilGC: 8.636s, GCWorkers: 1 -> 1
[26.284s][debug][gc,director    ] Rule: High Usage, Free: 1674MB(81.7%)
[26.284s][debug][gc,director    ] Rule: Proactive, AcceptableGCInterval: 3.417s, TimeSinceLastGC: 2.270s, TimeUntilGC: 1.147s
[26.379s][debug][gc,alloc       ] Allocation Rate: 138.0MB/s, Predicted: 134.8MB/s, Avg: 140.0(+/-11.0)MB/s
[26.380s][debug][gc,director    ] Select GC Workers (Normal), AvoidLongGCWorkers: 0.006, AvoidOOMGCWorkers: 0.006, LastGCWorkers: 1.000, GCWorkers: 0.006
[26.380s][debug][gc,director    ] Rule: Allocation Rate (Dynamic GC Workers), MaxAllocRate: 176.2MB/s (+/-7.9%), Free: 1662MB, GCCPUTime: 0.070, GCDuration: 0.070s, TimeUntilOOM: 8.748s, TimeUntilGC: 8.578s, GCWorkers: 1 -> 1
[26.380s][debug][gc,director    ] Rule: High Usage, Free: 1662MB(81.2%)
[26.380s][debug][gc,director    ] Rule: Proactive, AcceptableGCInterval: 3.417s, TimeSinceLastGC: 2.365s, TimeUntilGC: 1.052s
[26.482s][debug][gc,alloc       ] Allocation Rate: 138.0MB/s, Predicted: 134.0MB/s, Avg: 139.8(+/-11.0)MB/s
[26.482s][debug][gc,director    ] Select GC Workers (Normal), AvoidLongGCWorkers: 0.006, AvoidOOMGCWorkers: 0.006, LastGCWorkers: 1.000, GCWorkers: 0.006
[26.482s][debug][gc,director    ] Rule: Allocation Rate (Dynamic GC Workers), MaxAllocRate: 176.0MB/s (+/-7.9%), Free: 1650MB, GCCPUTime: 0.070, GCDuration: 0.070s, TimeUntilOOM: 8.690s, TimeUntilGC: 8.520s, GCWorkers: 1 -> 1
[26.482s][debug][gc,director    ] Rule: High Usage, Free: 1650MB(80.6%)
[26.482s][debug][gc,director    ] Rule: Proactive, AcceptableGCInterval: 3.417s, TimeSinceLastGC: 2.468s, TimeUntilGC: 0.949s
[26.578s][debug][gc,alloc       ] Allocation Rate: 138.0MB/s, Predicted: 133.3MB/s, Avg: 139.6(+/-11.0)MB/s
[26.578s][debug][gc,director    ] Select GC Workers (Normal), AvoidLongGCWorkers: 0.006, AvoidOOMGCWorkers: 0.006, LastGCWorkers: 1.000, GCWorkers: 0.006
[26.578s][debug][gc,director    ] Rule: Allocation Rate (Dynamic GC Workers), MaxAllocRate: 175.9MB/s (+/-7.9%), Free: 1638MB, GCCPUTime: 0.070, GCDuration: 0.070s, TimeUntilOOM: 8.633s, TimeUntilGC: 8.463s, GCWorkers: 1 -> 1
[26.578s][debug][gc,director    ] Rule: High Usage, Free: 1638MB(80.0%)
[26.578s][debug][gc,director    ] Rule: Proactive, AcceptableGCInterval: 3.417s, TimeSinceLastGC: 2.564s, TimeUntilGC: 0.853s
[26.683s][debug][gc,alloc       ] Allocation Rate: 138.0MB/s, Predicted: 132.8MB/s, Avg: 139.4(+/-11.0)MB/s
[26.683s][debug][gc,director    ] Select GC Workers (Normal), AvoidLongGCWorkers: 0.006, AvoidOOMGCWorkers: 0.007, LastGCWorkers: 1.000, GCWorkers: 0.007
[26.683s][debug][gc,director    ] Rule: Allocation Rate (Dynamic GC Workers), MaxAllocRate: 175.7MB/s (+/-7.9%), Free: 1626MB, GCCPUTime: 0.070, GCDuration: 0.070s, TimeUntilOOM: 8.576s, TimeUntilGC: 8.407s, GCWorkers: 1 -> 1
[26.683s][debug][gc,director    ] Rule: High Usage, Free: 1626MB(79.4%)
[26.683s][debug][gc,director    ] Rule: Proactive, AcceptableGCInterval: 3.417s, TimeSinceLastGC: 2.668s, TimeUntilGC: 0.749s
[26.781s][debug][gc,alloc       ] Allocation Rate: 170.0MB/s, Predicted: 145.2MB/s, Avg: 142.4(+/-14.4)MB/s
[26.781s][debug][gc,director    ] Select GC Workers (Normal), AvoidLongGCWorkers: 0.006, AvoidOOMGCWorkers: 0.007, LastGCWorkers: 1.000, GCWorkers: 0.007
[26.781s][debug][gc,director    ] Rule: Allocation Rate (Dynamic GC Workers), MaxAllocRate: 192.5MB/s (+/-10.1%), Free: 1582MB, GCCPUTime: 0.070, GCDuration: 0.070s, TimeUntilOOM: 7.467s, TimeUntilGC: 7.297s, GCWorkers: 1 -> 1
[26.781s][debug][gc,director    ] Rule: High Usage, Free: 1582MB(77.2%)
[26.781s][debug][gc,director    ] Rule: Proactive, AcceptableGCInterval: 3.417s, TimeSinceLastGC: 2.767s, TimeUntilGC: 0.650s
[26.879s][debug][gc,alloc       ] Allocation Rate: 132.0MB/s, Predicted: 148.4MB/s, Avg: 138.6(+/-11.2)MB/s
[26.879s][debug][gc,director    ] Select GC Workers (Normal), AvoidLongGCWorkers: 0.006, AvoidOOMGCWorkers: 0.007, LastGCWorkers: 1.000, GCWorkers: 0.007
[26.879s][debug][gc,director    ] Rule: Allocation Rate (Dynamic GC Workers), MaxAllocRate: 185.4MB/s (+/-8.1%), Free: 1576MB, GCCPUTime: 0.070, GCDuration: 0.070s, TimeUntilOOM: 7.863s, TimeUntilGC: 7.693s, GCWorkers: 1 -> 1
[26.879s][debug][gc,director    ] Rule: High Usage, Free: 1576MB(77.0%)
[26.879s][debug][gc,director    ] Rule: Proactive, AcceptableGCInterval: 3.417s, TimeSinceLastGC: 2.864s, TimeUntilGC: 0.553s
[26.979s][debug][gc,alloc       ] Allocation Rate: 126.0MB/s, Predicted: 143.2MB/s, Avg: 137.4(+/-11.9)MB/s
[26.979s][debug][gc,director    ] Select GC Workers (Normal), AvoidLongGCWorkers: 0.006, AvoidOOMGCWorkers: 0.007, LastGCWorkers: 1.000, GCWorkers: 0.007
[26.979s][debug][gc,director    ] Rule: Allocation Rate (Dynamic GC Workers), MaxAllocRate: 182.3MB/s (+/-8.6%), Free: 1570MB, GCCPUTime: 0.070, GCDuration: 0.070s, TimeUntilOOM: 7.930s, TimeUntilGC: 7.760s, GCWorkers: 1 -> 1
[26.979s][debug][gc,director    ] Rule: High Usage, Free: 1570MB(76.7%)
[26.979s][debug][gc,director    ] Rule: Proactive, AcceptableGCInterval: 3.417s, TimeSinceLastGC: 2.964s, TimeUntilGC: 0.453s
[27.083s][debug][gc,alloc       ] Allocation Rate: 136.0MB/s, Predicted: 139.6MB/s, Avg: 138.4(+/-11.3)MB/s
[27.085s][debug][gc,director    ] Select GC Workers (Normal), AvoidLongGCWorkers: 0.006, AvoidOOMGCWorkers: 0.007, LastGCWorkers: 1.000, GCWorkers: 0.007
[27.086s][debug][gc,director    ] Rule: Allocation Rate (Dynamic GC Workers), MaxAllocRate: 176.7MB/s (+/-8.1%), Free: 1560MB, GCCPUTime: 0.070, GCDuration: 0.070s, TimeUntilOOM: 8.164s, TimeUntilGC: 7.994s, GCWorkers: 1 -> 1
[27.086s][debug][gc,director    ] Rule: High Usage, Free: 1560MB(76.2%)
[27.086s][debug][gc,director    ] Rule: Proactive, AcceptableGCInterval: 3.417s, TimeSinceLastGC: 3.071s, TimeUntilGC: 0.346s
[27.180s][debug][gc,alloc       ] Allocation Rate: 138.0MB/s, Predicted: 137.2MB/s, Avg: 139.2(+/-10.9)MB/s
[27.180s][debug][gc,director    ] Select GC Workers (Normal), AvoidLongGCWorkers: 0.006, AvoidOOMGCWorkers: 0.007, LastGCWorkers: 1.000, GCWorkers: 0.007
[27.181s][debug][gc,director    ] Rule: Allocation Rate (Dynamic GC Workers), MaxAllocRate: 175.1MB/s (+/-7.8%), Free: 1548MB, GCCPUTime: 0.070, GCDuration: 0.070s, TimeUntilOOM: 8.195s, TimeUntilGC: 8.025s, GCWorkers: 1 -> 1
[27.181s][debug][gc,director    ] Rule: High Usage, Free: 1548MB(75.6%)
[27.181s][debug][gc,director    ] Rule: Proactive, AcceptableGCInterval: 3.417s, TimeSinceLastGC: 3.166s, TimeUntilGC: 0.251s
[27.278s][debug][gc,alloc       ] Allocation Rate: 138.0MB/s, Predicted: 136.4MB/s, Avg: 139.2(+/-10.9)MB/s
[27.278s][debug][gc,director    ] Select GC Workers (Normal), AvoidLongGCWorkers: 0.006, AvoidOOMGCWorkers: 0.007, LastGCWorkers: 1.000, GCWorkers: 0.007
[27.278s][debug][gc,director    ] Rule: Allocation Rate (Dynamic GC Workers), MaxAllocRate: 175.1MB/s (+/-7.8%), Free: 1536MB, GCCPUTime: 0.070, GCDuration: 0.070s, TimeUntilOOM: 8.131s, TimeUntilGC: 7.962s, GCWorkers: 1 -> 1
[27.278s][debug][gc,director    ] Rule: High Usage, Free: 1536MB(75.0%)
[27.278s][debug][gc,director    ] Rule: Proactive, AcceptableGCInterval: 3.417s, TimeSinceLastGC: 3.264s, TimeUntilGC: 0.153s
[27.377s][debug][gc,alloc       ] Allocation Rate: 138.0MB/s, Predicted: 135.6MB/s, Avg: 139.2(+/-10.9)MB/s
[27.378s][debug][gc,director    ] Select GC Workers (Normal), AvoidLongGCWorkers: 0.006, AvoidOOMGCWorkers: 0.007, LastGCWorkers: 1.000, GCWorkers: 0.007
[27.378s][debug][gc,director    ] Rule: Allocation Rate (Dynamic GC Workers), MaxAllocRate: 175.1MB/s (+/-7.8%), Free: 1524MB, GCCPUTime: 0.070, GCDuration: 0.070s, TimeUntilOOM: 8.068s, TimeUntilGC: 7.898s, GCWorkers: 1 -> 1
[27.378s][debug][gc,director    ] Rule: High Usage, Free: 1524MB(74.4%)
[27.378s][debug][gc,director    ] Rule: Proactive, AcceptableGCInterval: 3.417s, TimeSinceLastGC: 3.363s, TimeUntilGC: 0.054s
[27.478s][debug][gc,alloc       ] Allocation Rate: 138.0MB/s, Predicted: 134.8MB/s, Avg: 139.2(+/-10.9)MB/s
[27.478s][debug][gc,director    ] Select GC Workers (Normal), AvoidLongGCWorkers: 0.006, AvoidOOMGCWorkers: 0.007, LastGCWorkers: 1.000, GCWorkers: 0.007
[27.478s][debug][gc,director    ] Rule: Allocation Rate (Dynamic GC Workers), MaxAllocRate: 175.1MB/s (+/-7.8%), Free: 1512MB, GCCPUTime: 0.070, GCDuration: 0.070s, TimeUntilOOM: 8.004s, TimeUntilGC: 7.835s, GCWorkers: 1 -> 1
[27.478s][debug][gc,director    ] Rule: High Usage, Free: 1512MB(73.8%)
[27.478s][debug][gc,director    ] Rule: Proactive, AcceptableGCInterval: 3.417s, TimeSinceLastGC: 3.464s, TimeUntilGC: -0.047s
[27.478s][debug][gc,heap        ] GC(4) Heap before GC invocations=4 (full 4):
[27.478s][debug][gc,heap        ] GC(4)  ZHeap           used 502M, capacity 686M, max capacity 2048M
[27.478s][debug][gc,heap        ] GC(4)  Metaspace       used 8844K, committed 9216K, reserved 1114112K
[27.479s][debug][gc,heap        ] GC(4)   class space    used 932K, committed 1088K, reserved 1048576K
[27.479s][info ][gc,start       ] GC(4) Garbage Collection (Proactive)
[27.479s][info ][gc,task        ] GC(4) Using 1 workers
[27.479s][debug][gc,phases,start] GC(4) Pause Mark Start
[27.479s][debug][gc,marking     ] GC(4) Using 1 mark stripes
[27.479s][debug][gc,marking     ] GC(4) Mark Worker/Stripe Distribution
[27.479s][debug][gc,marking     ] GC(4)   Worker 0(1) -> Stripe 0(1)
[27.479s][info ][gc,phases      ] GC(4) Pause Mark Start 0.215ms
[27.479s][debug][gc,phases,start] GC(4) Concurrent Mark
[27.480s][debug][gc,task        ] GC(4) Executing Task: ZMarkRootsTask, Active Workers: 1
[27.483s][debug][gc,tlab        ] GC(4) TLAB totals: thrds: 5  refills: 1461 max: 1457 slow allocs: 95 max 95 waste:  0.7% gc: 743984B max: 262000B slow: 2023792B max: 2023792B
[27.483s][debug][gc,task        ] GC(4) Executing Task: ZMarkTask, Active Workers: 1
[27.501s][info ][gc,phases      ] GC(4) Concurrent Mark 21.550ms
[27.501s][debug][gc,phases,start] GC(4) Pause Mark End
[27.501s][info ][gc,phases      ] GC(4) Pause Mark End 0.035ms
[27.501s][debug][gc,phases,start] GC(4) Concurrent Mark Free
[27.501s][info ][gc,phases      ] GC(4) Concurrent Mark Free 0.016ms
[27.501s][debug][gc,phases,start] GC(4) Concurrent Process Non-Strong References
[27.501s][debug][gc,phases,start] GC(4) Concurrent References Process
[27.501s][debug][gc,task        ] GC(4) Executing Task: ZReferenceProcessorTask, Active Workers: 1
[27.501s][debug][gc,phases      ] GC(4) Concurrent References Process 0.113ms
[27.501s][debug][gc,task        ] GC(4) Executing Task: ZProcessWeakRootsTask, Active Workers: 1
[27.502s][debug][gc,phases,start] GC(4) Concurrent Classes Unlink
[27.502s][debug][gc,phases,start] GC(4) ClassLoaderData
[27.502s][debug][gc,phases      ] GC(4) ClassLoaderData 0.057ms
[27.502s][debug][gc,phases,start] GC(4) Trigger cleanups
[27.502s][debug][gc,phases      ] GC(4) Trigger cleanups 0.015ms
[27.502s][debug][gc,task        ] GC(4) Executing Task: ZNMethodUnlinkTask, Active Workers: 1
[27.508s][debug][gc,phases      ] GC(4) Concurrent Classes Unlink 5.553ms
[27.508s][debug][gc,phases,start] GC(4) Concurrent Classes Purge
[27.508s][debug][gc,task        ] GC(4) Executing Task: ZNMethodPurgeTask, Active Workers: 1
[27.508s][debug][gc,phases      ] GC(4) Concurrent Classes Purge 0.272ms
[27.508s][debug][gc,phases,start] GC(4) Concurrent References Enqueue
[27.508s][debug][gc,phases      ] GC(4) Concurrent References Enqueue 0.023ms
[27.508s][info ][gc,phases      ] GC(4) Concurrent Process Non-Strong References 7.017ms
[27.508s][debug][gc,phases,start] GC(4) Concurrent Reset Relocation Set
[27.508s][info ][gc,phases      ] GC(4) Concurrent Reset Relocation Set 0.016ms
[27.508s][debug][gc,phases,start] GC(4) Concurrent Select Relocation Set
[27.510s][debug][gc,task        ] GC(4) Executing Task: ZRelocationSetInstallTask, Active Workers: 1
[27.511s][info ][gc,phases      ] GC(4) Concurrent Select Relocation Set 2.224ms
[27.511s][debug][gc,phases,start] GC(4) Pause Relocate Start
[27.511s][info ][gc,phases      ] GC(4) Pause Relocate Start 0.060ms
[27.511s][debug][gc,phases,start] GC(4) Concurrent Relocate
[27.511s][debug][gc,task        ] GC(4) Executing Task: ZRelocateTask, Active Workers: 1
[27.514s][info ][gc,phases      ] GC(4) Concurrent Relocate 3.200ms
[27.514s][debug][gc,heap        ] GC(4) Heap after GC invocations=5 (full 5):
[27.514s][debug][gc,heap        ] GC(4)  ZHeap           used 6M, capacity 686M, max capacity 2048M
[27.514s][debug][gc,heap        ] GC(4)  Metaspace       used 8844K, committed 9216K, reserved 1114112K
[27.514s][debug][gc,heap        ] GC(4)   class space    used 932K, committed 1088K, reserved 1048576K
[27.514s][info ][gc,load        ] GC(4) Load: 4.04/3.20/2.73
[27.514s][info ][gc,mmu         ] GC(4) MMU: 2ms/88.7%, 5ms/95.5%, 10ms/97.7%, 20ms/98.8%, 50ms/99.2%, 100ms/99.5%
[27.514s][info ][gc,marking     ] GC(4) Mark: 1 stripe(s), 2 proactive flush(es), 1 terminate flush(es), 0 completion(s), 0 continuation(s) 
[27.514s][info ][gc,marking     ] GC(4) Mark Stack Usage: 32M
[27.514s][info ][gc,nmethod     ] GC(4) NMethods: 2647 registered, 0 unregistered
[27.514s][info ][gc,metaspace   ] GC(4) Metaspace: 8M used, 9M committed, 1088M reserved
[27.514s][info ][gc,ref         ] GC(4) Soft: 737 encountered, 0 discovered, 0 enqueued
[27.514s][info ][gc,ref         ] GC(4) Weak: 1290 encountered, 610 discovered, 0 enqueued
[27.514s][info ][gc,ref         ] GC(4) Final: 0 encountered, 0 discovered, 0 enqueued
[27.514s][info ][gc,ref         ] GC(4) Phantom: 15 encountered, 9 discovered, 0 enqueued
[27.514s][info ][gc,reloc       ] GC(4) Small Pages: 187 / 374M, Empty: 364M, Relocated: 1M, In-Place: 0
[27.514s][info ][gc,reloc       ] GC(4) Medium Pages: 4 / 128M, Empty: 128M, Relocated: 0M, In-Place: 0
[27.514s][info ][gc,reloc       ] GC(4) Large Pages: 0 / 0M, Empty: 0M, Relocated: 0M, In-Place: 0
[27.514s][info ][gc,reloc       ] GC(4) Forwarding Usage: 0M
[27.514s][info ][gc,heap        ] GC(4) Min Capacity: 8M(0%)
[27.514s][info ][gc,heap        ] GC(4) Max Capacity: 2048M(100%)
[27.514s][info ][gc,heap        ] GC(4) Soft Max Capacity: 2048M(100%)
[27.514s][info ][gc,heap        ] GC(4)                Mark Start          Mark End        Relocate Start      Relocate End           High               Low         
[27.514s][info ][gc,heap        ] GC(4)  Capacity:      686M (33%)         686M (33%)         686M (33%)         686M (33%)         686M (33%)         686M (33%)    
[27.514s][info ][gc,heap        ] GC(4)      Free:     1546M (75%)        1546M (75%)        2038M (100%)       2042M (100%)       2042M (100%)       1546M (75%)    
[27.514s][info ][gc,heap        ] GC(4)      Used:      502M (25%)         502M (25%)          10M (0%)            6M (0%)          502M (25%)           6M (0%)     
[27.514s][info ][gc,heap        ] GC(4)      Live:         -                 5M (0%)            5M (0%)            5M (0%)             -                  -          
[27.515s][info ][gc,heap        ] GC(4) Allocated:         -                 0M (0%)            0M (0%)            0M (0%)             -                  -          
[27.515s][info ][gc,heap        ] GC(4)   Garbage:         -               496M (24%)           4M (0%)            0M (0%)             -                  -          
[27.515s][info ][gc,heap        ] GC(4) Reclaimed:         -                  -               492M (24%)         496M (24%)            -                  -          
[27.515s][info ][gc             ] GC(4) Garbage Collection (Proactive) 502M(25%)->6M(0%)
[27.577s][debug][gc,alloc       ] Allocation Rate: 170.0MB/s, Predicted: 146.8MB/s, Avg: 142.4(+/-14.3)MB/s
[27.577s][debug][gc,director    ] Select GC Workers (Normal), AvoidLongGCWorkers: 0.004, AvoidOOMGCWorkers: 0.005, LastGCWorkers: 1.000, GCWorkers: 0.005
[27.578s][debug][gc,director    ] Rule: Allocation Rate (Dynamic GC Workers), MaxAllocRate: 193.8MB/s (+/-10.0%), Free: 1964MB, GCCPUTime: 0.054, GCDuration: 0.054s, TimeUntilOOM: 9.212s, TimeUntilGC: 9.058s, GCWorkers: 1 -> 1
[27.578s][debug][gc,director    ] Rule: High Usage, Free: 1964MB(95.9%)
[27.578s][debug][gc,director    ] Rule: Proactive, UsedUntilEnabled: 160MB, TimeUntilEnabled: 299.937s
[27.680s][debug][gc,alloc       ] Allocation Rate: 170.0MB/s, Predicted: 156.7MB/s, Avg: 145.6(+/-16.4)MB/s
[27.680s][debug][gc,director    ] Select GC Workers (Normal), AvoidLongGCWorkers: 0.004, AvoidOOMGCWorkers: 0.005, LastGCWorkers: 1.000, GCWorkers: 0.005
[27.680s][debug][gc,director    ] Rule: Allocation Rate (Dynamic GC Workers), MaxAllocRate: 210.5MB/s (+/-11.2%), Free: 1952MB, GCCPUTime: 0.054, GCDuration: 0.054s, TimeUntilOOM: 8.335s, TimeUntilGC: 8.181s, GCWorkers: 1 -> 1
[27.680s][debug][gc,director    ] Rule: High Usage, Free: 1952MB(95.3%)
[27.680s][debug][gc,director    ] Rule: Proactive, UsedUntilEnabled: 148MB, TimeUntilEnabled: 299.834s
[27.779s][debug][gc,alloc       ] Allocation Rate: 138.0MB/s, Predicted: 160.1MB/s, Avg: 142.4(+/-14.3)MB/s
[27.780s][debug][gc,director    ] Select GC Workers (Normal), AvoidLongGCWorkers: 0.004, AvoidOOMGCWorkers: 0.005, LastGCWorkers: 1.000, GCWorkers: 0.005
[27.780s][debug][gc,director    ] Rule: Allocation Rate (Dynamic GC Workers), MaxAllocRate: 207.1MB/s (+/-10.0%), Free: 1940MB, GCCPUTime: 0.054, GCDuration: 0.054s, TimeUntilOOM: 8.513s, TimeUntilGC: 8.359s, GCWorkers: 1 -> 1
[27.780s][debug][gc,director    ] Rule: High Usage, Free: 1940MB(94.7%)
[27.780s][debug][gc,director    ] Rule: Proactive, UsedUntilEnabled: 136MB, TimeUntilEnabled: 299.734s
[27.879s][debug][gc,alloc       ] Allocation Rate: 148.0MB/s, Predicted: 159.6MB/s, Avg: 144.0(+/-13.9)MB/s
[27.880s][debug][gc,director    ] Select GC Workers (Normal), AvoidLongGCWorkers: 0.004, AvoidOOMGCWorkers: 0.005, LastGCWorkers: 1.000, GCWorkers: 0.005
[27.880s][debug][gc,director    ] Rule: Allocation Rate (Dynamic GC Workers), MaxAllocRate: 205.4MB/s (+/-9.7%), Free: 1924MB, GCCPUTime: 0.054, GCDuration: 0.054s, TimeUntilOOM: 8.542s, TimeUntilGC: 8.388s, GCWorkers: 1 -> 1
[27.880s][debug][gc,director    ] Rule: High Usage, Free: 1924MB(93.9%)
[27.880s][debug][gc,director    ] Rule: Proactive, UsedUntilEnabled: 120MB, TimeUntilEnabled: 299.634s
[27.982s][debug][gc,alloc       ] Allocation Rate: 142.0MB/s, Predicted: 154.0MB/s, Avg: 145.6(+/-12.6)MB/s
[27.982s][debug][gc,director    ] Select GC Workers (Normal), AvoidLongGCWorkers: 0.004, AvoidOOMGCWorkers: 0.005, LastGCWorkers: 1.000, GCWorkers: 0.005
[27.982s][debug][gc,director    ] Rule: Allocation Rate (Dynamic GC Workers), MaxAllocRate: 195.5MB/s (+/-8.7%), Free: 1924MB, GCCPUTime: 0.054, GCDuration: 0.054s, TimeUntilOOM: 9.057s, TimeUntilGC: 8.903s, GCWorkers: 1 -> 1
[27.982s][debug][gc,director    ] Rule: High Usage, Free: 1924MB(93.9%)
[27.982s][debug][gc,director    ] Rule: Proactive, UsedUntilEnabled: 120MB, TimeUntilEnabled: 299.532s
[28.079s][debug][gc,alloc       ] Allocation Rate: 144.0MB/s, Predicted: 150.8MB/s, Avg: 146.4(+/-12.2)MB/s
[28.079s][debug][gc,director    ] Select GC Workers (Normal), AvoidLongGCWorkers: 0.004, AvoidOOMGCWorkers: 0.005, LastGCWorkers: 1.000, GCWorkers: 0.005
[28.079s][debug][gc,director    ] Rule: Allocation Rate (Dynamic GC Workers), MaxAllocRate: 191.0MB/s (+/-8.4%), Free: 1912MB, GCCPUTime: 0.054, GCDuration: 0.054s, TimeUntilOOM: 9.238s, TimeUntilGC: 9.084s, GCWorkers: 1 -> 1
[28.079s][debug][gc,director    ] Rule: High Usage, Free: 1912MB(93.4%)
[28.080s][debug][gc,director    ] Rule: Proactive, UsedUntilEnabled: 108MB, TimeUntilEnabled: 299.435s
[28.181s][debug][gc,alloc       ] Allocation Rate: 144.0MB/s, Predicted: 147.6MB/s, Avg: 147.0(+/-11.9)MB/s
[28.181s][debug][gc,director    ] Select GC Workers (Normal), AvoidLongGCWorkers: 0.004, AvoidOOMGCWorkers: 0.005, LastGCWorkers: 1.000, GCWorkers: 0.005
[28.181s][debug][gc,director    ] Rule: Allocation Rate (Dynamic GC Workers), MaxAllocRate: 186.9MB/s (+/-8.1%), Free: 1900MB, GCCPUTime: 0.054, GCDuration: 0.054s, TimeUntilOOM: 9.402s, TimeUntilGC: 9.248s, GCWorkers: 1 -> 1
[28.181s][debug][gc,director    ] Rule: High Usage, Free: 1900MB(92.8%)
[28.181s][debug][gc,director    ] Rule: Proactive, UsedUntilEnabled: 96MB, TimeUntilEnabled: 299.333s
[28.279s][debug][gc,alloc       ] Allocation Rate: 144.0MB/s, Predicted: 144.0MB/s, Avg: 147.6(+/-11.6)MB/s
[28.280s][debug][gc,director    ] Select GC Workers (Normal), AvoidLongGCWorkers: 0.004, AvoidOOMGCWorkers: 0.005, LastGCWorkers: 1.000, GCWorkers: 0.005
[28.280s][debug][gc,director    ] Rule: Allocation Rate (Dynamic GC Workers), MaxAllocRate: 185.8MB/s (+/-7.9%), Free: 1888MB, GCCPUTime: 0.054, GCDuration: 0.054s, TimeUntilOOM: 9.418s, TimeUntilGC: 9.264s, GCWorkers: 1 -> 1
[28.280s][debug][gc,director    ] Rule: High Usage, Free: 1888MB(92.2%)
[28.280s][debug][gc,director    ] Rule: Proactive, UsedUntilEnabled: 84MB, TimeUntilEnabled: 299.234s
[28.378s][debug][gc,alloc       ] Allocation Rate: 142.0MB/s, Predicted: 139.2MB/s, Avg: 148.0(+/-11.3)MB/s
[28.378s][debug][gc,director    ] Select GC Workers (Normal), AvoidLongGCWorkers: 0.004, AvoidOOMGCWorkers: 0.005, LastGCWorkers: 1.000, GCWorkers: 0.005
[28.378s][debug][gc,director    ] Rule: Allocation Rate (Dynamic GC Workers), MaxAllocRate: 185.3MB/s (+/-7.7%), Free: 1878MB, GCCPUTime: 0.054, GCDuration: 0.054s, TimeUntilOOM: 9.411s, TimeUntilGC: 9.257s, GCWorkers: 1 -> 1
[28.378s][debug][gc,director    ] Rule: High Usage, Free: 1878MB(91.7%)
[28.378s][debug][gc,director    ] Rule: Proactive, UsedUntilEnabled: 74MB, TimeUntilEnabled: 299.136s
[28.479s][debug][gc,alloc       ] Allocation Rate: 174.0MB/s, Predicted: 146.9MB/s, Avg: 151.6(+/-13.2)MB/s
[28.479s][debug][gc,director    ] Select GC Workers (Normal), AvoidLongGCWorkers: 0.004, AvoidOOMGCWorkers: 0.005, LastGCWorkers: 1.000, GCWorkers: 0.005
[28.479s][debug][gc,director    ] Rule: Allocation Rate (Dynamic GC Workers), MaxAllocRate: 194.9MB/s (+/-8.7%), Free: 1834MB, GCCPUTime: 0.054, GCDuration: 0.054s, TimeUntilOOM: 8.656s, TimeUntilGC: 8.502s, GCWorkers: 1 -> 1
[28.479s][debug][gc,director    ] Rule: High Usage, Free: 1834MB(89.6%)
[28.479s][debug][gc,director    ] Rule: Proactive, UsedUntilEnabled: 30MB, TimeUntilEnabled: 299.035s
[28.579s][debug][gc,alloc       ] Allocation Rate: 142.0MB/s, Predicted: 148.0MB/s, Avg: 148.8(+/-11.9)MB/s
[28.579s][debug][gc,director    ] Select GC Workers (Normal), AvoidLongGCWorkers: 0.004, AvoidOOMGCWorkers: 0.005, LastGCWorkers: 1.000, GCWorkers: 0.005
[28.579s][debug][gc,director    ] Rule: Allocation Rate (Dynamic GC Workers), MaxAllocRate: 187.9MB/s (+/-8.0%), Free: 1822MB, GCCPUTime: 0.054, GCDuration: 0.054s, TimeUntilOOM: 8.982s, TimeUntilGC: 8.828s, GCWorkers: 1 -> 1
[28.579s][debug][gc,director    ] Rule: High Usage, Free: 1822MB(89.0%)
[28.580s][debug][gc,director    ] Rule: Proactive, UsedUntilEnabled: 18MB, TimeUntilEnabled: 298.935s
[28.678s][debug][gc,alloc       ] Allocation Rate: 142.0MB/s, Predicted: 150.9MB/s, Avg: 146.0(+/-9.6)MB/s
[28.678s][debug][gc,director    ] Select GC Workers (Normal), AvoidLongGCWorkers: 0.004, AvoidOOMGCWorkers: 0.005, LastGCWorkers: 1.000, GCWorkers: 0.005
[28.678s][debug][gc,director    ] Rule: Allocation Rate (Dynamic GC Workers), MaxAllocRate: 182.6MB/s (+/-6.6%), Free: 1810MB, GCCPUTime: 0.054, GCDuration: 0.054s, TimeUntilOOM: 9.297s, TimeUntilGC: 9.143s, GCWorkers: 1 -> 1
[28.678s][debug][gc,director    ] Rule: High Usage, Free: 1810MB(88.4%)
[28.678s][debug][gc,director    ] Rule: Proactive, UsedUntilEnabled: 6MB, TimeUntilEnabled: 298.836s
[28.690s][debug][gc,heap        ] GC(5) Heap before GC invocations=5 (full 5):
[28.690s][debug][gc,heap        ] GC(5)  ZHeap           used 204M, capacity 686M, max capacity 2048M
[28.690s][debug][gc,heap        ] GC(5)  Metaspace       used 8860K, committed 9216K, reserved 1114112K
[28.690s][debug][gc,heap        ] GC(5)   class space    used 934K, committed 1088K, reserved 1048576K
[28.690s][info ][gc,start       ] GC(5) Garbage Collection (System.gc())
[28.690s][info ][gc,task        ] GC(5) Using 1 workers
[28.690s][debug][gc,phases,start] GC(5) Pause Mark Start
[28.690s][debug][gc,marking     ] GC(5) Using 1 mark stripes
[28.690s][debug][gc,marking     ] GC(5) Mark Worker/Stripe Distribution
[28.690s][debug][gc,marking     ] GC(5)   Worker 0(1) -> Stripe 0(1)
[28.690s][info ][gc,phases      ] GC(5) Pause Mark Start 0.101ms
[28.690s][debug][gc,phases,start] GC(5) Concurrent Mark
[28.690s][debug][gc,task        ] GC(5) Executing Task: ZMarkRootsTask, Active Workers: 1
[28.694s][debug][gc,tlab        ] GC(5) TLAB totals: thrds: 4  refills: 520 max: 517 slow allocs: 35 max 35 waste:  1.0% gc: 696592B max: 261424B slow: 650672B max: 650672B
[28.694s][debug][gc,task        ] GC(5) Executing Task: ZMarkTask, Active Workers: 1
[28.711s][info ][gc,phases      ] GC(5) Concurrent Mark 20.585ms
[28.711s][debug][gc,phases,start] GC(5) Pause Mark End
[28.711s][info ][gc,phases      ] GC(5) Pause Mark End 0.039ms
[28.711s][debug][gc,phases,start] GC(5) Concurrent Mark Free
[28.711s][info ][gc,phases      ] GC(5) Concurrent Mark Free 0.032ms
[28.711s][debug][gc,phases,start] GC(5) Concurrent Process Non-Strong References
[28.711s][debug][gc,phases,start] GC(5) Concurrent References Process
[28.711s][debug][gc,task        ] GC(5) Executing Task: ZReferenceProcessorTask, Active Workers: 1
[28.711s][debug][gc,phases      ] GC(5) Concurrent References Process 0.112ms
[28.711s][debug][gc,task        ] GC(5) Executing Task: ZProcessWeakRootsTask, Active Workers: 1
[28.712s][debug][gc,phases,start] GC(5) Concurrent Classes Unlink
[28.712s][debug][gc,phases,start] GC(5) ClassLoaderData
[28.712s][debug][gc,phases      ] GC(5) ClassLoaderData 0.045ms
[28.712s][debug][gc,phases,start] GC(5) Trigger cleanups
[28.712s][debug][gc,phases      ] GC(5) Trigger cleanups 0.014ms
[28.712s][debug][gc,task        ] GC(5) Executing Task: ZNMethodUnlinkTask, Active Workers: 1
[28.716s][debug][gc,phases      ] GC(5) Concurrent Classes Unlink 4.233ms
[28.716s][debug][gc,phases,start] GC(5) Concurrent Classes Purge
[28.716s][debug][gc,task        ] GC(5) Executing Task: ZNMethodPurgeTask, Active Workers: 1
[28.717s][debug][gc,phases      ] GC(5) Concurrent Classes Purge 0.423ms
[28.717s][debug][gc,phases,start] GC(5) Concurrent References Enqueue
[28.717s][debug][gc,phases      ] GC(5) Concurrent References Enqueue 0.033ms
[28.717s][info ][gc,phases      ] GC(5) Concurrent Process Non-Strong References 5.694ms
[28.717s][debug][gc,phases,start] GC(5) Concurrent Reset Relocation Set
[28.717s][info ][gc,phases      ] GC(5) Concurrent Reset Relocation Set 0.078ms
[28.717s][debug][gc,phases,start] GC(5) Concurrent Select Relocation Set
[28.719s][debug][gc,task        ] GC(5) Executing Task: ZRelocationSetInstallTask, Active Workers: 1
[28.719s][info ][gc,phases      ] GC(5) Concurrent Select Relocation Set 1.960ms
[28.719s][debug][gc,phases,start] GC(5) Pause Relocate Start
[28.719s][info ][gc,phases      ] GC(5) Pause Relocate Start 0.031ms
[28.719s][debug][gc,phases,start] GC(5) Concurrent Relocate
[28.719s][debug][gc,task        ] GC(5) Executing Task: ZRelocateTask, Active Workers: 1
[28.721s][info ][gc,phases      ] GC(5) Concurrent Relocate 1.877ms
[28.721s][debug][gc,heap        ] GC(5) Heap after GC invocations=6 (full 6):
[28.721s][debug][gc,heap        ] GC(5)  ZHeap           used 6M, capacity 686M, max capacity 2048M
[28.721s][debug][gc,heap        ] GC(5)  Metaspace       used 8860K, committed 9216K, reserved 1114112K
[28.721s][debug][gc,heap        ] GC(5)   class space    used 934K, committed 1088K, reserved 1048576K
[28.721s][info ][gc,load        ] GC(5) Load: 4.04/3.20/2.73
[28.721s][info ][gc,mmu         ] GC(5) MMU: 2ms/88.7%, 5ms/95.5%, 10ms/97.7%, 20ms/98.8%, 50ms/99.2%, 100ms/99.5%
[28.721s][info ][gc,marking     ] GC(5) Mark: 1 stripe(s), 2 proactive flush(es), 1 terminate flush(es), 0 completion(s), 0 continuation(s) 
[28.721s][info ][gc,marking     ] GC(5) Mark Stack Usage: 32M
[28.721s][info ][gc,nmethod     ] GC(5) NMethods: 2661 registered, 0 unregistered
[28.721s][info ][gc,metaspace   ] GC(5) Metaspace: 8M used, 9M committed, 1088M reserved
[28.721s][info ][gc,ref         ] GC(5) Soft: 742 encountered, 0 discovered, 0 enqueued
[28.721s][info ][gc,ref         ] GC(5) Weak: 1294 encountered, 571 discovered, 1 enqueued
[28.721s][info ][gc,ref         ] GC(5) Final: 0 encountered, 0 discovered, 0 enqueued
[28.721s][info ][gc,ref         ] GC(5) Phantom: 15 encountered, 10 discovered, 0 enqueued
[28.721s][info ][gc,reloc       ] GC(5) Small Pages: 70 / 140M, Empty: 132M, Relocated: 1M, In-Place: 0
[28.721s][info ][gc,reloc       ] GC(5) Medium Pages: 2 / 64M, Empty: 64M, Relocated: 0M, In-Place: 0
[28.721s][info ][gc,reloc       ] GC(5) Large Pages: 0 / 0M, Empty: 0M, Relocated: 0M, In-Place: 0
[28.721s][info ][gc,reloc       ] GC(5) Forwarding Usage: 0M
[28.721s][info ][gc,heap        ] GC(5) Min Capacity: 8M(0%)
[28.721s][info ][gc,heap        ] GC(5) Max Capacity: 2048M(100%)
[28.721s][info ][gc,heap        ] GC(5) Soft Max Capacity: 2048M(100%)
[28.721s][info ][gc,heap        ] GC(5)                Mark Start          Mark End        Relocate Start      Relocate End           High               Low         
[28.721s][info ][gc,heap        ] GC(5)  Capacity:      686M (33%)         686M (33%)         686M (33%)         686M (33%)         686M (33%)         686M (33%)    
[28.721s][info ][gc,heap        ] GC(5)      Free:     1844M (90%)        1844M (90%)        2040M (100%)       2042M (100%)       2042M (100%)       1844M (90%)    
[28.721s][info ][gc,heap        ] GC(5)      Used:      204M (10%)         204M (10%)           8M (0%)            6M (0%)          204M (10%)           6M (0%)     
[28.721s][info ][gc,heap        ] GC(5)      Live:         -                 5M (0%)            5M (0%)            5M (0%)             -                  -          
[28.721s][info ][gc,heap        ] GC(5) Allocated:         -                 0M (0%)            0M (0%)            0M (0%)             -                  -          
[28.721s][info ][gc,heap        ] GC(5)   Garbage:         -               198M (10%)           2M (0%)            0M (0%)             -                  -          
[28.722s][info ][gc,heap        ] GC(5) Reclaimed:         -                  -               196M (10%)         198M (10%)            -                  -          
[28.722s][info ][gc             ] GC(5) Garbage Collection (System.gc()) 204M(10%)->6M(0%)
[28.781s][debug][gc,alloc       ] Allocation Rate: 178.0MB/s, Predicted: 161.6MB/s, Avg: 150.0(+/-13.1)MB/s
[28.781s][debug][gc,director    ] Select GC Workers (Normal), AvoidLongGCWorkers: 0.004, AvoidOOMGCWorkers: 0.004, LastGCWorkers: 1.000, GCWorkers: 0.004
[28.781s][debug][gc,director    ] Rule: Allocation Rate (Dynamic GC Workers), MaxAllocRate: 204.9MB/s (+/-8.8%), Free: 1960MB, GCCPUTime: 0.045, GCDuration: 0.045s, TimeUntilOOM: 8.797s, TimeUntilGC: 8.652s, GCWorkers: 1 -> 1
[28.781s][debug][gc,director    ] Rule: High Usage, Free: 1960MB(95.7%)
[28.781s][debug][gc,director    ] Rule: Proactive, UsedUntilEnabled: 156MB, TimeUntilEnabled: 299.940s
[28.878s][debug][gc,alloc       ] Allocation Rate: 162.0MB/s, Predicted: 165.9MB/s, Avg: 151.4(+/-13.6)MB/s
[28.878s][debug][gc,director    ] Select GC Workers (Normal), AvoidLongGCWorkers: 0.004, AvoidOOMGCWorkers: 0.004, LastGCWorkers: 1.000, GCWorkers: 0.004
[28.878s][debug][gc,director    ] Rule: Allocation Rate (Dynamic GC Workers), MaxAllocRate: 210.6MB/s (+/-9.0%), Free: 1960MB, GCCPUTime: 0.045, GCDuration: 0.045s, TimeUntilOOM: 8.540s, TimeUntilGC: 8.395s, GCWorkers: 1 -> 1
[28.878s][debug][gc,director    ] Rule: High Usage, Free: 1960MB(95.7%)
[28.878s][debug][gc,director    ] Rule: Proactive, UsedUntilEnabled: 156MB, TimeUntilEnabled: 299.843s
[28.980s][debug][gc,alloc       ] Allocation Rate: 174.0MB/s, Predicted: 172.4MB/s, Avg: 154.6(+/-14.7)MB/s
[28.980s][debug][gc,director    ] Select GC Workers (Normal), AvoidLongGCWorkers: 0.004, AvoidOOMGCWorkers: 0.005, LastGCWorkers: 1.000, GCWorkers: 0.005
[28.980s][debug][gc,director    ] Rule: Allocation Rate (Dynamic GC Workers), MaxAllocRate: 220.9MB/s (+/-9.5%), Free: 1948MB, GCCPUTime: 0.045, GCDuration: 0.045s, TimeUntilOOM: 8.053s, TimeUntilGC: 7.908s, GCWorkers: 1 -> 1
[28.980s][debug][gc,director    ] Rule: High Usage, Free: 1948MB(95.1%)
[28.980s][debug][gc,director    ] Rule: Proactive, UsedUntilEnabled: 144MB, TimeUntilEnabled: 299.741s
[29.083s][debug][gc,alloc       ] Allocation Rate: 174.0MB/s, Predicted: 177.3MB/s, Avg: 157.6(+/-15.3)MB/s
[29.084s][debug][gc,director    ] Select GC Workers (Normal), AvoidLongGCWorkers: 0.004, AvoidOOMGCWorkers: 0.005, LastGCWorkers: 1.000, GCWorkers: 0.005
[29.084s][debug][gc,director    ] Rule: Allocation Rate (Dynamic GC Workers), MaxAllocRate: 227.7MB/s (+/-9.7%), Free: 1936MB, GCCPUTime: 0.045, GCDuration: 0.045s, TimeUntilOOM: 7.750s, TimeUntilGC: 7.605s, GCWorkers: 1 -> 1
[29.084s][debug][gc,director    ] Rule: High Usage, Free: 1936MB(94.5%)
[29.084s][debug][gc,director    ] Rule: Proactive, UsedUntilEnabled: 132MB, TimeUntilEnabled: 299.637s
[29.179s][debug][gc,alloc       ] Allocation Rate: 174.0MB/s, Predicted: 180.3MB/s, Avg: 160.6(+/-15.3)MB/s
[29.180s][debug][gc,director    ] Select GC Workers (Normal), AvoidLongGCWorkers: 0.004, AvoidOOMGCWorkers: 0.005, LastGCWorkers: 1.000, GCWorkers: 0.005
[29.180s][debug][gc,director    ] Rule: Allocation Rate (Dynamic GC Workers), MaxAllocRate: 230.6MB/s (+/-9.5%), Free: 1924MB, GCCPUTime: 0.045, GCDuration: 0.045s, TimeUntilOOM: 7.620s, TimeUntilGC: 7.475s, GCWorkers: 1 -> 1
[29.180s][debug][gc,director    ] Rule: High Usage, Free: 1924MB(93.9%)
[29.180s][debug][gc,director    ] Rule: Proactive, UsedUntilEnabled: 120MB, TimeUntilEnabled: 299.541s
[29.278s][debug][gc,alloc       ] Allocation Rate: 174.0MB/s, Predicted: 181.2MB/s, Avg: 163.6(+/-14.7)MB/s
[29.278s][debug][gc,director    ] Select GC Workers (Normal), AvoidLongGCWorkers: 0.004, AvoidOOMGCWorkers: 0.005, LastGCWorkers: 1.000, GCWorkers: 0.005
[29.278s][debug][gc,director    ] Rule: Allocation Rate (Dynamic GC Workers), MaxAllocRate: 229.5MB/s (+/-9.0%), Free: 1912MB, GCCPUTime: 0.045, GCDuration: 0.045s, TimeUntilOOM: 7.647s, TimeUntilGC: 7.502s, GCWorkers: 1 -> 1
[29.278s][debug][gc,director    ] Rule: High Usage, Free: 1912MB(93.4%)
[29.278s][debug][gc,director    ] Rule: Proactive, UsedUntilEnabled: 108MB, TimeUntilEnabled: 299.443s
[29.383s][debug][gc,alloc       ] Allocation Rate: 176.0MB/s, Predicted: 180.4MB/s, Avg: 167.0(+/-13.1)MB/s
[29.383s][debug][gc,director    ] Select GC Workers (Normal), AvoidLongGCWorkers: 0.004, AvoidOOMGCWorkers: 0.005, LastGCWorkers: 1.000, GCWorkers: 0.005
[29.384s][debug][gc,director    ] Rule: Allocation Rate (Dynamic GC Workers), MaxAllocRate: 223.6MB/s (+/-7.9%), Free: 1900MB, GCCPUTime: 0.045, GCDuration: 0.045s, TimeUntilOOM: 7.879s, TimeUntilGC: 7.734s, GCWorkers: 1 -> 1
[29.384s][debug][gc,director    ] Rule: High Usage, Free: 1900MB(92.8%)
[29.384s][debug][gc,director    ] Rule: Proactive, UsedUntilEnabled: 96MB, TimeUntilEnabled: 299.337s
[29.480s][debug][gc,alloc       ] Allocation Rate: 144.0MB/s, Predicted: 173.1MB/s, Avg: 164.0(+/-14.5)MB/s
[29.480s][debug][gc,director    ] Select GC Workers (Normal), AvoidLongGCWorkers: 0.004, AvoidOOMGCWorkers: 0.005, LastGCWorkers: 1.000, GCWorkers: 0.005
[29.480s][debug][gc,director    ] Rule: Allocation Rate (Dynamic GC Workers), MaxAllocRate: 220.9MB/s (+/-8.9%), Free: 1888MB, GCCPUTime: 0.045, GCDuration: 0.045s, TimeUntilOOM: 7.852s, TimeUntilGC: 7.707s, GCWorkers: 1 -> 1
[29.480s][debug][gc,director    ] Rule: High Usage, Free: 1888MB(92.2%)
[29.481s][debug][gc,director    ] Rule: Proactive, UsedUntilEnabled: 84MB, TimeUntilEnabled: 299.241s
[29.584s][debug][gc,alloc       ] Allocation Rate: 142.0MB/s, Predicted: 158.4MB/s, Avg: 164.0(+/-14.5)MB/s
[29.584s][debug][gc,director    ] Select GC Workers (Normal), AvoidLongGCWorkers: 0.004, AvoidOOMGCWorkers: 0.005, LastGCWorkers: 1.000, GCWorkers: 0.005
[29.584s][debug][gc,director    ] Rule: Allocation Rate (Dynamic GC Workers), MaxAllocRate: 211.8MB/s (+/-8.9%), Free: 1878MB, GCCPUTime: 0.045, GCDuration: 0.045s, TimeUntilOOM: 8.144s, TimeUntilGC: 7.999s, GCWorkers: 1 -> 1
[29.585s][debug][gc,director    ] Rule: High Usage, Free: 1878MB(91.7%)
[29.585s][debug][gc,director    ] Rule: Proactive, UsedUntilEnabled: 74MB, TimeUntilEnabled: 299.136s
[29.680s][debug][gc,alloc       ] Allocation Rate: 174.0MB/s, Predicted: 156.5MB/s, Avg: 167.2(+/-12.7)MB/s
[29.680s][debug][gc,director    ] Select GC Workers (Normal), AvoidLongGCWorkers: 0.004, AvoidOOMGCWorkers: 0.005, LastGCWorkers: 1.000, GCWorkers: 0.005
[29.680s][debug][gc,director    ] Rule: Allocation Rate (Dynamic GC Workers), MaxAllocRate: 209.2MB/s (+/-7.6%), Free: 1834MB, GCCPUTime: 0.045, GCDuration: 0.045s, TimeUntilOOM: 8.147s, TimeUntilGC: 8.002s, GCWorkers: 1 -> 1
[29.680s][debug][gc,director    ] Rule: High Usage, Free: 1834MB(89.6%)
[29.680s][debug][gc,director    ] Rule: Proactive, UsedUntilEnabled: 30MB, TimeUntilEnabled: 299.041s
[29.780s][debug][gc,alloc       ] Allocation Rate: 126.0MB/s, Predicted: 142.9MB/s, Avg: 162.0(+/-17.1)MB/s
[29.780s][debug][gc,director    ] Select GC Workers (Normal), AvoidLongGCWorkers: 0.004, AvoidOOMGCWorkers: 0.005, LastGCWorkers: 1.000, GCWorkers: 0.005
[29.780s][debug][gc,director    ] Rule: Allocation Rate (Dynamic GC Workers), MaxAllocRate: 218.4MB/s (+/-10.6%), Free: 1834MB, GCCPUTime: 0.045, GCDuration: 0.045s, TimeUntilOOM: 7.595s, TimeUntilGC: 7.450s, GCWorkers: 1 -> 1
[29.780s][debug][gc,director    ] Rule: High Usage, Free: 1834MB(89.6%)
[29.780s][debug][gc,director    ] Rule: Proactive, UsedUntilEnabled: 30MB, TimeUntilEnabled: 298.941s
[29.877s][debug][gc,alloc       ] Allocation Rate: 138.0MB/s, Predicted: 133.3MB/s, Avg: 159.6(+/-18.6)MB/s
[29.877s][debug][gc,director    ] Select GC Workers (Normal), AvoidLongGCWorkers: 0.004, AvoidOOMGCWorkers: 0.005, LastGCWorkers: 1.000, GCWorkers: 0.005
[29.877s][debug][gc,director    ] Rule: Allocation Rate (Dynamic GC Workers), MaxAllocRate: 220.8MB/s (+/-11.6%), Free: 1822MB, GCCPUTime: 0.045, GCDuration: 0.045s, TimeUntilOOM: 7.393s, TimeUntilGC: 7.248s, GCWorkers: 1 -> 1
[29.877s][debug][gc,director    ] Rule: High Usage, Free: 1822MB(89.0%)
[29.877s][debug][gc,director    ] Rule: Proactive, UsedUntilEnabled: 18MB, TimeUntilEnabled: 298.844s
[29.982s][debug][gc,alloc       ] Allocation Rate: 138.0MB/s, Predicted: 128.5MB/s, Avg: 156.0(+/-18.9)MB/s
[29.982s][debug][gc,director    ] Select GC Workers (Normal), AvoidLongGCWorkers: 0.004, AvoidOOMGCWorkers: 0.005, LastGCWorkers: 1.000, GCWorkers: 0.005
[29.982s][debug][gc,director    ] Rule: Allocation Rate (Dynamic GC Workers), MaxAllocRate: 218.3MB/s (+/-12.1%), Free: 1810MB, GCCPUTime: 0.045, GCDuration: 0.045s, TimeUntilOOM: 7.394s, TimeUntilGC: 7.249s, GCWorkers: 1 -> 1
[29.982s][debug][gc,director    ] Rule: High Usage, Free: 1810MB(88.4%)
[29.982s][debug][gc,director    ] Rule: Proactive, UsedUntilEnabled: 6MB, TimeUntilEnabled: 298.739s
[30.080s][debug][gc,alloc       ] Allocation Rate: 138.0MB/s, Predicted: 126.1MB/s, Avg: 152.4(+/-18.6)MB/s
[30.080s][debug][gc,director    ] Select GC Workers (Normal), AvoidLongGCWorkers: 0.004, AvoidOOMGCWorkers: 0.005, LastGCWorkers: 1.000, GCWorkers: 0.005
[30.080s][debug][gc,director    ] Rule: Allocation Rate (Dynamic GC Workers), MaxAllocRate: 213.6MB/s (+/-12.2%), Free: 1798MB, GCCPUTime: 0.045, GCDuration: 0.045s, TimeUntilOOM: 7.504s, TimeUntilGC: 7.359s, GCWorkers: 1 -> 1
[30.080s][debug][gc,director    ] Rule: High Usage, Free: 1798MB(87.8%)
[30.080s][debug][gc,director    ] Rule: Proactive, AcceptableGCInterval: 2.203s, TimeSinceLastGC: 1.359s, TimeUntilGC: 0.843s
[30.182s][info ][gc,stats       ] === Garbage Collection Statistics =======================================================================================================================
[30.182s][debug][gc,alloc       ] Allocation Rate: 138.0MB/s, Predicted: 126.1MB/s, Avg: 148.8(+/-17.5)MB/s
[30.182s][info ][gc,stats       ]                                                              Last 10s              Last 10m              Last 10h                Total
[30.183s][debug][gc,director    ] Select GC Workers (Normal), AvoidLongGCWorkers: 0.004, AvoidOOMGCWorkers: 0.005, LastGCWorkers: 1.000, GCWorkers: 0.005
[30.183s][info ][gc,stats       ]                                                              Avg / Max             Avg / Max             Avg / Max             Avg / Max
[30.183s][debug][gc,director    ] Rule: Allocation Rate (Dynamic GC Workers), MaxAllocRate: 206.4MB/s (+/-11.8%), Free: 1786MB, GCCPUTime: 0.045, GCDuration: 0.045s, TimeUntilOOM: 7.742s, TimeUntilGC: 7.597s, GCWorkers: 1 -> 1
[30.183s][info ][gc,stats       ]   Collector: Garbage Collection Cycle                     33.684 / 35.805       45.262 / 69.335       45.262 / 69.335       45.262 / 69.335      ms
[30.183s][debug][gc,director    ] Rule: High Usage, Free: 1786MB(87.2%)
[30.184s][info ][gc,stats       ]  Contention: Mark Segment Reset Contention                     0 / 0                 0 / 0                 0 / 0                 0 / 0           ops/s
[30.184s][debug][gc,director    ] Rule: Proactive, AcceptableGCInterval: 2.203s, TimeSinceLastGC: 1.463s, TimeUntilGC: 0.740s
[30.184s][info ][gc,stats       ]  Contention: Mark SeqNum Reset Contention                      0 / 0                 0 / 0                 0 / 0                 0 / 0           ops/s
[30.184s][info ][gc,stats       ]    Critical: Allocation Stall                                  0 / 0                 0 / 0                 0 / 0                 0 / 0           ops/s
[30.184s][info ][gc,stats       ]    Critical: Allocation Stall                              0.000 / 0.000         0.000 / 0.000         0.000 / 0.000         0.000 / 0.000       ms
[30.184s][info ][gc,stats       ]    Critical: GC Locker Stall                                   0 / 0                 0 / 0                 0 / 0                 0 / 0           ops/s
[30.184s][info ][gc,stats       ]    Critical: GC Locker Stall                               0.000 / 0.000         0.000 / 0.000         0.000 / 0.000         0.000 / 0.000       ms
[30.184s][info ][gc,stats       ]    Critical: Relocation Stall                                  0 / 0                 0 / 0                 0 / 0                 0 / 0           ops/s
[30.184s][info ][gc,stats       ]    Critical: Relocation Stall                              0.000 / 0.000         0.000 / 0.000         0.000 / 0.000         0.000 / 0.000       ms
[30.184s][info ][gc,stats       ]      Memory: Allocation Rate                                 146 / 174              94 / 174              94 / 174              94 / 174         MB/s
[30.184s][info ][gc,stats       ]      Memory: Defragment                                        0 / 0                 0 / 0                 0 / 0                 0 / 0           ops/s
[30.184s][info ][gc,stats       ]      Memory: Out Of Memory                                     0 / 0                 0 / 0                 0 / 0                 0 / 0           ops/s
[30.184s][info ][gc,stats       ]      Memory: Page Cache Flush                                  0 / 0                 0 / 0                 0 / 0                 0 / 0           MB/s
[30.184s][info ][gc,stats       ]      Memory: Page Cache Hit L1                                52 / 58               26 / 58               26 / 58               26 / 58          ops/s
[30.184s][info ][gc,stats       ]      Memory: Page Cache Hit L2                                 0 / 0                 0 / 0                 0 / 0                 0 / 0           ops/s
[30.184s][info ][gc,stats       ]      Memory: Page Cache Hit L3                                 0 / 0                 2 / 30                2 / 30                2 / 30          ops/s
[30.184s][info ][gc,stats       ]      Memory: Page Cache Miss                                   1 / 19                6 / 45                6 / 45                6 / 45          ops/s
[30.184s][info ][gc,stats       ]      Memory: Uncommit                                          0 / 0                 0 / 0                 0 / 0                 0 / 0           MB/s
[30.184s][info ][gc,stats       ]      Memory: Undo Object Allocation Failed                     0 / 0                 0 / 0                 0 / 0                 0 / 0           ops/s
[30.184s][info ][gc,stats       ]      Memory: Undo Object Allocation Succeeded                  0 / 0                 0 / 0                 0 / 0                 0 / 0           ops/s
[30.184s][info ][gc,stats       ]      Memory: Undo Page Allocation                              0 / 0                 0 / 0                 0 / 0                 0 / 0           ops/s
[30.184s][info ][gc,stats       ]       Phase: Concurrent Mark                              21.492 / 22.341       27.619 / 43.395       27.619 / 43.395       27.619 / 43.395      ms
[30.184s][info ][gc,stats       ]       Phase: Concurrent Mark Continue                      0.000 / 0.000         0.000 / 0.000         0.000 / 0.000         0.000 / 0.000       ms
[30.184s][info ][gc,stats       ]       Phase: Concurrent Mark Free                          0.021 / 0.032         0.029 / 0.051         0.029 / 0.051         0.029 / 0.051       ms
[30.184s][info ][gc,stats       ]       Phase: Concurrent Process Non-Strong References      6.060 / 7.017         6.889 / 12.475        6.889 / 12.475        6.889 / 12.475      ms
[30.184s][info ][gc,stats       ]       Phase: Concurrent Relocate                           2.557 / 3.200         3.685 / 9.002         3.685 / 9.002         3.685 / 9.002       ms
[30.184s][info ][gc,stats       ]       Phase: Concurrent Reset Relocation Set               0.037 / 0.078         0.028 / 0.078         0.028 / 0.078         0.028 / 0.078       ms
[30.184s][info ][gc,stats       ]       Phase: Concurrent Select Relocation Set              2.126 / 2.224         5.291 / 16.802        5.291 / 16.802        5.291 / 16.802      ms
[30.184s][info ][gc,stats       ]       Phase: Pause Mark End                                0.036 / 0.039         0.066 / 0.198         0.066 / 0.198         0.066 / 0.198       ms
[30.184s][info ][gc,stats       ]       Phase: Pause Mark Start                              0.173 / 0.215         0.183 / 0.225         0.183 / 0.225         0.183 / 0.225       ms
[30.185s][info ][gc,stats       ]       Phase: Pause Relocate Start                          0.043 / 0.060         0.043 / 0.060         0.043 / 0.060         0.043 / 0.060       ms
[30.185s][info ][gc,stats       ]    Subphase: Concurrent Classes Purge                      0.294 / 0.423         0.273 / 0.423         0.273 / 0.423         0.273 / 0.423       ms
[30.185s][info ][gc,stats       ]    Subphase: Concurrent Classes Unlink                     4.707 / 5.553         5.339 / 9.434         5.339 / 9.434         5.339 / 9.434       ms
[30.185s][info ][gc,stats       ]    Subphase: Concurrent Mark                              17.629 / 18.075       23.208 / 37.349       23.208 / 37.349       23.208 / 37.349      ms
[30.185s][info ][gc,stats       ]    Subphase: Concurrent Mark Try Flush                     0.062 / 0.103         0.145 / 1.189         0.145 / 1.189         0.145 / 1.189       ms
[30.185s][info ][gc,stats       ]    Subphase: Concurrent Mark Try Terminate                 0.018 / 0.052         0.025 / 0.129         0.025 / 0.129         0.025 / 0.129       ms
[30.185s][info ][gc,stats       ]    Subphase: Concurrent References Enqueue                 0.025 / 0.033         0.040 / 0.128         0.040 / 0.128         0.040 / 0.128       ms
[30.185s][info ][gc,stats       ]    Subphase: Concurrent References Process                 0.111 / 0.113         0.152 / 0.276         0.152 / 0.276         0.152 / 0.276       ms
[30.185s][info ][gc,stats       ]    Subphase: Concurrent Roots ClassLoaderDataGraph         0.486 / 0.570         0.582 / 0.812         0.582 / 0.812         0.582 / 0.812       ms
[30.185s][info ][gc,stats       ]    Subphase: Concurrent Roots CodeCache                    0.000 / 0.000         0.000 / 0.000         0.000 / 0.000         0.000 / 0.000       ms
[30.185s][info ][gc,stats       ]    Subphase: Concurrent Roots JavaThreads                  2.996 / 3.340         3.147 / 3.406         3.147 / 3.406         3.147 / 3.406       ms
[30.185s][info ][gc,stats       ]    Subphase: Concurrent Roots OopStorageSet                0.086 / 0.116         0.118 / 0.167         0.118 / 0.167         0.118 / 0.167       ms
[30.185s][info ][gc,stats       ]    Subphase: Concurrent Weak Roots OopStorageSet           0.663 / 0.771         0.745 / 1.494         0.745 / 1.494         0.745 / 1.494       ms
[30.185s][info ][gc,stats       ]    Subphase: Pause Mark Try Complete                       0.000 / 0.000         0.046 / 0.046         0.046 / 0.046         0.046 / 0.046       ms
[30.185s][info ][gc,stats       ]      System: Java Threads                                     20 / 20               20 / 20               20 / 20               20 / 20          threads
[30.185s][info ][gc,stats       ] =========================================================================================================================================================
[30.280s][debug][gc,alloc       ] Allocation Rate: 138.0MB/s, Predicted: 128.5MB/s, Avg: 145.2(+/-15.5)MB/s
[30.280s][debug][gc,director    ] Select GC Workers (Normal), AvoidLongGCWorkers: 0.004, AvoidOOMGCWorkers: 0.005, LastGCWorkers: 1.000, GCWorkers: 0.005
[30.280s][debug][gc,director    ] Rule: Allocation Rate (Dynamic GC Workers), MaxAllocRate: 196.4MB/s (+/-10.7%), Free: 1774MB, GCCPUTime: 0.045, GCDuration: 0.045s, TimeUntilOOM: 8.160s, TimeUntilGC: 8.015s, GCWorkers: 1 -> 1
[30.280s][debug][gc,director    ] Rule: High Usage, Free: 1774MB(86.6%)
[30.280s][debug][gc,director    ] Rule: Proactive, AcceptableGCInterval: 2.203s, TimeSinceLastGC: 1.559s, TimeUntilGC: 0.644s
[30.379s][debug][gc,alloc       ] Allocation Rate: 138.0MB/s, Predicted: 133.9MB/s, Avg: 141.4(+/-11.7)MB/s
[30.380s][debug][gc,director    ] Select GC Workers (Normal), AvoidLongGCWorkers: 0.004, AvoidOOMGCWorkers: 0.004, LastGCWorkers: 1.000, GCWorkers: 0.004
[30.380s][debug][gc,director    ] Rule: Allocation Rate (Dynamic GC Workers), MaxAllocRate: 180.0MB/s (+/-8.3%), Free: 1762MB, GCCPUTime: 0.045, GCDuration: 0.045s, TimeUntilOOM: 9.039s, TimeUntilGC: 8.894s, GCWorkers: 1 -> 1
[30.380s][debug][gc,director    ] Rule: High Usage, Free: 1762MB(86.0%)
[30.380s][debug][gc,director    ] Rule: Proactive, AcceptableGCInterval: 2.203s, TimeSinceLastGC: 1.659s, TimeUntilGC: 0.544s
[30.479s][debug][gc,alloc       ] Allocation Rate: 136.0MB/s, Predicted: 132.4MB/s, Avg: 140.6(+/-11.8)MB/s
[30.479s][debug][gc,director    ] Select GC Workers (Normal), AvoidLongGCWorkers: 0.004, AvoidOOMGCWorkers: 0.004, LastGCWorkers: 1.000, GCWorkers: 0.004
[30.479s][debug][gc,director    ] Rule: Allocation Rate (Dynamic GC Workers), MaxAllocRate: 179.4MB/s (+/-8.4%), Free: 1752MB, GCCPUTime: 0.045, GCDuration: 0.045s, TimeUntilOOM: 9.008s, TimeUntilGC: 8.863s, GCWorkers: 1 -> 1
[30.479s][debug][gc,director    ] Rule: High Usage, Free: 1752MB(85.5%)
[30.479s][debug][gc,director    ] Rule: Proactive, AcceptableGCInterval: 2.203s, TimeSinceLastGC: 1.758s, TimeUntilGC: 0.444s
[30.579s][debug][gc,alloc       ] Allocation Rate: 170.0MB/s, Predicted: 144.5MB/s, Avg: 143.4(+/-14.8)MB/s
[30.579s][debug][gc,director    ] Select GC Workers (Normal), AvoidLongGCWorkers: 0.004, AvoidOOMGCWorkers: 0.005, LastGCWorkers: 1.000, GCWorkers: 0.005
[30.580s][debug][gc,director    ] Rule: Allocation Rate (Dynamic GC Workers), MaxAllocRate: 193.1MB/s (+/-10.3%), Free: 1708MB, GCCPUTime: 0.045, GCDuration: 0.045s, TimeUntilOOM: 8.021s, TimeUntilGC: 7.876s, GCWorkers: 1 -> 1
[30.580s][debug][gc,director    ] Rule: High Usage, Free: 1708MB(83.4%)
[30.580s][debug][gc,director    ] Rule: Proactive, AcceptableGCInterval: 2.203s, TimeSinceLastGC: 1.859s, TimeUntilGC: 0.344s
[30.678s][debug][gc,alloc       ] Allocation Rate: 126.0MB/s, Predicted: 145.7MB/s, Avg: 138.6(+/-11.5)MB/s
[30.678s][debug][gc,director    ] Select GC Workers (Normal), AvoidLongGCWorkers: 0.004, AvoidOOMGCWorkers: 0.004, LastGCWorkers: 1.000, GCWorkers: 0.004
[30.678s][debug][gc,director    ] Rule: Allocation Rate (Dynamic GC Workers), MaxAllocRate: 183.4MB/s (+/-8.3%), Free: 1708MB, GCCPUTime: 0.045, GCDuration: 0.045s, TimeUntilOOM: 8.601s, TimeUntilGC: 8.456s, GCWorkers: 1 -> 1
[30.678s][debug][gc,director    ] Rule: High Usage, Free: 1708MB(83.4%)
[30.678s][debug][gc,director    ] Rule: Proactive, AcceptableGCInterval: 2.203s, TimeSinceLastGC: 1.957s, TimeUntilGC: 0.246s
[30.778s][debug][gc,alloc       ] Allocation Rate: 138.0MB/s, Predicted: 142.1MB/s, Avg: 139.8(+/-10.7)MB/s
[30.778s][debug][gc,director    ] Select GC Workers (Normal), AvoidLongGCWorkers: 0.004, AvoidOOMGCWorkers: 0.004, LastGCWorkers: 1.000, GCWorkers: 0.004
[30.778s][debug][gc,director    ] Rule: Allocation Rate (Dynamic GC Workers), MaxAllocRate: 177.3MB/s (+/-7.6%), Free: 1696MB, GCCPUTime: 0.045, GCDuration: 0.045s, TimeUntilOOM: 8.889s, TimeUntilGC: 8.744s, GCWorkers: 1 -> 1
[30.778s][debug][gc,director    ] Rule: High Usage, Free: 1696MB(82.8%)
[30.778s][debug][gc,director    ] Rule: Proactive, AcceptableGCInterval: 2.203s, TimeSinceLastGC: 2.057s, TimeUntilGC: 0.146s
[30.880s][debug][gc,alloc       ] Allocation Rate: 138.0MB/s, Predicted: 140.9MB/s, Avg: 139.8(+/-10.7)MB/s
[30.880s][debug][gc,director    ] Select GC Workers (Normal), AvoidLongGCWorkers: 0.004, AvoidOOMGCWorkers: 0.004, LastGCWorkers: 1.000, GCWorkers: 0.004
[30.880s][debug][gc,director    ] Rule: Allocation Rate (Dynamic GC Workers), MaxAllocRate: 176.1MB/s (+/-7.6%), Free: 1684MB, GCCPUTime: 0.045, GCDuration: 0.045s, TimeUntilOOM: 8.886s, TimeUntilGC: 8.741s, GCWorkers: 1 -> 1
[30.880s][debug][gc,director    ] Rule: High Usage, Free: 1684MB(82.2%)
[30.880s][debug][gc,director    ] Rule: Proactive, AcceptableGCInterval: 2.203s, TimeSinceLastGC: 2.159s, TimeUntilGC: 0.044s
[30.981s][debug][gc,alloc       ] Allocation Rate: 136.0MB/s, Predicted: 138.9MB/s, Avg: 139.6(+/-10.7)MB/s
[30.981s][debug][gc,director    ] Select GC Workers (Normal), AvoidLongGCWorkers: 0.004, AvoidOOMGCWorkers: 0.004, LastGCWorkers: 1.000, GCWorkers: 0.004
[30.981s][debug][gc,director    ] Rule: Allocation Rate (Dynamic GC Workers), MaxAllocRate: 174.9MB/s (+/-7.7%), Free: 1674MB, GCCPUTime: 0.045, GCDuration: 0.045s, TimeUntilOOM: 8.889s, TimeUntilGC: 8.744s, GCWorkers: 1 -> 1
[30.981s][debug][gc,director    ] Rule: High Usage, Free: 1674MB(81.7%)
[30.981s][debug][gc,director    ] Rule: Proactive, AcceptableGCInterval: 2.203s, TimeSinceLastGC: 2.260s, TimeUntilGC: -0.057s
[30.981s][debug][gc,heap        ] GC(6) Heap before GC invocations=6 (full 6):
[30.981s][debug][gc,heap        ] GC(6)  ZHeap           used 340M, capacity 686M, max capacity 2048M
[30.981s][debug][gc,heap        ] GC(6)  Metaspace       used 8889K, committed 9216K, reserved 1114112K
[30.981s][debug][gc,heap        ] GC(6)   class space    used 935K, committed 1088K, reserved 1048576K
[30.981s][info ][gc,start       ] GC(6) Garbage Collection (Proactive)
[30.981s][info ][gc,task        ] GC(6) Using 1 workers
[30.981s][debug][gc,phases,start] GC(6) Pause Mark Start
[30.981s][debug][gc,marking     ] GC(6) Using 1 mark stripes
[30.981s][debug][gc,marking     ] GC(6) Mark Worker/Stripe Distribution
[30.981s][debug][gc,marking     ] GC(6)   Worker 0(1) -> Stripe 0(1)
[30.981s][info ][gc,phases      ] GC(6) Pause Mark Start 0.032ms
[30.981s][debug][gc,phases,start] GC(6) Concurrent Mark
[30.981s][debug][gc,task        ] GC(6) Executing Task: ZMarkRootsTask, Active Workers: 1
[30.982s][debug][gc,tlab        ] GC(6) TLAB totals: thrds: 5  refills: 945 max: 940 slow allocs: 62 max 62 waste:  0.9% gc: 1003488B max: 261944B slow: 1269208B max: 1268576B
[30.982s][debug][gc,task        ] GC(6) Executing Task: ZMarkTask, Active Workers: 1
[30.992s][info ][gc,phases      ] GC(6) Concurrent Mark 11.090ms
[30.992s][debug][gc,phases,start] GC(6) Pause Mark End
[30.992s][info ][gc,phases      ] GC(6) Pause Mark End 0.035ms
[30.992s][debug][gc,phases,start] GC(6) Concurrent Mark Free
[30.992s][info ][gc,phases      ] GC(6) Concurrent Mark Free 0.044ms
[30.992s][debug][gc,phases,start] GC(6) Concurrent Process Non-Strong References
[30.992s][debug][gc,phases,start] GC(6) Concurrent References Process
[30.992s][debug][gc,task        ] GC(6) Executing Task: ZReferenceProcessorTask, Active Workers: 1
[30.992s][debug][gc,phases      ] GC(6) Concurrent References Process 0.123ms
[30.992s][debug][gc,task        ] GC(6) Executing Task: ZProcessWeakRootsTask, Active Workers: 1
[30.993s][debug][gc,phases,start] GC(6) Concurrent Classes Unlink
[30.993s][debug][gc,phases,start] GC(6) ClassLoaderData
[30.993s][debug][gc,phases      ] GC(6) ClassLoaderData 0.038ms
[30.993s][debug][gc,phases,start] GC(6) Trigger cleanups
[30.993s][debug][gc,phases      ] GC(6) Trigger cleanups 0.010ms
[30.993s][debug][gc,task        ] GC(6) Executing Task: ZNMethodUnlinkTask, Active Workers: 1
[30.996s][debug][gc,phases      ] GC(6) Concurrent Classes Unlink 3.588ms
[30.997s][debug][gc,phases,start] GC(6) Concurrent Classes Purge
[30.997s][debug][gc,task        ] GC(6) Executing Task: ZNMethodPurgeTask, Active Workers: 1
[30.997s][debug][gc,phases      ] GC(6) Concurrent Classes Purge 0.114ms
[30.997s][debug][gc,phases,start] GC(6) Concurrent References Enqueue
[30.997s][debug][gc,phases      ] GC(6) Concurrent References Enqueue 0.007ms
[30.997s][info ][gc,phases      ] GC(6) Concurrent Process Non-Strong References 4.546ms
[30.997s][debug][gc,phases,start] GC(6) Concurrent Reset Relocation Set
[30.997s][info ][gc,phases      ] GC(6) Concurrent Reset Relocation Set 0.007ms
[30.997s][debug][gc,phases,start] GC(6) Concurrent Select Relocation Set
[30.998s][debug][gc,task        ] GC(6) Executing Task: ZRelocationSetInstallTask, Active Workers: 1
[30.998s][info ][gc,phases      ] GC(6) Concurrent Select Relocation Set 1.300ms
[30.998s][debug][gc,phases,start] GC(6) Pause Relocate Start
[30.998s][info ][gc,phases      ] GC(6) Pause Relocate Start 0.024ms
[30.998s][debug][gc,phases,start] GC(6) Concurrent Relocate
[30.998s][debug][gc,task        ] GC(6) Executing Task: ZRelocateTask, Active Workers: 1
[30.999s][info ][gc,phases      ] GC(6) Concurrent Relocate 1.086ms
[30.999s][debug][gc,heap        ] GC(6) Heap after GC invocations=7 (full 7):
[30.999s][debug][gc,heap        ] GC(6)  ZHeap           used 6M, capacity 686M, max capacity 2048M
[30.999s][debug][gc,heap        ] GC(6)  Metaspace       used 8889K, committed 9216K, reserved 1114112K
[30.999s][debug][gc,heap        ] GC(6)   class space    used 935K, committed 1088K, reserved 1048576K
[30.999s][info ][gc,load        ] GC(6) Load: 4.68/3.34/2.78
[30.999s][info ][gc,mmu         ] GC(6) MMU: 2ms/88.7%, 5ms/95.5%, 10ms/97.7%, 20ms/98.8%, 50ms/99.2%, 100ms/99.5%
[30.999s][info ][gc,marking     ] GC(6) Mark: 1 stripe(s), 2 proactive flush(es), 1 terminate flush(es), 0 completion(s), 0 continuation(s) 
[30.999s][info ][gc,marking     ] GC(6) Mark Stack Usage: 32M
[30.999s][info ][gc,nmethod     ] GC(6) NMethods: 2688 registered, 0 unregistered
[30.999s][info ][gc,metaspace   ] GC(6) Metaspace: 8M used, 9M committed, 1088M reserved
[30.999s][info ][gc,ref         ] GC(6) Soft: 742 encountered, 0 discovered, 0 enqueued
[30.999s][info ][gc,ref         ] GC(6) Weak: 1293 encountered, 612 discovered, 0 enqueued
[30.999s][info ][gc,ref         ] GC(6) Final: 0 encountered, 0 discovered, 0 enqueued
[30.999s][info ][gc,ref         ] GC(6) Phantom: 15 encountered, 9 discovered, 0 enqueued
[30.999s][info ][gc,reloc       ] GC(6) Small Pages: 122 / 244M, Empty: 236M, Relocated: 1M, In-Place: 0
[30.999s][info ][gc,reloc       ] GC(6) Medium Pages: 3 / 96M, Empty: 96M, Relocated: 0M, In-Place: 0
[30.999s][info ][gc,reloc       ] GC(6) Large Pages: 0 / 0M, Empty: 0M, Relocated: 0M, In-Place: 0
[30.999s][info ][gc,reloc       ] GC(6) Forwarding Usage: 0M
[30.999s][info ][gc,heap        ] GC(6) Min Capacity: 8M(0%)
[30.999s][info ][gc,heap        ] GC(6) Max Capacity: 2048M(100%)
[30.999s][info ][gc,heap        ] GC(6) Soft Max Capacity: 2048M(100%)
[30.999s][info ][gc,heap        ] GC(6)                Mark Start          Mark End        Relocate Start      Relocate End           High               Low         
[30.999s][info ][gc,heap        ] GC(6)  Capacity:      686M (33%)         686M (33%)         686M (33%)         686M (33%)         686M (33%)         686M (33%)    
[30.999s][info ][gc,heap        ] GC(6)      Free:     1708M (83%)        1708M (83%)        2040M (100%)       2042M (100%)       2042M (100%)       1708M (83%)    
[30.999s][info ][gc,heap        ] GC(6)      Used:      340M (17%)         340M (17%)           8M (0%)            6M (0%)          340M (17%)           6M (0%)     
[30.999s][info ][gc,heap        ] GC(6)      Live:         -                 5M (0%)            5M (0%)            5M (0%)             -                  -          
[30.999s][info ][gc,heap        ] GC(6) Allocated:         -                 0M (0%)            0M (0%)            0M (0%)             -                  -          
[30.999s][info ][gc,heap        ] GC(6)   Garbage:         -               334M (16%)           2M (0%)            0M (0%)             -                  -          
[30.999s][info ][gc,heap        ] GC(6) Reclaimed:         -                  -               332M (16%)         334M (16%)            -                  -          
[30.999s][info ][gc             ] GC(6) Garbage Collection (Proactive) 340M(17%)->6M(0%)
[31.078s][debug][gc,alloc       ] Allocation Rate: 168.0MB/s, Predicted: 149.9MB/s, Avg: 142.6(+/-13.7)MB/s
[31.078s][debug][gc,director    ] Select GC Workers (Normal), AvoidLongGCWorkers: 0.004, AvoidOOMGCWorkers: 0.004, LastGCWorkers: 1.000, GCWorkers: 0.004
[31.078s][debug][gc,director    ] Rule: Allocation Rate (Dynamic GC Workers), MaxAllocRate: 194.8MB/s (+/-9.6%), Free: 1964MB, GCCPUTime: 0.045, GCDuration: 0.045s, TimeUntilOOM: 9.201s, TimeUntilGC: 9.056s, GCWorkers: 1 -> 1
[31.078s][debug][gc,director    ] Rule: High Usage, Free: 1964MB(95.9%)
[31.078s][debug][gc,director    ] Rule: Proactive, UsedUntilEnabled: 160MB, TimeUntilEnabled: 299.921s
[31.178s][debug][gc,alloc       ] Allocation Rate: 168.0MB/s, Predicted: 158.8MB/s, Avg: 145.6(+/-15.5)MB/s
[31.178s][debug][gc,director    ] Select GC Workers (Normal), AvoidLongGCWorkers: 0.004, AvoidOOMGCWorkers: 0.005, LastGCWorkers: 1.000, GCWorkers: 0.005
[31.178s][debug][gc,director    ] Rule: Allocation Rate (Dynamic GC Workers), MaxAllocRate: 209.8MB/s (+/-10.6%), Free: 1952MB, GCCPUTime: 0.045, GCDuration: 0.045s, TimeUntilOOM: 8.411s, TimeUntilGC: 8.266s, GCWorkers: 1 -> 1
[31.178s][debug][gc,director    ] Rule: High Usage, Free: 1952MB(95.3%)
[31.178s][debug][gc,director    ] Rule: Proactive, UsedUntilEnabled: 148MB, TimeUntilEnabled: 299.821s
[31.279s][debug][gc,alloc       ] Allocation Rate: 168.0MB/s, Predicted: 165.7MB/s, Avg: 148.6(+/-16.6)MB/s
[31.279s][debug][gc,director    ] Select GC Workers (Normal), AvoidLongGCWorkers: 0.004, AvoidOOMGCWorkers: 0.005, LastGCWorkers: 1.000, GCWorkers: 0.005
[31.280s][debug][gc,director    ] Rule: Allocation Rate (Dynamic GC Workers), MaxAllocRate: 220.3MB/s (+/-11.2%), Free: 1940MB, GCCPUTime: 0.045, GCDuration: 0.045s, TimeUntilOOM: 7.921s, TimeUntilGC: 7.776s, GCWorkers: 1 -> 1
[31.280s][debug][gc,director    ] Rule: High Usage, Free: 1940MB(94.7%)
[31.280s][debug][gc,director    ] Rule: Proactive, UsedUntilEnabled: 136MB, TimeUntilEnabled: 299.720s
[31.353s][debug][gc,heap        ] GC(7) Heap before GC invocations=7 (full 7):
[31.353s][debug][gc,heap        ] GC(7)  ZHeap           used 74M, capacity 686M, max capacity 2048M
[31.353s][debug][gc,heap        ] GC(7)  Metaspace       used 8889K, committed 9216K, reserved 1114112K
[31.353s][debug][gc,heap        ] GC(7)   class space    used 935K, committed 1088K, reserved 1048576K
[31.353s][info ][gc,start       ] GC(7) Garbage Collection (System.gc())
[31.353s][info ][gc,task        ] GC(7) Using 1 workers
[31.353s][debug][gc,phases,start] GC(7) Pause Mark Start
[31.353s][debug][gc,marking     ] GC(7) Using 1 mark stripes
[31.353s][debug][gc,marking     ] GC(7) Mark Worker/Stripe Distribution
[31.353s][debug][gc,marking     ] GC(7)   Worker 0(1) -> Stripe 0(1)
[31.353s][info ][gc,phases      ] GC(7) Pause Mark Start 0.156ms
[31.353s][debug][gc,phases,start] GC(7) Concurrent Mark
[31.353s][debug][gc,task        ] GC(7) Executing Task: ZMarkRootsTask, Active Workers: 1
[31.357s][debug][gc,tlab        ] GC(7) TLAB totals: thrds: 2  refills: 142 max: 141 slow allocs: 11 max 11 waste:  1.2% gc: 348408B max: 248336B slow: 105896B max: 105896B
[31.357s][debug][gc,task        ] GC(7) Executing Task: ZMarkTask, Active Workers: 1
[31.374s][info ][gc,phases      ] GC(7) Concurrent Mark 20.895ms
[31.374s][debug][gc,phases,start] GC(7) Pause Mark End
[31.374s][info ][gc,phases      ] GC(7) Pause Mark End 0.030ms
[31.374s][debug][gc,phases,start] GC(7) Concurrent Mark Free
[31.375s][info ][gc,phases      ] GC(7) Concurrent Mark Free 0.021ms
[31.375s][debug][gc,phases,start] GC(7) Concurrent Process Non-Strong References
[31.375s][debug][gc,phases,start] GC(7) Concurrent References Process
[31.375s][debug][gc,task        ] GC(7) Executing Task: ZReferenceProcessorTask, Active Workers: 1
[31.375s][debug][gc,phases      ] GC(7) Concurrent References Process 0.099ms
[31.375s][debug][gc,task        ] GC(7) Executing Task: ZProcessWeakRootsTask, Active Workers: 1
[31.375s][debug][gc,phases,start] GC(7) Concurrent Classes Unlink
[31.375s][debug][gc,phases,start] GC(7) ClassLoaderData
[31.375s][debug][gc,phases      ] GC(7) ClassLoaderData 0.042ms
[31.375s][debug][gc,phases,start] GC(7) Trigger cleanups
[31.375s][debug][gc,phases      ] GC(7) Trigger cleanups 0.010ms
[31.375s][debug][gc,task        ] GC(7) Executing Task: ZNMethodUnlinkTask, Active Workers: 1
[31.380s][debug][gc,phases      ] GC(7) Concurrent Classes Unlink 4.262ms
[31.380s][debug][gc,phases,start] GC(7) Concurrent Classes Purge
[31.380s][debug][gc,task        ] GC(7) Executing Task: ZNMethodPurgeTask, Active Workers: 1
[31.380s][debug][gc,phases      ] GC(7) Concurrent Classes Purge 0.168ms
[31.380s][debug][gc,phases,start] GC(7) Concurrent References Enqueue
[31.380s][debug][gc,phases      ] GC(7) Concurrent References Enqueue 0.013ms
[31.380s][info ][gc,phases      ] GC(7) Concurrent Process Non-Strong References 5.370ms
[31.380s][debug][gc,phases,start] GC(7) Concurrent Reset Relocation Set
[31.380s][info ][gc,phases      ] GC(7) Concurrent Reset Relocation Set 0.016ms
[31.380s][debug][gc,alloc       ] Allocation Rate: 198.0MB/s, Predicted: 182.7MB/s, Avg: 154.6(+/-21.7)MB/s
[31.380s][debug][gc,phases,start] GC(7) Concurrent Select Relocation Set
[31.382s][debug][gc,task        ] GC(7) Executing Task: ZRelocationSetInstallTask, Active Workers: 1
[31.382s][info ][gc,phases      ] GC(7) Concurrent Select Relocation Set 2.137ms
[31.382s][debug][gc,phases,start] GC(7) Pause Relocate Start
[31.382s][info ][gc,phases      ] GC(7) Pause Relocate Start 0.030ms
[31.382s][debug][gc,phases,start] GC(7) Concurrent Relocate
[31.382s][debug][gc,task        ] GC(7) Executing Task: ZRelocateTask, Active Workers: 1
[31.384s][info ][gc,phases      ] GC(7) Concurrent Relocate 1.766ms
[31.384s][debug][gc,heap        ] GC(7) Heap after GC invocations=8 (full 8):
[31.384s][debug][gc,heap        ] GC(7)  ZHeap           used 50M, capacity 686M, max capacity 2048M
[31.384s][debug][gc,heap        ] GC(7)  Metaspace       used 8889K, committed 9216K, reserved 1114112K
[31.384s][debug][gc,heap        ] GC(7)   class space    used 935K, committed 1088K, reserved 1048576K
[31.384s][info ][gc,load        ] GC(7) Load: 4.68/3.34/2.78
[31.384s][info ][gc,mmu         ] GC(7) MMU: 2ms/88.7%, 5ms/95.5%, 10ms/97.7%, 20ms/98.8%, 50ms/99.2%, 100ms/99.5%
[31.384s][info ][gc,marking     ] GC(7) Mark: 1 stripe(s), 2 proactive flush(es), 1 terminate flush(es), 0 completion(s), 0 continuation(s) 
[31.384s][info ][gc,marking     ] GC(7) Mark Stack Usage: 32M
[31.384s][info ][gc,nmethod     ] GC(7) NMethods: 2689 registered, 0 unregistered
[31.384s][info ][gc,metaspace   ] GC(7) Metaspace: 8M used, 9M committed, 1088M reserved
[31.384s][info ][gc,ref         ] GC(7) Soft: 742 encountered, 0 discovered, 0 enqueued
[31.384s][info ][gc,ref         ] GC(7) Weak: 1293 encountered, 569 discovered, 0 enqueued
[31.384s][info ][gc,ref         ] GC(7) Final: 0 encountered, 0 discovered, 0 enqueued
[31.384s][info ][gc,ref         ] GC(7) Phantom: 15 encountered, 10 discovered, 0 enqueued
[31.384s][info ][gc,reloc       ] GC(7) Small Pages: 21 / 42M, Empty: 34M, Relocated: 1M, In-Place: 0
[31.384s][info ][gc,reloc       ] GC(7) Medium Pages: 1 / 32M, Empty: 32M, Relocated: 0M, In-Place: 0
[31.384s][info ][gc,reloc       ] GC(7) Large Pages: 0 / 0M, Empty: 0M, Relocated: 0M, In-Place: 0
[31.384s][info ][gc,reloc       ] GC(7) Forwarding Usage: 0M
[31.384s][info ][gc,heap        ] GC(7) Min Capacity: 8M(0%)
[31.384s][info ][gc,heap        ] GC(7) Max Capacity: 2048M(100%)
[31.384s][info ][gc,heap        ] GC(7) Soft Max Capacity: 2048M(100%)
[31.384s][info ][gc,heap        ] GC(7)                Mark Start          Mark End        Relocate Start      Relocate End           High               Low         
[31.384s][info ][gc,heap        ] GC(7)  Capacity:      686M (33%)         686M (33%)         686M (33%)         686M (33%)         686M (33%)         686M (33%)    
[31.384s][info ][gc,heap        ] GC(7)      Free:     1974M (96%)        1936M (95%)        1996M (97%)        1998M (98%)        1998M (98%)        1930M (94%)    
[31.384s][info ][gc,heap        ] GC(7)      Used:       74M (4%)          112M (5%)           52M (3%)           50M (2%)          118M (6%)           50M (2%)     
[31.384s][info ][gc,heap        ] GC(7)      Live:         -                 5M (0%)            5M (0%)            5M (0%)             -                  -          
[31.384s][info ][gc,heap        ] GC(7) Allocated:         -                38M (2%)           44M (2%)           44M (2%)             -                  -          
[31.384s][info ][gc,heap        ] GC(7)   Garbage:         -                68M (3%)            2M (0%)            0M (0%)             -                  -          
[31.384s][info ][gc,heap        ] GC(7) Reclaimed:         -                  -                66M (3%)           68M (3%)             -                  -          
[31.384s][info ][gc             ] GC(7) Garbage Collection (System.gc()) 74M(4%)->50M(2%)
[31.480s][debug][gc,alloc       ] Allocation Rate: 194.0MB/s, Predicted: 193.5MB/s, Avg: 160.4(+/-23.6)MB/s
[31.481s][debug][gc,director    ] Select GC Workers (Normal), AvoidLongGCWorkers: 0.004, AvoidOOMGCWorkers: 0.006, LastGCWorkers: 1.000, GCWorkers: 0.006
[31.481s][debug][gc,director    ] Rule: Allocation Rate (Dynamic GC Workers), MaxAllocRate: 271.3MB/s (+/-14.7%), Free: 1960MB, GCCPUTime: 0.046, GCDuration: 0.046s, TimeUntilOOM: 6.297s, TimeUntilGC: 6.151s, GCWorkers: 1 -> 1
[31.481s][debug][gc,director    ] Rule: High Usage, Free: 1960MB(95.7%)
[31.481s][debug][gc,director    ] Rule: Proactive, UsedUntilEnabled: 200MB, TimeUntilEnabled: 299.903s
[31.579s][debug][gc,alloc       ] Allocation Rate: 162.0MB/s, Predicted: 196.7MB/s, Avg: 159.6(+/-23.4)MB/s
[31.579s][debug][gc,director    ] Select GC Workers (Normal), AvoidLongGCWorkers: 0.004, AvoidOOMGCWorkers: 0.007, LastGCWorkers: 1.000, GCWorkers: 0.007
[31.579s][debug][gc,director    ] Rule: Allocation Rate (Dynamic GC Workers), MaxAllocRate: 273.8MB/s (+/-14.7%), Free: 1948MB, GCCPUTime: 0.046, GCDuration: 0.046s, TimeUntilOOM: 6.204s, TimeUntilGC: 6.057s, GCWorkers: 1 -> 1
[31.579s][debug][gc,director    ] Rule: High Usage, Free: 1948MB(95.1%)
[31.579s][debug][gc,director    ] Rule: Proactive, UsedUntilEnabled: 188MB, TimeUntilEnabled: 299.805s
[31.678s][debug][gc,alloc       ] Allocation Rate: 174.0MB/s, Predicted: 193.5MB/s, Avg: 164.4(+/-20.8)MB/s
[31.678s][debug][gc,director    ] Select GC Workers (Normal), AvoidLongGCWorkers: 0.004, AvoidOOMGCWorkers: 0.006, LastGCWorkers: 1.000, GCWorkers: 0.006
[31.678s][debug][gc,director    ] Rule: Allocation Rate (Dynamic GC Workers), MaxAllocRate: 262.0MB/s (+/-12.7%), Free: 1936MB, GCCPUTime: 0.046, GCDuration: 0.046s, TimeUntilOOM: 6.557s, TimeUntilGC: 6.411s, GCWorkers: 1 -> 1
[31.678s][debug][gc,director    ] Rule: High Usage, Free: 1936MB(94.5%)
[31.678s][debug][gc,director    ] Rule: Proactive, UsedUntilEnabled: 176MB, TimeUntilEnabled: 299.706s
[31.710s][debug][gc,heap        ] GC(8) Heap before GC invocations=8 (full 8):
[31.710s][debug][gc,heap        ] GC(8)  ZHeap           used 78M, capacity 686M, max capacity 2048M
[31.710s][debug][gc,heap        ] GC(8)  Metaspace       used 8890K, committed 9216K, reserved 1114112K
[31.710s][debug][gc,heap        ] GC(8)   class space    used 935K, committed 1088K, reserved 1048576K
[31.710s][info ][gc,start       ] GC(8) Garbage Collection (System.gc())
[31.710s][info ][gc,task        ] GC(8) Using 1 workers
[31.710s][debug][gc,phases,start] GC(8) Pause Mark Start
[31.710s][debug][gc,marking     ] GC(8) Using 1 mark stripes
[31.710s][debug][gc,marking     ] GC(8) Mark Worker/Stripe Distribution
[31.710s][debug][gc,marking     ] GC(8)   Worker 0(1) -> Stripe 0(1)
[31.710s][info ][gc,phases      ] GC(8) Pause Mark Start 0.174ms
[31.710s][debug][gc,phases,start] GC(8) Concurrent Mark
[31.711s][debug][gc,task        ] GC(8) Executing Task: ZMarkRootsTask, Active Workers: 1
[31.714s][debug][gc,tlab        ] GC(8) TLAB totals: thrds: 3  refills: 143 max: 141 slow allocs: 11 max 11 waste:  1.9% gc: 607656B max: 262000B slow: 105896B max: 105896B
[31.714s][debug][gc,task        ] GC(8) Executing Task: ZMarkTask, Active Workers: 1
[31.730s][info ][gc,phases      ] GC(8) Concurrent Mark 19.510ms
[31.730s][debug][gc,phases,start] GC(8) Pause Mark End
[31.730s][info ][gc,phases      ] GC(8) Pause Mark End 0.040ms
[31.730s][debug][gc,phases,start] GC(8) Concurrent Mark Free
[31.730s][info ][gc,phases      ] GC(8) Concurrent Mark Free 0.023ms
[31.730s][debug][gc,phases,start] GC(8) Concurrent Process Non-Strong References
[31.730s][debug][gc,phases,start] GC(8) Concurrent References Process
[31.730s][debug][gc,task        ] GC(8) Executing Task: ZReferenceProcessorTask, Active Workers: 1
[31.730s][debug][gc,phases      ] GC(8) Concurrent References Process 0.102ms
[31.730s][debug][gc,task        ] GC(8) Executing Task: ZProcessWeakRootsTask, Active Workers: 1
[31.731s][debug][gc,phases,start] GC(8) Concurrent Classes Unlink
[31.731s][debug][gc,phases,start] GC(8) ClassLoaderData
[31.731s][debug][gc,phases      ] GC(8) ClassLoaderData 0.043ms
[31.731s][debug][gc,phases,start] GC(8) Trigger cleanups
[31.731s][debug][gc,phases      ] GC(8) Trigger cleanups 0.011ms
[31.731s][debug][gc,task        ] GC(8) Executing Task: ZNMethodUnlinkTask, Active Workers: 1
[31.735s][debug][gc,phases      ] GC(8) Concurrent Classes Unlink 4.360ms
[31.735s][debug][gc,phases,start] GC(8) Concurrent Classes Purge
[31.735s][debug][gc,task        ] GC(8) Executing Task: ZNMethodPurgeTask, Active Workers: 1
[31.736s][debug][gc,phases      ] GC(8) Concurrent Classes Purge 0.177ms
[31.736s][debug][gc,phases,start] GC(8) Concurrent References Enqueue
[31.736s][debug][gc,phases      ] GC(8) Concurrent References Enqueue 0.014ms
[31.736s][info ][gc,phases      ] GC(8) Concurrent Process Non-Strong References 5.474ms
[31.736s][debug][gc,phases,start] GC(8) Concurrent Reset Relocation Set
[31.736s][info ][gc,phases      ] GC(8) Concurrent Reset Relocation Set 0.016ms
[31.736s][debug][gc,phases,start] GC(8) Concurrent Select Relocation Set
[31.738s][debug][gc,task        ] GC(8) Executing Task: ZRelocationSetInstallTask, Active Workers: 1
[31.738s][info ][gc,phases      ] GC(8) Concurrent Select Relocation Set 2.052ms
[31.738s][debug][gc,phases,start] GC(8) Pause Relocate Start
[31.738s][info ][gc,phases      ] GC(8) Pause Relocate Start 0.024ms
[31.738s][debug][gc,phases,start] GC(8) Concurrent Relocate
[31.738s][debug][gc,task        ] GC(8) Executing Task: ZRelocateTask, Active Workers: 1
[31.740s][info ][gc,phases      ] GC(8) Concurrent Relocate 1.731ms
[31.740s][debug][gc,heap        ] GC(8) Heap after GC invocations=9 (full 9):
[31.740s][debug][gc,heap        ] GC(8)  ZHeap           used 50M, capacity 686M, max capacity 2048M
[31.740s][debug][gc,heap        ] GC(8)  Metaspace       used 8890K, committed 9216K, reserved 1114112K
[31.740s][debug][gc,heap        ] GC(8)   class space    used 935K, committed 1088K, reserved 1048576K
[31.740s][info ][gc,load        ] GC(8) Load: 4.68/3.34/2.78
[31.740s][info ][gc,mmu         ] GC(8) MMU: 2ms/88.7%, 5ms/95.5%, 10ms/97.7%, 20ms/98.8%, 50ms/99.2%, 100ms/99.5%
[31.740s][info ][gc,marking     ] GC(8) Mark: 1 stripe(s), 2 proactive flush(es), 1 terminate flush(es), 0 completion(s), 0 continuation(s) 
[31.740s][info ][gc,marking     ] GC(8) Mark Stack Usage: 32M
[31.740s][info ][gc,nmethod     ] GC(8) NMethods: 2691 registered, 0 unregistered
[31.740s][info ][gc,metaspace   ] GC(8) Metaspace: 8M used, 9M committed, 1088M reserved
[31.740s][info ][gc,ref         ] GC(8) Soft: 742 encountered, 0 discovered, 0 enqueued
[31.740s][info ][gc,ref         ] GC(8) Weak: 1293 encountered, 569 discovered, 0 enqueued
[31.740s][info ][gc,ref         ] GC(8) Final: 0 encountered, 0 discovered, 0 enqueued
[31.740s][info ][gc,ref         ] GC(8) Phantom: 15 encountered, 10 discovered, 0 enqueued
[31.740s][info ][gc,reloc       ] GC(8) Small Pages: 23 / 46M, Empty: 38M, Relocated: 1M, In-Place: 0
[31.740s][info ][gc,reloc       ] GC(8) Medium Pages: 1 / 32M, Empty: 32M, Relocated: 0M, In-Place: 0
[31.740s][info ][gc,reloc       ] GC(8) Large Pages: 0 / 0M, Empty: 0M, Relocated: 0M, In-Place: 0
[31.740s][info ][gc,reloc       ] GC(8) Forwarding Usage: 0M
[31.740s][info ][gc,heap        ] GC(8) Min Capacity: 8M(0%)
[31.740s][info ][gc,heap        ] GC(8) Max Capacity: 2048M(100%)
[31.740s][info ][gc,heap        ] GC(8) Soft Max Capacity: 2048M(100%)
[31.740s][info ][gc,heap        ] GC(8)                Mark Start          Mark End        Relocate Start      Relocate End           High               Low         
[31.740s][info ][gc,heap        ] GC(8)  Capacity:      686M (33%)         686M (33%)         686M (33%)         686M (33%)         686M (33%)         686M (33%)    
[31.740s][info ][gc,heap        ] GC(8)      Free:     1970M (96%)        1926M (94%)        1996M (97%)        1998M (98%)        1998M (98%)        1926M (94%)    
[31.740s][info ][gc,heap        ] GC(8)      Used:       78M (4%)          122M (6%)           52M (3%)           50M (2%)          122M (6%)           50M (2%)     
[31.740s][info ][gc,heap        ] GC(8)      Live:         -                 5M (0%)            5M (0%)            5M (0%)             -                  -          
[31.740s][info ][gc,heap        ] GC(8) Allocated:         -                44M (2%)           44M (2%)           44M (2%)             -                  -          
[31.740s][info ][gc,heap        ] GC(8)   Garbage:         -                72M (4%)            2M (0%)            0M (0%)             -                  -          
[31.740s][info ][gc,heap        ] GC(8) Reclaimed:         -                  -                70M (3%)           72M (4%)             -                  -          
[31.740s][info ][gc             ] GC(8) Garbage Collection (System.gc()) 78M(4%)->50M(2%)
[31.778s][debug][gc,alloc       ] Allocation Rate: 210.0MB/s, Predicted: 204.7MB/s, Avg: 171.6(+/-22.8)MB/s
[31.778s][debug][gc,director    ] Select GC Workers (Normal), AvoidLongGCWorkers: 0.003, AvoidOOMGCWorkers: 0.006, LastGCWorkers: 1.000, GCWorkers: 0.006
[31.779s][debug][gc,director    ] Rule: Allocation Rate (Dynamic GC Workers), MaxAllocRate: 279.7MB/s (+/-13.3%), Free: 1960MB, GCCPUTime: 0.039, GCDuration: 0.039s, TimeUntilOOM: 6.184s, TimeUntilGC: 6.045s, GCWorkers: 1 -> 1
[31.779s][debug][gc,director    ] Rule: High Usage, Free: 1960MB(95.7%)
[31.779s][debug][gc,director    ] Rule: Proactive, UsedUntilEnabled: 200MB, TimeUntilEnabled: 299.961s
[31.878s][debug][gc,alloc       ] Allocation Rate: 210.0MB/s, Predicted: 211.1MB/s, Avg: 178.8(+/-22.4)MB/s
[31.878s][debug][gc,director    ] Select GC Workers (Normal), AvoidLongGCWorkers: 0.003, AvoidOOMGCWorkers: 0.006, LastGCWorkers: 1.000, GCWorkers: 0.006
[31.878s][debug][gc,director    ] Rule: Allocation Rate (Dynamic GC Workers), MaxAllocRate: 284.9MB/s (+/-12.5%), Free: 1948MB, GCCPUTime: 0.039, GCDuration: 0.039s, TimeUntilOOM: 6.075s, TimeUntilGC: 5.936s, GCWorkers: 1 -> 1
[31.878s][debug][gc,director    ] Rule: High Usage, Free: 1948MB(95.1%)
[31.878s][debug][gc,director    ] Rule: Proactive, UsedUntilEnabled: 188MB, TimeUntilEnabled: 299.861s
[31.977s][debug][gc,alloc       ] Allocation Rate: 210.0MB/s, Predicted: 212.1MB/s, Avg: 186.2(+/-19.0)MB/s
[31.977s][debug][gc,director    ] Select GC Workers (Normal), AvoidLongGCWorkers: 0.003, AvoidOOMGCWorkers: 0.005, LastGCWorkers: 1.000, GCWorkers: 0.005
[31.977s][debug][gc,director    ] Rule: Allocation Rate (Dynamic GC Workers), MaxAllocRate: 274.8MB/s (+/-10.2%), Free: 1938MB, GCCPUTime: 0.039, GCDuration: 0.039s, TimeUntilOOM: 6.398s, TimeUntilGC: 6.259s, GCWorkers: 1 -> 1
[31.977s][debug][gc,director    ] Rule: High Usage, Free: 1938MB(94.6%)
[31.977s][debug][gc,director    ] Rule: Proactive, UsedUntilEnabled: 178MB, TimeUntilEnabled: 299.762s
[32.079s][debug][gc,alloc       ] Allocation Rate: 178.0MB/s, Predicted: 204.0MB/s, Avg: 187.2(+/-18.3)MB/s
[32.079s][debug][gc,director    ] Select GC Workers (Normal), AvoidLongGCWorkers: 0.003, AvoidOOMGCWorkers: 0.005, LastGCWorkers: 1.000, GCWorkers: 0.005
[32.079s][debug][gc,director    ] Rule: Allocation Rate (Dynamic GC Workers), MaxAllocRate: 264.3MB/s (+/-9.8%), Free: 1926MB, GCCPUTime: 0.039, GCDuration: 0.039s, TimeUntilOOM: 6.639s, TimeUntilGC: 6.500s, GCWorkers: 1 -> 1
[32.079s][debug][gc,director    ] Rule: High Usage, Free: 1926MB(94.0%)
[32.079s][debug][gc,director    ] Rule: Proactive, UsedUntilEnabled: 166MB, TimeUntilEnabled: 299.660s
[32.182s][debug][gc,alloc       ] Allocation Rate: 178.0MB/s, Predicted: 195.2MB/s, Avg: 188.2(+/-17.5)MB/s
[32.182s][debug][gc,director    ] Select GC Workers (Normal), AvoidLongGCWorkers: 0.003, AvoidOOMGCWorkers: 0.005, LastGCWorkers: 1.000, GCWorkers: 0.005
[32.182s][debug][gc,director    ] Rule: Allocation Rate (Dynamic GC Workers), MaxAllocRate: 252.8MB/s (+/-9.3%), Free: 1914MB, GCCPUTime: 0.039, GCDuration: 0.039s, TimeUntilOOM: 6.929s, TimeUntilGC: 6.789s, GCWorkers: 1 -> 1
[32.182s][debug][gc,director    ] Rule: High Usage, Free: 1914MB(93.5%)
[32.182s][debug][gc,director    ] Rule: Proactive, UsedUntilEnabled: 154MB, TimeUntilEnabled: 299.558s
[32.279s][debug][gc,alloc       ] Allocation Rate: 178.0MB/s, Predicted: 185.7MB/s, Avg: 189.2(+/-16.6)MB/s
[32.279s][debug][gc,director    ] Select GC Workers (Normal), AvoidLongGCWorkers: 0.003, AvoidOOMGCWorkers: 0.005, LastGCWorkers: 1.000, GCWorkers: 0.005
[32.280s][debug][gc,director    ] Rule: Allocation Rate (Dynamic GC Workers), MaxAllocRate: 243.7MB/s (+/-8.8%), Free: 1902MB, GCCPUTime: 0.039, GCDuration: 0.039s, TimeUntilOOM: 7.176s, TimeUntilGC: 7.036s, GCWorkers: 1 -> 1
[32.280s][debug][gc,director    ] Rule: High Usage, Free: 1902MB(92.9%)
[32.280s][debug][gc,director    ] Rule: Proactive, UsedUntilEnabled: 142MB, TimeUntilEnabled: 299.460s
[32.379s][debug][gc,alloc       ] Allocation Rate: 148.0MB/s, Predicted: 171.6MB/s, Avg: 184.2(+/-20.3)MB/s
[32.379s][debug][gc,director    ] Select GC Workers (Normal), AvoidLongGCWorkers: 0.003, AvoidOOMGCWorkers: 0.005, LastGCWorkers: 1.000, GCWorkers: 0.005
[32.379s][debug][gc,director    ] Rule: Allocation Rate (Dynamic GC Workers), MaxAllocRate: 251.0MB/s (+/-11.0%), Free: 1890MB, GCCPUTime: 0.039, GCDuration: 0.039s, TimeUntilOOM: 6.784s, TimeUntilGC: 6.645s, GCWorkers: 1 -> 1
[32.379s][debug][gc,director    ] Rule: High Usage, Free: 1890MB(92.3%)
[32.379s][debug][gc,director    ] Rule: Proactive, UsedUntilEnabled: 130MB, TimeUntilEnabled: 299.360s
[32.484s][debug][gc,alloc       ] Allocation Rate: 142.0MB/s, Predicted: 157.3MB/s, Avg: 179.0(+/-23.5)MB/s
[32.485s][debug][gc,director    ] Select GC Workers (Normal), AvoidLongGCWorkers: 0.003, AvoidOOMGCWorkers: 0.005, LastGCWorkers: 1.000, GCWorkers: 0.005
[32.485s][debug][gc,director    ] Rule: Allocation Rate (Dynamic GC Workers), MaxAllocRate: 256.4MB/s (+/-13.1%), Free: 1890MB, GCCPUTime: 0.039, GCDuration: 0.039s, TimeUntilOOM: 6.516s, TimeUntilGC: 6.377s, GCWorkers: 1 -> 1
[32.485s][debug][gc,director    ] Rule: High Usage, Free: 1890MB(92.3%)
[32.485s][debug][gc,director    ] Rule: Proactive, UsedUntilEnabled: 130MB, TimeUntilEnabled: 299.255s
[32.582s][debug][gc,alloc       ] Allocation Rate: 142.0MB/s, Predicted: 138.0MB/s, Avg: 177.0(+/-25.6)MB/s
[32.582s][debug][gc,director    ] Select GC Workers (Normal), AvoidLongGCWorkers: 0.003, AvoidOOMGCWorkers: 0.005, LastGCWorkers: 1.000, GCWorkers: 0.005
[32.582s][debug][gc,director    ] Rule: Allocation Rate (Dynamic GC Workers), MaxAllocRate: 261.3MB/s (+/-14.5%), Free: 1878MB, GCCPUTime: 0.039, GCDuration: 0.039s, TimeUntilOOM: 6.277s, TimeUntilGC: 6.138s, GCWorkers: 1 -> 1
[32.582s][debug][gc,director    ] Rule: High Usage, Free: 1878MB(91.7%)
[32.582s][debug][gc,director    ] Rule: Proactive, UsedUntilEnabled: 118MB, TimeUntilEnabled: 299.157s
[32.679s][debug][gc,alloc       ] Allocation Rate: 174.0MB/s, Predicted: 136.0MB/s, Avg: 177.0(+/-25.6)MB/s
[32.679s][debug][gc,director    ] Select GC Workers (Normal), AvoidLongGCWorkers: 0.003, AvoidOOMGCWorkers: 0.006, LastGCWorkers: 1.000, GCWorkers: 0.006
[32.679s][debug][gc,director    ] Rule: Allocation Rate (Dynamic GC Workers), MaxAllocRate: 261.3MB/s (+/-14.5%), Free: 1834MB, GCCPUTime: 0.039, GCDuration: 0.039s, TimeUntilOOM: 6.130s, TimeUntilGC: 5.991s, GCWorkers: 1 -> 1
[32.679s][debug][gc,director    ] Rule: High Usage, Free: 1834MB(89.6%)
[32.680s][debug][gc,director    ] Rule: Proactive, UsedUntilEnabled: 74MB, TimeUntilEnabled: 299.060s
[32.784s][debug][gc,alloc       ] Allocation Rate: 138.0MB/s, Predicted: 129.2MB/s, Avg: 169.8(+/-25.5)MB/s
[32.784s][debug][gc,director    ] Select GC Workers (Normal), AvoidLongGCWorkers: 0.003, AvoidOOMGCWorkers: 0.006, LastGCWorkers: 1.000, GCWorkers: 0.006
[32.785s][debug][gc,director    ] Rule: Allocation Rate (Dynamic GC Workers), MaxAllocRate: 253.6MB/s (+/-15.0%), Free: 1822MB, GCCPUTime: 0.039, GCDuration: 0.039s, TimeUntilOOM: 6.248s, TimeUntilGC: 6.109s, GCWorkers: 1 -> 1
[32.785s][debug][gc,director    ] Rule: High Usage, Free: 1822MB(89.0%)
[32.785s][debug][gc,director    ] Rule: Proactive, UsedUntilEnabled: 62MB, TimeUntilEnabled: 298.955s
[32.881s][debug][gc,alloc       ] Allocation Rate: 138.0MB/s, Predicted: 127.2MB/s, Avg: 162.6(+/-23.2)MB/s
[32.881s][debug][gc,director    ] Select GC Workers (Normal), AvoidLongGCWorkers: 0.003, AvoidOOMGCWorkers: 0.005, LastGCWorkers: 1.000, GCWorkers: 0.005
[32.881s][debug][gc,director    ] Rule: Allocation Rate (Dynamic GC Workers), MaxAllocRate: 238.8MB/s (+/-14.2%), Free: 1810MB, GCCPUTime: 0.039, GCDuration: 0.039s, TimeUntilOOM: 6.635s, TimeUntilGC: 6.496s, GCWorkers: 1 -> 1
[32.881s][debug][gc,director    ] Rule: High Usage, Free: 1810MB(88.4%)
[32.881s][debug][gc,director    ] Rule: Proactive, UsedUntilEnabled: 50MB, TimeUntilEnabled: 298.858s
[32.980s][debug][gc,alloc       ] Allocation Rate: 140.0MB/s, Predicted: 130.8MB/s, Avg: 155.6(+/-17.7)MB/s
[32.980s][debug][gc,director    ] Select GC Workers (Normal), AvoidLongGCWorkers: 0.003, AvoidOOMGCWorkers: 0.005, LastGCWorkers: 1.000, GCWorkers: 0.005
[32.980s][debug][gc,director    ] Rule: Allocation Rate (Dynamic GC Workers), MaxAllocRate: 213.9MB/s (+/-11.4%), Free: 1798MB, GCCPUTime: 0.039, GCDuration: 0.039s, TimeUntilOOM: 7.549s, TimeUntilGC: 7.409s, GCWorkers: 1 -> 1
[32.980s][debug][gc,director    ] Rule: High Usage, Free: 1798MB(87.8%)
[32.980s][debug][gc,director    ] Rule: Proactive, UsedUntilEnabled: 38MB, TimeUntilEnabled: 298.759s
[33.081s][debug][gc,alloc       ] Allocation Rate: 138.0MB/s, Predicted: 129.7MB/s, Avg: 151.6(+/-16.7)MB/s
[33.081s][debug][gc,director    ] Select GC Workers (Normal), AvoidLongGCWorkers: 0.003, AvoidOOMGCWorkers: 0.004, LastGCWorkers: 1.000, GCWorkers: 0.004
[33.081s][debug][gc,director    ] Rule: Allocation Rate (Dynamic GC Workers), MaxAllocRate: 206.5MB/s (+/-11.0%), Free: 1788MB, GCCPUTime: 0.039, GCDuration: 0.039s, TimeUntilOOM: 7.801s, TimeUntilGC: 7.662s, GCWorkers: 1 -> 1
[33.081s][debug][gc,director    ] Rule: High Usage, Free: 1788MB(87.3%)
[33.081s][debug][gc,director    ] Rule: Proactive, UsedUntilEnabled: 28MB, TimeUntilEnabled: 298.658s
[33.177s][debug][gc,alloc       ] Allocation Rate: 138.0MB/s, Predicted: 131.3MB/s, Avg: 147.6(+/-14.5)MB/s
[33.178s][debug][gc,director    ] Select GC Workers (Normal), AvoidLongGCWorkers: 0.003, AvoidOOMGCWorkers: 0.004, LastGCWorkers: 1.000, GCWorkers: 0.004
[33.178s][debug][gc,director    ] Rule: Allocation Rate (Dynamic GC Workers), MaxAllocRate: 195.4MB/s (+/-9.8%), Free: 1776MB, GCCPUTime: 0.039, GCDuration: 0.039s, TimeUntilOOM: 8.275s, TimeUntilGC: 8.135s, GCWorkers: 1 -> 1
[33.178s][debug][gc,director    ] Rule: High Usage, Free: 1776MB(86.7%)
[33.178s][debug][gc,director    ] Rule: Proactive, UsedUntilEnabled: 16MB, TimeUntilEnabled: 298.562s
[33.278s][debug][gc,alloc       ] Allocation Rate: 132.0MB/s, Predicted: 133.2MB/s, Avg: 143.0(+/-11.0)MB/s
[33.278s][debug][gc,director    ] Select GC Workers (Normal), AvoidLongGCWorkers: 0.003, AvoidOOMGCWorkers: 0.004, LastGCWorkers: 1.000, GCWorkers: 0.004
[33.278s][debug][gc,director    ] Rule: Allocation Rate (Dynamic GC Workers), MaxAllocRate: 179.3MB/s (+/-7.7%), Free: 1768MB, GCCPUTime: 0.039, GCDuration: 0.039s, TimeUntilOOM: 9.153s, TimeUntilGC: 9.014s, GCWorkers: 1 -> 1
[33.279s][debug][gc,director    ] Rule: High Usage, Free: 1768MB(86.3%)
[33.279s][debug][gc,director    ] Rule: Proactive, UsedUntilEnabled: 8MB, TimeUntilEnabled: 298.461s
[33.380s][debug][gc,alloc       ] Allocation Rate: 126.0MB/s, Predicted: 127.7MB/s, Avg: 140.8(+/-12.0)MB/s
[33.380s][debug][gc,director    ] Select GC Workers (Normal), AvoidLongGCWorkers: 0.003, AvoidOOMGCWorkers: 0.004, LastGCWorkers: 1.000, GCWorkers: 0.004
[33.380s][debug][gc,director    ] Rule: Allocation Rate (Dynamic GC Workers), MaxAllocRate: 180.2MB/s (+/-8.5%), Free: 1764MB, GCCPUTime: 0.039, GCDuration: 0.039s, TimeUntilOOM: 9.022s, TimeUntilGC: 8.883s, GCWorkers: 1 -> 1
[33.380s][debug][gc,director    ] Rule: High Usage, Free: 1764MB(86.1%)
[33.380s][debug][gc,director    ] Rule: Proactive, UsedUntilEnabled: 4MB, TimeUntilEnabled: 298.360s
[33.480s][debug][gc,alloc       ] Allocation Rate: 138.0MB/s, Predicted: 126.9MB/s, Avg: 140.4(+/-12.0)MB/s
[33.481s][debug][gc,director    ] Select GC Workers (Normal), AvoidLongGCWorkers: 0.003, AvoidOOMGCWorkers: 0.004, LastGCWorkers: 1.000, GCWorkers: 0.004
[33.481s][debug][gc,director    ] Rule: Allocation Rate (Dynamic GC Workers), MaxAllocRate: 179.9MB/s (+/-8.5%), Free: 1752MB, GCCPUTime: 0.039, GCDuration: 0.039s, TimeUntilOOM: 8.974s, TimeUntilGC: 8.835s, GCWorkers: 1 -> 1
[33.481s][debug][gc,director    ] Rule: High Usage, Free: 1752MB(85.5%)
[33.481s][debug][gc,director    ] Rule: Proactive, AcceptableGCInterval: 1.923s, TimeSinceLastGC: 1.741s, TimeUntilGC: 0.182s
[33.581s][debug][gc,alloc       ] Allocation Rate: 170.0MB/s, Predicted: 139.2MB/s, Avg: 143.2(+/-14.9)MB/s
[33.581s][debug][gc,director    ] Select GC Workers (Normal), AvoidLongGCWorkers: 0.003, AvoidOOMGCWorkers: 0.004, LastGCWorkers: 1.000, GCWorkers: 0.004
[33.581s][debug][gc,director    ] Rule: Allocation Rate (Dynamic GC Workers), MaxAllocRate: 192.4MB/s (+/-10.4%), Free: 1708MB, GCCPUTime: 0.039, GCDuration: 0.039s, TimeUntilOOM: 8.039s, TimeUntilGC: 7.900s, GCWorkers: 1 -> 1
[33.581s][debug][gc,director    ] Rule: High Usage, Free: 1708MB(83.4%)
[33.581s][debug][gc,director    ] Rule: Proactive, AcceptableGCInterval: 1.923s, TimeSinceLastGC: 1.841s, TimeUntilGC: 0.082s
[33.681s][debug][gc,alloc       ] Allocation Rate: 138.0MB/s, Predicted: 145.3MB/s, Avg: 139.6(+/-10.9)MB/s
[33.681s][debug][gc,director    ] Select GC Workers (Normal), AvoidLongGCWorkers: 0.003, AvoidOOMGCWorkers: 0.004, LastGCWorkers: 1.000, GCWorkers: 0.004
[33.681s][debug][gc,director    ] Rule: Allocation Rate (Dynamic GC Workers), MaxAllocRate: 181.1MB/s (+/-7.8%), Free: 1696MB, GCCPUTime: 0.039, GCDuration: 0.039s, TimeUntilOOM: 8.688s, TimeUntilGC: 8.548s, GCWorkers: 1 -> 1
[33.681s][debug][gc,director    ] Rule: High Usage, Free: 1696MB(82.8%)
[33.681s][debug][gc,director    ] Rule: Proactive, AcceptableGCInterval: 1.923s, TimeSinceLastGC: 1.941s, TimeUntilGC: -0.018s
[33.681s][debug][gc,heap        ] GC(9) Heap before GC invocations=9 (full 9):
[33.681s][debug][gc,heap        ] GC(9)  ZHeap           used 318M, capacity 686M, max capacity 2048M
[33.681s][debug][gc,heap        ] GC(9)  Metaspace       used 8895K, committed 9216K, reserved 1114112K
[33.681s][debug][gc,heap        ] GC(9)   class space    used 935K, committed 1088K, reserved 1048576K
[33.681s][info ][gc,start       ] GC(9) Garbage Collection (Proactive)
[33.681s][info ][gc,task        ] GC(9) Using 1 workers
[33.681s][debug][gc,phases,start] GC(9) Pause Mark Start
[33.681s][debug][gc,marking     ] GC(9) Using 1 mark stripes
[33.681s][debug][gc,marking     ] GC(9) Mark Worker/Stripe Distribution
[33.681s][debug][gc,marking     ] GC(9)   Worker 0(1) -> Stripe 0(1)
[33.681s][info ][gc,phases      ] GC(9) Pause Mark Start 0.150ms
[33.682s][debug][gc,phases,start] GC(9) Concurrent Mark
[33.682s][debug][gc,task        ] GC(9) Executing Task: ZMarkRootsTask, Active Workers: 1
[33.685s][debug][gc,tlab        ] GC(9) TLAB totals: thrds: 4  refills: 849 max: 846 slow allocs: 56 max 56 waste:  0.8% gc: 638128B max: 260704B slow: 1131264B max: 1131264B
[33.685s][debug][gc,task        ] GC(9) Executing Task: ZMarkTask, Active Workers: 1
[33.702s][info ][gc,phases      ] GC(9) Concurrent Mark 20.716ms
[33.702s][debug][gc,phases,start] GC(9) Pause Mark End
[33.702s][info ][gc,phases      ] GC(9) Pause Mark End 0.043ms
[33.702s][debug][gc,phases,start] GC(9) Concurrent Mark Free
[33.702s][info ][gc,phases      ] GC(9) Concurrent Mark Free 0.014ms
[33.703s][debug][gc,phases,start] GC(9) Concurrent Process Non-Strong References
[33.703s][debug][gc,phases,start] GC(9) Concurrent References Process
[33.703s][debug][gc,task        ] GC(9) Executing Task: ZReferenceProcessorTask, Active Workers: 1
[33.703s][debug][gc,phases      ] GC(9) Concurrent References Process 0.106ms
[33.703s][debug][gc,task        ] GC(9) Executing Task: ZProcessWeakRootsTask, Active Workers: 1
[33.703s][debug][gc,phases,start] GC(9) Concurrent Classes Unlink
[33.703s][debug][gc,phases,start] GC(9) ClassLoaderData
[33.703s][debug][gc,phases      ] GC(9) ClassLoaderData 0.042ms
[33.703s][debug][gc,phases,start] GC(9) Trigger cleanups
[33.703s][debug][gc,phases      ] GC(9) Trigger cleanups 0.010ms
[33.703s][debug][gc,task        ] GC(9) Executing Task: ZNMethodUnlinkTask, Active Workers: 1
[33.709s][debug][gc,phases      ] GC(9) Concurrent Classes Unlink 5.696ms
[33.709s][debug][gc,phases,start] GC(9) Concurrent Classes Purge
[33.709s][debug][gc,task        ] GC(9) Executing Task: ZNMethodPurgeTask, Active Workers: 1
[33.709s][debug][gc,phases      ] GC(9) Concurrent Classes Purge 0.242ms
[33.709s][debug][gc,phases,start] GC(9) Concurrent References Enqueue
[33.709s][debug][gc,phases      ] GC(9) Concurrent References Enqueue 0.012ms
[33.709s][info ][gc,phases      ] GC(9) Concurrent Process Non-Strong References 6.947ms
[33.709s][debug][gc,phases,start] GC(9) Concurrent Reset Relocation Set
[33.709s][info ][gc,phases      ] GC(9) Concurrent Reset Relocation Set 0.012ms
[33.710s][debug][gc,phases,start] GC(9) Concurrent Select Relocation Set
[33.711s][debug][gc,task        ] GC(9) Executing Task: ZRelocationSetInstallTask, Active Workers: 1
[33.711s][info ][gc,phases      ] GC(9) Concurrent Select Relocation Set 1.816ms
[33.711s][debug][gc,phases,start] GC(9) Pause Relocate Start
[33.711s][info ][gc,phases      ] GC(9) Pause Relocate Start 0.023ms
[33.711s][debug][gc,phases,start] GC(9) Concurrent Relocate
[33.711s][debug][gc,task        ] GC(9) Executing Task: ZRelocateTask, Active Workers: 1
[33.713s][info ][gc,phases      ] GC(9) Concurrent Relocate 1.957ms
[33.713s][debug][gc,heap        ] GC(9) Heap after GC invocations=10 (full 10):
[33.714s][debug][gc,heap        ] GC(9)  ZHeap           used 8M, capacity 686M, max capacity 2048M
[33.714s][debug][gc,heap        ] GC(9)  Metaspace       used 8895K, committed 9216K, reserved 1114112K
[33.714s][debug][gc,heap        ] GC(9)   class space    used 935K, committed 1088K, reserved 1048576K
[33.714s][info ][gc,load        ] GC(9) Load: 4.68/3.34/2.78
[33.714s][info ][gc,mmu         ] GC(9) MMU: 2ms/88.7%, 5ms/95.5%, 10ms/97.7%, 20ms/98.8%, 50ms/99.2%, 100ms/99.5%
[33.714s][info ][gc,marking     ] GC(9) Mark: 1 stripe(s), 2 proactive flush(es), 1 terminate flush(es), 0 completion(s), 0 continuation(s) 
[33.714s][info ][gc,marking     ] GC(9) Mark Stack Usage: 32M
[33.714s][info ][gc,nmethod     ] GC(9) NMethods: 2700 registered, 0 unregistered
[33.714s][info ][gc,metaspace   ] GC(9) Metaspace: 8M used, 9M committed, 1088M reserved
[33.714s][info ][gc,ref         ] GC(9) Soft: 742 encountered, 0 discovered, 0 enqueued
[33.714s][info ][gc,ref         ] GC(9) Weak: 1293 encountered, 612 discovered, 0 enqueued
[33.714s][info ][gc,ref         ] GC(9) Final: 0 encountered, 0 discovered, 0 enqueued
[33.714s][info ][gc,ref         ] GC(9) Phantom: 15 encountered, 9 discovered, 0 enqueued
[33.714s][info ][gc,reloc       ] GC(9) Small Pages: 111 / 222M, Empty: 214M, Relocated: 1M, In-Place: 0
[33.714s][info ][gc,reloc       ] GC(9) Medium Pages: 3 / 96M, Empty: 96M, Relocated: 0M, In-Place: 0
[33.714s][info ][gc,reloc       ] GC(9) Large Pages: 0 / 0M, Empty: 0M, Relocated: 0M, In-Place: 0
[33.714s][info ][gc,reloc       ] GC(9) Forwarding Usage: 0M
[33.714s][info ][gc,heap        ] GC(9) Min Capacity: 8M(0%)
[33.714s][info ][gc,heap        ] GC(9) Max Capacity: 2048M(100%)
[33.714s][info ][gc,heap        ] GC(9) Soft Max Capacity: 2048M(100%)
[33.714s][info ][gc,heap        ] GC(9)                Mark Start          Mark End        Relocate Start      Relocate End           High               Low         
[33.714s][info ][gc,heap        ] GC(9)  Capacity:      686M (33%)         686M (33%)         686M (33%)         686M (33%)         686M (33%)         686M (33%)    
[33.714s][info ][gc,heap        ] GC(9)      Free:     1730M (84%)        1730M (84%)        2040M (100%)       2040M (100%)       2040M (100%)       1730M (84%)    
[33.714s][info ][gc,heap        ] GC(9)      Used:      318M (16%)         318M (16%)           8M (0%)            8M (0%)          318M (16%)           8M (0%)     
[33.714s][info ][gc,heap        ] GC(9)      Live:         -                 5M (0%)            5M (0%)            5M (0%)             -                  -          
[33.714s][info ][gc,heap        ] GC(9) Allocated:         -                 0M (0%)            0M (0%)            1M (0%)             -                  -          
[33.714s][info ][gc,heap        ] GC(9)   Garbage:         -               312M (15%)           2M (0%)            0M (0%)             -                  -          
[33.714s][info ][gc,heap        ] GC(9) Reclaimed:         -                  -               310M (15%)         311M (15%)            -                  -          
[33.714s][info ][gc             ] GC(9) Garbage Collection (Proactive) 318M(16%)->8M(0%)
[33.781s][debug][gc,alloc       ] Allocation Rate: 170.0MB/s, Predicted: 157.1MB/s, Avg: 142.8(+/-14.1)MB/s
[33.781s][debug][gc,director    ] Select GC Workers (Normal), AvoidLongGCWorkers: 0.003, AvoidOOMGCWorkers: 0.004, LastGCWorkers: 1.000, GCWorkers: 0.004
[33.781s][debug][gc,director    ] Rule: Allocation Rate (Dynamic GC Workers), MaxAllocRate: 203.6MB/s (+/-9.9%), Free: 1964MB, GCCPUTime: 0.039, GCDuration: 0.039s, TimeUntilOOM: 8.776s, TimeUntilGC: 8.637s, GCWorkers: 1 -> 1
[33.781s][debug][gc,director    ] Rule: High Usage, Free: 1964MB(95.9%)
[33.781s][debug][gc,director    ] Rule: Proactive, UsedUntilEnabled: 162MB, TimeUntilEnabled: 299.933s
[33.882s][debug][gc,alloc       ] Allocation Rate: 174.0MB/s, Predicted: 168.3MB/s, Avg: 146.4(+/-16.8)MB/s
[33.882s][debug][gc,director    ] Select GC Workers (Normal), AvoidLongGCWorkers: 0.003, AvoidOOMGCWorkers: 0.004, LastGCWorkers: 1.000, GCWorkers: 0.004
[33.882s][debug][gc,director    ] Rule: Allocation Rate (Dynamic GC Workers), MaxAllocRate: 223.5MB/s (+/-11.5%), Free: 1948MB, GCCPUTime: 0.039, GCDuration: 0.039s, TimeUntilOOM: 7.817s, TimeUntilGC: 7.678s, GCWorkers: 1 -> 1
[33.882s][debug][gc,director    ] Rule: High Usage, Free: 1948MB(95.1%)
[33.882s][debug][gc,director    ] Rule: Proactive, UsedUntilEnabled: 146MB, TimeUntilEnabled: 299.831s
[33.980s][debug][gc,alloc       ] Allocation Rate: 172.0MB/s, Predicted: 176.8MB/s, Avg: 149.6(+/-18.3)MB/s
[33.980s][debug][gc,director    ] Select GC Workers (Normal), AvoidLongGCWorkers: 0.003, AvoidOOMGCWorkers: 0.005, LastGCWorkers: 1.000, GCWorkers: 0.005
[33.980s][debug][gc,director    ] Rule: Allocation Rate (Dynamic GC Workers), MaxAllocRate: 236.9MB/s (+/-12.2%), Free: 1938MB, GCCPUTime: 0.039, GCDuration: 0.039s, TimeUntilOOM: 7.291s, TimeUntilGC: 7.152s, GCWorkers: 1 -> 1
[33.981s][debug][gc,director    ] Rule: High Usage, Free: 1938MB(94.6%)
[33.981s][debug][gc,director    ] Rule: Proactive, UsedUntilEnabled: 136MB, TimeUntilEnabled: 299.733s
[34.078s][debug][gc,alloc       ] Allocation Rate: 174.0MB/s, Predicted: 183.5MB/s, Avg: 153.2(+/-19.1)MB/s
[34.078s][debug][gc,director    ] Select GC Workers (Normal), AvoidLongGCWorkers: 0.003, AvoidOOMGCWorkers: 0.005, LastGCWorkers: 1.000, GCWorkers: 0.005
[34.078s][debug][gc,director    ] Rule: Allocation Rate (Dynamic GC Workers), MaxAllocRate: 246.5MB/s (+/-12.5%), Free: 1926MB, GCCPUTime: 0.039, GCDuration: 0.039s, TimeUntilOOM: 6.946s, TimeUntilGC: 6.808s, GCWorkers: 1 -> 1
[34.078s][debug][gc,director    ] Rule: High Usage, Free: 1926MB(94.0%)
[34.078s][debug][gc,director    ] Rule: Proactive, UsedUntilEnabled: 124MB, TimeUntilEnabled: 299.636s
[34.179s][debug][gc,alloc       ] Allocation Rate: 174.0MB/s, Predicted: 187.7MB/s, Avg: 156.8(+/-19.3)MB/s
[34.179s][debug][gc,director    ] Select GC Workers (Normal), AvoidLongGCWorkers: 0.003, AvoidOOMGCWorkers: 0.005, LastGCWorkers: 1.000, GCWorkers: 0.005
[34.179s][debug][gc,director    ] Rule: Allocation Rate (Dynamic GC Workers), MaxAllocRate: 251.3MB/s (+/-12.3%), Free: 1914MB, GCCPUTime: 0.039, GCDuration: 0.039s, TimeUntilOOM: 6.779s, TimeUntilGC: 6.640s, GCWorkers: 1 -> 1
[34.179s][debug][gc,director    ] Rule: High Usage, Free: 1914MB(93.5%)
[34.179s][debug][gc,director    ] Rule: Proactive, UsedUntilEnabled: 112MB, TimeUntilEnabled: 299.534s
[34.284s][debug][gc,alloc       ] Allocation Rate: 168.0MB/s, Predicted: 185.6MB/s, Avg: 160.4(+/-17.7)MB/s
[34.284s][debug][gc,director    ] Select GC Workers (Normal), AvoidLongGCWorkers: 0.003, AvoidOOMGCWorkers: 0.005, LastGCWorkers: 1.000, GCWorkers: 0.005
[34.284s][debug][gc,director    ] Rule: Allocation Rate (Dynamic GC Workers), MaxAllocRate: 243.7MB/s (+/-11.0%), Free: 1914MB, GCCPUTime: 0.039, GCDuration: 0.039s, TimeUntilOOM: 7.075s, TimeUntilGC: 6.936s, GCWorkers: 1 -> 1
[34.284s][debug][gc,director    ] Rule: High Usage, Free: 1914MB(93.5%)
[34.284s][debug][gc,director    ] Rule: Proactive, UsedUntilEnabled: 112MB, TimeUntilEnabled: 299.429s
[34.385s][debug][gc,alloc       ] Allocation Rate: 174.0MB/s, Predicted: 181.9MB/s, Avg: 165.2(+/-13.7)MB/s
[34.385s][debug][gc,director    ] Select GC Workers (Normal), AvoidLongGCWorkers: 0.003, AvoidOOMGCWorkers: 0.004, LastGCWorkers: 1.000, GCWorkers: 0.004
[34.385s][debug][gc,director    ] Rule: Allocation Rate (Dynamic GC Workers), MaxAllocRate: 227.1MB/s (+/-8.3%), Free: 1902MB, GCCPUTime: 0.039, GCDuration: 0.039s, TimeUntilOOM: 7.732s, TimeUntilGC: 7.593s, GCWorkers: 1 -> 1
[34.385s][debug][gc,director    ] Rule: High Usage, Free: 1902MB(92.9%)
[34.385s][debug][gc,director    ] Rule: Proactive, UsedUntilEnabled: 100MB, TimeUntilEnabled: 299.329s
[34.485s][debug][gc,alloc       ] Allocation Rate: 174.0MB/s, Predicted: 178.1MB/s, Avg: 168.8(+/-10.5)MB/s
[34.485s][debug][gc,director    ] Select GC Workers (Normal), AvoidLongGCWorkers: 0.003, AvoidOOMGCWorkers: 0.004, LastGCWorkers: 1.000, GCWorkers: 0.004
[34.485s][debug][gc,director    ] Rule: Allocation Rate (Dynamic GC Workers), MaxAllocRate: 212.6MB/s (+/-6.2%), Free: 1890MB, GCCPUTime: 0.039, GCDuration: 0.039s, TimeUntilOOM: 8.370s, TimeUntilGC: 8.231s, GCWorkers: 1 -> 1
[34.485s][debug][gc,director    ] Rule: High Usage, Free: 1890MB(92.3%)
[34.485s][debug][gc,director    ] Rule: Proactive, UsedUntilEnabled: 88MB, TimeUntilEnabled: 299.228s
[34.584s][debug][gc,alloc       ] Allocation Rate: 142.0MB/s, Predicted: 167.7MB/s, Avg: 166.0(+/-13.2)MB/s
[34.584s][debug][gc,director    ] Select GC Workers (Normal), AvoidLongGCWorkers: 0.003, AvoidOOMGCWorkers: 0.004, LastGCWorkers: 1.000, GCWorkers: 0.004
[34.584s][debug][gc,director    ] Rule: Allocation Rate (Dynamic GC Workers), MaxAllocRate: 211.1MB/s (+/-7.9%), Free: 1878MB, GCCPUTime: 0.039, GCDuration: 0.039s, TimeUntilOOM: 8.243s, TimeUntilGC: 8.104s, GCWorkers: 1 -> 1
[34.584s][debug][gc,director    ] Rule: High Usage, Free: 1878MB(91.7%)
[34.584s][debug][gc,director    ] Rule: Proactive, UsedUntilEnabled: 76MB, TimeUntilEnabled: 299.129s
[34.684s][debug][gc,alloc       ] Allocation Rate: 174.0MB/s, Predicted: 163.5MB/s, Avg: 169.6(+/-9.4)MB/s
[34.684s][debug][gc,director    ] Select GC Workers (Normal), AvoidLongGCWorkers: 0.003, AvoidOOMGCWorkers: 0.004, LastGCWorkers: 1.000, GCWorkers: 0.004
[34.684s][debug][gc,director    ] Rule: Allocation Rate (Dynamic GC Workers), MaxAllocRate: 200.6MB/s (+/-5.6%), Free: 1834MB, GCCPUTime: 0.039, GCDuration: 0.039s, TimeUntilOOM: 8.663s, TimeUntilGC: 8.524s, GCWorkers: 1 -> 1
[34.684s][debug][gc,director    ] Rule: High Usage, Free: 1834MB(89.6%)
[34.684s][debug][gc,director    ] Rule: Proactive, UsedUntilEnabled: 32MB, TimeUntilEnabled: 299.029s
[34.779s][debug][gc,alloc       ] Allocation Rate: 142.0MB/s, Predicted: 152.5MB/s, Avg: 166.8(+/-12.5)MB/s
[34.779s][debug][gc,director    ] Select GC Workers (Normal), AvoidLongGCWorkers: 0.003, AvoidOOMGCWorkers: 0.004, LastGCWorkers: 1.000, GCWorkers: 0.004
[34.779s][debug][gc,director    ] Rule: Allocation Rate (Dynamic GC Workers), MaxAllocRate: 208.0MB/s (+/-7.5%), Free: 1822MB, GCCPUTime: 0.039, GCDuration: 0.039s, TimeUntilOOM: 8.147s, TimeUntilGC: 8.008s, GCWorkers: 1 -> 1
[34.779s][debug][gc,director    ] Rule: High Usage, Free: 1822MB(89.0%)
[34.779s][debug][gc,director    ] Rule: Proactive, UsedUntilEnabled: 20MB, TimeUntilEnabled: 298.934s
[34.877s][debug][gc,alloc       ] Allocation Rate: 136.0MB/s, Predicted: 142.1MB/s, Avg: 163.0(+/-15.2)MB/s
[34.877s][debug][gc,director    ] Select GC Workers (Normal), AvoidLongGCWorkers: 0.003, AvoidOOMGCWorkers: 0.004, LastGCWorkers: 1.000, GCWorkers: 0.004
[34.878s][debug][gc,director    ] Rule: Allocation Rate (Dynamic GC Workers), MaxAllocRate: 213.1MB/s (+/-9.3%), Free: 1812MB, GCCPUTime: 0.039, GCDuration: 0.039s, TimeUntilOOM: 7.775s, TimeUntilGC: 7.636s, GCWorkers: 1 -> 1
[34.878s][debug][gc,director    ] Rule: High Usage, Free: 1812MB(88.5%)
[34.878s][debug][gc,director    ] Rule: Proactive, UsedUntilEnabled: 10MB, TimeUntilEnabled: 298.836s
[34.980s][debug][gc,alloc       ] Allocation Rate: 138.0MB/s, Predicted: 134.5MB/s, Avg: 159.6(+/-16.6)MB/s
[34.980s][debug][gc,director    ] Select GC Workers (Normal), AvoidLongGCWorkers: 0.003, AvoidOOMGCWorkers: 0.005, LastGCWorkers: 1.000, GCWorkers: 0.005
[34.980s][debug][gc,director    ] Rule: Allocation Rate (Dynamic GC Workers), MaxAllocRate: 214.2MB/s (+/-10.4%), Free: 1800MB, GCCPUTime: 0.039, GCDuration: 0.039s, TimeUntilOOM: 7.613s, TimeUntilGC: 7.475s, GCWorkers: 1 -> 1
[34.980s][debug][gc,director    ] Rule: High Usage, Free: 1800MB(87.9%)
[34.980s][debug][gc,director    ] Rule: Proactive, AcceptableGCInterval: 1.898s, TimeSinceLastGC: 1.267s, TimeUntilGC: 0.631s
[35.082s][debug][gc,alloc       ] Allocation Rate: 126.0MB/s, Predicted: 124.9MB/s, Avg: 154.8(+/-18.6)MB/s
[35.082s][debug][gc,director    ] Select GC Workers (Normal), AvoidLongGCWorkers: 0.003, AvoidOOMGCWorkers: 0.005, LastGCWorkers: 1.000, GCWorkers: 0.005
[35.082s][debug][gc,director    ] Rule: Allocation Rate (Dynamic GC Workers), MaxAllocRate: 215.8MB/s (+/-12.0%), Free: 1800MB, GCCPUTime: 0.039, GCDuration: 0.039s, TimeUntilOOM: 7.447s, TimeUntilGC: 7.308s, GCWorkers: 1 -> 1
[35.082s][debug][gc,director    ] Rule: High Usage, Free: 1800MB(87.9%)
[35.082s][debug][gc,director    ] Rule: Proactive, AcceptableGCInterval: 1.898s, TimeSinceLastGC: 1.369s, TimeUntilGC: 0.529s
[35.184s][debug][gc,alloc       ] Allocation Rate: 126.0MB/s, Predicted: 118.5MB/s, Avg: 150.0(+/-19.2)MB/s
[35.185s][debug][gc,director    ] Select GC Workers (Normal), AvoidLongGCWorkers: 0.003, AvoidOOMGCWorkers: 0.005, LastGCWorkers: 1.000, GCWorkers: 0.005
[35.185s][debug][gc,director    ] Rule: Allocation Rate (Dynamic GC Workers), MaxAllocRate: 213.1MB/s (+/-12.8%), Free: 1788MB, GCCPUTime: 0.039, GCDuration: 0.039s, TimeUntilOOM: 7.442s, TimeUntilGC: 7.303s, GCWorkers: 1 -> 1
[35.185s][debug][gc,director    ] Rule: High Usage, Free: 1788MB(87.3%)
[35.185s][debug][gc,director    ] Rule: Proactive, AcceptableGCInterval: 1.898s, TimeSinceLastGC: 1.471s, TimeUntilGC: 0.427s
[35.279s][debug][gc,alloc       ] Allocation Rate: 138.0MB/s, Predicted: 118.5MB/s, Avg: 147.0(+/-18.4)MB/s
[35.279s][debug][gc,director    ] Select GC Workers (Normal), AvoidLongGCWorkers: 0.003, AvoidOOMGCWorkers: 0.005, LastGCWorkers: 1.000, GCWorkers: 0.005
[35.279s][debug][gc,director    ] Rule: Allocation Rate (Dynamic GC Workers), MaxAllocRate: 207.7MB/s (+/-12.5%), Free: 1776MB, GCCPUTime: 0.039, GCDuration: 0.039s, TimeUntilOOM: 7.598s, TimeUntilGC: 7.459s, GCWorkers: 1 -> 1
[35.279s][debug][gc,director    ] Rule: High Usage, Free: 1776MB(86.7%)
[35.279s][debug][gc,director    ] Rule: Proactive, AcceptableGCInterval: 1.898s, TimeSinceLastGC: 1.565s, TimeUntilGC: 0.333s
[35.381s][debug][gc,alloc       ] Allocation Rate: 138.0MB/s, Predicted: 122.1MB/s, Avg: 143.4(+/-16.2)MB/s
[35.382s][debug][gc,director    ] Select GC Workers (Normal), AvoidLongGCWorkers: 0.003, AvoidOOMGCWorkers: 0.004, LastGCWorkers: 1.000, GCWorkers: 0.004
[35.382s][debug][gc,director    ] Rule: Allocation Rate (Dynamic GC Workers), MaxAllocRate: 196.7MB/s (+/-11.3%), Free: 1764MB, GCCPUTime: 0.039, GCDuration: 0.039s, TimeUntilOOM: 8.057s, TimeUntilGC: 7.919s, GCWorkers: 1 -> 1
[35.382s][debug][gc,director    ] Rule: High Usage, Free: 1764MB(86.1%)
[35.382s][debug][gc,director    ] Rule: Proactive, AcceptableGCInterval: 1.898s, TimeSinceLastGC: 1.669s, TimeUntilGC: 0.229s
[35.484s][debug][gc,alloc       ] Allocation Rate: 138.0MB/s, Predicted: 128.1MB/s, Avg: 139.8(+/-12.6)MB/s
[35.485s][debug][gc,director    ] Select GC Workers (Normal), AvoidLongGCWorkers: 0.003, AvoidOOMGCWorkers: 0.004, LastGCWorkers: 1.000, GCWorkers: 0.004
[35.485s][debug][gc,director    ] Rule: Allocation Rate (Dynamic GC Workers), MaxAllocRate: 181.3MB/s (+/-9.0%), Free: 1752MB, GCCPUTime: 0.039, GCDuration: 0.039s, TimeUntilOOM: 8.867s, TimeUntilGC: 8.728s, GCWorkers: 1 -> 1
[35.485s][debug][gc,director    ] Rule: High Usage, Free: 1752MB(85.5%)
[35.485s][debug][gc,director    ] Rule: Proactive, AcceptableGCInterval: 1.898s, TimeSinceLastGC: 1.771s, TimeUntilGC: 0.127s
[35.584s][debug][gc,alloc       ] Allocation Rate: 170.0MB/s, Predicted: 140.8MB/s, Avg: 142.6(+/-15.5)MB/s
[35.584s][debug][gc,director    ] Select GC Workers (Normal), AvoidLongGCWorkers: 0.003, AvoidOOMGCWorkers: 0.004, LastGCWorkers: 1.000, GCWorkers: 0.004
[35.584s][debug][gc,director    ] Rule: Allocation Rate (Dynamic GC Workers), MaxAllocRate: 193.8MB/s (+/-10.9%), Free: 1708MB, GCCPUTime: 0.039, GCDuration: 0.039s, TimeUntilOOM: 7.949s, TimeUntilGC: 7.810s, GCWorkers: 1 -> 1
[35.584s][debug][gc,director    ] Rule: High Usage, Free: 1708MB(83.4%)
[35.584s][debug][gc,director    ] Rule: Proactive, AcceptableGCInterval: 1.898s, TimeSinceLastGC: 1.871s, TimeUntilGC: 0.027s
[35.684s][debug][gc,alloc       ] Allocation Rate: 138.0MB/s, Predicted: 147.3MB/s, Avg: 139.0(+/-11.5)MB/s
[35.684s][debug][gc,director    ] Select GC Workers (Normal), AvoidLongGCWorkers: 0.003, AvoidOOMGCWorkers: 0.004, LastGCWorkers: 1.000, GCWorkers: 0.004
[35.684s][debug][gc,director    ] Rule: Allocation Rate (Dynamic GC Workers), MaxAllocRate: 185.2MB/s (+/-8.3%), Free: 1696MB, GCCPUTime: 0.039, GCDuration: 0.039s, TimeUntilOOM: 8.460s, TimeUntilGC: 8.321s, GCWorkers: 1 -> 1
[35.684s][debug][gc,director    ] Rule: High Usage, Free: 1696MB(82.8%)
[35.684s][debug][gc,director    ] Rule: Proactive, AcceptableGCInterval: 1.898s, TimeSinceLastGC: 1.971s, TimeUntilGC: -0.073s
[35.684s][debug][gc,heap        ] GC(10) Heap before GC invocations=10 (full 10):
[35.684s][debug][gc,heap        ] GC(10)  ZHeap           used 318M, capacity 686M, max capacity 2048M
[35.684s][debug][gc,heap        ] GC(10)  Metaspace       used 8907K, committed 9280K, reserved 1114112K
[35.684s][debug][gc,heap        ] GC(10)   class space    used 935K, committed 1088K, reserved 1048576K
[35.684s][info ][gc,start       ] GC(10) Garbage Collection (Proactive)
[35.685s][info ][gc,task        ] GC(10) Using 1 workers
[35.685s][debug][gc,phases,start] GC(10) Pause Mark Start
[35.685s][debug][gc,marking     ] GC(10) Using 1 mark stripes
[35.685s][debug][gc,marking     ] GC(10) Mark Worker/Stripe Distribution
[35.685s][debug][gc,marking     ] GC(10)   Worker 0(1) -> Stripe 0(1)
[35.685s][info ][gc,phases      ] GC(10) Pause Mark Start 0.167ms
[35.685s][debug][gc,phases,start] GC(10) Concurrent Mark
[35.685s][debug][gc,task        ] GC(10) Executing Task: ZMarkRootsTask, Active Workers: 1
[35.689s][debug][gc,tlab        ] GC(10) TLAB totals: thrds: 5  refills: 850 max: 846 slow allocs: 56 max 56 waste:  0.9% gc: 886408B max: 262048B slow: 1130632B max: 1130632B
[35.689s][debug][gc,task        ] GC(10) Executing Task: ZMarkTask, Active Workers: 1
[35.707s][info ][gc,phases      ] GC(10) Concurrent Mark 22.403ms
[35.708s][debug][gc,phases,start] GC(10) Pause Mark End
[35.708s][info ][gc,phases      ] GC(10) Pause Mark End 0.032ms
[35.708s][debug][gc,phases,start] GC(10) Concurrent Mark Free
[35.708s][info ][gc,phases      ] GC(10) Concurrent Mark Free 0.013ms
[35.708s][debug][gc,phases,start] GC(10) Concurrent Process Non-Strong References
[35.708s][debug][gc,phases,start] GC(10) Concurrent References Process
[35.708s][debug][gc,task        ] GC(10) Executing Task: ZReferenceProcessorTask, Active Workers: 1
[35.708s][debug][gc,phases      ] GC(10) Concurrent References Process 0.093ms
[35.708s][debug][gc,task        ] GC(10) Executing Task: ZProcessWeakRootsTask, Active Workers: 1
[35.708s][debug][gc,phases,start] GC(10) Concurrent Classes Unlink
[35.708s][debug][gc,phases,start] GC(10) ClassLoaderData
[35.708s][debug][gc,phases      ] GC(10) ClassLoaderData 0.043ms
[35.708s][debug][gc,phases,start] GC(10) Trigger cleanups
[35.708s][debug][gc,phases      ] GC(10) Trigger cleanups 0.010ms
[35.708s][debug][gc,task        ] GC(10) Executing Task: ZNMethodUnlinkTask, Active Workers: 1
[35.713s][debug][gc,phases      ] GC(10) Concurrent Classes Unlink 4.404ms
[35.713s][debug][gc,phases,start] GC(10) Concurrent Classes Purge
[35.713s][debug][gc,task        ] GC(10) Executing Task: ZNMethodPurgeTask, Active Workers: 1
[35.713s][debug][gc,phases      ] GC(10) Concurrent Classes Purge 0.193ms
[35.713s][debug][gc,phases,start] GC(10) Concurrent References Enqueue
[35.713s][debug][gc,phases      ] GC(10) Concurrent References Enqueue 0.016ms
[35.713s][info ][gc,phases      ] GC(10) Concurrent Process Non-Strong References 5.485ms
[35.713s][debug][gc,phases,start] GC(10) Concurrent Reset Relocation Set
[35.713s][info ][gc,phases      ] GC(10) Concurrent Reset Relocation Set 0.014ms
[35.713s][debug][gc,phases,start] GC(10) Concurrent Select Relocation Set
[35.715s][debug][gc,task        ] GC(10) Executing Task: ZRelocationSetInstallTask, Active Workers: 1
[35.715s][info ][gc,phases      ] GC(10) Concurrent Select Relocation Set 1.946ms
[35.715s][debug][gc,phases,start] GC(10) Pause Relocate Start
[35.715s][info ][gc,phases      ] GC(10) Pause Relocate Start 0.051ms
[35.715s][debug][gc,phases,start] GC(10) Concurrent Relocate
[35.715s][debug][gc,task        ] GC(10) Executing Task: ZRelocateTask, Active Workers: 1
[35.717s][info ][gc,phases      ] GC(10) Concurrent Relocate 1.773ms
[35.717s][debug][gc,heap        ] GC(10) Heap after GC invocations=11 (full 11):
[35.717s][debug][gc,heap        ] GC(10)  ZHeap           used 6M, capacity 686M, max capacity 2048M
[35.717s][debug][gc,heap        ] GC(10)  Metaspace       used 8907K, committed 9280K, reserved 1114112K
[35.717s][debug][gc,heap        ] GC(10)   class space    used 935K, committed 1088K, reserved 1048576K
[35.717s][info ][gc,load        ] GC(10) Load: 4.68/3.34/2.78
[35.717s][info ][gc,mmu         ] GC(10) MMU: 2ms/88.7%, 5ms/95.5%, 10ms/97.7%, 20ms/98.8%, 50ms/99.2%, 100ms/99.5%
[35.717s][info ][gc,marking     ] GC(10) Mark: 1 stripe(s), 2 proactive flush(es), 1 terminate flush(es), 0 completion(s), 0 continuation(s) 
[35.717s][info ][gc,marking     ] GC(10) Mark Stack Usage: 32M
[35.717s][info ][gc,nmethod     ] GC(10) NMethods: 2719 registered, 0 unregistered
[35.717s][info ][gc,metaspace   ] GC(10) Metaspace: 8M used, 9M committed, 1088M reserved
[35.717s][info ][gc,ref         ] GC(10) Soft: 742 encountered, 0 discovered, 0 enqueued
[35.717s][info ][gc,ref         ] GC(10) Weak: 1293 encountered, 612 discovered, 0 enqueued
[35.717s][info ][gc,ref         ] GC(10) Final: 0 encountered, 0 discovered, 0 enqueued
[35.717s][info ][gc,ref         ] GC(10) Phantom: 15 encountered, 9 discovered, 0 enqueued
[35.717s][info ][gc,reloc       ] GC(10) Small Pages: 111 / 222M, Empty: 212M, Relocated: 1M, In-Place: 0
[35.717s][info ][gc,reloc       ] GC(10) Medium Pages: 3 / 96M, Empty: 96M, Relocated: 0M, In-Place: 0
[35.717s][info ][gc,reloc       ] GC(10) Large Pages: 0 / 0M, Empty: 0M, Relocated: 0M, In-Place: 0
[35.717s][info ][gc,reloc       ] GC(10) Forwarding Usage: 0M
[35.717s][info ][gc,heap        ] GC(10) Min Capacity: 8M(0%)
[35.717s][info ][gc,heap        ] GC(10) Max Capacity: 2048M(100%)
[35.717s][info ][gc,heap        ] GC(10) Soft Max Capacity: 2048M(100%)
[35.717s][info ][gc,heap        ] GC(10)                Mark Start          Mark End        Relocate Start      Relocate End           High               Low         
[35.717s][info ][gc,heap        ] GC(10)  Capacity:      686M (33%)         686M (33%)         686M (33%)         686M (33%)         686M (33%)         686M (33%)    
[35.717s][info ][gc,heap        ] GC(10)      Free:     1730M (84%)        1730M (84%)        2038M (100%)       2042M (100%)       2042M (100%)       1730M (84%)    
[35.717s][info ][gc,heap        ] GC(10)      Used:      318M (16%)         318M (16%)          10M (0%)            6M (0%)          318M (16%)           6M (0%)     
[35.717s][info ][gc,heap        ] GC(10)      Live:         -                 5M (0%)            5M (0%)            5M (0%)             -                  -          
[35.717s][info ][gc,heap        ] GC(10) Allocated:         -                 0M (0%)            0M (0%)            0M (0%)             -                  -          
[35.717s][info ][gc,heap        ] GC(10)   Garbage:         -               312M (15%)           4M (0%)            0M (0%)             -                  -          
[35.717s][info ][gc,heap        ] GC(10) Reclaimed:         -                  -               308M (15%)         312M (15%)            -                  -          
[35.717s][info ][gc             ] GC(10) Garbage Collection (Proactive) 318M(16%)->6M(0%)
[35.784s][debug][gc,alloc       ] Allocation Rate: 170.0MB/s, Predicted: 160.5MB/s, Avg: 141.8(+/-14.8)MB/s
[35.784s][debug][gc,director    ] Select GC Workers (Normal), AvoidLongGCWorkers: 0.003, AvoidOOMGCWorkers: 0.004, LastGCWorkers: 1.000, GCWorkers: 0.004
[35.784s][debug][gc,director    ] Rule: Allocation Rate (Dynamic GC Workers), MaxAllocRate: 209.3MB/s (+/-10.4%), Free: 1964MB, GCCPUTime: 0.037, GCDuration: 0.037s, TimeUntilOOM: 8.496s, TimeUntilGC: 8.360s, GCWorkers: 1 -> 1
[35.784s][debug][gc,director    ] Rule: High Usage, Free: 1964MB(95.9%)
[35.784s][debug][gc,director    ] Rule: Proactive, UsedUntilEnabled: 160MB, TimeUntilEnabled: 299.933s
[35.878s][debug][gc,alloc       ] Allocation Rate: 168.0MB/s, Predicted: 169.5MB/s, Avg: 145.0(+/-16.6)MB/s
[35.879s][debug][gc,director    ] Select GC Workers (Normal), AvoidLongGCWorkers: 0.003, AvoidOOMGCWorkers: 0.004, LastGCWorkers: 1.000, GCWorkers: 0.004
[35.879s][debug][gc,director    ] Rule: Allocation Rate (Dynamic GC Workers), MaxAllocRate: 224.0MB/s (+/-11.4%), Free: 1956MB, GCCPUTime: 0.037, GCDuration: 0.037s, TimeUntilOOM: 7.837s, TimeUntilGC: 7.700s, GCWorkers: 1 -> 1
[35.879s][debug][gc,director    ] Rule: High Usage, Free: 1956MB(95.5%)
[35.879s][debug][gc,director    ] Rule: Proactive, UsedUntilEnabled: 152MB, TimeUntilEnabled: 299.838s
[35.980s][debug][gc,alloc       ] Allocation Rate: 162.0MB/s, Predicted: 174.4MB/s, Avg: 147.4(+/-17.1)MB/s
[35.980s][debug][gc,director    ] Select GC Workers (Normal), AvoidLongGCWorkers: 0.003, AvoidOOMGCWorkers: 0.004, LastGCWorkers: 1.000, GCWorkers: 0.004
[35.980s][debug][gc,director    ] Rule: Allocation Rate (Dynamic GC Workers), MaxAllocRate: 230.7MB/s (+/-11.6%), Free: 1950MB, GCCPUTime: 0.037, GCDuration: 0.037s, TimeUntilOOM: 7.573s, TimeUntilGC: 7.436s, GCWorkers: 1 -> 1
[35.980s][debug][gc,director    ] Rule: High Usage, Free: 1950MB(95.2%)
[35.980s][debug][gc,director    ] Rule: Proactive, UsedUntilEnabled: 146MB, TimeUntilEnabled: 299.737s
[36.085s][debug][gc,alloc       ] Allocation Rate: 174.0MB/s, Predicted: 179.3MB/s, Avg: 152.2(+/-17.2)MB/s
[36.085s][debug][gc,director    ] Select GC Workers (Normal), AvoidLongGCWorkers: 0.003, AvoidOOMGCWorkers: 0.004, LastGCWorkers: 1.000, GCWorkers: 0.004
[36.085s][debug][gc,director    ] Rule: Allocation Rate (Dynamic GC Workers), MaxAllocRate: 235.8MB/s (+/-11.3%), Free: 1938MB, GCCPUTime: 0.037, GCDuration: 0.037s, TimeUntilOOM: 7.385s, TimeUntilGC: 7.248s, GCWorkers: 1 -> 1
[36.085s][debug][gc,director    ] Rule: High Usage, Free: 1938MB(94.6%)
[36.085s][debug][gc,director    ] Rule: Proactive, UsedUntilEnabled: 134MB, TimeUntilEnabled: 299.632s
[36.178s][debug][gc,alloc       ] Allocation Rate: 174.0MB/s, Predicted: 181.1MB/s, Avg: 157.0(+/-15.8)MB/s
[36.178s][debug][gc,director    ] Select GC Workers (Normal), AvoidLongGCWorkers: 0.003, AvoidOOMGCWorkers: 0.004, LastGCWorkers: 1.000, GCWorkers: 0.004
[36.178s][debug][gc,director    ] Rule: Allocation Rate (Dynamic GC Workers), MaxAllocRate: 233.2MB/s (+/-10.1%), Free: 1926MB, GCCPUTime: 0.037, GCDuration: 0.037s, TimeUntilOOM: 7.504s, TimeUntilGC: 7.367s, GCWorkers: 1 -> 1
[36.178s][debug][gc,director    ] Rule: High Usage, Free: 1926MB(94.0%)
[36.178s][debug][gc,director    ] Rule: Proactive, UsedUntilEnabled: 122MB, TimeUntilEnabled: 299.539s
[36.280s][debug][gc,alloc       ] Allocation Rate: 174.0MB/s, Predicted: 182.8MB/s, Avg: 160.6(+/-15.2)MB/s
[36.280s][debug][gc,director    ] Select GC Workers (Normal), AvoidLongGCWorkers: 0.003, AvoidOOMGCWorkers: 0.004, LastGCWorkers: 1.000, GCWorkers: 0.004
[36.280s][debug][gc,director    ] Rule: Allocation Rate (Dynamic GC Workers), MaxAllocRate: 232.8MB/s (+/-9.5%), Free: 1914MB, GCCPUTime: 0.037, GCDuration: 0.037s, TimeUntilOOM: 7.513s, TimeUntilGC: 7.377s, GCWorkers: 1 -> 1
[36.280s][debug][gc,director    ] Rule: High Usage, Free: 1914MB(93.5%)
[36.280s][debug][gc,director    ] Rule: Proactive, UsedUntilEnabled: 110MB, TimeUntilEnabled: 299.437s
[36.377s][debug][gc,alloc       ] Allocation Rate: 174.0MB/s, Predicted: 182.1MB/s, Avg: 164.2(+/-13.6)MB/s
[36.378s][debug][gc,director    ] Select GC Workers (Normal), AvoidLongGCWorkers: 0.003, AvoidOOMGCWorkers: 0.004, LastGCWorkers: 1.000, GCWorkers: 0.004
[36.378s][debug][gc,director    ] Rule: Allocation Rate (Dynamic GC Workers), MaxAllocRate: 226.8MB/s (+/-8.3%), Free: 1902MB, GCCPUTime: 0.037, GCDuration: 0.037s, TimeUntilOOM: 7.745s, TimeUntilGC: 7.609s, GCWorkers: 1 -> 1
[36.378s][debug][gc,director    ] Rule: High Usage, Free: 1902MB(92.9%)
[36.378s][debug][gc,director    ] Rule: Proactive, UsedUntilEnabled: 98MB, TimeUntilEnabled: 299.339s
[36.484s][debug][gc,alloc       ] Allocation Rate: 172.0MB/s, Predicted: 178.3MB/s, Avg: 167.6(+/-10.5)MB/s
[36.485s][debug][gc,director    ] Select GC Workers (Normal), AvoidLongGCWorkers: 0.003, AvoidOOMGCWorkers: 0.004, LastGCWorkers: 1.000, GCWorkers: 0.004
[36.485s][debug][gc,director    ] Rule: Allocation Rate (Dynamic GC Workers), MaxAllocRate: 212.8MB/s (+/-6.3%), Free: 1892MB, GCCPUTime: 0.037, GCDuration: 0.037s, TimeUntilOOM: 8.366s, TimeUntilGC: 8.230s, GCWorkers: 1 -> 1
[36.485s][debug][gc,director    ] Rule: High Usage, Free: 1892MB(92.4%)
[36.485s][debug][gc,director    ] Rule: Proactive, UsedUntilEnabled: 88MB, TimeUntilEnabled: 299.232s
[36.585s][debug][gc,alloc       ] Allocation Rate: 140.0MB/s, Predicted: 167.9MB/s, Avg: 164.6(+/-13.3)MB/s
[36.585s][debug][gc,director    ] Select GC Workers (Normal), AvoidLongGCWorkers: 0.003, AvoidOOMGCWorkers: 0.004, LastGCWorkers: 1.000, GCWorkers: 0.004
[36.585s][debug][gc,director    ] Rule: Allocation Rate (Dynamic GC Workers), MaxAllocRate: 211.6MB/s (+/-8.1%), Free: 1880MB, GCCPUTime: 0.037, GCDuration: 0.037s, TimeUntilOOM: 8.220s, TimeUntilGC: 8.083s, GCWorkers: 1 -> 1
[36.585s][debug][gc,director    ] Rule: High Usage, Free: 1880MB(91.8%)
[36.585s][debug][gc,director    ] Rule: Proactive, UsedUntilEnabled: 76MB, TimeUntilEnabled: 299.132s
[36.683s][debug][gc,alloc       ] Allocation Rate: 172.0MB/s, Predicted: 163.7MB/s, Avg: 168.0(+/-10.0)MB/s
[36.683s][debug][gc,director    ] Select GC Workers (Normal), AvoidLongGCWorkers: 0.003, AvoidOOMGCWorkers: 0.004, LastGCWorkers: 1.000, GCWorkers: 0.004
[36.683s][debug][gc,director    ] Rule: Allocation Rate (Dynamic GC Workers), MaxAllocRate: 200.9MB/s (+/-6.0%), Free: 1836MB, GCCPUTime: 0.037, GCDuration: 0.037s, TimeUntilOOM: 8.625s, TimeUntilGC: 8.489s, GCWorkers: 1 -> 1
[36.683s][debug][gc,director    ] Rule: High Usage, Free: 1836MB(89.6%)
[36.683s][debug][gc,director    ] Rule: Proactive, UsedUntilEnabled: 32MB, TimeUntilEnabled: 299.034s
[36.781s][debug][gc,alloc       ] Allocation Rate: 128.0MB/s, Predicted: 148.3MB/s, Avg: 163.8(+/-15.6)MB/s
[36.781s][debug][gc,director    ] Select GC Workers (Normal), AvoidLongGCWorkers: 0.003, AvoidOOMGCWorkers: 0.004, LastGCWorkers: 1.000, GCWorkers: 0.004
[36.782s][debug][gc,director    ] Rule: Allocation Rate (Dynamic GC Workers), MaxAllocRate: 215.0MB/s (+/-9.5%), Free: 1836MB, GCCPUTime: 0.037, GCDuration: 0.037s, TimeUntilOOM: 7.799s, TimeUntilGC: 7.663s, GCWorkers: 1 -> 1
[36.782s][debug][gc,director    ] Rule: High Usage, Free: 1836MB(89.6%)
[36.782s][debug][gc,director    ] Rule: Proactive, UsedUntilEnabled: 32MB, TimeUntilEnabled: 298.936s
[36.879s][debug][gc,alloc       ] Allocation Rate: 132.0MB/s, Predicted: 136.7MB/s, Avg: 160.2(+/-18.1)MB/s
[36.879s][debug][gc,director    ] Select GC Workers (Normal), AvoidLongGCWorkers: 0.003, AvoidOOMGCWorkers: 0.004, LastGCWorkers: 1.000, GCWorkers: 0.004
[36.879s][debug][gc,director    ] Rule: Allocation Rate (Dynamic GC Workers), MaxAllocRate: 219.8MB/s (+/-11.3%), Free: 1824MB, GCCPUTime: 0.037, GCDuration: 0.037s, TimeUntilOOM: 7.454s, TimeUntilGC: 7.318s, GCWorkers: 1 -> 1
[36.879s][debug][gc,director    ] Rule: High Usage, Free: 1824MB(89.1%)
[36.879s][debug][gc,director    ] Rule: Proactive, UsedUntilEnabled: 20MB, TimeUntilEnabled: 298.838s
[36.980s][debug][gc,alloc       ] Allocation Rate: 138.0MB/s, Predicted: 128.3MB/s, Avg: 157.8(+/-19.3)MB/s
[36.980s][debug][gc,director    ] Select GC Workers (Normal), AvoidLongGCWorkers: 0.003, AvoidOOMGCWorkers: 0.004, LastGCWorkers: 1.000, GCWorkers: 0.004
[36.980s][debug][gc,director    ] Rule: Allocation Rate (Dynamic GC Workers), MaxAllocRate: 221.2MB/s (+/-12.2%), Free: 1812MB, GCCPUTime: 0.037, GCDuration: 0.037s, TimeUntilOOM: 7.299s, TimeUntilGC: 7.162s, GCWorkers: 1 -> 1
[36.980s][debug][gc,director    ] Rule: High Usage, Free: 1812MB(88.5%)
[36.980s][debug][gc,director    ] Rule: Proactive, UsedUntilEnabled: 8MB, TimeUntilEnabled: 298.737s
[37.080s][debug][gc,alloc       ] Allocation Rate: 138.0MB/s, Predicted: 124.7MB/s, Avg: 154.2(+/-19.3)MB/s
[37.080s][debug][gc,director    ] Select GC Workers (Normal), AvoidLongGCWorkers: 0.003, AvoidOOMGCWorkers: 0.004, LastGCWorkers: 1.000, GCWorkers: 0.004
[37.080s][debug][gc,director    ] Rule: Allocation Rate (Dynamic GC Workers), MaxAllocRate: 217.6MB/s (+/-12.5%), Free: 1800MB, GCCPUTime: 0.037, GCDuration: 0.037s, TimeUntilOOM: 7.352s, TimeUntilGC: 7.215s, GCWorkers: 1 -> 1
[37.080s][debug][gc,director    ] Rule: High Usage, Free: 1800MB(87.9%)
[37.080s][debug][gc,director    ] Rule: Proactive, AcceptableGCInterval: 1.796s, TimeSinceLastGC: 1.363s, TimeUntilGC: 0.433s
[37.180s][debug][gc,alloc       ] Allocation Rate: 138.0MB/s, Predicted: 123.5MB/s, Avg: 150.6(+/-18.6)MB/s
[37.180s][debug][gc,director    ] Select GC Workers (Normal), AvoidLongGCWorkers: 0.003, AvoidOOMGCWorkers: 0.004, LastGCWorkers: 1.000, GCWorkers: 0.004
[37.180s][debug][gc,director    ] Rule: Allocation Rate (Dynamic GC Workers), MaxAllocRate: 211.8MB/s (+/-12.3%), Free: 1788MB, GCCPUTime: 0.037, GCDuration: 0.037s, TimeUntilOOM: 7.515s, TimeUntilGC: 7.379s, GCWorkers: 1 -> 1
[37.180s][debug][gc,director    ] Rule: High Usage, Free: 1788MB(87.3%)
[37.180s][debug][gc,director    ] Rule: Proactive, AcceptableGCInterval: 1.796s, TimeSinceLastGC: 1.463s, TimeUntilGC: 0.333s
[37.280s][debug][gc,alloc       ] Allocation Rate: 138.0MB/s, Predicted: 124.7MB/s, Avg: 147.0(+/-17.1)MB/s
[37.280s][debug][gc,director    ] Select GC Workers (Normal), AvoidLongGCWorkers: 0.003, AvoidOOMGCWorkers: 0.004, LastGCWorkers: 1.000, GCWorkers: 0.004
[37.280s][debug][gc,director    ] Rule: Allocation Rate (Dynamic GC Workers), MaxAllocRate: 203.4MB/s (+/-11.7%), Free: 1776MB, GCCPUTime: 0.037, GCDuration: 0.037s, TimeUntilOOM: 7.820s, TimeUntilGC: 7.683s, GCWorkers: 1 -> 1
[37.280s][debug][gc,director    ] Rule: High Usage, Free: 1776MB(86.7%)
[37.280s][debug][gc,director    ] Rule: Proactive, AcceptableGCInterval: 1.796s, TimeSinceLastGC: 1.563s, TimeUntilGC: 0.233s
[37.380s][debug][gc,alloc       ] Allocation Rate: 136.0MB/s, Predicted: 127.5MB/s, Avg: 143.2(+/-14.8)MB/s
[37.380s][debug][gc,director    ] Select GC Workers (Normal), AvoidLongGCWorkers: 0.003, AvoidOOMGCWorkers: 0.004, LastGCWorkers: 1.000, GCWorkers: 0.004
[37.380s][debug][gc,director    ] Rule: Allocation Rate (Dynamic GC Workers), MaxAllocRate: 191.8MB/s (+/-10.3%), Free: 1766MB, GCCPUTime: 0.037, GCDuration: 0.037s, TimeUntilOOM: 8.344s, TimeUntilGC: 8.207s, GCWorkers: 1 -> 1
[37.380s][debug][gc,director    ] Rule: High Usage, Free: 1766MB(86.2%)
[37.380s][debug][gc,director    ] Rule: Proactive, AcceptableGCInterval: 1.796s, TimeSinceLastGC: 1.663s, TimeUntilGC: 0.133s
[37.477s][debug][gc,alloc       ] Allocation Rate: 138.0MB/s, Predicted: 133.1MB/s, Avg: 139.8(+/-11.3)MB/s
[37.478s][debug][gc,director    ] Select GC Workers (Normal), AvoidLongGCWorkers: 0.003, AvoidOOMGCWorkers: 0.004, LastGCWorkers: 1.000, GCWorkers: 0.004
[37.478s][debug][gc,director    ] Rule: Allocation Rate (Dynamic GC Workers), MaxAllocRate: 176.8MB/s (+/-8.1%), Free: 1754MB, GCCPUTime: 0.037, GCDuration: 0.037s, TimeUntilOOM: 9.179s, TimeUntilGC: 9.042s, GCWorkers: 1 -> 1
[37.478s][debug][gc,director    ] Rule: High Usage, Free: 1754MB(85.6%)
[37.478s][debug][gc,director    ] Rule: Proactive, AcceptableGCInterval: 1.796s, TimeSinceLastGC: 1.761s, TimeUntilGC: 0.036s
[37.582s][debug][gc,alloc       ] Allocation Rate: 170.0MB/s, Predicted: 145.2MB/s, Avg: 142.8(+/-14.5)MB/s
[37.583s][debug][gc,director    ] Select GC Workers (Normal), AvoidLongGCWorkers: 0.003, AvoidOOMGCWorkers: 0.004, LastGCWorkers: 1.000, GCWorkers: 0.004
[37.583s][debug][gc,director    ] Rule: Allocation Rate (Dynamic GC Workers), MaxAllocRate: 192.8MB/s (+/-10.1%), Free: 1710MB, GCCPUTime: 0.037, GCDuration: 0.037s, TimeUntilOOM: 8.055s, TimeUntilGC: 7.919s, GCWorkers: 1 -> 1
[37.583s][debug][gc,director    ] Rule: High Usage, Free: 1710MB(83.5%)
[37.584s][debug][gc,director    ] Rule: Proactive, AcceptableGCInterval: 1.796s, TimeSinceLastGC: 1.866s, TimeUntilGC: -0.070s
[37.584s][debug][gc,heap        ] GC(11) Heap before GC invocations=11 (full 11):
[37.584s][debug][gc,heap        ] GC(11)  ZHeap           used 304M, capacity 686M, max capacity 2048M
[37.584s][debug][gc,heap        ] GC(11)  Metaspace       used 8926K, committed 9280K, reserved 1114112K
[37.584s][debug][gc,heap        ] GC(11)   class space    used 935K, committed 1088K, reserved 1048576K
[37.584s][info ][gc,start       ] GC(11) Garbage Collection (Proactive)
[37.584s][info ][gc,task        ] GC(11) Using 1 workers
[37.584s][debug][gc,phases,start] GC(11) Pause Mark Start
[37.584s][debug][gc,marking     ] GC(11) Using 1 mark stripes
[37.584s][debug][gc,marking     ] GC(11) Mark Worker/Stripe Distribution
[37.584s][debug][gc,marking     ] GC(11)   Worker 0(1) -> Stripe 0(1)
[37.584s][info ][gc,phases      ] GC(11) Pause Mark Start 0.095ms
[37.584s][debug][gc,phases,start] GC(11) Concurrent Mark
[37.584s][debug][gc,task        ] GC(11) Executing Task: ZMarkRootsTask, Active Workers: 1
[37.589s][debug][gc,tlab        ] GC(11) TLAB totals: thrds: 5  refills: 803 max: 799 slow allocs: 53 max 53 waste:  0.9% gc: 903488B max: 262072B slow: 1062608B max: 1062608B
[37.589s][debug][gc,task        ] GC(11) Executing Task: ZMarkTask, Active Workers: 1
[37.606s][info ][gc,phases      ] GC(11) Concurrent Mark 22.143ms
[37.606s][debug][gc,phases,start] GC(11) Pause Mark End
[37.607s][info ][gc,phases      ] GC(11) Pause Mark End 0.080ms
[37.607s][debug][gc,phases,start] GC(11) Concurrent Mark Free
[37.607s][info ][gc,phases      ] GC(11) Concurrent Mark Free 0.061ms
[37.607s][debug][gc,phases,start] GC(11) Concurrent Process Non-Strong References
[37.607s][debug][gc,phases,start] GC(11) Concurrent References Process
[37.607s][debug][gc,task        ] GC(11) Executing Task: ZReferenceProcessorTask, Active Workers: 1
[37.607s][debug][gc,phases      ] GC(11) Concurrent References Process 0.172ms
[37.607s][debug][gc,task        ] GC(11) Executing Task: ZProcessWeakRootsTask, Active Workers: 1
[37.608s][debug][gc,phases,start] GC(11) Concurrent Classes Unlink
[37.608s][debug][gc,phases,start] GC(11) ClassLoaderData
[37.608s][debug][gc,phases      ] GC(11) ClassLoaderData 0.075ms
[37.608s][debug][gc,phases,start] GC(11) Trigger cleanups
[37.608s][debug][gc,phases      ] GC(11) Trigger cleanups 0.074ms
[37.608s][debug][gc,task        ] GC(11) Executing Task: ZNMethodUnlinkTask, Active Workers: 1
[37.613s][debug][gc,phases      ] GC(11) Concurrent Classes Unlink 5.587ms
[37.614s][debug][gc,phases,start] GC(11) Concurrent Classes Purge
[37.614s][debug][gc,task        ] GC(11) Executing Task: ZNMethodPurgeTask, Active Workers: 1
[37.614s][debug][gc,phases      ] GC(11) Concurrent Classes Purge 0.206ms
[37.614s][debug][gc,phases,start] GC(11) Concurrent References Enqueue
[37.614s][debug][gc,phases      ] GC(11) Concurrent References Enqueue 0.012ms
[37.614s][info ][gc,phases      ] GC(11) Concurrent Process Non-Strong References 7.109ms
[37.614s][debug][gc,phases,start] GC(11) Concurrent Reset Relocation Set
[37.614s][info ][gc,phases      ] GC(11) Concurrent Reset Relocation Set 0.011ms
[37.614s][debug][gc,phases,start] GC(11) Concurrent Select Relocation Set
[37.616s][debug][gc,task        ] GC(11) Executing Task: ZRelocationSetInstallTask, Active Workers: 1
[37.616s][info ][gc,phases      ] GC(11) Concurrent Select Relocation Set 2.311ms
[37.616s][debug][gc,phases,start] GC(11) Pause Relocate Start
[37.616s][info ][gc,phases      ] GC(11) Pause Relocate Start 0.054ms
[37.616s][debug][gc,phases,start] GC(11) Concurrent Relocate
[37.616s][debug][gc,task        ] GC(11) Executing Task: ZRelocateTask, Active Workers: 1
[37.619s][info ][gc,phases      ] GC(11) Concurrent Relocate 2.825ms
[37.619s][debug][gc,heap        ] GC(11) Heap after GC invocations=12 (full 12):
[37.619s][debug][gc,heap        ] GC(11)  ZHeap           used 6M, capacity 686M, max capacity 2048M
[37.619s][debug][gc,heap        ] GC(11)  Metaspace       used 8926K, committed 9280K, reserved 1114112K
[37.619s][debug][gc,heap        ] GC(11)   class space    used 935K, committed 1088K, reserved 1048576K
[37.619s][info ][gc,load        ] GC(11) Load: 4.46/3.32/2.78
[37.619s][info ][gc,mmu         ] GC(11) MMU: 2ms/88.7%, 5ms/95.5%, 10ms/97.7%, 20ms/98.8%, 50ms/99.2%, 100ms/99.5%
[37.619s][info ][gc,marking     ] GC(11) Mark: 1 stripe(s), 2 proactive flush(es), 1 terminate flush(es), 0 completion(s), 0 continuation(s) 
[37.619s][info ][gc,marking     ] GC(11) Mark Stack Usage: 32M
[37.619s][info ][gc,nmethod     ] GC(11) NMethods: 2736 registered, 0 unregistered
[37.619s][info ][gc,metaspace   ] GC(11) Metaspace: 8M used, 9M committed, 1088M reserved
[37.619s][info ][gc,ref         ] GC(11) Soft: 742 encountered, 0 discovered, 0 enqueued
[37.619s][info ][gc,ref         ] GC(11) Weak: 1293 encountered, 612 discovered, 0 enqueued
[37.619s][info ][gc,ref         ] GC(11) Final: 0 encountered, 0 discovered, 0 enqueued
[37.619s][info ][gc,ref         ] GC(11) Phantom: 15 encountered, 9 discovered, 0 enqueued
[37.619s][info ][gc,reloc       ] GC(11) Small Pages: 104 / 208M, Empty: 198M, Relocated: 1M, In-Place: 0
[37.619s][info ][gc,reloc       ] GC(11) Medium Pages: 3 / 96M, Empty: 96M, Relocated: 0M, In-Place: 0
[37.619s][info ][gc,reloc       ] GC(11) Large Pages: 0 / 0M, Empty: 0M, Relocated: 0M, In-Place: 0
[37.619s][info ][gc,reloc       ] GC(11) Forwarding Usage: 0M
[37.620s][info ][gc,heap        ] GC(11) Min Capacity: 8M(0%)
[37.620s][info ][gc,heap        ] GC(11) Max Capacity: 2048M(100%)
[37.620s][info ][gc,heap        ] GC(11) Soft Max Capacity: 2048M(100%)
[37.620s][info ][gc,heap        ] GC(11)                Mark Start          Mark End        Relocate Start      Relocate End           High               Low         
[37.620s][info ][gc,heap        ] GC(11)  Capacity:      686M (33%)         686M (33%)         686M (33%)         686M (33%)         686M (33%)         686M (33%)    
[37.620s][info ][gc,heap        ] GC(11)      Free:     1744M (85%)        1744M (85%)        2038M (100%)       2042M (100%)       2042M (100%)       1744M (85%)    
[37.620s][info ][gc,heap        ] GC(11)      Used:      304M (15%)         304M (15%)          10M (0%)            6M (0%)          304M (15%)           6M (0%)     
[37.620s][info ][gc,heap        ] GC(11)      Live:         -                 5M (0%)            5M (0%)            5M (0%)             -                  -          
[37.620s][info ][gc,heap        ] GC(11) Allocated:         -                 0M (0%)            0M (0%)            0M (0%)             -                  -          
[37.620s][info ][gc,heap        ] GC(11)   Garbage:         -               298M (15%)           4M (0%)            0M (0%)             -                  -          
[37.620s][info ][gc,heap        ] GC(11) Reclaimed:         -                  -               294M (14%)         298M (15%)            -                  -          
[37.620s][info ][gc             ] GC(11) Garbage Collection (Proactive) 304M(15%)->6M(0%)
[37.680s][debug][gc,alloc       ] Allocation Rate: 170.0MB/s, Predicted: 163.9MB/s, Avg: 142.6(+/-14.1)MB/s
[37.680s][debug][gc,director    ] Select GC Workers (Normal), AvoidLongGCWorkers: 0.003, AvoidOOMGCWorkers: 0.004, LastGCWorkers: 1.000, GCWorkers: 0.004
[37.680s][debug][gc,director    ] Rule: Allocation Rate (Dynamic GC Workers), MaxAllocRate: 210.1MB/s (+/-9.9%), Free: 1964MB, GCCPUTime: 0.040, GCDuration: 0.040s, TimeUntilOOM: 8.508s, TimeUntilGC: 8.368s, GCWorkers: 1 -> 1
[37.680s][debug][gc,director    ] Rule: High Usage, Free: 1964MB(95.9%)
[37.680s][debug][gc,director    ] Rule: Proactive, UsedUntilEnabled: 160MB, TimeUntilEnabled: 299.939s
[37.780s][debug][gc,alloc       ] Allocation Rate: 170.0MB/s, Predicted: 170.9MB/s, Avg: 146.8(+/-15.3)MB/s
[37.780s][debug][gc,director    ] Select GC Workers (Normal), AvoidLongGCWorkers: 0.003, AvoidOOMGCWorkers: 0.004, LastGCWorkers: 1.000, GCWorkers: 0.004
[37.780s][debug][gc,director    ] Rule: Allocation Rate (Dynamic GC Workers), MaxAllocRate: 221.2MB/s (+/-10.4%), Free: 1964MB, GCCPUTime: 0.040, GCDuration: 0.040s, TimeUntilOOM: 8.040s, TimeUntilGC: 7.900s, GCWorkers: 1 -> 1
[37.780s][debug][gc,director    ] Rule: High Usage, Free: 1964MB(95.9%)
[37.780s][debug][gc,director    ] Rule: Proactive, UsedUntilEnabled: 158MB, TimeUntilEnabled: 299.839s
[37.882s][debug][gc,alloc       ] Allocation Rate: 170.0MB/s, Predicted: 176.3MB/s, Avg: 150.6(+/-15.9)MB/s
[37.882s][debug][gc,director    ] Select GC Workers (Normal), AvoidLongGCWorkers: 0.003, AvoidOOMGCWorkers: 0.004, LastGCWorkers: 1.000, GCWorkers: 0.004
[37.882s][debug][gc,director    ] Rule: Allocation Rate (Dynamic GC Workers), MaxAllocRate: 228.4MB/s (+/-10.5%), Free: 1952MB, GCCPUTime: 0.040, GCDuration: 0.040s, TimeUntilOOM: 7.732s, TimeUntilGC: 7.592s, GCWorkers: 1 -> 1
[37.882s][debug][gc,director    ] Rule: High Usage, Free: 1952MB(95.3%)
[37.882s][debug][gc,director    ] Rule: Proactive, UsedUntilEnabled: 148MB, TimeUntilEnabled: 299.737s
[37.982s][debug][gc,alloc       ] Allocation Rate: 174.0MB/s, Predicted: 182.3MB/s, Avg: 154.2(+/-16.6)MB/s
[37.983s][debug][gc,director    ] Select GC Workers (Normal), AvoidLongGCWorkers: 0.003, AvoidOOMGCWorkers: 0.005, LastGCWorkers: 1.000, GCWorkers: 0.005
[37.983s][debug][gc,director    ] Rule: Allocation Rate (Dynamic GC Workers), MaxAllocRate: 237.0MB/s (+/-10.8%), Free: 1936MB, GCCPUTime: 0.040, GCDuration: 0.040s, TimeUntilOOM: 7.371s, TimeUntilGC: 7.231s, GCWorkers: 1 -> 1
[37.983s][debug][gc,director    ] Rule: High Usage, Free: 1936MB(94.5%)
[37.983s][debug][gc,director    ] Rule: Proactive, UsedUntilEnabled: 132MB, TimeUntilEnabled: 299.637s
[38.082s][debug][gc,alloc       ] Allocation Rate: 174.0MB/s, Predicted: 185.9MB/s, Avg: 157.8(+/-16.6)MB/s
[38.082s][debug][gc,director    ] Select GC Workers (Normal), AvoidLongGCWorkers: 0.003, AvoidOOMGCWorkers: 0.005, LastGCWorkers: 1.000, GCWorkers: 0.005
[38.082s][debug][gc,director    ] Rule: Allocation Rate (Dynamic GC Workers), MaxAllocRate: 240.6MB/s (+/-10.6%), Free: 1924MB, GCCPUTime: 0.040, GCDuration: 0.040s, TimeUntilOOM: 7.232s, TimeUntilGC: 7.092s, GCWorkers: 1 -> 1
[38.082s][debug][gc,director    ] Rule: High Usage, Free: 1924MB(93.9%)
[38.082s][debug][gc,director    ] Rule: Proactive, UsedUntilEnabled: 120MB, TimeUntilEnabled: 299.537s
[38.179s][debug][gc,alloc       ] Allocation Rate: 174.0MB/s, Predicted: 187.1MB/s, Avg: 161.4(+/-15.9)MB/s
[38.179s][debug][gc,director    ] Select GC Workers (Normal), AvoidLongGCWorkers: 0.003, AvoidOOMGCWorkers: 0.005, LastGCWorkers: 1.000, GCWorkers: 0.005
[38.179s][debug][gc,director    ] Rule: Allocation Rate (Dynamic GC Workers), MaxAllocRate: 239.2MB/s (+/-9.8%), Free: 1912MB, GCCPUTime: 0.040, GCDuration: 0.040s, TimeUntilOOM: 7.278s, TimeUntilGC: 7.138s, GCWorkers: 1 -> 1
[38.179s][debug][gc,director    ] Rule: High Usage, Free: 1912MB(93.4%)
[38.179s][debug][gc,director    ] Rule: Proactive, UsedUntilEnabled: 108MB, TimeUntilEnabled: 299.440s
[38.279s][debug][gc,alloc       ] Allocation Rate: 174.0MB/s, Predicted: 185.9MB/s, Avg: 165.0(+/-14.1)MB/s
[38.279s][debug][gc,director    ] Select GC Workers (Normal), AvoidLongGCWorkers: 0.003, AvoidOOMGCWorkers: 0.005, LastGCWorkers: 1.000, GCWorkers: 0.005
[38.279s][debug][gc,director    ] Rule: Allocation Rate (Dynamic GC Workers), MaxAllocRate: 232.3MB/s (+/-8.6%), Free: 1900MB, GCCPUTime: 0.040, GCDuration: 0.040s, TimeUntilOOM: 7.533s, TimeUntilGC: 7.393s, GCWorkers: 1 -> 1
[38.280s][debug][gc,director    ] Rule: High Usage, Free: 1900MB(92.8%)
[38.280s][debug][gc,director    ] Rule: Proactive, UsedUntilEnabled: 96MB, TimeUntilEnabled: 299.340s
[38.383s][debug][gc,alloc       ] Allocation Rate: 176.0MB/s, Predicted: 182.5MB/s, Avg: 169.0(+/-10.6)MB/s
[38.383s][debug][gc,director    ] Select GC Workers (Normal), AvoidLongGCWorkers: 0.003, AvoidOOMGCWorkers: 0.004, LastGCWorkers: 1.000, GCWorkers: 0.004
[38.383s][debug][gc,director    ] Rule: Allocation Rate (Dynamic GC Workers), MaxAllocRate: 217.3MB/s (+/-6.2%), Free: 1888MB, GCCPUTime: 0.040, GCDuration: 0.040s, TimeUntilOOM: 8.179s, TimeUntilGC: 8.039s, GCWorkers: 1 -> 1
[38.383s][debug][gc,director    ] Rule: High Usage, Free: 1888MB(92.2%)
[38.383s][debug][gc,director    ] Rule: Proactive, UsedUntilEnabled: 84MB, TimeUntilEnabled: 299.236s
[38.483s][debug][gc,alloc       ] Allocation Rate: 174.0MB/s, Predicted: 176.3MB/s, Avg: 172.6(+/-2.2)MB/s
[38.483s][debug][gc,director    ] Select GC Workers (Normal), AvoidLongGCWorkers: 0.003, AvoidOOMGCWorkers: 0.003, LastGCWorkers: 1.000, GCWorkers: 0.003
[38.483s][debug][gc,director    ] Rule: Allocation Rate (Dynamic GC Workers), MaxAllocRate: 183.5MB/s (+/-1.3%), Free: 1878MB, GCCPUTime: 0.040, GCDuration: 0.040s, TimeUntilOOM: 10.105s, TimeUntilGC: 9.965s, GCWorkers: 1 -> 1
[38.483s][debug][gc,director    ] Rule: High Usage, Free: 1878MB(91.7%)
[38.483s][debug][gc,director    ] Rule: Proactive, UsedUntilEnabled: 74MB, TimeUntilEnabled: 299.136s
[38.578s][debug][gc,alloc       ] Allocation Rate: 174.0MB/s, Predicted: 176.1MB/s, Avg: 173.0(+/-2.0)MB/s
[38.578s][debug][gc,director    ] Select GC Workers (Normal), AvoidLongGCWorkers: 0.003, AvoidOOMGCWorkers: 0.003, LastGCWorkers: 1.000, GCWorkers: 0.003
[38.578s][debug][gc,director    ] Rule: Allocation Rate (Dynamic GC Workers), MaxAllocRate: 182.9MB/s (+/-1.2%), Free: 1834MB, GCCPUTime: 0.040, GCDuration: 0.040s, TimeUntilOOM: 9.911s, TimeUntilGC: 9.771s, GCWorkers: 1 -> 1
[38.578s][debug][gc,director    ] Rule: High Usage, Free: 1834MB(89.6%)
[38.578s][debug][gc,director    ] Rule: Proactive, UsedUntilEnabled: 30MB, TimeUntilEnabled: 299.041s
[38.681s][debug][gc,alloc       ] Allocation Rate: 130.0MB/s, Predicted: 158.1MB/s, Avg: 169.0(+/-13.1)MB/s
[38.682s][debug][gc,director    ] Select GC Workers (Normal), AvoidLongGCWorkers: 0.003, AvoidOOMGCWorkers: 0.004, LastGCWorkers: 1.000, GCWorkers: 0.004
[38.682s][debug][gc,director    ] Rule: Allocation Rate (Dynamic GC Workers), MaxAllocRate: 212.2MB/s (+/-7.8%), Free: 1834MB, GCCPUTime: 0.040, GCDuration: 0.040s, TimeUntilOOM: 8.021s, TimeUntilGC: 7.881s, GCWorkers: 1 -> 1
[38.682s][debug][gc,director    ] Rule: High Usage, Free: 1834MB(89.6%)
[38.682s][debug][gc,director    ] Rule: Proactive, UsedUntilEnabled: 30MB, TimeUntilEnabled: 298.938s
[38.783s][debug][gc,alloc       ] Allocation Rate: 142.0MB/s, Predicted: 147.6MB/s, Avg: 166.2(+/-15.4)MB/s
[38.783s][debug][gc,director    ] Select GC Workers (Normal), AvoidLongGCWorkers: 0.003, AvoidOOMGCWorkers: 0.004, LastGCWorkers: 1.000, GCWorkers: 0.004
[38.783s][debug][gc,director    ] Rule: Allocation Rate (Dynamic GC Workers), MaxAllocRate: 216.9MB/s (+/-9.3%), Free: 1822MB, GCCPUTime: 0.040, GCDuration: 0.040s, TimeUntilOOM: 7.689s, TimeUntilGC: 7.549s, GCWorkers: 1 -> 1
[38.784s][debug][gc,director    ] Rule: High Usage, Free: 1822MB(89.0%)
[38.784s][debug][gc,director    ] Rule: Proactive, UsedUntilEnabled: 18MB, TimeUntilEnabled: 298.836s
[38.880s][debug][gc,alloc       ] Allocation Rate: 142.0MB/s, Predicted: 138.9MB/s, Avg: 163.4(+/-16.9)MB/s
[38.881s][debug][gc,director    ] Select GC Workers (Normal), AvoidLongGCWorkers: 0.003, AvoidOOMGCWorkers: 0.005, LastGCWorkers: 1.000, GCWorkers: 0.005
[38.881s][debug][gc,director    ] Rule: Allocation Rate (Dynamic GC Workers), MaxAllocRate: 219.1MB/s (+/-10.4%), Free: 1810MB, GCCPUTime: 0.040, GCDuration: 0.040s, TimeUntilOOM: 7.486s, TimeUntilGC: 7.346s, GCWorkers: 1 -> 1
[38.881s][debug][gc,director    ] Rule: High Usage, Free: 1810MB(88.4%)
[38.881s][debug][gc,director    ] Rule: Proactive, UsedUntilEnabled: 6MB, TimeUntilEnabled: 298.738s
[38.981s][debug][gc,alloc       ] Allocation Rate: 138.0MB/s, Predicted: 131.6MB/s, Avg: 159.8(+/-18.1)MB/s
[38.981s][debug][gc,director    ] Select GC Workers (Normal), AvoidLongGCWorkers: 0.003, AvoidOOMGCWorkers: 0.005, LastGCWorkers: 1.000, GCWorkers: 0.005
[38.981s][debug][gc,director    ] Rule: Allocation Rate (Dynamic GC Workers), MaxAllocRate: 219.3MB/s (+/-11.3%), Free: 1798MB, GCCPUTime: 0.040, GCDuration: 0.040s, TimeUntilOOM: 7.366s, TimeUntilGC: 7.226s, GCWorkers: 1 -> 1
[38.981s][debug][gc,director    ] Rule: High Usage, Free: 1798MB(87.8%)
[38.981s][debug][gc,director    ] Rule: Proactive, AcceptableGCInterval: 1.954s, TimeSinceLastGC: 1.362s, TimeUntilGC: 0.592s
[39.083s][debug][gc,alloc       ] Allocation Rate: 138.0MB/s, Predicted: 126.7MB/s, Avg: 156.2(+/-18.5)MB/s
[39.083s][debug][gc,director    ] Select GC Workers (Normal), AvoidLongGCWorkers: 0.003, AvoidOOMGCWorkers: 0.005, LastGCWorkers: 1.000, GCWorkers: 0.005
[39.083s][debug][gc,director    ] Rule: Allocation Rate (Dynamic GC Workers), MaxAllocRate: 217.0MB/s (+/-11.8%), Free: 1786MB, GCCPUTime: 0.040, GCDuration: 0.040s, TimeUntilOOM: 7.361s, TimeUntilGC: 7.221s, GCWorkers: 1 -> 1
[39.083s][debug][gc,director    ] Rule: High Usage, Free: 1786MB(87.2%)
[39.083s][debug][gc,director    ] Rule: Proactive, AcceptableGCInterval: 1.954s, TimeSinceLastGC: 1.464s, TimeUntilGC: 0.491s
[39.180s][debug][gc,alloc       ] Allocation Rate: 138.0MB/s, Predicted: 124.1MB/s, Avg: 152.6(+/-18.2)MB/s
[39.180s][debug][gc,director    ] Select GC Workers (Normal), AvoidLongGCWorkers: 0.003, AvoidOOMGCWorkers: 0.005, LastGCWorkers: 1.000, GCWorkers: 0.005
[39.180s][debug][gc,director    ] Rule: Allocation Rate (Dynamic GC Workers), MaxAllocRate: 212.3MB/s (+/-11.9%), Free: 1774MB, GCCPUTime: 0.040, GCDuration: 0.040s, TimeUntilOOM: 7.466s, TimeUntilGC: 7.326s, GCWorkers: 1 -> 1
[39.180s][debug][gc,director    ] Rule: High Usage, Free: 1774MB(86.6%)
[39.180s][debug][gc,director    ] Rule: Proactive, AcceptableGCInterval: 1.954s, TimeSinceLastGC: 1.561s, TimeUntilGC: 0.394s
[39.281s][debug][gc,alloc       ] Allocation Rate: 138.0MB/s, Predicted: 124.0MB/s, Avg: 149.0(+/-17.1)MB/s
[39.281s][debug][gc,director    ] Select GC Workers (Normal), AvoidLongGCWorkers: 0.003, AvoidOOMGCWorkers: 0.004, LastGCWorkers: 1.000, GCWorkers: 0.004
[39.281s][debug][gc,director    ] Rule: Allocation Rate (Dynamic GC Workers), MaxAllocRate: 205.2MB/s (+/-11.5%), Free: 1762MB, GCCPUTime: 0.040, GCDuration: 0.040s, TimeUntilOOM: 7.701s, TimeUntilGC: 7.561s, GCWorkers: 1 -> 1
[39.281s][debug][gc,director    ] Rule: High Usage, Free: 1762MB(86.0%)
[39.281s][debug][gc,director    ] Rule: Proactive, AcceptableGCInterval: 1.954s, TimeSinceLastGC: 1.662s, TimeUntilGC: 0.292s
[39.380s][debug][gc,alloc       ] Allocation Rate: 134.0MB/s, Predicted: 125.2MB/s, Avg: 144.8(+/-15.0)MB/s
[39.380s][debug][gc,director    ] Select GC Workers (Normal), AvoidLongGCWorkers: 0.003, AvoidOOMGCWorkers: 0.004, LastGCWorkers: 1.000, GCWorkers: 0.004
[39.380s][debug][gc,director    ] Rule: Allocation Rate (Dynamic GC Workers), MaxAllocRate: 194.1MB/s (+/-10.3%), Free: 1754MB, GCCPUTime: 0.040, GCDuration: 0.040s, TimeUntilOOM: 8.191s, TimeUntilGC: 8.051s, GCWorkers: 1 -> 1
[39.380s][debug][gc,director    ] Rule: High Usage, Free: 1754MB(85.6%)
[39.380s][debug][gc,director    ] Rule: Proactive, AcceptableGCInterval: 1.954s, TimeSinceLastGC: 1.761s, TimeUntilGC: 0.194s
[39.479s][debug][gc,alloc       ] Allocation Rate: 126.0MB/s, Predicted: 125.5MB/s, Avg: 140.0(+/-12.3)MB/s
[39.480s][debug][gc,director    ] Select GC Workers (Normal), AvoidLongGCWorkers: 0.003, AvoidOOMGCWorkers: 0.004, LastGCWorkers: 1.000, GCWorkers: 0.004
[39.480s][debug][gc,director    ] Rule: Allocation Rate (Dynamic GC Workers), MaxAllocRate: 180.5MB/s (+/-8.8%), Free: 1752MB, GCCPUTime: 0.040, GCDuration: 0.040s, TimeUntilOOM: 8.925s, TimeUntilGC: 8.785s, GCWorkers: 1 -> 1
[39.480s][debug][gc,director    ] Rule: High Usage, Free: 1752MB(85.5%)
[39.480s][debug][gc,director    ] Rule: Proactive, AcceptableGCInterval: 1.954s, TimeSinceLastGC: 1.861s, TimeUntilGC: 0.093s
[39.582s][debug][gc,alloc       ] Allocation Rate: 126.0MB/s, Predicted: 128.9MB/s, Avg: 135.2(+/-5.7)MB/s
[39.582s][debug][gc,director    ] Select GC Workers (Normal), AvoidLongGCWorkers: 0.003, AvoidOOMGCWorkers: 0.003, LastGCWorkers: 1.000, GCWorkers: 0.003
[39.582s][debug][gc,director    ] Rule: Allocation Rate (Dynamic GC Workers), MaxAllocRate: 153.9MB/s (+/-4.2%), Free: 1708MB, GCCPUTime: 0.040, GCDuration: 0.040s, TimeUntilOOM: 10.654s, TimeUntilGC: 10.514s, GCWorkers: 1 -> 1
[39.582s][debug][gc,director    ] Rule: High Usage, Free: 1708MB(83.4%)
[39.582s][debug][gc,director    ] Rule: Proactive, AcceptableGCInterval: 1.954s, TimeSinceLastGC: 1.963s, TimeUntilGC: -0.009s
[39.583s][debug][gc,heap        ] GC(12) Heap before GC invocations=12 (full 12):
[39.583s][debug][gc,heap        ] GC(12)  ZHeap           used 306M, capacity 686M, max capacity 2048M
[39.583s][debug][gc,heap        ] GC(12)  Metaspace       used 8941K, committed 9280K, reserved 1114112K
[39.583s][debug][gc,heap        ] GC(12)   class space    used 935K, committed 1088K, reserved 1048576K
[39.583s][info ][gc,start       ] GC(12) Garbage Collection (Proactive)
[39.583s][info ][gc,task        ] GC(12) Using 1 workers
[39.584s][debug][gc,phases,start] GC(12) Pause Mark Start
[39.584s][debug][gc,marking     ] GC(12) Using 1 mark stripes
[39.584s][debug][gc,marking     ] GC(12) Mark Worker/Stripe Distribution
[39.584s][debug][gc,marking     ] GC(12)   Worker 0(1) -> Stripe 0(1)
[39.584s][info ][gc,phases      ] GC(12) Pause Mark Start 0.205ms
[39.584s][debug][gc,phases,start] GC(12) Concurrent Mark
[39.584s][debug][gc,task        ] GC(12) Executing Task: ZMarkRootsTask, Active Workers: 1
[39.588s][debug][gc,tlab        ] GC(12) TLAB totals: thrds: 4  refills: 802 max: 799 slow allocs: 53 max 53 waste:  0.8% gc: 641296B max: 261056B slow: 1062608B max: 1062608B
[39.588s][debug][gc,task        ] GC(12) Executing Task: ZMarkTask, Active Workers: 1
[39.606s][info ][gc,phases      ] GC(12) Concurrent Mark 21.640ms
[39.606s][debug][gc,phases,start] GC(12) Pause Mark End
[39.606s][info ][gc,phases      ] GC(12) Pause Mark End 0.032ms
[39.606s][debug][gc,phases,start] GC(12) Concurrent Mark Free
[39.606s][info ][gc,phases      ] GC(12) Concurrent Mark Free 0.027ms
[39.606s][debug][gc,phases,start] GC(12) Concurrent Process Non-Strong References
[39.606s][debug][gc,phases,start] GC(12) Concurrent References Process
[39.606s][debug][gc,task        ] GC(12) Executing Task: ZReferenceProcessorTask, Active Workers: 1
[39.606s][debug][gc,phases      ] GC(12) Concurrent References Process 0.106ms
[39.606s][debug][gc,task        ] GC(12) Executing Task: ZProcessWeakRootsTask, Active Workers: 1
[39.607s][debug][gc,phases,start] GC(12) Concurrent Classes Unlink
[39.607s][debug][gc,phases,start] GC(12) ClassLoaderData
[39.607s][debug][gc,phases      ] GC(12) ClassLoaderData 0.043ms
[39.607s][debug][gc,phases,start] GC(12) Trigger cleanups
[39.607s][debug][gc,phases      ] GC(12) Trigger cleanups 0.011ms
[39.607s][debug][gc,task        ] GC(12) Executing Task: ZNMethodUnlinkTask, Active Workers: 1
[39.611s][debug][gc,phases      ] GC(12) Concurrent Classes Unlink 4.442ms
[39.611s][debug][gc,phases,start] GC(12) Concurrent Classes Purge
[39.611s][debug][gc,task        ] GC(12) Executing Task: ZNMethodPurgeTask, Active Workers: 1
[39.612s][debug][gc,phases      ] GC(12) Concurrent Classes Purge 0.242ms
[39.612s][debug][gc,phases,start] GC(12) Concurrent References Enqueue
[39.612s][debug][gc,phases      ] GC(12) Concurrent References Enqueue 0.014ms
[39.612s][info ][gc,phases      ] GC(12) Concurrent Process Non-Strong References 5.903ms
[39.612s][debug][gc,phases,start] GC(12) Concurrent Reset Relocation Set
[39.612s][info ][gc,phases      ] GC(12) Concurrent Reset Relocation Set 0.015ms
[39.612s][debug][gc,phases,start] GC(12) Concurrent Select Relocation Set
[39.614s][debug][gc,task        ] GC(12) Executing Task: ZRelocationSetInstallTask, Active Workers: 1
[39.614s][info ][gc,phases      ] GC(12) Concurrent Select Relocation Set 1.842ms
[39.614s][debug][gc,phases,start] GC(12) Pause Relocate Start
[39.614s][info ][gc,phases      ] GC(12) Pause Relocate Start 0.027ms
[39.614s][debug][gc,phases,start] GC(12) Concurrent Relocate
[39.614s][debug][gc,task        ] GC(12) Executing Task: ZRelocateTask, Active Workers: 1
[39.614s][info ][gc,phases      ] GC(12) Concurrent Relocate 0.053ms
[39.614s][debug][gc,heap        ] GC(12) Heap after GC invocations=13 (full 13):
[39.614s][debug][gc,heap        ] GC(12)  ZHeap           used 50M, capacity 686M, max capacity 2048M
[39.614s][debug][gc,heap        ] GC(12)  Metaspace       used 8941K, committed 9280K, reserved 1114112K
[39.614s][debug][gc,heap        ] GC(12)   class space    used 935K, committed 1088K, reserved 1048576K
[39.614s][info ][gc,load        ] GC(12) Load: 4.46/3.32/2.78
[39.614s][info ][gc,mmu         ] GC(12) MMU: 2ms/88.7%, 5ms/95.5%, 10ms/97.7%, 20ms/98.8%, 50ms/99.2%, 100ms/99.5%
[39.614s][info ][gc,marking     ] GC(12) Mark: 1 stripe(s), 2 proactive flush(es), 1 terminate flush(es), 0 completion(s), 0 continuation(s) 
[39.614s][info ][gc,marking     ] GC(12) Mark Stack Usage: 32M
[39.614s][info ][gc,nmethod     ] GC(12) NMethods: 2757 registered, 0 unregistered
[39.614s][info ][gc,metaspace   ] GC(12) Metaspace: 8M used, 9M committed, 1088M reserved
[39.614s][info ][gc,ref         ] GC(12) Soft: 742 encountered, 0 discovered, 0 enqueued
[39.614s][info ][gc,ref         ] GC(12) Weak: 1293 encountered, 612 discovered, 0 enqueued
[39.614s][info ][gc,ref         ] GC(12) Final: 0 encountered, 0 discovered, 0 enqueued
[39.614s][info ][gc,ref         ] GC(12) Phantom: 15 encountered, 9 discovered, 0 enqueued
[39.614s][info ][gc,reloc       ] GC(12) Small Pages: 105 / 210M, Empty: 204M, Relocated: 0M, In-Place: 0
[39.614s][info ][gc,reloc       ] GC(12) Medium Pages: 3 / 96M, Empty: 96M, Relocated: 0M, In-Place: 0
[39.614s][info ][gc,reloc       ] GC(12) Large Pages: 0 / 0M, Empty: 0M, Relocated: 0M, In-Place: 0
[39.614s][info ][gc,reloc       ] GC(12) Forwarding Usage: 0M
[39.614s][info ][gc,heap        ] GC(12) Min Capacity: 8M(0%)
[39.614s][info ][gc,heap        ] GC(12) Max Capacity: 2048M(100%)
[39.614s][info ][gc,heap        ] GC(12) Soft Max Capacity: 2048M(100%)
[39.614s][info ][gc,heap        ] GC(12)                Mark Start          Mark End        Relocate Start      Relocate End           High               Low         
[39.614s][info ][gc,heap        ] GC(12)  Capacity:      686M (33%)         686M (33%)         686M (33%)         686M (33%)         686M (33%)         686M (33%)    
[39.614s][info ][gc,heap        ] GC(12)      Free:     1742M (85%)        1704M (83%)        1998M (98%)        1998M (98%)        1998M (98%)        1700M (83%)    
[39.614s][info ][gc,heap        ] GC(12)      Used:      306M (15%)         344M (17%)          50M (2%)           50M (2%)          348M (17%)          50M (2%)     
[39.614s][info ][gc,heap        ] GC(12)      Live:         -                 5M (0%)            5M (0%)            5M (0%)             -                  -          
[39.614s][info ][gc,heap        ] GC(12) Allocated:         -                38M (2%)           44M (2%)           44M (2%)             -                  -          
[39.614s][info ][gc,heap        ] GC(12)   Garbage:         -               300M (15%)           0M (0%)            0M (0%)             -                  -          
[39.614s][info ][gc,heap        ] GC(12) Reclaimed:         -                  -               300M (15%)         300M (15%)            -                  -          
[39.614s][info ][gc             ] GC(12) Garbage Collection (Proactive) 306M(15%)->50M(2%)
[39.682s][debug][gc,alloc       ] Allocation Rate: 170.0MB/s, Predicted: 141.5MB/s, Avg: 139.2(+/-11.6)MB/s
[39.682s][debug][gc,director    ] Select GC Workers (Normal), AvoidLongGCWorkers: 0.003, AvoidOOMGCWorkers: 0.003, LastGCWorkers: 1.000, GCWorkers: 0.003
[39.682s][debug][gc,director    ] Rule: Allocation Rate (Dynamic GC Workers), MaxAllocRate: 179.6MB/s (+/-8.3%), Free: 1964MB, GCCPUTime: 0.038, GCDuration: 0.038s, TimeUntilOOM: 10.092s, TimeUntilGC: 9.954s, GCWorkers: 1 -> 1
[39.682s][debug][gc,director    ] Rule: High Usage, Free: 1964MB(95.9%)
[39.682s][debug][gc,director    ] Rule: Proactive, UsedUntilEnabled: 204MB, TimeUntilEnabled: 299.931s
[39.780s][debug][gc,alloc       ] Allocation Rate: 170.0MB/s, Predicted: 154.5MB/s, Avg: 142.0(+/-14.9)MB/s
[39.780s][debug][gc,director    ] Select GC Workers (Normal), AvoidLongGCWorkers: 0.003, AvoidOOMGCWorkers: 0.004, LastGCWorkers: 1.000, GCWorkers: 0.004
[39.780s][debug][gc,director    ] Rule: Allocation Rate (Dynamic GC Workers), MaxAllocRate: 203.4MB/s (+/-10.5%), Free: 1952MB, GCCPUTime: 0.038, GCDuration: 0.038s, TimeUntilOOM: 8.687s, TimeUntilGC: 8.548s, GCWorkers: 1 -> 1
[39.780s][debug][gc,director    ] Rule: High Usage, Free: 1952MB(95.3%)
[39.780s][debug][gc,director    ] Rule: Proactive, UsedUntilEnabled: 192MB, TimeUntilEnabled: 299.834s
[39.877s][debug][gc,alloc       ] Allocation Rate: 170.0MB/s, Predicted: 165.7MB/s, Avg: 144.8(+/-17.1)MB/s
[39.877s][debug][gc,director    ] Select GC Workers (Normal), AvoidLongGCWorkers: 0.003, AvoidOOMGCWorkers: 0.004, LastGCWorkers: 1.000, GCWorkers: 0.004
[39.877s][debug][gc,director    ] Rule: Allocation Rate (Dynamic GC Workers), MaxAllocRate: 221.9MB/s (+/-11.8%), Free: 1940MB, GCCPUTime: 0.038, GCDuration: 0.038s, TimeUntilOOM: 7.821s, TimeUntilGC: 7.682s, GCWorkers: 1 -> 1
[39.877s][debug][gc,director    ] Rule: High Usage, Free: 1940MB(94.7%)
[39.877s][debug][gc,director    ] Rule: Proactive, UsedUntilEnabled: 180MB, TimeUntilEnabled: 299.736s
[39.980s][debug][gc,alloc       ] Allocation Rate: 170.0MB/s, Predicted: 174.0MB/s, Avg: 148.0(+/-18.4)MB/s
[39.980s][debug][gc,director    ] Select GC Workers (Normal), AvoidLongGCWorkers: 0.003, AvoidOOMGCWorkers: 0.005, LastGCWorkers: 1.000, GCWorkers: 0.005
[39.980s][debug][gc,director    ] Rule: Allocation Rate (Dynamic GC Workers), MaxAllocRate: 234.7MB/s (+/-12.5%), Free: 1928MB, GCCPUTime: 0.038, GCDuration: 0.038s, TimeUntilOOM: 7.305s, TimeUntilGC: 7.167s, GCWorkers: 1 -> 1
[39.980s][debug][gc,director    ] Rule: High Usage, Free: 1928MB(94.1%)
[39.980s][debug][gc,director    ] Rule: Proactive, UsedUntilEnabled: 168MB, TimeUntilEnabled: 299.633s
[40.080s][debug][gc,alloc       ] Allocation Rate: 170.0MB/s, Predicted: 180.1MB/s, Avg: 151.2(+/-19.2)MB/s
[40.080s][debug][gc,director    ] Select GC Workers (Normal), AvoidLongGCWorkers: 0.003, AvoidOOMGCWorkers: 0.005, LastGCWorkers: 1.000, GCWorkers: 0.005
[40.080s][debug][gc,director    ] Rule: Allocation Rate (Dynamic GC Workers), MaxAllocRate: 243.3MB/s (+/-12.7%), Free: 1916MB, GCCPUTime: 0.038, GCDuration: 0.038s, TimeUntilOOM: 6.989s, TimeUntilGC: 6.851s, GCWorkers: 1 -> 1
[40.080s][debug][gc,director    ] Rule: High Usage, Free: 1916MB(93.6%)
[40.080s][debug][gc,director    ] Rule: Proactive, UsedUntilEnabled: 156MB, TimeUntilEnabled: 299.534s
[40.182s][debug][gc,alloc       ] Allocation Rate: 170.0MB/s, Predicted: 184.1MB/s, Avg: 154.4(+/-19.4)MB/s
[40.182s][info ][gc,stats       ] === Garbage Collection Statistics =======================================================================================================================
[40.182s][debug][gc,director    ] Select GC Workers (Normal), AvoidLongGCWorkers: 0.003, AvoidOOMGCWorkers: 0.005, LastGCWorkers: 1.000, GCWorkers: 0.005
[40.182s][info ][gc,stats       ]                                                              Last 10s              Last 10m              Last 10h                Total
[40.182s][debug][gc,director    ] Rule: Allocation Rate (Dynamic GC Workers), MaxAllocRate: 247.9MB/s (+/-12.6%), Free: 1904MB, GCCPUTime: 0.038, GCDuration: 0.038s, TimeUntilOOM: 6.823s, TimeUntilGC: 6.685s, GCWorkers: 1 -> 1
[40.182s][info ][gc,stats       ]                                                              Avg / Max             Avg / Max             Avg / Max             Avg / Max
[40.182s][debug][gc,director    ] Rule: High Usage, Free: 1904MB(93.0%)
[40.182s][info ][gc,stats       ]   Collector: Garbage Collection Cycle                     30.285 / 35.613       37.197 / 69.335       37.197 / 69.335       37.197 / 69.335      ms
[40.182s][info ][gc,stats       ]  Contention: Mark Segment Reset Contention                     0 / 0                 0 / 0                 0 / 0                 0 / 0           ops/s
[40.182s][info ][gc,stats       ]  Contention: Mark SeqNum Reset Contention                      0 / 0                 0 / 0                 0 / 0                 0 / 0           ops/s
[40.182s][info ][gc,stats       ]    Critical: Allocation Stall                                  0 / 0                 0 / 0                 0 / 0                 0 / 0           ops/s
[40.182s][debug][gc,director    ] Rule: Proactive, UsedUntilEnabled: 144MB, TimeUntilEnabled: 299.431s
[40.182s][info ][gc,stats       ]    Critical: Allocation Stall                              0.000 / 0.000         0.000 / 0.000         0.000 / 0.000         0.000 / 0.000       ms
[40.183s][info ][gc,stats       ]    Critical: GC Locker Stall                                   0 / 0                 0 / 0                 0 / 0                 0 / 0           ops/s
[40.183s][info ][gc,stats       ]    Critical: GC Locker Stall                               0.000 / 0.000         0.000 / 0.000         0.000 / 0.000         0.000 / 0.000       ms
[40.183s][info ][gc,stats       ]    Critical: Relocation Stall                                  0 / 0                 0 / 0                 0 / 0                 0 / 0           ops/s
[40.183s][info ][gc,stats       ]    Critical: Relocation Stall                              0.000 / 0.000         0.000 / 0.000         0.000 / 0.000         0.000 / 0.000       ms
[40.183s][info ][gc,stats       ]      Memory: Allocation Rate                                 157 / 178             110 / 178             110 / 178             110 / 178         MB/s
[40.183s][info ][gc,stats       ]      Memory: Defragment                                        0 / 0                 0 / 0                 0 / 0                 0 / 0           ops/s
[40.183s][info ][gc,stats       ]      Memory: Out Of Memory                                     0 / 0                 0 / 0                 0 / 0                 0 / 0           ops/s
[40.183s][info ][gc,stats       ]      Memory: Page Cache Flush                                  0 / 0                 0 / 0                 0 / 0                 0 / 0           MB/s
[40.183s][info ][gc,stats       ]      Memory: Page Cache Hit L1                                55 / 61               33 / 61               33 / 61               33 / 61          ops/s
[40.183s][info ][gc,stats       ]      Memory: Page Cache Hit L2                                 0 / 0                 0 / 0                 0 / 0                 0 / 0           ops/s
[40.183s][info ][gc,stats       ]      Memory: Page Cache Hit L3                                 0 / 0                 1 / 30                1 / 30                1 / 30          ops/s
[40.183s][info ][gc,stats       ]      Memory: Page Cache Miss                                   0 / 0                 4 / 45                4 / 45                4 / 45          ops/s
[40.183s][info ][gc,stats       ]      Memory: Uncommit                                          0 / 0                 0 / 0                 0 / 0                 0 / 0           MB/s
[40.183s][info ][gc,stats       ]      Memory: Undo Object Allocation Failed                     0 / 0                 0 / 0                 0 / 0                 0 / 0           ops/s
[40.183s][info ][gc,stats       ]      Memory: Undo Object Allocation Succeeded                  0 / 0                 0 / 0                 0 / 0                 0 / 0           ops/s
[40.183s][info ][gc,stats       ]      Memory: Undo Page Allocation                              0 / 0                 0 / 0                 0 / 0                 0 / 0           ops/s
[40.183s][info ][gc,stats       ]       Phase: Concurrent Mark                              19.771 / 22.403       23.393 / 43.395       23.393 / 43.395       23.393 / 43.395      ms
[40.183s][info ][gc,stats       ]       Phase: Concurrent Mark Continue                      0.000 / 0.000         0.000 / 0.000         0.000 / 0.000         0.000 / 0.000       ms
[40.183s][info ][gc,stats       ]       Phase: Concurrent Mark Free                          0.029 / 0.061         0.029 / 0.061         0.029 / 0.061         0.029 / 0.061       ms
[40.183s][info ][gc,stats       ]       Phase: Concurrent Process Non-Strong References      5.834 / 7.109         6.320 / 12.475        6.320 / 12.475        6.320 / 12.475      ms
[40.183s][info ][gc,stats       ]       Phase: Concurrent Relocate                           1.599 / 2.825         2.562 / 9.002         2.562 / 9.002         2.562 / 9.002       ms
[40.183s][info ][gc,stats       ]       Phase: Concurrent Reset Relocation Set               0.013 / 0.016         0.020 / 0.078         0.020 / 0.078         0.020 / 0.078       ms
[40.183s][info ][gc,stats       ]       Phase: Concurrent Select Relocation Set              1.915 / 2.311         3.473 / 16.802        3.473 / 16.802        3.473 / 16.802      ms
[40.183s][info ][gc,stats       ]       Phase: Pause Mark End                                0.042 / 0.080         0.053 / 0.198         0.053 / 0.198         0.053 / 0.198       ms
[40.183s][info ][gc,stats       ]       Phase: Pause Mark Start                              0.140 / 0.205         0.160 / 0.225         0.160 / 0.225         0.160 / 0.225       ms
[40.183s][info ][gc,stats       ]       Phase: Pause Relocate Start                          0.034 / 0.054         0.038 / 0.060         0.038 / 0.060         0.038 / 0.060       ms
[40.183s][info ][gc,stats       ]    Subphase: Concurrent Classes Purge                      0.192 / 0.242         0.229 / 0.423         0.229 / 0.423         0.229 / 0.423       ms
[40.183s][info ][gc,stats       ]    Subphase: Concurrent Classes Unlink                     4.620 / 5.696         4.952 / 9.434         4.952 / 9.434         4.952 / 9.434       ms
[40.183s][info ][gc,stats       ]    Subphase: Concurrent Mark                              16.139 / 18.016       19.402 / 37.349       19.402 / 37.349       19.402 / 37.349      ms
[40.183s][info ][gc,stats       ]    Subphase: Concurrent Mark Try Flush                     0.056 / 0.158         0.097 / 1.189         0.097 / 1.189         0.097 / 1.189       ms
[40.183s][info ][gc,stats       ]    Subphase: Concurrent Mark Try Terminate                 0.023 / 0.106         0.024 / 0.129         0.024 / 0.129         0.024 / 0.129       ms
[40.184s][info ][gc,stats       ]    Subphase: Concurrent References Enqueue                 0.013 / 0.016         0.025 / 0.128         0.025 / 0.128         0.025 / 0.128       ms
[40.184s][info ][gc,stats       ]    Subphase: Concurrent References Process                 0.114 / 0.172         0.132 / 0.276         0.132 / 0.276         0.132 / 0.276       ms
[40.184s][info ][gc,stats       ]    Subphase: Concurrent Roots ClassLoaderDataGraph         0.384 / 0.504         0.475 / 0.812         0.475 / 0.812         0.475 / 0.812       ms
[40.184s][info ][gc,stats       ]    Subphase: Concurrent Roots CodeCache                    0.000 / 0.000         0.000 / 0.000         0.000 / 0.000         0.000 / 0.000       ms
[40.184s][info ][gc,stats       ]    Subphase: Concurrent Roots JavaThreads                  2.884 / 3.818         3.005 / 3.818         3.005 / 3.818         3.005 / 3.818       ms
[40.184s][info ][gc,stats       ]    Subphase: Concurrent Roots OopStorageSet                0.056 / 0.101         0.085 / 0.167         0.085 / 0.167         0.085 / 0.167       ms
[40.184s][info ][gc,stats       ]    Subphase: Concurrent Weak Roots OopStorageSet           0.661 / 0.856         0.700 / 1.494         0.700 / 1.494         0.700 / 1.494       ms
[40.184s][info ][gc,stats       ]    Subphase: Pause Mark Try Complete                       0.000 / 0.000         0.046 / 0.046         0.046 / 0.046         0.046 / 0.046       ms
[40.184s][info ][gc,stats       ]      System: Java Threads                                     20 / 20               20 / 20               20 / 20               20 / 20          threads
[40.184s][info ][gc,stats       ] =========================================================================================================================================================
[40.282s][debug][gc,alloc       ] Allocation Rate: 158.0MB/s, Predicted: 181.2MB/s, Avg: 156.4(+/-18.6)MB/s
[40.282s][debug][gc,director    ] Select GC Workers (Normal), AvoidLongGCWorkers: 0.003, AvoidOOMGCWorkers: 0.005, LastGCWorkers: 1.000, GCWorkers: 0.005
[40.282s][debug][gc,director    ] Rule: Allocation Rate (Dynamic GC Workers), MaxAllocRate: 242.4MB/s (+/-11.9%), Free: 1904MB, GCCPUTime: 0.038, GCDuration: 0.038s, TimeUntilOOM: 7.019s, TimeUntilGC: 6.880s, GCWorkers: 1 -> 1
[40.282s][debug][gc,director    ] Rule: High Usage, Free: 1904MB(93.0%)
[40.282s][debug][gc,director    ] Rule: Proactive, UsedUntilEnabled: 144MB, TimeUntilEnabled: 299.332s
[40.378s][debug][gc,alloc       ] Allocation Rate: 162.0MB/s, Predicted: 177.5MB/s, Avg: 159.2(+/-17.1)MB/s
[40.379s][debug][gc,director    ] Select GC Workers (Normal), AvoidLongGCWorkers: 0.003, AvoidOOMGCWorkers: 0.005, LastGCWorkers: 1.000, GCWorkers: 0.005
[40.379s][debug][gc,director    ] Rule: Allocation Rate (Dynamic GC Workers), MaxAllocRate: 233.6MB/s (+/-10.7%), Free: 1892MB, GCCPUTime: 0.038, GCDuration: 0.038s, TimeUntilOOM: 7.314s, TimeUntilGC: 7.176s, GCWorkers: 1 -> 1
[40.379s][debug][gc,director    ] Rule: High Usage, Free: 1892MB(92.4%)
[40.379s][debug][gc,director    ] Rule: Proactive, UsedUntilEnabled: 132MB, TimeUntilEnabled: 299.235s
[40.481s][debug][gc,alloc       ] Allocation Rate: 172.0MB/s, Predicted: 173.7MB/s, Avg: 163.8(+/-13.3)MB/s
[40.481s][debug][gc,director    ] Select GC Workers (Normal), AvoidLongGCWorkers: 0.003, AvoidOOMGCWorkers: 0.004, LastGCWorkers: 1.000, GCWorkers: 0.004
[40.482s][debug][gc,director    ] Rule: Allocation Rate (Dynamic GC Workers), MaxAllocRate: 217.4MB/s (+/-8.1%), Free: 1880MB, GCCPUTime: 0.038, GCDuration: 0.038s, TimeUntilOOM: 7.998s, TimeUntilGC: 7.860s, GCWorkers: 1 -> 1
[40.482s][debug][gc,director    ] Rule: High Usage, Free: 1880MB(91.8%)
[40.482s][debug][gc,director    ] Rule: Proactive, UsedUntilEnabled: 120MB, TimeUntilEnabled: 299.132s
[40.579s][debug][gc,alloc       ] Allocation Rate: 172.0MB/s, Predicted: 166.9MB/s, Avg: 168.4(+/-4.4)MB/s
[40.580s][debug][gc,director    ] Select GC Workers (Normal), AvoidLongGCWorkers: 0.003, AvoidOOMGCWorkers: 0.003, LastGCWorkers: 1.000, GCWorkers: 0.003
[40.580s][debug][gc,director    ] Rule: Allocation Rate (Dynamic GC Workers), MaxAllocRate: 182.8MB/s (+/-2.6%), Free: 1836MB, GCCPUTime: 0.038, GCDuration: 0.038s, TimeUntilOOM: 9.792s, TimeUntilGC: 9.654s, GCWorkers: 1 -> 1
[40.580s][debug][gc,director    ] Rule: High Usage, Free: 1836MB(89.6%)
[40.580s][debug][gc,director    ] Rule: Proactive, UsedUntilEnabled: 76MB, TimeUntilEnabled: 299.034s
[40.682s][debug][gc,alloc       ] Allocation Rate: 140.0MB/s, Predicted: 156.0MB/s, Avg: 165.4(+/-9.5)MB/s
[40.682s][debug][gc,director    ] Select GC Workers (Normal), AvoidLongGCWorkers: 0.003, AvoidOOMGCWorkers: 0.004, LastGCWorkers: 1.000, GCWorkers: 0.004
[40.682s][debug][gc,director    ] Rule: Allocation Rate (Dynamic GC Workers), MaxAllocRate: 196.7MB/s (+/-5.7%), Free: 1824MB, GCCPUTime: 0.038, GCDuration: 0.038s, TimeUntilOOM: 8.769s, TimeUntilGC: 8.631s, GCWorkers: 1 -> 1
[40.682s][debug][gc,director    ] Rule: High Usage, Free: 1824MB(89.1%)
[40.682s][debug][gc,director    ] Rule: Proactive, UsedUntilEnabled: 64MB, TimeUntilEnabled: 298.932s
[40.783s][debug][gc,alloc       ] Allocation Rate: 140.0MB/s, Predicted: 147.1MB/s, Avg: 162.4(+/-12.0)MB/s
[40.784s][debug][gc,director    ] Select GC Workers (Normal), AvoidLongGCWorkers: 0.003, AvoidOOMGCWorkers: 0.004, LastGCWorkers: 1.000, GCWorkers: 0.004
[40.784s][debug][gc,director    ] Rule: Allocation Rate (Dynamic GC Workers), MaxAllocRate: 201.9MB/s (+/-7.4%), Free: 1812MB, GCCPUTime: 0.038, GCDuration: 0.038s, TimeUntilOOM: 8.359s, TimeUntilGC: 8.221s, GCWorkers: 1 -> 1
[40.784s][debug][gc,director    ] Rule: High Usage, Free: 1812MB(88.5%)
[40.784s][debug][gc,director    ] Rule: Proactive, UsedUntilEnabled: 52MB, TimeUntilEnabled: 298.830s
[40.880s][debug][gc,alloc       ] Allocation Rate: 138.0MB/s, Predicted: 139.3MB/s, Avg: 159.2(+/-13.7)MB/s
[40.881s][debug][gc,director    ] Select GC Workers (Normal), AvoidLongGCWorkers: 0.003, AvoidOOMGCWorkers: 0.004, LastGCWorkers: 1.000, GCWorkers: 0.004
[40.881s][debug][gc,director    ] Rule: Allocation Rate (Dynamic GC Workers), MaxAllocRate: 204.2MB/s (+/-8.6%), Free: 1802MB, GCCPUTime: 0.038, GCDuration: 0.038s, TimeUntilOOM: 8.124s, TimeUntilGC: 7.986s, GCWorkers: 1 -> 1
[40.881s][debug][gc,director    ] Rule: High Usage, Free: 1802MB(88.0%)
[40.881s][debug][gc,director    ] Rule: Proactive, UsedUntilEnabled: 42MB, TimeUntilEnabled: 298.733s
[40.979s][debug][gc,alloc       ] Allocation Rate: 138.0MB/s, Predicted: 133.7MB/s, Avg: 156.0(+/-14.5)MB/s
[40.979s][debug][gc,director    ] Select GC Workers (Normal), AvoidLongGCWorkers: 0.003, AvoidOOMGCWorkers: 0.004, LastGCWorkers: 1.000, GCWorkers: 0.004
[40.979s][debug][gc,director    ] Rule: Allocation Rate (Dynamic GC Workers), MaxAllocRate: 203.7MB/s (+/-9.3%), Free: 1790MB, GCCPUTime: 0.038, GCDuration: 0.038s, TimeUntilOOM: 8.039s, TimeUntilGC: 7.900s, GCWorkers: 1 -> 1
[40.979s][debug][gc,director    ] Rule: High Usage, Free: 1790MB(87.4%)
[40.979s][debug][gc,director    ] Rule: Proactive, UsedUntilEnabled: 30MB, TimeUntilEnabled: 298.634s
[41.080s][debug][gc,alloc       ] Allocation Rate: 138.0MB/s, Predicted: 130.3MB/s, Avg: 152.8(+/-14.6)MB/s
[41.080s][debug][gc,director    ] Select GC Workers (Normal), AvoidLongGCWorkers: 0.003, AvoidOOMGCWorkers: 0.004, LastGCWorkers: 1.000, GCWorkers: 0.004
[41.080s][debug][gc,director    ] Rule: Allocation Rate (Dynamic GC Workers), MaxAllocRate: 200.8MB/s (+/-9.6%), Free: 1778MB, GCCPUTime: 0.038, GCDuration: 0.038s, TimeUntilOOM: 8.082s, TimeUntilGC: 7.943s, GCWorkers: 1 -> 1
[41.080s][debug][gc,director    ] Rule: High Usage, Free: 1778MB(86.8%)
[41.080s][debug][gc,director    ] Rule: Proactive, UsedUntilEnabled: 18MB, TimeUntilEnabled: 298.533s
[41.182s][debug][gc,alloc       ] Allocation Rate: 126.0MB/s, Predicted: 124.1MB/s, Avg: 148.4(+/-15.4)MB/s
[41.182s][debug][gc,director    ] Select GC Workers (Normal), AvoidLongGCWorkers: 0.003, AvoidOOMGCWorkers: 0.004, LastGCWorkers: 1.000, GCWorkers: 0.004
[41.182s][debug][gc,director    ] Rule: Allocation Rate (Dynamic GC Workers), MaxAllocRate: 198.9MB/s (+/-10.3%), Free: 1778MB, GCCPUTime: 0.038, GCDuration: 0.038s, TimeUntilOOM: 8.100s, TimeUntilGC: 7.961s, GCWorkers: 1 -> 1
[41.183s][debug][gc,director    ] Rule: High Usage, Free: 1778MB(86.8%)
[41.183s][debug][gc,director    ] Rule: Proactive, UsedUntilEnabled: 18MB, TimeUntilEnabled: 298.431s
[41.284s][debug][gc,alloc       ] Allocation Rate: 138.0MB/s, Predicted: 122.5MB/s, Avg: 146.4(+/-15.3)MB/s
[41.284s][debug][gc,director    ] Select GC Workers (Normal), AvoidLongGCWorkers: 0.003, AvoidOOMGCWorkers: 0.004, LastGCWorkers: 1.000, GCWorkers: 0.004
[41.284s][debug][gc,director    ] Rule: Allocation Rate (Dynamic GC Workers), MaxAllocRate: 196.7MB/s (+/-10.4%), Free: 1766MB, GCCPUTime: 0.038, GCDuration: 0.038s, TimeUntilOOM: 8.131s, TimeUntilGC: 7.992s, GCWorkers: 1 -> 1
[41.284s][debug][gc,director    ] Rule: High Usage, Free: 1766MB(86.2%)
[41.284s][debug][gc,director    ] Rule: Proactive, UsedUntilEnabled: 6MB, TimeUntilEnabled: 298.330s
[41.384s][debug][gc,alloc       ] Allocation Rate: 138.0MB/s, Predicted: 123.3MB/s, Avg: 144.0(+/-14.5)MB/s
[41.384s][debug][gc,director    ] Select GC Workers (Normal), AvoidLongGCWorkers: 0.003, AvoidOOMGCWorkers: 0.004, LastGCWorkers: 1.000, GCWorkers: 0.004
[41.384s][debug][gc,director    ] Rule: Allocation Rate (Dynamic GC Workers), MaxAllocRate: 191.7MB/s (+/-10.1%), Free: 1754MB, GCCPUTime: 0.038, GCDuration: 0.038s, TimeUntilOOM: 8.311s, TimeUntilGC: 8.173s, GCWorkers: 1 -> 1
[41.385s][debug][gc,director    ] Rule: High Usage, Free: 1754MB(85.6%)
[41.385s][debug][gc,director    ] Rule: Proactive, AcceptableGCInterval: 1.882s, TimeSinceLastGC: 1.771s, TimeUntilGC: 0.111s
[41.485s][debug][gc,alloc       ] Allocation Rate: 170.0MB/s, Predicted: 141.2MB/s, Avg: 143.8(+/-14.1)MB/s
[41.485s][debug][gc,director    ] Select GC Workers (Normal), AvoidLongGCWorkers: 0.003, AvoidOOMGCWorkers: 0.004, LastGCWorkers: 1.000, GCWorkers: 0.004
[41.485s][debug][gc,director    ] Rule: Allocation Rate (Dynamic GC Workers), MaxAllocRate: 190.3MB/s (+/-9.8%), Free: 1710MB, GCCPUTime: 0.038, GCDuration: 0.038s, TimeUntilOOM: 8.183s, TimeUntilGC: 8.044s, GCWorkers: 1 -> 1
[41.485s][debug][gc,director    ] Rule: High Usage, Free: 1710MB(83.5%)
[41.485s][debug][gc,director    ] Rule: Proactive, AcceptableGCInterval: 1.882s, TimeSinceLastGC: 1.871s, TimeUntilGC: 0.010s
[41.584s][debug][gc,alloc       ] Allocation Rate: 138.0MB/s, Predicted: 146.4MB/s, Avg: 140.4(+/-10.6)MB/s
[41.584s][debug][gc,director    ] Select GC Workers (Normal), AvoidLongGCWorkers: 0.003, AvoidOOMGCWorkers: 0.004, LastGCWorkers: 1.000, GCWorkers: 0.004
[41.584s][debug][gc,director    ] Rule: Allocation Rate (Dynamic GC Workers), MaxAllocRate: 181.2MB/s (+/-7.5%), Free: 1698MB, GCCPUTime: 0.038, GCDuration: 0.038s, TimeUntilOOM: 8.715s, TimeUntilGC: 8.576s, GCWorkers: 1 -> 1
[41.585s][debug][gc,director    ] Rule: High Usage, Free: 1698MB(82.9%)
[41.585s][debug][gc,director    ] Rule: Proactive, AcceptableGCInterval: 1.882s, TimeSinceLastGC: 1.971s, TimeUntilGC: -0.089s
[41.585s][debug][gc,heap        ] GC(13) Heap before GC invocations=13 (full 13):
[41.585s][debug][gc,heap        ] GC(13)  ZHeap           used 316M, capacity 686M, max capacity 2048M
[41.585s][debug][gc,heap        ] GC(13)  Metaspace       used 8961K, committed 9280K, reserved 1114112K
[41.585s][debug][gc,heap        ] GC(13)   class space    used 935K, committed 1088K, reserved 1048576K
[41.585s][info ][gc,start       ] GC(13) Garbage Collection (Proactive)
[41.585s][info ][gc,task        ] GC(13) Using 1 workers
[41.585s][debug][gc,phases,start] GC(13) Pause Mark Start
[41.585s][debug][gc,marking     ] GC(13) Using 1 mark stripes
[41.585s][debug][gc,marking     ] GC(13) Mark Worker/Stripe Distribution
[41.585s][debug][gc,marking     ] GC(13)   Worker 0(1) -> Stripe 0(1)
[41.585s][info ][gc,phases      ] GC(13) Pause Mark Start 0.240ms
[41.586s][debug][gc,phases,start] GC(13) Concurrent Mark
[41.586s][debug][gc,task        ] GC(13) Executing Task: ZMarkRootsTask, Active Workers: 1
[41.589s][debug][gc,tlab        ] GC(13) TLAB totals: thrds: 5  refills: 850 max: 846 slow allocs: 56 max 56 waste:  0.9% gc: 902224B max: 261904B slow: 1131264B max: 1131264B
[41.589s][debug][gc,task        ] GC(13) Executing Task: ZMarkTask, Active Workers: 1
[41.605s][info ][gc,phases      ] GC(13) Concurrent Mark 19.942ms
[41.606s][debug][gc,phases,start] GC(13) Pause Mark End
[41.606s][info ][gc,phases      ] GC(13) Pause Mark End 0.043ms
[41.606s][debug][gc,phases,start] GC(13) Concurrent Mark Free
[41.606s][info ][gc,phases      ] GC(13) Concurrent Mark Free 0.024ms
[41.606s][debug][gc,phases,start] GC(13) Concurrent Process Non-Strong References
[41.606s][debug][gc,phases,start] GC(13) Concurrent References Process
[41.606s][debug][gc,task        ] GC(13) Executing Task: ZReferenceProcessorTask, Active Workers: 1
[41.606s][debug][gc,phases      ] GC(13) Concurrent References Process 0.089ms
[41.606s][debug][gc,task        ] GC(13) Executing Task: ZProcessWeakRootsTask, Active Workers: 1
[41.606s][debug][gc,phases,start] GC(13) Concurrent Classes Unlink
[41.606s][debug][gc,phases,start] GC(13) ClassLoaderData
[41.606s][debug][gc,phases      ] GC(13) ClassLoaderData 0.041ms
[41.606s][debug][gc,phases,start] GC(13) Trigger cleanups
[41.606s][debug][gc,phases      ] GC(13) Trigger cleanups 0.010ms
[41.606s][debug][gc,task        ] GC(13) Executing Task: ZNMethodUnlinkTask, Active Workers: 1
[41.611s][debug][gc,phases      ] GC(13) Concurrent Classes Unlink 4.560ms
[41.611s][debug][gc,phases,start] GC(13) Concurrent Classes Purge
[41.611s][debug][gc,task        ] GC(13) Executing Task: ZNMethodPurgeTask, Active Workers: 1
[41.611s][debug][gc,phases      ] GC(13) Concurrent Classes Purge 0.172ms
[41.611s][debug][gc,phases,start] GC(13) Concurrent References Enqueue
[41.611s][debug][gc,phases      ] GC(13) Concurrent References Enqueue 0.015ms
[41.611s][info ][gc,phases      ] GC(13) Concurrent Process Non-Strong References 5.413ms
[41.611s][debug][gc,phases,start] GC(13) Concurrent Reset Relocation Set
[41.611s][info ][gc,phases      ] GC(13) Concurrent Reset Relocation Set 0.017ms
[41.611s][debug][gc,phases,start] GC(13) Concurrent Select Relocation Set
[41.613s][debug][gc,task        ] GC(13) Executing Task: ZRelocationSetInstallTask, Active Workers: 1
[41.613s][info ][gc,phases      ] GC(13) Concurrent Select Relocation Set 1.987ms
[41.613s][debug][gc,phases,start] GC(13) Pause Relocate Start
[41.613s][info ][gc,phases      ] GC(13) Pause Relocate Start 0.025ms
[41.613s][debug][gc,phases,start] GC(13) Concurrent Relocate
[41.613s][debug][gc,task        ] GC(13) Executing Task: ZRelocateTask, Active Workers: 1
[41.615s][info ][gc,phases      ] GC(13) Concurrent Relocate 1.762ms
[41.615s][debug][gc,heap        ] GC(13) Heap after GC invocations=14 (full 14):
[41.615s][debug][gc,heap        ] GC(13)  ZHeap           used 6M, capacity 686M, max capacity 2048M
[41.615s][debug][gc,heap        ] GC(13)  Metaspace       used 8961K, committed 9280K, reserved 1114112K
[41.615s][debug][gc,heap        ] GC(13)   class space    used 935K, committed 1088K, reserved 1048576K
[41.615s][info ][gc,load        ] GC(13) Load: 4.27/3.30/2.77
[41.615s][info ][gc,mmu         ] GC(13) MMU: 2ms/88.0%, 5ms/95.2%, 10ms/97.6%, 20ms/98.8%, 50ms/99.2%, 100ms/99.5%
[41.615s][info ][gc,marking     ] GC(13) Mark: 1 stripe(s), 2 proactive flush(es), 1 terminate flush(es), 0 completion(s), 0 continuation(s) 
[41.615s][info ][gc,marking     ] GC(13) Mark Stack Usage: 32M
[41.615s][info ][gc,nmethod     ] GC(13) NMethods: 2779 registered, 0 unregistered
[41.615s][info ][gc,metaspace   ] GC(13) Metaspace: 8M used, 9M committed, 1088M reserved
[41.615s][info ][gc,ref         ] GC(13) Soft: 742 encountered, 0 discovered, 0 enqueued
[41.615s][info ][gc,ref         ] GC(13) Weak: 1293 encountered, 651 discovered, 0 enqueued
[41.615s][info ][gc,ref         ] GC(13) Final: 0 encountered, 0 discovered, 0 enqueued
[41.615s][info ][gc,ref         ] GC(13) Phantom: 15 encountered, 8 discovered, 0 enqueued
[41.615s][info ][gc,reloc       ] GC(13) Small Pages: 110 / 220M, Empty: 210M, Relocated: 1M, In-Place: 0
[41.615s][info ][gc,reloc       ] GC(13) Medium Pages: 3 / 96M, Empty: 96M, Relocated: 0M, In-Place: 0
[41.615s][info ][gc,reloc       ] GC(13) Large Pages: 0 / 0M, Empty: 0M, Relocated: 0M, In-Place: 0
[41.615s][info ][gc,reloc       ] GC(13) Forwarding Usage: 0M
[41.615s][info ][gc,heap        ] GC(13) Min Capacity: 8M(0%)
[41.615s][info ][gc,heap        ] GC(13) Max Capacity: 2048M(100%)
[41.615s][info ][gc,heap        ] GC(13) Soft Max Capacity: 2048M(100%)
[41.615s][info ][gc,heap        ] GC(13)                Mark Start          Mark End        Relocate Start      Relocate End           High               Low         
[41.615s][info ][gc,heap        ] GC(13)  Capacity:      686M (33%)         686M (33%)         686M (33%)         686M (33%)         686M (33%)         686M (33%)    
[41.615s][info ][gc,heap        ] GC(13)      Free:     1732M (85%)        1732M (85%)        2038M (100%)       2042M (100%)       2042M (100%)       1732M (85%)    
[41.615s][info ][gc,heap        ] GC(13)      Used:      316M (15%)         316M (15%)          10M (0%)            6M (0%)          316M (15%)           6M (0%)     
[41.615s][info ][gc,heap        ] GC(13)      Live:         -                 5M (0%)            5M (0%)            5M (0%)             -                  -          
[41.615s][info ][gc,heap        ] GC(13) Allocated:         -                 0M (0%)            0M (0%)            0M (0%)             -                  -          
[41.615s][info ][gc,heap        ] GC(13)   Garbage:         -               310M (15%)           4M (0%)            0M (0%)             -                  -          
[41.615s][info ][gc,heap        ] GC(13) Reclaimed:         -                  -               306M (15%)         310M (15%)            -                  -          
[41.615s][info ][gc             ] GC(13) Garbage Collection (Proactive) 316M(15%)->6M(0%)
[41.685s][debug][gc,alloc       ] Allocation Rate: 170.0MB/s, Predicted: 158.1MB/s, Avg: 143.4(+/-13.8)MB/s
[41.685s][debug][gc,director    ] Select GC Workers (Normal), AvoidLongGCWorkers: 0.003, AvoidOOMGCWorkers: 0.003, LastGCWorkers: 1.000, GCWorkers: 0.003
[41.685s][debug][gc,director    ] Rule: Allocation Rate (Dynamic GC Workers), MaxAllocRate: 203.5MB/s (+/-9.6%), Free: 1964MB, GCCPUTime: 0.035, GCDuration: 0.035s, TimeUntilOOM: 8.802s, TimeUntilGC: 8.667s, GCWorkers: 1 -> 1
[41.685s][debug][gc,director    ] Rule: High Usage, Free: 1964MB(95.9%)
[41.685s][debug][gc,director    ] Rule: Proactive, UsedUntilEnabled: 160MB, TimeUntilEnabled: 299.930s
[41.780s][debug][gc,alloc       ] Allocation Rate: 170.0MB/s, Predicted: 167.9MB/s, Avg: 146.4(+/-15.8)MB/s
[41.780s][debug][gc,director    ] Select GC Workers (Normal), AvoidLongGCWorkers: 0.003, AvoidOOMGCWorkers: 0.004, LastGCWorkers: 1.000, GCWorkers: 0.004
[41.780s][debug][gc,director    ] Rule: Allocation Rate (Dynamic GC Workers), MaxAllocRate: 220.0MB/s (+/-10.8%), Free: 1952MB, GCCPUTime: 0.035, GCDuration: 0.035s, TimeUntilOOM: 8.006s, TimeUntilGC: 7.871s, GCWorkers: 1 -> 1
[41.780s][debug][gc,director    ] Rule: High Usage, Free: 1952MB(95.3%)
[41.780s][debug][gc,director    ] Rule: Proactive, UsedUntilEnabled: 148MB, TimeUntilEnabled: 299.835s
[41.878s][debug][gc,alloc       ] Allocation Rate: 172.0MB/s, Predicted: 175.9MB/s, Avg: 149.8(+/-17.3)MB/s
[41.878s][debug][gc,director    ] Select GC Workers (Normal), AvoidLongGCWorkers: 0.003, AvoidOOMGCWorkers: 0.004, LastGCWorkers: 1.000, GCWorkers: 0.004
[41.878s][debug][gc,director    ] Rule: Allocation Rate (Dynamic GC Workers), MaxAllocRate: 232.7MB/s (+/-11.5%), Free: 1940MB, GCCPUTime: 0.035, GCDuration: 0.035s, TimeUntilOOM: 7.477s, TimeUntilGC: 7.342s, GCWorkers: 1 -> 1
[41.878s][debug][gc,director    ] Rule: High Usage, Free: 1940MB(94.7%)
[41.878s][debug][gc,director    ] Rule: Proactive, UsedUntilEnabled: 136MB, TimeUntilEnabled: 299.737s
[41.978s][debug][gc,alloc       ] Allocation Rate: 164.0MB/s, Predicted: 178.4MB/s, Avg: 152.4(+/-17.2)MB/s
[41.978s][debug][gc,director    ] Select GC Workers (Normal), AvoidLongGCWorkers: 0.003, AvoidOOMGCWorkers: 0.004, LastGCWorkers: 1.000, GCWorkers: 0.004
[41.979s][debug][gc,director    ] Rule: Allocation Rate (Dynamic GC Workers), MaxAllocRate: 235.1MB/s (+/-11.3%), Free: 1936MB, GCCPUTime: 0.035, GCDuration: 0.035s, TimeUntilOOM: 7.396s, TimeUntilGC: 7.261s, GCWorkers: 1 -> 1
[41.979s][debug][gc,director    ] Rule: High Usage, Free: 1936MB(94.5%)
[41.979s][debug][gc,director    ] Rule: Proactive, UsedUntilEnabled: 132MB, TimeUntilEnabled: 299.636s
[42.082s][debug][gc,alloc       ] Allocation Rate: 162.0MB/s, Predicted: 178.4MB/s, Avg: 154.8(+/-16.7)MB/s
[42.082s][debug][gc,director    ] Select GC Workers (Normal), AvoidLongGCWorkers: 0.003, AvoidOOMGCWorkers: 0.004, LastGCWorkers: 1.000, GCWorkers: 0.004
[42.082s][debug][gc,director    ] Rule: Allocation Rate (Dynamic GC Workers), MaxAllocRate: 233.5MB/s (+/-10.8%), Free: 1926MB, GCCPUTime: 0.035, GCDuration: 0.035s, TimeUntilOOM: 7.444s, TimeUntilGC: 7.309s, GCWorkers: 1 -> 1
[42.082s][debug][gc,director    ] Rule: High Usage, Free: 1926MB(94.0%)
[42.082s][debug][gc,director    ] Rule: Proactive, UsedUntilEnabled: 122MB, TimeUntilEnabled: 299.533s
[42.184s][debug][gc,alloc       ] Allocation Rate: 174.0MB/s, Predicted: 178.4MB/s, Avg: 159.6(+/-14.5)MB/s
[42.184s][debug][gc,director    ] Select GC Workers (Normal), AvoidLongGCWorkers: 0.003, AvoidOOMGCWorkers: 0.004, LastGCWorkers: 1.000, GCWorkers: 0.004
[42.185s][debug][gc,director    ] Rule: Allocation Rate (Dynamic GC Workers), MaxAllocRate: 226.2MB/s (+/-9.1%), Free: 1914MB, GCCPUTime: 0.035, GCDuration: 0.035s, TimeUntilOOM: 7.756s, TimeUntilGC: 7.621s, GCWorkers: 1 -> 1
[42.185s][debug][gc,director    ] Rule: High Usage, Free: 1914MB(93.5%)
[42.185s][debug][gc,director    ] Rule: Proactive, UsedUntilEnabled: 110MB, TimeUntilEnabled: 299.430s
[42.284s][debug][gc,alloc       ] Allocation Rate: 174.0MB/s, Predicted: 178.4MB/s, Avg: 163.2(+/-13.1)MB/s
[42.284s][debug][gc,director    ] Select GC Workers (Normal), AvoidLongGCWorkers: 0.003, AvoidOOMGCWorkers: 0.004, LastGCWorkers: 1.000, GCWorkers: 0.004
[42.284s][debug][gc,director    ] Rule: Allocation Rate (Dynamic GC Workers), MaxAllocRate: 221.6MB/s (+/-8.0%), Free: 1902MB, GCCPUTime: 0.035, GCDuration: 0.035s, TimeUntilOOM: 7.945s, TimeUntilGC: 7.810s, GCWorkers: 1 -> 1
[42.284s][debug][gc,director    ] Rule: High Usage, Free: 1902MB(92.9%)
[42.284s][debug][gc,director    ] Rule: Proactive, UsedUntilEnabled: 98MB, TimeUntilEnabled: 299.331s
[42.378s][debug][gc,alloc       ] Allocation Rate: 174.0MB/s, Predicted: 176.0MB/s, Avg: 166.8(+/-10.4)MB/s
[42.378s][debug][gc,director    ] Select GC Workers (Normal), AvoidLongGCWorkers: 0.003, AvoidOOMGCWorkers: 0.004, LastGCWorkers: 1.000, GCWorkers: 0.004
[42.379s][debug][gc,director    ] Rule: Allocation Rate (Dynamic GC Workers), MaxAllocRate: 210.1MB/s (+/-6.2%), Free: 1890MB, GCCPUTime: 0.035, GCDuration: 0.035s, TimeUntilOOM: 8.470s, TimeUntilGC: 8.335s, GCWorkers: 1 -> 1
[42.379s][debug][gc,director    ] Rule: High Usage, Free: 1890MB(92.3%)
[42.379s][debug][gc,director    ] Rule: Proactive, UsedUntilEnabled: 86MB, TimeUntilEnabled: 299.236s
[42.483s][debug][gc,alloc       ] Allocation Rate: 142.0MB/s, Predicted: 166.9MB/s, Avg: 164.0(+/-12.6)MB/s
[42.483s][debug][gc,director    ] Select GC Workers (Normal), AvoidLongGCWorkers: 0.003, AvoidOOMGCWorkers: 0.004, LastGCWorkers: 1.000, GCWorkers: 0.004
[42.483s][debug][gc,director    ] Rule: Allocation Rate (Dynamic GC Workers), MaxAllocRate: 208.6MB/s (+/-7.7%), Free: 1878MB, GCCPUTime: 0.035, GCDuration: 0.035s, TimeUntilOOM: 8.360s, TimeUntilGC: 8.225s, GCWorkers: 1 -> 1
[42.483s][debug][gc,director    ] Rule: High Usage, Free: 1878MB(91.7%)
[42.483s][debug][gc,director    ] Rule: Proactive, UsedUntilEnabled: 74MB, TimeUntilEnabled: 299.132s
[42.584s][debug][gc,alloc       ] Allocation Rate: 174.0MB/s, Predicted: 164.0MB/s, Avg: 167.6(+/-9.5)MB/s
[42.584s][debug][gc,director    ] Select GC Workers (Normal), AvoidLongGCWorkers: 0.003, AvoidOOMGCWorkers: 0.004, LastGCWorkers: 1.000, GCWorkers: 0.004
[42.584s][debug][gc,director    ] Rule: Allocation Rate (Dynamic GC Workers), MaxAllocRate: 198.7MB/s (+/-5.6%), Free: 1834MB, GCCPUTime: 0.035, GCDuration: 0.035s, TimeUntilOOM: 8.736s, TimeUntilGC: 8.601s, GCWorkers: 1 -> 1
[42.584s][debug][gc,director    ] Rule: High Usage, Free: 1834MB(89.6%)
[42.585s][debug][gc,director    ] Rule: Proactive, UsedUntilEnabled: 30MB, TimeUntilEnabled: 299.031s
[42.685s][debug][gc,alloc       ] Allocation Rate: 142.0MB/s, Predicted: 154.4MB/s, Avg: 164.8(+/-12.1)MB/s
[42.685s][debug][gc,director    ] Select GC Workers (Normal), AvoidLongGCWorkers: 0.003, AvoidOOMGCWorkers: 0.004, LastGCWorkers: 1.000, GCWorkers: 0.004
[42.685s][debug][gc,director    ] Rule: Allocation Rate (Dynamic GC Workers), MaxAllocRate: 204.6MB/s (+/-7.3%), Free: 1822MB, GCCPUTime: 0.035, GCDuration: 0.035s, TimeUntilOOM: 8.294s, TimeUntilGC: 8.159s, GCWorkers: 1 -> 1
[42.685s][debug][gc,director    ] Rule: High Usage, Free: 1822MB(89.0%)
[42.685s][debug][gc,director    ] Rule: Proactive, UsedUntilEnabled: 18MB, TimeUntilEnabled: 298.930s
[42.780s][debug][gc,alloc       ] Allocation Rate: 140.0MB/s, Predicted: 145.9MB/s, Avg: 161.8(+/-14.0)MB/s
[42.780s][debug][gc,director    ] Select GC Workers (Normal), AvoidLongGCWorkers: 0.003, AvoidOOMGCWorkers: 0.004, LastGCWorkers: 1.000, GCWorkers: 0.004
[42.780s][debug][gc,director    ] Rule: Allocation Rate (Dynamic GC Workers), MaxAllocRate: 207.9MB/s (+/-8.7%), Free: 1812MB, GCCPUTime: 0.035, GCDuration: 0.035s, TimeUntilOOM: 8.021s, TimeUntilGC: 7.886s, GCWorkers: 1 -> 1
[42.780s][debug][gc,director    ] Rule: High Usage, Free: 1812MB(88.5%)
[42.780s][debug][gc,director    ] Rule: Proactive, UsedUntilEnabled: 8MB, TimeUntilEnabled: 298.835s
[42.884s][debug][gc,alloc       ] Allocation Rate: 130.0MB/s, Predicted: 135.9MB/s, Avg: 157.6(+/-16.4)MB/s
[42.884s][debug][gc,director    ] Select GC Workers (Normal), AvoidLongGCWorkers: 0.003, AvoidOOMGCWorkers: 0.004, LastGCWorkers: 1.000, GCWorkers: 0.004
[42.885s][debug][gc,director    ] Rule: Allocation Rate (Dynamic GC Workers), MaxAllocRate: 211.6MB/s (+/-10.4%), Free: 1810MB, GCCPUTime: 0.035, GCDuration: 0.035s, TimeUntilOOM: 7.747s, TimeUntilGC: 7.612s, GCWorkers: 1 -> 1
[42.885s][debug][gc,director    ] Rule: High Usage, Free: 1810MB(88.4%)
[42.885s][debug][gc,director    ] Rule: Proactive, UsedUntilEnabled: 6MB, TimeUntilEnabled: 298.730s
[42.978s][debug][gc,alloc       ] Allocation Rate: 136.0MB/s, Predicted: 128.9MB/s, Avg: 154.8(+/-17.4)MB/s
[42.979s][debug][gc,director    ] Select GC Workers (Normal), AvoidLongGCWorkers: 0.003, AvoidOOMGCWorkers: 0.004, LastGCWorkers: 1.000, GCWorkers: 0.004
[42.979s][debug][gc,director    ] Rule: Allocation Rate (Dynamic GC Workers), MaxAllocRate: 212.2MB/s (+/-11.3%), Free: 1800MB, GCCPUTime: 0.035, GCDuration: 0.035s, TimeUntilOOM: 7.624s, TimeUntilGC: 7.489s, GCWorkers: 1 -> 1
[42.979s][debug][gc,director    ] Rule: High Usage, Free: 1800MB(87.9%)
[42.979s][debug][gc,director    ] Rule: Proactive, AcceptableGCInterval: 1.715s, TimeSinceLastGC: 1.364s, TimeUntilGC: 0.352s
[43.085s][debug][gc,alloc       ] Allocation Rate: 138.0MB/s, Predicted: 124.1MB/s, Avg: 152.4(+/-17.9)MB/s
[43.085s][debug][gc,director    ] Select GC Workers (Normal), AvoidLongGCWorkers: 0.003, AvoidOOMGCWorkers: 0.004, LastGCWorkers: 1.000, GCWorkers: 0.004
[43.085s][debug][gc,director    ] Rule: Allocation Rate (Dynamic GC Workers), MaxAllocRate: 211.4MB/s (+/-11.8%), Free: 1788MB, GCCPUTime: 0.035, GCDuration: 0.035s, TimeUntilOOM: 7.568s, TimeUntilGC: 7.433s, GCWorkers: 1 -> 1
[43.085s][debug][gc,director    ] Rule: High Usage, Free: 1788MB(87.3%)
[43.085s][debug][gc,director    ] Rule: Proactive, AcceptableGCInterval: 1.715s, TimeSinceLastGC: 1.470s, TimeUntilGC: 0.245s
[43.182s][debug][gc,alloc       ] Allocation Rate: 138.0MB/s, Predicted: 124.1MB/s, Avg: 148.8(+/-16.8)MB/s
[43.182s][debug][gc,director    ] Select GC Workers (Normal), AvoidLongGCWorkers: 0.003, AvoidOOMGCWorkers: 0.004, LastGCWorkers: 1.000, GCWorkers: 0.004
[43.182s][debug][gc,director    ] Rule: Allocation Rate (Dynamic GC Workers), MaxAllocRate: 204.1MB/s (+/-11.3%), Free: 1776MB, GCCPUTime: 0.035, GCDuration: 0.035s, TimeUntilOOM: 7.818s, TimeUntilGC: 7.683s, GCWorkers: 1 -> 1
[43.182s][debug][gc,director    ] Rule: High Usage, Free: 1776MB(86.7%)
[43.182s][debug][gc,director    ] Rule: Proactive, AcceptableGCInterval: 1.715s, TimeSinceLastGC: 1.567s, TimeUntilGC: 0.148s
[43.279s][debug][gc,alloc       ] Allocation Rate: 138.0MB/s, Predicted: 126.5MB/s, Avg: 145.2(+/-14.8)MB/s
[43.279s][debug][gc,director    ] Select GC Workers (Normal), AvoidLongGCWorkers: 0.003, AvoidOOMGCWorkers: 0.004, LastGCWorkers: 1.000, GCWorkers: 0.004
[43.279s][debug][gc,director    ] Rule: Allocation Rate (Dynamic GC Workers), MaxAllocRate: 193.8MB/s (+/-10.2%), Free: 1764MB, GCCPUTime: 0.035, GCDuration: 0.035s, TimeUntilOOM: 8.264s, TimeUntilGC: 8.129s, GCWorkers: 1 -> 1
[43.279s][debug][gc,director    ] Rule: High Usage, Free: 1764MB(86.1%)
[43.279s][debug][gc,director    ] Rule: Proactive, AcceptableGCInterval: 1.715s, TimeSinceLastGC: 1.664s, TimeUntilGC: 0.052s
[43.385s][debug][gc,alloc       ] Allocation Rate: 138.0MB/s, Predicted: 131.3MB/s, Avg: 141.6(+/-11.3)MB/s
[43.385s][debug][gc,director    ] Select GC Workers (Normal), AvoidLongGCWorkers: 0.003, AvoidOOMGCWorkers: 0.003, LastGCWorkers: 1.000, GCWorkers: 0.003
[43.385s][debug][gc,director    ] Rule: Allocation Rate (Dynamic GC Workers), MaxAllocRate: 178.7MB/s (+/-8.0%), Free: 1752MB, GCCPUTime: 0.035, GCDuration: 0.035s, TimeUntilOOM: 9.082s, TimeUntilGC: 8.947s, GCWorkers: 1 -> 1
[43.386s][debug][gc,director    ] Rule: High Usage, Free: 1752MB(85.5%)
[43.386s][debug][gc,director    ] Rule: Proactive, AcceptableGCInterval: 1.715s, TimeSinceLastGC: 1.771s, TimeUntilGC: -0.055s
[43.386s][debug][gc,heap        ] GC(14) Heap before GC invocations=14 (full 14):
[43.386s][debug][gc,heap        ] GC(14)  ZHeap           used 262M, capacity 686M, max capacity 2048M
[43.386s][debug][gc,heap        ] GC(14)  Metaspace       used 8978K, committed 9280K, reserved 1114112K
[43.386s][debug][gc,heap        ] GC(14)   class space    used 935K, committed 1088K, reserved 1048576K
[43.386s][info ][gc,start       ] GC(14) Garbage Collection (Proactive)
[43.386s][info ][gc,task        ] GC(14) Using 1 workers
[43.386s][debug][gc,phases,start] GC(14) Pause Mark Start
[43.386s][debug][gc,marking     ] GC(14) Using 1 mark stripes
[43.386s][debug][gc,marking     ] GC(14) Mark Worker/Stripe Distribution
[43.386s][debug][gc,marking     ] GC(14)   Worker 0(1) -> Stripe 0(1)
[43.386s][info ][gc,phases      ] GC(14) Pause Mark Start 0.261ms
[43.387s][debug][gc,phases,start] GC(14) Concurrent Mark
[43.387s][debug][gc,task        ] GC(14) Executing Task: ZMarkRootsTask, Active Workers: 1
[43.390s][debug][gc,tlab        ] GC(14) TLAB totals: thrds: 5  refills: 756 max: 752 slow allocs: 50 max 50 waste:  1.0% gc: 902416B max: 262008B slow: 993952B max: 993952B
[43.390s][debug][gc,task        ] GC(14) Executing Task: ZMarkTask, Active Workers: 1
[43.408s][info ][gc,phases      ] GC(14) Concurrent Mark 21.376ms
[43.408s][debug][gc,phases,start] GC(14) Pause Mark End
[43.408s][info ][gc,phases      ] GC(14) Pause Mark End 0.038ms
[43.408s][debug][gc,phases,start] GC(14) Concurrent Mark Free
[43.408s][info ][gc,phases      ] GC(14) Concurrent Mark Free 0.027ms
[43.408s][debug][gc,phases,start] GC(14) Concurrent Process Non-Strong References
[43.408s][debug][gc,phases,start] GC(14) Concurrent References Process
[43.408s][debug][gc,task        ] GC(14) Executing Task: ZReferenceProcessorTask, Active Workers: 1
[43.408s][debug][gc,phases      ] GC(14) Concurrent References Process 0.117ms
[43.408s][debug][gc,task        ] GC(14) Executing Task: ZProcessWeakRootsTask, Active Workers: 1
[43.410s][debug][gc,phases,start] GC(14) Concurrent Classes Unlink
[43.410s][debug][gc,phases,start] GC(14) ClassLoaderData
[43.410s][debug][gc,phases      ] GC(14) ClassLoaderData 0.092ms
[43.410s][debug][gc,phases,start] GC(14) Trigger cleanups
[43.410s][debug][gc,phases      ] GC(14) Trigger cleanups 0.011ms
[43.410s][debug][gc,task        ] GC(14) Executing Task: ZNMethodUnlinkTask, Active Workers: 1
[43.415s][debug][gc,phases      ] GC(14) Concurrent Classes Unlink 5.161ms
[43.415s][debug][gc,phases,start] GC(14) Concurrent Classes Purge
[43.415s][debug][gc,task        ] GC(14) Executing Task: ZNMethodPurgeTask, Active Workers: 1
[43.415s][debug][gc,phases      ] GC(14) Concurrent Classes Purge 0.204ms
[43.415s][debug][gc,phases,start] GC(14) Concurrent References Enqueue
[43.415s][debug][gc,phases      ] GC(14) Concurrent References Enqueue 0.012ms
[43.415s][info ][gc,phases      ] GC(14) Concurrent Process Non-Strong References 6.771ms
[43.415s][debug][gc,phases,start] GC(14) Concurrent Reset Relocation Set
[43.415s][info ][gc,phases      ] GC(14) Concurrent Reset Relocation Set 0.011ms
[43.415s][debug][gc,phases,start] GC(14) Concurrent Select Relocation Set
[43.417s][debug][gc,task        ] GC(14) Executing Task: ZRelocationSetInstallTask, Active Workers: 1
[43.417s][info ][gc,phases      ] GC(14) Concurrent Select Relocation Set 1.815ms
[43.417s][debug][gc,phases,start] GC(14) Pause Relocate Start
[43.417s][info ][gc,phases      ] GC(14) Pause Relocate Start 0.049ms
[43.417s][debug][gc,phases,start] GC(14) Concurrent Relocate
[43.417s][debug][gc,task        ] GC(14) Executing Task: ZRelocateTask, Active Workers: 1
[43.419s][info ][gc,phases      ] GC(14) Concurrent Relocate 1.761ms
[43.419s][debug][gc,heap        ] GC(14) Heap after GC invocations=15 (full 15):
[43.419s][debug][gc,heap        ] GC(14)  ZHeap           used 6M, capacity 686M, max capacity 2048M
[43.419s][debug][gc,heap        ] GC(14)  Metaspace       used 8978K, committed 9280K, reserved 1114112K
[43.419s][debug][gc,heap        ] GC(14)   class space    used 935K, committed 1088K, reserved 1048576K
[43.419s][info ][gc,load        ] GC(14) Load: 4.27/3.30/2.77
[43.419s][info ][gc,mmu         ] GC(14) MMU: 2ms/86.9%, 5ms/94.8%, 10ms/97.4%, 20ms/98.7%, 50ms/99.2%, 100ms/99.5%
[43.419s][info ][gc,marking     ] GC(14) Mark: 1 stripe(s), 2 proactive flush(es), 1 terminate flush(es), 0 completion(s), 0 continuation(s) 
[43.419s][info ][gc,marking     ] GC(14) Mark Stack Usage: 32M
[43.419s][info ][gc,nmethod     ] GC(14) NMethods: 2788 registered, 0 unregistered
[43.419s][info ][gc,metaspace   ] GC(14) Metaspace: 8M used, 9M committed, 1088M reserved
[43.419s][info ][gc,ref         ] GC(14) Soft: 742 encountered, 0 discovered, 0 enqueued
[43.419s][info ][gc,ref         ] GC(14) Weak: 1293 encountered, 651 discovered, 0 enqueued
[43.419s][info ][gc,ref         ] GC(14) Final: 0 encountered, 0 discovered, 0 enqueued
[43.419s][info ][gc,ref         ] GC(14) Phantom: 15 encountered, 8 discovered, 0 enqueued
[43.419s][info ][gc,reloc       ] GC(14) Small Pages: 99 / 198M, Empty: 190M, Relocated: 1M, In-Place: 0
[43.419s][info ][gc,reloc       ] GC(14) Medium Pages: 2 / 64M, Empty: 64M, Relocated: 0M, In-Place: 0
[43.419s][info ][gc,reloc       ] GC(14) Large Pages: 0 / 0M, Empty: 0M, Relocated: 0M, In-Place: 0
[43.419s][info ][gc,reloc       ] GC(14) Forwarding Usage: 0M
[43.419s][info ][gc,heap        ] GC(14) Min Capacity: 8M(0%)
[43.419s][info ][gc,heap        ] GC(14) Max Capacity: 2048M(100%)
[43.419s][info ][gc,heap        ] GC(14) Soft Max Capacity: 2048M(100%)
[43.419s][info ][gc,heap        ] GC(14)                Mark Start          Mark End        Relocate Start      Relocate End           High               Low         
[43.419s][info ][gc,heap        ] GC(14)  Capacity:      686M (33%)         686M (33%)         686M (33%)         686M (33%)         686M (33%)         686M (33%)    
[43.419s][info ][gc,heap        ] GC(14)      Free:     1786M (87%)        1786M (87%)        2040M (100%)       2042M (100%)       2042M (100%)       1786M (87%)    
[43.419s][info ][gc,heap        ] GC(14)      Used:      262M (13%)         262M (13%)           8M (0%)            6M (0%)          262M (13%)           6M (0%)     
[43.419s][info ][gc,heap        ] GC(14)      Live:         -                 5M (0%)            5M (0%)            5M (0%)             -                  -          
[43.419s][info ][gc,heap        ] GC(14) Allocated:         -                 0M (0%)            0M (0%)            0M (0%)             -                  -          
[43.419s][info ][gc,heap        ] GC(14)   Garbage:         -               256M (13%)           2M (0%)            0M (0%)             -                  -          
[43.419s][info ][gc,heap        ] GC(14) Reclaimed:         -                  -               254M (12%)         256M (12%)            -                  -          
[43.419s][info ][gc             ] GC(14) Garbage Collection (Proactive) 262M(13%)->6M(0%)
[43.482s][debug][gc,alloc       ] Allocation Rate: 170.0MB/s, Predicted: 142.8MB/s, Avg: 144.4(+/-14.1)MB/s
[43.482s][debug][gc,director    ] Select GC Workers (Normal), AvoidLongGCWorkers: 0.003, AvoidOOMGCWorkers: 0.003, LastGCWorkers: 1.000, GCWorkers: 0.003
[43.482s][debug][gc,director    ] Rule: Allocation Rate (Dynamic GC Workers), MaxAllocRate: 190.9MB/s (+/-9.8%), Free: 1964MB, GCCPUTime: 0.036, GCDuration: 0.036s, TimeUntilOOM: 9.370s, TimeUntilGC: 9.233s, GCWorkers: 1 -> 1
[43.482s][debug][gc,director    ] Rule: High Usage, Free: 1964MB(95.9%)
[43.483s][debug][gc,director    ] Rule: Proactive, UsedUntilEnabled: 160MB, TimeUntilEnabled: 299.936s
[43.582s][debug][gc,alloc       ] Allocation Rate: 126.0MB/s, Predicted: 143.3MB/s, Avg: 139.6(+/-11.1)MB/s
[43.583s][debug][gc,director    ] Select GC Workers (Normal), AvoidLongGCWorkers: 0.003, AvoidOOMGCWorkers: 0.003, LastGCWorkers: 1.000, GCWorkers: 0.003
[43.583s][debug][gc,director    ] Rule: Allocation Rate (Dynamic GC Workers), MaxAllocRate: 179.8MB/s (+/-7.9%), Free: 1964MB, GCCPUTime: 0.036, GCDuration: 0.036s, TimeUntilOOM: 10.117s, TimeUntilGC: 9.981s, GCWorkers: 1 -> 1
[43.583s][debug][gc,director    ] Rule: High Usage, Free: 1962MB(95.8%)
[43.583s][debug][gc,director    ] Rule: Proactive, UsedUntilEnabled: 158MB, TimeUntilEnabled: 299.836s
[43.685s][debug][gc,alloc       ] Allocation Rate: 126.0MB/s, Predicted: 138.5MB/s, Avg: 138.0(+/-11.8)MB/s
[43.685s][debug][gc,director    ] Select GC Workers (Normal), AvoidLongGCWorkers: 0.003, AvoidOOMGCWorkers: 0.003, LastGCWorkers: 1.000, GCWorkers: 0.003
[43.685s][debug][gc,director    ] Rule: Allocation Rate (Dynamic GC Workers), MaxAllocRate: 177.2MB/s (+/-8.5%), Free: 1952MB, GCCPUTime: 0.036, GCDuration: 0.036s, TimeUntilOOM: 10.148s, TimeUntilGC: 10.011s, GCWorkers: 1 -> 1
[43.685s][debug][gc,director    ] Rule: High Usage, Free: 1952MB(95.3%)
[43.685s][debug][gc,director    ] Rule: Proactive, UsedUntilEnabled: 148MB, TimeUntilEnabled: 299.734s
[43.784s][debug][gc,alloc       ] Allocation Rate: 128.0MB/s, Predicted: 135.1MB/s, Avg: 136.8(+/-12.1)MB/s
[43.785s][debug][gc,director    ] Select GC Workers (Normal), AvoidLongGCWorkers: 0.003, AvoidOOMGCWorkers: 0.003, LastGCWorkers: 1.000, GCWorkers: 0.003
[43.785s][debug][gc,director    ] Rule: Allocation Rate (Dynamic GC Workers), MaxAllocRate: 176.6MB/s (+/-8.8%), Free: 1940MB, GCCPUTime: 0.036, GCDuration: 0.036s, TimeUntilOOM: 10.090s, TimeUntilGC: 9.954s, GCWorkers: 1 -> 1
[43.785s][debug][gc,director    ] Rule: High Usage, Free: 1940MB(94.7%)
[43.785s][debug][gc,director    ] Rule: Proactive, UsedUntilEnabled: 136MB, TimeUntilEnabled: 299.634s
[43.885s][debug][gc,alloc       ] Allocation Rate: 138.0MB/s, Predicted: 133.7MB/s, Avg: 137.6(+/-11.9)MB/s
[43.885s][debug][gc,director    ] Select GC Workers (Normal), AvoidLongGCWorkers: 0.003, AvoidOOMGCWorkers: 0.003, LastGCWorkers: 1.000, GCWorkers: 0.003
[43.885s][debug][gc,director    ] Rule: Allocation Rate (Dynamic GC Workers), MaxAllocRate: 176.7MB/s (+/-8.6%), Free: 1928MB, GCCPUTime: 0.036, GCDuration: 0.036s, TimeUntilOOM: 10.041s, TimeUntilGC: 9.905s, GCWorkers: 1 -> 1
[43.885s][debug][gc,director    ] Rule: High Usage, Free: 1928MB(94.1%)
[43.885s][debug][gc,director    ] Rule: Proactive, UsedUntilEnabled: 124MB, TimeUntilEnabled: 299.534s
[43.982s][debug][gc,alloc       ] Allocation Rate: 146.0MB/s, Predicted: 136.7MB/s, Avg: 138.6(+/-12.1)MB/s
[43.982s][debug][gc,director    ] Select GC Workers (Normal), AvoidLongGCWorkers: 0.003, AvoidOOMGCWorkers: 0.003, LastGCWorkers: 1.000, GCWorkers: 0.003
[43.982s][debug][gc,director    ] Rule: Allocation Rate (Dynamic GC Workers), MaxAllocRate: 178.5MB/s (+/-8.8%), Free: 1910MB, GCCPUTime: 0.036, GCDuration: 0.036s, TimeUntilOOM: 9.837s, TimeUntilGC: 9.701s, GCWorkers: 1 -> 1
[43.982s][debug][gc,director    ] Rule: High Usage, Free: 1910MB(93.3%)
[43.982s][debug][gc,director    ] Rule: Proactive, UsedUntilEnabled: 106MB, TimeUntilEnabled: 299.437s
[44.085s][debug][gc,alloc       ] Allocation Rate: 146.0MB/s, Predicted: 139.5MB/s, Avg: 139.4(+/-12.3)MB/s
[44.085s][debug][gc,director    ] Select GC Workers (Normal), AvoidLongGCWorkers: 0.003, AvoidOOMGCWorkers: 0.003, LastGCWorkers: 1.000, GCWorkers: 0.003
[44.085s][debug][gc,director    ] Rule: Allocation Rate (Dynamic GC Workers), MaxAllocRate: 180.0MB/s (+/-8.8%), Free: 1898MB, GCCPUTime: 0.036, GCDuration: 0.036s, TimeUntilOOM: 9.685s, TimeUntilGC: 9.549s, GCWorkers: 1 -> 1
[44.085s][debug][gc,director    ] Rule: High Usage, Free: 1898MB(92.7%)
[44.085s][debug][gc,director    ] Rule: Proactive, UsedUntilEnabled: 94MB, TimeUntilEnabled: 299.334s
[44.182s][debug][gc,alloc       ] Allocation Rate: 146.0MB/s, Predicted: 141.7MB/s, Avg: 140.2(+/-12.5)MB/s
[44.182s][debug][gc,director    ] Select GC Workers (Normal), AvoidLongGCWorkers: 0.003, AvoidOOMGCWorkers: 0.003, LastGCWorkers: 1.000, GCWorkers: 0.003
[44.182s][debug][gc,director    ] Rule: Allocation Rate (Dynamic GC Workers), MaxAllocRate: 182.8MB/s (+/-8.9%), Free: 1886MB, GCCPUTime: 0.036, GCDuration: 0.036s, TimeUntilOOM: 9.476s, TimeUntilGC: 9.339s, GCWorkers: 1 -> 1
[44.182s][debug][gc,director    ] Rule: High Usage, Free: 1886MB(92.1%)
[44.182s][debug][gc,director    ] Rule: Proactive, UsedUntilEnabled: 82MB, TimeUntilEnabled: 299.237s
[44.281s][debug][gc,alloc       ] Allocation Rate: 144.0MB/s, Predicted: 142.7MB/s, Avg: 140.8(+/-12.5)MB/s
[44.281s][debug][gc,director    ] Select GC Workers (Normal), AvoidLongGCWorkers: 0.003, AvoidOOMGCWorkers: 0.003, LastGCWorkers: 1.000, GCWorkers: 0.003
[44.281s][debug][gc,director    ] Rule: Allocation Rate (Dynamic GC Workers), MaxAllocRate: 183.8MB/s (+/-8.9%), Free: 1876MB, GCCPUTime: 0.036, GCDuration: 0.036s, TimeUntilOOM: 9.375s, TimeUntilGC: 9.239s, GCWorkers: 1 -> 1
[44.281s][debug][gc,director    ] Rule: High Usage, Free: 1876MB(91.6%)
[44.282s][debug][gc,director    ] Rule: Proactive, UsedUntilEnabled: 72MB, TimeUntilEnabled: 299.137s
[44.381s][debug][gc,alloc       ] Allocation Rate: 132.0MB/s, Predicted: 138.4MB/s, Avg: 140.2(+/-12.8)MB/s
[44.381s][debug][gc,director    ] Select GC Workers (Normal), AvoidLongGCWorkers: 0.003, AvoidOOMGCWorkers: 0.003, LastGCWorkers: 1.000, GCWorkers: 0.003
[44.381s][debug][gc,director    ] Rule: Allocation Rate (Dynamic GC Workers), MaxAllocRate: 182.2MB/s (+/-9.1%), Free: 1874MB, GCCPUTime: 0.036, GCDuration: 0.036s, TimeUntilOOM: 9.429s, TimeUntilGC: 9.292s, GCWorkers: 1 -> 1
[44.381s][debug][gc,director    ] Rule: High Usage, Free: 1874MB(91.5%)
[44.381s][debug][gc,director    ] Rule: Proactive, UsedUntilEnabled: 70MB, TimeUntilEnabled: 299.038s
[44.482s][debug][gc,alloc       ] Allocation Rate: 132.0MB/s, Predicted: 143.1MB/s, Avg: 136.4(+/-8.1)MB/s
[44.482s][debug][gc,director    ] Select GC Workers (Normal), AvoidLongGCWorkers: 0.003, AvoidOOMGCWorkers: 0.003, LastGCWorkers: 1.000, GCWorkers: 0.003
[44.482s][debug][gc,director    ] Rule: Allocation Rate (Dynamic GC Workers), MaxAllocRate: 169.8MB/s (+/-6.0%), Free: 1832MB, GCCPUTime: 0.036, GCDuration: 0.036s, TimeUntilOOM: 10.179s, TimeUntilGC: 10.042s, GCWorkers: 1 -> 1
[44.482s][debug][gc,director    ] Rule: High Usage, Free: 1832MB(89.5%)
[44.482s][debug][gc,director    ] Rule: Proactive, UsedUntilEnabled: 28MB, TimeUntilEnabled: 298.936s
[44.582s][debug][gc,alloc       ] Allocation Rate: 144.0MB/s, Predicted: 143.3MB/s, Avg: 138.2(+/-7.6)MB/s
[44.582s][debug][gc,director    ] Select GC Workers (Normal), AvoidLongGCWorkers: 0.003, AvoidOOMGCWorkers: 0.003, LastGCWorkers: 1.000, GCWorkers: 0.003
[44.582s][debug][gc,director    ] Rule: Allocation Rate (Dynamic GC Workers), MaxAllocRate: 168.4MB/s (+/-5.5%), Free: 1820MB, GCCPUTime: 0.036, GCDuration: 0.036s, TimeUntilOOM: 10.244s, TimeUntilGC: 10.108s, GCWorkers: 1 -> 1
[44.582s][debug][gc,director    ] Rule: High Usage, Free: 1820MB(88.9%)
[44.582s][debug][gc,director    ] Rule: Proactive, UsedUntilEnabled: 16MB, TimeUntilEnabled: 298.837s
[44.683s][debug][gc,alloc       ] Allocation Rate: 144.0MB/s, Predicted: 142.4MB/s, Avg: 140.0(+/-6.6)MB/s
[44.683s][debug][gc,director    ] Select GC Workers (Normal), AvoidLongGCWorkers: 0.003, AvoidOOMGCWorkers: 0.003, LastGCWorkers: 1.000, GCWorkers: 0.003
[44.683s][debug][gc,director    ] Rule: Allocation Rate (Dynamic GC Workers), MaxAllocRate: 164.0MB/s (+/-4.7%), Free: 1808MB, GCCPUTime: 0.036, GCDuration: 0.036s, TimeUntilOOM: 10.528s, TimeUntilGC: 10.392s, GCWorkers: 1 -> 1
[44.683s][debug][gc,director    ] Rule: High Usage, Free: 1808MB(88.3%)
[44.683s][debug][gc,director    ] Rule: Proactive, UsedUntilEnabled: 4MB, TimeUntilEnabled: 298.736s
[44.783s][debug][gc,alloc       ] Allocation Rate: 144.0MB/s, Predicted: 140.8MB/s, Avg: 141.6(+/-5.3)MB/s
[44.783s][debug][gc,director    ] Select GC Workers (Normal), AvoidLongGCWorkers: 0.003, AvoidOOMGCWorkers: 0.003, LastGCWorkers: 1.000, GCWorkers: 0.003
[44.783s][debug][gc,director    ] Rule: Allocation Rate (Dynamic GC Workers), MaxAllocRate: 159.0MB/s (+/-3.7%), Free: 1796MB, GCCPUTime: 0.036, GCDuration: 0.036s, TimeUntilOOM: 10.892s, TimeUntilGC: 10.756s, GCWorkers: 1 -> 1
[44.783s][debug][gc,director    ] Rule: High Usage, Free: 1796MB(87.7%)
[44.783s][debug][gc,director    ] Rule: Proactive, AcceptableGCInterval: 1.787s, TimeSinceLastGC: 1.364s, TimeUntilGC: 0.423s
[44.884s][debug][gc,alloc       ] Allocation Rate: 144.0MB/s, Predicted: 140.8MB/s, Avg: 142.2(+/-5.2)MB/s
[44.884s][debug][gc,director    ] Select GC Workers (Normal), AvoidLongGCWorkers: 0.003, AvoidOOMGCWorkers: 0.003, LastGCWorkers: 1.000, GCWorkers: 0.003
[44.884s][debug][gc,director    ] Rule: Allocation Rate (Dynamic GC Workers), MaxAllocRate: 159.2MB/s (+/-3.6%), Free: 1784MB, GCCPUTime: 0.036, GCDuration: 0.036s, TimeUntilOOM: 10.811s, TimeUntilGC: 10.675s, GCWorkers: 1 -> 1
[44.885s][debug][gc,director    ] Rule: High Usage, Free: 1784MB(87.1%)
[44.885s][debug][gc,director    ] Rule: Proactive, AcceptableGCInterval: 1.787s, TimeSinceLastGC: 1.466s, TimeUntilGC: 0.322s
[44.979s][debug][gc,alloc       ] Allocation Rate: 138.0MB/s, Predicted: 140.1MB/s, Avg: 141.4(+/-5.1)MB/s
[44.980s][debug][gc,director    ] Select GC Workers (Normal), AvoidLongGCWorkers: 0.003, AvoidOOMGCWorkers: 0.003, LastGCWorkers: 1.000, GCWorkers: 0.003
[44.980s][debug][gc,director    ] Rule: Allocation Rate (Dynamic GC Workers), MaxAllocRate: 158.3MB/s (+/-3.6%), Free: 1772MB, GCCPUTime: 0.036, GCDuration: 0.036s, TimeUntilOOM: 10.800s, TimeUntilGC: 10.663s, GCWorkers: 1 -> 1
[44.980s][debug][gc,director    ] Rule: High Usage, Free: 1772MB(86.5%)
[44.980s][debug][gc,director    ] Rule: Proactive, AcceptableGCInterval: 1.787s, TimeSinceLastGC: 1.561s, TimeUntilGC: 0.227s
[45.085s][debug][gc,alloc       ] Allocation Rate: 138.0MB/s, Predicted: 140.0MB/s, Avg: 140.6(+/-5.0)MB/s
[45.085s][debug][gc,director    ] Select GC Workers (Normal), AvoidLongGCWorkers: 0.003, AvoidOOMGCWorkers: 0.003, LastGCWorkers: 1.000, GCWorkers: 0.003
[45.085s][debug][gc,director    ] Rule: Allocation Rate (Dynamic GC Workers), MaxAllocRate: 157.0MB/s (+/-3.5%), Free: 1760MB, GCCPUTime: 0.036, GCDuration: 0.036s, TimeUntilOOM: 10.826s, TimeUntilGC: 10.690s, GCWorkers: 1 -> 1
[45.085s][debug][gc,director    ] Rule: High Usage, Free: 1760MB(85.9%)
[45.085s][debug][gc,director    ] Rule: Proactive, AcceptableGCInterval: 1.787s, TimeSinceLastGC: 1.666s, TimeUntilGC: 0.121s
[45.178s][debug][gc,alloc       ] Allocation Rate: 136.0MB/s, Predicted: 139.6MB/s, Avg: 139.6(+/-4.8)MB/s
[45.178s][debug][gc,director    ] Select GC Workers (Normal), AvoidLongGCWorkers: 0.003, AvoidOOMGCWorkers: 0.003, LastGCWorkers: 1.000, GCWorkers: 0.003
[45.178s][debug][gc,director    ] Rule: Allocation Rate (Dynamic GC Workers), MaxAllocRate: 155.4MB/s (+/-3.4%), Free: 1750MB, GCCPUTime: 0.036, GCDuration: 0.036s, TimeUntilOOM: 10.887s, TimeUntilGC: 10.751s, GCWorkers: 1 -> 1
[45.178s][debug][gc,director    ] Rule: High Usage, Free: 1750MB(85.4%)
[45.178s][debug][gc,director    ] Rule: Proactive, AcceptableGCInterval: 1.787s, TimeSinceLastGC: 1.759s, TimeUntilGC: 0.028s
[45.279s][debug][gc,alloc       ] Allocation Rate: 126.0MB/s, Predicted: 135.3MB/s, Avg: 137.8(+/-6.0)MB/s
[45.279s][debug][gc,director    ] Select GC Workers (Normal), AvoidLongGCWorkers: 0.003, AvoidOOMGCWorkers: 0.003, LastGCWorkers: 1.000, GCWorkers: 0.003
[45.279s][debug][gc,director    ] Rule: Allocation Rate (Dynamic GC Workers), MaxAllocRate: 157.6MB/s (+/-4.4%), Free: 1750MB, GCCPUTime: 0.036, GCDuration: 0.036s, TimeUntilOOM: 10.636s, TimeUntilGC: 10.499s, GCWorkers: 1 -> 1
[45.279s][debug][gc,director    ] Rule: High Usage, Free: 1750MB(85.4%)
[45.279s][debug][gc,director    ] Rule: Proactive, AcceptableGCInterval: 1.787s, TimeSinceLastGC: 1.861s, TimeUntilGC: -0.073s
[45.280s][debug][gc,heap        ] GC(15) Heap before GC invocations=15 (full 15):
[45.280s][debug][gc,heap        ] GC(15)  ZHeap           used 264M, capacity 686M, max capacity 2048M
[45.280s][debug][gc,heap        ] GC(15)  Metaspace       used 8992K, committed 9280K, reserved 1114112K
[45.280s][debug][gc,heap        ] GC(15)   class space    used 935K, committed 1088K, reserved 1048576K
[45.280s][info ][gc,start       ] GC(15) Garbage Collection (Proactive)
[45.280s][info ][gc,task        ] GC(15) Using 1 workers
[45.280s][debug][gc,phases,start] GC(15) Pause Mark Start
[45.280s][debug][gc,marking     ] GC(15) Using 1 mark stripes
[45.280s][debug][gc,marking     ] GC(15) Mark Worker/Stripe Distribution
[45.280s][debug][gc,marking     ] GC(15)   Worker 0(1) -> Stripe 0(1)
[45.280s][info ][gc,phases      ] GC(15) Pause Mark Start 0.276ms
[45.280s][debug][gc,phases,start] GC(15) Concurrent Mark
[45.280s][debug][gc,task        ] GC(15) Executing Task: ZMarkRootsTask, Active Workers: 1
[45.284s][debug][gc,tlab        ] GC(15) TLAB totals: thrds: 5  refills: 756 max: 752 slow allocs: 50 max 50 waste:  0.9% gc: 886360B max: 261992B slow: 993952B max: 993952B
[45.284s][debug][gc,task        ] GC(15) Executing Task: ZMarkTask, Active Workers: 1
[45.302s][info ][gc,phases      ] GC(15) Concurrent Mark 21.359ms
[45.302s][debug][gc,phases,start] GC(15) Pause Mark End
[45.302s][info ][gc,phases      ] GC(15) Pause Mark End 0.060ms
[45.302s][debug][gc,phases,start] GC(15) Concurrent Mark Free
[45.302s][info ][gc,phases      ] GC(15) Concurrent Mark Free 0.046ms
[45.302s][debug][gc,phases,start] GC(15) Concurrent Process Non-Strong References
[45.302s][debug][gc,phases,start] GC(15) Concurrent References Process
[45.302s][debug][gc,task        ] GC(15) Executing Task: ZReferenceProcessorTask, Active Workers: 1
[45.302s][debug][gc,phases      ] GC(15) Concurrent References Process 0.120ms
[45.302s][debug][gc,task        ] GC(15) Executing Task: ZProcessWeakRootsTask, Active Workers: 1
[45.303s][debug][gc,phases,start] GC(15) Concurrent Classes Unlink
[45.303s][debug][gc,phases,start] GC(15) ClassLoaderData
[45.303s][debug][gc,phases      ] GC(15) ClassLoaderData 0.044ms
[45.303s][debug][gc,phases,start] GC(15) Trigger cleanups
[45.303s][debug][gc,phases      ] GC(15) Trigger cleanups 0.015ms
[45.303s][debug][gc,task        ] GC(15) Executing Task: ZNMethodUnlinkTask, Active Workers: 1
[45.307s][debug][gc,phases      ] GC(15) Concurrent Classes Unlink 4.402ms
[45.307s][debug][gc,phases,start] GC(15) Concurrent Classes Purge
[45.307s][debug][gc,task        ] GC(15) Executing Task: ZNMethodPurgeTask, Active Workers: 1
[45.308s][debug][gc,phases      ] GC(15) Concurrent Classes Purge 0.208ms
[45.308s][debug][gc,phases,start] GC(15) Concurrent References Enqueue
[45.308s][debug][gc,phases      ] GC(15) Concurrent References Enqueue 0.038ms
[45.308s][info ][gc,phases      ] GC(15) Concurrent Process Non-Strong References 5.667ms
[45.308s][debug][gc,phases,start] GC(15) Concurrent Reset Relocation Set
[45.308s][info ][gc,phases      ] GC(15) Concurrent Reset Relocation Set 0.022ms
[45.308s][debug][gc,phases,start] GC(15) Concurrent Select Relocation Set
[45.310s][debug][gc,task        ] GC(15) Executing Task: ZRelocationSetInstallTask, Active Workers: 1
[45.310s][info ][gc,phases      ] GC(15) Concurrent Select Relocation Set 1.880ms
[45.310s][debug][gc,phases,start] GC(15) Pause Relocate Start
[45.310s][info ][gc,phases      ] GC(15) Pause Relocate Start 0.028ms
[45.310s][debug][gc,phases,start] GC(15) Concurrent Relocate
[45.310s][debug][gc,task        ] GC(15) Executing Task: ZRelocateTask, Active Workers: 1
[45.312s][info ][gc,phases      ] GC(15) Concurrent Relocate 1.768ms
[45.312s][debug][gc,heap        ] GC(15) Heap after GC invocations=16 (full 16):
[45.312s][debug][gc,heap        ] GC(15)  ZHeap           used 50M, capacity 686M, max capacity 2048M
[45.312s][debug][gc,heap        ] GC(15)  Metaspace       used 8992K, committed 9280K, reserved 1114112K
[45.312s][debug][gc,heap        ] GC(15)   class space    used 935K, committed 1088K, reserved 1048576K
[45.312s][info ][gc,load        ] GC(15) Load: 4.27/3.30/2.77
[45.312s][info ][gc,mmu         ] GC(15) MMU: 2ms/86.2%, 5ms/94.5%, 10ms/97.2%, 20ms/98.6%, 50ms/99.2%, 100ms/99.5%
[45.312s][info ][gc,marking     ] GC(15) Mark: 1 stripe(s), 2 proactive flush(es), 1 terminate flush(es), 0 completion(s), 0 continuation(s) 
[45.312s][info ][gc,marking     ] GC(15) Mark Stack Usage: 32M
[45.312s][info ][gc,nmethod     ] GC(15) NMethods: 2793 registered, 0 unregistered
[45.312s][info ][gc,metaspace   ] GC(15) Metaspace: 8M used, 9M committed, 1088M reserved
[45.312s][info ][gc,ref         ] GC(15) Soft: 742 encountered, 0 discovered, 0 enqueued
[45.312s][info ][gc,ref         ] GC(15) Weak: 1293 encountered, 651 discovered, 0 enqueued
[45.312s][info ][gc,ref         ] GC(15) Final: 0 encountered, 0 discovered, 0 enqueued
[45.312s][info ][gc,ref         ] GC(15) Phantom: 15 encountered, 8 discovered, 0 enqueued
[45.312s][info ][gc,reloc       ] GC(15) Small Pages: 100 / 200M, Empty: 192M, Relocated: 1M, In-Place: 0
[45.312s][info ][gc,reloc       ] GC(15) Medium Pages: 2 / 64M, Empty: 64M, Relocated: 0M, In-Place: 0
[45.312s][info ][gc,reloc       ] GC(15) Large Pages: 0 / 0M, Empty: 0M, Relocated: 0M, In-Place: 0
[45.312s][info ][gc,reloc       ] GC(15) Forwarding Usage: 0M
[45.312s][info ][gc,heap        ] GC(15) Min Capacity: 8M(0%)
[45.312s][info ][gc,heap        ] GC(15) Max Capacity: 2048M(100%)
[45.312s][info ][gc,heap        ] GC(15) Soft Max Capacity: 2048M(100%)
[45.312s][info ][gc,heap        ] GC(15)                Mark Start          Mark End        Relocate Start      Relocate End           High               Low         
[45.312s][info ][gc,heap        ] GC(15)  Capacity:      686M (33%)         686M (33%)         686M (33%)         686M (33%)         686M (33%)         686M (33%)    
[45.312s][info ][gc,heap        ] GC(15)      Free:     1784M (87%)        1740M (85%)        1996M (97%)        1998M (98%)        1998M (98%)        1740M (85%)    
[45.312s][info ][gc,heap        ] GC(15)      Used:      264M (13%)         308M (15%)          52M (3%)           50M (2%)          308M (15%)          50M (2%)     
[45.312s][info ][gc,heap        ] GC(15)      Live:         -                 5M (0%)            5M (0%)            5M (0%)             -                  -          
[45.312s][info ][gc,heap        ] GC(15) Allocated:         -                44M (2%)           44M (2%)           44M (2%)             -                  -          
[45.312s][info ][gc,heap        ] GC(15)   Garbage:         -               258M (13%)           2M (0%)            0M (0%)             -                  -          
[45.312s][info ][gc,heap        ] GC(15) Reclaimed:         -                  -               256M (12%)         258M (13%)            -                  -          
[45.312s][info ][gc             ] GC(15) Garbage Collection (Proactive) 264M(13%)->50M(2%)
[45.379s][debug][gc,alloc       ] Allocation Rate: 170.0MB/s, Predicted: 146.7MB/s, Avg: 141.6(+/-11.1)MB/s
[45.380s][debug][gc,director    ] Select GC Workers (Normal), AvoidLongGCWorkers: 0.003, AvoidOOMGCWorkers: 0.003, LastGCWorkers: 1.000, GCWorkers: 0.003
[45.380s][debug][gc,director    ] Rule: Allocation Rate (Dynamic GC Workers), MaxAllocRate: 183.0MB/s (+/-7.8%), Free: 1964MB, GCCPUTime: 0.034, GCDuration: 0.034s, TimeUntilOOM: 9.952s, TimeUntilGC: 9.818s, GCWorkers: 1 -> 1
[45.380s][debug][gc,director    ] Rule: High Usage, Free: 1964MB(95.9%)
[45.380s][debug][gc,director    ] Rule: Proactive, UsedUntilEnabled: 204MB, TimeUntilEnabled: 299.932s
[45.480s][debug][gc,alloc       ] Allocation Rate: 138.0MB/s, Predicted: 142.7MB/s, Avg: 142.2(+/-10.7)MB/s
[45.480s][debug][gc,director    ] Select GC Workers (Normal), AvoidLongGCWorkers: 0.003, AvoidOOMGCWorkers: 0.003, LastGCWorkers: 1.000, GCWorkers: 0.003
[45.480s][debug][gc,director    ] Rule: Allocation Rate (Dynamic GC Workers), MaxAllocRate: 177.8MB/s (+/-7.5%), Free: 1952MB, GCCPUTime: 0.034, GCDuration: 0.034s, TimeUntilOOM: 10.212s, TimeUntilGC: 10.078s, GCWorkers: 1 -> 1
[45.480s][debug][gc,director    ] Rule: High Usage, Free: 1952MB(95.3%)
[45.480s][debug][gc,director    ] Rule: Proactive, UsedUntilEnabled: 192MB, TimeUntilEnabled: 299.832s
[45.581s][debug][gc,alloc       ] Allocation Rate: 138.0MB/s, Predicted: 141.5MB/s, Avg: 141.6(+/-10.7)MB/s
[45.581s][debug][gc,director    ] Select GC Workers (Normal), AvoidLongGCWorkers: 0.003, AvoidOOMGCWorkers: 0.003, LastGCWorkers: 1.000, GCWorkers: 0.003
[45.581s][debug][gc,director    ] Rule: Allocation Rate (Dynamic GC Workers), MaxAllocRate: 176.9MB/s (+/-7.6%), Free: 1940MB, GCCPUTime: 0.034, GCDuration: 0.034s, TimeUntilOOM: 10.195s, TimeUntilGC: 10.060s, GCWorkers: 1 -> 1
[45.581s][debug][gc,director    ] Rule: High Usage, Free: 1940MB(94.7%)
[45.581s][debug][gc,director    ] Rule: Proactive, UsedUntilEnabled: 180MB, TimeUntilEnabled: 299.731s
[45.682s][debug][gc,alloc       ] Allocation Rate: 138.0MB/s, Predicted: 140.7MB/s, Avg: 141.0(+/-10.7)MB/s
[45.682s][debug][gc,director    ] Select GC Workers (Normal), AvoidLongGCWorkers: 0.003, AvoidOOMGCWorkers: 0.003, LastGCWorkers: 1.000, GCWorkers: 0.003
[45.682s][debug][gc,director    ] Rule: Allocation Rate (Dynamic GC Workers), MaxAllocRate: 176.3MB/s (+/-7.6%), Free: 1928MB, GCCPUTime: 0.034, GCDuration: 0.034s, TimeUntilOOM: 10.159s, TimeUntilGC: 10.025s, GCWorkers: 1 -> 1
[45.682s][debug][gc,director    ] Rule: High Usage, Free: 1928MB(94.1%)
[45.682s][debug][gc,director    ] Rule: Proactive, UsedUntilEnabled: 168MB, TimeUntilEnabled: 299.629s
[45.778s][debug][gc,alloc       ] Allocation Rate: 138.0MB/s, Predicted: 140.3MB/s, Avg: 140.4(+/-10.7)MB/s
[45.778s][debug][gc,director    ] Select GC Workers (Normal), AvoidLongGCWorkers: 0.003, AvoidOOMGCWorkers: 0.003, LastGCWorkers: 1.000, GCWorkers: 0.003
[45.779s][debug][gc,director    ] Rule: Allocation Rate (Dynamic GC Workers), MaxAllocRate: 175.7MB/s (+/-7.6%), Free: 1916MB, GCCPUTime: 0.034, GCDuration: 0.034s, TimeUntilOOM: 10.131s, TimeUntilGC: 9.997s, GCWorkers: 1 -> 1
[45.779s][debug][gc,director    ] Rule: High Usage, Free: 1916MB(93.6%)
[45.779s][debug][gc,director    ] Rule: Proactive, UsedUntilEnabled: 156MB, TimeUntilEnabled: 299.533s
[45.885s][debug][gc,alloc       ] Allocation Rate: 138.0MB/s, Predicted: 140.3MB/s, Avg: 139.8(+/-10.7)MB/s
[45.885s][debug][gc,director    ] Select GC Workers (Normal), AvoidLongGCWorkers: 0.003, AvoidOOMGCWorkers: 0.003, LastGCWorkers: 1.000, GCWorkers: 0.003
[45.885s][debug][gc,director    ] Rule: Allocation Rate (Dynamic GC Workers), MaxAllocRate: 175.4MB/s (+/-7.6%), Free: 1904MB, GCCPUTime: 0.034, GCDuration: 0.034s, TimeUntilOOM: 10.085s, TimeUntilGC: 9.951s, GCWorkers: 1 -> 1
[45.885s][debug][gc,director    ] Rule: High Usage, Free: 1904MB(93.0%)
[45.885s][debug][gc,director    ] Rule: Proactive, UsedUntilEnabled: 144MB, TimeUntilEnabled: 299.427s
[45.981s][debug][gc,alloc       ] Allocation Rate: 140.0MB/s, Predicted: 139.9MB/s, Avg: 140.0(+/-10.7)MB/s
[45.981s][debug][gc,director    ] Select GC Workers (Normal), AvoidLongGCWorkers: 0.003, AvoidOOMGCWorkers: 0.003, LastGCWorkers: 1.000, GCWorkers: 0.003
[45.981s][debug][gc,director    ] Rule: Allocation Rate (Dynamic GC Workers), MaxAllocRate: 175.1MB/s (+/-7.6%), Free: 1890MB, GCCPUTime: 0.034, GCDuration: 0.034s, TimeUntilOOM: 10.032s, TimeUntilGC: 9.897s, GCWorkers: 1 -> 1
[45.981s][debug][gc,director    ] Rule: High Usage, Free: 1890MB(92.3%)
[45.982s][debug][gc,director    ] Rule: Proactive, UsedUntilEnabled: 130MB, TimeUntilEnabled: 299.330s
[46.085s][debug][gc,alloc       ] Allocation Rate: 128.0MB/s, Predicted: 134.5MB/s, Avg: 139.0(+/-11.3)MB/s
[46.085s][debug][gc,director    ] Select GC Workers (Normal), AvoidLongGCWorkers: 0.003, AvoidOOMGCWorkers: 0.003, LastGCWorkers: 1.000, GCWorkers: 0.003
[46.085s][debug][gc,director    ] Rule: Allocation Rate (Dynamic GC Workers), MaxAllocRate: 176.0MB/s (+/-8.1%), Free: 1890MB, GCCPUTime: 0.034, GCDuration: 0.034s, TimeUntilOOM: 9.933s, TimeUntilGC: 9.799s, GCWorkers: 1 -> 1
[46.085s][debug][gc,director    ] Rule: High Usage, Free: 1888MB(92.2%)
[46.085s][debug][gc,director    ] Rule: Proactive, UsedUntilEnabled: 128MB, TimeUntilEnabled: 299.227s
[46.184s][debug][gc,alloc       ] Allocation Rate: 130.0MB/s, Predicted: 130.1MB/s, Avg: 138.4(+/-11.6)MB/s
[46.184s][debug][gc,director    ] Select GC Workers (Normal), AvoidLongGCWorkers: 0.003, AvoidOOMGCWorkers: 0.003, LastGCWorkers: 1.000, GCWorkers: 0.003
[46.184s][debug][gc,director    ] Rule: Allocation Rate (Dynamic GC Workers), MaxAllocRate: 176.4MB/s (+/-8.3%), Free: 1878MB, GCCPUTime: 0.034, GCDuration: 0.034s, TimeUntilOOM: 9.826s, TimeUntilGC: 9.691s, GCWorkers: 1 -> 1
[46.184s][debug][gc,director    ] Rule: High Usage, Free: 1878MB(91.7%)
[46.184s][debug][gc,director    ] Rule: Proactive, UsedUntilEnabled: 118MB, TimeUntilEnabled: 299.127s
[46.282s][debug][gc,alloc       ] Allocation Rate: 174.0MB/s, Predicted: 141.1MB/s, Avg: 143.2(+/-14.9)MB/s
[46.283s][debug][gc,director    ] Select GC Workers (Normal), AvoidLongGCWorkers: 0.003, AvoidOOMGCWorkers: 0.004, LastGCWorkers: 1.000, GCWorkers: 0.004
[46.283s][debug][gc,director    ] Rule: Allocation Rate (Dynamic GC Workers), MaxAllocRate: 192.2MB/s (+/-10.4%), Free: 1834MB, GCCPUTime: 0.034, GCDuration: 0.034s, TimeUntilOOM: 8.643s, TimeUntilGC: 8.509s, GCWorkers: 1 -> 1
[46.283s][debug][gc,director    ] Rule: High Usage, Free: 1834MB(89.6%)
[46.283s][debug][gc,director    ] Rule: Proactive, UsedUntilEnabled: 74MB, TimeUntilEnabled: 299.029s
[46.379s][debug][gc,alloc       ] Allocation Rate: 142.0MB/s, Predicted: 147.7MB/s, Avg: 140.4(+/-11.9)MB/s
[46.379s][debug][gc,director    ] Select GC Workers (Normal), AvoidLongGCWorkers: 0.003, AvoidOOMGCWorkers: 0.003, LastGCWorkers: 1.000, GCWorkers: 0.003
[46.379s][debug][gc,director    ] Rule: Allocation Rate (Dynamic GC Workers), MaxAllocRate: 187.0MB/s (+/-8.5%), Free: 1822MB, GCCPUTime: 0.034, GCDuration: 0.034s, TimeUntilOOM: 8.982s, TimeUntilGC: 8.847s, GCWorkers: 1 -> 1
[46.379s][debug][gc,director    ] Rule: High Usage, Free: 1822MB(89.0%)
[46.379s][debug][gc,director    ] Rule: Proactive, UsedUntilEnabled: 62MB, TimeUntilEnabled: 298.933s
[46.478s][debug][gc,alloc       ] Allocation Rate: 142.0MB/s, Predicted: 147.7MB/s, Avg: 140.8(+/-11.9)MB/s
[46.478s][debug][gc,director    ] Select GC Workers (Normal), AvoidLongGCWorkers: 0.003, AvoidOOMGCWorkers: 0.003, LastGCWorkers: 1.000, GCWorkers: 0.003
[46.478s][debug][gc,director    ] Rule: Allocation Rate (Dynamic GC Workers), MaxAllocRate: 186.9MB/s (+/-8.5%), Free: 1810MB, GCCPUTime: 0.034, GCDuration: 0.034s, TimeUntilOOM: 8.929s, TimeUntilGC: 8.794s, GCWorkers: 1 -> 1
[46.478s][debug][gc,director    ] Rule: High Usage, Free: 1810MB(88.4%)
[46.478s][debug][gc,director    ] Rule: Proactive, UsedUntilEnabled: 50MB, TimeUntilEnabled: 298.833s
[46.584s][debug][gc,alloc       ] Allocation Rate: 142.0MB/s, Predicted: 147.5MB/s, Avg: 141.2(+/-11.9)MB/s
[46.584s][debug][gc,director    ] Select GC Workers (Normal), AvoidLongGCWorkers: 0.003, AvoidOOMGCWorkers: 0.003, LastGCWorkers: 1.000, GCWorkers: 0.003
[46.584s][debug][gc,director    ] Rule: Allocation Rate (Dynamic GC Workers), MaxAllocRate: 186.5MB/s (+/-8.4%), Free: 1798MB, GCCPUTime: 0.034, GCDuration: 0.034s, TimeUntilOOM: 8.891s, TimeUntilGC: 8.757s, GCWorkers: 1 -> 1
[46.584s][debug][gc,director    ] Rule: High Usage, Free: 1798MB(87.8%)
[46.584s][debug][gc,director    ] Rule: Proactive, UsedUntilEnabled: 38MB, TimeUntilEnabled: 298.727s
[46.682s][debug][gc,alloc       ] Allocation Rate: 142.0MB/s, Predicted: 146.9MB/s, Avg: 141.6(+/-11.8)MB/s
[46.682s][debug][gc,director    ] Select GC Workers (Normal), AvoidLongGCWorkers: 0.003, AvoidOOMGCWorkers: 0.003, LastGCWorkers: 1.000, GCWorkers: 0.003
[46.682s][debug][gc,director    ] Rule: Allocation Rate (Dynamic GC Workers), MaxAllocRate: 185.8MB/s (+/-8.4%), Free: 1786MB, GCCPUTime: 0.034, GCDuration: 0.034s, TimeUntilOOM: 8.869s, TimeUntilGC: 8.735s, GCWorkers: 1 -> 1
[46.682s][debug][gc,director    ] Rule: High Usage, Free: 1786MB(87.2%)
[46.682s][debug][gc,director    ] Rule: Proactive, UsedUntilEnabled: 26MB, TimeUntilEnabled: 298.629s
[46.783s][debug][gc,alloc       ] Allocation Rate: 142.0MB/s, Predicted: 146.1MB/s, Avg: 142.0(+/-11.8)MB/s
[46.783s][debug][gc,director    ] Select GC Workers (Normal), AvoidLongGCWorkers: 0.003, AvoidOOMGCWorkers: 0.003, LastGCWorkers: 1.000, GCWorkers: 0.003
[46.783s][debug][gc,director    ] Rule: Allocation Rate (Dynamic GC Workers), MaxAllocRate: 184.8MB/s (+/-8.3%), Free: 1774MB, GCCPUTime: 0.034, GCDuration: 0.034s, TimeUntilOOM: 8.863s, TimeUntilGC: 8.729s, GCWorkers: 1 -> 1
[46.783s][debug][gc,director    ] Rule: High Usage, Free: 1774MB(86.6%)
[46.783s][debug][gc,director    ] Rule: Proactive, UsedUntilEnabled: 14MB, TimeUntilEnabled: 298.529s
[46.885s][debug][gc,alloc       ] Allocation Rate: 130.0MB/s, Predicted: 140.3MB/s, Avg: 141.2(+/-12.3)MB/s
[46.885s][debug][gc,director    ] Select GC Workers (Normal), AvoidLongGCWorkers: 0.003, AvoidOOMGCWorkers: 0.003, LastGCWorkers: 1.000, GCWorkers: 0.003
[46.885s][debug][gc,director    ] Rule: Allocation Rate (Dynamic GC Workers), MaxAllocRate: 181.6MB/s (+/-8.7%), Free: 1774MB, GCCPUTime: 0.034, GCDuration: 0.034s, TimeUntilOOM: 8.989s, TimeUntilGC: 8.855s, GCWorkers: 1 -> 1
[46.886s][debug][gc,director    ] Rule: High Usage, Free: 1774MB(86.6%)
[46.886s][debug][gc,director    ] Rule: Proactive, UsedUntilEnabled: 14MB, TimeUntilEnabled: 298.426s
[46.978s][debug][gc,alloc       ] Allocation Rate: 128.0MB/s, Predicted: 134.7MB/s, Avg: 140.0(+/-12.9)MB/s
[46.978s][debug][gc,director    ] Select GC Workers (Normal), AvoidLongGCWorkers: 0.003, AvoidOOMGCWorkers: 0.003, LastGCWorkers: 1.000, GCWorkers: 0.003
[46.978s][debug][gc,director    ] Rule: Allocation Rate (Dynamic GC Workers), MaxAllocRate: 182.4MB/s (+/-9.2%), Free: 1762MB, GCCPUTime: 0.034, GCDuration: 0.034s, TimeUntilOOM: 8.843s, TimeUntilGC: 8.708s, GCWorkers: 1 -> 1
[46.978s][debug][gc,director    ] Rule: High Usage, Free: 1762MB(86.0%)
[46.978s][debug][gc,director    ] Rule: Proactive, UsedUntilEnabled: 2MB, TimeUntilEnabled: 298.334s
[47.083s][debug][gc,alloc       ] Allocation Rate: 138.0MB/s, Predicted: 130.7MB/s, Avg: 141.0(+/-12.3)MB/s
[47.084s][debug][gc,director    ] Select GC Workers (Normal), AvoidLongGCWorkers: 0.003, AvoidOOMGCWorkers: 0.003, LastGCWorkers: 1.000, GCWorkers: 0.003
[47.084s][debug][gc,director    ] Rule: Allocation Rate (Dynamic GC Workers), MaxAllocRate: 181.5MB/s (+/-8.7%), Free: 1752MB, GCCPUTime: 0.034, GCDuration: 0.034s, TimeUntilOOM: 8.879s, TimeUntilGC: 8.744s, GCWorkers: 1 -> 1
[47.084s][debug][gc,director    ] Rule: High Usage, Free: 1752MB(85.5%)
[47.084s][debug][gc,director    ] Rule: Proactive, AcceptableGCInterval: 1.685s, TimeSinceLastGC: 1.772s, TimeUntilGC: -0.087s
[47.084s][debug][gc,heap        ] GC(16) Heap before GC invocations=16 (full 16):
[47.084s][debug][gc,heap        ] GC(16)  ZHeap           used 262M, capacity 686M, max capacity 2048M
[47.084s][debug][gc,heap        ] GC(16)  Metaspace       used 9022K, committed 9344K, reserved 1114112K
[47.084s][debug][gc,heap        ] GC(16)   class space    used 936K, committed 1088K, reserved 1048576K
[47.084s][info ][gc,start       ] GC(16) Garbage Collection (Proactive)
[47.084s][info ][gc,task        ] GC(16) Using 1 workers
[47.084s][debug][gc,phases,start] GC(16) Pause Mark Start
[47.084s][debug][gc,marking     ] GC(16) Using 1 mark stripes
[47.084s][debug][gc,marking     ] GC(16) Mark Worker/Stripe Distribution
[47.084s][debug][gc,marking     ] GC(16)   Worker 0(1) -> Stripe 0(1)
[47.084s][info ][gc,phases      ] GC(16) Pause Mark Start 0.221ms
[47.085s][debug][gc,phases,start] GC(16) Concurrent Mark
[47.085s][debug][gc,task        ] GC(16) Executing Task: ZMarkRootsTask, Active Workers: 1
[47.088s][debug][gc,tlab        ] GC(16) TLAB totals: thrds: 4  refills: 755 max: 752 slow allocs: 50 max 50 waste:  0.8% gc: 603624B max: 261056B slow: 993952B max: 993952B
[47.088s][debug][gc,task        ] GC(16) Executing Task: ZMarkTask, Active Workers: 1
[47.105s][info ][gc,phases      ] GC(16) Concurrent Mark 20.606ms
[47.105s][debug][gc,phases,start] GC(16) Pause Mark End
[47.105s][info ][gc,phases      ] GC(16) Pause Mark End 0.028ms
[47.105s][debug][gc,phases,start] GC(16) Concurrent Mark Free
[47.105s][info ][gc,phases      ] GC(16) Concurrent Mark Free 0.015ms
[47.105s][debug][gc,phases,start] GC(16) Concurrent Process Non-Strong References
[47.105s][debug][gc,phases,start] GC(16) Concurrent References Process
[47.105s][debug][gc,task        ] GC(16) Executing Task: ZReferenceProcessorTask, Active Workers: 1
[47.105s][debug][gc,phases      ] GC(16) Concurrent References Process 0.089ms
[47.105s][debug][gc,task        ] GC(16) Executing Task: ZProcessWeakRootsTask, Active Workers: 1
[47.106s][debug][gc,phases,start] GC(16) Concurrent Classes Unlink
[47.106s][debug][gc,phases,start] GC(16) ClassLoaderData
[47.106s][debug][gc,phases      ] GC(16) ClassLoaderData 0.043ms
[47.106s][debug][gc,phases,start] GC(16) Trigger cleanups
[47.106s][debug][gc,phases      ] GC(16) Trigger cleanups 0.011ms
[47.106s][debug][gc,task        ] GC(16) Executing Task: ZNMethodUnlinkTask, Active Workers: 1
[47.111s][debug][gc,phases      ] GC(16) Concurrent Classes Unlink 4.750ms
[47.111s][debug][gc,phases,start] GC(16) Concurrent Classes Purge
[47.111s][debug][gc,task        ] GC(16) Executing Task: ZNMethodPurgeTask, Active Workers: 1
[47.111s][debug][gc,phases      ] GC(16) Concurrent Classes Purge 0.213ms
[47.111s][debug][gc,phases,start] GC(16) Concurrent References Enqueue
[47.111s][debug][gc,phases      ] GC(16) Concurrent References Enqueue 0.015ms
[47.111s][info ][gc,phases      ] GC(16) Concurrent Process Non-Strong References 5.862ms
[47.111s][debug][gc,phases,start] GC(16) Concurrent Reset Relocation Set
[47.111s][info ][gc,phases      ] GC(16) Concurrent Reset Relocation Set 0.018ms
[47.111s][debug][gc,phases,start] GC(16) Concurrent Select Relocation Set
[47.113s][debug][gc,task        ] GC(16) Executing Task: ZRelocationSetInstallTask, Active Workers: 1
[47.113s][info ][gc,phases      ] GC(16) Concurrent Select Relocation Set 1.827ms
[47.113s][debug][gc,phases,start] GC(16) Pause Relocate Start
[47.113s][info ][gc,phases      ] GC(16) Pause Relocate Start 0.030ms
[47.113s][debug][gc,phases,start] GC(16) Concurrent Relocate
[47.113s][debug][gc,task        ] GC(16) Executing Task: ZRelocateTask, Active Workers: 1
[47.115s][info ][gc,phases      ] GC(16) Concurrent Relocate 1.860ms
[47.115s][debug][gc,heap        ] GC(16) Heap after GC invocations=17 (full 17):
[47.115s][debug][gc,heap        ] GC(16)  ZHeap           used 46M, capacity 686M, max capacity 2048M
[47.115s][debug][gc,heap        ] GC(16)  Metaspace       used 9022K, committed 9344K, reserved 1114112K
[47.115s][debug][gc,heap        ] GC(16)   class space    used 936K, committed 1088K, reserved 1048576K
[47.115s][info ][gc,load        ] GC(16) Load: 4.01/3.26/2.76
[47.115s][info ][gc,mmu         ] GC(16) MMU: 2ms/86.2%, 5ms/94.5%, 10ms/97.2%, 20ms/98.6%, 50ms/99.2%, 100ms/99.5%
[47.115s][info ][gc,marking     ] GC(16) Mark: 1 stripe(s), 2 proactive flush(es), 1 terminate flush(es), 0 completion(s), 0 continuation(s) 
[47.115s][info ][gc,marking     ] GC(16) Mark Stack Usage: 32M
[47.115s][info ][gc,nmethod     ] GC(16) NMethods: 2807 registered, 0 unregistered
[47.115s][info ][gc,metaspace   ] GC(16) Metaspace: 8M used, 9M committed, 1088M reserved
[47.115s][info ][gc,ref         ] GC(16) Soft: 742 encountered, 0 discovered, 0 enqueued
[47.115s][info ][gc,ref         ] GC(16) Weak: 1293 encountered, 651 discovered, 0 enqueued
[47.115s][info ][gc,ref         ] GC(16) Final: 0 encountered, 0 discovered, 0 enqueued
[47.115s][info ][gc,ref         ] GC(16) Phantom: 15 encountered, 8 discovered, 0 enqueued
[47.115s][info ][gc,reloc       ] GC(16) Small Pages: 99 / 198M, Empty: 188M, Relocated: 1M, In-Place: 0
[47.115s][info ][gc,reloc       ] GC(16) Medium Pages: 2 / 64M, Empty: 64M, Relocated: 0M, In-Place: 0
[47.115s][info ][gc,reloc       ] GC(16) Large Pages: 0 / 0M, Empty: 0M, Relocated: 0M, In-Place: 0
[47.115s][info ][gc,reloc       ] GC(16) Forwarding Usage: 0M
[47.115s][info ][gc,heap        ] GC(16) Min Capacity: 8M(0%)
[47.115s][info ][gc,heap        ] GC(16) Max Capacity: 2048M(100%)
[47.115s][info ][gc,heap        ] GC(16) Soft Max Capacity: 2048M(100%)
[47.115s][info ][gc,heap        ] GC(16)                Mark Start          Mark End        Relocate Start      Relocate End           High               Low         
[47.115s][info ][gc,heap        ] GC(16)  Capacity:      686M (33%)         686M (33%)         686M (33%)         686M (33%)         686M (33%)         686M (33%)    
[47.115s][info ][gc,heap        ] GC(16)      Free:     1786M (87%)        1786M (87%)        2000M (98%)        2002M (98%)        2002M (98%)        1750M (85%)    
[47.115s][info ][gc,heap        ] GC(16)      Used:      262M (13%)         262M (13%)          48M (2%)           46M (2%)          298M (15%)          46M (2%)     
[47.115s][info ][gc,heap        ] GC(16)      Live:         -                 5M (0%)            5M (0%)            5M (0%)             -                  -          
[47.115s][info ][gc,heap        ] GC(16) Allocated:         -                 0M (0%)           38M (2%)           40M (2%)             -                  -          
[47.115s][info ][gc,heap        ] GC(16)   Garbage:         -               256M (13%)           4M (0%)            0M (0%)             -                  -          
[47.116s][info ][gc,heap        ] GC(16) Reclaimed:         -                  -               252M (12%)         256M (12%)            -                  -          
[47.116s][info ][gc             ] GC(16) Garbage Collection (Proactive) 262M(13%)->46M(2%)
[47.179s][debug][gc,alloc       ] Allocation Rate: 172.0MB/s, Predicted: 140.1MB/s, Avg: 145.2(+/-14.8)MB/s
[47.179s][debug][gc,director    ] Select GC Workers (Normal), AvoidLongGCWorkers: 0.003, AvoidOOMGCWorkers: 0.003, LastGCWorkers: 1.000, GCWorkers: 0.003
[47.179s][debug][gc,director    ] Rule: Allocation Rate (Dynamic GC Workers), MaxAllocRate: 193.8MB/s (+/-10.2%), Free: 1962MB, GCCPUTime: 0.033, GCDuration: 0.033s, TimeUntilOOM: 9.192s, TimeUntilGC: 9.059s, GCWorkers: 1 -> 1
[47.179s][debug][gc,director    ] Rule: High Usage, Free: 1962MB(95.8%)
[47.179s][debug][gc,director    ] Rule: Proactive, UsedUntilEnabled: 198MB, TimeUntilEnabled: 299.936s
[47.285s][debug][gc,alloc       ] Allocation Rate: 140.0MB/s, Predicted: 145.7MB/s, Avg: 141.8(+/-11.2)MB/s
[47.285s][debug][gc,director    ] Select GC Workers (Normal), AvoidLongGCWorkers: 0.003, AvoidOOMGCWorkers: 0.003, LastGCWorkers: 1.000, GCWorkers: 0.003
[47.285s][debug][gc,director    ] Rule: Allocation Rate (Dynamic GC Workers), MaxAllocRate: 182.7MB/s (+/-7.9%), Free: 1950MB, GCCPUTime: 0.033, GCDuration: 0.033s, TimeUntilOOM: 9.892s, TimeUntilGC: 9.759s, GCWorkers: 1 -> 1
[47.285s][debug][gc,director    ] Rule: High Usage, Free: 1950MB(95.2%)
[47.285s][debug][gc,director    ] Rule: Proactive, UsedUntilEnabled: 186MB, TimeUntilEnabled: 299.830s
[47.382s][debug][gc,alloc       ] Allocation Rate: 140.0MB/s, Predicted: 145.1MB/s, Avg: 141.6(+/-11.2)MB/s
[47.382s][debug][gc,director    ] Select GC Workers (Normal), AvoidLongGCWorkers: 0.003, AvoidOOMGCWorkers: 0.003, LastGCWorkers: 1.000, GCWorkers: 0.003
[47.382s][debug][gc,director    ] Rule: Allocation Rate (Dynamic GC Workers), MaxAllocRate: 182.0MB/s (+/-7.9%), Free: 1938MB, GCCPUTime: 0.033, GCDuration: 0.033s, TimeUntilOOM: 9.863s, TimeUntilGC: 9.730s, GCWorkers: 1 -> 1
[47.382s][debug][gc,director    ] Rule: High Usage, Free: 1938MB(94.6%)
[47.382s][debug][gc,director    ] Rule: Proactive, UsedUntilEnabled: 174MB, TimeUntilEnabled: 299.733s
[47.484s][debug][gc,alloc       ] Allocation Rate: 140.0MB/s, Predicted: 144.5MB/s, Avg: 141.4(+/-11.2)MB/s
[47.484s][debug][gc,director    ] Select GC Workers (Normal), AvoidLongGCWorkers: 0.003, AvoidOOMGCWorkers: 0.003, LastGCWorkers: 1.000, GCWorkers: 0.003
[47.484s][debug][gc,director    ] Rule: Allocation Rate (Dynamic GC Workers), MaxAllocRate: 181.5MB/s (+/-8.0%), Free: 1926MB, GCCPUTime: 0.033, GCDuration: 0.033s, TimeUntilOOM: 9.828s, TimeUntilGC: 9.695s, GCWorkers: 1 -> 1
[47.484s][debug][gc,director    ] Rule: High Usage, Free: 1926MB(94.0%)
[47.484s][debug][gc,director    ] Rule: Proactive, UsedUntilEnabled: 162MB, TimeUntilEnabled: 299.631s
[47.578s][debug][gc,alloc       ] Allocation Rate: 138.0MB/s, Predicted: 143.3MB/s, Avg: 141.0(+/-11.3)MB/s
[47.578s][debug][gc,director    ] Select GC Workers (Normal), AvoidLongGCWorkers: 0.003, AvoidOOMGCWorkers: 0.003, LastGCWorkers: 1.000, GCWorkers: 0.003
[47.578s][debug][gc,director    ] Rule: Allocation Rate (Dynamic GC Workers), MaxAllocRate: 180.5MB/s (+/-8.0%), Free: 1916MB, GCCPUTime: 0.033, GCDuration: 0.033s, TimeUntilOOM: 9.830s, TimeUntilGC: 9.696s, GCWorkers: 1 -> 1
[47.578s][debug][gc,director    ] Rule: High Usage, Free: 1916MB(93.6%)
[47.578s][debug][gc,director    ] Rule: Proactive, UsedUntilEnabled: 152MB, TimeUntilEnabled: 299.537s
[47.683s][debug][gc,alloc       ] Allocation Rate: 126.0MB/s, Predicted: 137.6MB/s, Avg: 139.4(+/-12.1)MB/s
[47.683s][debug][gc,director    ] Select GC Workers (Normal), AvoidLongGCWorkers: 0.003, AvoidOOMGCWorkers: 0.003, LastGCWorkers: 1.000, GCWorkers: 0.003
[47.683s][debug][gc,director    ] Rule: Allocation Rate (Dynamic GC Workers), MaxAllocRate: 179.3MB/s (+/-8.7%), Free: 1916MB, GCCPUTime: 0.033, GCDuration: 0.033s, TimeUntilOOM: 9.829s, TimeUntilGC: 9.695s, GCWorkers: 1 -> 1
[47.683s][debug][gc,director    ] Rule: High Usage, Free: 1914MB(93.5%)
[47.684s][debug][gc,director    ] Rule: Proactive, UsedUntilEnabled: 150MB, TimeUntilEnabled: 299.432s
[47.785s][debug][gc,alloc       ] Allocation Rate: 126.0MB/s, Predicted: 132.9MB/s, Avg: 137.8(+/-12.7)MB/s
[47.785s][debug][gc,director    ] Select GC Workers (Normal), AvoidLongGCWorkers: 0.003, AvoidOOMGCWorkers: 0.003, LastGCWorkers: 1.000, GCWorkers: 0.003
[47.785s][debug][gc,director    ] Rule: Allocation Rate (Dynamic GC Workers), MaxAllocRate: 179.7MB/s (+/-9.2%), Free: 1904MB, GCCPUTime: 0.033, GCDuration: 0.033s, TimeUntilOOM: 9.701s, TimeUntilGC: 9.568s, GCWorkers: 1 -> 1
[47.785s][debug][gc,director    ] Rule: High Usage, Free: 1904MB(93.0%)
[47.785s][debug][gc,director    ] Rule: Proactive, UsedUntilEnabled: 140MB, TimeUntilEnabled: 299.330s
[47.884s][debug][gc,alloc       ] Allocation Rate: 138.0MB/s, Predicted: 130.9MB/s, Avg: 138.6(+/-12.5)MB/s
[47.884s][debug][gc,director    ] Select GC Workers (Normal), AvoidLongGCWorkers: 0.003, AvoidOOMGCWorkers: 0.003, LastGCWorkers: 1.000, GCWorkers: 0.003
[47.885s][debug][gc,director    ] Rule: Allocation Rate (Dynamic GC Workers), MaxAllocRate: 179.6MB/s (+/-9.0%), Free: 1892MB, GCCPUTime: 0.033, GCDuration: 0.033s, TimeUntilOOM: 9.666s, TimeUntilGC: 9.532s, GCWorkers: 1 -> 1
[47.885s][debug][gc,director    ] Rule: High Usage, Free: 1892MB(92.4%)
[47.885s][debug][gc,director    ] Rule: Proactive, UsedUntilEnabled: 128MB, TimeUntilEnabled: 299.231s
[47.979s][debug][gc,alloc       ] Allocation Rate: 140.0MB/s, Predicted: 128.7MB/s, Avg: 139.8(+/-11.9)MB/s
[47.980s][debug][gc,director    ] Select GC Workers (Normal), AvoidLongGCWorkers: 0.003, AvoidOOMGCWorkers: 0.003, LastGCWorkers: 1.000, GCWorkers: 0.003
[47.980s][debug][gc,director    ] Rule: Allocation Rate (Dynamic GC Workers), MaxAllocRate: 179.1MB/s (+/-8.5%), Free: 1878MB, GCCPUTime: 0.033, GCDuration: 0.033s, TimeUntilOOM: 9.659s, TimeUntilGC: 9.526s, GCWorkers: 1 -> 1
[47.980s][debug][gc,director    ] Rule: High Usage, Free: 1878MB(91.7%)
[47.980s][debug][gc,director    ] Rule: Proactive, UsedUntilEnabled: 114MB, TimeUntilEnabled: 299.136s
[48.085s][debug][gc,alloc       ] Allocation Rate: 172.0MB/s, Predicted: 141.1MB/s, Avg: 143.2(+/-15.3)MB/s
[48.085s][debug][gc,director    ] Select GC Workers (Normal), AvoidLongGCWorkers: 0.003, AvoidOOMGCWorkers: 0.003, LastGCWorkers: 1.000, GCWorkers: 0.003
[48.085s][debug][gc,director    ] Rule: Allocation Rate (Dynamic GC Workers), MaxAllocRate: 193.6MB/s (+/-10.7%), Free: 1836MB, GCCPUTime: 0.033, GCDuration: 0.033s, TimeUntilOOM: 8.567s, TimeUntilGC: 8.434s, GCWorkers: 1 -> 1
[48.085s][debug][gc,director    ] Rule: High Usage, Free: 1836MB(89.6%)
[48.085s][debug][gc,director    ] Rule: Proactive, UsedUntilEnabled: 72MB, TimeUntilEnabled: 299.030s
[48.182s][debug][gc,alloc       ] Allocation Rate: 138.0MB/s, Predicted: 146.7MB/s, Avg: 139.8(+/-11.9)MB/s
[48.182s][debug][gc,director    ] Select GC Workers (Normal), AvoidLongGCWorkers: 0.003, AvoidOOMGCWorkers: 0.003, LastGCWorkers: 1.000, GCWorkers: 0.003
[48.182s][debug][gc,director    ] Rule: Allocation Rate (Dynamic GC Workers), MaxAllocRate: 186.0MB/s (+/-8.5%), Free: 1824MB, GCCPUTime: 0.033, GCDuration: 0.033s, TimeUntilOOM: 9.035s, TimeUntilGC: 8.902s, GCWorkers: 1 -> 1
[48.182s][debug][gc,director    ] Rule: High Usage, Free: 1824MB(89.1%)
[48.182s][debug][gc,director    ] Rule: Proactive, UsedUntilEnabled: 60MB, TimeUntilEnabled: 298.933s
[48.284s][debug][gc,alloc       ] Allocation Rate: 138.0MB/s, Predicted: 146.0MB/s, Avg: 139.6(+/-12.0)MB/s
[48.285s][debug][gc,director    ] Select GC Workers (Normal), AvoidLongGCWorkers: 0.003, AvoidOOMGCWorkers: 0.003, LastGCWorkers: 1.000, GCWorkers: 0.003
[48.285s][debug][gc,director    ] Rule: Allocation Rate (Dynamic GC Workers), MaxAllocRate: 185.4MB/s (+/-8.6%), Free: 1812MB, GCCPUTime: 0.033, GCDuration: 0.033s, TimeUntilOOM: 9.004s, TimeUntilGC: 8.871s, GCWorkers: 1 -> 1
[48.285s][debug][gc,director    ] Rule: High Usage, Free: 1812MB(88.5%)
[48.285s][debug][gc,director    ] Rule: Proactive, UsedUntilEnabled: 48MB, TimeUntilEnabled: 298.830s
[48.384s][debug][gc,alloc       ] Allocation Rate: 138.0MB/s, Predicted: 145.5MB/s, Avg: 139.4(+/-12.0)MB/s
[48.384s][debug][gc,director    ] Select GC Workers (Normal), AvoidLongGCWorkers: 0.003, AvoidOOMGCWorkers: 0.003, LastGCWorkers: 1.000, GCWorkers: 0.003
[48.384s][debug][gc,director    ] Rule: Allocation Rate (Dynamic GC Workers), MaxAllocRate: 184.8MB/s (+/-8.6%), Free: 1800MB, GCCPUTime: 0.033, GCDuration: 0.033s, TimeUntilOOM: 8.968s, TimeUntilGC: 8.834s, GCWorkers: 1 -> 1
[48.384s][debug][gc,director    ] Rule: High Usage, Free: 1800MB(87.9%)
[48.384s][debug][gc,director    ] Rule: Proactive, UsedUntilEnabled: 36MB, TimeUntilEnabled: 298.731s
[48.482s][debug][gc,alloc       ] Allocation Rate: 138.0MB/s, Predicted: 145.1MB/s, Avg: 139.2(+/-12.0)MB/s
[48.482s][debug][gc,director    ] Select GC Workers (Normal), AvoidLongGCWorkers: 0.003, AvoidOOMGCWorkers: 0.003, LastGCWorkers: 1.000, GCWorkers: 0.003
[48.482s][debug][gc,director    ] Rule: Allocation Rate (Dynamic GC Workers), MaxAllocRate: 184.5MB/s (+/-8.6%), Free: 1788MB, GCCPUTime: 0.033, GCDuration: 0.033s, TimeUntilOOM: 8.925s, TimeUntilGC: 8.792s, GCWorkers: 1 -> 1
[48.482s][debug][gc,director    ] Rule: High Usage, Free: 1788MB(87.3%)
[48.482s][debug][gc,director    ] Rule: Proactive, UsedUntilEnabled: 24MB, TimeUntilEnabled: 298.633s
[48.584s][debug][gc,alloc       ] Allocation Rate: 128.0MB/s, Predicted: 140.3MB/s, Avg: 138.2(+/-12.4)MB/s
[48.584s][debug][gc,director    ] Select GC Workers (Normal), AvoidLongGCWorkers: 0.003, AvoidOOMGCWorkers: 0.003, LastGCWorkers: 1.000, GCWorkers: 0.003
[48.584s][debug][gc,director    ] Rule: Allocation Rate (Dynamic GC Workers), MaxAllocRate: 181.2MB/s (+/-9.0%), Free: 1788MB, GCCPUTime: 0.033, GCDuration: 0.033s, TimeUntilOOM: 9.053s, TimeUntilGC: 8.919s, GCWorkers: 1 -> 1
[48.584s][debug][gc,director    ] Rule: High Usage, Free: 1788MB(87.3%)
[48.584s][debug][gc,director    ] Rule: Proactive, UsedUntilEnabled: 24MB, TimeUntilEnabled: 298.531s
[48.685s][debug][gc,alloc       ] Allocation Rate: 140.0MB/s, Predicted: 137.7MB/s, Avg: 139.6(+/-11.8)MB/s
[48.685s][debug][gc,director    ] Select GC Workers (Normal), AvoidLongGCWorkers: 0.003, AvoidOOMGCWorkers: 0.003, LastGCWorkers: 1.000, GCWorkers: 0.003
[48.685s][debug][gc,director    ] Rule: Allocation Rate (Dynamic GC Workers), MaxAllocRate: 178.3MB/s (+/-8.4%), Free: 1776MB, GCCPUTime: 0.033, GCDuration: 0.033s, TimeUntilOOM: 9.188s, TimeUntilGC: 9.054s, GCWorkers: 1 -> 1
[48.685s][debug][gc,director    ] Rule: High Usage, Free: 1776MB(86.7%)
[48.685s][debug][gc,director    ] Rule: Proactive, UsedUntilEnabled: 12MB, TimeUntilEnabled: 298.430s
[48.785s][debug][gc,alloc       ] Allocation Rate: 140.0MB/s, Predicted: 134.3MB/s, Avg: 141.0(+/-10.9)MB/s
[48.785s][debug][gc,director    ] Select GC Workers (Normal), AvoidLongGCWorkers: 0.003, AvoidOOMGCWorkers: 0.003, LastGCWorkers: 1.000, GCWorkers: 0.003
[48.785s][debug][gc,director    ] Rule: Allocation Rate (Dynamic GC Workers), MaxAllocRate: 176.7MB/s (+/-7.7%), Free: 1764MB, GCCPUTime: 0.033, GCDuration: 0.033s, TimeUntilOOM: 9.269s, TimeUntilGC: 9.135s, GCWorkers: 1 -> 1
[48.785s][debug][gc,director    ] Rule: High Usage, Free: 1764MB(86.1%)
[48.785s][debug][gc,director    ] Rule: Proactive, UsedUntilEnabled: 0MB, TimeUntilEnabled: 298.330s
[48.884s][debug][gc,alloc       ] Allocation Rate: 140.0MB/s, Predicted: 133.1MB/s, Avg: 141.2(+/-10.8)MB/s
[48.884s][debug][gc,director    ] Select GC Workers (Normal), AvoidLongGCWorkers: 0.003, AvoidOOMGCWorkers: 0.003, LastGCWorkers: 1.000, GCWorkers: 0.003
[48.884s][debug][gc,director    ] Rule: Allocation Rate (Dynamic GC Workers), MaxAllocRate: 176.8MB/s (+/-7.7%), Free: 1752MB, GCCPUTime: 0.033, GCDuration: 0.033s, TimeUntilOOM: 9.205s, TimeUntilGC: 9.072s, GCWorkers: 1 -> 1
[48.884s][debug][gc,director    ] Rule: High Usage, Free: 1752MB(85.5%)
[48.884s][debug][gc,director    ] Rule: Proactive, AcceptableGCInterval: 1.630s, TimeSinceLastGC: 1.769s, TimeUntilGC: -0.139s
[48.884s][debug][gc,heap        ] GC(17) Heap before GC invocations=17 (full 17):
[48.884s][debug][gc,heap        ] GC(17)  ZHeap           used 262M, capacity 686M, max capacity 2048M
[48.885s][debug][gc,heap        ] GC(17)  Metaspace       used 9025K, committed 9344K, reserved 1114112K
[48.885s][debug][gc,heap        ] GC(17)   class space    used 936K, committed 1088K, reserved 1048576K
[48.885s][info ][gc,start       ] GC(17) Garbage Collection (Proactive)
[48.885s][info ][gc,task        ] GC(17) Using 1 workers
[48.885s][debug][gc,phases,start] GC(17) Pause Mark Start
[48.885s][debug][gc,marking     ] GC(17) Using 1 mark stripes
[48.885s][debug][gc,marking     ] GC(17) Mark Worker/Stripe Distribution
[48.885s][debug][gc,marking     ] GC(17)   Worker 0(1) -> Stripe 0(1)
[48.885s][info ][gc,phases      ] GC(17) Pause Mark Start 0.198ms
[48.885s][debug][gc,phases,start] GC(17) Concurrent Mark
[48.885s][debug][gc,task        ] GC(17) Executing Task: ZMarkRootsTask, Active Workers: 1
[48.889s][debug][gc,tlab        ] GC(17) TLAB totals: thrds: 4  refills: 755 max: 752 slow allocs: 50 max 50 waste:  0.9% gc: 765792B max: 261424B slow: 993952B max: 993952B
[48.889s][debug][gc,task        ] GC(17) Executing Task: ZMarkTask, Active Workers: 1
[48.906s][info ][gc,phases      ] GC(17) Concurrent Mark 20.767ms
[48.906s][debug][gc,phases,start] GC(17) Pause Mark End
[48.906s][info ][gc,phases      ] GC(17) Pause Mark End 0.031ms
[48.906s][debug][gc,phases,start] GC(17) Concurrent Mark Free
[48.906s][info ][gc,phases      ] GC(17) Concurrent Mark Free 0.013ms
[48.906s][debug][gc,phases,start] GC(17) Concurrent Process Non-Strong References
[48.906s][debug][gc,phases,start] GC(17) Concurrent References Process
[48.906s][debug][gc,task        ] GC(17) Executing Task: ZReferenceProcessorTask, Active Workers: 1
[48.906s][debug][gc,phases      ] GC(17) Concurrent References Process 0.084ms
[48.906s][debug][gc,task        ] GC(17) Executing Task: ZProcessWeakRootsTask, Active Workers: 1
[48.907s][debug][gc,phases,start] GC(17) Concurrent Classes Unlink
[48.907s][debug][gc,phases,start] GC(17) ClassLoaderData
[48.907s][debug][gc,phases      ] GC(17) ClassLoaderData 0.044ms
[48.907s][debug][gc,phases,start] GC(17) Trigger cleanups
[48.907s][debug][gc,phases      ] GC(17) Trigger cleanups 0.010ms
[48.907s][debug][gc,task        ] GC(17) Executing Task: ZNMethodUnlinkTask, Active Workers: 1
[48.912s][debug][gc,phases      ] GC(17) Concurrent Classes Unlink 4.742ms
[48.912s][debug][gc,phases,start] GC(17) Concurrent Classes Purge
[48.912s][debug][gc,task        ] GC(17) Executing Task: ZNMethodPurgeTask, Active Workers: 1
[48.912s][debug][gc,phases      ] GC(17) Concurrent Classes Purge 0.197ms
[48.912s][debug][gc,phases,start] GC(17) Concurrent References Enqueue
[48.912s][debug][gc,phases      ] GC(17) Concurrent References Enqueue 0.017ms
[48.912s][info ][gc,phases      ] GC(17) Concurrent Process Non-Strong References 5.799ms
[48.912s][debug][gc,phases,start] GC(17) Concurrent Reset Relocation Set
[48.912s][info ][gc,phases      ] GC(17) Concurrent Reset Relocation Set 0.012ms
[48.912s][debug][gc,phases,start] GC(17) Concurrent Select Relocation Set
[48.914s][debug][gc,task        ] GC(17) Executing Task: ZRelocationSetInstallTask, Active Workers: 1
[48.914s][info ][gc,phases      ] GC(17) Concurrent Select Relocation Set 1.976ms
[48.914s][debug][gc,phases,start] GC(17) Pause Relocate Start
[48.914s][info ][gc,phases      ] GC(17) Pause Relocate Start 0.034ms
[48.914s][debug][gc,phases,start] GC(17) Concurrent Relocate
[48.914s][debug][gc,task        ] GC(17) Executing Task: ZRelocateTask, Active Workers: 1
[48.916s][info ][gc,phases      ] GC(17) Concurrent Relocate 1.772ms
[48.916s][debug][gc,heap        ] GC(17) Heap after GC invocations=18 (full 18):
[48.916s][debug][gc,heap        ] GC(17)  ZHeap           used 6M, capacity 686M, max capacity 2048M
[48.916s][debug][gc,heap        ] GC(17)  Metaspace       used 9025K, committed 9344K, reserved 1114112K
[48.916s][debug][gc,heap        ] GC(17)   class space    used 936K, committed 1088K, reserved 1048576K
[48.916s][info ][gc,load        ] GC(17) Load: 4.01/3.26/2.76
[48.916s][info ][gc,mmu         ] GC(17) MMU: 2ms/86.2%, 5ms/94.5%, 10ms/97.2%, 20ms/98.6%, 50ms/99.2%, 100ms/99.5%
[48.916s][info ][gc,marking     ] GC(17) Mark: 1 stripe(s), 2 proactive flush(es), 1 terminate flush(es), 0 completion(s), 0 continuation(s) 
[48.916s][info ][gc,marking     ] GC(17) Mark Stack Usage: 32M
[48.916s][info ][gc,nmethod     ] GC(17) NMethods: 2813 registered, 0 unregistered
[48.916s][info ][gc,metaspace   ] GC(17) Metaspace: 8M used, 9M committed, 1088M reserved
[48.916s][info ][gc,ref         ] GC(17) Soft: 742 encountered, 0 discovered, 0 enqueued
[48.916s][info ][gc,ref         ] GC(17) Weak: 1293 encountered, 651 discovered, 0 enqueued
[48.916s][info ][gc,ref         ] GC(17) Final: 0 encountered, 0 discovered, 0 enqueued
[48.916s][info ][gc,ref         ] GC(17) Phantom: 15 encountered, 8 discovered, 0 enqueued
[48.916s][info ][gc,reloc       ] GC(17) Small Pages: 99 / 198M, Empty: 190M, Relocated: 1M, In-Place: 0
[48.916s][info ][gc,reloc       ] GC(17) Medium Pages: 2 / 64M, Empty: 64M, Relocated: 0M, In-Place: 0
[48.916s][info ][gc,reloc       ] GC(17) Large Pages: 0 / 0M, Empty: 0M, Relocated: 0M, In-Place: 0
[48.916s][info ][gc,reloc       ] GC(17) Forwarding Usage: 0M
[48.916s][info ][gc,heap        ] GC(17) Min Capacity: 8M(0%)
[48.916s][info ][gc,heap        ] GC(17) Max Capacity: 2048M(100%)
[48.916s][info ][gc,heap        ] GC(17) Soft Max Capacity: 2048M(100%)
[48.916s][info ][gc,heap        ] GC(17)                Mark Start          Mark End        Relocate Start      Relocate End           High               Low         
[48.916s][info ][gc,heap        ] GC(17)  Capacity:      686M (33%)         686M (33%)         686M (33%)         686M (33%)         686M (33%)         686M (33%)    
[48.916s][info ][gc,heap        ] GC(17)      Free:     1786M (87%)        1786M (87%)        2040M (100%)       2042M (100%)       2042M (100%)       1786M (87%)    
[48.916s][info ][gc,heap        ] GC(17)      Used:      262M (13%)         262M (13%)           8M (0%)            6M (0%)          262M (13%)           6M (0%)     
[48.916s][info ][gc,heap        ] GC(17)      Live:         -                 5M (0%)            5M (0%)            5M (0%)             -                  -          
[48.916s][info ][gc,heap        ] GC(17) Allocated:         -                 0M (0%)            0M (0%)            0M (0%)             -                  -          
[48.916s][info ][gc,heap        ] GC(17)   Garbage:         -               256M (13%)           2M (0%)            0M (0%)             -                  -          
[48.916s][info ][gc,heap        ] GC(17) Reclaimed:         -                  -               254M (12%)         256M (12%)            -                  -          
[48.916s][info ][gc             ] GC(17) Garbage Collection (Proactive) 262M(13%)->6M(0%)
[48.977s][debug][gc,alloc       ] Allocation Rate: 176.0MB/s, Predicted: 146.7MB/s, Avg: 144.8(+/-15.0)MB/s
[48.978s][debug][gc,director    ] Select GC Workers (Normal), AvoidLongGCWorkers: 0.003, AvoidOOMGCWorkers: 0.003, LastGCWorkers: 1.000, GCWorkers: 0.003
[48.978s][debug][gc,director    ] Rule: Allocation Rate (Dynamic GC Workers), MaxAllocRate: 196.0MB/s (+/-10.4%), Free: 1958MB, GCCPUTime: 0.032, GCDuration: 0.032s, TimeUntilOOM: 9.051s, TimeUntilGC: 8.919s, GCWorkers: 1 -> 1
[48.978s][debug][gc,director    ] Rule: High Usage, Free: 1958MB(95.6%)
[48.978s][debug][gc,director    ] Rule: Proactive, UsedUntilEnabled: 154MB, TimeUntilEnabled: 299.938s
[49.079s][debug][gc,alloc       ] Allocation Rate: 146.0MB/s, Predicted: 154.4MB/s, Avg: 142.2(+/-12.0)MB/s
[49.079s][debug][gc,director    ] Select GC Workers (Normal), AvoidLongGCWorkers: 0.003, AvoidOOMGCWorkers: 0.003, LastGCWorkers: 1.000, GCWorkers: 0.003
[49.079s][debug][gc,director    ] Rule: Allocation Rate (Dynamic GC Workers), MaxAllocRate: 193.9MB/s (+/-8.4%), Free: 1946MB, GCCPUTime: 0.032, GCDuration: 0.032s, TimeUntilOOM: 9.252s, TimeUntilGC: 9.120s, GCWorkers: 1 -> 1
[49.079s][debug][gc,director    ] Rule: High Usage, Free: 1946MB(95.0%)
[49.079s][debug][gc,director    ] Rule: Proactive, UsedUntilEnabled: 142MB, TimeUntilEnabled: 299.837s
[49.180s][debug][gc,alloc       ] Allocation Rate: 146.0MB/s, Predicted: 154.8MB/s, Avg: 143.0(+/-12.0)MB/s
[49.181s][debug][gc,director    ] Select GC Workers (Normal), AvoidLongGCWorkers: 0.003, AvoidOOMGCWorkers: 0.003, LastGCWorkers: 1.000, GCWorkers: 0.003
[49.181s][debug][gc,director    ] Rule: Allocation Rate (Dynamic GC Workers), MaxAllocRate: 194.2MB/s (+/-8.4%), Free: 1934MB, GCCPUTime: 0.032, GCDuration: 0.032s, TimeUntilOOM: 9.189s, TimeUntilGC: 9.057s, GCWorkers: 1 -> 1
[49.181s][debug][gc,director    ] Rule: High Usage, Free: 1934MB(94.4%)
[49.181s][debug][gc,director    ] Rule: Proactive, UsedUntilEnabled: 130MB, TimeUntilEnabled: 299.735s
[49.282s][debug][gc,alloc       ] Allocation Rate: 146.0MB/s, Predicted: 154.7MB/s, Avg: 143.8(+/-11.9)MB/s
[49.282s][debug][gc,director    ] Select GC Workers (Normal), AvoidLongGCWorkers: 0.003, AvoidOOMGCWorkers: 0.003, LastGCWorkers: 1.000, GCWorkers: 0.003
[49.282s][debug][gc,director    ] Rule: Allocation Rate (Dynamic GC Workers), MaxAllocRate: 193.8MB/s (+/-8.3%), Free: 1922MB, GCCPUTime: 0.032, GCDuration: 0.032s, TimeUntilOOM: 9.162s, TimeUntilGC: 9.030s, GCWorkers: 1 -> 1
[49.282s][debug][gc,director    ] Rule: High Usage, Free: 1922MB(93.8%)
[49.282s][debug][gc,director    ] Rule: Proactive, UsedUntilEnabled: 118MB, TimeUntilEnabled: 299.634s
[49.383s][debug][gc,alloc       ] Allocation Rate: 146.0MB/s, Predicted: 154.0MB/s, Avg: 144.6(+/-11.7)MB/s
[49.383s][debug][gc,director    ] Select GC Workers (Normal), AvoidLongGCWorkers: 0.003, AvoidOOMGCWorkers: 0.003, LastGCWorkers: 1.000, GCWorkers: 0.003
[49.383s][debug][gc,director    ] Rule: Allocation Rate (Dynamic GC Workers), MaxAllocRate: 192.6MB/s (+/-8.1%), Free: 1910MB, GCCPUTime: 0.032, GCDuration: 0.032s, TimeUntilOOM: 9.172s, TimeUntilGC: 9.040s, GCWorkers: 1 -> 1
[49.383s][debug][gc,director    ] Rule: High Usage, Free: 1910MB(93.3%)
[49.383s][debug][gc,director    ] Rule: Proactive, UsedUntilEnabled: 106MB, TimeUntilEnabled: 299.533s
[49.484s][debug][gc,alloc       ] Allocation Rate: 134.0MB/s, Predicted: 148.0MB/s, Avg: 144.2(+/-12.0)MB/s
[49.484s][debug][gc,director    ] Select GC Workers (Normal), AvoidLongGCWorkers: 0.003, AvoidOOMGCWorkers: 0.003, LastGCWorkers: 1.000, GCWorkers: 0.003
[49.484s][debug][gc,director    ] Rule: Allocation Rate (Dynamic GC Workers), MaxAllocRate: 187.5MB/s (+/-8.3%), Free: 1910MB, GCCPUTime: 0.032, GCDuration: 0.032s, TimeUntilOOM: 9.401s, TimeUntilGC: 9.269s, GCWorkers: 1 -> 1
[49.484s][debug][gc,director    ] Rule: High Usage, Free: 1910MB(93.3%)
[49.484s][debug][gc,director    ] Rule: Proactive, UsedUntilEnabled: 106MB, TimeUntilEnabled: 299.431s
[49.585s][debug][gc,alloc       ] Allocation Rate: 146.0MB/s, Predicted: 144.4MB/s, Avg: 146.0(+/-10.7)MB/s
[49.585s][debug][gc,director    ] Select GC Workers (Normal), AvoidLongGCWorkers: 0.003, AvoidOOMGCWorkers: 0.003, LastGCWorkers: 1.000, GCWorkers: 0.003
[49.585s][debug][gc,director    ] Rule: Allocation Rate (Dynamic GC Workers), MaxAllocRate: 181.3MB/s (+/-7.4%), Free: 1898MB, GCCPUTime: 0.032, GCDuration: 0.032s, TimeUntilOOM: 9.751s, TimeUntilGC: 9.619s, GCWorkers: 1 -> 1
[49.585s][debug][gc,director    ] Rule: High Usage, Free: 1898MB(92.7%)
[49.585s][debug][gc,director    ] Rule: Proactive, UsedUntilEnabled: 94MB, TimeUntilEnabled: 299.331s
[49.685s][debug][gc,alloc       ] Allocation Rate: 146.0MB/s, Predicted: 142.8MB/s, Avg: 146.6(+/-10.5)MB/s
[49.685s][debug][gc,director    ] Select GC Workers (Normal), AvoidLongGCWorkers: 0.003, AvoidOOMGCWorkers: 0.003, LastGCWorkers: 1.000, GCWorkers: 0.003
[49.685s][debug][gc,director    ] Rule: Allocation Rate (Dynamic GC Workers), MaxAllocRate: 181.3MB/s (+/-7.2%), Free: 1886MB, GCCPUTime: 0.032, GCDuration: 0.032s, TimeUntilOOM: 9.704s, TimeUntilGC: 9.572s, GCWorkers: 1 -> 1
[49.685s][debug][gc,director    ] Rule: High Usage, Free: 1886MB(92.1%)
[49.685s][debug][gc,director    ] Rule: Proactive, UsedUntilEnabled: 82MB, TimeUntilEnabled: 299.231s
[49.782s][debug][gc,alloc       ] Allocation Rate: 144.0MB/s, Predicted: 140.0MB/s, Avg: 147.0(+/-10.4)MB/s
[49.782s][debug][gc,director    ] Select GC Workers (Normal), AvoidLongGCWorkers: 0.003, AvoidOOMGCWorkers: 0.003, LastGCWorkers: 1.000, GCWorkers: 0.003
[49.782s][debug][gc,director    ] Rule: Allocation Rate (Dynamic GC Workers), MaxAllocRate: 181.1MB/s (+/-7.0%), Free: 1876MB, GCCPUTime: 0.032, GCDuration: 0.032s, TimeUntilOOM: 9.677s, TimeUntilGC: 9.544s, GCWorkers: 1 -> 1
[49.782s][debug][gc,director    ] Rule: High Usage, Free: 1876MB(91.6%)
[49.782s][debug][gc,director    ] Rule: Proactive, UsedUntilEnabled: 72MB, TimeUntilEnabled: 299.134s
[49.885s][debug][gc,alloc       ] Allocation Rate: 176.0MB/s, Predicted: 149.7MB/s, Avg: 150.6(+/-13.2)MB/s
[49.885s][debug][gc,director    ] Select GC Workers (Normal), AvoidLongGCWorkers: 0.003, AvoidOOMGCWorkers: 0.003, LastGCWorkers: 1.000, GCWorkers: 0.003
[49.885s][debug][gc,director    ] Rule: Allocation Rate (Dynamic GC Workers), MaxAllocRate: 194.0MB/s (+/-8.7%), Free: 1832MB, GCCPUTime: 0.032, GCDuration: 0.032s, TimeUntilOOM: 8.685s, TimeUntilGC: 8.553s, GCWorkers: 1 -> 1
[49.885s][debug][gc,director    ] Rule: High Usage, Free: 1832MB(89.5%)
[49.885s][debug][gc,director    ] Rule: Proactive, UsedUntilEnabled: 28MB, TimeUntilEnabled: 299.031s
[49.980s][debug][gc,alloc       ] Allocation Rate: 138.0MB/s, Predicted: 151.5MB/s, Avg: 146.8(+/-10.5)MB/s
[49.980s][debug][gc,director    ] Select GC Workers (Normal), AvoidLongGCWorkers: 0.003, AvoidOOMGCWorkers: 0.003, LastGCWorkers: 1.000, GCWorkers: 0.003
[49.980s][debug][gc,director    ] Rule: Allocation Rate (Dynamic GC Workers), MaxAllocRate: 186.1MB/s (+/-7.2%), Free: 1820MB, GCCPUTime: 0.032, GCDuration: 0.032s, TimeUntilOOM: 9.128s, TimeUntilGC: 8.995s, GCWorkers: 1 -> 1
[49.980s][debug][gc,director    ] Rule: High Usage, Free: 1820MB(88.9%)
[49.980s][debug][gc,director    ] Rule: Proactive, UsedUntilEnabled: 16MB, TimeUntilEnabled: 298.936s
[50.083s][debug][gc,alloc       ] Allocation Rate: 138.0MB/s, Predicted: 147.7MB/s, Avg: 146.0(+/-10.8)MB/s
[50.083s][debug][gc,director    ] Select GC Workers (Normal), AvoidLongGCWorkers: 0.003, AvoidOOMGCWorkers: 0.003, LastGCWorkers: 1.000, GCWorkers: 0.003
[50.083s][debug][gc,director    ] Rule: Allocation Rate (Dynamic GC Workers), MaxAllocRate: 183.4MB/s (+/-7.4%), Free: 1808MB, GCCPUTime: 0.032, GCDuration: 0.032s, TimeUntilOOM: 9.176s, TimeUntilGC: 9.043s, GCWorkers: 1 -> 1
[50.083s][debug][gc,director    ] Rule: High Usage, Free: 1808MB(88.3%)
[50.083s][debug][gc,director    ] Rule: Proactive, UsedUntilEnabled: 4MB, TimeUntilEnabled: 298.833s
[50.181s][debug][gc,alloc       ] Allocation Rate: 138.0MB/s, Predicted: 144.5MB/s, Avg: 145.2(+/-11.1)MB/s
[50.181s][info ][gc,stats       ] === Garbage Collection Statistics =======================================================================================================================
[50.181s][debug][gc,director    ] Select GC Workers (Normal), AvoidLongGCWorkers: 0.003, AvoidOOMGCWorkers: 0.003, LastGCWorkers: 1.000, GCWorkers: 0.003
[50.181s][info ][gc,stats       ]                                                              Last 10s              Last 10m              Last 10h                Total
[50.182s][debug][gc,director    ] Rule: Allocation Rate (Dynamic GC Workers), MaxAllocRate: 181.7MB/s (+/-7.6%), Free: 1796MB, GCCPUTime: 0.032, GCDuration: 0.032s, TimeUntilOOM: 9.180s, TimeUntilGC: 9.047s, GCWorkers: 1 -> 1
[50.182s][info ][gc,stats       ]                                                              Avg / Max             Avg / Max             Avg / Max             Avg / Max
[50.182s][debug][gc,director    ] Rule: High Usage, Free: 1796MB(87.7%)
[50.182s][info ][gc,stats       ]   Collector: Garbage Collection Cycle                     31.693 / 33.212       35.668 / 69.335       35.668 / 69.335       35.668 / 69.335      ms
[50.182s][debug][gc,director    ] Rule: Proactive, AcceptableGCInterval: 1.585s, TimeSinceLastGC: 1.266s, TimeUntilGC: 0.319s
[50.182s][info ][gc,stats       ]  Contention: Mark Segment Reset Contention                     0 / 0                 0 / 0                 0 / 0                 0 / 0           ops/s
[50.182s][info ][gc,stats       ]  Contention: Mark SeqNum Reset Contention                      0 / 0                 0 / 0                 0 / 0                 0 / 0           ops/s
[50.182s][info ][gc,stats       ]    Critical: Allocation Stall                                  0 / 0                 0 / 0                 0 / 0                 0 / 0           ops/s
[50.182s][info ][gc,stats       ]    Critical: Allocation Stall                              0.000 / 0.000         0.000 / 0.000         0.000 / 0.000         0.000 / 0.000       ms
[50.182s][info ][gc,stats       ]    Critical: GC Locker Stall                                   0 / 0                 0 / 0                 0 / 0                 0 / 0           ops/s
[50.182s][info ][gc,stats       ]    Critical: GC Locker Stall                               0.000 / 0.000         0.000 / 0.000         0.000 / 0.000         0.000 / 0.000       ms
[50.182s][info ][gc,stats       ]    Critical: Relocation Stall                                  0 / 0                 0 / 0                 0 / 0                 0 / 0           ops/s
[50.182s][info ][gc,stats       ]    Critical: Relocation Stall                              0.000 / 0.000         0.000 / 0.000         0.000 / 0.000         0.000 / 0.000       ms
[50.182s][info ][gc,stats       ]      Memory: Allocation Rate                                 144 / 174             117 / 178             117 / 178             117 / 178         MB/s
[50.182s][info ][gc,stats       ]      Memory: Defragment                                        0 / 0                 0 / 0                 0 / 0                 0 / 0           ops/s
[50.182s][info ][gc,stats       ]      Memory: Out Of Memory                                     0 / 0                 0 / 0                 0 / 0                 0 / 0           ops/s
[50.182s][info ][gc,stats       ]      Memory: Page Cache Flush                                  0 / 0                 0 / 0                 0 / 0                 0 / 0           MB/s
[50.182s][info ][gc,stats       ]      Memory: Page Cache Hit L1                                54 / 59               38 / 61               38 / 61               38 / 61          ops/s
[50.182s][info ][gc,stats       ]      Memory: Page Cache Hit L2                                 0 / 0                 0 / 0                 0 / 0                 0 / 0           ops/s
[50.182s][info ][gc,stats       ]      Memory: Page Cache Hit L3                                 0 / 0                 1 / 30                1 / 30                1 / 30          ops/s
[50.182s][info ][gc,stats       ]      Memory: Page Cache Miss                                   0 / 0                 3 / 45                3 / 45                3 / 45          ops/s
[50.182s][info ][gc,stats       ]      Memory: Uncommit                                          0 / 0                 0 / 0                 0 / 0                 0 / 0           MB/s
[50.182s][info ][gc,stats       ]      Memory: Undo Object Allocation Failed                     0 / 0                 0 / 0                 0 / 0                 0 / 0           ops/s
[50.182s][info ][gc,stats       ]      Memory: Undo Object Allocation Succeeded                  0 / 0                 0 / 0                 0 / 0                 0 / 0           ops/s
[50.182s][info ][gc,stats       ]      Memory: Undo Page Allocation                              0 / 0                 0 / 0                 0 / 0                 0 / 0           ops/s
[50.182s][info ][gc,stats       ]       Phase: Concurrent Mark                              20.810 / 21.376       22.676 / 43.395       22.676 / 43.395       22.676 / 43.395      ms
[50.182s][info ][gc,stats       ]       Phase: Concurrent Mark Continue                      0.000 / 0.000         0.000 / 0.000         0.000 / 0.000         0.000 / 0.000       ms
[50.182s][info ][gc,stats       ]       Phase: Concurrent Mark Free                          0.025 / 0.046         0.028 / 0.061         0.028 / 0.061         0.028 / 0.061       ms
[50.182s][info ][gc,stats       ]       Phase: Concurrent Process Non-Strong References      5.903 / 6.771         6.204 / 12.475        6.204 / 12.475        6.204 / 12.475      ms
[50.182s][info ][gc,stats       ]       Phase: Concurrent Relocate                           1.785 / 1.860         2.346 / 9.002         2.346 / 9.002         2.346 / 9.002       ms
[50.182s][info ][gc,stats       ]       Phase: Concurrent Reset Relocation Set               0.016 / 0.022         0.019 / 0.078         0.019 / 0.078         0.019 / 0.078       ms
[50.182s][info ][gc,stats       ]       Phase: Concurrent Select Relocation Set              1.897 / 1.987         3.035 / 16.802        3.035 / 16.802        3.035 / 16.802      ms
[50.182s][info ][gc,stats       ]       Phase: Pause Mark End                                0.040 / 0.060         0.049 / 0.198         0.049 / 0.198         0.049 / 0.198       ms
[50.182s][info ][gc,stats       ]       Phase: Pause Mark Start                              0.239 / 0.276         0.182 / 0.276         0.182 / 0.276         0.182 / 0.276       ms
[50.182s][info ][gc,stats       ]       Phase: Pause Relocate Start                          0.033 / 0.049         0.037 / 0.060         0.037 / 0.060         0.037 / 0.060       ms
[50.182s][info ][gc,stats       ]    Subphase: Concurrent Classes Purge                      0.199 / 0.213         0.221 / 0.423         0.221 / 0.423         0.221 / 0.423       ms
[50.182s][info ][gc,stats       ]    Subphase: Concurrent Classes Unlink                     4.723 / 5.161         4.888 / 9.434         4.888 / 9.434         4.888 / 9.434       ms
[50.182s][info ][gc,stats       ]    Subphase: Concurrent Mark                              16.818 / 17.617       18.684 / 37.349       18.684 / 37.349       18.684 / 37.349      ms
[50.182s][info ][gc,stats       ]    Subphase: Concurrent Mark Try Flush                     0.073 / 0.237         0.091 / 1.189         0.091 / 1.189         0.091 / 1.189       ms
[50.182s][info ][gc,stats       ]    Subphase: Concurrent Mark Try Terminate                 0.019 / 0.055         0.023 / 0.129         0.023 / 0.129         0.023 / 0.129       ms
[50.182s][info ][gc,stats       ]    Subphase: Concurrent References Enqueue                 0.019 / 0.038         0.024 / 0.128         0.024 / 0.128         0.024 / 0.128       ms
[50.182s][info ][gc,stats       ]    Subphase: Concurrent References Process                 0.100 / 0.120         0.123 / 0.276         0.123 / 0.276         0.123 / 0.276       ms
[50.182s][info ][gc,stats       ]    Subphase: Concurrent Roots ClassLoaderDataGraph         0.465 / 0.504         0.472 / 0.812         0.472 / 0.812         0.472 / 0.812       ms
[50.182s][info ][gc,stats       ]    Subphase: Concurrent Roots CodeCache                    0.000 / 0.000         0.000 / 0.000         0.000 / 0.000         0.000 / 0.000       ms
[50.183s][info ][gc,stats       ]    Subphase: Concurrent Roots JavaThreads                  3.168 / 3.278         3.051 / 3.818         3.051 / 3.818         3.051 / 3.818       ms
[50.183s][info ][gc,stats       ]    Subphase: Concurrent Roots OopStorageSet                0.054 / 0.057         0.076 / 0.167         0.076 / 0.167         0.076 / 0.167       ms
[50.183s][info ][gc,stats       ]    Subphase: Concurrent Weak Roots OopStorageSet           0.631 / 1.025         0.681 / 1.494         0.681 / 1.494         0.681 / 1.494       ms
[50.183s][info ][gc,stats       ]    Subphase: Pause Mark Try Complete                       0.000 / 0.000         0.046 / 0.046         0.046 / 0.046         0.046 / 0.046       ms
[50.183s][info ][gc,stats       ]      System: Java Threads                                     20 / 20               20 / 20               20 / 20               20 / 20          threads
[50.183s][info ][gc,stats       ] =========================================================================================================================================================
[50.285s][debug][gc,alloc       ] Allocation Rate: 126.0MB/s, Predicted: 137.1MB/s, Avg: 143.2(+/-12.5)MB/s
[50.285s][debug][gc,director    ] Select GC Workers (Normal), AvoidLongGCWorkers: 0.003, AvoidOOMGCWorkers: 0.003, LastGCWorkers: 1.000, GCWorkers: 0.003
[50.285s][debug][gc,director    ] Rule: Allocation Rate (Dynamic GC Workers), MaxAllocRate: 184.3MB/s (+/-8.7%), Free: 1796MB, GCCPUTime: 0.032, GCDuration: 0.032s, TimeUntilOOM: 8.962s, TimeUntilGC: 8.830s, GCWorkers: 1 -> 1
[50.285s][debug][gc,director    ] Rule: High Usage, Free: 1796MB(87.7%)
[50.285s][debug][gc,director    ] Rule: Proactive, AcceptableGCInterval: 1.585s, TimeSinceLastGC: 1.370s, TimeUntilGC: 0.215s
[50.385s][debug][gc,alloc       ] Allocation Rate: 126.0MB/s, Predicted: 130.9MB/s, Avg: 141.2(+/-13.5)MB/s
[50.385s][debug][gc,director    ] Select GC Workers (Normal), AvoidLongGCWorkers: 0.003, AvoidOOMGCWorkers: 0.003, LastGCWorkers: 1.000, GCWorkers: 0.003
[50.385s][debug][gc,director    ] Rule: Allocation Rate (Dynamic GC Workers), MaxAllocRate: 185.5MB/s (+/-9.5%), Free: 1784MB, GCCPUTime: 0.032, GCDuration: 0.032s, TimeUntilOOM: 8.782s, TimeUntilGC: 8.650s, GCWorkers: 1 -> 1
[50.385s][debug][gc,director    ] Rule: High Usage, Free: 1784MB(87.1%)
[50.385s][debug][gc,director    ] Rule: Proactive, AcceptableGCInterval: 1.585s, TimeSinceLastGC: 1.469s, TimeUntilGC: 0.116s
[50.483s][debug][gc,alloc       ] Allocation Rate: 138.0MB/s, Predicted: 127.7MB/s, Avg: 141.6(+/-13.3)MB/s
[50.483s][debug][gc,director    ] Select GC Workers (Normal), AvoidLongGCWorkers: 0.003, AvoidOOMGCWorkers: 0.003, LastGCWorkers: 1.000, GCWorkers: 0.003
[50.483s][debug][gc,director    ] Rule: Allocation Rate (Dynamic GC Workers), MaxAllocRate: 185.3MB/s (+/-9.4%), Free: 1772MB, GCCPUTime: 0.032, GCDuration: 0.032s, TimeUntilOOM: 8.741s, TimeUntilGC: 8.608s, GCWorkers: 1 -> 1
[50.483s][debug][gc,director    ] Rule: High Usage, Free: 1772MB(86.5%)
[50.483s][debug][gc,director    ] Rule: Proactive, AcceptableGCInterval: 1.585s, TimeSinceLastGC: 1.567s, TimeUntilGC: 0.017s
[50.584s][debug][gc,alloc       ] Allocation Rate: 138.0MB/s, Predicted: 127.5MB/s, Avg: 140.8(+/-13.2)MB/s
[50.584s][debug][gc,director    ] Select GC Workers (Normal), AvoidLongGCWorkers: 0.003, AvoidOOMGCWorkers: 0.003, LastGCWorkers: 1.000, GCWorkers: 0.003
[50.584s][debug][gc,director    ] Rule: Allocation Rate (Dynamic GC Workers), MaxAllocRate: 184.4MB/s (+/-9.4%), Free: 1760MB, GCCPUTime: 0.032, GCDuration: 0.032s, TimeUntilOOM: 8.725s, TimeUntilGC: 8.593s, GCWorkers: 1 -> 1
[50.584s][debug][gc,director    ] Rule: High Usage, Free: 1760MB(85.9%)
[50.584s][debug][gc,director    ] Rule: Proactive, AcceptableGCInterval: 1.585s, TimeSinceLastGC: 1.668s, TimeUntilGC: -0.084s
[50.584s][debug][gc,heap        ] GC(18) Heap before GC invocations=18 (full 18):
[50.584s][debug][gc,heap        ] GC(18)  ZHeap           used 254M, capacity 686M, max capacity 2048M
[50.584s][debug][gc,heap        ] GC(18)  Metaspace       used 9032K, committed 9408K, reserved 1114112K
[50.584s][debug][gc,heap        ] GC(18)   class space    used 936K, committed 1088K, reserved 1048576K
[50.584s][info ][gc,start       ] GC(18) Garbage Collection (Proactive)
[50.584s][info ][gc,task        ] GC(18) Using 1 workers
[50.585s][debug][gc,phases,start] GC(18) Pause Mark Start
[50.585s][debug][gc,marking     ] GC(18) Using 1 mark stripes
[50.585s][debug][gc,marking     ] GC(18) Mark Worker/Stripe Distribution
[50.585s][debug][gc,marking     ] GC(18)   Worker 0(1) -> Stripe 0(1)
[50.585s][info ][gc,phases      ] GC(18) Pause Mark Start 0.233ms
[50.585s][debug][gc,phases,start] GC(18) Concurrent Mark
[50.585s][debug][gc,task        ] GC(18) Executing Task: ZMarkRootsTask, Active Workers: 1
[50.589s][debug][gc,tlab        ] GC(18) TLAB totals: thrds: 4  refills: 708 max: 705 slow allocs: 47 max 47 waste:  0.8% gc: 642784B max: 260848B slow: 925296B max: 925296B
[50.589s][debug][gc,task        ] GC(18) Executing Task: ZMarkTask, Active Workers: 1
[50.606s][info ][gc,phases      ] GC(18) Concurrent Mark 20.608ms
[50.606s][debug][gc,phases,start] GC(18) Pause Mark End
[50.606s][info ][gc,phases      ] GC(18) Pause Mark End 0.057ms
[50.606s][debug][gc,phases,start] GC(18) Concurrent Mark Free
[50.606s][info ][gc,phases      ] GC(18) Concurrent Mark Free 0.043ms
[50.606s][debug][gc,phases,start] GC(18) Concurrent Process Non-Strong References
[50.606s][debug][gc,phases,start] GC(18) Concurrent References Process
[50.606s][debug][gc,task        ] GC(18) Executing Task: ZReferenceProcessorTask, Active Workers: 1
[50.606s][debug][gc,phases      ] GC(18) Concurrent References Process 0.108ms
[50.606s][debug][gc,task        ] GC(18) Executing Task: ZProcessWeakRootsTask, Active Workers: 1
[50.607s][debug][gc,phases,start] GC(18) Concurrent Classes Unlink
[50.607s][debug][gc,phases,start] GC(18) ClassLoaderData
[50.607s][debug][gc,phases      ] GC(18) ClassLoaderData 0.043ms
[50.607s][debug][gc,phases,start] GC(18) Trigger cleanups
[50.607s][debug][gc,phases      ] GC(18) Trigger cleanups 0.011ms
[50.607s][debug][gc,task        ] GC(18) Executing Task: ZNMethodUnlinkTask, Active Workers: 1
[50.612s][debug][gc,phases      ] GC(18) Concurrent Classes Unlink 4.662ms
[50.612s][debug][gc,phases,start] GC(18) Concurrent Classes Purge
[50.612s][debug][gc,task        ] GC(18) Executing Task: ZNMethodPurgeTask, Active Workers: 1
[50.612s][debug][gc,phases      ] GC(18) Concurrent Classes Purge 0.221ms
[50.612s][debug][gc,phases,start] GC(18) Concurrent References Enqueue
[50.612s][debug][gc,phases      ] GC(18) Concurrent References Enqueue 0.018ms
[50.612s][info ][gc,phases      ] GC(18) Concurrent Process Non-Strong References 5.815ms
[50.612s][debug][gc,phases,start] GC(18) Concurrent Reset Relocation Set
[50.612s][info ][gc,phases      ] GC(18) Concurrent Reset Relocation Set 0.016ms
[50.612s][debug][gc,phases,start] GC(18) Concurrent Select Relocation Set
[50.614s][debug][gc,task        ] GC(18) Executing Task: ZRelocationSetInstallTask, Active Workers: 1
[50.614s][info ][gc,phases      ] GC(18) Concurrent Select Relocation Set 2.014ms
[50.614s][debug][gc,phases,start] GC(18) Pause Relocate Start
[50.614s][info ][gc,phases      ] GC(18) Pause Relocate Start 0.039ms
[50.614s][debug][gc,phases,start] GC(18) Concurrent Relocate
[50.614s][debug][gc,task        ] GC(18) Executing Task: ZRelocateTask, Active Workers: 1
[50.616s][info ][gc,phases      ] GC(18) Concurrent Relocate 1.777ms
[50.616s][debug][gc,heap        ] GC(18) Heap after GC invocations=19 (full 19):
[50.616s][debug][gc,heap        ] GC(18)  ZHeap           used 6M, capacity 686M, max capacity 2048M
[50.616s][debug][gc,heap        ] GC(18)  Metaspace       used 9032K, committed 9408K, reserved 1114112K
[50.616s][debug][gc,heap        ] GC(18)   class space    used 936K, committed 1088K, reserved 1048576K
[50.616s][info ][gc,load        ] GC(18) Load: 4.01/3.26/2.76
[50.616s][info ][gc,mmu         ] GC(18) MMU: 2ms/86.2%, 5ms/94.5%, 10ms/97.2%, 20ms/98.6%, 50ms/99.2%, 100ms/99.5%
[50.616s][info ][gc,marking     ] GC(18) Mark: 1 stripe(s), 2 proactive flush(es), 1 terminate flush(es), 0 completion(s), 0 continuation(s) 
[50.616s][info ][gc,marking     ] GC(18) Mark Stack Usage: 32M
[50.616s][info ][gc,nmethod     ] GC(18) NMethods: 2824 registered, 0 unregistered
[50.616s][info ][gc,metaspace   ] GC(18) Metaspace: 8M used, 9M committed, 1088M reserved
[50.616s][info ][gc,ref         ] GC(18) Soft: 742 encountered, 0 discovered, 0 enqueued
[50.616s][info ][gc,ref         ] GC(18) Weak: 1293 encountered, 651 discovered, 0 enqueued
[50.616s][info ][gc,ref         ] GC(18) Final: 0 encountered, 0 discovered, 0 enqueued
[50.616s][info ][gc,ref         ] GC(18) Phantom: 15 encountered, 8 discovered, 0 enqueued
[50.616s][info ][gc,reloc       ] GC(18) Small Pages: 95 / 190M, Empty: 182M, Relocated: 1M, In-Place: 0
[50.616s][info ][gc,reloc       ] GC(18) Medium Pages: 2 / 64M, Empty: 64M, Relocated: 0M, In-Place: 0
[50.616s][info ][gc,reloc       ] GC(18) Large Pages: 0 / 0M, Empty: 0M, Relocated: 0M, In-Place: 0
[50.616s][info ][gc,reloc       ] GC(18) Forwarding Usage: 0M
[50.616s][info ][gc,heap        ] GC(18) Min Capacity: 8M(0%)
[50.616s][info ][gc,heap        ] GC(18) Max Capacity: 2048M(100%)
[50.616s][info ][gc,heap        ] GC(18) Soft Max Capacity: 2048M(100%)
[50.616s][info ][gc,heap        ] GC(18)                Mark Start          Mark End        Relocate Start      Relocate End           High               Low         
[50.616s][info ][gc,heap        ] GC(18)  Capacity:      686M (33%)         686M (33%)         686M (33%)         686M (33%)         686M (33%)         686M (33%)    
[50.616s][info ][gc,heap        ] GC(18)      Free:     1794M (88%)        1794M (88%)        2040M (100%)       2042M (100%)       2042M (100%)       1794M (88%)    
[50.616s][info ][gc,heap        ] GC(18)      Used:      254M (12%)         254M (12%)           8M (0%)            6M (0%)          254M (12%)           6M (0%)     
[50.616s][info ][gc,heap        ] GC(18)      Live:         -                 5M (0%)            5M (0%)            5M (0%)             -                  -          
[50.616s][info ][gc,heap        ] GC(18) Allocated:         -                 0M (0%)            0M (0%)            0M (0%)             -                  -          
[50.616s][info ][gc,heap        ] GC(18)   Garbage:         -               248M (12%)           2M (0%)            0M (0%)             -                  -          
[50.616s][info ][gc,heap        ] GC(18) Reclaimed:         -                  -               246M (12%)         248M (12%)            -                  -          
[50.616s][info ][gc             ] GC(18) Garbage Collection (Proactive) 254M(12%)->6M(0%)
[50.684s][debug][gc,alloc       ] Allocation Rate: 170.0MB/s, Predicted: 140.5MB/s, Avg: 143.2(+/-15.9)MB/s
[50.685s][debug][gc,director    ] Select GC Workers (Normal), AvoidLongGCWorkers: 0.003, AvoidOOMGCWorkers: 0.003, LastGCWorkers: 1.000, GCWorkers: 0.003
[50.685s][debug][gc,director    ] Rule: Allocation Rate (Dynamic GC Workers), MaxAllocRate: 195.5MB/s (+/-11.1%), Free: 1964MB, GCCPUTime: 0.033, GCDuration: 0.033s, TimeUntilOOM: 9.045s, TimeUntilGC: 8.913s, GCWorkers: 1 -> 1
[50.685s][debug][gc,director    ] Rule: High Usage, Free: 1964MB(95.9%)
[50.685s][debug][gc,director    ] Rule: Proactive, UsedUntilEnabled: 160MB, TimeUntilEnabled: 299.931s
[50.785s][debug][gc,alloc       ] Allocation Rate: 172.0MB/s, Predicted: 152.3MB/s, Avg: 146.0(+/-18.1)MB/s
[50.785s][debug][gc,director    ] Select GC Workers (Normal), AvoidLongGCWorkers: 0.003, AvoidOOMGCWorkers: 0.003, LastGCWorkers: 1.000, GCWorkers: 0.003
[50.785s][debug][gc,director    ] Rule: Allocation Rate (Dynamic GC Workers), MaxAllocRate: 211.8MB/s (+/-12.4%), Free: 1952MB, GCCPUTime: 0.033, GCDuration: 0.033s, TimeUntilOOM: 8.201s, TimeUntilGC: 8.068s, GCWorkers: 1 -> 1
[50.785s][debug][gc,director    ] Rule: High Usage, Free: 1952MB(95.3%)
[50.785s][debug][gc,director    ] Rule: Proactive, UsedUntilEnabled: 148MB, TimeUntilEnabled: 299.831s
[50.884s][debug][gc,alloc       ] Allocation Rate: 140.0MB/s, Predicted: 157.9MB/s, Avg: 142.4(+/-15.1)MB/s
[50.885s][debug][gc,director    ] Select GC Workers (Normal), AvoidLongGCWorkers: 0.003, AvoidOOMGCWorkers: 0.003, LastGCWorkers: 1.000, GCWorkers: 0.003
[50.885s][debug][gc,director    ] Rule: Allocation Rate (Dynamic GC Workers), MaxAllocRate: 207.5MB/s (+/-10.6%), Free: 1940MB, GCCPUTime: 0.033, GCDuration: 0.033s, TimeUntilOOM: 8.452s, TimeUntilGC: 8.319s, GCWorkers: 1 -> 1
[50.885s][debug][gc,director    ] Rule: High Usage, Free: 1940MB(94.7%)
[50.885s][debug][gc,director    ] Rule: Proactive, UsedUntilEnabled: 136MB, TimeUntilEnabled: 299.731s
[50.980s][debug][gc,alloc       ] Allocation Rate: 146.0MB/s, Predicted: 158.1MB/s, Avg: 143.2(+/-15.1)MB/s
[50.980s][debug][gc,director    ] Select GC Workers (Normal), AvoidLongGCWorkers: 0.003, AvoidOOMGCWorkers: 0.003, LastGCWorkers: 1.000, GCWorkers: 0.003
[50.980s][debug][gc,director    ] Rule: Allocation Rate (Dynamic GC Workers), MaxAllocRate: 207.7MB/s (+/-10.5%), Free: 1922MB, GCCPUTime: 0.033, GCDuration: 0.033s, TimeUntilOOM: 8.375s, TimeUntilGC: 8.243s, GCWorkers: 1 -> 1
[50.980s][debug][gc,director    ] Rule: High Usage, Free: 1922MB(93.8%)
[50.980s][debug][gc,director    ] Rule: Proactive, UsedUntilEnabled: 118MB, TimeUntilEnabled: 299.636s
[51.081s][debug][gc,alloc       ] Allocation Rate: 146.0MB/s, Predicted: 157.9MB/s, Avg: 144.0(+/-15.0)MB/s
[51.081s][debug][gc,director    ] Select GC Workers (Normal), AvoidLongGCWorkers: 0.003, AvoidOOMGCWorkers: 0.003, LastGCWorkers: 1.000, GCWorkers: 0.003
[51.081s][debug][gc,director    ] Rule: Allocation Rate (Dynamic GC Workers), MaxAllocRate: 207.1MB/s (+/-10.4%), Free: 1910MB, GCCPUTime: 0.033, GCDuration: 0.033s, TimeUntilOOM: 8.354s, TimeUntilGC: 8.221s, GCWorkers: 1 -> 1
[51.081s][debug][gc,director    ] Rule: High Usage, Free: 1910MB(93.3%)
[51.081s][debug][gc,director    ] Rule: Proactive, UsedUntilEnabled: 106MB, TimeUntilEnabled: 299.535s
[51.183s][debug][gc,alloc       ] Allocation Rate: 134.0MB/s, Predicted: 152.3MB/s, Avg: 143.6(+/-15.2)MB/s
[51.183s][debug][gc,director    ] Select GC Workers (Normal), AvoidLongGCWorkers: 0.003, AvoidOOMGCWorkers: 0.003, LastGCWorkers: 1.000, GCWorkers: 0.003
[51.183s][debug][gc,director    ] Rule: Allocation Rate (Dynamic GC Workers), MaxAllocRate: 202.2MB/s (+/-10.6%), Free: 1910MB, GCCPUTime: 0.033, GCDuration: 0.033s, TimeUntilOOM: 8.544s, TimeUntilGC: 8.411s, GCWorkers: 1 -> 1
[51.183s][debug][gc,director    ] Rule: High Usage, Free: 1910MB(93.3%)
[51.183s][debug][gc,director    ] Rule: Proactive, UsedUntilEnabled: 106MB, TimeUntilEnabled: 299.433s
[51.283s][debug][gc,alloc       ] Allocation Rate: 146.0MB/s, Predicted: 148.5MB/s, Avg: 145.6(+/-14.0)MB/s
[51.283s][debug][gc,director    ] Select GC Workers (Normal), AvoidLongGCWorkers: 0.003, AvoidOOMGCWorkers: 0.003, LastGCWorkers: 1.000, GCWorkers: 0.003
[51.283s][debug][gc,director    ] Rule: Allocation Rate (Dynamic GC Workers), MaxAllocRate: 194.6MB/s (+/-9.6%), Free: 1898MB, GCCPUTime: 0.033, GCDuration: 0.033s, TimeUntilOOM: 8.899s, TimeUntilGC: 8.766s, GCWorkers: 1 -> 1
[51.283s][debug][gc,director    ] Rule: High Usage, Free: 1898MB(92.7%)
[51.283s][debug][gc,director    ] Rule: Proactive, UsedUntilEnabled: 94MB, TimeUntilEnabled: 299.333s
[51.384s][debug][gc,alloc       ] Allocation Rate: 146.0MB/s, Predicted: 143.5MB/s, Avg: 147.6(+/-12.4)MB/s
[51.384s][debug][gc,director    ] Select GC Workers (Normal), AvoidLongGCWorkers: 0.003, AvoidOOMGCWorkers: 0.003, LastGCWorkers: 1.000, GCWorkers: 0.003
[51.384s][debug][gc,director    ] Rule: Allocation Rate (Dynamic GC Workers), MaxAllocRate: 188.4MB/s (+/-8.4%), Free: 1886MB, GCCPUTime: 0.033, GCDuration: 0.033s, TimeUntilOOM: 9.237s, TimeUntilGC: 9.105s, GCWorkers: 1 -> 1
[51.384s][debug][gc,director    ] Rule: High Usage, Free: 1886MB(92.1%)
[51.384s][debug][gc,director    ] Rule: Proactive, UsedUntilEnabled: 82MB, TimeUntilEnabled: 299.232s
[51.478s][debug][gc,alloc       ] Allocation Rate: 144.0MB/s, Predicted: 139.5MB/s, Avg: 148.2(+/-12.0)MB/s
[51.478s][debug][gc,director    ] Select GC Workers (Normal), AvoidLongGCWorkers: 0.003, AvoidOOMGCWorkers: 0.003, LastGCWorkers: 1.000, GCWorkers: 0.003
[51.478s][debug][gc,director    ] Rule: Allocation Rate (Dynamic GC Workers), MaxAllocRate: 187.8MB/s (+/-8.1%), Free: 1876MB, GCCPUTime: 0.033, GCDuration: 0.033s, TimeUntilOOM: 9.236s, TimeUntilGC: 9.104s, GCWorkers: 1 -> 1
[51.478s][debug][gc,director    ] Rule: High Usage, Free: 1876MB(91.6%)
[51.478s][debug][gc,director    ] Rule: Proactive, UsedUntilEnabled: 72MB, TimeUntilEnabled: 299.138s
[51.584s][debug][gc,alloc       ] Allocation Rate: 176.0MB/s, Predicted: 147.9MB/s, Avg: 152.0(+/-14.1)MB/s
[51.585s][debug][gc,director    ] Select GC Workers (Normal), AvoidLongGCWorkers: 0.003, AvoidOOMGCWorkers: 0.003, LastGCWorkers: 1.000, GCWorkers: 0.003
[51.585s][debug][gc,director    ] Rule: Allocation Rate (Dynamic GC Workers), MaxAllocRate: 198.3MB/s (+/-9.2%), Free: 1832MB, GCCPUTime: 0.033, GCDuration: 0.033s, TimeUntilOOM: 8.458s, TimeUntilGC: 8.326s, GCWorkers: 1 -> 1
[51.585s][debug][gc,director    ] Rule: High Usage, Free: 1832MB(89.5%)
[51.585s][debug][gc,director    ] Rule: Proactive, UsedUntilEnabled: 28MB, TimeUntilEnabled: 299.031s
[51.685s][debug][gc,alloc       ] Allocation Rate: 144.0MB/s, Predicted: 149.5MB/s, Avg: 149.4(+/-12.8)MB/s
[51.685s][debug][gc,director    ] Select GC Workers (Normal), AvoidLongGCWorkers: 0.003, AvoidOOMGCWorkers: 0.003, LastGCWorkers: 1.000, GCWorkers: 0.003
[51.685s][debug][gc,director    ] Rule: Allocation Rate (Dynamic GC Workers), MaxAllocRate: 191.7MB/s (+/-8.6%), Free: 1820MB, GCCPUTime: 0.033, GCDuration: 0.033s, TimeUntilOOM: 8.742s, TimeUntilGC: 8.609s, GCWorkers: 1 -> 1
[51.685s][debug][gc,director    ] Rule: High Usage, Free: 1820MB(88.9%)
[51.685s][debug][gc,director    ] Rule: Proactive, UsedUntilEnabled: 16MB, TimeUntilEnabled: 298.931s
[51.784s][debug][gc,alloc       ] Allocation Rate: 144.0MB/s, Predicted: 153.3MB/s, Avg: 146.6(+/-10.4)MB/s
[51.784s][debug][gc,director    ] Select GC Workers (Normal), AvoidLongGCWorkers: 0.003, AvoidOOMGCWorkers: 0.003, LastGCWorkers: 1.000, GCWorkers: 0.003
[51.785s][debug][gc,director    ] Rule: Allocation Rate (Dynamic GC Workers), MaxAllocRate: 187.7MB/s (+/-7.1%), Free: 1808MB, GCCPUTime: 0.033, GCDuration: 0.033s, TimeUntilOOM: 8.994s, TimeUntilGC: 8.862s, GCWorkers: 1 -> 1
[51.785s][debug][gc,director    ] Rule: High Usage, Free: 1808MB(88.3%)
[51.785s][debug][gc,director    ] Rule: Proactive, UsedUntilEnabled: 4MB, TimeUntilEnabled: 298.831s
[51.878s][debug][gc,alloc       ] Allocation Rate: 144.0MB/s, Predicted: 150.5MB/s, Avg: 147.0(+/-10.2)MB/s
[51.878s][debug][gc,director    ] Select GC Workers (Normal), AvoidLongGCWorkers: 0.003, AvoidOOMGCWorkers: 0.003, LastGCWorkers: 1.000, GCWorkers: 0.003
[51.878s][debug][gc,director    ] Rule: Allocation Rate (Dynamic GC Workers), MaxAllocRate: 184.3MB/s (+/-7.0%), Free: 1796MB, GCCPUTime: 0.033, GCDuration: 0.033s, TimeUntilOOM: 9.112s, TimeUntilGC: 8.980s, GCWorkers: 1 -> 1
[51.878s][debug][gc,director    ] Rule: High Usage, Free: 1796MB(87.7%)
[51.878s][debug][gc,director    ] Rule: Proactive, AcceptableGCInterval: 1.595s, TimeSinceLastGC: 1.262s, TimeUntilGC: 0.333s
[51.979s][debug][gc,alloc       ] Allocation Rate: 134.0MB/s, Predicted: 145.1MB/s, Avg: 145.8(+/-11.0)MB/s
[51.979s][debug][gc,director    ] Select GC Workers (Normal), AvoidLongGCWorkers: 0.003, AvoidOOMGCWorkers: 0.003, LastGCWorkers: 1.000, GCWorkers: 0.003
[51.979s][debug][gc,director    ] Rule: Allocation Rate (Dynamic GC Workers), MaxAllocRate: 181.9MB/s (+/-7.5%), Free: 1788MB, GCCPUTime: 0.033, GCDuration: 0.033s, TimeUntilOOM: 9.142s, TimeUntilGC: 9.009s, GCWorkers: 1 -> 1
[51.979s][debug][gc,director    ] Rule: High Usage, Free: 1788MB(87.3%)
[51.979s][debug][gc,director    ] Rule: Proactive, AcceptableGCInterval: 1.595s, TimeSinceLastGC: 1.363s, TimeUntilGC: 0.232s
[52.083s][debug][gc,alloc       ] Allocation Rate: 126.0MB/s, Predicted: 137.2MB/s, Avg: 143.8(+/-12.5)MB/s
[52.083s][debug][gc,director    ] Select GC Workers (Normal), AvoidLongGCWorkers: 0.003, AvoidOOMGCWorkers: 0.003, LastGCWorkers: 1.000, GCWorkers: 0.003
[52.083s][debug][gc,director    ] Rule: Allocation Rate (Dynamic GC Workers), MaxAllocRate: 184.8MB/s (+/-8.7%), Free: 1784MB, GCCPUTime: 0.033, GCDuration: 0.033s, TimeUntilOOM: 8.881s, TimeUntilGC: 8.749s, GCWorkers: 1 -> 1
[52.083s][debug][gc,director    ] Rule: High Usage, Free: 1784MB(87.1%)
[52.084s][debug][gc,director    ] Rule: Proactive, AcceptableGCInterval: 1.595s, TimeSinceLastGC: 1.468s, TimeUntilGC: 0.128s
[52.185s][debug][gc,alloc       ] Allocation Rate: 138.0MB/s, Predicted: 132.3MB/s, Avg: 144.2(+/-12.2)MB/s
[52.185s][debug][gc,director    ] Select GC Workers (Normal), AvoidLongGCWorkers: 0.003, AvoidOOMGCWorkers: 0.003, LastGCWorkers: 1.000, GCWorkers: 0.003
[52.185s][debug][gc,director    ] Rule: Allocation Rate (Dynamic GC Workers), MaxAllocRate: 184.4MB/s (+/-8.5%), Free: 1772MB, GCCPUTime: 0.033, GCDuration: 0.033s, TimeUntilOOM: 8.860s, TimeUntilGC: 8.727s, GCWorkers: 1 -> 1
[52.185s][debug][gc,director    ] Rule: High Usage, Free: 1772MB(86.5%)
[52.185s][debug][gc,director    ] Rule: Proactive, AcceptableGCInterval: 1.595s, TimeSinceLastGC: 1.569s, TimeUntilGC: 0.026s
[52.283s][debug][gc,alloc       ] Allocation Rate: 138.0MB/s, Predicted: 130.3MB/s, Avg: 143.4(+/-12.3)MB/s
[52.283s][debug][gc,director    ] Select GC Workers (Normal), AvoidLongGCWorkers: 0.003, AvoidOOMGCWorkers: 0.003, LastGCWorkers: 1.000, GCWorkers: 0.003
[52.283s][debug][gc,director    ] Rule: Allocation Rate (Dynamic GC Workers), MaxAllocRate: 184.0MB/s (+/-8.6%), Free: 1760MB, GCCPUTime: 0.033, GCDuration: 0.033s, TimeUntilOOM: 8.809s, TimeUntilGC: 8.677s, GCWorkers: 1 -> 1
[52.283s][debug][gc,director    ] Rule: High Usage, Free: 1760MB(85.9%)
[52.283s][debug][gc,director    ] Rule: Proactive, AcceptableGCInterval: 1.595s, TimeSinceLastGC: 1.667s, TimeUntilGC: -0.072s
[52.283s][debug][gc,heap        ] GC(19) Heap before GC invocations=19 (full 19):
[52.283s][debug][gc,heap        ] GC(19)  ZHeap           used 254M, capacity 686M, max capacity 2048M
[52.283s][debug][gc,heap        ] GC(19)  Metaspace       used 9040K, committed 9408K, reserved 1114112K
[52.284s][debug][gc,heap        ] GC(19)   class space    used 936K, committed 1088K, reserved 1048576K
[52.284s][info ][gc,start       ] GC(19) Garbage Collection (Proactive)
[52.284s][info ][gc,task        ] GC(19) Using 1 workers
[52.284s][debug][gc,phases,start] GC(19) Pause Mark Start
[52.284s][debug][gc,marking     ] GC(19) Using 1 mark stripes
[52.284s][debug][gc,marking     ] GC(19) Mark Worker/Stripe Distribution
[52.284s][debug][gc,marking     ] GC(19)   Worker 0(1) -> Stripe 0(1)
[52.284s][info ][gc,phases      ] GC(19) Pause Mark Start 0.228ms
[52.284s][debug][gc,phases,start] GC(19) Concurrent Mark
[52.284s][debug][gc,task        ] GC(19) Executing Task: ZMarkRootsTask, Active Workers: 1
[52.288s][debug][gc,tlab        ] GC(19) TLAB totals: thrds: 4  refills: 708 max: 705 slow allocs: 47 max 47 waste:  0.8% gc: 643752B max: 260560B slow: 925296B max: 925296B
[52.288s][debug][gc,task        ] GC(19) Executing Task: ZMarkTask, Active Workers: 1
[52.305s][info ][gc,phases      ] GC(19) Concurrent Mark 20.616ms
[52.305s][debug][gc,phases,start] GC(19) Pause Mark End
[52.305s][info ][gc,phases      ] GC(19) Pause Mark End 0.032ms
[52.305s][debug][gc,phases,start] GC(19) Concurrent Mark Free
[52.305s][info ][gc,phases      ] GC(19) Concurrent Mark Free 0.014ms
[52.305s][debug][gc,phases,start] GC(19) Concurrent Process Non-Strong References
[52.305s][debug][gc,phases,start] GC(19) Concurrent References Process
[52.305s][debug][gc,task        ] GC(19) Executing Task: ZReferenceProcessorTask, Active Workers: 1
[52.305s][debug][gc,phases      ] GC(19) Concurrent References Process 0.092ms
[52.305s][debug][gc,task        ] GC(19) Executing Task: ZProcessWeakRootsTask, Active Workers: 1
[52.306s][debug][gc,phases,start] GC(19) Concurrent Classes Unlink
[52.306s][debug][gc,phases,start] GC(19) ClassLoaderData
[52.306s][debug][gc,phases      ] GC(19) ClassLoaderData 0.044ms
[52.306s][debug][gc,phases,start] GC(19) Trigger cleanups
[52.306s][debug][gc,phases      ] GC(19) Trigger cleanups 0.010ms
[52.306s][debug][gc,task        ] GC(19) Executing Task: ZNMethodUnlinkTask, Active Workers: 1
[52.310s][debug][gc,phases      ] GC(19) Concurrent Classes Unlink 4.706ms
[52.311s][debug][gc,phases,start] GC(19) Concurrent Classes Purge
[52.311s][debug][gc,task        ] GC(19) Executing Task: ZNMethodPurgeTask, Active Workers: 1
[52.311s][debug][gc,phases      ] GC(19) Concurrent Classes Purge 0.230ms
[52.311s][debug][gc,phases,start] GC(19) Concurrent References Enqueue
[52.311s][debug][gc,phases      ] GC(19) Concurrent References Enqueue 0.014ms
[52.311s][info ][gc,phases      ] GC(19) Concurrent Process Non-Strong References 5.812ms
[52.311s][debug][gc,phases,start] GC(19) Concurrent Reset Relocation Set
[52.311s][info ][gc,phases      ] GC(19) Concurrent Reset Relocation Set 0.016ms
[52.311s][debug][gc,phases,start] GC(19) Concurrent Select Relocation Set
[52.313s][debug][gc,task        ] GC(19) Executing Task: ZRelocationSetInstallTask, Active Workers: 1
[52.313s][info ][gc,phases      ] GC(19) Concurrent Select Relocation Set 2.039ms
[52.313s][debug][gc,phases,start] GC(19) Pause Relocate Start
[52.313s][info ][gc,phases      ] GC(19) Pause Relocate Start 0.031ms
[52.313s][debug][gc,phases,start] GC(19) Concurrent Relocate
[52.313s][debug][gc,task        ] GC(19) Executing Task: ZRelocateTask, Active Workers: 1
[52.315s][info ][gc,phases      ] GC(19) Concurrent Relocate 1.802ms
[52.315s][debug][gc,heap        ] GC(19) Heap after GC invocations=20 (full 20):
[52.315s][debug][gc,heap        ] GC(19)  ZHeap           used 44M, capacity 686M, max capacity 2048M
[52.315s][debug][gc,heap        ] GC(19)  Metaspace       used 9040K, committed 9408K, reserved 1114112K
[52.315s][debug][gc,heap        ] GC(19)   class space    used 936K, committed 1088K, reserved 1048576K
[52.315s][info ][gc,load        ] GC(19) Load: 3.76/3.22/2.75
[52.315s][info ][gc,mmu         ] GC(19) MMU: 2ms/86.2%, 5ms/94.5%, 10ms/97.2%, 20ms/98.6%, 50ms/99.2%, 100ms/99.5%
[52.315s][info ][gc,marking     ] GC(19) Mark: 1 stripe(s), 2 proactive flush(es), 1 terminate flush(es), 0 completion(s), 0 continuation(s) 
[52.315s][info ][gc,marking     ] GC(19) Mark Stack Usage: 32M
[52.315s][info ][gc,nmethod     ] GC(19) NMethods: 2838 registered, 0 unregistered
[52.315s][info ][gc,metaspace   ] GC(19) Metaspace: 8M used, 9M committed, 1088M reserved
[52.315s][info ][gc,ref         ] GC(19) Soft: 742 encountered, 0 discovered, 0 enqueued
[52.315s][info ][gc,ref         ] GC(19) Weak: 1293 encountered, 651 discovered, 0 enqueued
[52.315s][info ][gc,ref         ] GC(19) Final: 0 encountered, 0 discovered, 0 enqueued
[52.315s][info ][gc,ref         ] GC(19) Phantom: 15 encountered, 8 discovered, 0 enqueued
[52.315s][info ][gc,reloc       ] GC(19) Small Pages: 95 / 190M, Empty: 182M, Relocated: 1M, In-Place: 0
[52.315s][info ][gc,reloc       ] GC(19) Medium Pages: 2 / 64M, Empty: 64M, Relocated: 0M, In-Place: 0
[52.315s][info ][gc,reloc       ] GC(19) Large Pages: 0 / 0M, Empty: 0M, Relocated: 0M, In-Place: 0
[52.315s][info ][gc,reloc       ] GC(19) Forwarding Usage: 0M
[52.315s][info ][gc,heap        ] GC(19) Min Capacity: 8M(0%)
[52.315s][info ][gc,heap        ] GC(19) Max Capacity: 2048M(100%)
[52.315s][info ][gc,heap        ] GC(19) Soft Max Capacity: 2048M(100%)
[52.315s][info ][gc,heap        ] GC(19)                Mark Start          Mark End        Relocate Start      Relocate End           High               Low         
[52.315s][info ][gc,heap        ] GC(19)  Capacity:      686M (33%)         686M (33%)         686M (33%)         686M (33%)         686M (33%)         686M (33%)    
[52.315s][info ][gc,heap        ] GC(19)      Free:     1794M (88%)        1794M (88%)        2004M (98%)        2004M (98%)        2004M (98%)        1792M (88%)    
[52.315s][info ][gc,heap        ] GC(19)      Used:      254M (12%)         254M (12%)          44M (2%)           44M (2%)          256M (12%)          44M (2%)     
[52.315s][info ][gc,heap        ] GC(19)      Live:         -                 5M (0%)            5M (0%)            5M (0%)             -                  -          
[52.315s][info ][gc,heap        ] GC(19) Allocated:         -                 0M (0%)           36M (2%)           38M (2%)             -                  -          
[52.315s][info ][gc,heap        ] GC(19)   Garbage:         -               248M (12%)           2M (0%)            0M (0%)             -                  -          
[52.315s][info ][gc,heap        ] GC(19) Reclaimed:         -                  -               246M (12%)         248M (12%)            -                  -          
[52.315s][info ][gc             ] GC(19) Garbage Collection (Proactive) 254M(12%)->44M(2%)
[52.385s][debug][gc,alloc       ] Allocation Rate: 170.0MB/s, Predicted: 141.6MB/s, Avg: 145.8(+/-14.7)MB/s
[52.385s][debug][gc,director    ] Select GC Workers (Normal), AvoidLongGCWorkers: 0.003, AvoidOOMGCWorkers: 0.003, LastGCWorkers: 1.000, GCWorkers: 0.003
[52.385s][debug][gc,director    ] Rule: Allocation Rate (Dynamic GC Workers), MaxAllocRate: 194.2MB/s (+/-10.1%), Free: 1964MB, GCCPUTime: 0.032, GCDuration: 0.032s, TimeUntilOOM: 9.186s, TimeUntilGC: 9.054s, GCWorkers: 1 -> 1
[52.385s][debug][gc,director    ] Rule: High Usage, Free: 1964MB(95.9%)
[52.385s][debug][gc,director    ] Rule: Proactive, UsedUntilEnabled: 198MB, TimeUntilEnabled: 299.930s
[52.482s][debug][gc,alloc       ] Allocation Rate: 172.0MB/s, Predicted: 151.6MB/s, Avg: 148.6(+/-16.6)MB/s
[52.482s][debug][gc,director    ] Select GC Workers (Normal), AvoidLongGCWorkers: 0.003, AvoidOOMGCWorkers: 0.003, LastGCWorkers: 1.000, GCWorkers: 0.003
[52.482s][debug][gc,director    ] Rule: Allocation Rate (Dynamic GC Workers), MaxAllocRate: 206.3MB/s (+/-11.2%), Free: 1952MB, GCCPUTime: 0.032, GCDuration: 0.032s, TimeUntilOOM: 8.507s, TimeUntilGC: 8.375s, GCWorkers: 1 -> 1
[52.482s][debug][gc,director    ] Rule: High Usage, Free: 1952MB(95.3%)
[52.482s][debug][gc,director    ] Rule: Proactive, UsedUntilEnabled: 186MB, TimeUntilEnabled: 299.833s
[52.578s][debug][gc,alloc       ] Allocation Rate: 140.0MB/s, Predicted: 155.5MB/s, Avg: 145.0(+/-14.0)MB/s
[52.578s][debug][gc,director    ] Select GC Workers (Normal), AvoidLongGCWorkers: 0.003, AvoidOOMGCWorkers: 0.003, LastGCWorkers: 1.000, GCWorkers: 0.003
[52.578s][debug][gc,director    ] Rule: Allocation Rate (Dynamic GC Workers), MaxAllocRate: 201.6MB/s (+/-9.7%), Free: 1940MB, GCCPUTime: 0.032, GCDuration: 0.032s, TimeUntilOOM: 8.777s, TimeUntilGC: 8.645s, GCWorkers: 1 -> 1
[52.578s][debug][gc,director    ] Rule: High Usage, Free: 1940MB(94.7%)
[52.578s][debug][gc,director    ] Rule: Proactive, UsedUntilEnabled: 174MB, TimeUntilEnabled: 299.737s
[52.685s][debug][gc,alloc       ] Allocation Rate: 140.0MB/s, Predicted: 153.2MB/s, Avg: 144.6(+/-14.1)MB/s
[52.685s][debug][gc,director    ] Select GC Workers (Normal), AvoidLongGCWorkers: 0.003, AvoidOOMGCWorkers: 0.003, LastGCWorkers: 1.000, GCWorkers: 0.003
[52.685s][debug][gc,director    ] Rule: Allocation Rate (Dynamic GC Workers), MaxAllocRate: 199.6MB/s (+/-9.7%), Free: 1928MB, GCCPUTime: 0.032, GCDuration: 0.032s, TimeUntilOOM: 8.804s, TimeUntilGC: 8.672s, GCWorkers: 1 -> 1
[52.685s][debug][gc,director    ] Rule: High Usage, Free: 1928MB(94.1%)
[52.685s][debug][gc,director    ] Rule: Proactive, UsedUntilEnabled: 162MB, TimeUntilEnabled: 299.630s
[52.778s][debug][gc,alloc       ] Allocation Rate: 140.0MB/s, Predicted: 151.2MB/s, Avg: 144.2(+/-14.2)MB/s
[52.778s][debug][gc,director    ] Select GC Workers (Normal), AvoidLongGCWorkers: 0.003, AvoidOOMGCWorkers: 0.003, LastGCWorkers: 1.000, GCWorkers: 0.003
[52.778s][debug][gc,director    ] Rule: Allocation Rate (Dynamic GC Workers), MaxAllocRate: 197.8MB/s (+/-9.8%), Free: 1916MB, GCCPUTime: 0.032, GCDuration: 0.032s, TimeUntilOOM: 8.822s, TimeUntilGC: 8.690s, GCWorkers: 1 -> 1
[52.778s][debug][gc,director    ] Rule: High Usage, Free: 1916MB(93.6%)
[52.778s][debug][gc,director    ] Rule: Proactive, UsedUntilEnabled: 150MB, TimeUntilEnabled: 299.537s
[52.880s][debug][gc,alloc       ] Allocation Rate: 128.0MB/s, Predicted: 144.7MB/s, Avg: 142.6(+/-15.0)MB/s
[52.881s][debug][gc,director    ] Select GC Workers (Normal), AvoidLongGCWorkers: 0.003, AvoidOOMGCWorkers: 0.003, LastGCWorkers: 1.000, GCWorkers: 0.003
[52.881s][debug][gc,director    ] Rule: Allocation Rate (Dynamic GC Workers), MaxAllocRate: 193.9MB/s (+/-10.5%), Free: 1916MB, GCCPUTime: 0.032, GCDuration: 0.032s, TimeUntilOOM: 8.942s, TimeUntilGC: 8.810s, GCWorkers: 1 -> 1
[52.881s][debug][gc,director    ] Rule: High Usage, Free: 1916MB(93.6%)
[52.881s][debug][gc,director    ] Rule: Proactive, UsedUntilEnabled: 150MB, TimeUntilEnabled: 299.434s
[52.978s][debug][gc,alloc       ] Allocation Rate: 136.0MB/s, Predicted: 139.7MB/s, Avg: 142.8(+/-14.9)MB/s
[52.978s][debug][gc,director    ] Select GC Workers (Normal), AvoidLongGCWorkers: 0.003, AvoidOOMGCWorkers: 0.003, LastGCWorkers: 1.000, GCWorkers: 0.003
[52.978s][debug][gc,director    ] Rule: Allocation Rate (Dynamic GC Workers), MaxAllocRate: 191.7MB/s (+/-10.4%), Free: 1900MB, GCCPUTime: 0.032, GCDuration: 0.032s, TimeUntilOOM: 8.976s, TimeUntilGC: 8.844s, GCWorkers: 1 -> 1
[52.978s][debug][gc,director    ] Rule: High Usage, Free: 1900MB(92.8%)
[52.978s][debug][gc,director    ] Rule: Proactive, UsedUntilEnabled: 134MB, TimeUntilEnabled: 299.337s
[53.082s][debug][gc,alloc       ] Allocation Rate: 144.0MB/s, Predicted: 135.7MB/s, Avg: 144.6(+/-13.8)MB/s
[53.082s][debug][gc,director    ] Select GC Workers (Normal), AvoidLongGCWorkers: 0.003, AvoidOOMGCWorkers: 0.003, LastGCWorkers: 1.000, GCWorkers: 0.003
[53.082s][debug][gc,director    ] Rule: Allocation Rate (Dynamic GC Workers), MaxAllocRate: 189.9MB/s (+/-9.5%), Free: 1888MB, GCCPUTime: 0.032, GCDuration: 0.032s, TimeUntilOOM: 9.077s, TimeUntilGC: 8.945s, GCWorkers: 1 -> 1
[53.082s][debug][gc,director    ] Rule: High Usage, Free: 1888MB(92.2%)
[53.082s][debug][gc,director    ] Rule: Proactive, UsedUntilEnabled: 122MB, TimeUntilEnabled: 299.233s
[53.184s][debug][gc,alloc       ] Allocation Rate: 142.0MB/s, Predicted: 132.9MB/s, Avg: 145.0(+/-13.6)MB/s
[53.184s][debug][gc,director    ] Select GC Workers (Normal), AvoidLongGCWorkers: 0.003, AvoidOOMGCWorkers: 0.003, LastGCWorkers: 1.000, GCWorkers: 0.003
[53.184s][debug][gc,director    ] Rule: Allocation Rate (Dynamic GC Workers), MaxAllocRate: 189.9MB/s (+/-9.4%), Free: 1878MB, GCCPUTime: 0.032, GCDuration: 0.032s, TimeUntilOOM: 9.042s, TimeUntilGC: 8.910s, GCWorkers: 1 -> 1
[53.184s][debug][gc,director    ] Rule: High Usage, Free: 1878MB(91.7%)
[53.185s][debug][gc,director    ] Rule: Proactive, UsedUntilEnabled: 112MB, TimeUntilEnabled: 299.130s
[53.285s][debug][gc,alloc       ] Allocation Rate: 174.0MB/s, Predicted: 142.7MB/s, Avg: 148.6(+/-15.9)MB/s
[53.285s][debug][gc,director    ] Select GC Workers (Normal), AvoidLongGCWorkers: 0.003, AvoidOOMGCWorkers: 0.003, LastGCWorkers: 1.000, GCWorkers: 0.003
[53.285s][debug][gc,director    ] Rule: Allocation Rate (Dynamic GC Workers), MaxAllocRate: 200.8MB/s (+/-10.7%), Free: 1834MB, GCCPUTime: 0.032, GCDuration: 0.032s, TimeUntilOOM: 8.250s, TimeUntilGC: 8.118s, GCWorkers: 1 -> 1
[53.285s][debug][gc,director    ] Rule: High Usage, Free: 1834MB(89.6%)
[53.285s][debug][gc,director    ] Rule: Proactive, UsedUntilEnabled: 68MB, TimeUntilEnabled: 299.030s
[53.384s][debug][gc,alloc       ] Allocation Rate: 142.0MB/s, Predicted: 145.7MB/s, Avg: 145.8(+/-14.2)MB/s
[53.384s][debug][gc,director    ] Select GC Workers (Normal), AvoidLongGCWorkers: 0.003, AvoidOOMGCWorkers: 0.003, LastGCWorkers: 1.000, GCWorkers: 0.003
[53.385s][debug][gc,director    ] Rule: Allocation Rate (Dynamic GC Workers), MaxAllocRate: 192.7MB/s (+/-9.8%), Free: 1822MB, GCCPUTime: 0.032, GCDuration: 0.032s, TimeUntilOOM: 8.616s, TimeUntilGC: 8.484s, GCWorkers: 1 -> 1
[53.385s][debug][gc,director    ] Rule: High Usage, Free: 1822MB(89.0%)
[53.385s][debug][gc,director    ] Rule: Proactive, UsedUntilEnabled: 56MB, TimeUntilEnabled: 298.930s
[53.479s][debug][gc,alloc       ] Allocation Rate: 142.0MB/s, Predicted: 151.2MB/s, Avg: 142.8(+/-11.2)MB/s
[53.479s][debug][gc,director    ] Select GC Workers (Normal), AvoidLongGCWorkers: 0.003, AvoidOOMGCWorkers: 0.003, LastGCWorkers: 1.000, GCWorkers: 0.003
[53.479s][debug][gc,director    ] Rule: Allocation Rate (Dynamic GC Workers), MaxAllocRate: 188.2MB/s (+/-7.9%), Free: 1810MB, GCCPUTime: 0.032, GCDuration: 0.032s, TimeUntilOOM: 8.914s, TimeUntilGC: 8.782s, GCWorkers: 1 -> 1
[53.479s][debug][gc,director    ] Rule: High Usage, Free: 1810MB(88.4%)
[53.479s][debug][gc,director    ] Rule: Proactive, UsedUntilEnabled: 44MB, TimeUntilEnabled: 298.836s
[53.579s][debug][gc,alloc       ] Allocation Rate: 142.0MB/s, Predicted: 150.1MB/s, Avg: 143.0(+/-11.2)MB/s
[53.579s][debug][gc,director    ] Select GC Workers (Normal), AvoidLongGCWorkers: 0.003, AvoidOOMGCWorkers: 0.003, LastGCWorkers: 1.000, GCWorkers: 0.003
[53.579s][debug][gc,director    ] Rule: Allocation Rate (Dynamic GC Workers), MaxAllocRate: 187.0MB/s (+/-7.8%), Free: 1798MB, GCCPUTime: 0.032, GCDuration: 0.032s, TimeUntilOOM: 8.914s, TimeUntilGC: 8.782s, GCWorkers: 1 -> 1
[53.579s][debug][gc,director    ] Rule: High Usage, Free: 1798MB(87.8%)
[53.579s][debug][gc,director    ] Rule: Proactive, UsedUntilEnabled: 32MB, TimeUntilEnabled: 298.736s
[53.685s][debug][gc,alloc       ] Allocation Rate: 130.0MB/s, Predicted: 144.1MB/s, Avg: 142.0(+/-11.9)MB/s
[53.685s][debug][gc,director    ] Select GC Workers (Normal), AvoidLongGCWorkers: 0.003, AvoidOOMGCWorkers: 0.003, LastGCWorkers: 1.000, GCWorkers: 0.003
[53.685s][debug][gc,director    ] Rule: Allocation Rate (Dynamic GC Workers), MaxAllocRate: 183.2MB/s (+/-8.4%), Free: 1798MB, GCCPUTime: 0.032, GCDuration: 0.032s, TimeUntilOOM: 9.059s, TimeUntilGC: 8.927s, GCWorkers: 1 -> 1
[53.685s][debug][gc,director    ] Rule: High Usage, Free: 1798MB(87.8%)
[53.685s][debug][gc,director    ] Rule: Proactive, UsedUntilEnabled: 32MB, TimeUntilEnabled: 298.630s
[53.779s][debug][gc,alloc       ] Allocation Rate: 130.0MB/s, Predicted: 138.8MB/s, Avg: 141.0(+/-12.4)MB/s
[53.779s][debug][gc,director    ] Select GC Workers (Normal), AvoidLongGCWorkers: 0.003, AvoidOOMGCWorkers: 0.003, LastGCWorkers: 1.000, GCWorkers: 0.003
[53.779s][debug][gc,director    ] Rule: Allocation Rate (Dynamic GC Workers), MaxAllocRate: 181.8MB/s (+/-8.8%), Free: 1786MB, GCCPUTime: 0.032, GCDuration: 0.032s, TimeUntilOOM: 9.029s, TimeUntilGC: 8.897s, GCWorkers: 1 -> 1
[53.779s][debug][gc,director    ] Rule: High Usage, Free: 1786MB(87.2%)
[53.779s][debug][gc,director    ] Rule: Proactive, UsedUntilEnabled: 20MB, TimeUntilEnabled: 298.536s
[53.885s][debug][gc,alloc       ] Allocation Rate: 142.0MB/s, Predicted: 135.7MB/s, Avg: 142.4(+/-11.6)MB/s
[53.885s][debug][gc,director    ] Select GC Workers (Normal), AvoidLongGCWorkers: 0.003, AvoidOOMGCWorkers: 0.003, LastGCWorkers: 1.000, GCWorkers: 0.003
[53.885s][debug][gc,director    ] Rule: Allocation Rate (Dynamic GC Workers), MaxAllocRate: 180.6MB/s (+/-8.2%), Free: 1774MB, GCCPUTime: 0.032, GCDuration: 0.032s, TimeUntilOOM: 9.080s, TimeUntilGC: 8.948s, GCWorkers: 1 -> 1
[53.885s][debug][gc,director    ] Rule: High Usage, Free: 1774MB(86.6%)
[53.886s][debug][gc,director    ] Rule: Proactive, UsedUntilEnabled: 8MB, TimeUntilEnabled: 298.429s
[53.979s][debug][gc,alloc       ] Allocation Rate: 138.0MB/s, Predicted: 132.3MB/s, Avg: 142.6(+/-11.5)MB/s
[53.979s][debug][gc,director    ] Select GC Workers (Normal), AvoidLongGCWorkers: 0.003, AvoidOOMGCWorkers: 0.003, LastGCWorkers: 1.000, GCWorkers: 0.003
[53.980s][debug][gc,director    ] Rule: Allocation Rate (Dynamic GC Workers), MaxAllocRate: 180.5MB/s (+/-8.1%), Free: 1762MB, GCCPUTime: 0.032, GCDuration: 0.032s, TimeUntilOOM: 9.031s, TimeUntilGC: 8.898s, GCWorkers: 1 -> 1
[53.980s][debug][gc,director    ] Rule: High Usage, Free: 1762MB(86.0%)
[53.980s][debug][gc,director    ] Rule: Proactive, AcceptableGCInterval: 1.570s, TimeSinceLastGC: 1.665s, TimeUntilGC: -0.095s
[53.980s][debug][gc,heap        ] GC(20) Heap before GC invocations=20 (full 20):
[53.980s][debug][gc,heap        ] GC(20)  ZHeap           used 252M, capacity 686M, max capacity 2048M
[53.980s][debug][gc,heap        ] GC(20)  Metaspace       used 9042K, committed 9408K, reserved 1114112K
[53.980s][debug][gc,heap        ] GC(20)   class space    used 936K, committed 1088K, reserved 1048576K
[53.980s][info ][gc,start       ] GC(20) Garbage Collection (Proactive)
[53.980s][info ][gc,task        ] GC(20) Using 1 workers
[53.980s][debug][gc,phases,start] GC(20) Pause Mark Start
[53.980s][debug][gc,marking     ] GC(20) Using 1 mark stripes
[53.980s][debug][gc,marking     ] GC(20) Mark Worker/Stripe Distribution
[53.980s][debug][gc,marking     ] GC(20)   Worker 0(1) -> Stripe 0(1)
[53.980s][info ][gc,phases      ] GC(20) Pause Mark Start 0.081ms
[53.980s][debug][gc,phases,start] GC(20) Concurrent Mark
[53.980s][debug][gc,task        ] GC(20) Executing Task: ZMarkRootsTask, Active Workers: 1
[53.982s][debug][gc,tlab        ] GC(20) TLAB totals: thrds: 4  refills: 708 max: 705 slow allocs: 47 max 47 waste:  0.8% gc: 644128B max: 260848B slow: 925296B max: 925296B
[53.982s][debug][gc,task        ] GC(20) Executing Task: ZMarkTask, Active Workers: 1
[54.003s][info ][gc,phases      ] GC(20) Concurrent Mark 22.628ms
[54.003s][debug][gc,phases,start] GC(20) Pause Mark End
[54.003s][info ][gc,phases      ] GC(20) Pause Mark End 0.056ms
[54.003s][debug][gc,phases,start] GC(20) Concurrent Mark Free
[54.003s][info ][gc,phases      ] GC(20) Concurrent Mark Free 0.034ms
[54.003s][debug][gc,phases,start] GC(20) Concurrent Process Non-Strong References
[54.003s][debug][gc,phases,start] GC(20) Concurrent References Process
[54.003s][debug][gc,task        ] GC(20) Executing Task: ZReferenceProcessorTask, Active Workers: 1
[54.003s][debug][gc,phases      ] GC(20) Concurrent References Process 0.109ms
[54.003s][debug][gc,task        ] GC(20) Executing Task: ZProcessWeakRootsTask, Active Workers: 1
[54.004s][debug][gc,phases,start] GC(20) Concurrent Classes Unlink
[54.004s][debug][gc,phases,start] GC(20) ClassLoaderData
[54.004s][debug][gc,phases      ] GC(20) ClassLoaderData 0.041ms
[54.004s][debug][gc,phases,start] GC(20) Trigger cleanups
[54.004s][debug][gc,phases      ] GC(20) Trigger cleanups 0.010ms
[54.004s][debug][gc,task        ] GC(20) Executing Task: ZNMethodUnlinkTask, Active Workers: 1
[54.011s][debug][gc,phases      ] GC(20) Concurrent Classes Unlink 6.985ms
[54.011s][debug][gc,phases,start] GC(20) Concurrent Classes Purge
[54.011s][debug][gc,task        ] GC(20) Executing Task: ZNMethodPurgeTask, Active Workers: 1
[54.011s][debug][gc,phases      ] GC(20) Concurrent Classes Purge 0.246ms
[54.011s][debug][gc,phases,start] GC(20) Concurrent References Enqueue
[54.011s][debug][gc,phases      ] GC(20) Concurrent References Enqueue 0.018ms
[54.011s][info ][gc,phases      ] GC(20) Concurrent Process Non-Strong References 8.329ms
[54.011s][debug][gc,phases,start] GC(20) Concurrent Reset Relocation Set
[54.011s][info ][gc,phases      ] GC(20) Concurrent Reset Relocation Set 0.012ms
[54.011s][debug][gc,phases,start] GC(20) Concurrent Select Relocation Set
[54.014s][debug][gc,task        ] GC(20) Executing Task: ZRelocationSetInstallTask, Active Workers: 1
[54.014s][info ][gc,phases      ] GC(20) Concurrent Select Relocation Set 2.565ms
[54.014s][debug][gc,phases,start] GC(20) Pause Relocate Start
[54.014s][info ][gc,phases      ] GC(20) Pause Relocate Start 0.026ms
[54.014s][debug][gc,phases,start] GC(20) Concurrent Relocate
[54.014s][debug][gc,task        ] GC(20) Executing Task: ZRelocateTask, Active Workers: 1
[54.018s][info ][gc,phases      ] GC(20) Concurrent Relocate 3.557ms
[54.018s][debug][gc,heap        ] GC(20) Heap after GC invocations=21 (full 21):
[54.018s][debug][gc,heap        ] GC(20)  ZHeap           used 6M, capacity 686M, max capacity 2048M
[54.018s][debug][gc,heap        ] GC(20)  Metaspace       used 9042K, committed 9408K, reserved 1114112K
[54.018s][debug][gc,heap        ] GC(20)   class space    used 936K, committed 1088K, reserved 1048576K
[54.018s][info ][gc,load        ] GC(20) Load: 3.76/3.22/2.75
[54.018s][info ][gc,mmu         ] GC(20) MMU: 2ms/86.2%, 5ms/94.5%, 10ms/97.2%, 20ms/98.6%, 50ms/99.2%, 100ms/99.5%
[54.018s][info ][gc,marking     ] GC(20) Mark: 1 stripe(s), 2 proactive flush(es), 1 terminate flush(es), 0 completion(s), 0 continuation(s) 
[54.018s][info ][gc,marking     ] GC(20) Mark Stack Usage: 32M
[54.018s][info ][gc,nmethod     ] GC(20) NMethods: 2842 registered, 0 unregistered
[54.018s][info ][gc,metaspace   ] GC(20) Metaspace: 8M used, 9M committed, 1088M reserved
[54.018s][info ][gc,ref         ] GC(20) Soft: 742 encountered, 0 discovered, 0 enqueued
[54.018s][info ][gc,ref         ] GC(20) Weak: 1293 encountered, 651 discovered, 0 enqueued
[54.018s][info ][gc,ref         ] GC(20) Final: 0 encountered, 0 discovered, 0 enqueued
[54.018s][info ][gc,ref         ] GC(20) Phantom: 15 encountered, 8 discovered, 0 enqueued
[54.018s][info ][gc,reloc       ] GC(20) Small Pages: 94 / 188M, Empty: 180M, Relocated: 1M, In-Place: 0
[54.018s][info ][gc,reloc       ] GC(20) Medium Pages: 2 / 64M, Empty: 64M, Relocated: 0M, In-Place: 0
[54.018s][info ][gc,reloc       ] GC(20) Large Pages: 0 / 0M, Empty: 0M, Relocated: 0M, In-Place: 0
[54.018s][info ][gc,reloc       ] GC(20) Forwarding Usage: 0M
[54.018s][info ][gc,heap        ] GC(20) Min Capacity: 8M(0%)
[54.018s][info ][gc,heap        ] GC(20) Max Capacity: 2048M(100%)
[54.018s][info ][gc,heap        ] GC(20) Soft Max Capacity: 2048M(100%)
[54.018s][info ][gc,heap        ] GC(20)                Mark Start          Mark End        Relocate Start      Relocate End           High               Low         
[54.018s][info ][gc,heap        ] GC(20)  Capacity:      686M (33%)         686M (33%)         686M (33%)         686M (33%)         686M (33%)         686M (33%)    
[54.018s][info ][gc,heap        ] GC(20)      Free:     1796M (88%)        1796M (88%)        2040M (100%)       2042M (100%)       2042M (100%)       1796M (88%)    
[54.018s][info ][gc,heap        ] GC(20)      Used:      252M (12%)         252M (12%)           8M (0%)            6M (0%)          252M (12%)           6M (0%)     
[54.018s][info ][gc,heap        ] GC(20)      Live:         -                 5M (0%)            5M (0%)            5M (0%)             -                  -          
[54.018s][info ][gc,heap        ] GC(20) Allocated:         -                 0M (0%)            0M (0%)            0M (0%)             -                  -          
[54.018s][info ][gc,heap        ] GC(20)   Garbage:         -               246M (12%)           2M (0%)            0M (0%)             -                  -          
[54.018s][info ][gc,heap        ] GC(20) Reclaimed:         -                  -               244M (12%)         246M (12%)            -                  -          
[54.018s][info ][gc             ] GC(20) Garbage Collection (Proactive) 252M(12%)->6M(0%)
[54.082s][debug][gc,alloc       ] Allocation Rate: 170.0MB/s, Predicted: 143.6MB/s, Avg: 145.2(+/-14.2)MB/s
[54.082s][debug][gc,director    ] Select GC Workers (Normal), AvoidLongGCWorkers: 0.004, AvoidOOMGCWorkers: 0.004, LastGCWorkers: 1.000, GCWorkers: 0.004
[54.082s][debug][gc,director    ] Rule: Allocation Rate (Dynamic GC Workers), MaxAllocRate: 191.8MB/s (+/-9.8%), Free: 1964MB, GCCPUTime: 0.046, GCDuration: 0.046s, TimeUntilOOM: 9.327s, TimeUntilGC: 9.181s, GCWorkers: 1 -> 1
[54.082s][debug][gc,director    ] Rule: High Usage, Free: 1964MB(95.9%)
[54.082s][debug][gc,director    ] Rule: Proactive, UsedUntilEnabled: 160MB, TimeUntilEnabled: 299.935s
[54.181s][debug][gc,alloc       ] Allocation Rate: 172.0MB/s, Predicted: 153.5MB/s, Avg: 148.2(+/-16.2)MB/s
[54.181s][debug][gc,director    ] Select GC Workers (Normal), AvoidLongGCWorkers: 0.004, AvoidOOMGCWorkers: 0.005, LastGCWorkers: 1.000, GCWorkers: 0.005
[54.181s][debug][gc,director    ] Rule: Allocation Rate (Dynamic GC Workers), MaxAllocRate: 206.8MB/s (+/-10.9%), Free: 1952MB, GCCPUTime: 0.046, GCDuration: 0.046s, TimeUntilOOM: 8.508s, TimeUntilGC: 8.362s, GCWorkers: 1 -> 1
[54.181s][debug][gc,director    ] Rule: High Usage, Free: 1952MB(95.3%)
[54.181s][debug][gc,director    ] Rule: Proactive, UsedUntilEnabled: 148MB, TimeUntilEnabled: 299.837s
[54.279s][debug][gc,alloc       ] Allocation Rate: 140.0MB/s, Predicted: 157.1MB/s, Avg: 144.8(+/-13.8)MB/s
[54.280s][debug][gc,director    ] Select GC Workers (Normal), AvoidLongGCWorkers: 0.004, AvoidOOMGCWorkers: 0.005, LastGCWorkers: 1.000, GCWorkers: 0.005
[54.280s][debug][gc,director    ] Rule: Allocation Rate (Dynamic GC Workers), MaxAllocRate: 202.6MB/s (+/-9.6%), Free: 1940MB, GCCPUTime: 0.046, GCDuration: 0.046s, TimeUntilOOM: 8.741s, TimeUntilGC: 8.595s, GCWorkers: 1 -> 1
[54.280s][debug][gc,director    ] Rule: High Usage, Free: 1940MB(94.7%)
[54.280s][debug][gc,director    ] Rule: Proactive, UsedUntilEnabled: 136MB, TimeUntilEnabled: 299.738s
[54.378s][debug][gc,alloc       ] Allocation Rate: 140.0MB/s, Predicted: 154.4MB/s, Avg: 144.6(+/-13.9)MB/s
[54.378s][debug][gc,director    ] Select GC Workers (Normal), AvoidLongGCWorkers: 0.004, AvoidOOMGCWorkers: 0.005, LastGCWorkers: 1.000, GCWorkers: 0.005
[54.378s][debug][gc,director    ] Rule: Allocation Rate (Dynamic GC Workers), MaxAllocRate: 200.1MB/s (+/-9.6%), Free: 1928MB, GCCPUTime: 0.046, GCDuration: 0.046s, TimeUntilOOM: 8.791s, TimeUntilGC: 8.645s, GCWorkers: 1 -> 1
[54.378s][debug][gc,director    ] Rule: High Usage, Free: 1928MB(94.1%)
[54.378s][debug][gc,director    ] Rule: Proactive, UsedUntilEnabled: 124MB, TimeUntilEnabled: 299.640s
[54.477s][debug][gc,alloc       ] Allocation Rate: 136.0MB/s, Predicted: 150.3MB/s, Avg: 144.0(+/-14.1)MB/s
[54.478s][debug][gc,director    ] Select GC Workers (Normal), AvoidLongGCWorkers: 0.004, AvoidOOMGCWorkers: 0.005, LastGCWorkers: 1.000, GCWorkers: 0.005
[54.478s][debug][gc,director    ] Rule: Allocation Rate (Dynamic GC Workers), MaxAllocRate: 196.7MB/s (+/-9.8%), Free: 1918MB, GCCPUTime: 0.046, GCDuration: 0.046s, TimeUntilOOM: 8.880s, TimeUntilGC: 8.734s, GCWorkers: 1 -> 1
[54.478s][debug][gc,director    ] Rule: High Usage, Free: 1918MB(93.7%)
[54.478s][debug][gc,director    ] Rule: Proactive, UsedUntilEnabled: 114MB, TimeUntilEnabled: 299.540s
[54.578s][debug][gc,alloc       ] Allocation Rate: 128.0MB/s, Predicted: 143.3MB/s, Avg: 142.6(+/-14.9)MB/s
[54.578s][debug][gc,director    ] Select GC Workers (Normal), AvoidLongGCWorkers: 0.004, AvoidOOMGCWorkers: 0.005, LastGCWorkers: 1.000, GCWorkers: 0.005
[54.578s][debug][gc,director    ] Rule: Allocation Rate (Dynamic GC Workers), MaxAllocRate: 192.4MB/s (+/-10.5%), Free: 1916MB, GCCPUTime: 0.046, GCDuration: 0.046s, TimeUntilOOM: 9.015s, TimeUntilGC: 8.869s, GCWorkers: 1 -> 1
[54.578s][debug][gc,director    ] Rule: High Usage, Free: 1916MB(93.6%)
[54.578s][debug][gc,director    ] Rule: Proactive, UsedUntilEnabled: 112MB, TimeUntilEnabled: 299.439s
[54.684s][debug][gc,alloc       ] Allocation Rate: 140.0MB/s, Predicted: 138.9MB/s, Avg: 143.6(+/-14.4)MB/s
[54.685s][debug][gc,director    ] Select GC Workers (Normal), AvoidLongGCWorkers: 0.004, AvoidOOMGCWorkers: 0.005, LastGCWorkers: 1.000, GCWorkers: 0.005
[54.685s][debug][gc,director    ] Rule: Allocation Rate (Dynamic GC Workers), MaxAllocRate: 190.9MB/s (+/-10.0%), Free: 1904MB, GCCPUTime: 0.046, GCDuration: 0.046s, TimeUntilOOM: 9.069s, TimeUntilGC: 8.923s, GCWorkers: 1 -> 1
[54.685s][debug][gc,director    ] Rule: High Usage, Free: 1904MB(93.0%)
[54.685s][debug][gc,director    ] Rule: Proactive, UsedUntilEnabled: 100MB, TimeUntilEnabled: 299.333s
[54.785s][debug][gc,alloc       ] Allocation Rate: 140.0MB/s, Predicted: 133.9MB/s, Avg: 144.6(+/-13.7)MB/s
[54.785s][debug][gc,director    ] Select GC Workers (Normal), AvoidLongGCWorkers: 0.004, AvoidOOMGCWorkers: 0.005, LastGCWorkers: 1.000, GCWorkers: 0.005
[54.785s][debug][gc,director    ] Rule: Allocation Rate (Dynamic GC Workers), MaxAllocRate: 189.7MB/s (+/-9.5%), Free: 1892MB, GCCPUTime: 0.046, GCDuration: 0.046s, TimeUntilOOM: 9.109s, TimeUntilGC: 8.963s, GCWorkers: 1 -> 1
[54.785s][debug][gc,director    ] Rule: High Usage, Free: 1892MB(92.4%)
[54.785s][debug][gc,director    ] Rule: Proactive, UsedUntilEnabled: 88MB, TimeUntilEnabled: 299.233s
[54.881s][debug][gc,alloc       ] Allocation Rate: 138.0MB/s, Predicted: 130.5MB/s, Avg: 144.2(+/-13.8)MB/s
[54.881s][debug][gc,director    ] Select GC Workers (Normal), AvoidLongGCWorkers: 0.004, AvoidOOMGCWorkers: 0.005, LastGCWorkers: 1.000, GCWorkers: 0.005
[54.881s][debug][gc,director    ] Rule: Allocation Rate (Dynamic GC Workers), MaxAllocRate: 189.7MB/s (+/-9.6%), Free: 1882MB, GCCPUTime: 0.046, GCDuration: 0.046s, TimeUntilOOM: 9.050s, TimeUntilGC: 8.904s, GCWorkers: 1 -> 1
[54.881s][debug][gc,director    ] Rule: High Usage, Free: 1882MB(91.9%)
[54.882s][debug][gc,director    ] Rule: Proactive, UsedUntilEnabled: 78MB, TimeUntilEnabled: 299.136s
[54.981s][debug][gc,alloc       ] Allocation Rate: 174.0MB/s, Predicted: 140.8MB/s, Avg: 147.8(+/-16.2)MB/s
[54.981s][debug][gc,director    ] Select GC Workers (Normal), AvoidLongGCWorkers: 0.004, AvoidOOMGCWorkers: 0.005, LastGCWorkers: 1.000, GCWorkers: 0.005
[54.981s][debug][gc,director    ] Rule: Allocation Rate (Dynamic GC Workers), MaxAllocRate: 201.2MB/s (+/-11.0%), Free: 1834MB, GCCPUTime: 0.046, GCDuration: 0.046s, TimeUntilOOM: 8.212s, TimeUntilGC: 8.067s, GCWorkers: 1 -> 1
[54.981s][debug][gc,director    ] Rule: High Usage, Free: 1834MB(89.6%)
[54.981s][debug][gc,director    ] Rule: Proactive, UsedUntilEnabled: 30MB, TimeUntilEnabled: 299.037s
[55.080s][debug][gc,alloc       ] Allocation Rate: 140.0MB/s, Predicted: 143.6MB/s, Avg: 144.8(+/-14.5)MB/s
[55.080s][debug][gc,director    ] Select GC Workers (Normal), AvoidLongGCWorkers: 0.004, AvoidOOMGCWorkers: 0.005, LastGCWorkers: 1.000, GCWorkers: 0.005
[55.080s][debug][gc,director    ] Rule: Allocation Rate (Dynamic GC Workers), MaxAllocRate: 192.6MB/s (+/-10.0%), Free: 1824MB, GCCPUTime: 0.046, GCDuration: 0.046s, TimeUntilOOM: 8.605s, TimeUntilGC: 8.459s, GCWorkers: 1 -> 1
[55.080s][debug][gc,director    ] Rule: High Usage, Free: 1824MB(89.1%)
[55.080s][debug][gc,director    ] Rule: Proactive, UsedUntilEnabled: 20MB, TimeUntilEnabled: 298.937s
[55.179s][debug][gc,alloc       ] Allocation Rate: 140.0MB/s, Predicted: 148.9MB/s, Avg: 141.6(+/-11.4)MB/s
[55.180s][debug][gc,director    ] Select GC Workers (Normal), AvoidLongGCWorkers: 0.004, AvoidOOMGCWorkers: 0.005, LastGCWorkers: 1.000, GCWorkers: 0.005
[55.180s][debug][gc,director    ] Rule: Allocation Rate (Dynamic GC Workers), MaxAllocRate: 186.4MB/s (+/-8.0%), Free: 1812MB, GCCPUTime: 0.046, GCDuration: 0.046s, TimeUntilOOM: 8.999s, TimeUntilGC: 8.854s, GCWorkers: 1 -> 1
[55.180s][debug][gc,director    ] Rule: High Usage, Free: 1812MB(88.5%)
[55.180s][debug][gc,director    ] Rule: Proactive, UsedUntilEnabled: 8MB, TimeUntilEnabled: 298.838s
[55.281s][debug][gc,alloc       ] Allocation Rate: 140.0MB/s, Predicted: 147.9MB/s, Avg: 141.6(+/-11.4)MB/s
[55.281s][debug][gc,director    ] Select GC Workers (Normal), AvoidLongGCWorkers: 0.004, AvoidOOMGCWorkers: 0.005, LastGCWorkers: 1.000, GCWorkers: 0.005
[55.281s][debug][gc,director    ] Rule: Allocation Rate (Dynamic GC Workers), MaxAllocRate: 185.3MB/s (+/-8.0%), Free: 1800MB, GCCPUTime: 0.046, GCDuration: 0.046s, TimeUntilOOM: 8.991s, TimeUntilGC: 8.846s, GCWorkers: 1 -> 1
[55.281s][debug][gc,director    ] Rule: High Usage, Free: 1800MB(87.9%)
[55.281s][debug][gc,director    ] Rule: Proactive, AcceptableGCInterval: 2.245s, TimeSinceLastGC: 1.263s, TimeUntilGC: 0.982s
[55.383s][debug][gc,alloc       ] Allocation Rate: 128.0MB/s, Predicted: 142.0MB/s, Avg: 140.4(+/-12.1)MB/s
[55.383s][debug][gc,director    ] Select GC Workers (Normal), AvoidLongGCWorkers: 0.004, AvoidOOMGCWorkers: 0.005, LastGCWorkers: 1.000, GCWorkers: 0.005
[55.384s][debug][gc,director    ] Rule: Allocation Rate (Dynamic GC Workers), MaxAllocRate: 181.8MB/s (+/-8.6%), Free: 1800MB, GCCPUTime: 0.046, GCDuration: 0.046s, TimeUntilOOM: 9.116s, TimeUntilGC: 8.970s, GCWorkers: 1 -> 1
[55.384s][debug][gc,director    ] Rule: High Usage, Free: 1800MB(87.9%)
[55.384s][debug][gc,director    ] Rule: Proactive, AcceptableGCInterval: 2.245s, TimeSinceLastGC: 1.366s, TimeUntilGC: 0.880s
[55.480s][debug][gc,alloc       ] Allocation Rate: 132.0MB/s, Predicted: 137.5MB/s, Avg: 140.0(+/-12.3)MB/s
[55.481s][debug][gc,director    ] Select GC Workers (Normal), AvoidLongGCWorkers: 0.004, AvoidOOMGCWorkers: 0.005, LastGCWorkers: 1.000, GCWorkers: 0.005
[55.481s][debug][gc,director    ] Rule: Allocation Rate (Dynamic GC Workers), MaxAllocRate: 180.5MB/s (+/-8.8%), Free: 1788MB, GCCPUTime: 0.046, GCDuration: 0.046s, TimeUntilOOM: 9.108s, TimeUntilGC: 8.962s, GCWorkers: 1 -> 1
[55.481s][debug][gc,director    ] Rule: High Usage, Free: 1788MB(87.3%)
[55.481s][debug][gc,director    ] Rule: Proactive, AcceptableGCInterval: 2.245s, TimeSinceLastGC: 1.463s, TimeUntilGC: 0.782s
[55.580s][debug][gc,alloc       ] Allocation Rate: 140.0MB/s, Predicted: 134.3MB/s, Avg: 141.2(+/-11.6)MB/s
[55.580s][debug][gc,director    ] Select GC Workers (Normal), AvoidLongGCWorkers: 0.004, AvoidOOMGCWorkers: 0.005, LastGCWorkers: 1.000, GCWorkers: 0.005
[55.580s][debug][gc,director    ] Rule: Allocation Rate (Dynamic GC Workers), MaxAllocRate: 179.5MB/s (+/-8.2%), Free: 1776MB, GCCPUTime: 0.046, GCDuration: 0.046s, TimeUntilOOM: 9.142s, TimeUntilGC: 8.996s, GCWorkers: 1 -> 1
[55.580s][debug][gc,director    ] Rule: High Usage, Free: 1776MB(86.7%)
[55.580s][debug][gc,director    ] Rule: Proactive, AcceptableGCInterval: 2.245s, TimeSinceLastGC: 1.563s, TimeUntilGC: 0.683s
[55.685s][debug][gc,alloc       ] Allocation Rate: 140.0MB/s, Predicted: 133.5MB/s, Avg: 141.2(+/-11.6)MB/s
[55.685s][debug][gc,director    ] Select GC Workers (Normal), AvoidLongGCWorkers: 0.004, AvoidOOMGCWorkers: 0.005, LastGCWorkers: 1.000, GCWorkers: 0.005
[55.685s][debug][gc,director    ] Rule: Allocation Rate (Dynamic GC Workers), MaxAllocRate: 179.5MB/s (+/-8.2%), Free: 1764MB, GCCPUTime: 0.046, GCDuration: 0.046s, TimeUntilOOM: 9.080s, TimeUntilGC: 8.934s, GCWorkers: 1 -> 1
[55.685s][debug][gc,director    ] Rule: High Usage, Free: 1764MB(86.1%)
[55.685s][debug][gc,director    ] Rule: Proactive, AcceptableGCInterval: 2.245s, TimeSinceLastGC: 1.667s, TimeUntilGC: 0.578s
[55.782s][debug][gc,alloc       ] Allocation Rate: 140.0MB/s, Predicted: 132.7MB/s, Avg: 141.2(+/-11.6)MB/s
[55.782s][debug][gc,director    ] Select GC Workers (Normal), AvoidLongGCWorkers: 0.004, AvoidOOMGCWorkers: 0.005, LastGCWorkers: 1.000, GCWorkers: 0.005
[55.782s][debug][gc,director    ] Rule: Allocation Rate (Dynamic GC Workers), MaxAllocRate: 179.5MB/s (+/-8.2%), Free: 1752MB, GCCPUTime: 0.046, GCDuration: 0.046s, TimeUntilOOM: 9.018s, TimeUntilGC: 8.872s, GCWorkers: 1 -> 1
[55.782s][debug][gc,director    ] Rule: High Usage, Free: 1752MB(85.5%)
[55.782s][debug][gc,director    ] Rule: Proactive, AcceptableGCInterval: 2.245s, TimeSinceLastGC: 1.764s, TimeUntilGC: 0.481s
[55.885s][debug][gc,alloc       ] Allocation Rate: 174.0MB/s, Predicted: 144.9MB/s, Avg: 144.8(+/-15.1)MB/s
[55.885s][debug][gc,director    ] Select GC Workers (Normal), AvoidLongGCWorkers: 0.004, AvoidOOMGCWorkers: 0.005, LastGCWorkers: 1.000, GCWorkers: 0.005
[55.886s][debug][gc,director    ] Rule: Allocation Rate (Dynamic GC Workers), MaxAllocRate: 194.7MB/s (+/-10.4%), Free: 1708MB, GCCPUTime: 0.046, GCDuration: 0.046s, TimeUntilOOM: 7.942s, TimeUntilGC: 7.796s, GCWorkers: 1 -> 1
[55.886s][debug][gc,director    ] Rule: High Usage, Free: 1708MB(83.4%)
[55.886s][debug][gc,director    ] Rule: Proactive, AcceptableGCInterval: 2.245s, TimeSinceLastGC: 1.868s, TimeUntilGC: 0.377s
[55.978s][debug][gc,alloc       ] Allocation Rate: 136.0MB/s, Predicted: 149.2MB/s, Avg: 141.0(+/-11.7)MB/s
[55.978s][debug][gc,director    ] Select GC Workers (Normal), AvoidLongGCWorkers: 0.004, AvoidOOMGCWorkers: 0.005, LastGCWorkers: 1.000, GCWorkers: 0.005
[55.978s][debug][gc,director    ] Rule: Allocation Rate (Dynamic GC Workers), MaxAllocRate: 187.7MB/s (+/-8.3%), Free: 1698MB, GCCPUTime: 0.046, GCDuration: 0.046s, TimeUntilOOM: 8.352s, TimeUntilGC: 8.206s, GCWorkers: 1 -> 1
[55.978s][debug][gc,director    ] Rule: High Usage, Free: 1698MB(82.9%)
[55.978s][debug][gc,director    ] Rule: Proactive, AcceptableGCInterval: 2.245s, TimeSinceLastGC: 1.960s, TimeUntilGC: 0.285s
[56.081s][debug][gc,alloc       ] Allocation Rate: 138.0MB/s, Predicted: 147.7MB/s, Avg: 140.8(+/-11.7)MB/s
[56.081s][debug][gc,director    ] Select GC Workers (Normal), AvoidLongGCWorkers: 0.004, AvoidOOMGCWorkers: 0.005, LastGCWorkers: 1.000, GCWorkers: 0.005
[56.081s][debug][gc,director    ] Rule: Allocation Rate (Dynamic GC Workers), MaxAllocRate: 186.4MB/s (+/-8.3%), Free: 1686MB, GCCPUTime: 0.046, GCDuration: 0.046s, TimeUntilOOM: 8.351s, TimeUntilGC: 8.205s, GCWorkers: 1 -> 1
[56.081s][debug][gc,director    ] Rule: High Usage, Free: 1686MB(82.3%)
[56.081s][debug][gc,director    ] Rule: Proactive, AcceptableGCInterval: 2.245s, TimeSinceLastGC: 2.064s, TimeUntilGC: 0.182s
[56.178s][debug][gc,alloc       ] Allocation Rate: 128.0MB/s, Predicted: 142.4MB/s, Avg: 139.6(+/-12.4)MB/s
[56.178s][debug][gc,director    ] Select GC Workers (Normal), AvoidLongGCWorkers: 0.004, AvoidOOMGCWorkers: 0.005, LastGCWorkers: 1.000, GCWorkers: 0.005
[56.178s][debug][gc,director    ] Rule: Allocation Rate (Dynamic GC Workers), MaxAllocRate: 183.1MB/s (+/-8.9%), Free: 1682MB, GCCPUTime: 0.046, GCDuration: 0.046s, TimeUntilOOM: 8.441s, TimeUntilGC: 8.296s, GCWorkers: 1 -> 1
[56.178s][debug][gc,director    ] Rule: High Usage, Free: 1682MB(82.1%)
[56.178s][debug][gc,director    ] Rule: Proactive, AcceptableGCInterval: 2.245s, TimeSinceLastGC: 2.160s, TimeUntilGC: 0.085s
[56.279s][debug][gc,alloc       ] Allocation Rate: 126.0MB/s, Predicted: 137.1MB/s, Avg: 138.2(+/-13.0)MB/s
[56.279s][debug][gc,director    ] Select GC Workers (Normal), AvoidLongGCWorkers: 0.004, AvoidOOMGCWorkers: 0.005, LastGCWorkers: 1.000, GCWorkers: 0.005
[56.279s][debug][gc,director    ] Rule: Allocation Rate (Dynamic GC Workers), MaxAllocRate: 181.0MB/s (+/-9.4%), Free: 1674MB, GCCPUTime: 0.046, GCDuration: 0.046s, TimeUntilOOM: 8.453s, TimeUntilGC: 8.307s, GCWorkers: 1 -> 1
[56.279s][debug][gc,director    ] Rule: High Usage, Free: 1674MB(81.7%)
[56.279s][debug][gc,director    ] Rule: Proactive, AcceptableGCInterval: 2.245s, TimeSinceLastGC: 2.261s, TimeUntilGC: -0.016s
[56.279s][debug][gc,heap        ] GC(21) Heap before GC invocations=21 (full 21):
[56.279s][debug][gc,heap        ] GC(21)  ZHeap           used 340M, capacity 686M, max capacity 2048M
[56.279s][debug][gc,heap        ] GC(21)  Metaspace       used 9052K, committed 9408K, reserved 1114112K
[56.279s][debug][gc,heap        ] GC(21)   class space    used 936K, committed 1088K, reserved 1048576K
[56.279s][info ][gc,start       ] GC(21) Garbage Collection (Proactive)
[56.279s][info ][gc,task        ] GC(21) Using 1 workers
[56.279s][debug][gc,phases,start] GC(21) Pause Mark Start
[56.279s][debug][gc,marking     ] GC(21) Using 1 mark stripes
[56.279s][debug][gc,marking     ] GC(21) Mark Worker/Stripe Distribution
[56.279s][debug][gc,marking     ] GC(21)   Worker 0(1) -> Stripe 0(1)
[56.279s][info ][gc,phases      ] GC(21) Pause Mark Start 0.089ms
[56.279s][debug][gc,phases,start] GC(21) Concurrent Mark
[56.279s][debug][gc,task        ] GC(21) Executing Task: ZMarkRootsTask, Active Workers: 1
[56.281s][debug][gc,tlab        ] GC(21) TLAB totals: thrds: 5  refills: 944 max: 940 slow allocs: 62 max 62 waste:  0.9% gc: 888576B max: 261376B slow: 1268576B max: 1268576B
[56.281s][debug][gc,task        ] GC(21) Executing Task: ZMarkTask, Active Workers: 1
[56.299s][info ][gc,phases      ] GC(21) Concurrent Mark 19.968ms
[56.299s][debug][gc,phases,start] GC(21) Pause Mark End
[56.299s][info ][gc,phases      ] GC(21) Pause Mark End 0.042ms
[56.299s][debug][gc,phases,start] GC(21) Concurrent Mark Free
[56.299s][info ][gc,phases      ] GC(21) Concurrent Mark Free 0.040ms
[56.299s][debug][gc,phases,start] GC(21) Concurrent Process Non-Strong References
[56.300s][debug][gc,phases,start] GC(21) Concurrent References Process
[56.300s][debug][gc,task        ] GC(21) Executing Task: ZReferenceProcessorTask, Active Workers: 1
[56.300s][debug][gc,phases      ] GC(21) Concurrent References Process 0.133ms
[56.300s][debug][gc,task        ] GC(21) Executing Task: ZProcessWeakRootsTask, Active Workers: 1
[56.300s][debug][gc,phases,start] GC(21) Concurrent Classes Unlink
[56.300s][debug][gc,phases,start] GC(21) ClassLoaderData
[56.301s][debug][gc,phases      ] GC(21) ClassLoaderData 0.045ms
[56.301s][debug][gc,phases,start] GC(21) Trigger cleanups
[56.301s][debug][gc,phases      ] GC(21) Trigger cleanups 0.014ms
[56.301s][debug][gc,task        ] GC(21) Executing Task: ZNMethodUnlinkTask, Active Workers: 1
[56.306s][debug][gc,phases      ] GC(21) Concurrent Classes Unlink 5.163ms
[56.306s][debug][gc,phases,start] GC(21) Concurrent Classes Purge
[56.306s][debug][gc,task        ] GC(21) Executing Task: ZNMethodPurgeTask, Active Workers: 1
[56.306s][debug][gc,phases      ] GC(21) Concurrent Classes Purge 0.241ms
[56.306s][debug][gc,phases,start] GC(21) Concurrent References Enqueue
[56.306s][debug][gc,phases      ] GC(21) Concurrent References Enqueue 0.015ms
[56.306s][info ][gc,phases      ] GC(21) Concurrent Process Non-Strong References 6.619ms
[56.306s][debug][gc,phases,start] GC(21) Concurrent Reset Relocation Set
[56.306s][info ][gc,phases      ] GC(21) Concurrent Reset Relocation Set 0.012ms
[56.306s][debug][gc,phases,start] GC(21) Concurrent Select Relocation Set
[56.308s][debug][gc,task        ] GC(21) Executing Task: ZRelocationSetInstallTask, Active Workers: 1
[56.308s][info ][gc,phases      ] GC(21) Concurrent Select Relocation Set 2.073ms
[56.308s][debug][gc,phases,start] GC(21) Pause Relocate Start
[56.308s][info ][gc,phases      ] GC(21) Pause Relocate Start 0.063ms
[56.308s][debug][gc,phases,start] GC(21) Concurrent Relocate
[56.308s][debug][gc,task        ] GC(21) Executing Task: ZRelocateTask, Active Workers: 1
[56.310s][info ][gc,phases      ] GC(21) Concurrent Relocate 1.822ms
[56.310s][debug][gc,heap        ] GC(21) Heap after GC invocations=22 (full 22):
[56.310s][debug][gc,heap        ] GC(21)  ZHeap           used 50M, capacity 686M, max capacity 2048M
[56.310s][debug][gc,heap        ] GC(21)  Metaspace       used 9052K, committed 9408K, reserved 1114112K
[56.310s][debug][gc,heap        ] GC(21)   class space    used 936K, committed 1088K, reserved 1048576K
[56.310s][info ][gc,load        ] GC(21) Load: 3.54/3.19/2.74
[56.310s][info ][gc,mmu         ] GC(21) MMU: 2ms/86.2%, 5ms/94.5%, 10ms/97.2%, 20ms/98.6%, 50ms/99.2%, 100ms/99.5%
[56.310s][info ][gc,marking     ] GC(21) Mark: 1 stripe(s), 2 proactive flush(es), 1 terminate flush(es), 0 completion(s), 0 continuation(s) 
[56.310s][info ][gc,marking     ] GC(21) Mark Stack Usage: 32M
[56.310s][info ][gc,nmethod     ] GC(21) NMethods: 2855 registered, 0 unregistered
[56.310s][info ][gc,metaspace   ] GC(21) Metaspace: 8M used, 9M committed, 1088M reserved
[56.310s][info ][gc,ref         ] GC(21) Soft: 742 encountered, 0 discovered, 0 enqueued
[56.310s][info ][gc,ref         ] GC(21) Weak: 1293 encountered, 612 discovered, 0 enqueued
[56.310s][info ][gc,ref         ] GC(21) Final: 0 encountered, 0 discovered, 0 enqueued
[56.310s][info ][gc,ref         ] GC(21) Phantom: 15 encountered, 9 discovered, 0 enqueued
[56.310s][info ][gc,reloc       ] GC(21) Small Pages: 122 / 244M, Empty: 236M, Relocated: 1M, In-Place: 0
[56.310s][info ][gc,reloc       ] GC(21) Medium Pages: 3 / 96M, Empty: 96M, Relocated: 0M, In-Place: 0
[56.311s][info ][gc,reloc       ] GC(21) Large Pages: 0 / 0M, Empty: 0M, Relocated: 0M, In-Place: 0
[56.311s][info ][gc,reloc       ] GC(21) Forwarding Usage: 0M
[56.311s][info ][gc,heap        ] GC(21) Min Capacity: 8M(0%)
[56.311s][info ][gc,heap        ] GC(21) Max Capacity: 2048M(100%)
[56.311s][info ][gc,heap        ] GC(21) Soft Max Capacity: 2048M(100%)
[56.311s][info ][gc,heap        ] GC(21)                Mark Start          Mark End        Relocate Start      Relocate End           High               Low         
[56.311s][info ][gc,heap        ] GC(21)  Capacity:      686M (33%)         686M (33%)         686M (33%)         686M (33%)         686M (33%)         686M (33%)    
[56.311s][info ][gc,heap        ] GC(21)      Free:     1708M (83%)        1666M (81%)        1996M (97%)        1998M (98%)        1998M (98%)        1664M (81%)    
[56.311s][info ][gc,heap        ] GC(21)      Used:      340M (17%)         382M (19%)          52M (3%)           50M (2%)          384M (19%)          50M (2%)     
[56.311s][info ][gc,heap        ] GC(21)      Live:         -                 5M (0%)            5M (0%)            5M (0%)             -                  -          
[56.311s][info ][gc,heap        ] GC(21) Allocated:         -                42M (2%)           44M (2%)           44M (2%)             -                  -          
[56.311s][info ][gc,heap        ] GC(21)   Garbage:         -               334M (16%)           2M (0%)            0M (0%)             -                  -          
[56.311s][info ][gc,heap        ] GC(21) Reclaimed:         -                  -               332M (16%)         334M (16%)            -                  -          
[56.311s][info ][gc             ] GC(21) Garbage Collection (Proactive) 340M(17%)->50M(2%)
[56.381s][debug][gc,alloc       ] Allocation Rate: 170.0MB/s, Predicted: 147.1MB/s, Avg: 142.4(+/-15.6)MB/s
[56.381s][debug][gc,director    ] Select GC Workers (Normal), AvoidLongGCWorkers: 0.004, AvoidOOMGCWorkers: 0.004, LastGCWorkers: 1.000, GCWorkers: 0.004
[56.381s][debug][gc,director    ] Rule: Allocation Rate (Dynamic GC Workers), MaxAllocRate: 198.3MB/s (+/-10.9%), Free: 1964MB, GCCPUTime: 0.042, GCDuration: 0.042s, TimeUntilOOM: 8.929s, TimeUntilGC: 8.788s, GCWorkers: 1 -> 1
[56.381s][debug][gc,director    ] Rule: High Usage, Free: 1964MB(95.9%)
[56.381s][debug][gc,director    ] Rule: Proactive, UsedUntilEnabled: 204MB, TimeUntilEnabled: 299.929s
[56.480s][debug][gc,alloc       ] Allocation Rate: 170.0MB/s, Predicted: 155.3MB/s, Avg: 146.2(+/-17.1)MB/s
[56.480s][debug][gc,director    ] Select GC Workers (Normal), AvoidLongGCWorkers: 0.004, AvoidOOMGCWorkers: 0.005, LastGCWorkers: 1.000, GCWorkers: 0.005
[56.480s][debug][gc,director    ] Rule: Allocation Rate (Dynamic GC Workers), MaxAllocRate: 211.7MB/s (+/-11.7%), Free: 1952MB, GCCPUTime: 0.042, GCDuration: 0.042s, TimeUntilOOM: 8.255s, TimeUntilGC: 8.113s, GCWorkers: 1 -> 1
[56.480s][debug][gc,director    ] Rule: High Usage, Free: 1952MB(95.3%)
[56.480s][debug][gc,director    ] Rule: Proactive, UsedUntilEnabled: 192MB, TimeUntilEnabled: 299.830s
[56.580s][debug][gc,alloc       ] Allocation Rate: 170.0MB/s, Predicted: 163.2MB/s, Avg: 149.2(+/-18.4)MB/s
[56.580s][debug][gc,director    ] Select GC Workers (Normal), AvoidLongGCWorkers: 0.004, AvoidOOMGCWorkers: 0.005, LastGCWorkers: 1.000, GCWorkers: 0.005
[56.580s][debug][gc,director    ] Rule: Allocation Rate (Dynamic GC Workers), MaxAllocRate: 223.6MB/s (+/-12.3%), Free: 1940MB, GCCPUTime: 0.042, GCDuration: 0.042s, TimeUntilOOM: 7.726s, TimeUntilGC: 7.584s, GCWorkers: 1 -> 1
[56.580s][debug][gc,director    ] Rule: High Usage, Free: 1940MB(94.7%)
[56.580s][debug][gc,director    ] Rule: Proactive, UsedUntilEnabled: 180MB, TimeUntilEnabled: 299.730s
[56.681s][debug][gc,alloc       ] Allocation Rate: 170.0MB/s, Predicted: 169.1MB/s, Avg: 152.2(+/-19.0)MB/s
[56.682s][debug][gc,director    ] Select GC Workers (Normal), AvoidLongGCWorkers: 0.004, AvoidOOMGCWorkers: 0.005, LastGCWorkers: 1.000, GCWorkers: 0.005
[56.682s][debug][gc,director    ] Rule: Allocation Rate (Dynamic GC Workers), MaxAllocRate: 231.7MB/s (+/-12.5%), Free: 1928MB, GCCPUTime: 0.042, GCDuration: 0.042s, TimeUntilOOM: 7.394s, TimeUntilGC: 7.253s, GCWorkers: 1 -> 1
[56.682s][debug][gc,director    ] Rule: High Usage, Free: 1928MB(94.1%)
[56.682s][debug][gc,director    ] Rule: Proactive, UsedUntilEnabled: 168MB, TimeUntilEnabled: 299.628s
[56.779s][debug][gc,alloc       ] Allocation Rate: 170.0MB/s, Predicted: 172.9MB/s, Avg: 155.2(+/-19.2)MB/s
[56.779s][debug][gc,director    ] Select GC Workers (Normal), AvoidLongGCWorkers: 0.004, AvoidOOMGCWorkers: 0.005, LastGCWorkers: 1.000, GCWorkers: 0.005
[56.779s][debug][gc,director    ] Rule: Allocation Rate (Dynamic GC Workers), MaxAllocRate: 236.3MB/s (+/-12.4%), Free: 1916MB, GCCPUTime: 0.042, GCDuration: 0.042s, TimeUntilOOM: 7.214s, TimeUntilGC: 7.073s, GCWorkers: 1 -> 1
[56.779s][debug][gc,director    ] Rule: High Usage, Free: 1916MB(93.6%)
[56.779s][debug][gc,director    ] Rule: Proactive, UsedUntilEnabled: 156MB, TimeUntilEnabled: 299.531s
[56.877s][debug][gc,alloc       ] Allocation Rate: 138.0MB/s, Predicted: 171.1MB/s, Avg: 151.6(+/-18.8)MB/s
[56.878s][debug][gc,director    ] Select GC Workers (Normal), AvoidLongGCWorkers: 0.004, AvoidOOMGCWorkers: 0.005, LastGCWorkers: 1.000, GCWorkers: 0.005
[56.878s][debug][gc,director    ] Rule: Allocation Rate (Dynamic GC Workers), MaxAllocRate: 232.8MB/s (+/-12.4%), Free: 1904MB, GCCPUTime: 0.042, GCDuration: 0.042s, TimeUntilOOM: 7.279s, TimeUntilGC: 7.137s, GCWorkers: 1 -> 1
[56.878s][debug][gc,director    ] Rule: High Usage, Free: 1904MB(93.0%)
[56.878s][debug][gc,director    ] Rule: Proactive, UsedUntilEnabled: 144MB, TimeUntilEnabled: 299.432s
[56.980s][debug][gc,alloc       ] Allocation Rate: 144.0MB/s, Predicted: 163.9MB/s, Avg: 152.4(+/-18.2)MB/s
[56.980s][debug][gc,director    ] Select GC Workers (Normal), AvoidLongGCWorkers: 0.004, AvoidOOMGCWorkers: 0.005, LastGCWorkers: 1.000, GCWorkers: 0.005
[56.980s][debug][gc,director    ] Rule: Allocation Rate (Dynamic GC Workers), MaxAllocRate: 223.9MB/s (+/-12.0%), Free: 1888MB, GCCPUTime: 0.042, GCDuration: 0.042s, TimeUntilOOM: 7.532s, TimeUntilGC: 7.390s, GCWorkers: 1 -> 1
[56.980s][debug][gc,director    ] Rule: High Usage, Free: 1888MB(92.2%)
[56.980s][debug][gc,director    ] Rule: Proactive, UsedUntilEnabled: 128MB, TimeUntilEnabled: 299.330s
[57.082s][debug][gc,alloc       ] Allocation Rate: 142.0MB/s, Predicted: 155.9MB/s, Avg: 152.8(+/-18.0)MB/s
[57.083s][debug][gc,director    ] Select GC Workers (Normal), AvoidLongGCWorkers: 0.004, AvoidOOMGCWorkers: 0.005, LastGCWorkers: 1.000, GCWorkers: 0.005
[57.083s][debug][gc,director    ] Rule: Allocation Rate (Dynamic GC Workers), MaxAllocRate: 215.0MB/s (+/-11.8%), Free: 1878MB, GCCPUTime: 0.042, GCDuration: 0.042s, TimeUntilOOM: 7.817s, TimeUntilGC: 7.676s, GCWorkers: 1 -> 1
[57.083s][debug][gc,director    ] Rule: High Usage, Free: 1878MB(91.7%)
[57.083s][debug][gc,director    ] Rule: Proactive, UsedUntilEnabled: 118MB, TimeUntilEnabled: 299.228s
[57.182s][debug][gc,alloc       ] Allocation Rate: 140.0MB/s, Predicted: 144.1MB/s, Avg: 154.0(+/-16.6)MB/s
[57.182s][debug][gc,director    ] Select GC Workers (Normal), AvoidLongGCWorkers: 0.004, AvoidOOMGCWorkers: 0.005, LastGCWorkers: 1.000, GCWorkers: 0.005
[57.182s][debug][gc,director    ] Rule: Allocation Rate (Dynamic GC Workers), MaxAllocRate: 208.7MB/s (+/-10.8%), Free: 1878MB, GCCPUTime: 0.042, GCDuration: 0.042s, TimeUntilOOM: 8.124s, TimeUntilGC: 7.982s, GCWorkers: 1 -> 1
[57.182s][debug][gc,director    ] Rule: High Usage, Free: 1878MB(91.7%)
[57.182s][debug][gc,director    ] Rule: Proactive, UsedUntilEnabled: 118MB, TimeUntilEnabled: 299.128s
[57.281s][debug][gc,alloc       ] Allocation Rate: 174.0MB/s, Predicted: 144.7MB/s, Avg: 158.8(+/-14.6)MB/s
[57.281s][debug][gc,director    ] Select GC Workers (Normal), AvoidLongGCWorkers: 0.004, AvoidOOMGCWorkers: 0.005, LastGCWorkers: 1.000, GCWorkers: 0.005
[57.281s][debug][gc,director    ] Rule: Allocation Rate (Dynamic GC Workers), MaxAllocRate: 207.0MB/s (+/-9.2%), Free: 1834MB, GCCPUTime: 0.042, GCDuration: 0.042s, TimeUntilOOM: 8.112s, TimeUntilGC: 7.970s, GCWorkers: 1 -> 1
[57.281s][debug][gc,director    ] Rule: High Usage, Free: 1834MB(89.6%)
[57.281s][debug][gc,director    ] Rule: Proactive, UsedUntilEnabled: 74MB, TimeUntilEnabled: 299.029s
[57.384s][debug][gc,alloc       ] Allocation Rate: 140.0MB/s, Predicted: 140.1MB/s, Avg: 155.8(+/-15.1)MB/s
[57.384s][debug][gc,director    ] Select GC Workers (Normal), AvoidLongGCWorkers: 0.004, AvoidOOMGCWorkers: 0.005, LastGCWorkers: 1.000, GCWorkers: 0.005
[57.384s][debug][gc,director    ] Rule: Allocation Rate (Dynamic GC Workers), MaxAllocRate: 205.5MB/s (+/-9.7%), Free: 1824MB, GCCPUTime: 0.042, GCDuration: 0.042s, TimeUntilOOM: 8.090s, TimeUntilGC: 7.949s, GCWorkers: 1 -> 1
[57.384s][debug][gc,director    ] Rule: High Usage, Free: 1824MB(89.1%)
[57.384s][debug][gc,director    ] Rule: Proactive, UsedUntilEnabled: 64MB, TimeUntilEnabled: 298.926s
[57.478s][debug][gc,alloc       ] Allocation Rate: 140.0MB/s, Predicted: 137.6MB/s, Avg: 152.8(+/-15.0)MB/s
[57.479s][debug][gc,director    ] Select GC Workers (Normal), AvoidLongGCWorkers: 0.004, AvoidOOMGCWorkers: 0.005, LastGCWorkers: 1.000, GCWorkers: 0.005
[57.479s][debug][gc,director    ] Rule: Allocation Rate (Dynamic GC Workers), MaxAllocRate: 202.1MB/s (+/-9.8%), Free: 1812MB, GCCPUTime: 0.042, GCDuration: 0.042s, TimeUntilOOM: 8.167s, TimeUntilGC: 8.026s, GCWorkers: 1 -> 1
[57.479s][debug][gc,director    ] Rule: High Usage, Free: 1812MB(88.5%)
[57.479s][debug][gc,director    ] Rule: Proactive, UsedUntilEnabled: 52MB, TimeUntilEnabled: 298.832s
[57.579s][debug][gc,alloc       ] Allocation Rate: 140.0MB/s, Predicted: 137.1MB/s, Avg: 149.8(+/-14.2)MB/s
[57.579s][debug][gc,director    ] Select GC Workers (Normal), AvoidLongGCWorkers: 0.004, AvoidOOMGCWorkers: 0.004, LastGCWorkers: 1.000, GCWorkers: 0.004
[57.579s][debug][gc,director    ] Rule: Allocation Rate (Dynamic GC Workers), MaxAllocRate: 196.6MB/s (+/-9.5%), Free: 1800MB, GCCPUTime: 0.042, GCDuration: 0.042s, TimeUntilOOM: 8.364s, TimeUntilGC: 8.222s, GCWorkers: 1 -> 1
[57.579s][debug][gc,director    ] Rule: High Usage, Free: 1800MB(87.9%)
[57.579s][debug][gc,director    ] Rule: Proactive, UsedUntilEnabled: 40MB, TimeUntilEnabled: 298.731s
[57.684s][debug][gc,alloc       ] Allocation Rate: 140.0MB/s, Predicted: 138.5MB/s, Avg: 146.8(+/-12.7)MB/s
[57.684s][debug][gc,director    ] Select GC Workers (Normal), AvoidLongGCWorkers: 0.004, AvoidOOMGCWorkers: 0.004, LastGCWorkers: 1.000, GCWorkers: 0.004
[57.684s][debug][gc,director    ] Rule: Allocation Rate (Dynamic GC Workers), MaxAllocRate: 188.7MB/s (+/-8.7%), Free: 1788MB, GCCPUTime: 0.042, GCDuration: 0.042s, TimeUntilOOM: 8.722s, TimeUntilGC: 8.581s, GCWorkers: 1 -> 1
[57.684s][debug][gc,director    ] Rule: High Usage, Free: 1788MB(87.3%)
[57.685s][debug][gc,director    ] Rule: Proactive, UsedUntilEnabled: 28MB, TimeUntilEnabled: 298.626s
[57.785s][debug][gc,alloc       ] Allocation Rate: 140.0MB/s, Predicted: 142.0MB/s, Avg: 143.8(+/-10.2)MB/s
[57.785s][debug][gc,director    ] Select GC Workers (Normal), AvoidLongGCWorkers: 0.004, AvoidOOMGCWorkers: 0.004, LastGCWorkers: 1.000, GCWorkers: 0.004
[57.785s][debug][gc,director    ] Rule: Allocation Rate (Dynamic GC Workers), MaxAllocRate: 177.3MB/s (+/-7.1%), Free: 1776MB, GCCPUTime: 0.042, GCDuration: 0.042s, TimeUntilOOM: 9.356s, TimeUntilGC: 9.214s, GCWorkers: 1 -> 1
[57.785s][debug][gc,director    ] Rule: High Usage, Free: 1776MB(86.7%)
[57.785s][debug][gc,director    ] Rule: Proactive, UsedUntilEnabled: 16MB, TimeUntilEnabled: 298.525s
[57.883s][debug][gc,alloc       ] Allocation Rate: 140.0MB/s, Predicted: 138.9MB/s, Avg: 144.0(+/-10.1)MB/s
[57.884s][debug][gc,director    ] Select GC Workers (Normal), AvoidLongGCWorkers: 0.004, AvoidOOMGCWorkers: 0.004, LastGCWorkers: 1.000, GCWorkers: 0.004
[57.884s][debug][gc,director    ] Rule: Allocation Rate (Dynamic GC Workers), MaxAllocRate: 177.2MB/s (+/-7.0%), Free: 1764MB, GCCPUTime: 0.042, GCDuration: 0.042s, TimeUntilOOM: 9.305s, TimeUntilGC: 9.164s, GCWorkers: 1 -> 1
[57.884s][debug][gc,director    ] Rule: High Usage, Free: 1764MB(86.1%)
[57.884s][debug][gc,director    ] Rule: Proactive, UsedUntilEnabled: 4MB, TimeUntilEnabled: 298.427s
[57.982s][debug][gc,alloc       ] Allocation Rate: 124.0MB/s, Predicted: 130.9MB/s, Avg: 142.0(+/-11.7)MB/s
[57.982s][debug][gc,director    ] Select GC Workers (Normal), AvoidLongGCWorkers: 0.004, AvoidOOMGCWorkers: 0.004, LastGCWorkers: 1.000, GCWorkers: 0.004
[57.982s][debug][gc,director    ] Rule: Allocation Rate (Dynamic GC Workers), MaxAllocRate: 180.6MB/s (+/-8.3%), Free: 1764MB, GCCPUTime: 0.042, GCDuration: 0.042s, TimeUntilOOM: 9.022s, TimeUntilGC: 8.881s, GCWorkers: 1 -> 1
[57.982s][debug][gc,director    ] Rule: High Usage, Free: 1764MB(86.1%)
[57.982s][debug][gc,director    ] Rule: Proactive, UsedUntilEnabled: 4MB, TimeUntilEnabled: 298.328s
[58.078s][debug][gc,alloc       ] Allocation Rate: 126.0MB/s, Predicted: 124.5MB/s, Avg: 140.4(+/-12.7)MB/s
[58.078s][debug][gc,director    ] Select GC Workers (Normal), AvoidLongGCWorkers: 0.004, AvoidOOMGCWorkers: 0.004, LastGCWorkers: 1.000, GCWorkers: 0.004
[58.078s][debug][gc,director    ] Rule: Allocation Rate (Dynamic GC Workers), MaxAllocRate: 182.1MB/s (+/-9.0%), Free: 1752MB, GCCPUTime: 0.042, GCDuration: 0.042s, TimeUntilOOM: 8.824s, TimeUntilGC: 8.683s, GCWorkers: 1 -> 1
[58.078s][debug][gc,director    ] Rule: High Usage, Free: 1752MB(85.5%)
[58.078s][debug][gc,director    ] Rule: Proactive, AcceptableGCInterval: 2.036s, TimeSinceLastGC: 1.768s, TimeUntilGC: 0.268s
[58.184s][debug][gc,alloc       ] Allocation Rate: 170.0MB/s, Predicted: 136.3MB/s, Avg: 143.4(+/-15.5)MB/s
[58.184s][debug][gc,director    ] Select GC Workers (Normal), AvoidLongGCWorkers: 0.004, AvoidOOMGCWorkers: 0.005, LastGCWorkers: 1.000, GCWorkers: 0.005
[58.184s][debug][gc,director    ] Rule: Allocation Rate (Dynamic GC Workers), MaxAllocRate: 194.3MB/s (+/-10.8%), Free: 1708MB, GCCPUTime: 0.042, GCDuration: 0.042s, TimeUntilOOM: 7.935s, TimeUntilGC: 7.793s, GCWorkers: 1 -> 1
[58.184s][debug][gc,director    ] Rule: High Usage, Free: 1708MB(83.4%)
[58.184s][debug][gc,director    ] Rule: Proactive, AcceptableGCInterval: 2.036s, TimeSinceLastGC: 1.874s, TimeUntilGC: 0.162s
[58.278s][debug][gc,alloc       ] Allocation Rate: 136.0MB/s, Predicted: 141.5MB/s, Avg: 139.6(+/-11.7)MB/s
[58.279s][debug][gc,director    ] Select GC Workers (Normal), AvoidLongGCWorkers: 0.004, AvoidOOMGCWorkers: 0.004, LastGCWorkers: 1.000, GCWorkers: 0.004
[58.279s][debug][gc,director    ] Rule: Allocation Rate (Dynamic GC Workers), MaxAllocRate: 179.9MB/s (+/-8.4%), Free: 1698MB, GCCPUTime: 0.042, GCDuration: 0.042s, TimeUntilOOM: 8.708s, TimeUntilGC: 8.566s, GCWorkers: 1 -> 1
[58.279s][debug][gc,director    ] Rule: High Usage, Free: 1698MB(82.9%)
[58.279s][debug][gc,director    ] Rule: Proactive, AcceptableGCInterval: 2.036s, TimeSinceLastGC: 1.969s, TimeUntilGC: 0.067s
[58.385s][debug][gc,alloc       ] Allocation Rate: 138.0MB/s, Predicted: 140.9MB/s, Avg: 139.4(+/-11.7)MB/s
[58.385s][debug][gc,director    ] Select GC Workers (Normal), AvoidLongGCWorkers: 0.004, AvoidOOMGCWorkers: 0.004, LastGCWorkers: 1.000, GCWorkers: 0.004
[58.385s][debug][gc,director    ] Rule: Allocation Rate (Dynamic GC Workers), MaxAllocRate: 179.4MB/s (+/-8.4%), Free: 1686MB, GCCPUTime: 0.042, GCDuration: 0.042s, TimeUntilOOM: 8.669s, TimeUntilGC: 8.528s, GCWorkers: 1 -> 1
[58.385s][debug][gc,director    ] Rule: High Usage, Free: 1686MB(82.3%)
[58.385s][debug][gc,director    ] Rule: Proactive, AcceptableGCInterval: 2.036s, TimeSinceLastGC: 2.075s, TimeUntilGC: -0.039s
[58.386s][debug][gc,heap        ] GC(22) Heap before GC invocations=22 (full 22):
[58.386s][debug][gc,heap        ] GC(22)  ZHeap           used 328M, capacity 686M, max capacity 2048M
[58.386s][debug][gc,heap        ] GC(22)  Metaspace       used 9055K, committed 9408K, reserved 1114112K
[58.386s][debug][gc,heap        ] GC(22)   class space    used 936K, committed 1088K, reserved 1048576K
[58.386s][info ][gc,start       ] GC(22) Garbage Collection (Proactive)
[58.386s][info ][gc,task        ] GC(22) Using 1 workers
[58.386s][debug][gc,phases,start] GC(22) Pause Mark Start
[58.386s][debug][gc,marking     ] GC(22) Using 1 mark stripes
[58.386s][debug][gc,marking     ] GC(22) Mark Worker/Stripe Distribution
[58.386s][debug][gc,marking     ] GC(22)   Worker 0(1) -> Stripe 0(1)
[58.386s][info ][gc,phases      ] GC(22) Pause Mark Start 0.147ms
[58.386s][debug][gc,phases,start] GC(22) Concurrent Mark
[58.386s][debug][gc,task        ] GC(22) Executing Task: ZMarkRootsTask, Active Workers: 1
[58.390s][debug][gc,tlab        ] GC(22) TLAB totals: thrds: 4  refills: 896 max: 893 slow allocs: 59 max 59 waste:  0.8% gc: 643144B max: 261056B slow: 1199920B max: 1199920B
[58.390s][debug][gc,task        ] GC(22) Executing Task: ZMarkTask, Active Workers: 1
[58.406s][info ][gc,phases      ] GC(22) Concurrent Mark 20.192ms
[58.406s][debug][gc,phases,start] GC(22) Pause Mark End
[58.406s][info ][gc,phases      ] GC(22) Pause Mark End 0.029ms
[58.406s][debug][gc,phases,start] GC(22) Concurrent Mark Free
[58.406s][info ][gc,phases      ] GC(22) Concurrent Mark Free 0.014ms
[58.406s][debug][gc,phases,start] GC(22) Concurrent Process Non-Strong References
[58.407s][debug][gc,phases,start] GC(22) Concurrent References Process
[58.407s][debug][gc,task        ] GC(22) Executing Task: ZReferenceProcessorTask, Active Workers: 1
[58.407s][debug][gc,phases      ] GC(22) Concurrent References Process 0.084ms
[58.407s][debug][gc,task        ] GC(22) Executing Task: ZProcessWeakRootsTask, Active Workers: 1
[58.407s][debug][gc,phases,start] GC(22) Concurrent Classes Unlink
[58.407s][debug][gc,phases,start] GC(22) ClassLoaderData
[58.407s][debug][gc,phases      ] GC(22) ClassLoaderData 0.041ms
[58.407s][debug][gc,phases,start] GC(22) Trigger cleanups
[58.407s][debug][gc,phases      ] GC(22) Trigger cleanups 0.010ms
[58.407s][debug][gc,task        ] GC(22) Executing Task: ZNMethodUnlinkTask, Active Workers: 1
[58.412s][debug][gc,phases      ] GC(22) Concurrent Classes Unlink 4.807ms
[58.412s][debug][gc,phases,start] GC(22) Concurrent Classes Purge
[58.412s][debug][gc,task        ] GC(22) Executing Task: ZNMethodPurgeTask, Active Workers: 1
[58.412s][debug][gc,phases      ] GC(22) Concurrent Classes Purge 0.166ms
[58.412s][debug][gc,phases,start] GC(22) Concurrent References Enqueue
[58.412s][debug][gc,phases      ] GC(22) Concurrent References Enqueue 0.012ms
[58.412s][info ][gc,phases      ] GC(22) Concurrent Process Non-Strong References 5.796ms
[58.412s][debug][gc,phases,start] GC(22) Concurrent Reset Relocation Set
[58.412s][info ][gc,phases      ] GC(22) Concurrent Reset Relocation Set 0.019ms
[58.412s][debug][gc,phases,start] GC(22) Concurrent Select Relocation Set
[58.414s][debug][gc,task        ] GC(22) Executing Task: ZRelocationSetInstallTask, Active Workers: 1
[58.414s][info ][gc,phases      ] GC(22) Concurrent Select Relocation Set 1.928ms
[58.414s][debug][gc,phases,start] GC(22) Pause Relocate Start
[58.414s][info ][gc,phases      ] GC(22) Pause Relocate Start 0.024ms
[58.414s][debug][gc,phases,start] GC(22) Concurrent Relocate
[58.414s][debug][gc,task        ] GC(22) Executing Task: ZRelocateTask, Active Workers: 1
[58.416s][info ][gc,phases      ] GC(22) Concurrent Relocate 1.732ms
[58.416s][debug][gc,heap        ] GC(22) Heap after GC invocations=23 (full 23):
[58.416s][debug][gc,heap        ] GC(22)  ZHeap           used 6M, capacity 686M, max capacity 2048M
[58.416s][debug][gc,heap        ] GC(22)  Metaspace       used 9055K, committed 9408K, reserved 1114112K
[58.416s][debug][gc,heap        ] GC(22)   class space    used 936K, committed 1088K, reserved 1048576K
[58.416s][info ][gc,load        ] GC(22) Load: 3.54/3.19/2.74
[58.416s][info ][gc,mmu         ] GC(22) MMU: 2ms/86.2%, 5ms/94.5%, 10ms/97.2%, 20ms/98.6%, 50ms/99.2%, 100ms/99.5%
[58.416s][info ][gc,marking     ] GC(22) Mark: 1 stripe(s), 2 proactive flush(es), 1 terminate flush(es), 0 completion(s), 0 continuation(s) 
[58.416s][info ][gc,marking     ] GC(22) Mark Stack Usage: 32M
[58.416s][info ][gc,nmethod     ] GC(22) NMethods: 2865 registered, 0 unregistered
[58.416s][info ][gc,metaspace   ] GC(22) Metaspace: 8M used, 9M committed, 1088M reserved
[58.416s][info ][gc,ref         ] GC(22) Soft: 742 encountered, 0 discovered, 0 enqueued
[58.416s][info ][gc,ref         ] GC(22) Weak: 1293 encountered, 612 discovered, 0 enqueued
[58.416s][info ][gc,ref         ] GC(22) Final: 0 encountered, 0 discovered, 0 enqueued
[58.416s][info ][gc,ref         ] GC(22) Phantom: 15 encountered, 9 discovered, 0 enqueued
[58.416s][info ][gc,reloc       ] GC(22) Small Pages: 116 / 232M, Empty: 224M, Relocated: 1M, In-Place: 0
[58.416s][info ][gc,reloc       ] GC(22) Medium Pages: 3 / 96M, Empty: 96M, Relocated: 0M, In-Place: 0
[58.416s][info ][gc,reloc       ] GC(22) Large Pages: 0 / 0M, Empty: 0M, Relocated: 0M, In-Place: 0
[58.416s][info ][gc,reloc       ] GC(22) Forwarding Usage: 0M
[58.416s][info ][gc,heap        ] GC(22) Min Capacity: 8M(0%)
[58.416s][info ][gc,heap        ] GC(22) Max Capacity: 2048M(100%)
[58.416s][info ][gc,heap        ] GC(22) Soft Max Capacity: 2048M(100%)
[58.416s][info ][gc,heap        ] GC(22)                Mark Start          Mark End        Relocate Start      Relocate End           High               Low         
[58.416s][info ][gc,heap        ] GC(22)  Capacity:      686M (33%)         686M (33%)         686M (33%)         686M (33%)         686M (33%)         686M (33%)    
[58.416s][info ][gc,heap        ] GC(22)      Free:     1720M (84%)        1720M (84%)        2040M (100%)       2042M (100%)       2042M (100%)       1720M (84%)    
[58.416s][info ][gc,heap        ] GC(22)      Used:      328M (16%)         328M (16%)           8M (0%)            6M (0%)          328M (16%)           6M (0%)     
[58.416s][info ][gc,heap        ] GC(22)      Live:         -                 5M (0%)            5M (0%)            5M (0%)             -                  -          
[58.416s][info ][gc,heap        ] GC(22) Allocated:         -                 0M (0%)            0M (0%)            0M (0%)             -                  -          
[58.416s][info ][gc,heap        ] GC(22)   Garbage:         -               322M (16%)           2M (0%)            0M (0%)             -                  -          
[58.416s][info ][gc,heap        ] GC(22) Reclaimed:         -                  -               320M (16%)         322M (16%)            -                  -          
[58.416s][info ][gc             ] GC(22) Garbage Collection (Proactive) 328M(16%)->6M(0%)
[58.484s][debug][gc,alloc       ] Allocation Rate: 170.0MB/s, Predicted: 153.3MB/s, Avg: 142.4(+/-14.9)MB/s
[58.484s][debug][gc,director    ] Select GC Workers (Normal), AvoidLongGCWorkers: 0.003, AvoidOOMGCWorkers: 0.004, LastGCWorkers: 1.000, GCWorkers: 0.004
[58.484s][debug][gc,director    ] Rule: Allocation Rate (Dynamic GC Workers), MaxAllocRate: 202.3MB/s (+/-10.5%), Free: 1964MB, GCCPUTime: 0.037, GCDuration: 0.037s, TimeUntilOOM: 8.790s, TimeUntilGC: 8.653s, GCWorkers: 1 -> 1
[58.485s][debug][gc,director    ] Rule: High Usage, Free: 1964MB(95.9%)
[58.485s][debug][gc,director    ] Rule: Proactive, UsedUntilEnabled: 160MB, TimeUntilEnabled: 299.932s
[58.585s][debug][gc,alloc       ] Allocation Rate: 170.0MB/s, Predicted: 163.7MB/s, Avg: 145.4(+/-17.0)MB/s
[58.585s][debug][gc,director    ] Select GC Workers (Normal), AvoidLongGCWorkers: 0.003, AvoidOOMGCWorkers: 0.004, LastGCWorkers: 1.000, GCWorkers: 0.004
[58.585s][debug][gc,director    ] Rule: Allocation Rate (Dynamic GC Workers), MaxAllocRate: 219.6MB/s (+/-11.7%), Free: 1952MB, GCCPUTime: 0.037, GCDuration: 0.037s, TimeUntilOOM: 7.961s, TimeUntilGC: 7.823s, GCWorkers: 1 -> 1
[58.585s][debug][gc,director    ] Rule: High Usage, Free: 1952MB(95.3%)
[58.585s][debug][gc,director    ] Rule: Proactive, UsedUntilEnabled: 148MB, TimeUntilEnabled: 299.831s
[58.678s][debug][gc,alloc       ] Allocation Rate: 170.0MB/s, Predicted: 172.1MB/s, Avg: 148.4(+/-18.3)MB/s
[58.678s][debug][gc,director    ] Select GC Workers (Normal), AvoidLongGCWorkers: 0.003, AvoidOOMGCWorkers: 0.004, LastGCWorkers: 1.000, GCWorkers: 0.004
[58.678s][debug][gc,director    ] Rule: Allocation Rate (Dynamic GC Workers), MaxAllocRate: 232.5MB/s (+/-12.4%), Free: 1940MB, GCCPUTime: 0.037, GCDuration: 0.037s, TimeUntilOOM: 7.426s, TimeUntilGC: 7.288s, GCWorkers: 1 -> 1
[58.678s][debug][gc,director    ] Rule: High Usage, Free: 1940MB(94.7%)
[58.678s][debug][gc,director    ] Rule: Proactive, UsedUntilEnabled: 136MB, TimeUntilEnabled: 299.738s
[58.781s][debug][gc,alloc       ] Allocation Rate: 158.0MB/s, Predicted: 173.7MB/s, Avg: 150.2(+/-18.3)MB/s
[58.782s][debug][gc,director    ] Select GC Workers (Normal), AvoidLongGCWorkers: 0.003, AvoidOOMGCWorkers: 0.004, LastGCWorkers: 1.000, GCWorkers: 0.004
[58.782s][debug][gc,director    ] Rule: Allocation Rate (Dynamic GC Workers), MaxAllocRate: 234.0MB/s (+/-12.2%), Free: 1940MB, GCCPUTime: 0.037, GCDuration: 0.037s, TimeUntilOOM: 7.389s, TimeUntilGC: 7.252s, GCWorkers: 1 -> 1
[58.782s][debug][gc,director    ] Rule: High Usage, Free: 1940MB(94.7%)
[58.782s][debug][gc,director    ] Rule: Proactive, UsedUntilEnabled: 136MB, TimeUntilEnabled: 299.634s
[58.882s][debug][gc,alloc       ] Allocation Rate: 158.0MB/s, Predicted: 174.1MB/s, Avg: 152.0(+/-18.1)MB/s
[58.883s][debug][gc,director    ] Select GC Workers (Normal), AvoidLongGCWorkers: 0.003, AvoidOOMGCWorkers: 0.004, LastGCWorkers: 1.000, GCWorkers: 0.004
[58.883s][debug][gc,director    ] Rule: Allocation Rate (Dynamic GC Workers), MaxAllocRate: 233.7MB/s (+/-11.9%), Free: 1928MB, GCCPUTime: 0.037, GCDuration: 0.037s, TimeUntilOOM: 7.371s, TimeUntilGC: 7.233s, GCWorkers: 1 -> 1
[58.883s][debug][gc,director    ] Rule: High Usage, Free: 1928MB(94.1%)
[58.883s][debug][gc,director    ] Rule: Proactive, UsedUntilEnabled: 124MB, TimeUntilEnabled: 299.533s
[58.980s][debug][gc,alloc       ] Allocation Rate: 172.0MB/s, Predicted: 174.7MB/s, Avg: 156.8(+/-16.3)MB/s
[58.980s][debug][gc,director    ] Select GC Workers (Normal), AvoidLongGCWorkers: 0.003, AvoidOOMGCWorkers: 0.004, LastGCWorkers: 1.000, GCWorkers: 0.004
[58.980s][debug][gc,director    ] Rule: Allocation Rate (Dynamic GC Workers), MaxAllocRate: 228.4MB/s (+/-10.4%), Free: 1914MB, GCCPUTime: 0.037, GCDuration: 0.037s, TimeUntilOOM: 7.590s, TimeUntilGC: 7.453s, GCWorkers: 1 -> 1
[58.980s][debug][gc,director    ] Rule: High Usage, Free: 1914MB(93.5%)
[58.980s][debug][gc,director    ] Rule: Proactive, UsedUntilEnabled: 110MB, TimeUntilEnabled: 299.436s
[59.083s][debug][gc,alloc       ] Allocation Rate: 172.0MB/s, Predicted: 172.5MB/s, Avg: 161.4(+/-13.2)MB/s
[59.083s][debug][gc,director    ] Select GC Workers (Normal), AvoidLongGCWorkers: 0.003, AvoidOOMGCWorkers: 0.004, LastGCWorkers: 1.000, GCWorkers: 0.004
[59.083s][debug][gc,director    ] Rule: Allocation Rate (Dynamic GC Workers), MaxAllocRate: 215.9MB/s (+/-8.2%), Free: 1902MB, GCCPUTime: 0.037, GCDuration: 0.037s, TimeUntilOOM: 8.145s, TimeUntilGC: 8.008s, GCWorkers: 1 -> 1
[59.083s][debug][gc,director    ] Rule: High Usage, Free: 1902MB(92.9%)
[59.083s][debug][gc,director    ] Rule: Proactive, UsedUntilEnabled: 98MB, TimeUntilEnabled: 299.333s
[59.184s][debug][gc,alloc       ] Allocation Rate: 140.0MB/s, Predicted: 166.3MB/s, Avg: 158.4(+/-14.2)MB/s
[59.185s][debug][gc,director    ] Select GC Workers (Normal), AvoidLongGCWorkers: 0.003, AvoidOOMGCWorkers: 0.004, LastGCWorkers: 1.000, GCWorkers: 0.004
[59.185s][debug][gc,director    ] Rule: Allocation Rate (Dynamic GC Workers), MaxAllocRate: 213.2MB/s (+/-9.0%), Free: 1890MB, GCCPUTime: 0.037, GCDuration: 0.037s, TimeUntilOOM: 8.135s, TimeUntilGC: 7.998s, GCWorkers: 1 -> 1
[59.185s][debug][gc,director    ] Rule: High Usage, Free: 1890MB(92.3%)
[59.185s][debug][gc,director    ] Rule: Proactive, UsedUntilEnabled: 86MB, TimeUntilEnabled: 299.231s
[59.285s][debug][gc,alloc       ] Allocation Rate: 142.0MB/s, Predicted: 153.7MB/s, Avg: 159.0(+/-13.4)MB/s
[59.285s][debug][gc,director    ] Select GC Workers (Normal), AvoidLongGCWorkers: 0.003, AvoidOOMGCWorkers: 0.004, LastGCWorkers: 1.000, GCWorkers: 0.004
[59.285s][debug][gc,director    ] Rule: Allocation Rate (Dynamic GC Workers), MaxAllocRate: 203.1MB/s (+/-8.4%), Free: 1878MB, GCCPUTime: 0.037, GCDuration: 0.037s, TimeUntilOOM: 8.529s, TimeUntilGC: 8.392s, GCWorkers: 1 -> 1
[59.285s][debug][gc,director    ] Rule: High Usage, Free: 1878MB(91.7%)
[59.285s][debug][gc,director    ] Rule: Proactive, UsedUntilEnabled: 74MB, TimeUntilEnabled: 299.131s
[59.381s][debug][gc,alloc       ] Allocation Rate: 172.0MB/s, Predicted: 153.3MB/s, Avg: 162.4(+/-11.9)MB/s
[59.381s][debug][gc,director    ] Select GC Workers (Normal), AvoidLongGCWorkers: 0.003, AvoidOOMGCWorkers: 0.004, LastGCWorkers: 1.000, GCWorkers: 0.004
[59.381s][debug][gc,director    ] Rule: Allocation Rate (Dynamic GC Workers), MaxAllocRate: 201.4MB/s (+/-7.3%), Free: 1836MB, GCCPUTime: 0.037, GCDuration: 0.037s, TimeUntilOOM: 8.495s, TimeUntilGC: 8.358s, GCWorkers: 1 -> 1
[59.381s][debug][gc,director    ] Rule: High Usage, Free: 1836MB(89.6%)
[59.382s][debug][gc,director    ] Rule: Proactive, UsedUntilEnabled: 32MB, TimeUntilEnabled: 299.035s
[59.482s][debug][gc,alloc       ] Allocation Rate: 140.0MB/s, Predicted: 146.4MB/s, Avg: 159.4(+/-13.3)MB/s
[59.482s][debug][gc,director    ] Select GC Workers (Normal), AvoidLongGCWorkers: 0.003, AvoidOOMGCWorkers: 0.004, LastGCWorkers: 1.000, GCWorkers: 0.004
[59.482s][debug][gc,director    ] Rule: Allocation Rate (Dynamic GC Workers), MaxAllocRate: 203.1MB/s (+/-8.3%), Free: 1824MB, GCCPUTime: 0.037, GCDuration: 0.037s, TimeUntilOOM: 8.292s, TimeUntilGC: 8.155s, GCWorkers: 1 -> 1
[59.482s][debug][gc,director    ] Rule: High Usage, Free: 1824MB(89.1%)
[59.482s][debug][gc,director    ] Rule: Proactive, UsedUntilEnabled: 20MB, TimeUntilEnabled: 298.934s
[59.584s][debug][gc,alloc       ] Allocation Rate: 128.0MB/s, Predicted: 136.7MB/s, Avg: 155.2(+/-15.7)MB/s
[59.584s][debug][gc,director    ] Select GC Workers (Normal), AvoidLongGCWorkers: 0.003, AvoidOOMGCWorkers: 0.004, LastGCWorkers: 1.000, GCWorkers: 0.004
[59.584s][debug][gc,director    ] Rule: Allocation Rate (Dynamic GC Workers), MaxAllocRate: 206.8MB/s (+/-10.1%), Free: 1824MB, GCCPUTime: 0.037, GCDuration: 0.037s, TimeUntilOOM: 8.012s, TimeUntilGC: 7.874s, GCWorkers: 1 -> 1
[59.584s][debug][gc,director    ] Rule: High Usage, Free: 1824MB(89.1%)
[59.584s][debug][gc,director    ] Rule: Proactive, UsedUntilEnabled: 20MB, TimeUntilEnabled: 298.832s
[59.684s][debug][gc,alloc       ] Allocation Rate: 128.0MB/s, Predicted: 129.7MB/s, Avg: 151.0(+/-16.7)MB/s
[59.685s][debug][gc,director    ] Select GC Workers (Normal), AvoidLongGCWorkers: 0.003, AvoidOOMGCWorkers: 0.004, LastGCWorkers: 1.000, GCWorkers: 0.004
[59.685s][debug][gc,director    ] Rule: Allocation Rate (Dynamic GC Workers), MaxAllocRate: 206.1MB/s (+/-11.1%), Free: 1812MB, GCCPUTime: 0.037, GCDuration: 0.037s, TimeUntilOOM: 7.915s, TimeUntilGC: 7.778s, GCWorkers: 1 -> 1
[59.685s][debug][gc,director    ] Rule: High Usage, Free: 1812MB(88.5%)
[59.685s][debug][gc,director    ] Rule: Proactive, UsedUntilEnabled: 8MB, TimeUntilEnabled: 298.731s
[59.785s][debug][gc,alloc       ] Allocation Rate: 140.0MB/s, Predicted: 127.2MB/s, Avg: 149.2(+/-16.9)MB/s
[59.785s][debug][gc,director    ] Select GC Workers (Normal), AvoidLongGCWorkers: 0.003, AvoidOOMGCWorkers: 0.004, LastGCWorkers: 1.000, GCWorkers: 0.004
[59.785s][debug][gc,director    ] Rule: Allocation Rate (Dynamic GC Workers), MaxAllocRate: 204.7MB/s (+/-11.3%), Free: 1800MB, GCCPUTime: 0.037, GCDuration: 0.037s, TimeUntilOOM: 7.902s, TimeUntilGC: 7.765s, GCWorkers: 1 -> 1
[59.785s][debug][gc,director    ] Rule: High Usage, Free: 1800MB(87.9%)
[59.785s][debug][gc,director    ] Rule: Proactive, AcceptableGCInterval: 1.827s, TimeSinceLastGC: 1.369s, TimeUntilGC: 0.457s
[59.884s][debug][gc,alloc       ] Allocation Rate: 140.0MB/s, Predicted: 125.9MB/s, Avg: 147.4(+/-16.8)MB/s
[59.884s][debug][gc,director    ] Select GC Workers (Normal), AvoidLongGCWorkers: 0.003, AvoidOOMGCWorkers: 0.004, LastGCWorkers: 1.000, GCWorkers: 0.004
[59.884s][debug][gc,director    ] Rule: Allocation Rate (Dynamic GC Workers), MaxAllocRate: 202.6MB/s (+/-11.4%), Free: 1788MB, GCCPUTime: 0.037, GCDuration: 0.037s, TimeUntilOOM: 7.922s, TimeUntilGC: 7.785s, GCWorkers: 1 -> 1
[59.884s][debug][gc,director    ] Rule: High Usage, Free: 1788MB(87.3%)
[59.884s][debug][gc,director    ] Rule: Proactive, AcceptableGCInterval: 1.827s, TimeSinceLastGC: 1.468s, TimeUntilGC: 0.359s
[59.980s][debug][gc,alloc       ] Allocation Rate: 138.0MB/s, Predicted: 128.7MB/s, Avg: 144.0(+/-14.8)MB/s
[59.980s][debug][gc,director    ] Select GC Workers (Normal), AvoidLongGCWorkers: 0.003, AvoidOOMGCWorkers: 0.004, LastGCWorkers: 1.000, GCWorkers: 0.004
[59.980s][debug][gc,director    ] Rule: Allocation Rate (Dynamic GC Workers), MaxAllocRate: 192.6MB/s (+/-10.3%), Free: 1776MB, GCCPUTime: 0.037, GCDuration: 0.037s, TimeUntilOOM: 8.362s, TimeUntilGC: 8.224s, GCWorkers: 1 -> 1
[59.980s][debug][gc,director    ] Rule: High Usage, Free: 1776MB(86.7%)
[59.980s][debug][gc,director    ] Rule: Proactive, AcceptableGCInterval: 1.827s, TimeSinceLastGC: 1.564s, TimeUntilGC: 0.262s
[59.982s][debug][gc,nmethod     ] Rebuilding NMethod Table: 4096->8192 entries, 2868(70%->35%) registered, 0(0%->0%) unregistered
[60.082s][debug][gc,alloc       ] Allocation Rate: 138.0MB/s, Predicted: 133.7MB/s, Avg: 140.6(+/-11.5)MB/s
[60.082s][debug][gc,director    ] Select GC Workers (Normal), AvoidLongGCWorkers: 0.003, AvoidOOMGCWorkers: 0.004, LastGCWorkers: 1.000, GCWorkers: 0.004
[60.082s][debug][gc,director    ] Rule: Allocation Rate (Dynamic GC Workers), MaxAllocRate: 178.4MB/s (+/-8.2%), Free: 1764MB, GCCPUTime: 0.037, GCDuration: 0.037s, TimeUntilOOM: 9.140s, TimeUntilGC: 9.003s, GCWorkers: 1 -> 1
[60.082s][debug][gc,director    ] Rule: High Usage, Free: 1764MB(86.1%)
[60.082s][debug][gc,director    ] Rule: Proactive, AcceptableGCInterval: 1.827s, TimeSinceLastGC: 1.666s, TimeUntilGC: 0.161s
[60.184s][debug][gc,alloc       ] Allocation Rate: 138.0MB/s, Predicted: 132.5MB/s, Avg: 140.4(+/-11.5)MB/s
[60.184s][info ][gc,stats       ] === Garbage Collection Statistics =======================================================================================================================
[60.184s][debug][gc,director    ] Select GC Workers (Normal), AvoidLongGCWorkers: 0.003, AvoidOOMGCWorkers: 0.004, LastGCWorkers: 1.000, GCWorkers: 0.004
[60.185s][info ][gc,stats       ]                                                              Last 10s              Last 10m              Last 10h                Total
[60.185s][debug][gc,director    ] Rule: Allocation Rate (Dynamic GC Workers), MaxAllocRate: 178.3MB/s (+/-8.2%), Free: 1752MB, GCCPUTime: 0.037, GCDuration: 0.037s, TimeUntilOOM: 9.081s, TimeUntilGC: 8.944s, GCWorkers: 1 -> 1
[60.185s][info ][gc,stats       ]                                                              Avg / Max             Avg / Max             Avg / Max             Avg / Max
[60.185s][debug][gc,director    ] Rule: High Usage, Free: 1752MB(85.5%)
[60.185s][info ][gc,stats       ]   Collector: Garbage Collection Cycle                     32.678 / 38.073       35.018 / 69.335       35.018 / 69.335       35.018 / 69.335      ms
[60.185s][debug][gc,director    ] Rule: Proactive, AcceptableGCInterval: 1.827s, TimeSinceLastGC: 1.769s, TimeUntilGC: 0.058s
[60.185s][info ][gc,stats       ]  Contention: Mark Segment Reset Contention                     0 / 0                 0 / 0                 0 / 0                 0 / 0           ops/s
[60.185s][info ][gc,stats       ]  Contention: Mark SeqNum Reset Contention                      0 / 0                 0 / 0                 0 / 0                 0 / 0           ops/s
[60.185s][info ][gc,stats       ]    Critical: Allocation Stall                                  0 / 0                 0 / 0                 0 / 0                 0 / 0           ops/s
[60.185s][info ][gc,stats       ]    Critical: Allocation Stall                              0.000 / 0.000         0.000 / 0.000         0.000 / 0.000         0.000 / 0.000       ms
[60.185s][info ][gc,stats       ]    Critical: GC Locker Stall                                   0 / 0                 0 / 0                 0 / 0                 0 / 0           ops/s
[60.185s][info ][gc,stats       ]    Critical: GC Locker Stall                               0.000 / 0.000         0.000 / 0.000         0.000 / 0.000         0.000 / 0.000       ms
[60.185s][info ][gc,stats       ]    Critical: Relocation Stall                                  0 / 0                 0 / 0                 0 / 0                 0 / 0           ops/s
[60.185s][info ][gc,stats       ]    Critical: Relocation Stall                              0.000 / 0.000         0.000 / 0.000         0.000 / 0.000         0.000 / 0.000       ms
[60.185s][info ][gc,stats       ]      Memory: Allocation Rate                                 144 / 172             121 / 178             121 / 178             121 / 178         MB/s
[60.185s][info ][gc,stats       ]      Memory: Defragment                                        0 / 0                 0 / 0                 0 / 0                 0 / 0           ops/s
[60.185s][info ][gc,stats       ]      Memory: Out Of Memory                                     0 / 0                 0 / 0                 0 / 0                 0 / 0           ops/s
[60.185s][info ][gc,stats       ]      Memory: Page Cache Flush                                  0 / 0                 0 / 0                 0 / 0                 0 / 0           MB/s
[60.185s][info ][gc,stats       ]      Memory: Page Cache Hit L1                                54 / 57               40 / 61               40 / 61               40 / 61          ops/s
[60.185s][info ][gc,stats       ]      Memory: Page Cache Hit L2                                 0 / 0                 0 / 0                 0 / 0                 0 / 0           ops/s
[60.185s][info ][gc,stats       ]      Memory: Page Cache Hit L3                                 0 / 0                 1 / 30                1 / 30                1 / 30          ops/s
[60.185s][info ][gc,stats       ]      Memory: Page Cache Miss                                   0 / 0                 3 / 45                3 / 45                3 / 45          ops/s
[60.185s][info ][gc,stats       ]      Memory: Uncommit                                          0 / 0                 0 / 0                 0 / 0                 0 / 0           MB/s
[60.186s][info ][gc,stats       ]      Memory: Undo Object Allocation Failed                     0 / 0                 0 / 0                 0 / 0                 0 / 0           ops/s
[60.186s][info ][gc,stats       ]      Memory: Undo Object Allocation Succeeded                  0 / 0                 0 / 0                 0 / 0                 0 / 0           ops/s
[60.186s][info ][gc,stats       ]      Memory: Undo Page Allocation                              0 / 0                 0 / 0                 0 / 0                 0 / 0           ops/s
[60.186s][info ][gc,stats       ]       Phase: Concurrent Mark                              20.803 / 22.628       22.268 / 43.395       22.268 / 43.395       22.268 / 43.395      ms
[60.186s][info ][gc,stats       ]       Phase: Concurrent Mark Continue                      0.000 / 0.000         0.000 / 0.000         0.000 / 0.000         0.000 / 0.000       ms
[60.186s][info ][gc,stats       ]       Phase: Concurrent Mark Free                          0.029 / 0.043         0.028 / 0.061         0.028 / 0.061         0.028 / 0.061       ms
[60.186s][info ][gc,stats       ]       Phase: Concurrent Process Non-Strong References      6.474 / 8.329         6.263 / 12.475        6.263 / 12.475        6.263 / 12.475      ms
[60.186s][info ][gc,stats       ]       Phase: Concurrent Relocate                           2.138 / 3.557         2.301 / 9.002         2.301 / 9.002         2.301 / 9.002       ms
[60.186s][info ][gc,stats       ]       Phase: Concurrent Reset Relocation Set               0.015 / 0.019         0.018 / 0.078         0.018 / 0.078         0.018 / 0.078       ms
[60.186s][info ][gc,stats       ]       Phase: Concurrent Select Relocation Set              2.124 / 2.565         2.837 / 16.802        2.837 / 16.802        2.837 / 16.802      ms
[60.186s][info ][gc,stats       ]       Phase: Pause Mark End                                0.043 / 0.057         0.048 / 0.198         0.048 / 0.198         0.048 / 0.198       ms
[60.186s][info ][gc,stats       ]       Phase: Pause Mark Start                              0.156 / 0.233         0.176 / 0.276         0.176 / 0.276         0.176 / 0.276       ms
[60.186s][info ][gc,stats       ]       Phase: Pause Relocate Start                          0.037 / 0.063         0.037 / 0.063         0.037 / 0.063         0.037 / 0.063       ms
[60.186s][info ][gc,stats       ]    Subphase: Concurrent Classes Purge                      0.221 / 0.246         0.221 / 0.423         0.221 / 0.423         0.221 / 0.423       ms
[60.186s][info ][gc,stats       ]    Subphase: Concurrent Classes Unlink                     5.265 / 6.985         4.970 / 9.434         4.970 / 9.434         4.970 / 9.434       ms
[60.186s][info ][gc,stats       ]    Subphase: Concurrent Mark                              17.573 / 20.077       18.442 / 37.349       18.442 / 37.349       18.442 / 37.349      ms
[60.186s][info ][gc,stats       ]    Subphase: Concurrent Mark Try Flush                     0.070 / 0.136         0.086 / 1.189         0.086 / 1.189         0.086 / 1.189       ms
[60.186s][info ][gc,stats       ]    Subphase: Concurrent Mark Try Terminate                 0.035 / 0.099         0.026 / 0.129         0.026 / 0.129         0.026 / 0.129       ms
[60.186s][info ][gc,stats       ]    Subphase: Concurrent References Enqueue                 0.015 / 0.018         0.022 / 0.128         0.022 / 0.128         0.022 / 0.128       ms
[60.186s][info ][gc,stats       ]    Subphase: Concurrent References Process                 0.105 / 0.133         0.119 / 0.276         0.119 / 0.276         0.119 / 0.276       ms
[60.186s][info ][gc,stats       ]    Subphase: Concurrent Roots ClassLoaderDataGraph         0.412 / 0.493         0.459 / 0.812         0.459 / 0.812         0.459 / 0.812       ms
[60.186s][info ][gc,stats       ]    Subphase: Concurrent Roots CodeCache                    0.000 / 0.000         0.000 / 0.000         0.000 / 0.000         0.000 / 0.000       ms
[60.186s][info ][gc,stats       ]    Subphase: Concurrent Roots JavaThreads                  2.503 / 3.067         2.931 / 3.818         2.931 / 3.818         2.931 / 3.818       ms
[60.186s][info ][gc,stats       ]    Subphase: Concurrent Roots OopStorageSet                0.048 / 0.058         0.070 / 0.167         0.070 / 0.167         0.070 / 0.167       ms
[60.186s][info ][gc,stats       ]    Subphase: Concurrent Weak Roots OopStorageSet           0.630 / 0.758         0.670 / 1.494         0.670 / 1.494         0.670 / 1.494       ms
[60.186s][info ][gc,stats       ]    Subphase: Pause Mark Try Complete                       0.000 / 0.000         0.046 / 0.046         0.046 / 0.046         0.046 / 0.046       ms
[60.186s][info ][gc,stats       ]      System: Java Threads                                     20 / 20               20 / 20               20 / 20               20 / 20          threads
[60.186s][info ][gc,stats       ] =========================================================================================================================================================
[60.279s][debug][gc,alloc       ] Allocation Rate: 170.0MB/s, Predicted: 144.8MB/s, Avg: 143.2(+/-14.6)MB/s
[60.279s][debug][gc,director    ] Select GC Workers (Normal), AvoidLongGCWorkers: 0.003, AvoidOOMGCWorkers: 0.004, LastGCWorkers: 1.000, GCWorkers: 0.004
[60.279s][debug][gc,director    ] Rule: Allocation Rate (Dynamic GC Workers), MaxAllocRate: 192.7MB/s (+/-10.2%), Free: 1708MB, GCCPUTime: 0.037, GCDuration: 0.037s, TimeUntilOOM: 8.044s, TimeUntilGC: 7.907s, GCWorkers: 1 -> 1
[60.279s][debug][gc,director    ] Rule: High Usage, Free: 1708MB(83.4%)
[60.279s][debug][gc,director    ] Rule: Proactive, AcceptableGCInterval: 1.827s, TimeSinceLastGC: 1.863s, TimeUntilGC: -0.036s
[60.279s][debug][gc,heap        ] GC(23) Heap before GC invocations=23 (full 23):
[60.279s][debug][gc,heap        ] GC(23)  ZHeap           used 306M, capacity 686M, max capacity 2048M
[60.279s][debug][gc,heap        ] GC(23)  Metaspace       used 9070K, committed 9408K, reserved 1114112K
[60.279s][debug][gc,heap        ] GC(23)   class space    used 936K, committed 1088K, reserved 1048576K
[60.279s][info ][gc,start       ] GC(23) Garbage Collection (Proactive)
[60.279s][info ][gc,task        ] GC(23) Using 1 workers
[60.279s][debug][gc,phases,start] GC(23) Pause Mark Start
[60.279s][debug][gc,marking     ] GC(23) Using 1 mark stripes
[60.279s][debug][gc,marking     ] GC(23) Mark Worker/Stripe Distribution
[60.279s][debug][gc,marking     ] GC(23)   Worker 0(1) -> Stripe 0(1)
[60.280s][info ][gc,phases      ] GC(23) Pause Mark Start 0.151ms
[60.280s][debug][gc,phases,start] GC(23) Concurrent Mark
[60.280s][debug][gc,task        ] GC(23) Executing Task: ZMarkRootsTask, Active Workers: 1
[60.283s][debug][gc,tlab        ] GC(23) TLAB totals: thrds: 5  refills: 803 max: 799 slow allocs: 53 max 53 waste:  0.9% gc: 910688B max: 262032B slow: 1062608B max: 1062608B
[60.283s][debug][gc,task        ] GC(23) Executing Task: ZMarkTask, Active Workers: 1
[60.300s][info ][gc,phases      ] GC(23) Concurrent Mark 20.462ms
[60.300s][debug][gc,phases,start] GC(23) Pause Mark End
[60.300s][info ][gc,phases      ] GC(23) Pause Mark End 0.055ms
[60.300s][debug][gc,phases,start] GC(23) Concurrent Mark Free
[60.300s][info ][gc,phases      ] GC(23) Concurrent Mark Free 0.016ms
[60.300s][debug][gc,phases,start] GC(23) Concurrent Process Non-Strong References
[60.300s][debug][gc,phases,start] GC(23) Concurrent References Process
[60.300s][debug][gc,task        ] GC(23) Executing Task: ZReferenceProcessorTask, Active Workers: 1
[60.301s][debug][gc,phases      ] GC(23) Concurrent References Process 0.088ms
[60.301s][debug][gc,task        ] GC(23) Executing Task: ZProcessWeakRootsTask, Active Workers: 1
[60.301s][debug][gc,phases,start] GC(23) Concurrent Classes Unlink
[60.301s][debug][gc,phases,start] GC(23) ClassLoaderData
[60.301s][debug][gc,phases      ] GC(23) ClassLoaderData 0.043ms
[60.301s][debug][gc,phases,start] GC(23) Trigger cleanups
[60.301s][debug][gc,phases      ] GC(23) Trigger cleanups 0.010ms
[60.301s][debug][gc,task        ] GC(23) Executing Task: ZNMethodUnlinkTask, Active Workers: 1
[60.306s][debug][gc,phases      ] GC(23) Concurrent Classes Unlink 4.859ms
[60.306s][debug][gc,phases,start] GC(23) Concurrent Classes Purge
[60.306s][debug][gc,task        ] GC(23) Executing Task: ZNMethodPurgeTask, Active Workers: 1
[60.306s][debug][gc,phases      ] GC(23) Concurrent Classes Purge 0.264ms
[60.306s][debug][gc,phases,start] GC(23) Concurrent References Enqueue
[60.306s][debug][gc,phases      ] GC(23) Concurrent References Enqueue 0.022ms
[60.306s][info ][gc,phases      ] GC(23) Concurrent Process Non-Strong References 5.996ms
[60.306s][debug][gc,phases,start] GC(23) Concurrent Reset Relocation Set
[60.306s][info ][gc,phases      ] GC(23) Concurrent Reset Relocation Set 0.017ms
[60.306s][debug][gc,phases,start] GC(23) Concurrent Select Relocation Set
[60.308s][debug][gc,task        ] GC(23) Executing Task: ZRelocationSetInstallTask, Active Workers: 1
[60.308s][info ][gc,phases      ] GC(23) Concurrent Select Relocation Set 1.898ms
[60.308s][debug][gc,phases,start] GC(23) Pause Relocate Start
[60.308s][info ][gc,phases      ] GC(23) Pause Relocate Start 0.024ms
[60.308s][debug][gc,phases,start] GC(23) Concurrent Relocate
[60.309s][debug][gc,task        ] GC(23) Executing Task: ZRelocateTask, Active Workers: 1
[60.310s][info ][gc,phases      ] GC(23) Concurrent Relocate 1.767ms
[60.310s][debug][gc,heap        ] GC(23) Heap after GC invocations=24 (full 24):
[60.310s][debug][gc,heap        ] GC(23)  ZHeap           used 6M, capacity 686M, max capacity 2048M
[60.310s][debug][gc,heap        ] GC(23)  Metaspace       used 9070K, committed 9408K, reserved 1114112K
[60.310s][debug][gc,heap        ] GC(23)   class space    used 936K, committed 1088K, reserved 1048576K
[60.310s][info ][gc,load        ] GC(23) Load: 3.54/3.19/2.74
[60.310s][info ][gc,mmu         ] GC(23) MMU: 2ms/86.2%, 5ms/94.5%, 10ms/97.2%, 20ms/98.6%, 50ms/99.2%, 100ms/99.5%
[60.310s][info ][gc,marking     ] GC(23) Mark: 1 stripe(s), 2 proactive flush(es), 1 terminate flush(es), 0 completion(s), 0 continuation(s) 
[60.310s][info ][gc,marking     ] GC(23) Mark Stack Usage: 32M
[60.310s][info ][gc,nmethod     ] GC(23) NMethods: 2875 registered, 0 unregistered
[60.310s][info ][gc,metaspace   ] GC(23) Metaspace: 8M used, 9M committed, 1088M reserved
[60.310s][info ][gc,ref         ] GC(23) Soft: 742 encountered, 0 discovered, 0 enqueued
[60.310s][info ][gc,ref         ] GC(23) Weak: 1293 encountered, 612 discovered, 0 enqueued
[60.310s][info ][gc,ref         ] GC(23) Final: 0 encountered, 0 discovered, 0 enqueued
[60.310s][info ][gc,ref         ] GC(23) Phantom: 15 encountered, 9 discovered, 0 enqueued
[60.310s][info ][gc,reloc       ] GC(23) Small Pages: 105 / 210M, Empty: 200M, Relocated: 1M, In-Place: 0
[60.310s][info ][gc,reloc       ] GC(23) Medium Pages: 3 / 96M, Empty: 96M, Relocated: 0M, In-Place: 0
[60.310s][info ][gc,reloc       ] GC(23) Large Pages: 0 / 0M, Empty: 0M, Relocated: 0M, In-Place: 0
[60.310s][info ][gc,reloc       ] GC(23) Forwarding Usage: 0M
[60.311s][info ][gc,heap        ] GC(23) Min Capacity: 8M(0%)
[60.311s][info ][gc,heap        ] GC(23) Max Capacity: 2048M(100%)
[60.311s][info ][gc,heap        ] GC(23) Soft Max Capacity: 2048M(100%)
[60.311s][info ][gc,heap        ] GC(23)                Mark Start          Mark End        Relocate Start      Relocate End           High               Low         
[60.311s][info ][gc,heap        ] GC(23)  Capacity:      686M (33%)         686M (33%)         686M (33%)         686M (33%)         686M (33%)         686M (33%)    
[60.311s][info ][gc,heap        ] GC(23)      Free:     1742M (85%)        1742M (85%)        2038M (100%)       2042M (100%)       2042M (100%)       1742M (85%)    
[60.311s][info ][gc,heap        ] GC(23)      Used:      306M (15%)         306M (15%)          10M (0%)            6M (0%)          306M (15%)           6M (0%)     
[60.311s][info ][gc,heap        ] GC(23)      Live:         -                 5M (0%)            5M (0%)            5M (0%)             -                  -          
[60.311s][info ][gc,heap        ] GC(23) Allocated:         -                 0M (0%)            0M (0%)            0M (0%)             -                  -          
[60.311s][info ][gc,heap        ] GC(23)   Garbage:         -               300M (15%)           4M (0%)            0M (0%)             -                  -          
[60.311s][info ][gc,heap        ] GC(23) Reclaimed:         -                  -               296M (14%)         300M (15%)            -                  -          
[60.311s][info ][gc             ] GC(23) Garbage Collection (Proactive) 306M(15%)->6M(0%)
[60.378s][debug][gc,alloc       ] Allocation Rate: 166.0MB/s, Predicted: 161.6MB/s, Avg: 142.6(+/-13.4)MB/s
[60.378s][debug][gc,director    ] Select GC Workers (Normal), AvoidLongGCWorkers: 0.003, AvoidOOMGCWorkers: 0.003, LastGCWorkers: 1.000, GCWorkers: 0.003
[60.378s][debug][gc,director    ] Rule: Allocation Rate (Dynamic GC Workers), MaxAllocRate: 205.8MB/s (+/-9.4%), Free: 1970MB, GCCPUTime: 0.035, GCDuration: 0.035s, TimeUntilOOM: 8.745s, TimeUntilGC: 8.611s, GCWorkers: 1 -> 1
[60.378s][debug][gc,director    ] Rule: High Usage, Free: 1970MB(96.2%)
[60.378s][debug][gc,director    ] Rule: Proactive, UsedUntilEnabled: 166MB, TimeUntilEnabled: 299.932s
[60.484s][debug][gc,alloc       ] Allocation Rate: 160.0MB/s, Predicted: 167.9MB/s, Avg: 144.6(+/-14.4)MB/s
[60.485s][debug][gc,director    ] Select GC Workers (Normal), AvoidLongGCWorkers: 0.003, AvoidOOMGCWorkers: 0.004, LastGCWorkers: 1.000, GCWorkers: 0.004
[60.485s][debug][gc,director    ] Rule: Allocation Rate (Dynamic GC Workers), MaxAllocRate: 215.1MB/s (+/-9.9%), Free: 1964MB, GCCPUTime: 0.035, GCDuration: 0.035s, TimeUntilOOM: 8.304s, TimeUntilGC: 8.169s, GCWorkers: 1 -> 1
[60.485s][debug][gc,director    ] Rule: High Usage, Free: 1964MB(95.9%)
[60.485s][debug][gc,director    ] Rule: Proactive, UsedUntilEnabled: 160MB, TimeUntilEnabled: 299.826s
[60.583s][debug][gc,alloc       ] Allocation Rate: 172.0MB/s, Predicted: 174.4MB/s, Avg: 149.0(+/-15.3)MB/s
[60.583s][debug][gc,director    ] Select GC Workers (Normal), AvoidLongGCWorkers: 0.003, AvoidOOMGCWorkers: 0.004, LastGCWorkers: 1.000, GCWorkers: 0.004
[60.583s][debug][gc,director    ] Rule: Allocation Rate (Dynamic GC Workers), MaxAllocRate: 224.8MB/s (+/-10.3%), Free: 1952MB, GCCPUTime: 0.035, GCDuration: 0.035s, TimeUntilOOM: 7.874s, TimeUntilGC: 7.739s, GCWorkers: 1 -> 1
[60.583s][debug][gc,director    ] Rule: High Usage, Free: 1952MB(95.3%)
[60.583s][debug][gc,director    ] Rule: Proactive, UsedUntilEnabled: 148MB, TimeUntilEnabled: 299.727s
[60.684s][debug][gc,alloc       ] Allocation Rate: 172.0MB/s, Predicted: 178.0MB/s, Avg: 153.4(+/-15.0)MB/s
[60.685s][debug][gc,director    ] Select GC Workers (Normal), AvoidLongGCWorkers: 0.003, AvoidOOMGCWorkers: 0.004, LastGCWorkers: 1.000, GCWorkers: 0.004
[60.685s][debug][gc,director    ] Rule: Allocation Rate (Dynamic GC Workers), MaxAllocRate: 227.3MB/s (+/-9.8%), Free: 1940MB, GCCPUTime: 0.035, GCDuration: 0.035s, TimeUntilOOM: 7.778s, TimeUntilGC: 7.643s, GCWorkers: 1 -> 1
[60.685s][debug][gc,director    ] Rule: High Usage, Free: 1940MB(94.7%)
[60.685s][debug][gc,director    ] Rule: Proactive, UsedUntilEnabled: 136MB, TimeUntilEnabled: 299.626s
[60.785s][debug][gc,alloc       ] Allocation Rate: 172.0MB/s, Predicted: 181.9MB/s, Avg: 156.6(+/-15.2)MB/s
[60.785s][debug][gc,director    ] Select GC Workers (Normal), AvoidLongGCWorkers: 0.003, AvoidOOMGCWorkers: 0.004, LastGCWorkers: 1.000, GCWorkers: 0.004
[60.785s][debug][gc,director    ] Rule: Allocation Rate (Dynamic GC Workers), MaxAllocRate: 231.8MB/s (+/-9.7%), Free: 1928MB, GCCPUTime: 0.035, GCDuration: 0.035s, TimeUntilOOM: 7.582s, TimeUntilGC: 7.447s, GCWorkers: 1 -> 1
[60.785s][debug][gc,director    ] Rule: High Usage, Free: 1928MB(94.1%)
[60.785s][debug][gc,director    ] Rule: Proactive, UsedUntilEnabled: 124MB, TimeUntilEnabled: 299.525s
[60.879s][debug][gc,alloc       ] Allocation Rate: 172.0MB/s, Predicted: 183.6MB/s, Avg: 159.8(+/-14.7)MB/s
[60.879s][debug][gc,director    ] Select GC Workers (Normal), AvoidLongGCWorkers: 0.003, AvoidOOMGCWorkers: 0.004, LastGCWorkers: 1.000, GCWorkers: 0.004
[60.879s][debug][gc,director    ] Rule: Allocation Rate (Dynamic GC Workers), MaxAllocRate: 232.0MB/s (+/-9.2%), Free: 1916MB, GCCPUTime: 0.035, GCDuration: 0.035s, TimeUntilOOM: 7.562s, TimeUntilGC: 7.428s, GCWorkers: 1 -> 1
[60.879s][debug][gc,director    ] Rule: High Usage, Free: 1916MB(93.6%)
[60.880s][debug][gc,director    ] Rule: Proactive, UsedUntilEnabled: 112MB, TimeUntilEnabled: 299.431s
[60.984s][debug][gc,alloc       ] Allocation Rate: 172.0MB/s, Predicted: 182.7MB/s, Avg: 163.2(+/-13.1)MB/s
[60.984s][debug][gc,director    ] Select GC Workers (Normal), AvoidLongGCWorkers: 0.003, AvoidOOMGCWorkers: 0.004, LastGCWorkers: 1.000, GCWorkers: 0.004
[60.984s][debug][gc,director    ] Rule: Allocation Rate (Dynamic GC Workers), MaxAllocRate: 225.8MB/s (+/-8.0%), Free: 1904MB, GCCPUTime: 0.035, GCDuration: 0.035s, TimeUntilOOM: 7.803s, TimeUntilGC: 7.669s, GCWorkers: 1 -> 1
[60.984s][debug][gc,director    ] Rule: High Usage, Free: 1904MB(93.0%)
[60.984s][debug][gc,director    ] Rule: Proactive, UsedUntilEnabled: 100MB, TimeUntilEnabled: 299.326s
[61.080s][debug][gc,alloc       ] Allocation Rate: 174.0MB/s, Predicted: 180.3MB/s, Avg: 166.8(+/-10.4)MB/s
[61.080s][debug][gc,director    ] Select GC Workers (Normal), AvoidLongGCWorkers: 0.003, AvoidOOMGCWorkers: 0.004, LastGCWorkers: 1.000, GCWorkers: 0.004
[61.080s][debug][gc,director    ] Rule: Allocation Rate (Dynamic GC Workers), MaxAllocRate: 214.4MB/s (+/-6.2%), Free: 1890MB, GCCPUTime: 0.035, GCDuration: 0.035s, TimeUntilOOM: 8.301s, TimeUntilGC: 8.167s, GCWorkers: 1 -> 1
[61.080s][debug][gc,director    ] Rule: High Usage, Free: 1890MB(92.3%)
[61.080s][debug][gc,director    ] Rule: Proactive, UsedUntilEnabled: 86MB, TimeUntilEnabled: 299.230s
[61.178s][debug][gc,alloc       ] Allocation Rate: 172.0MB/s, Predicted: 174.7MB/s, Avg: 170.2(+/-3.9)MB/s
[61.178s][debug][gc,director    ] Select GC Workers (Normal), AvoidLongGCWorkers: 0.003, AvoidOOMGCWorkers: 0.003, LastGCWorkers: 1.000, GCWorkers: 0.003
[61.178s][debug][gc,director    ] Rule: Allocation Rate (Dynamic GC Workers), MaxAllocRate: 187.6MB/s (+/-2.3%), Free: 1880MB, GCCPUTime: 0.035, GCDuration: 0.035s, TimeUntilOOM: 9.792s, TimeUntilGC: 9.657s, GCWorkers: 1 -> 1
[61.178s][debug][gc,director    ] Rule: High Usage, Free: 1880MB(91.8%)
[61.178s][debug][gc,director    ] Rule: Proactive, UsedUntilEnabled: 76MB, TimeUntilEnabled: 299.132s
[61.285s][debug][gc,alloc       ] Allocation Rate: 130.0MB/s, Predicted: 158.5MB/s, Avg: 166.2(+/-12.7)MB/s
[61.285s][debug][gc,director    ] Select GC Workers (Normal), AvoidLongGCWorkers: 0.003, AvoidOOMGCWorkers: 0.004, LastGCWorkers: 1.000, GCWorkers: 0.004
[61.285s][debug][gc,director    ] Rule: Allocation Rate (Dynamic GC Workers), MaxAllocRate: 208.0MB/s (+/-7.6%), Free: 1878MB, GCCPUTime: 0.035, GCDuration: 0.035s, TimeUntilOOM: 8.389s, TimeUntilGC: 8.255s, GCWorkers: 1 -> 1
[61.285s][debug][gc,director    ] Rule: High Usage, Free: 1878MB(91.7%)
[61.285s][debug][gc,director    ] Rule: Proactive, UsedUntilEnabled: 74MB, TimeUntilEnabled: 299.025s
[61.384s][debug][gc,alloc       ] Allocation Rate: 134.0MB/s, Predicted: 145.6MB/s, Avg: 163.0(+/-16.0)MB/s
[61.384s][debug][gc,director    ] Select GC Workers (Normal), AvoidLongGCWorkers: 0.003, AvoidOOMGCWorkers: 0.004, LastGCWorkers: 1.000, GCWorkers: 0.004
[61.384s][debug][gc,director    ] Rule: Allocation Rate (Dynamic GC Workers), MaxAllocRate: 215.5MB/s (+/-9.8%), Free: 1836MB, GCCPUTime: 0.035, GCDuration: 0.035s, TimeUntilOOM: 7.760s, TimeUntilGC: 7.625s, GCWorkers: 1 -> 1
[61.384s][debug][gc,director    ] Rule: High Usage, Free: 1836MB(89.6%)
[61.384s][debug][gc,director    ] Rule: Proactive, UsedUntilEnabled: 32MB, TimeUntilEnabled: 298.926s
[61.485s][debug][gc,alloc       ] Allocation Rate: 140.0MB/s, Predicted: 135.6MB/s, Avg: 161.0(+/-17.4)MB/s
[61.485s][debug][gc,director    ] Select GC Workers (Normal), AvoidLongGCWorkers: 0.003, AvoidOOMGCWorkers: 0.004, LastGCWorkers: 1.000, GCWorkers: 0.004
[61.485s][debug][gc,director    ] Rule: Allocation Rate (Dynamic GC Workers), MaxAllocRate: 218.2MB/s (+/-10.8%), Free: 1824MB, GCCPUTime: 0.035, GCDuration: 0.035s, TimeUntilOOM: 7.543s, TimeUntilGC: 7.408s, GCWorkers: 1 -> 1
[61.485s][debug][gc,director    ] Rule: High Usage, Free: 1824MB(89.1%)
[61.485s][debug][gc,director    ] Rule: Proactive, UsedUntilEnabled: 20MB, TimeUntilEnabled: 298.825s
[61.581s][debug][gc,alloc       ] Allocation Rate: 140.0MB/s, Predicted: 130.1MB/s, Avg: 157.8(+/-18.0)MB/s
[61.581s][debug][gc,director    ] Select GC Workers (Normal), AvoidLongGCWorkers: 0.003, AvoidOOMGCWorkers: 0.004, LastGCWorkers: 1.000, GCWorkers: 0.004
[61.581s][debug][gc,director    ] Rule: Allocation Rate (Dynamic GC Workers), MaxAllocRate: 217.1MB/s (+/-11.4%), Free: 1812MB, GCCPUTime: 0.035, GCDuration: 0.035s, TimeUntilOOM: 7.493s, TimeUntilGC: 7.358s, GCWorkers: 1 -> 1
[61.581s][debug][gc,director    ] Rule: High Usage, Free: 1812MB(88.5%)
[61.581s][debug][gc,director    ] Rule: Proactive, UsedUntilEnabled: 8MB, TimeUntilEnabled: 298.729s
[61.685s][debug][gc,alloc       ] Allocation Rate: 140.0MB/s, Predicted: 126.8MB/s, Avg: 154.6(+/-18.0)MB/s
[61.685s][debug][gc,director    ] Select GC Workers (Normal), AvoidLongGCWorkers: 0.003, AvoidOOMGCWorkers: 0.004, LastGCWorkers: 1.000, GCWorkers: 0.004
[61.685s][debug][gc,director    ] Rule: Allocation Rate (Dynamic GC Workers), MaxAllocRate: 214.0MB/s (+/-11.7%), Free: 1800MB, GCCPUTime: 0.035, GCDuration: 0.035s, TimeUntilOOM: 7.533s, TimeUntilGC: 7.398s, GCWorkers: 1 -> 1
[61.685s][debug][gc,director    ] Rule: High Usage, Free: 1800MB(87.9%)
[61.685s][debug][gc,director    ] Rule: Proactive, AcceptableGCInterval: 1.692s, TimeSinceLastGC: 1.375s, TimeUntilGC: 0.318s
[61.779s][debug][gc,alloc       ] Allocation Rate: 140.0MB/s, Predicted: 125.6MB/s, Avg: 151.4(+/-17.5)MB/s
[61.779s][debug][gc,director    ] Select GC Workers (Normal), AvoidLongGCWorkers: 0.003, AvoidOOMGCWorkers: 0.004, LastGCWorkers: 1.000, GCWorkers: 0.004
[61.779s][debug][gc,director    ] Rule: Allocation Rate (Dynamic GC Workers), MaxAllocRate: 209.0MB/s (+/-11.6%), Free: 1788MB, GCCPUTime: 0.035, GCDuration: 0.035s, TimeUntilOOM: 7.668s, TimeUntilGC: 7.534s, GCWorkers: 1 -> 1
[61.779s][debug][gc,director    ] Rule: High Usage, Free: 1788MB(87.3%)
[61.779s][debug][gc,director    ] Rule: Proactive, AcceptableGCInterval: 1.692s, TimeSinceLastGC: 1.469s, TimeUntilGC: 0.224s
[61.884s][debug][gc,alloc       ] Allocation Rate: 140.0MB/s, Predicted: 126.5MB/s, Avg: 148.2(+/-16.3)MB/s
[61.884s][debug][gc,director    ] Select GC Workers (Normal), AvoidLongGCWorkers: 0.003, AvoidOOMGCWorkers: 0.004, LastGCWorkers: 1.000, GCWorkers: 0.004
[61.884s][debug][gc,director    ] Rule: Allocation Rate (Dynamic GC Workers), MaxAllocRate: 201.9MB/s (+/-11.0%), Free: 1776MB, GCCPUTime: 0.035, GCDuration: 0.035s, TimeUntilOOM: 7.922s, TimeUntilGC: 7.787s, GCWorkers: 1 -> 1
[61.884s][debug][gc,director    ] Rule: High Usage, Free: 1776MB(86.7%)
[61.884s][debug][gc,director    ] Rule: Proactive, AcceptableGCInterval: 1.692s, TimeSinceLastGC: 1.574s, TimeUntilGC: 0.118s
[61.981s][debug][gc,alloc       ] Allocation Rate: 140.0MB/s, Predicted: 129.6MB/s, Avg: 145.0(+/-14.4)MB/s
[61.982s][debug][gc,director    ] Select GC Workers (Normal), AvoidLongGCWorkers: 0.003, AvoidOOMGCWorkers: 0.004, LastGCWorkers: 1.000, GCWorkers: 0.004
[61.982s][debug][gc,director    ] Rule: Allocation Rate (Dynamic GC Workers), MaxAllocRate: 192.3MB/s (+/-9.9%), Free: 1764MB, GCCPUTime: 0.035, GCDuration: 0.035s, TimeUntilOOM: 8.346s, TimeUntilGC: 8.211s, GCWorkers: 1 -> 1
[61.982s][debug][gc,director    ] Rule: High Usage, Free: 1764MB(86.1%)
[61.982s][debug][gc,director    ] Rule: Proactive, AcceptableGCInterval: 1.692s, TimeSinceLastGC: 1.671s, TimeUntilGC: 0.021s
[62.078s][debug][gc,alloc       ] Allocation Rate: 128.0MB/s, Predicted: 130.5MB/s, Avg: 140.4(+/-11.4)MB/s
[62.078s][debug][gc,director    ] Select GC Workers (Normal), AvoidLongGCWorkers: 0.003, AvoidOOMGCWorkers: 0.003, LastGCWorkers: 1.000, GCWorkers: 0.003
[62.078s][debug][gc,director    ] Rule: Allocation Rate (Dynamic GC Workers), MaxAllocRate: 178.0MB/s (+/-8.1%), Free: 1762MB, GCCPUTime: 0.035, GCDuration: 0.035s, TimeUntilOOM: 9.157s, TimeUntilGC: 9.023s, GCWorkers: 1 -> 1
[62.078s][debug][gc,director    ] Rule: High Usage, Free: 1762MB(86.0%)
[62.078s][debug][gc,director    ] Rule: Proactive, AcceptableGCInterval: 1.692s, TimeSinceLastGC: 1.768s, TimeUntilGC: -0.075s
[62.078s][debug][gc,heap        ] GC(24) Heap before GC invocations=24 (full 24):
[62.078s][debug][gc,heap        ] GC(24)  ZHeap           used 252M, capacity 686M, max capacity 2048M
[62.078s][debug][gc,heap        ] GC(24)  Metaspace       used 9088K, committed 9408K, reserved 1114112K
[62.078s][debug][gc,heap        ] GC(24)   class space    used 936K, committed 1088K, reserved 1048576K
[62.078s][info ][gc,start       ] GC(24) Garbage Collection (Proactive)
[62.078s][info ][gc,task        ] GC(24) Using 1 workers
[62.078s][debug][gc,phases,start] GC(24) Pause Mark Start
[62.078s][debug][gc,marking     ] GC(24) Using 1 mark stripes
[62.078s][debug][gc,marking     ] GC(24) Mark Worker/Stripe Distribution
[62.078s][debug][gc,marking     ] GC(24)   Worker 0(1) -> Stripe 0(1)
[62.078s][info ][gc,phases      ] GC(24) Pause Mark Start 0.041ms
[62.078s][debug][gc,phases,start] GC(24) Concurrent Mark
[62.078s][debug][gc,task        ] GC(24) Executing Task: ZMarkRootsTask, Active Workers: 1
[62.080s][debug][gc,tlab        ] GC(24) TLAB totals: thrds: 6  refills: 710 max: 705 slow allocs: 47 max 47 waste:  1.1% gc: 1171912B max: 262072B slow: 925296B max: 925296B
[62.080s][debug][gc,task        ] GC(24) Executing Task: ZMarkTask, Active Workers: 1
[62.091s][info ][gc,phases      ] GC(24) Concurrent Mark 13.057ms
[62.091s][debug][gc,phases,start] GC(24) Pause Mark End
[62.091s][info ][gc,phases      ] GC(24) Pause Mark End 0.023ms
[62.091s][debug][gc,phases,start] GC(24) Concurrent Mark Free
[62.091s][info ][gc,phases      ] GC(24) Concurrent Mark Free 0.011ms
[62.091s][debug][gc,phases,start] GC(24) Concurrent Process Non-Strong References
[62.091s][debug][gc,phases,start] GC(24) Concurrent References Process
[62.091s][debug][gc,task        ] GC(24) Executing Task: ZReferenceProcessorTask, Active Workers: 1
[62.092s][debug][gc,phases      ] GC(24) Concurrent References Process 0.096ms
[62.092s][debug][gc,task        ] GC(24) Executing Task: ZProcessWeakRootsTask, Active Workers: 1
[62.092s][debug][gc,phases,start] GC(24) Concurrent Classes Unlink
[62.092s][debug][gc,phases,start] GC(24) ClassLoaderData
[62.092s][debug][gc,phases      ] GC(24) ClassLoaderData 0.087ms
[62.092s][debug][gc,phases,start] GC(24) Trigger cleanups
[62.093s][debug][gc,phases      ] GC(24) Trigger cleanups 0.013ms
[62.093s][debug][gc,task        ] GC(24) Executing Task: ZNMethodUnlinkTask, Active Workers: 1
[62.096s][debug][gc,phases      ] GC(24) Concurrent Classes Unlink 3.601ms
[62.096s][debug][gc,phases,start] GC(24) Concurrent Classes Purge
[62.096s][debug][gc,task        ] GC(24) Executing Task: ZNMethodPurgeTask, Active Workers: 1
[62.096s][debug][gc,phases      ] GC(24) Concurrent Classes Purge 0.164ms
[62.096s][debug][gc,phases,start] GC(24) Concurrent References Enqueue
[62.096s][debug][gc,phases      ] GC(24) Concurrent References Enqueue 0.010ms
[62.096s][info ][gc,phases      ] GC(24) Concurrent Process Non-Strong References 4.726ms
[62.096s][debug][gc,phases,start] GC(24) Concurrent Reset Relocation Set
[62.096s][info ][gc,phases      ] GC(24) Concurrent Reset Relocation Set 0.007ms
[62.096s][debug][gc,phases,start] GC(24) Concurrent Select Relocation Set
[62.097s][debug][gc,task        ] GC(24) Executing Task: ZRelocationSetInstallTask, Active Workers: 1
[62.098s][info ][gc,phases      ] GC(24) Concurrent Select Relocation Set 1.306ms
[62.098s][debug][gc,phases,start] GC(24) Pause Relocate Start
[62.098s][info ][gc,phases      ] GC(24) Pause Relocate Start 0.036ms
[62.098s][debug][gc,phases,start] GC(24) Concurrent Relocate
[62.098s][debug][gc,task        ] GC(24) Executing Task: ZRelocateTask, Active Workers: 1
[62.099s][info ][gc,phases      ] GC(24) Concurrent Relocate 1.246ms
[62.099s][debug][gc,heap        ] GC(24) Heap after GC invocations=25 (full 25):
[62.099s][debug][gc,heap        ] GC(24)  ZHeap           used 50M, capacity 686M, max capacity 2048M
[62.099s][debug][gc,heap        ] GC(24)  Metaspace       used 9088K, committed 9408K, reserved 1114112K
[62.099s][debug][gc,heap        ] GC(24)   class space    used 936K, committed 1088K, reserved 1048576K
[62.099s][info ][gc,load        ] GC(24) Load: 3.34/3.15/2.73
[62.099s][info ][gc,mmu         ] GC(24) MMU: 2ms/86.2%, 5ms/94.5%, 10ms/97.2%, 20ms/98.6%, 50ms/99.2%, 100ms/99.5%
[62.099s][info ][gc,marking     ] GC(24) Mark: 1 stripe(s), 2 proactive flush(es), 1 terminate flush(es), 0 completion(s), 0 continuation(s) 
[62.099s][info ][gc,marking     ] GC(24) Mark Stack Usage: 32M
[62.099s][info ][gc,nmethod     ] GC(24) NMethods: 2890 registered, 0 unregistered
[62.099s][info ][gc,metaspace   ] GC(24) Metaspace: 8M used, 9M committed, 1088M reserved
[62.099s][info ][gc,ref         ] GC(24) Soft: 742 encountered, 0 discovered, 0 enqueued
[62.099s][info ][gc,ref         ] GC(24) Weak: 1293 encountered, 612 discovered, 0 enqueued
[62.099s][info ][gc,ref         ] GC(24) Final: 0 encountered, 0 discovered, 0 enqueued
[62.099s][info ][gc,ref         ] GC(24) Phantom: 15 encountered, 9 discovered, 0 enqueued
[62.099s][info ][gc,reloc       ] GC(24) Small Pages: 94 / 188M, Empty: 178M, Relocated: 1M, In-Place: 0
[62.099s][info ][gc,reloc       ] GC(24) Medium Pages: 2 / 64M, Empty: 64M, Relocated: 0M, In-Place: 0
[62.099s][info ][gc,reloc       ] GC(24) Large Pages: 0 / 0M, Empty: 0M, Relocated: 0M, In-Place: 0
[62.099s][info ][gc,reloc       ] GC(24) Forwarding Usage: 0M
[62.099s][info ][gc,heap        ] GC(24) Min Capacity: 8M(0%)
[62.099s][info ][gc,heap        ] GC(24) Max Capacity: 2048M(100%)
[62.099s][info ][gc,heap        ] GC(24) Soft Max Capacity: 2048M(100%)
[62.099s][info ][gc,heap        ] GC(24)                Mark Start          Mark End        Relocate Start      Relocate End           High               Low         
[62.099s][info ][gc,heap        ] GC(24)  Capacity:      686M (33%)         686M (33%)         686M (33%)         686M (33%)         686M (33%)         686M (33%)    
[62.099s][info ][gc,heap        ] GC(24)      Free:     1796M (88%)        1754M (86%)        1994M (97%)        1998M (98%)        1998M (98%)        1752M (86%)    
[62.099s][info ][gc,heap        ] GC(24)      Used:      252M (12%)         294M (14%)          54M (3%)           50M (2%)          296M (14%)          50M (2%)     
[62.099s][info ][gc,heap        ] GC(24)      Live:         -                 5M (0%)            5M (0%)            5M (0%)             -                  -          
[62.099s][info ][gc,heap        ] GC(24) Allocated:         -                42M (2%)           44M (2%)           44M (2%)             -                  -          
[62.099s][info ][gc,heap        ] GC(24)   Garbage:         -               246M (12%)           4M (0%)            0M (0%)             -                  -          
[62.099s][info ][gc,heap        ] GC(24) Reclaimed:         -                  -               242M (12%)         246M (12%)            -                  -          
[62.099s][info ][gc             ] GC(24) Garbage Collection (Proactive) 252M(12%)->50M(2%)
[62.184s][debug][gc,alloc       ] Allocation Rate: 162.0MB/s, Predicted: 147.6MB/s, Avg: 139.4(+/-8.7)MB/s
[62.185s][debug][gc,director    ] Select GC Workers (Normal), AvoidLongGCWorkers: 0.004, AvoidOOMGCWorkers: 0.003, LastGCWorkers: 1.000, GCWorkers: 0.004
[62.185s][debug][gc,director    ] Rule: Allocation Rate (Dynamic GC Workers), MaxAllocRate: 176.3MB/s (+/-6.3%), Free: 1964MB, GCCPUTime: 0.040, GCDuration: 0.040s, TimeUntilOOM: 10.485s, TimeUntilGC: 10.345s, GCWorkers: 1 -> 1
[62.185s][debug][gc,director    ] Rule: High Usage, Free: 1964MB(95.9%)
[62.185s][debug][gc,director    ] Rule: Proactive, UsedUntilEnabled: 204MB, TimeUntilEnabled: 299.914s
[62.282s][debug][gc,alloc       ] Allocation Rate: 172.0MB/s, Predicted: 158.1MB/s, Avg: 143.6(+/-12.5)MB/s
[62.282s][debug][gc,director    ] Select GC Workers (Normal), AvoidLongGCWorkers: 0.004, AvoidOOMGCWorkers: 0.004, LastGCWorkers: 1.000, GCWorkers: 0.004
[62.282s][debug][gc,director    ] Rule: Allocation Rate (Dynamic GC Workers), MaxAllocRate: 199.2MB/s (+/-8.7%), Free: 1952MB, GCCPUTime: 0.040, GCDuration: 0.040s, TimeUntilOOM: 9.015s, TimeUntilGC: 8.875s, GCWorkers: 1 -> 1
[62.282s][debug][gc,director    ] Rule: High Usage, Free: 1952MB(95.3%)
[62.282s][debug][gc,director    ] Rule: Proactive, UsedUntilEnabled: 192MB, TimeUntilEnabled: 299.817s
[62.383s][debug][gc,alloc       ] Allocation Rate: 142.0MB/s, Predicted: 154.9MB/s, Avg: 144.4(+/-12.1)MB/s
[62.383s][debug][gc,director    ] Select GC Workers (Normal), AvoidLongGCWorkers: 0.004, AvoidOOMGCWorkers: 0.004, LastGCWorkers: 1.000, GCWorkers: 0.004
[62.383s][debug][gc,director    ] Rule: Allocation Rate (Dynamic GC Workers), MaxAllocRate: 194.7MB/s (+/-8.4%), Free: 1940MB, GCCPUTime: 0.040, GCDuration: 0.040s, TimeUntilOOM: 9.193s, TimeUntilGC: 9.053s, GCWorkers: 1 -> 1
[62.383s][debug][gc,director    ] Rule: High Usage, Free: 1940MB(94.7%)
[62.383s][debug][gc,director    ] Rule: Proactive, UsedUntilEnabled: 180MB, TimeUntilEnabled: 299.716s
[62.484s][debug][gc,alloc       ] Allocation Rate: 142.0MB/s, Predicted: 152.8MB/s, Avg: 144.6(+/-12.0)MB/s
[62.485s][debug][gc,director    ] Select GC Workers (Normal), AvoidLongGCWorkers: 0.004, AvoidOOMGCWorkers: 0.004, LastGCWorkers: 1.000, GCWorkers: 0.004
[62.485s][debug][gc,director    ] Rule: Allocation Rate (Dynamic GC Workers), MaxAllocRate: 192.4MB/s (+/-8.3%), Free: 1928MB, GCCPUTime: 0.040, GCDuration: 0.040s, TimeUntilOOM: 9.251s, TimeUntilGC: 9.111s, GCWorkers: 1 -> 1
[62.485s][debug][gc,director    ] Rule: High Usage, Free: 1928MB(94.1%)
[62.485s][debug][gc,director    ] Rule: Proactive, UsedUntilEnabled: 168MB, TimeUntilEnabled: 299.614s
[62.584s][debug][gc,alloc       ] Allocation Rate: 142.0MB/s, Predicted: 150.5MB/s, Avg: 144.8(+/-12.0)MB/s
[62.584s][debug][gc,director    ] Select GC Workers (Normal), AvoidLongGCWorkers: 0.004, AvoidOOMGCWorkers: 0.004, LastGCWorkers: 1.000, GCWorkers: 0.004
[62.584s][debug][gc,director    ] Rule: Allocation Rate (Dynamic GC Workers), MaxAllocRate: 189.9MB/s (+/-8.3%), Free: 1916MB, GCCPUTime: 0.040, GCDuration: 0.040s, TimeUntilOOM: 9.317s, TimeUntilGC: 9.178s, GCWorkers: 1 -> 1
[62.584s][debug][gc,director    ] Rule: High Usage, Free: 1916MB(93.6%)
[62.584s][debug][gc,director    ] Rule: Proactive, UsedUntilEnabled: 156MB, TimeUntilEnabled: 299.515s
[62.684s][debug][gc,alloc       ] Allocation Rate: 142.0MB/s, Predicted: 148.1MB/s, Avg: 145.0(+/-11.9)MB/s
[62.684s][debug][gc,director    ] Select GC Workers (Normal), AvoidLongGCWorkers: 0.004, AvoidOOMGCWorkers: 0.004, LastGCWorkers: 1.000, GCWorkers: 0.004
[62.684s][debug][gc,director    ] Rule: Allocation Rate (Dynamic GC Workers), MaxAllocRate: 187.3MB/s (+/-8.2%), Free: 1904MB, GCCPUTime: 0.040, GCDuration: 0.040s, TimeUntilOOM: 9.393s, TimeUntilGC: 9.254s, GCWorkers: 1 -> 1
[62.684s][debug][gc,director    ] Rule: High Usage, Free: 1904MB(93.0%)
[62.684s][debug][gc,director    ] Rule: Proactive, UsedUntilEnabled: 144MB, TimeUntilEnabled: 299.414s
[62.780s][debug][gc,alloc       ] Allocation Rate: 142.0MB/s, Predicted: 145.6MB/s, Avg: 145.2(+/-11.8)MB/s
[62.780s][debug][gc,director    ] Select GC Workers (Normal), AvoidLongGCWorkers: 0.004, AvoidOOMGCWorkers: 0.004, LastGCWorkers: 1.000, GCWorkers: 0.004
[62.780s][debug][gc,director    ] Rule: Allocation Rate (Dynamic GC Workers), MaxAllocRate: 184.6MB/s (+/-8.2%), Free: 1892MB, GCCPUTime: 0.040, GCDuration: 0.040s, TimeUntilOOM: 9.479s, TimeUntilGC: 9.339s, GCWorkers: 1 -> 1
[62.780s][debug][gc,director    ] Rule: High Usage, Free: 1892MB(92.4%)
[62.780s][debug][gc,director    ] Rule: Proactive, UsedUntilEnabled: 132MB, TimeUntilEnabled: 299.319s
[62.878s][debug][gc,alloc       ] Allocation Rate: 132.0MB/s, Predicted: 138.9MB/s, Avg: 144.4(+/-12.4)MB/s
[62.878s][debug][gc,director    ] Select GC Workers (Normal), AvoidLongGCWorkers: 0.004, AvoidOOMGCWorkers: 0.004, LastGCWorkers: 1.000, GCWorkers: 0.004
[62.878s][debug][gc,director    ] Rule: Allocation Rate (Dynamic GC Workers), MaxAllocRate: 185.3MB/s (+/-8.6%), Free: 1890MB, GCCPUTime: 0.040, GCDuration: 0.040s, TimeUntilOOM: 9.394s, TimeUntilGC: 9.254s, GCWorkers: 1 -> 1
[62.878s][debug][gc,director    ] Rule: High Usage, Free: 1890MB(92.3%)
[62.878s][debug][gc,director    ] Rule: Proactive, UsedUntilEnabled: 130MB, TimeUntilEnabled: 299.221s
[62.977s][debug][gc,alloc       ] Allocation Rate: 130.0MB/s, Predicted: 132.0MB/s, Avg: 143.4(+/-13.1)MB/s
[62.977s][debug][gc,director    ] Select GC Workers (Normal), AvoidLongGCWorkers: 0.004, AvoidOOMGCWorkers: 0.004, LastGCWorkers: 1.000, GCWorkers: 0.004
[62.977s][debug][gc,director    ] Rule: Allocation Rate (Dynamic GC Workers), MaxAllocRate: 186.6MB/s (+/-9.1%), Free: 1880MB, GCCPUTime: 0.040, GCDuration: 0.040s, TimeUntilOOM: 9.233s, TimeUntilGC: 9.093s, GCWorkers: 1 -> 1
[62.977s][debug][gc,director    ] Rule: High Usage, Free: 1880MB(91.8%)
[62.977s][debug][gc,director    ] Rule: Proactive, UsedUntilEnabled: 120MB, TimeUntilEnabled: 299.122s
[63.078s][debug][gc,alloc       ] Allocation Rate: 174.0MB/s, Predicted: 140.1MB/s, Avg: 148.0(+/-14.9)MB/s
[63.078s][debug][gc,director    ] Select GC Workers (Normal), AvoidLongGCWorkers: 0.004, AvoidOOMGCWorkers: 0.004, LastGCWorkers: 1.000, GCWorkers: 0.004
[63.078s][debug][gc,director    ] Rule: Allocation Rate (Dynamic GC Workers), MaxAllocRate: 196.9MB/s (+/-10.0%), Free: 1834MB, GCCPUTime: 0.040, GCDuration: 0.040s, TimeUntilOOM: 8.465s, TimeUntilGC: 8.325s, GCWorkers: 1 -> 1
[63.078s][debug][gc,director    ] Rule: High Usage, Free: 1834MB(89.6%)
[63.078s][debug][gc,director    ] Rule: Proactive, UsedUntilEnabled: 74MB, TimeUntilEnabled: 299.021s
[63.180s][debug][gc,alloc       ] Allocation Rate: 142.0MB/s, Predicted: 141.5MB/s, Avg: 146.0(+/-14.2)MB/s
[63.180s][debug][gc,director    ] Select GC Workers (Normal), AvoidLongGCWorkers: 0.004, AvoidOOMGCWorkers: 0.004, LastGCWorkers: 1.000, GCWorkers: 0.004
[63.180s][debug][gc,director    ] Rule: Allocation Rate (Dynamic GC Workers), MaxAllocRate: 192.6MB/s (+/-9.7%), Free: 1822MB, GCCPUTime: 0.040, GCDuration: 0.040s, TimeUntilOOM: 8.622s, TimeUntilGC: 8.482s, GCWorkers: 1 -> 1
[63.180s][debug][gc,director    ] Rule: High Usage, Free: 1822MB(89.0%)
[63.180s][debug][gc,director    ] Rule: Proactive, UsedUntilEnabled: 62MB, TimeUntilEnabled: 298.919s
[63.278s][debug][gc,alloc       ] Allocation Rate: 142.0MB/s, Predicted: 146.8MB/s, Avg: 143.0(+/-11.2)MB/s
[63.278s][debug][gc,director    ] Select GC Workers (Normal), AvoidLongGCWorkers: 0.004, AvoidOOMGCWorkers: 0.004, LastGCWorkers: 1.000, GCWorkers: 0.004
[63.278s][debug][gc,director    ] Rule: Allocation Rate (Dynamic GC Workers), MaxAllocRate: 183.7MB/s (+/-7.8%), Free: 1810MB, GCCPUTime: 0.040, GCDuration: 0.040s, TimeUntilOOM: 9.136s, TimeUntilGC: 8.997s, GCWorkers: 1 -> 1
[63.278s][debug][gc,director    ] Rule: High Usage, Free: 1810MB(88.4%)
[63.278s][debug][gc,director    ] Rule: Proactive, UsedUntilEnabled: 50MB, TimeUntilEnabled: 298.821s
[63.378s][debug][gc,alloc       ] Allocation Rate: 142.0MB/s, Predicted: 146.1MB/s, Avg: 143.0(+/-11.2)MB/s
[63.379s][debug][gc,director    ] Select GC Workers (Normal), AvoidLongGCWorkers: 0.004, AvoidOOMGCWorkers: 0.004, LastGCWorkers: 1.000, GCWorkers: 0.004
[63.379s][debug][gc,director    ] Rule: Allocation Rate (Dynamic GC Workers), MaxAllocRate: 183.0MB/s (+/-7.8%), Free: 1798MB, GCCPUTime: 0.040, GCDuration: 0.040s, TimeUntilOOM: 9.109s, TimeUntilGC: 8.969s, GCWorkers: 1 -> 1
[63.379s][debug][gc,director    ] Rule: High Usage, Free: 1798MB(87.8%)
[63.379s][debug][gc,director    ] Rule: Proactive, UsedUntilEnabled: 38MB, TimeUntilEnabled: 298.720s
[63.480s][debug][gc,alloc       ] Allocation Rate: 142.0MB/s, Predicted: 145.5MB/s, Avg: 143.0(+/-11.2)MB/s
[63.480s][debug][gc,director    ] Select GC Workers (Normal), AvoidLongGCWorkers: 0.004, AvoidOOMGCWorkers: 0.004, LastGCWorkers: 1.000, GCWorkers: 0.004
[63.480s][debug][gc,director    ] Rule: Allocation Rate (Dynamic GC Workers), MaxAllocRate: 182.4MB/s (+/-7.8%), Free: 1786MB, GCCPUTime: 0.040, GCDuration: 0.040s, TimeUntilOOM: 9.081s, TimeUntilGC: 8.941s, GCWorkers: 1 -> 1
[63.480s][debug][gc,director    ] Rule: High Usage, Free: 1786MB(87.2%)
[63.480s][debug][gc,director    ] Rule: Proactive, UsedUntilEnabled: 26MB, TimeUntilEnabled: 298.619s
[63.578s][debug][gc,alloc       ] Allocation Rate: 142.0MB/s, Predicted: 144.8MB/s, Avg: 143.0(+/-11.2)MB/s
[63.578s][debug][gc,director    ] Select GC Workers (Normal), AvoidLongGCWorkers: 0.004, AvoidOOMGCWorkers: 0.004, LastGCWorkers: 1.000, GCWorkers: 0.004
[63.578s][debug][gc,director    ] Rule: Allocation Rate (Dynamic GC Workers), MaxAllocRate: 181.7MB/s (+/-7.8%), Free: 1774MB, GCCPUTime: 0.040, GCDuration: 0.040s, TimeUntilOOM: 9.053s, TimeUntilGC: 8.913s, GCWorkers: 1 -> 1
[63.578s][debug][gc,director    ] Rule: High Usage, Free: 1774MB(86.6%)
[63.578s][debug][gc,director    ] Rule: Proactive, UsedUntilEnabled: 14MB, TimeUntilEnabled: 298.521s
[63.682s][debug][gc,alloc       ] Allocation Rate: 142.0MB/s, Predicted: 144.1MB/s, Avg: 143.0(+/-11.2)MB/s
[63.682s][debug][gc,director    ] Select GC Workers (Normal), AvoidLongGCWorkers: 0.004, AvoidOOMGCWorkers: 0.004, LastGCWorkers: 1.000, GCWorkers: 0.004
[63.682s][debug][gc,director    ] Rule: Allocation Rate (Dynamic GC Workers), MaxAllocRate: 181.0MB/s (+/-7.8%), Free: 1762MB, GCCPUTime: 0.040, GCDuration: 0.040s, TimeUntilOOM: 9.025s, TimeUntilGC: 8.885s, GCWorkers: 1 -> 1
[63.682s][debug][gc,director    ] Rule: High Usage, Free: 1762MB(86.0%)
[63.682s][debug][gc,director    ] Rule: Proactive, UsedUntilEnabled: 2MB, TimeUntilEnabled: 298.417s
[63.783s][debug][gc,alloc       ] Allocation Rate: 142.0MB/s, Predicted: 143.5MB/s, Avg: 143.0(+/-11.2)MB/s
[63.783s][debug][gc,director    ] Select GC Workers (Normal), AvoidLongGCWorkers: 0.004, AvoidOOMGCWorkers: 0.004, LastGCWorkers: 1.000, GCWorkers: 0.004
[63.783s][debug][gc,director    ] Rule: Allocation Rate (Dynamic GC Workers), MaxAllocRate: 180.4MB/s (+/-7.8%), Free: 1750MB, GCCPUTime: 0.040, GCDuration: 0.040s, TimeUntilOOM: 8.996s, TimeUntilGC: 8.857s, GCWorkers: 1 -> 1
[63.783s][debug][gc,director    ] Rule: High Usage, Free: 1750MB(85.4%)
[63.783s][debug][gc,director    ] Rule: Proactive, AcceptableGCInterval: 1.938s, TimeSinceLastGC: 1.684s, TimeUntilGC: 0.254s
[63.879s][debug][gc,alloc       ] Allocation Rate: 182.0MB/s, Predicted: 156.1MB/s, Avg: 148.0(+/-15.5)MB/s
[63.879s][debug][gc,director    ] Select GC Workers (Normal), AvoidLongGCWorkers: 0.004, AvoidOOMGCWorkers: 0.005, LastGCWorkers: 1.000, GCWorkers: 0.005
[63.879s][debug][gc,director    ] Rule: Allocation Rate (Dynamic GC Workers), MaxAllocRate: 207.2MB/s (+/-10.5%), Free: 1708MB, GCCPUTime: 0.040, GCDuration: 0.040s, TimeUntilOOM: 7.461s, TimeUntilGC: 7.322s, GCWorkers: 1 -> 1
[63.879s][debug][gc,director    ] Rule: High Usage, Free: 1708MB(83.4%)
[63.879s][debug][gc,director    ] Rule: Proactive, AcceptableGCInterval: 1.938s, TimeSinceLastGC: 1.780s, TimeUntilGC: 0.158s
[63.978s][debug][gc,alloc       ] Allocation Rate: 172.0MB/s, Predicted: 160.9MB/s, Avg: 152.2(+/-15.8)MB/s
[63.978s][debug][gc,director    ] Select GC Workers (Normal), AvoidLongGCWorkers: 0.004, AvoidOOMGCWorkers: 0.005, LastGCWorkers: 1.000, GCWorkers: 0.005
[63.978s][debug][gc,director    ] Rule: Allocation Rate (Dynamic GC Workers), MaxAllocRate: 212.8MB/s (+/-10.4%), Free: 1708MB, GCCPUTime: 0.040, GCDuration: 0.040s, TimeUntilOOM: 7.274s, TimeUntilGC: 7.134s, GCWorkers: 1 -> 1
[63.978s][debug][gc,director    ] Rule: High Usage, Free: 1708MB(83.4%)
[63.978s][debug][gc,director    ] Rule: Proactive, AcceptableGCInterval: 1.938s, TimeSinceLastGC: 1.879s, TimeUntilGC: 0.059s
[64.080s][debug][gc,alloc       ] Allocation Rate: 138.0MB/s, Predicted: 161.1MB/s, Avg: 148.6(+/-14.4)MB/s
[64.080s][debug][gc,director    ] Select GC Workers (Normal), AvoidLongGCWorkers: 0.004, AvoidOOMGCWorkers: 0.005, LastGCWorkers: 1.000, GCWorkers: 0.005
[64.080s][debug][gc,director    ] Rule: Allocation Rate (Dynamic GC Workers), MaxAllocRate: 208.5MB/s (+/-9.7%), Free: 1696MB, GCCPUTime: 0.040, GCDuration: 0.040s, TimeUntilOOM: 7.414s, TimeUntilGC: 7.274s, GCWorkers: 1 -> 1
[64.080s][debug][gc,director    ] Rule: High Usage, Free: 1696MB(82.8%)
[64.080s][debug][gc,director    ] Rule: Proactive, AcceptableGCInterval: 1.938s, TimeSinceLastGC: 1.981s, TimeUntilGC: -0.043s
[64.081s][debug][gc,heap        ] GC(25) Heap before GC invocations=25 (full 25):
[64.081s][debug][gc,heap        ] GC(25)  ZHeap           used 318M, capacity 686M, max capacity 2048M
[64.081s][debug][gc,heap        ] GC(25)  Metaspace       used 9093K, committed 9408K, reserved 1114112K
[64.081s][debug][gc,heap        ] GC(25)   class space    used 936K, committed 1088K, reserved 1048576K
[64.082s][info ][gc,start       ] GC(25) Garbage Collection (Proactive)
[64.082s][info ][gc,task        ] GC(25) Using 1 workers
[64.086s][debug][gc,phases,start] GC(25) Pause Mark Start
[64.086s][debug][gc,marking     ] GC(25) Using 1 mark stripes
[64.086s][debug][gc,marking     ] GC(25) Mark Worker/Stripe Distribution
[64.086s][debug][gc,marking     ] GC(25)   Worker 0(1) -> Stripe 0(1)
[64.086s][info ][gc,phases      ] GC(25) Pause Mark Start 0.219ms
[64.087s][debug][gc,phases,start] GC(25) Concurrent Mark
[64.087s][debug][gc,task        ] GC(25) Executing Task: ZMarkRootsTask, Active Workers: 1
[64.089s][debug][gc,tlab        ] GC(25) TLAB totals: thrds: 5  refills: 850 max: 846 slow allocs: 56 max 56 waste:  0.9% gc: 903840B max: 261688B slow: 1131264B max: 1131264B
[64.089s][debug][gc,task        ] GC(25) Executing Task: ZMarkTask, Active Workers: 1
[64.107s][info ][gc,phases      ] GC(25) Concurrent Mark 19.997ms
[64.107s][debug][gc,phases,start] GC(25) Pause Mark End
[64.107s][info ][gc,phases      ] GC(25) Pause Mark End 0.073ms
[64.107s][debug][gc,phases,start] GC(25) Concurrent Mark Free
[64.107s][info ][gc,phases      ] GC(25) Concurrent Mark Free 0.035ms
[64.107s][debug][gc,phases,start] GC(25) Concurrent Process Non-Strong References
[64.107s][debug][gc,phases,start] GC(25) Concurrent References Process
[64.107s][debug][gc,task        ] GC(25) Executing Task: ZReferenceProcessorTask, Active Workers: 1
[64.107s][debug][gc,phases      ] GC(25) Concurrent References Process 0.112ms
[64.107s][debug][gc,task        ] GC(25) Executing Task: ZProcessWeakRootsTask, Active Workers: 1
[64.108s][debug][gc,phases,start] GC(25) Concurrent Classes Unlink
[64.108s][debug][gc,phases,start] GC(25) ClassLoaderData
[64.108s][debug][gc,phases      ] GC(25) ClassLoaderData 0.036ms
[64.108s][debug][gc,phases,start] GC(25) Trigger cleanups
[64.108s][debug][gc,phases      ] GC(25) Trigger cleanups 0.006ms
[64.108s][debug][gc,task        ] GC(25) Executing Task: ZNMethodUnlinkTask, Active Workers: 1
[64.112s][debug][gc,phases      ] GC(25) Concurrent Classes Unlink 3.844ms
[64.112s][debug][gc,phases,start] GC(25) Concurrent Classes Purge
[64.112s][debug][gc,task        ] GC(25) Executing Task: ZNMethodPurgeTask, Active Workers: 1
[64.112s][debug][gc,phases      ] GC(25) Concurrent Classes Purge 0.165ms
[64.112s][debug][gc,phases,start] GC(25) Concurrent References Enqueue
[64.112s][debug][gc,phases      ] GC(25) Concurrent References Enqueue 0.007ms
[64.112s][info ][gc,phases      ] GC(25) Concurrent Process Non-Strong References 4.947ms
[64.112s][debug][gc,phases,start] GC(25) Concurrent Reset Relocation Set
[64.112s][info ][gc,phases      ] GC(25) Concurrent Reset Relocation Set 0.009ms
[64.112s][debug][gc,phases,start] GC(25) Concurrent Select Relocation Set
[64.113s][debug][gc,task        ] GC(25) Executing Task: ZRelocationSetInstallTask, Active Workers: 1
[64.113s][info ][gc,phases      ] GC(25) Concurrent Select Relocation Set 1.340ms
[64.113s][debug][gc,phases,start] GC(25) Pause Relocate Start
[64.113s][info ][gc,phases      ] GC(25) Pause Relocate Start 0.020ms
[64.113s][debug][gc,phases,start] GC(25) Concurrent Relocate
[64.113s][debug][gc,task        ] GC(25) Executing Task: ZRelocateTask, Active Workers: 1
[64.115s][info ][gc,phases      ] GC(25) Concurrent Relocate 1.140ms
[64.115s][debug][gc,heap        ] GC(25) Heap after GC invocations=26 (full 26):
[64.115s][debug][gc,heap        ] GC(25)  ZHeap           used 50M, capacity 686M, max capacity 2048M
[64.115s][debug][gc,heap        ] GC(25)  Metaspace       used 9094K, committed 9408K, reserved 1114112K
[64.115s][debug][gc,heap        ] GC(25)   class space    used 936K, committed 1088K, reserved 1048576K
[64.115s][info ][gc,load        ] GC(25) Load: 3.34/3.15/2.73
[64.115s][info ][gc,mmu         ] GC(25) MMU: 2ms/86.2%, 5ms/94.5%, 10ms/97.2%, 20ms/98.6%, 50ms/99.2%, 100ms/99.5%
[64.115s][info ][gc,marking     ] GC(25) Mark: 1 stripe(s), 2 proactive flush(es), 1 terminate flush(es), 0 completion(s), 0 continuation(s) 
[64.115s][info ][gc,marking     ] GC(25) Mark Stack Usage: 32M
[64.115s][info ][gc,nmethod     ] GC(25) NMethods: 2904 registered, 0 unregistered
[64.115s][info ][gc,metaspace   ] GC(25) Metaspace: 8M used, 9M committed, 1088M reserved
[64.115s][info ][gc,ref         ] GC(25) Soft: 742 encountered, 0 discovered, 0 enqueued
[64.115s][info ][gc,ref         ] GC(25) Weak: 1293 encountered, 612 discovered, 0 enqueued
[64.115s][info ][gc,ref         ] GC(25) Final: 0 encountered, 0 discovered, 0 enqueued
[64.115s][info ][gc,ref         ] GC(25) Phantom: 15 encountered, 9 discovered, 0 enqueued
[64.115s][info ][gc,reloc       ] GC(25) Small Pages: 111 / 222M, Empty: 214M, Relocated: 1M, In-Place: 0
[64.115s][info ][gc,reloc       ] GC(25) Medium Pages: 3 / 96M, Empty: 96M, Relocated: 0M, In-Place: 0
[64.115s][info ][gc,reloc       ] GC(25) Large Pages: 0 / 0M, Empty: 0M, Relocated: 0M, In-Place: 0
[64.115s][info ][gc,reloc       ] GC(25) Forwarding Usage: 0M
[64.115s][info ][gc,heap        ] GC(25) Min Capacity: 8M(0%)
[64.115s][info ][gc,heap        ] GC(25) Max Capacity: 2048M(100%)
[64.115s][info ][gc,heap        ] GC(25) Soft Max Capacity: 2048M(100%)
[64.115s][info ][gc,heap        ] GC(25)                Mark Start          Mark End        Relocate Start      Relocate End           High               Low         
[64.115s][info ][gc,heap        ] GC(25)  Capacity:      686M (33%)         686M (33%)         686M (33%)         686M (33%)         686M (33%)         686M (33%)    
[64.115s][info ][gc,heap        ] GC(25)      Free:     1730M (84%)        1686M (82%)        1996M (97%)        1998M (98%)        1998M (98%)        1686M (82%)    
[64.115s][info ][gc,heap        ] GC(25)      Used:      318M (16%)         362M (18%)          52M (3%)           50M (2%)          362M (18%)          50M (2%)     
[64.115s][info ][gc,heap        ] GC(25)      Live:         -                 5M (0%)            5M (0%)            5M (0%)             -                  -          
[64.115s][info ][gc,heap        ] GC(25) Allocated:         -                44M (2%)           44M (2%)           44M (2%)             -                  -          
[64.115s][info ][gc,heap        ] GC(25)   Garbage:         -               312M (15%)           2M (0%)            0M (0%)             -                  -          
[64.115s][info ][gc,heap        ] GC(25) Reclaimed:         -                  -               310M (15%)         312M (15%)            -                  -          
[64.115s][info ][gc             ] GC(25) Garbage Collection (Proactive) 318M(16%)->50M(2%)
[64.179s][debug][gc,alloc       ] Allocation Rate: 170.0MB/s, Predicted: 167.9MB/s, Avg: 151.4(+/-15.5)MB/s
[64.180s][debug][gc,director    ] Select GC Workers (Normal), AvoidLongGCWorkers: 0.003, AvoidOOMGCWorkers: 0.004, LastGCWorkers: 1.000, GCWorkers: 0.004
[64.180s][debug][gc,director    ] Rule: Allocation Rate (Dynamic GC Workers), MaxAllocRate: 219.0MB/s (+/-10.3%), Free: 1964MB, GCCPUTime: 0.048, GCDuration: 0.048s, TimeUntilOOM: 8.132s, TimeUntilGC: 7.984s, GCWorkers: 1 -> 1
[64.180s][debug][gc,director    ] Rule: High Usage, Free: 1964MB(95.9%)
[64.180s][debug][gc,director    ] Rule: Proactive, UsedUntilEnabled: 204MB, TimeUntilEnabled: 299.935s
[64.279s][debug][gc,alloc       ] Allocation Rate: 170.0MB/s, Predicted: 172.8MB/s, Avg: 154.2(+/-16.1)MB/s
[64.279s][debug][gc,director    ] Select GC Workers (Normal), AvoidLongGCWorkers: 0.003, AvoidOOMGCWorkers: 0.004, LastGCWorkers: 1.000, GCWorkers: 0.004
[64.279s][debug][gc,director    ] Rule: Allocation Rate (Dynamic GC Workers), MaxAllocRate: 225.8MB/s (+/-10.4%), Free: 1952MB, GCCPUTime: 0.048, GCDuration: 0.048s, TimeUntilOOM: 7.827s, TimeUntilGC: 7.679s, GCWorkers: 1 -> 1
[64.279s][debug][gc,director    ] Rule: High Usage, Free: 1952MB(95.3%)
[64.279s][debug][gc,director    ] Rule: Proactive, UsedUntilEnabled: 192MB, TimeUntilEnabled: 299.835s
[64.378s][debug][gc,alloc       ] Allocation Rate: 170.0MB/s, Predicted: 175.9MB/s, Avg: 157.0(+/-16.2)MB/s
[64.378s][debug][gc,director    ] Select GC Workers (Normal), AvoidLongGCWorkers: 0.003, AvoidOOMGCWorkers: 0.004, LastGCWorkers: 1.000, GCWorkers: 0.004
[64.378s][debug][gc,director    ] Rule: Allocation Rate (Dynamic GC Workers), MaxAllocRate: 229.1MB/s (+/-10.3%), Free: 1940MB, GCCPUTime: 0.048, GCDuration: 0.048s, TimeUntilOOM: 7.676s, TimeUntilGC: 7.529s, GCWorkers: 1 -> 1
[64.378s][debug][gc,director    ] Rule: High Usage, Free: 1940MB(94.7%)
[64.378s][debug][gc,director    ] Rule: Proactive, UsedUntilEnabled: 180MB, TimeUntilEnabled: 299.736s
[64.480s][debug][gc,alloc       ] Allocation Rate: 170.0MB/s, Predicted: 177.1MB/s, Avg: 159.8(+/-15.8)MB/s
[64.480s][debug][gc,director    ] Select GC Workers (Normal), AvoidLongGCWorkers: 0.003, AvoidOOMGCWorkers: 0.004, LastGCWorkers: 1.000, GCWorkers: 0.004
[64.480s][debug][gc,director    ] Rule: Allocation Rate (Dynamic GC Workers), MaxAllocRate: 228.9MB/s (+/-9.9%), Free: 1928MB, GCCPUTime: 0.048, GCDuration: 0.048s, TimeUntilOOM: 7.666s, TimeUntilGC: 7.518s, GCWorkers: 1 -> 1
[64.480s][debug][gc,director    ] Rule: High Usage, Free: 1928MB(94.1%)
[64.480s][debug][gc,director    ] Rule: Proactive, UsedUntilEnabled: 168MB, TimeUntilEnabled: 299.635s
[64.581s][debug][gc,alloc       ] Allocation Rate: 170.0MB/s, Predicted: 176.4MB/s, Avg: 162.6(+/-14.8)MB/s
[64.581s][debug][gc,director    ] Select GC Workers (Normal), AvoidLongGCWorkers: 0.003, AvoidOOMGCWorkers: 0.004, LastGCWorkers: 1.000, GCWorkers: 0.004
[64.581s][debug][gc,director    ] Rule: Allocation Rate (Dynamic GC Workers), MaxAllocRate: 225.1MB/s (+/-9.1%), Free: 1916MB, GCCPUTime: 0.048, GCDuration: 0.048s, TimeUntilOOM: 7.801s, TimeUntilGC: 7.653s, GCWorkers: 1 -> 1
[64.581s][debug][gc,director    ] Rule: High Usage, Free: 1916MB(93.6%)
[64.581s][debug][gc,director    ] Rule: Proactive, UsedUntilEnabled: 156MB, TimeUntilEnabled: 299.533s
[64.684s][debug][gc,alloc       ] Allocation Rate: 170.0MB/s, Predicted: 173.9MB/s, Avg: 165.4(+/-13.2)MB/s
[64.684s][debug][gc,director    ] Select GC Workers (Normal), AvoidLongGCWorkers: 0.003, AvoidOOMGCWorkers: 0.004, LastGCWorkers: 1.000, GCWorkers: 0.004
[64.684s][debug][gc,director    ] Rule: Allocation Rate (Dynamic GC Workers), MaxAllocRate: 217.3MB/s (+/-8.0%), Free: 1904MB, GCCPUTime: 0.048, GCDuration: 0.048s, TimeUntilOOM: 8.113s, TimeUntilGC: 7.965s, GCWorkers: 1 -> 1
[64.684s][debug][gc,director    ] Rule: High Usage, Free: 1904MB(93.0%)
[64.684s][debug][gc,director    ] Rule: Proactive, UsedUntilEnabled: 144MB, TimeUntilEnabled: 299.430s
[64.781s][debug][gc,alloc       ] Allocation Rate: 170.0MB/s, Predicted: 169.5MB/s, Avg: 168.2(+/-10.7)MB/s
[64.781s][debug][gc,director    ] Select GC Workers (Normal), AvoidLongGCWorkers: 0.003, AvoidOOMGCWorkers: 0.004, LastGCWorkers: 1.000, GCWorkers: 0.004
[64.781s][debug][gc,director    ] Rule: Allocation Rate (Dynamic GC Workers), MaxAllocRate: 204.6MB/s (+/-6.3%), Free: 1892MB, GCCPUTime: 0.048, GCDuration: 0.048s, TimeUntilOOM: 8.696s, TimeUntilGC: 8.548s, GCWorkers: 1 -> 1
[64.782s][debug][gc,director    ] Rule: High Usage, Free: 1892MB(92.4%)
[64.782s][debug][gc,director    ] Rule: Proactive, UsedUntilEnabled: 132MB, TimeUntilEnabled: 299.333s
[64.880s][debug][gc,alloc       ] Allocation Rate: 138.0MB/s, Predicted: 161.1MB/s, Avg: 163.8(+/-12.9)MB/s
[64.880s][debug][gc,director    ] Select GC Workers (Normal), AvoidLongGCWorkers: 0.003, AvoidOOMGCWorkers: 0.004, LastGCWorkers: 1.000, GCWorkers: 0.004
[64.880s][debug][gc,director    ] Rule: Allocation Rate (Dynamic GC Workers), MaxAllocRate: 206.3MB/s (+/-7.9%), Free: 1882MB, GCCPUTime: 0.048, GCDuration: 0.048s, TimeUntilOOM: 8.456s, TimeUntilGC: 8.308s, GCWorkers: 1 -> 1
[64.880s][debug][gc,director    ] Rule: High Usage, Free: 1882MB(91.9%)
[64.880s][debug][gc,director    ] Rule: Proactive, UsedUntilEnabled: 122MB, TimeUntilEnabled: 299.234s
[64.983s][debug][gc,alloc       ] Allocation Rate: 140.0MB/s, Predicted: 153.7MB/s, Avg: 160.6(+/-14.4)MB/s
[64.984s][debug][gc,director    ] Select GC Workers (Normal), AvoidLongGCWorkers: 0.003, AvoidOOMGCWorkers: 0.004, LastGCWorkers: 1.000, GCWorkers: 0.004
[64.984s][debug][gc,director    ] Rule: Allocation Rate (Dynamic GC Workers), MaxAllocRate: 207.9MB/s (+/-8.9%), Free: 1880MB, GCCPUTime: 0.048, GCDuration: 0.048s, TimeUntilOOM: 8.301s, TimeUntilGC: 8.153s, GCWorkers: 1 -> 1
[64.984s][debug][gc,director    ] Rule: High Usage, Free: 1880MB(91.8%)
[64.984s][debug][gc,director    ] Rule: Proactive, UsedUntilEnabled: 120MB, TimeUntilEnabled: 299.131s
[65.077s][debug][gc,alloc       ] Allocation Rate: 174.0MB/s, Predicted: 153.1MB/s, Avg: 164.2(+/-12.7)MB/s
[65.077s][debug][gc,director    ] Select GC Workers (Normal), AvoidLongGCWorkers: 0.003, AvoidOOMGCWorkers: 0.004, LastGCWorkers: 1.000, GCWorkers: 0.004
[65.077s][debug][gc,director    ] Rule: Allocation Rate (Dynamic GC Workers), MaxAllocRate: 205.9MB/s (+/-7.7%), Free: 1834MB, GCCPUTime: 0.048, GCDuration: 0.048s, TimeUntilOOM: 8.271s, TimeUntilGC: 8.123s, GCWorkers: 1 -> 1
[65.077s][debug][gc,director    ] Rule: High Usage, Free: 1834MB(89.6%)
[65.077s][debug][gc,director    ] Rule: Proactive, UsedUntilEnabled: 74MB, TimeUntilEnabled: 299.037s
[65.180s][debug][gc,alloc       ] Allocation Rate: 142.0MB/s, Predicted: 145.7MB/s, Avg: 161.4(+/-14.1)MB/s
[65.180s][debug][gc,director    ] Select GC Workers (Normal), AvoidLongGCWorkers: 0.003, AvoidOOMGCWorkers: 0.004, LastGCWorkers: 1.000, GCWorkers: 0.004
[65.180s][debug][gc,director    ] Rule: Allocation Rate (Dynamic GC Workers), MaxAllocRate: 207.8MB/s (+/-8.7%), Free: 1822MB, GCCPUTime: 0.048, GCDuration: 0.048s, TimeUntilOOM: 8.066s, TimeUntilGC: 7.918s, GCWorkers: 1 -> 1
[65.180s][debug][gc,director    ] Rule: High Usage, Free: 1822MB(89.0%)
[65.180s][debug][gc,director    ] Rule: Proactive, UsedUntilEnabled: 62MB, TimeUntilEnabled: 298.935s
[65.281s][debug][gc,alloc       ] Allocation Rate: 142.0MB/s, Predicted: 140.3MB/s, Avg: 158.6(+/-14.9)MB/s
[65.281s][debug][gc,director    ] Select GC Workers (Normal), AvoidLongGCWorkers: 0.003, AvoidOOMGCWorkers: 0.004, LastGCWorkers: 1.000, GCWorkers: 0.004
[65.281s][debug][gc,director    ] Rule: Allocation Rate (Dynamic GC Workers), MaxAllocRate: 207.5MB/s (+/-9.4%), Free: 1810MB, GCCPUTime: 0.048, GCDuration: 0.048s, TimeUntilOOM: 7.976s, TimeUntilGC: 7.828s, GCWorkers: 1 -> 1
[65.281s][debug][gc,director    ] Rule: High Usage, Free: 1810MB(88.4%)
[65.281s][debug][gc,director    ] Rule: Proactive, UsedUntilEnabled: 50MB, TimeUntilEnabled: 298.834s
[65.379s][debug][gc,alloc       ] Allocation Rate: 142.0MB/s, Predicted: 136.7MB/s, Avg: 155.8(+/-15.1)MB/s
[65.379s][debug][gc,director    ] Select GC Workers (Normal), AvoidLongGCWorkers: 0.003, AvoidOOMGCWorkers: 0.004, LastGCWorkers: 1.000, GCWorkers: 0.004
[65.379s][debug][gc,director    ] Rule: Allocation Rate (Dynamic GC Workers), MaxAllocRate: 205.4MB/s (+/-9.7%), Free: 1798MB, GCCPUTime: 0.048, GCDuration: 0.048s, TimeUntilOOM: 7.979s, TimeUntilGC: 7.831s, GCWorkers: 1 -> 1
[65.379s][debug][gc,director    ] Rule: High Usage, Free: 1798MB(87.8%)
[65.379s][debug][gc,director    ] Rule: Proactive, UsedUntilEnabled: 38MB, TimeUntilEnabled: 298.736s
[65.484s][debug][gc,alloc       ] Allocation Rate: 142.0MB/s, Predicted: 134.9MB/s, Avg: 153.0(+/-14.8)MB/s
[65.485s][debug][gc,director    ] Select GC Workers (Normal), AvoidLongGCWorkers: 0.003, AvoidOOMGCWorkers: 0.004, LastGCWorkers: 1.000, GCWorkers: 0.004
[65.485s][debug][gc,director    ] Rule: Allocation Rate (Dynamic GC Workers), MaxAllocRate: 201.7MB/s (+/-9.7%), Free: 1786MB, GCCPUTime: 0.048, GCDuration: 0.048s, TimeUntilOOM: 8.076s, TimeUntilGC: 7.928s, GCWorkers: 1 -> 1
[65.485s][debug][gc,director    ] Rule: High Usage, Free: 1786MB(87.2%)
[65.485s][debug][gc,director    ] Rule: Proactive, UsedUntilEnabled: 26MB, TimeUntilEnabled: 298.630s
[65.584s][debug][gc,alloc       ] Allocation Rate: 142.0MB/s, Predicted: 135.1MB/s, Avg: 150.2(+/-13.9)MB/s
[65.584s][debug][gc,director    ] Select GC Workers (Normal), AvoidLongGCWorkers: 0.003, AvoidOOMGCWorkers: 0.004, LastGCWorkers: 1.000, GCWorkers: 0.004
[65.584s][debug][gc,director    ] Rule: Allocation Rate (Dynamic GC Workers), MaxAllocRate: 196.0MB/s (+/-9.3%), Free: 1774MB, GCCPUTime: 0.048, GCDuration: 0.048s, TimeUntilOOM: 8.282s, TimeUntilGC: 8.134s, GCWorkers: 1 -> 1
[65.584s][debug][gc,director    ] Rule: High Usage, Free: 1774MB(86.6%)
[65.585s][debug][gc,director    ] Rule: Proactive, UsedUntilEnabled: 14MB, TimeUntilEnabled: 298.530s
[65.685s][debug][gc,alloc       ] Allocation Rate: 142.0MB/s, Predicted: 137.1MB/s, Avg: 147.4(+/-12.4)MB/s
[65.685s][debug][gc,director    ] Select GC Workers (Normal), AvoidLongGCWorkers: 0.003, AvoidOOMGCWorkers: 0.004, LastGCWorkers: 1.000, GCWorkers: 0.004
[65.685s][debug][gc,director    ] Rule: Allocation Rate (Dynamic GC Workers), MaxAllocRate: 188.2MB/s (+/-8.4%), Free: 1762MB, GCCPUTime: 0.048, GCDuration: 0.048s, TimeUntilOOM: 8.637s, TimeUntilGC: 8.489s, GCWorkers: 1 -> 1
[65.685s][debug][gc,director    ] Rule: High Usage, Free: 1762MB(86.0%)
[65.685s][debug][gc,director    ] Rule: Proactive, UsedUntilEnabled: 2MB, TimeUntilEnabled: 298.430s
[65.784s][debug][gc,alloc       ] Allocation Rate: 142.0MB/s, Predicted: 140.9MB/s, Avg: 144.6(+/-9.9)MB/s
[65.784s][debug][gc,director    ] Select GC Workers (Normal), AvoidLongGCWorkers: 0.003, AvoidOOMGCWorkers: 0.004, LastGCWorkers: 1.000, GCWorkers: 0.004
[65.784s][debug][gc,director    ] Rule: Allocation Rate (Dynamic GC Workers), MaxAllocRate: 177.1MB/s (+/-6.8%), Free: 1750MB, GCCPUTime: 0.048, GCDuration: 0.048s, TimeUntilOOM: 9.249s, TimeUntilGC: 9.101s, GCWorkers: 1 -> 1
[65.784s][debug][gc,director    ] Rule: High Usage, Free: 1750MB(85.4%)
[65.784s][debug][gc,director    ] Rule: Proactive, AcceptableGCInterval: 2.349s, TimeSinceLastGC: 1.670s, TimeUntilGC: 0.680s
[65.880s][debug][gc,alloc       ] Allocation Rate: 140.0MB/s, Predicted: 137.3MB/s, Avg: 144.8(+/-9.8)MB/s
[65.880s][debug][gc,director    ] Select GC Workers (Normal), AvoidLongGCWorkers: 0.003, AvoidOOMGCWorkers: 0.004, LastGCWorkers: 1.000, GCWorkers: 0.004
[65.880s][debug][gc,director    ] Rule: Allocation Rate (Dynamic GC Workers), MaxAllocRate: 176.9MB/s (+/-6.7%), Free: 1742MB, GCCPUTime: 0.048, GCDuration: 0.048s, TimeUntilOOM: 9.224s, TimeUntilGC: 9.076s, GCWorkers: 1 -> 1
[65.880s][debug][gc,director    ] Rule: High Usage, Free: 1742MB(85.1%)
[65.880s][debug][gc,director    ] Rule: Proactive, AcceptableGCInterval: 2.349s, TimeSinceLastGC: 1.765s, TimeUntilGC: 0.584s
[65.980s][debug][gc,alloc       ] Allocation Rate: 172.0MB/s, Predicted: 146.9MB/s, Avg: 148.0(+/-12.5)MB/s
[65.980s][debug][gc,director    ] Select GC Workers (Normal), AvoidLongGCWorkers: 0.003, AvoidOOMGCWorkers: 0.004, LastGCWorkers: 1.000, GCWorkers: 0.004
[65.980s][debug][gc,director    ] Rule: Allocation Rate (Dynamic GC Workers), MaxAllocRate: 189.2MB/s (+/-8.5%), Free: 1708MB, GCCPUTime: 0.048, GCDuration: 0.048s, TimeUntilOOM: 8.323s, TimeUntilGC: 8.175s, GCWorkers: 1 -> 1
[65.980s][debug][gc,director    ] Rule: High Usage, Free: 1708MB(83.4%)
[65.980s][debug][gc,director    ] Rule: Proactive, AcceptableGCInterval: 2.349s, TimeSinceLastGC: 1.865s, TimeUntilGC: 0.484s
[66.077s][debug][gc,alloc       ] Allocation Rate: 138.0MB/s, Predicted: 149.9MB/s, Avg: 144.4(+/-9.3)MB/s
[66.077s][debug][gc,director    ] Select GC Workers (Normal), AvoidLongGCWorkers: 0.003, AvoidOOMGCWorkers: 0.004, LastGCWorkers: 1.000, GCWorkers: 0.004
[66.077s][debug][gc,director    ] Rule: Allocation Rate (Dynamic GC Workers), MaxAllocRate: 180.4MB/s (+/-6.4%), Free: 1696MB, GCCPUTime: 0.048, GCDuration: 0.048s, TimeUntilOOM: 8.832s, TimeUntilGC: 8.684s, GCWorkers: 1 -> 1
[66.077s][debug][gc,director    ] Rule: High Usage, Free: 1696MB(82.8%)
[66.077s][debug][gc,director    ] Rule: Proactive, AcceptableGCInterval: 2.349s, TimeSinceLastGC: 1.963s, TimeUntilGC: 0.387s
[66.179s][debug][gc,alloc       ] Allocation Rate: 138.0MB/s, Predicted: 146.7MB/s, Avg: 144.0(+/-9.5)MB/s
[66.179s][debug][gc,director    ] Select GC Workers (Normal), AvoidLongGCWorkers: 0.003, AvoidOOMGCWorkers: 0.004, LastGCWorkers: 1.000, GCWorkers: 0.004
[66.179s][debug][gc,director    ] Rule: Allocation Rate (Dynamic GC Workers), MaxAllocRate: 177.8MB/s (+/-6.6%), Free: 1684MB, GCCPUTime: 0.048, GCDuration: 0.048s, TimeUntilOOM: 8.886s, TimeUntilGC: 8.738s, GCWorkers: 1 -> 1
[66.179s][debug][gc,director    ] Rule: High Usage, Free: 1684MB(82.2%)
[66.179s][debug][gc,director    ] Rule: Proactive, AcceptableGCInterval: 2.349s, TimeSinceLastGC: 2.065s, TimeUntilGC: 0.285s
[66.281s][debug][gc,alloc       ] Allocation Rate: 138.0MB/s, Predicted: 143.7MB/s, Avg: 143.6(+/-9.6)MB/s
[66.281s][debug][gc,director    ] Select GC Workers (Normal), AvoidLongGCWorkers: 0.003, AvoidOOMGCWorkers: 0.004, LastGCWorkers: 1.000, GCWorkers: 0.004
[66.281s][debug][gc,director    ] Rule: Allocation Rate (Dynamic GC Workers), MaxAllocRate: 175.4MB/s (+/-6.7%), Free: 1672MB, GCCPUTime: 0.048, GCDuration: 0.048s, TimeUntilOOM: 8.933s, TimeUntilGC: 8.786s, GCWorkers: 1 -> 1
[66.281s][debug][gc,director    ] Rule: High Usage, Free: 1672MB(81.6%)
[66.281s][debug][gc,director    ] Rule: Proactive, AcceptableGCInterval: 2.349s, TimeSinceLastGC: 2.166s, TimeUntilGC: 0.183s
[66.382s][debug][gc,alloc       ] Allocation Rate: 138.0MB/s, Predicted: 141.1MB/s, Avg: 143.2(+/-9.8)MB/s
[66.382s][debug][gc,director    ] Select GC Workers (Normal), AvoidLongGCWorkers: 0.003, AvoidOOMGCWorkers: 0.004, LastGCWorkers: 1.000, GCWorkers: 0.004
[66.383s][debug][gc,director    ] Rule: Allocation Rate (Dynamic GC Workers), MaxAllocRate: 175.3MB/s (+/-6.8%), Free: 1660MB, GCCPUTime: 0.048, GCDuration: 0.048s, TimeUntilOOM: 8.863s, TimeUntilGC: 8.715s, GCWorkers: 1 -> 1
[66.383s][debug][gc,director    ] Rule: High Usage, Free: 1660MB(81.1%)
[66.383s][debug][gc,director    ] Rule: Proactive, AcceptableGCInterval: 2.349s, TimeSinceLastGC: 2.268s, TimeUntilGC: 0.081s
[66.483s][debug][gc,alloc       ] Allocation Rate: 138.0MB/s, Predicted: 138.7MB/s, Avg: 142.8(+/-9.9)MB/s
[66.483s][debug][gc,director    ] Select GC Workers (Normal), AvoidLongGCWorkers: 0.003, AvoidOOMGCWorkers: 0.004, LastGCWorkers: 1.000, GCWorkers: 0.004
[66.483s][debug][gc,director    ] Rule: Allocation Rate (Dynamic GC Workers), MaxAllocRate: 175.3MB/s (+/-6.9%), Free: 1648MB, GCCPUTime: 0.048, GCDuration: 0.048s, TimeUntilOOM: 8.791s, TimeUntilGC: 8.643s, GCWorkers: 1 -> 1
[66.483s][debug][gc,director    ] Rule: High Usage, Free: 1648MB(80.5%)
[66.483s][debug][gc,director    ] Rule: Proactive, AcceptableGCInterval: 2.349s, TimeSinceLastGC: 2.369s, TimeUntilGC: -0.019s
[66.483s][debug][gc,heap        ] GC(26) Heap before GC invocations=26 (full 26):
[66.483s][debug][gc,heap        ] GC(26)  ZHeap           used 366M, capacity 686M, max capacity 2048M
[66.483s][debug][gc,heap        ] GC(26)  Metaspace       used 9098K, committed 9408K, reserved 1114112K
[66.483s][debug][gc,heap        ] GC(26)   class space    used 936K, committed 1088K, reserved 1048576K
[66.484s][info ][gc,start       ] GC(26) Garbage Collection (Proactive)
[66.484s][info ][gc,task        ] GC(26) Using 1 workers
[66.484s][debug][gc,phases,start] GC(26) Pause Mark Start
[66.484s][debug][gc,marking     ] GC(26) Using 1 mark stripes
[66.484s][debug][gc,marking     ] GC(26) Mark Worker/Stripe Distribution
[66.484s][debug][gc,marking     ] GC(26)   Worker 0(1) -> Stripe 0(1)
[66.484s][info ][gc,phases      ] GC(26) Pause Mark Start 0.167ms
[66.484s][debug][gc,phases,start] GC(26) Concurrent Mark
[66.484s][debug][gc,task        ] GC(26) Executing Task: ZMarkRootsTask, Active Workers: 1
[66.488s][debug][gc,tlab        ] GC(26) TLAB totals: thrds: 5  refills: 1038 max: 1034 slow allocs: 68 max 68 waste:  0.8% gc: 893856B max: 262064B slow: 1405888B max: 1405888B
[66.488s][debug][gc,task        ] GC(26) Executing Task: ZMarkTask, Active Workers: 1
[66.506s][info ][gc,phases      ] GC(26) Concurrent Mark 21.689ms
[66.506s][debug][gc,phases,start] GC(26) Pause Mark End
[66.506s][info ][gc,phases      ] GC(26) Pause Mark End 0.033ms
[66.506s][debug][gc,phases,start] GC(26) Concurrent Mark Free
[66.506s][info ][gc,phases      ] GC(26) Concurrent Mark Free 0.014ms
[66.506s][debug][gc,phases,start] GC(26) Concurrent Process Non-Strong References
[66.506s][debug][gc,phases,start] GC(26) Concurrent References Process
[66.506s][debug][gc,task        ] GC(26) Executing Task: ZReferenceProcessorTask, Active Workers: 1
[66.506s][debug][gc,phases      ] GC(26) Concurrent References Process 0.096ms
[66.506s][debug][gc,task        ] GC(26) Executing Task: ZProcessWeakRootsTask, Active Workers: 1
[66.507s][debug][gc,phases,start] GC(26) Concurrent Classes Unlink
[66.507s][debug][gc,phases,start] GC(26) ClassLoaderData
[66.507s][debug][gc,phases      ] GC(26) ClassLoaderData 0.054ms
[66.507s][debug][gc,phases,start] GC(26) Trigger cleanups
[66.507s][debug][gc,phases      ] GC(26) Trigger cleanups 0.015ms
[66.507s][debug][gc,task        ] GC(26) Executing Task: ZNMethodUnlinkTask, Active Workers: 1
[66.512s][debug][gc,phases      ] GC(26) Concurrent Classes Unlink 5.237ms
[66.512s][debug][gc,phases,start] GC(26) Concurrent Classes Purge
[66.512s][debug][gc,task        ] GC(26) Executing Task: ZNMethodPurgeTask, Active Workers: 1
[66.512s][debug][gc,phases      ] GC(26) Concurrent Classes Purge 0.248ms
[66.512s][debug][gc,phases,start] GC(26) Concurrent References Enqueue
[66.512s][debug][gc,phases      ] GC(26) Concurrent References Enqueue 0.013ms
[66.512s][info ][gc,phases      ] GC(26) Concurrent Process Non-Strong References 6.411ms
[66.512s][debug][gc,phases,start] GC(26) Concurrent Reset Relocation Set
[66.512s][info ][gc,phases      ] GC(26) Concurrent Reset Relocation Set 0.044ms
[66.512s][debug][gc,phases,start] GC(26) Concurrent Select Relocation Set
[66.514s][debug][gc,task        ] GC(26) Executing Task: ZRelocationSetInstallTask, Active Workers: 1
[66.514s][info ][gc,phases      ] GC(26) Concurrent Select Relocation Set 1.888ms
[66.514s][debug][gc,phases,start] GC(26) Pause Relocate Start
[66.514s][info ][gc,phases      ] GC(26) Pause Relocate Start 0.037ms
[66.514s][debug][gc,phases,start] GC(26) Concurrent Relocate
[66.515s][debug][gc,task        ] GC(26) Executing Task: ZRelocateTask, Active Workers: 1
[66.516s][info ][gc,phases      ] GC(26) Concurrent Relocate 1.718ms
[66.516s][debug][gc,heap        ] GC(26) Heap after GC invocations=27 (full 27):
[66.516s][debug][gc,heap        ] GC(26)  ZHeap           used 6M, capacity 686M, max capacity 2048M
[66.516s][debug][gc,heap        ] GC(26)  Metaspace       used 9098K, committed 9408K, reserved 1114112K
[66.516s][debug][gc,heap        ] GC(26)   class space    used 936K, committed 1088K, reserved 1048576K
[66.516s][info ][gc,load        ] GC(26) Load: 3.23/3.13/2.73
[66.516s][info ][gc,mmu         ] GC(26) MMU: 2ms/86.2%, 5ms/94.5%, 10ms/97.2%, 20ms/98.6%, 50ms/99.2%, 100ms/99.5%
[66.516s][info ][gc,marking     ] GC(26) Mark: 1 stripe(s), 2 proactive flush(es), 1 terminate flush(es), 0 completion(s), 0 continuation(s) 
[66.516s][info ][gc,marking     ] GC(26) Mark Stack Usage: 32M
[66.516s][info ][gc,nmethod     ] GC(26) NMethods: 2912 registered, 0 unregistered
[66.516s][info ][gc,metaspace   ] GC(26) Metaspace: 8M used, 9M committed, 1088M reserved
[66.516s][info ][gc,ref         ] GC(26) Soft: 742 encountered, 0 discovered, 0 enqueued
[66.516s][info ][gc,ref         ] GC(26) Weak: 1293 encountered, 612 discovered, 0 enqueued
[66.516s][info ][gc,ref         ] GC(26) Final: 0 encountered, 0 discovered, 0 enqueued
[66.516s][info ][gc,ref         ] GC(26) Phantom: 15 encountered, 9 discovered, 0 enqueued
[66.516s][info ][gc,reloc       ] GC(26) Small Pages: 135 / 270M, Empty: 262M, Relocated: 1M, In-Place: 0
[66.516s][info ][gc,reloc       ] GC(26) Medium Pages: 3 / 96M, Empty: 96M, Relocated: 0M, In-Place: 0
[66.516s][info ][gc,reloc       ] GC(26) Large Pages: 0 / 0M, Empty: 0M, Relocated: 0M, In-Place: 0
[66.516s][info ][gc,reloc       ] GC(26) Forwarding Usage: 0M
[66.516s][info ][gc,heap        ] GC(26) Min Capacity: 8M(0%)
[66.516s][info ][gc,heap        ] GC(26) Max Capacity: 2048M(100%)
[66.516s][info ][gc,heap        ] GC(26) Soft Max Capacity: 2048M(100%)
[66.516s][info ][gc,heap        ] GC(26)                Mark Start          Mark End        Relocate Start      Relocate End           High               Low         
[66.517s][info ][gc,heap        ] GC(26)  Capacity:      686M (33%)         686M (33%)         686M (33%)         686M (33%)         686M (33%)         686M (33%)    
[66.517s][info ][gc,heap        ] GC(26)      Free:     1682M (82%)        1682M (82%)        2040M (100%)       2042M (100%)       2042M (100%)       1682M (82%)    
[66.517s][info ][gc,heap        ] GC(26)      Used:      366M (18%)         366M (18%)           8M (0%)            6M (0%)          366M (18%)           6M (0%)     
[66.517s][info ][gc,heap        ] GC(26)      Live:         -                 5M (0%)            5M (0%)            5M (0%)             -                  -          
[66.517s][info ][gc,heap        ] GC(26) Allocated:         -                 0M (0%)            0M (0%)            0M (0%)             -                  -          
[66.517s][info ][gc,heap        ] GC(26)   Garbage:         -               360M (18%)           2M (0%)            0M (0%)             -                  -          
[66.517s][info ][gc,heap        ] GC(26) Reclaimed:         -                  -               358M (17%)         360M (18%)            -                  -          
[66.517s][info ][gc             ] GC(26) Garbage Collection (Proactive) 366M(18%)->6M(0%)
[66.578s][debug][gc,alloc       ] Allocation Rate: 170.0MB/s, Predicted: 149.3MB/s, Avg: 145.6(+/-12.8)MB/s
[66.578s][debug][gc,director    ] Select GC Workers (Normal), AvoidLongGCWorkers: 0.004, AvoidOOMGCWorkers: 0.004, LastGCWorkers: 1.000, GCWorkers: 0.004
[66.579s][debug][gc,director    ] Rule: Allocation Rate (Dynamic GC Workers), MaxAllocRate: 191.5MB/s (+/-8.8%), Free: 1964MB, GCCPUTime: 0.047, GCDuration: 0.047s, TimeUntilOOM: 9.429s, TimeUntilGC: 9.283s, GCWorkers: 1 -> 1
[66.579s][debug][gc,director    ] Rule: High Usage, Free: 1964MB(95.9%)
[66.579s][debug][gc,director    ] Rule: Proactive, UsedUntilEnabled: 160MB, TimeUntilEnabled: 299.938s
[66.682s][debug][gc,alloc       ] Allocation Rate: 170.0MB/s, Predicted: 158.1MB/s, Avg: 148.4(+/-14.6)MB/s
[66.682s][debug][gc,director    ] Select GC Workers (Normal), AvoidLongGCWorkers: 0.004, AvoidOOMGCWorkers: 0.004, LastGCWorkers: 1.000, GCWorkers: 0.004
[66.682s][debug][gc,director    ] Rule: Allocation Rate (Dynamic GC Workers), MaxAllocRate: 206.3MB/s (+/-9.9%), Free: 1952MB, GCCPUTime: 0.047, GCDuration: 0.047s, TimeUntilOOM: 8.613s, TimeUntilGC: 8.466s, GCWorkers: 1 -> 1
[66.682s][debug][gc,director    ] Rule: High Usage, Free: 1952MB(95.3%)
[66.682s][debug][gc,director    ] Rule: Proactive, UsedUntilEnabled: 148MB, TimeUntilEnabled: 299.834s
[66.778s][debug][gc,alloc       ] Allocation Rate: 164.0MB/s, Predicted: 162.7MB/s, Avg: 150.6(+/-15.2)MB/s
[66.778s][debug][gc,director    ] Select GC Workers (Normal), AvoidLongGCWorkers: 0.004, AvoidOOMGCWorkers: 0.004, LastGCWorkers: 1.000, GCWorkers: 0.004
[66.778s][debug][gc,director    ] Rule: Allocation Rate (Dynamic GC Workers), MaxAllocRate: 212.5MB/s (+/-10.1%), Free: 1946MB, GCCPUTime: 0.047, GCDuration: 0.047s, TimeUntilOOM: 8.319s, TimeUntilGC: 8.172s, GCWorkers: 1 -> 1
[66.778s][debug][gc,director    ] Rule: High Usage, Free: 1946MB(95.0%)
[66.778s][debug][gc,director    ] Rule: Proactive, UsedUntilEnabled: 142MB, TimeUntilEnabled: 299.738s
[66.884s][debug][gc,alloc       ] Allocation Rate: 162.0MB/s, Predicted: 164.4MB/s, Avg: 152.8(+/-15.1)MB/s
[66.885s][debug][gc,director    ] Select GC Workers (Normal), AvoidLongGCWorkers: 0.004, AvoidOOMGCWorkers: 0.004, LastGCWorkers: 1.000, GCWorkers: 0.004
[66.885s][debug][gc,director    ] Rule: Allocation Rate (Dynamic GC Workers), MaxAllocRate: 213.9MB/s (+/-9.9%), Free: 1940MB, GCCPUTime: 0.047, GCDuration: 0.047s, TimeUntilOOM: 8.255s, TimeUntilGC: 8.108s, GCWorkers: 1 -> 1
[66.885s][debug][gc,director    ] Rule: High Usage, Free: 1940MB(94.7%)
[66.885s][debug][gc,director    ] Rule: Proactive, UsedUntilEnabled: 136MB, TimeUntilEnabled: 299.632s
[66.985s][debug][gc,alloc       ] Allocation Rate: 140.0MB/s, Predicted: 164.4MB/s, Avg: 149.6(+/-14.0)MB/s
[66.985s][debug][gc,director    ] Select GC Workers (Normal), AvoidLongGCWorkers: 0.004, AvoidOOMGCWorkers: 0.004, LastGCWorkers: 1.000, GCWorkers: 0.004
[66.985s][debug][gc,director    ] Rule: Allocation Rate (Dynamic GC Workers), MaxAllocRate: 210.4MB/s (+/-9.4%), Free: 1928MB, GCCPUTime: 0.047, GCDuration: 0.047s, TimeUntilOOM: 8.378s, TimeUntilGC: 8.231s, GCWorkers: 1 -> 1
[66.985s][debug][gc,director    ] Rule: High Usage, Free: 1928MB(94.1%)
[66.985s][debug][gc,director    ] Rule: Proactive, UsedUntilEnabled: 124MB, TimeUntilEnabled: 299.531s
[67.077s][debug][gc,alloc       ] Allocation Rate: 144.0MB/s, Predicted: 159.1MB/s, Avg: 150.2(+/-13.6)MB/s
[67.077s][debug][gc,director    ] Select GC Workers (Normal), AvoidLongGCWorkers: 0.004, AvoidOOMGCWorkers: 0.004, LastGCWorkers: 1.000, GCWorkers: 0.004
[67.078s][debug][gc,director    ] Rule: Allocation Rate (Dynamic GC Workers), MaxAllocRate: 203.8MB/s (+/-9.1%), Free: 1912MB, GCCPUTime: 0.047, GCDuration: 0.047s, TimeUntilOOM: 8.601s, TimeUntilGC: 8.454s, GCWorkers: 1 -> 1
[67.078s][debug][gc,director    ] Rule: High Usage, Free: 1912MB(93.4%)
[67.078s][debug][gc,director    ] Rule: Proactive, UsedUntilEnabled: 108MB, TimeUntilEnabled: 299.439s
[67.178s][debug][gc,alloc       ] Allocation Rate: 144.0MB/s, Predicted: 153.3MB/s, Avg: 150.8(+/-13.2)MB/s
[67.178s][debug][gc,director    ] Select GC Workers (Normal), AvoidLongGCWorkers: 0.004, AvoidOOMGCWorkers: 0.004, LastGCWorkers: 1.000, GCWorkers: 0.004
[67.178s][debug][gc,director    ] Rule: Allocation Rate (Dynamic GC Workers), MaxAllocRate: 196.7MB/s (+/-8.7%), Free: 1900MB, GCCPUTime: 0.047, GCDuration: 0.047s, TimeUntilOOM: 8.883s, TimeUntilGC: 8.736s, GCWorkers: 1 -> 1
[67.178s][debug][gc,director    ] Rule: High Usage, Free: 1900MB(92.8%)
[67.178s][debug][gc,director    ] Rule: Proactive, UsedUntilEnabled: 96MB, TimeUntilEnabled: 299.338s
[67.279s][debug][gc,alloc       ] Allocation Rate: 144.0MB/s, Predicted: 147.2MB/s, Avg: 151.4(+/-12.7)MB/s
[67.279s][debug][gc,director    ] Select GC Workers (Normal), AvoidLongGCWorkers: 0.004, AvoidOOMGCWorkers: 0.004, LastGCWorkers: 1.000, GCWorkers: 0.004
[67.279s][debug][gc,director    ] Rule: Allocation Rate (Dynamic GC Workers), MaxAllocRate: 193.2MB/s (+/-8.4%), Free: 1888MB, GCCPUTime: 0.047, GCDuration: 0.047s, TimeUntilOOM: 9.014s, TimeUntilGC: 8.867s, GCWorkers: 1 -> 1
[67.279s][debug][gc,director    ] Rule: High Usage, Free: 1888MB(92.2%)
[67.279s][debug][gc,director    ] Rule: Proactive, UsedUntilEnabled: 84MB, TimeUntilEnabled: 299.237s
[67.384s][debug][gc,alloc       ] Allocation Rate: 144.0MB/s, Predicted: 140.7MB/s, Avg: 152.0(+/-12.2)MB/s
[67.384s][debug][gc,director    ] Select GC Workers (Normal), AvoidLongGCWorkers: 0.004, AvoidOOMGCWorkers: 0.004, LastGCWorkers: 1.000, GCWorkers: 0.004
[67.384s][debug][gc,director    ] Rule: Allocation Rate (Dynamic GC Workers), MaxAllocRate: 192.1MB/s (+/-8.0%), Free: 1876MB, GCCPUTime: 0.047, GCDuration: 0.047s, TimeUntilOOM: 9.038s, TimeUntilGC: 8.891s, GCWorkers: 1 -> 1
[67.384s][debug][gc,director    ] Rule: High Usage, Free: 1876MB(91.6%)
[67.385s][debug][gc,director    ] Rule: Proactive, UsedUntilEnabled: 72MB, TimeUntilEnabled: 299.132s
[67.482s][debug][gc,alloc       ] Allocation Rate: 176.0MB/s, Predicted: 146.5MB/s, Avg: 155.8(+/-13.1)MB/s
[67.483s][debug][gc,director    ] Select GC Workers (Normal), AvoidLongGCWorkers: 0.004, AvoidOOMGCWorkers: 0.004, LastGCWorkers: 1.000, GCWorkers: 0.004
[67.483s][debug][gc,director    ] Rule: Allocation Rate (Dynamic GC Workers), MaxAllocRate: 199.0MB/s (+/-8.4%), Free: 1832MB, GCCPUTime: 0.047, GCDuration: 0.047s, TimeUntilOOM: 8.491s, TimeUntilGC: 8.344s, GCWorkers: 1 -> 1
[67.483s][debug][gc,director    ] Rule: High Usage, Free: 1832MB(89.5%)
[67.483s][debug][gc,director    ] Rule: Proactive, UsedUntilEnabled: 28MB, TimeUntilEnabled: 299.033s
[67.562s][info ][gc,heap,exit   ] Heap
[67.562s][info ][gc,heap,exit   ]  ZHeap           used 194M, capacity 686M, max capacity 2048M
[67.562s][info ][gc,heap,exit   ]  Metaspace       used 9102K, committed 9408K, reserved 1114112K
[67.562s][info ][gc,heap,exit   ]   class space    used 936K, committed 1088K, reserved 1048576K
